TLC2 Version 2026.09.23.154203 (rev: 4260e47)
Running breadth-first search Model-Checking with fp 84 and seed -6641081035824789730 with 4 workers on 96 cores with 3925MB heap and 12288MB offheap memory [pid: 59331] (Linux 6.8.0-1044-azure amd64, Ubuntu 21.0.11 64bit, OffHeapDiskFPSet, DiskStateQueue).
Parsing file /home/ubuntu/specula-nvflare-gpt-continuation-20260926/framework/runs/gpt-continuation/nvflare-job/.specula-output/spec/output/continuation-H4-probe_cant_schedule/MC.tla
Parsing file /home/ubuntu/specula-nvflare-gpt-continuation-20260926/framework/runs/gpt-continuation/nvflare-job/.specula-output/spec/output/continuation-H4-probe_cant_schedule/base.tla
Parsing file /tmp/tlc-14333644665779928541/_JsonTrace.tla (jar:file:/home/ubuntu/specula-nvflare-gpt-continuation-20260926/framework/lib/tla2tools.jar!/tla2sany/StandardModules/_JsonTrace.tla)
Parsing file /tmp/tlc-14333644665779928541/_TLCTrace.tla (jar:file:/home/ubuntu/specula-nvflare-gpt-continuation-20260926/framework/lib/tla2tools.jar!/tla2sany/StandardModules/_TLCTrace.tla)
Parsing file /tmp/tlc-14333644665779928541/Integers.tla (jar:file:/home/ubuntu/specula-nvflare-gpt-continuation-20260926/framework/lib/tla2tools.jar!/tla2sany/StandardModules/Integers.tla)
Parsing file /tmp/tlc-14333644665779928541/Sequences.tla (jar:file:/home/ubuntu/specula-nvflare-gpt-continuation-20260926/framework/lib/tla2tools.jar!/tla2sany/StandardModules/Sequences.tla)
Parsing file /tmp/tlc-14333644665779928541/FiniteSets.tla (jar:file:/home/ubuntu/specula-nvflare-gpt-continuation-20260926/framework/lib/tla2tools.jar!/tla2sany/StandardModules/FiniteSets.tla)
Parsing file /tmp/tlc-14333644665779928541/TLC.tla (jar:file:/home/ubuntu/specula-nvflare-gpt-continuation-20260926/framework/lib/tla2tools.jar!/tla2sany/StandardModules/TLC.tla)
Parsing file /tmp/tlc-14333644665779928541/Naturals.tla (jar:file:/home/ubuntu/specula-nvflare-gpt-continuation-20260926/framework/lib/tla2tools.jar!/tla2sany/StandardModules/Naturals.tla)
Parsing file /tmp/tlc-14333644665779928541/TLCExt.tla (jar:file:/home/ubuntu/specula-nvflare-gpt-continuation-20260926/framework/lib/tla2tools.jar!/tla2sany/StandardModules/TLCExt.tla)
Parsing file /tmp/tlc-14333644665779928541/Json.tla (jar:file:/home/ubuntu/specula-nvflare-gpt-continuation-20260926/framework/lib/tla2tools.jar!/tla2sany/StandardModules/Json.tla)
Semantic processing of module Naturals
Semantic processing of module Integers
Semantic processing of module Sequences
Semantic processing of module FiniteSets
Semantic processing of module TLC
Semantic processing of module base
Semantic processing of module TLCExt
Semantic processing of module Json
Semantic processing of module _JsonTrace
Semantic processing of module _TLCTrace
Semantic processing of module MC
Linting of module base
Linting of module TLCExt
Linting of module Json
Linting of module _JsonTrace
Linting of module _TLCTrace
Linting of module MC
Starting... (2026-09-26 17:29:23)
Warning: The set p@@q has been defined to be a symmetry set but contains less than two elements.
(Use the -nowarning option to disable this warning.)
Computing initial states...
Finished computing initial states: 1 distinct state generated at 2026-09-26 17:29:24.
Progress(25) at 2026-09-26 17:29:27: 158,979 states generated (158,979 s/min), 43,950 distinct states found (43,950 ds/min), 15,456 states left on queue.
Progress(33) at 2026-09-26 17:30:27: 4,359,065 states generated (4,200,086 s/min), 1,108,324 distinct states found (1,064,374 ds/min), 456,507 states left on queue.
Progress(34) at 2026-09-26 17:31:27: 8,810,477 states generated (4,451,412 s/min), 2,187,306 distinct states found (1,078,982 ds/min), 935,340 states left on queue.
Progress(35) at 2026-09-26 17:32:27: 13,266,706 states generated (4,456,229 s/min), 3,272,450 distinct states found (1,085,144 ds/min), 1,410,983 states left on queue.
Progress(35) at 2026-09-26 17:33:27: 17,952,077 states generated (4,685,371 s/min), 4,355,555 distinct states found (1,083,105 ds/min), 1,916,174 states left on queue.
Progress(36) at 2026-09-26 17:34:27: 22,327,354 states generated (4,375,277 s/min), 5,441,271 distinct states found (1,085,716 ds/min), 2,394,549 states left on queue.
Progress(36) at 2026-09-26 17:35:27: 27,057,296 states generated (4,729,942 s/min), 6,533,797 distinct states found (1,092,526 ds/min), 2,914,167 states left on queue.
Progress(36) at 2026-09-26 17:36:27: 32,110,762 states generated (5,053,466 s/min), 7,609,220 distinct states found (1,075,423 ds/min), 3,436,234 states left on queue.
Progress(37) at 2026-09-26 17:37:27: 36,466,925 states generated (4,356,163 s/min), 8,724,357 distinct states found (1,115,137 ds/min), 3,935,473 states left on queue.
Progress(37) at 2026-09-26 17:38:27: 41,039,745 states generated (4,572,820 s/min), 9,819,771 distinct states found (1,095,414 ds/min), 4,437,531 states left on queue.
Checkpointing of run /home/ubuntu/specula-nvflare-gpt-continuation-20260926/framework/runs/gpt-continuation/nvflare-job/.specula-output/.tlc-state/tlc-states-bj2JaI/26-09-26-17-29-22.868
Checkpointing completed at (2026-09-26 17:39:27)
Progress(37) at 2026-09-26 17:39:27: 45,853,558 states generated (4,813,813 s/min), 10,897,974 distinct states found (1,078,203 ds/min), 4,948,605 states left on queue.
Progress(37) at 2026-09-26 17:40:27: 50,654,063 states generated (4,800,505 s/min), 11,976,159 distinct states found (1,078,185 ds/min), 5,461,020 states left on queue.
Progress(37) at 2026-09-26 17:41:27: 55,616,261 states generated (4,962,198 s/min), 13,032,432 distinct states found (1,056,273 ds/min), 5,969,602 states left on queue.
Progress(37) at 2026-09-26 17:42:27: 60,805,287 states generated (5,189,026 s/min), 14,059,282 distinct states found (1,026,850 ds/min), 6,458,184 states left on queue.
Progress(37) at 2026-09-26 17:43:27: 65,307,018 states generated (4,501,731 s/min), 15,171,045 distinct states found (1,111,763 ds/min), 6,967,594 states left on queue.
Progress(38) at 2026-09-26 17:44:27: 69,684,090 states generated (4,377,072 s/min), 16,296,412 distinct states found (1,125,367 ds/min), 7,487,600 states left on queue.
Progress(38) at 2026-09-26 17:45:27: 74,317,463 states generated (4,633,373 s/min), 17,398,312 distinct states found (1,101,900 ds/min), 8,000,721 states left on queue.
Progress(38) at 2026-09-26 17:46:27: 79,115,249 states generated (4,797,786 s/min), 18,444,934 distinct states found (1,046,622 ds/min), 8,469,362 states left on queue.
Progress(38) at 2026-09-26 17:47:27: 84,110,947 states generated (4,995,698 s/min), 19,534,899 distinct states found (1,089,965 ds/min), 8,997,314 states left on queue.
Progress(38) at 2026-09-26 17:48:27: 89,145,004 states generated (5,034,057 s/min), 20,583,455 distinct states found (1,048,556 ds/min), 9,473,452 states left on queue.
Checkpointing of run /home/ubuntu/specula-nvflare-gpt-continuation-20260926/framework/runs/gpt-continuation/nvflare-job/.specula-output/.tlc-state/tlc-states-bj2JaI/26-09-26-17-29-22.868
Checkpointing completed at (2026-09-26 17:49:27)
Progress(38) at 2026-09-26 17:49:27: 94,094,761 states generated (4,949,757 s/min), 21,684,956 distinct states found (1,101,501 ds/min), 9,993,656 states left on queue.
Progress(38) at 2026-09-26 17:50:27: 99,079,852 states generated (4,985,091 s/min), 22,752,711 distinct states found (1,067,755 ds/min), 10,498,451 states left on queue.
Progress(38) at 2026-09-26 17:51:27: 104,222,813 states generated (5,142,961 s/min), 23,794,071 distinct states found (1,041,360 ds/min), 10,988,469 states left on queue.
Progress(38) at 2026-09-26 17:52:27: 109,432,723 states generated (5,209,910 s/min), 24,809,591 distinct states found (1,015,520 ds/min), 11,452,045 states left on queue.
Progress(38) at 2026-09-26 17:53:27: 114,955,611 states generated (5,522,888 s/min), 25,846,186 distinct states found (1,036,595 ds/min), 11,954,058 states left on queue.
Progress(38) at 2026-09-26 17:54:27: 119,595,878 states generated (4,640,267 s/min), 26,945,348 distinct states found (1,099,162 ds/min), 12,449,848 states left on queue.
Progress(38) at 2026-09-26 17:55:27: 124,292,813 states generated (4,696,935 s/min), 28,060,698 distinct states found (1,115,350 ds/min), 12,969,949 states left on queue.
Progress(38) at 2026-09-26 17:56:27: 128,954,388 states generated (4,661,575 s/min), 29,197,649 distinct states found (1,136,951 ds/min), 13,503,427 states left on queue.
Progress(39) at 2026-09-26 17:57:27: 133,496,738 states generated (4,542,350 s/min), 30,312,976 distinct states found (1,115,327 ds/min), 14,007,614 states left on queue.
Progress(39) at 2026-09-26 17:58:27: 138,212,975 states generated (4,716,237 s/min), 31,413,140 distinct states found (1,100,164 ds/min), 14,510,129 states left on queue.
