TLC2 Version 2026.09.23.154203 (rev: 4260e47)
Warning: Please run the Java VM, which executes TLC with a throughput optimized garbage collector, by passing the "-XX:+UseParallelGC" property.
(Use the -nowarning option to disable this warning.)
Running breadth-first search Model-Checking with fp 2 and seed -1614848183840352303 with 6 workers on 16 cores with 12288MB heap and 64MB offheap memory [pid: 3824825] (Linux 6.8.0-1044-azure amd64, Ubuntu 21.0.11 64bit, MSBDiskFPSet, DiskStateQueue).
Parsing file /home/experiment/runs/specula/nvflare-lite-full-opus55-20260925/lite/source/.specula-lite/job-lifecycle-20260925/models/resources/MC.tla
Parsing file /home/experiment/runs/specula/nvflare-lite-full-opus55-20260925/lite/source/.specula-lite/job-lifecycle-20260925/models/resources/base.tla
Parsing file /tmp/tlc-11735110768526489043/_JsonTrace.tla (jar:file:/home/experiment/.cache/specula-lite/tla2tools-1.8.0.jar!/tla2sany/StandardModules/_JsonTrace.tla)
Parsing file /tmp/tlc-11735110768526489043/_TLCTrace.tla (jar:file:/home/experiment/.cache/specula-lite/tla2tools-1.8.0.jar!/tla2sany/StandardModules/_TLCTrace.tla)
Parsing file /tmp/tlc-11735110768526489043/Naturals.tla (jar:file:/home/experiment/.cache/specula-lite/tla2tools-1.8.0.jar!/tla2sany/StandardModules/Naturals.tla)
Parsing file /tmp/tlc-11735110768526489043/FiniteSets.tla (jar:file:/home/experiment/.cache/specula-lite/tla2tools-1.8.0.jar!/tla2sany/StandardModules/FiniteSets.tla)
Parsing file /tmp/tlc-11735110768526489043/TLC.tla (jar:file:/home/experiment/.cache/specula-lite/tla2tools-1.8.0.jar!/tla2sany/StandardModules/TLC.tla)
Parsing file /tmp/tlc-11735110768526489043/Sequences.tla (jar:file:/home/experiment/.cache/specula-lite/tla2tools-1.8.0.jar!/tla2sany/StandardModules/Sequences.tla)
Parsing file /tmp/tlc-11735110768526489043/TLCExt.tla (jar:file:/home/experiment/.cache/specula-lite/tla2tools-1.8.0.jar!/tla2sany/StandardModules/TLCExt.tla)
Parsing file /tmp/tlc-11735110768526489043/Json.tla (jar:file:/home/experiment/.cache/specula-lite/tla2tools-1.8.0.jar!/tla2sany/StandardModules/Json.tla)
Parsing file /tmp/tlc-11735110768526489043/Integers.tla (jar:file:/home/experiment/.cache/specula-lite/tla2tools-1.8.0.jar!/tla2sany/StandardModules/Integers.tla)
Semantic processing of module Naturals
Semantic processing of module Sequences
Semantic processing of module FiniteSets
Semantic processing of module TLC
Semantic processing of module base
Semantic processing of module Integers
Semantic processing of module TLCExt
Semantic processing of module Json
Semantic processing of module _JsonTrace
Semantic processing of module _TLCTrace
Semantic processing of module MC
Linting of module base
Linting of module TLCExt
Linting of module Json
Linting of module _JsonTrace
Linting of module _TLCTrace
Linting of module MC
Starting... (2026-09-25 06:04:36)
Computing initial states...
Finished computing initial states: 1 distinct state generated at 2026-09-25 06:04:36.
Error: Invariant ReservationTracked is violated.
Error: The behavior up to this point is:
State 1: <Initial predicate>
/\ attempts = (j1 :> 0 @@ j2 :> 0)
/\ alloc = (<<c1, j1>> :> 0 @@ <<c1, j2>> :> 0 @@ <<c2, j1>> :> 0 @@ <<c2, j2>> :> 0)
/\ cj = ( <<c1, j1>> :> "none" @@
  <<c1, j2>> :> "none" @@
  <<c2, j1>> :> "none" @@
  <<c2, j2>> :> "none" )
/\ scheduled = {}
/\ resv = (c1 :> {} @@ c2 :> {})
/\ free = (c1 :> 1 @@ c2 :> 1)
/\ srvRun = {}
/\ stRep = ( <<c1, j1>> :> "none" @@
  <<c1, j2>> :> "none" @@
  <<c2, j1>> :> "none" @@
  <<c2, j2>> :> "none" )
/\ stReq = (c1 :> {} @@ c2 :> {})
/\ rn = [job |-> NoJob, att |-> 1, pc |-> "idle", ok |-> {}, dep |-> {}]
/\ rejLeak = FALSE
/\ sh = ( <<c1, j1>> :> "none" @@
  <<c1, j2>> :> "none" @@
  <<c2, j1>> :> "none" @@
  <<c2, j2>> :> "none" )
/\ abortReq = (c1 :> {} @@ c2 :> {})
/\ jobState = (j1 :> "queued" @@ j2 :> "queued")
/\ deployed = ( <<c1, j1>> :> FALSE @@
  <<c1, j2>> :> FALSE @@
  <<c2, j1>> :> FALSE @@
  <<c2, j2>> :> FALSE )
/\ chkRep = ( <<c1, <<j1, 1>>>> :> "none" @@
  <<c1, <<j1, 2>>>> :> "none" @@
  <<c1, <<j2, 1>>>> :> "none" @@
  <<c1, <<j2, 2>>>> :> "none" @@
  <<c2, <<j1, 1>>>> :> "none" @@
  <<c2, <<j1, 2>>>> :> "none" @@
  <<c2, <<j2, 1>>>> :> "none" @@
  <<c2, <<j2, 2>>>> :> "none" )
/\ cancelReq = (c1 :> {} @@ c2 :> {})
/\ chkReq = (c1 :> {} @@ c2 :> {})
/\ shAbort = ( <<c1, j1>> :> FALSE @@
  <<c1, j2>> :> FALSE @@
  <<c2, j1>> :> FALSE @@
  <<c2, j2>> :> FALSE )
/\ shTok = ( <<c1, j1>> :> <<NoJob, 1>> @@
  <<c1, j2>> :> <<NoJob, 1>> @@
  <<c2, j1>> :> <<NoJob, 1>> @@
  <<c2, j2>> :> <<NoJob, 1>> )
/\ flt = [ct |-> 0, sk |-> 0, df |-> 0, sl |-> 0, st |-> 0, ex |-> 0, lf |-> 0]

State 2: <W_RunnerSendCheck line 22, col 22 to line 22, col 44 of module MC>
/\ attempts = (j1 :> 1 @@ j2 :> 0)
/\ alloc = (<<c1, j1>> :> 0 @@ <<c1, j2>> :> 0 @@ <<c2, j1>> :> 0 @@ <<c2, j2>> :> 0)
/\ cj = ( <<c1, j1>> :> "none" @@
  <<c1, j2>> :> "none" @@
  <<c2, j1>> :> "none" @@
  <<c2, j2>> :> "none" )
/\ scheduled = {}
/\ resv = (c1 :> {} @@ c2 :> {})
/\ free = (c1 :> 1 @@ c2 :> 1)
/\ srvRun = {}
/\ stRep = ( <<c1, j1>> :> "none" @@
  <<c1, j2>> :> "none" @@
  <<c2, j1>> :> "none" @@
  <<c2, j2>> :> "none" )
/\ stReq = (c1 :> {} @@ c2 :> {})
/\ rn = [job |-> j1, att |-> 1, pc |-> "chkWait", ok |-> {}, dep |-> {}]
/\ rejLeak = FALSE
/\ sh = ( <<c1, j1>> :> "none" @@
  <<c1, j2>> :> "none" @@
  <<c2, j1>> :> "none" @@
  <<c2, j2>> :> "none" )
/\ abortReq = (c1 :> {} @@ c2 :> {})
/\ jobState = (j1 :> "queued" @@ j2 :> "queued")
/\ deployed = ( <<c1, j1>> :> FALSE @@
  <<c1, j2>> :> FALSE @@
  <<c2, j1>> :> FALSE @@
  <<c2, j2>> :> FALSE )
/\ chkRep = ( <<c1, <<j1, 1>>>> :> "none" @@
  <<c1, <<j1, 2>>>> :> "none" @@
  <<c1, <<j2, 1>>>> :> "none" @@
  <<c1, <<j2, 2>>>> :> "none" @@
  <<c2, <<j1, 1>>>> :> "none" @@
  <<c2, <<j1, 2>>>> :> "none" @@
  <<c2, <<j2, 1>>>> :> "none" @@
  <<c2, <<j2, 2>>>> :> "none" )
/\ cancelReq = (c1 :> {} @@ c2 :> {})
/\ chkReq = (c1 :> {<<j1, 1>>} @@ c2 :> {<<j1, 1>>})
/\ shAbort = ( <<c1, j1>> :> FALSE @@
  <<c1, j2>> :> FALSE @@
  <<c2, j1>> :> FALSE @@
  <<c2, j2>> :> FALSE )
/\ shTok = ( <<c1, j1>> :> <<NoJob, 1>> @@
  <<c1, j2>> :> <<NoJob, 1>> @@
  <<c2, j1>> :> <<NoJob, 1>> @@
  <<c2, j2>> :> <<NoJob, 1>> )
/\ flt = [ct |-> 0, sk |-> 0, df |-> 0, sl |-> 0, st |-> 0, ex |-> 0, lf |-> 0]

State 3: <F_RunnerCollectCheckTimeout line 24, col 32 to line 24, col 97 of module MC>
/\ attempts = (j1 :> 1 @@ j2 :> 0)
/\ alloc = (<<c1, j1>> :> 0 @@ <<c1, j2>> :> 0 @@ <<c2, j1>> :> 0 @@ <<c2, j2>> :> 0)
/\ cj = ( <<c1, j1>> :> "none" @@
  <<c1, j2>> :> "none" @@
  <<c2, j1>> :> "none" @@
  <<c2, j2>> :> "none" )
/\ scheduled = {}
/\ resv = (c1 :> {} @@ c2 :> {})
/\ free = (c1 :> 1 @@ c2 :> 1)
/\ srvRun = {}
/\ stRep = ( <<c1, j1>> :> "none" @@
  <<c1, j2>> :> "none" @@
  <<c2, j1>> :> "none" @@
  <<c2, j2>> :> "none" )
/\ stReq = (c1 :> {} @@ c2 :> {})
/\ rn = [job |-> j1, att |-> 1, pc |-> "idle", ok |-> {}, dep |-> {}]
/\ rejLeak = FALSE
/\ sh = ( <<c1, j1>> :> "none" @@
  <<c1, j2>> :> "none" @@
  <<c2, j1>> :> "none" @@
  <<c2, j2>> :> "none" )
/\ abortReq = (c1 :> {} @@ c2 :> {})
/\ jobState = (j1 :> "queued" @@ j2 :> "queued")
/\ deployed = ( <<c1, j1>> :> FALSE @@
  <<c1, j2>> :> FALSE @@
  <<c2, j1>> :> FALSE @@
  <<c2, j2>> :> FALSE )
/\ chkRep = ( <<c1, <<j1, 1>>>> :> "none" @@
  <<c1, <<j1, 2>>>> :> "none" @@
  <<c1, <<j2, 1>>>> :> "none" @@
  <<c1, <<j2, 2>>>> :> "none" @@
  <<c2, <<j1, 1>>>> :> "none" @@
  <<c2, <<j1, 2>>>> :> "none" @@
  <<c2, <<j2, 1>>>> :> "none" @@
  <<c2, <<j2, 2>>>> :> "none" )
/\ cancelReq = (c1 :> {} @@ c2 :> {})
/\ chkReq = (c1 :> {<<j1, 1>>} @@ c2 :> {<<j1, 1>>})
/\ shAbort = ( <<c1, j1>> :> FALSE @@
  <<c1, j2>> :> FALSE @@
  <<c2, j1>> :> FALSE @@
  <<c2, j2>> :> FALSE )
/\ shTok = ( <<c1, j1>> :> <<NoJob, 1>> @@
  <<c1, j2>> :> <<NoJob, 1>> @@
  <<c2, j1>> :> <<NoJob, 1>> @@
  <<c2, j2>> :> <<NoJob, 1>> )
/\ flt = [ct |-> 1, sk |-> 0, df |-> 0, sl |-> 0, st |-> 0, ex |-> 0, lf |-> 0]

State 4: <W_RunnerSendCheck line 22, col 22 to line 22, col 44 of module MC>
/\ attempts = (j1 :> 2 @@ j2 :> 0)
/\ alloc = (<<c1, j1>> :> 0 @@ <<c1, j2>> :> 0 @@ <<c2, j1>> :> 0 @@ <<c2, j2>> :> 0)
/\ cj = ( <<c1, j1>> :> "none" @@
  <<c1, j2>> :> "none" @@
  <<c2, j1>> :> "none" @@
  <<c2, j2>> :> "none" )
/\ scheduled = {}
/\ resv = (c1 :> {} @@ c2 :> {})
/\ free = (c1 :> 1 @@ c2 :> 1)
/\ srvRun = {}
/\ stRep = ( <<c1, j1>> :> "none" @@
  <<c1, j2>> :> "none" @@
  <<c2, j1>> :> "none" @@
  <<c2, j2>> :> "none" )
/\ stReq = (c1 :> {} @@ c2 :> {})
/\ rn = [job |-> j1, att |-> 2, pc |-> "chkWait", ok |-> {}, dep |-> {}]
/\ rejLeak = FALSE
/\ sh = ( <<c1, j1>> :> "none" @@
  <<c1, j2>> :> "none" @@
  <<c2, j1>> :> "none" @@
  <<c2, j2>> :> "none" )
/\ abortReq = (c1 :> {} @@ c2 :> {})
/\ jobState = (j1 :> "queued" @@ j2 :> "queued")
/\ deployed = ( <<c1, j1>> :> FALSE @@
  <<c1, j2>> :> FALSE @@
  <<c2, j1>> :> FALSE @@
  <<c2, j2>> :> FALSE )
/\ chkRep = ( <<c1, <<j1, 1>>>> :> "none" @@
  <<c1, <<j1, 2>>>> :> "none" @@
  <<c1, <<j2, 1>>>> :> "none" @@
  <<c1, <<j2, 2>>>> :> "none" @@
  <<c2, <<j1, 1>>>> :> "none" @@
  <<c2, <<j1, 2>>>> :> "none" @@
  <<c2, <<j2, 1>>>> :> "none" @@
  <<c2, <<j2, 2>>>> :> "none" )
/\ cancelReq = (c1 :> {} @@ c2 :> {})
/\ chkReq = (c1 :> {<<j1, 1>>, <<j1, 2>>} @@ c2 :> {<<j1, 1>>, <<j1, 2>>})
/\ shAbort = ( <<c1, j1>> :> FALSE @@
  <<c1, j2>> :> FALSE @@
  <<c2, j1>> :> FALSE @@
  <<c2, j2>> :> FALSE )
/\ shTok = ( <<c1, j1>> :> <<NoJob, 1>> @@
  <<c1, j2>> :> <<NoJob, 1>> @@
  <<c2, j1>> :> <<NoJob, 1>> @@
  <<c2, j2>> :> <<NoJob, 1>> )
/\ flt = [ct |-> 1, sk |-> 0, df |-> 0, sl |-> 0, st |-> 0, ex |-> 0, lf |-> 0]

State 5: <W_ClientCheck(c1,<<j1, 1>>) line 37, col 24 to line 37, col 48 of module MC>
/\ attempts = (j1 :> 2 @@ j2 :> 0)
/\ alloc = (<<c1, j1>> :> 0 @@ <<c1, j2>> :> 0 @@ <<c2, j1>> :> 0 @@ <<c2, j2>> :> 0)
/\ cj = ( <<c1, j1>> :> "none" @@
  <<c1, j2>> :> "none" @@
  <<c2, j1>> :> "none" @@
  <<c2, j2>> :> "none" )
/\ scheduled = {}
/\ resv = (c1 :> {<<j1, 1>>} @@ c2 :> {})
/\ free = (c1 :> 0 @@ c2 :> 1)
/\ srvRun = {}
/\ stRep = ( <<c1, j1>> :> "none" @@
  <<c1, j2>> :> "none" @@
  <<c2, j1>> :> "none" @@
  <<c2, j2>> :> "none" )
/\ stReq = (c1 :> {} @@ c2 :> {})
/\ rn = [job |-> j1, att |-> 2, pc |-> "chkWait", ok |-> {}, dep |-> {}]
/\ rejLeak = FALSE
/\ sh = ( <<c1, j1>> :> "none" @@
  <<c1, j2>> :> "none" @@
  <<c2, j1>> :> "none" @@
  <<c2, j2>> :> "none" )
/\ abortReq = (c1 :> {} @@ c2 :> {})
/\ jobState = (j1 :> "queued" @@ j2 :> "queued")
/\ deployed = ( <<c1, j1>> :> FALSE @@
  <<c1, j2>> :> FALSE @@
  <<c2, j1>> :> FALSE @@
  <<c2, j2>> :> FALSE )
/\ chkRep = ( <<c1, <<j1, 1>>>> :> "ok" @@
  <<c1, <<j1, 2>>>> :> "none" @@
  <<c1, <<j2, 1>>>> :> "none" @@
  <<c1, <<j2, 2>>>> :> "none" @@
  <<c2, <<j1, 1>>>> :> "none" @@
  <<c2, <<j1, 2>>>> :> "none" @@
  <<c2, <<j2, 1>>>> :> "none" @@
  <<c2, <<j2, 2>>>> :> "none" )
/\ cancelReq = (c1 :> {} @@ c2 :> {})
/\ chkReq = (c1 :> {<<j1, 2>>} @@ c2 :> {<<j1, 1>>, <<j1, 2>>})
/\ shAbort = ( <<c1, j1>> :> FALSE @@
  <<c1, j2>> :> FALSE @@
  <<c2, j1>> :> FALSE @@
  <<c2, j2>> :> FALSE )
/\ shTok = ( <<c1, j1>> :> <<NoJob, 1>> @@
  <<c1, j2>> :> <<NoJob, 1>> @@
  <<c2, j1>> :> <<NoJob, 1>> @@
  <<c2, j2>> :> <<NoJob, 1>> )
/\ flt = [ct |-> 1, sk |-> 0, df |-> 0, sl |-> 0, st |-> 0, ex |-> 0, lf |-> 0]

"CounterExample written: /home/experiment/runs/specula/nvflare-lite-full-opus55-20260925/lite/source/.specula-lite/job-lifecycle-20260925/models/resources/output/hunt_ReservationTracked_1.log.trace.json"
25 states generated, 23 distinct states found, 6 states left on queue.
The depth of the complete state graph search is 5.
Finished in 00s at (2026-09-25 06:04:36)
Trace exploration spec path: ./MC_TTrace_1790316275.tla
