TLC2 Version 2026.09.23.154203 (rev: 4260e47)
Warning: Please run the Java VM, which executes TLC with a throughput optimized garbage collector, by passing the "-XX:+UseParallelGC" property.
(Use the -nowarning option to disable this warning.)
Running breadth-first search Model-Checking with fp 101 and seed -5006364994643423434 with 6 workers on 16 cores with 12288MB heap and 64MB offheap memory [pid: 3825469] (Linux 6.8.0-1044-azure amd64, Ubuntu 21.0.11 64bit, MSBDiskFPSet, DiskStateQueue).
Parsing file /home/experiment/runs/specula/nvflare-lite-full-opus55-20260925/lite/source/.specula-lite/job-lifecycle-20260925/models/resources/MC.tla
Parsing file /home/experiment/runs/specula/nvflare-lite-full-opus55-20260925/lite/source/.specula-lite/job-lifecycle-20260925/models/resources/base.tla
Parsing file /tmp/tlc-2117820124153118385/_JsonTrace.tla (jar:file:/home/experiment/.cache/specula-lite/tla2tools-1.8.0.jar!/tla2sany/StandardModules/_JsonTrace.tla)
Parsing file /tmp/tlc-2117820124153118385/_TLCTrace.tla (jar:file:/home/experiment/.cache/specula-lite/tla2tools-1.8.0.jar!/tla2sany/StandardModules/_TLCTrace.tla)
Parsing file /tmp/tlc-2117820124153118385/Naturals.tla (jar:file:/home/experiment/.cache/specula-lite/tla2tools-1.8.0.jar!/tla2sany/StandardModules/Naturals.tla)
Parsing file /tmp/tlc-2117820124153118385/FiniteSets.tla (jar:file:/home/experiment/.cache/specula-lite/tla2tools-1.8.0.jar!/tla2sany/StandardModules/FiniteSets.tla)
Parsing file /tmp/tlc-2117820124153118385/TLC.tla (jar:file:/home/experiment/.cache/specula-lite/tla2tools-1.8.0.jar!/tla2sany/StandardModules/TLC.tla)
Parsing file /tmp/tlc-2117820124153118385/Sequences.tla (jar:file:/home/experiment/.cache/specula-lite/tla2tools-1.8.0.jar!/tla2sany/StandardModules/Sequences.tla)
Parsing file /tmp/tlc-2117820124153118385/TLCExt.tla (jar:file:/home/experiment/.cache/specula-lite/tla2tools-1.8.0.jar!/tla2sany/StandardModules/TLCExt.tla)
Parsing file /tmp/tlc-2117820124153118385/Json.tla (jar:file:/home/experiment/.cache/specula-lite/tla2tools-1.8.0.jar!/tla2sany/StandardModules/Json.tla)
Parsing file /tmp/tlc-2117820124153118385/Integers.tla (jar:file:/home/experiment/.cache/specula-lite/tla2tools-1.8.0.jar!/tla2sany/StandardModules/Integers.tla)
Semantic processing of module Naturals
Semantic processing of module Sequences
Semantic processing of module FiniteSets
Semantic processing of module TLC
Semantic processing of module base
Semantic processing of module Integers
Semantic processing of module TLCExt
Semantic processing of module Json
Semantic processing of module _JsonTrace
Semantic processing of module _TLCTrace
Semantic processing of module MC
Linting of module base
Linting of module TLCExt
Linting of module Json
Linting of module _JsonTrace
Linting of module _TLCTrace
Linting of module MC
Starting... (2026-09-25 06:04:51)
Computing initial states...
Finished computing initial states: 1 distinct state generated at 2026-09-25 06:04:52.
Error: Invariant NoRejectionByLeftoverReservation is violated.
Error: The behavior up to this point is:
State 1: <Initial predicate>
/\ attempts = (j1 :> 0 @@ j2 :> 0)
/\ alloc = (<<c1, j1>> :> 0 @@ <<c1, j2>> :> 0 @@ <<c2, j1>> :> 0 @@ <<c2, j2>> :> 0)
/\ cj = ( <<c1, j1>> :> "none" @@
  <<c1, j2>> :> "none" @@
  <<c2, j1>> :> "none" @@
  <<c2, j2>> :> "none" )
/\ scheduled = {}
/\ resv = (c1 :> {} @@ c2 :> {})
/\ free = (c1 :> 1 @@ c2 :> 1)
/\ srvRun = {}
/\ stRep = ( <<c1, j1>> :> "none" @@
  <<c1, j2>> :> "none" @@
  <<c2, j1>> :> "none" @@
  <<c2, j2>> :> "none" )
/\ stReq = (c1 :> {} @@ c2 :> {})
/\ rn = [job |-> NoJob, att |-> 1, pc |-> "idle", ok |-> {}, dep |-> {}]
/\ rejLeak = FALSE
/\ sh = ( <<c1, j1>> :> "none" @@
  <<c1, j2>> :> "none" @@
  <<c2, j1>> :> "none" @@
  <<c2, j2>> :> "none" )
/\ abortReq = (c1 :> {} @@ c2 :> {})
/\ jobState = (j1 :> "queued" @@ j2 :> "queued")
/\ deployed = ( <<c1, j1>> :> FALSE @@
  <<c1, j2>> :> FALSE @@
  <<c2, j1>> :> FALSE @@
  <<c2, j2>> :> FALSE )
/\ chkRep = ( <<c1, <<j1, 1>>>> :> "none" @@
  <<c1, <<j1, 2>>>> :> "none" @@
  <<c1, <<j2, 1>>>> :> "none" @@
  <<c1, <<j2, 2>>>> :> "none" @@
  <<c2, <<j1, 1>>>> :> "none" @@
  <<c2, <<j1, 2>>>> :> "none" @@
  <<c2, <<j2, 1>>>> :> "none" @@
  <<c2, <<j2, 2>>>> :> "none" )
/\ cancelReq = (c1 :> {} @@ c2 :> {})
/\ chkReq = (c1 :> {} @@ c2 :> {})
/\ shAbort = ( <<c1, j1>> :> FALSE @@
  <<c1, j2>> :> FALSE @@
  <<c2, j1>> :> FALSE @@
  <<c2, j2>> :> FALSE )
/\ shTok = ( <<c1, j1>> :> <<NoJob, 1>> @@
  <<c1, j2>> :> <<NoJob, 1>> @@
  <<c2, j1>> :> <<NoJob, 1>> @@
  <<c2, j2>> :> <<NoJob, 1>> )
/\ flt = [ct |-> 0, sk |-> 0, df |-> 0, sl |-> 0, st |-> 0, ex |-> 0, lf |-> 0]

State 2: <W_RunnerSendCheck line 22, col 22 to line 22, col 44 of module MC>
/\ attempts = (j1 :> 0 @@ j2 :> 1)
/\ alloc = (<<c1, j1>> :> 0 @@ <<c1, j2>> :> 0 @@ <<c2, j1>> :> 0 @@ <<c2, j2>> :> 0)
/\ cj = ( <<c1, j1>> :> "none" @@
  <<c1, j2>> :> "none" @@
  <<c2, j1>> :> "none" @@
  <<c2, j2>> :> "none" )
/\ scheduled = {}
/\ resv = (c1 :> {} @@ c2 :> {})
/\ free = (c1 :> 1 @@ c2 :> 1)
/\ srvRun = {}
/\ stRep = ( <<c1, j1>> :> "none" @@
  <<c1, j2>> :> "none" @@
  <<c2, j1>> :> "none" @@
  <<c2, j2>> :> "none" )
/\ stReq = (c1 :> {} @@ c2 :> {})
/\ rn = [job |-> j2, att |-> 1, pc |-> "chkWait", ok |-> {}, dep |-> {}]
/\ rejLeak = FALSE
/\ sh = ( <<c1, j1>> :> "none" @@
  <<c1, j2>> :> "none" @@
  <<c2, j1>> :> "none" @@
  <<c2, j2>> :> "none" )
/\ abortReq = (c1 :> {} @@ c2 :> {})
/\ jobState = (j1 :> "queued" @@ j2 :> "queued")
/\ deployed = ( <<c1, j1>> :> FALSE @@
  <<c1, j2>> :> FALSE @@
  <<c2, j1>> :> FALSE @@
  <<c2, j2>> :> FALSE )
/\ chkRep = ( <<c1, <<j1, 1>>>> :> "none" @@
  <<c1, <<j1, 2>>>> :> "none" @@
  <<c1, <<j2, 1>>>> :> "none" @@
  <<c1, <<j2, 2>>>> :> "none" @@
  <<c2, <<j1, 1>>>> :> "none" @@
  <<c2, <<j1, 2>>>> :> "none" @@
  <<c2, <<j2, 1>>>> :> "none" @@
  <<c2, <<j2, 2>>>> :> "none" )
/\ cancelReq = (c1 :> {} @@ c2 :> {})
/\ chkReq = (c1 :> {<<j2, 1>>} @@ c2 :> {<<j2, 1>>})
/\ shAbort = ( <<c1, j1>> :> FALSE @@
  <<c1, j2>> :> FALSE @@
  <<c2, j1>> :> FALSE @@
  <<c2, j2>> :> FALSE )
/\ shTok = ( <<c1, j1>> :> <<NoJob, 1>> @@
  <<c1, j2>> :> <<NoJob, 1>> @@
  <<c2, j1>> :> <<NoJob, 1>> @@
  <<c2, j2>> :> <<NoJob, 1>> )
/\ flt = [ct |-> 0, sk |-> 0, df |-> 0, sl |-> 0, st |-> 0, ex |-> 0, lf |-> 0]

State 3: <W_ClientCheck(c1,<<j2, 1>>) line 37, col 24 to line 37, col 48 of module MC>
/\ attempts = (j1 :> 0 @@ j2 :> 1)
/\ alloc = (<<c1, j1>> :> 0 @@ <<c1, j2>> :> 0 @@ <<c2, j1>> :> 0 @@ <<c2, j2>> :> 0)
/\ cj = ( <<c1, j1>> :> "none" @@
  <<c1, j2>> :> "none" @@
  <<c2, j1>> :> "none" @@
  <<c2, j2>> :> "none" )
/\ scheduled = {}
/\ resv = (c1 :> {<<j2, 1>>} @@ c2 :> {})
/\ free = (c1 :> 0 @@ c2 :> 1)
/\ srvRun = {}
/\ stRep = ( <<c1, j1>> :> "none" @@
  <<c1, j2>> :> "none" @@
  <<c2, j1>> :> "none" @@
  <<c2, j2>> :> "none" )
/\ stReq = (c1 :> {} @@ c2 :> {})
/\ rn = [job |-> j2, att |-> 1, pc |-> "chkWait", ok |-> {}, dep |-> {}]
/\ rejLeak = FALSE
/\ sh = ( <<c1, j1>> :> "none" @@
  <<c1, j2>> :> "none" @@
  <<c2, j1>> :> "none" @@
  <<c2, j2>> :> "none" )
/\ abortReq = (c1 :> {} @@ c2 :> {})
/\ jobState = (j1 :> "queued" @@ j2 :> "queued")
/\ deployed = ( <<c1, j1>> :> FALSE @@
  <<c1, j2>> :> FALSE @@
  <<c2, j1>> :> FALSE @@
  <<c2, j2>> :> FALSE )
/\ chkRep = ( <<c1, <<j1, 1>>>> :> "none" @@
  <<c1, <<j1, 2>>>> :> "none" @@
  <<c1, <<j2, 1>>>> :> "ok" @@
  <<c1, <<j2, 2>>>> :> "none" @@
  <<c2, <<j1, 1>>>> :> "none" @@
  <<c2, <<j1, 2>>>> :> "none" @@
  <<c2, <<j2, 1>>>> :> "none" @@
  <<c2, <<j2, 2>>>> :> "none" )
/\ cancelReq = (c1 :> {} @@ c2 :> {})
/\ chkReq = (c1 :> {} @@ c2 :> {<<j2, 1>>})
/\ shAbort = ( <<c1, j1>> :> FALSE @@
  <<c1, j2>> :> FALSE @@
  <<c2, j1>> :> FALSE @@
  <<c2, j2>> :> FALSE )
/\ shTok = ( <<c1, j1>> :> <<NoJob, 1>> @@
  <<c1, j2>> :> <<NoJob, 1>> @@
  <<c2, j1>> :> <<NoJob, 1>> @@
  <<c2, j2>> :> <<NoJob, 1>> )
/\ flt = [ct |-> 0, sk |-> 0, df |-> 0, sl |-> 0, st |-> 0, ex |-> 0, lf |-> 0]

State 4: <F_ExpireInUse(c1,<<j2, 1>>) line 40, col 24 to line 40, col 80 of module MC>
/\ attempts = (j1 :> 0 @@ j2 :> 1)
/\ alloc = (<<c1, j1>> :> 0 @@ <<c1, j2>> :> 0 @@ <<c2, j1>> :> 0 @@ <<c2, j2>> :> 0)
/\ cj = ( <<c1, j1>> :> "none" @@
  <<c1, j2>> :> "none" @@
  <<c2, j1>> :> "none" @@
  <<c2, j2>> :> "none" )
/\ scheduled = {}
/\ resv = (c1 :> {} @@ c2 :> {})
/\ free = (c1 :> 1 @@ c2 :> 1)
/\ srvRun = {}
/\ stRep = ( <<c1, j1>> :> "none" @@
  <<c1, j2>> :> "none" @@
  <<c2, j1>> :> "none" @@
  <<c2, j2>> :> "none" )
/\ stReq = (c1 :> {} @@ c2 :> {})
/\ rn = [job |-> j2, att |-> 1, pc |-> "chkWait", ok |-> {}, dep |-> {}]
/\ rejLeak = FALSE
/\ sh = ( <<c1, j1>> :> "none" @@
  <<c1, j2>> :> "none" @@
  <<c2, j1>> :> "none" @@
  <<c2, j2>> :> "none" )
/\ abortReq = (c1 :> {} @@ c2 :> {})
/\ jobState = (j1 :> "queued" @@ j2 :> "queued")
/\ deployed = ( <<c1, j1>> :> FALSE @@
  <<c1, j2>> :> FALSE @@
  <<c2, j1>> :> FALSE @@
  <<c2, j2>> :> FALSE )
/\ chkRep = ( <<c1, <<j1, 1>>>> :> "none" @@
  <<c1, <<j1, 2>>>> :> "none" @@
  <<c1, <<j2, 1>>>> :> "ok" @@
  <<c1, <<j2, 2>>>> :> "none" @@
  <<c2, <<j1, 1>>>> :> "none" @@
  <<c2, <<j1, 2>>>> :> "none" @@
  <<c2, <<j2, 1>>>> :> "none" @@
  <<c2, <<j2, 2>>>> :> "none" )
/\ cancelReq = (c1 :> {} @@ c2 :> {})
/\ chkReq = (c1 :> {} @@ c2 :> {<<j2, 1>>})
/\ shAbort = ( <<c1, j1>> :> FALSE @@
  <<c1, j2>> :> FALSE @@
  <<c2, j1>> :> FALSE @@
  <<c2, j2>> :> FALSE )
/\ shTok = ( <<c1, j1>> :> <<NoJob, 1>> @@
  <<c1, j2>> :> <<NoJob, 1>> @@
  <<c2, j1>> :> <<NoJob, 1>> @@
  <<c2, j2>> :> <<NoJob, 1>> )
/\ flt = [ct |-> 0, sk |-> 0, df |-> 0, sl |-> 0, st |-> 0, ex |-> 1, lf |-> 0]

State 5: <W_ClientCheck(c2,<<j2, 1>>) line 37, col 24 to line 37, col 48 of module MC>
/\ attempts = (j1 :> 0 @@ j2 :> 1)
/\ alloc = (<<c1, j1>> :> 0 @@ <<c1, j2>> :> 0 @@ <<c2, j1>> :> 0 @@ <<c2, j2>> :> 0)
/\ cj = ( <<c1, j1>> :> "none" @@
  <<c1, j2>> :> "none" @@
  <<c2, j1>> :> "none" @@
  <<c2, j2>> :> "none" )
/\ scheduled = {}
/\ resv = (c1 :> {} @@ c2 :> {<<j2, 1>>})
/\ free = (c1 :> 1 @@ c2 :> 0)
/\ srvRun = {}
/\ stRep = ( <<c1, j1>> :> "none" @@
  <<c1, j2>> :> "none" @@
  <<c2, j1>> :> "none" @@
  <<c2, j2>> :> "none" )
/\ stReq = (c1 :> {} @@ c2 :> {})
/\ rn = [job |-> j2, att |-> 1, pc |-> "chkWait", ok |-> {}, dep |-> {}]
/\ rejLeak = FALSE
/\ sh = ( <<c1, j1>> :> "none" @@
  <<c1, j2>> :> "none" @@
  <<c2, j1>> :> "none" @@
  <<c2, j2>> :> "none" )
/\ abortReq = (c1 :> {} @@ c2 :> {})
/\ jobState = (j1 :> "queued" @@ j2 :> "queued")
/\ deployed = ( <<c1, j1>> :> FALSE @@
  <<c1, j2>> :> FALSE @@
  <<c2, j1>> :> FALSE @@
  <<c2, j2>> :> FALSE )
/\ chkRep = ( <<c1, <<j1, 1>>>> :> "none" @@
  <<c1, <<j1, 2>>>> :> "none" @@
  <<c1, <<j2, 1>>>> :> "ok" @@
  <<c1, <<j2, 2>>>> :> "none" @@
  <<c2, <<j1, 1>>>> :> "none" @@
  <<c2, <<j1, 2>>>> :> "none" @@
  <<c2, <<j2, 1>>>> :> "ok" @@
  <<c2, <<j2, 2>>>> :> "none" )
/\ cancelReq = (c1 :> {} @@ c2 :> {})
/\ chkReq = (c1 :> {} @@ c2 :> {})
/\ shAbort = ( <<c1, j1>> :> FALSE @@
  <<c1, j2>> :> FALSE @@
  <<c2, j1>> :> FALSE @@
  <<c2, j2>> :> FALSE )
/\ shTok = ( <<c1, j1>> :> <<NoJob, 1>> @@
  <<c1, j2>> :> <<NoJob, 1>> @@
  <<c2, j1>> :> <<NoJob, 1>> @@
  <<c2, j2>> :> <<NoJob, 1>> )
/\ flt = [ct |-> 0, sk |-> 0, df |-> 0, sl |-> 0, st |-> 0, ex |-> 1, lf |-> 0]

State 6: <W_RunnerCollectCheck line 23, col 25 to line 23, col 50 of module MC>
/\ attempts = (j1 :> 0 @@ j2 :> 1)
/\ alloc = (<<c1, j1>> :> 0 @@ <<c1, j2>> :> 0 @@ <<c2, j1>> :> 0 @@ <<c2, j2>> :> 0)
/\ cj = ( <<c1, j1>> :> "none" @@
  <<c1, j2>> :> "none" @@
  <<c2, j1>> :> "none" @@
  <<c2, j2>> :> "none" )
/\ scheduled = {}
/\ resv = (c1 :> {} @@ c2 :> {<<j2, 1>>})
/\ free = (c1 :> 1 @@ c2 :> 0)
/\ srvRun = {}
/\ stRep = ( <<c1, j1>> :> "none" @@
  <<c1, j2>> :> "none" @@
  <<c2, j1>> :> "none" @@
  <<c2, j2>> :> "none" )
/\ stReq = (c1 :> {} @@ c2 :> {})
/\ rn = [job |-> j2, att |-> 1, pc |-> "sched", ok |-> {c1, c2}, dep |-> {}]
/\ rejLeak = FALSE
/\ sh = ( <<c1, j1>> :> "none" @@
  <<c1, j2>> :> "none" @@
  <<c2, j1>> :> "none" @@
  <<c2, j2>> :> "none" )
/\ abortReq = (c1 :> {} @@ c2 :> {})
/\ jobState = (j1 :> "queued" @@ j2 :> "queued")
/\ deployed = ( <<c1, j1>> :> FALSE @@
  <<c1, j2>> :> FALSE @@
  <<c2, j1>> :> FALSE @@
  <<c2, j2>> :> FALSE )
/\ chkRep = ( <<c1, <<j1, 1>>>> :> "none" @@
  <<c1, <<j1, 2>>>> :> "none" @@
  <<c1, <<j2, 1>>>> :> "ok" @@
  <<c1, <<j2, 2>>>> :> "none" @@
  <<c2, <<j1, 1>>>> :> "none" @@
  <<c2, <<j1, 2>>>> :> "none" @@
  <<c2, <<j2, 1>>>> :> "ok" @@
  <<c2, <<j2, 2>>>> :> "none" )
/\ cancelReq = (c1 :> {} @@ c2 :> {})
/\ chkReq = (c1 :> {} @@ c2 :> {})
/\ shAbort = ( <<c1, j1>> :> FALSE @@
  <<c1, j2>> :> FALSE @@
  <<c2, j1>> :> FALSE @@
  <<c2, j2>> :> FALSE )
/\ shTok = ( <<c1, j1>> :> <<NoJob, 1>> @@
  <<c1, j2>> :> <<NoJob, 1>> @@
  <<c2, j1>> :> <<NoJob, 1>> @@
  <<c2, j2>> :> <<NoJob, 1>> )
/\ flt = [ct |-> 0, sk |-> 0, df |-> 0, sl |-> 0, st |-> 0, ex |-> 1, lf |-> 0]

State 7: <W_RunnerDeploy line 26, col 19 to line 26, col 38 of module MC>
/\ attempts = (j1 :> 0 @@ j2 :> 1)
/\ alloc = (<<c1, j1>> :> 0 @@ <<c1, j2>> :> 0 @@ <<c2, j1>> :> 0 @@ <<c2, j2>> :> 0)
/\ cj = ( <<c1, j1>> :> "none" @@
  <<c1, j2>> :> "none" @@
  <<c2, j1>> :> "none" @@
  <<c2, j2>> :> "none" )
/\ scheduled = {}
/\ resv = (c1 :> {} @@ c2 :> {<<j2, 1>>})
/\ free = (c1 :> 1 @@ c2 :> 0)
/\ srvRun = {}
/\ stRep = ( <<c1, j1>> :> "none" @@
  <<c1, j2>> :> "none" @@
  <<c2, j1>> :> "none" @@
  <<c2, j2>> :> "none" )
/\ stReq = (c1 :> {} @@ c2 :> {})
/\ rn = [job |-> j2, att |-> 1, pc |-> "stat2", ok |-> {c1, c2}, dep |-> {c1, c2}]
/\ rejLeak = FALSE
/\ sh = ( <<c1, j1>> :> "none" @@
  <<c1, j2>> :> "none" @@
  <<c2, j1>> :> "none" @@
  <<c2, j2>> :> "none" )
/\ abortReq = (c1 :> {} @@ c2 :> {})
/\ jobState = (j1 :> "queued" @@ j2 :> "queued")
/\ deployed = ( <<c1, j1>> :> FALSE @@
  <<c1, j2>> :> TRUE @@
  <<c2, j1>> :> FALSE @@
  <<c2, j2>> :> TRUE )
/\ chkRep = ( <<c1, <<j1, 1>>>> :> "none" @@
  <<c1, <<j1, 2>>>> :> "none" @@
  <<c1, <<j2, 1>>>> :> "ok" @@
  <<c1, <<j2, 2>>>> :> "none" @@
  <<c2, <<j1, 1>>>> :> "none" @@
  <<c2, <<j1, 2>>>> :> "none" @@
  <<c2, <<j2, 1>>>> :> "ok" @@
  <<c2, <<j2, 2>>>> :> "none" )
/\ cancelReq = (c1 :> {} @@ c2 :> {})
/\ chkReq = (c1 :> {} @@ c2 :> {})
/\ shAbort = ( <<c1, j1>> :> FALSE @@
  <<c1, j2>> :> FALSE @@
  <<c2, j1>> :> FALSE @@
  <<c2, j2>> :> FALSE )
/\ shTok = ( <<c1, j1>> :> <<NoJob, 1>> @@
  <<c1, j2>> :> <<NoJob, 1>> @@
  <<c2, j1>> :> <<NoJob, 1>> @@
  <<c2, j2>> :> <<NoJob, 1>> )
/\ flt = [ct |-> 0, sk |-> 0, df |-> 0, sl |-> 0, st |-> 0, ex |-> 1, lf |-> 0]

State 8: <W_RunnerPassDispatched line 30, col 27 to line 30, col 54 of module MC>
/\ attempts = (j1 :> 0 @@ j2 :> 1)
/\ alloc = (<<c1, j1>> :> 0 @@ <<c1, j2>> :> 0 @@ <<c2, j1>> :> 0 @@ <<c2, j2>> :> 0)
/\ cj = ( <<c1, j1>> :> "none" @@
  <<c1, j2>> :> "none" @@
  <<c2, j1>> :> "none" @@
  <<c2, j2>> :> "none" )
/\ scheduled = {}
/\ resv = (c1 :> {} @@ c2 :> {<<j2, 1>>})
/\ free = (c1 :> 1 @@ c2 :> 0)
/\ srvRun = {}
/\ stRep = ( <<c1, j1>> :> "none" @@
  <<c1, j2>> :> "none" @@
  <<c2, j1>> :> "none" @@
  <<c2, j2>> :> "none" )
/\ stReq = (c1 :> {} @@ c2 :> {})
/\ rn = [job |-> j2, att |-> 1, pc |-> "startSJ", ok |-> {c1, c2}, dep |-> {c1, c2}]
/\ rejLeak = FALSE
/\ sh = ( <<c1, j1>> :> "none" @@
  <<c1, j2>> :> "none" @@
  <<c2, j1>> :> "none" @@
  <<c2, j2>> :> "none" )
/\ abortReq = (c1 :> {} @@ c2 :> {})
/\ jobState = (j1 :> "queued" @@ j2 :> "queued")
/\ deployed = ( <<c1, j1>> :> FALSE @@
  <<c1, j2>> :> TRUE @@
  <<c2, j1>> :> FALSE @@
  <<c2, j2>> :> TRUE )
/\ chkRep = ( <<c1, <<j1, 1>>>> :> "none" @@
  <<c1, <<j1, 2>>>> :> "none" @@
  <<c1, <<j2, 1>>>> :> "ok" @@
  <<c1, <<j2, 2>>>> :> "none" @@
  <<c2, <<j1, 1>>>> :> "none" @@
  <<c2, <<j1, 2>>>> :> "none" @@
  <<c2, <<j2, 1>>>> :> "ok" @@
  <<c2, <<j2, 2>>>> :> "none" )
/\ cancelReq = (c1 :> {} @@ c2 :> {})
/\ chkReq = (c1 :> {} @@ c2 :> {})
/\ shAbort = ( <<c1, j1>> :> FALSE @@
  <<c1, j2>> :> FALSE @@
  <<c2, j1>> :> FALSE @@
  <<c2, j2>> :> FALSE )
/\ shTok = ( <<c1, j1>> :> <<NoJob, 1>> @@
  <<c1, j2>> :> <<NoJob, 1>> @@
  <<c2, j1>> :> <<NoJob, 1>> @@
  <<c2, j2>> :> <<NoJob, 1>> )
/\ flt = [ct |-> 0, sk |-> 0, df |-> 0, sl |-> 0, st |-> 0, ex |-> 1, lf |-> 0]

State 9: <W_RunnerStartJob line 31, col 21 to line 31, col 42 of module MC>
/\ attempts = (j1 :> 0 @@ j2 :> 1)
/\ alloc = (<<c1, j1>> :> 0 @@ <<c1, j2>> :> 0 @@ <<c2, j1>> :> 0 @@ <<c2, j2>> :> 0)
/\ cj = ( <<c1, j1>> :> "none" @@
  <<c1, j2>> :> "none" @@
  <<c2, j1>> :> "none" @@
  <<c2, j2>> :> "none" )
/\ scheduled = {}
/\ resv = (c1 :> {} @@ c2 :> {<<j2, 1>>})
/\ free = (c1 :> 1 @@ c2 :> 0)
/\ srvRun = {j2}
/\ stRep = ( <<c1, j1>> :> "none" @@
  <<c1, j2>> :> "none" @@
  <<c2, j1>> :> "none" @@
  <<c2, j2>> :> "none" )
/\ stReq = (c1 :> {<<j2, 1>>} @@ c2 :> {<<j2, 1>>})
/\ rn = [job |-> j2, att |-> 1, pc |-> "stWait", ok |-> {c1, c2}, dep |-> {c1, c2}]
/\ rejLeak = FALSE
/\ sh = ( <<c1, j1>> :> "none" @@
  <<c1, j2>> :> "none" @@
  <<c2, j1>> :> "none" @@
  <<c2, j2>> :> "none" )
/\ abortReq = (c1 :> {} @@ c2 :> {})
/\ jobState = (j1 :> "queued" @@ j2 :> "queued")
/\ deployed = ( <<c1, j1>> :> FALSE @@
  <<c1, j2>> :> TRUE @@
  <<c2, j1>> :> FALSE @@
  <<c2, j2>> :> TRUE )
/\ chkRep = ( <<c1, <<j1, 1>>>> :> "none" @@
  <<c1, <<j1, 2>>>> :> "none" @@
  <<c1, <<j2, 1>>>> :> "ok" @@
  <<c1, <<j2, 2>>>> :> "none" @@
  <<c2, <<j1, 1>>>> :> "none" @@
  <<c2, <<j1, 2>>>> :> "none" @@
  <<c2, <<j2, 1>>>> :> "ok" @@
  <<c2, <<j2, 2>>>> :> "none" )
/\ cancelReq = (c1 :> {} @@ c2 :> {})
/\ chkReq = (c1 :> {} @@ c2 :> {})
/\ shAbort = ( <<c1, j1>> :> FALSE @@
  <<c1, j2>> :> FALSE @@
  <<c2, j1>> :> FALSE @@
  <<c2, j2>> :> FALSE )
/\ shTok = ( <<c1, j1>> :> <<NoJob, 1>> @@
  <<c1, j2>> :> <<NoJob, 1>> @@
  <<c2, j1>> :> <<NoJob, 1>> @@
  <<c2, j2>> :> <<NoJob, 1>> )
/\ flt = [ct |-> 0, sk |-> 0, df |-> 0, sl |-> 0, st |-> 0, ex |-> 1, lf |-> 0]

State 10: <F_RunnerCollectStartTimeout line 34, col 32 to line 34, col 97 of module MC>
/\ attempts = (j1 :> 0 @@ j2 :> 1)
/\ alloc = (<<c1, j1>> :> 0 @@ <<c1, j2>> :> 0 @@ <<c2, j1>> :> 0 @@ <<c2, j2>> :> 0)
/\ cj = ( <<c1, j1>> :> "none" @@
  <<c1, j2>> :> "none" @@
  <<c2, j1>> :> "none" @@
  <<c2, j2>> :> "none" )
/\ scheduled = {j2}
/\ resv = (c1 :> {} @@ c2 :> {<<j2, 1>>})
/\ free = (c1 :> 1 @@ c2 :> 0)
/\ srvRun = {j2}
/\ stRep = ( <<c1, j1>> :> "none" @@
  <<c1, j2>> :> "none" @@
  <<c2, j1>> :> "none" @@
  <<c2, j2>> :> "none" )
/\ stReq = (c1 :> {<<j2, 1>>} @@ c2 :> {<<j2, 1>>})
/\ rn = [job |-> j2, att |-> 1, pc |-> "idle", ok |-> {c1, c2}, dep |-> {c1, c2}]
/\ rejLeak = FALSE
/\ sh = ( <<c1, j1>> :> "none" @@
  <<c1, j2>> :> "none" @@
  <<c2, j1>> :> "none" @@
  <<c2, j2>> :> "none" )
/\ abortReq = (c1 :> {} @@ c2 :> {})
/\ jobState = (j1 :> "queued" @@ j2 :> "running")
/\ deployed = ( <<c1, j1>> :> FALSE @@
  <<c1, j2>> :> TRUE @@
  <<c2, j1>> :> FALSE @@
  <<c2, j2>> :> TRUE )
/\ chkRep = ( <<c1, <<j1, 1>>>> :> "none" @@
  <<c1, <<j1, 2>>>> :> "none" @@
  <<c1, <<j2, 1>>>> :> "ok" @@
  <<c1, <<j2, 2>>>> :> "none" @@
  <<c2, <<j1, 1>>>> :> "none" @@
  <<c2, <<j1, 2>>>> :> "none" @@
  <<c2, <<j2, 1>>>> :> "ok" @@
  <<c2, <<j2, 2>>>> :> "none" )
/\ cancelReq = (c1 :> {} @@ c2 :> {})
/\ chkReq = (c1 :> {} @@ c2 :> {})
/\ shAbort = ( <<c1, j1>> :> FALSE @@
  <<c1, j2>> :> FALSE @@
  <<c2, j1>> :> FALSE @@
  <<c2, j2>> :> FALSE )
/\ shTok = ( <<c1, j1>> :> <<NoJob, 1>> @@
  <<c1, j2>> :> <<NoJob, 1>> @@
  <<c2, j1>> :> <<NoJob, 1>> @@
  <<c2, j2>> :> <<NoJob, 1>> )
/\ flt = [ct |-> 0, sk |-> 0, df |-> 0, sl |-> 0, st |-> 1, ex |-> 1, lf |-> 0]

State 11: <W_RunnerSendCheck line 22, col 22 to line 22, col 44 of module MC>
/\ attempts = (j1 :> 1 @@ j2 :> 1)
/\ alloc = (<<c1, j1>> :> 0 @@ <<c1, j2>> :> 0 @@ <<c2, j1>> :> 0 @@ <<c2, j2>> :> 0)
/\ cj = ( <<c1, j1>> :> "none" @@
  <<c1, j2>> :> "none" @@
  <<c2, j1>> :> "none" @@
  <<c2, j2>> :> "none" )
/\ scheduled = {j2}
/\ resv = (c1 :> {} @@ c2 :> {<<j2, 1>>})
/\ free = (c1 :> 1 @@ c2 :> 0)
/\ srvRun = {j2}
/\ stRep = ( <<c1, j1>> :> "none" @@
  <<c1, j2>> :> "none" @@
  <<c2, j1>> :> "none" @@
  <<c2, j2>> :> "none" )
/\ stReq = (c1 :> {<<j2, 1>>} @@ c2 :> {<<j2, 1>>})
/\ rn = [job |-> j1, att |-> 1, pc |-> "chkWait", ok |-> {}, dep |-> {}]
/\ rejLeak = FALSE
/\ sh = ( <<c1, j1>> :> "none" @@
  <<c1, j2>> :> "none" @@
  <<c2, j1>> :> "none" @@
  <<c2, j2>> :> "none" )
/\ abortReq = (c1 :> {} @@ c2 :> {})
/\ jobState = (j1 :> "queued" @@ j2 :> "running")
/\ deployed = ( <<c1, j1>> :> FALSE @@
  <<c1, j2>> :> TRUE @@
  <<c2, j1>> :> FALSE @@
  <<c2, j2>> :> TRUE )
/\ chkRep = ( <<c1, <<j1, 1>>>> :> "none" @@
  <<c1, <<j1, 2>>>> :> "none" @@
  <<c1, <<j2, 1>>>> :> "ok" @@
  <<c1, <<j2, 2>>>> :> "none" @@
  <<c2, <<j1, 1>>>> :> "none" @@
  <<c2, <<j1, 2>>>> :> "none" @@
  <<c2, <<j2, 1>>>> :> "ok" @@
  <<c2, <<j2, 2>>>> :> "none" )
/\ cancelReq = (c1 :> {} @@ c2 :> {})
/\ chkReq = (c1 :> {<<j1, 1>>} @@ c2 :> {<<j1, 1>>})
/\ shAbort = ( <<c1, j1>> :> FALSE @@
  <<c1, j2>> :> FALSE @@
  <<c2, j1>> :> FALSE @@
  <<c2, j2>> :> FALSE )
/\ shTok = ( <<c1, j1>> :> <<NoJob, 1>> @@
  <<c1, j2>> :> <<NoJob, 1>> @@
  <<c2, j1>> :> <<NoJob, 1>> @@
  <<c2, j2>> :> <<NoJob, 1>> )
/\ flt = [ct |-> 0, sk |-> 0, df |-> 0, sl |-> 0, st |-> 1, ex |-> 1, lf |-> 0]

State 12: <W_ClientCheck(c2,<<j1, 1>>) line 37, col 24 to line 37, col 48 of module MC>
/\ attempts = (j1 :> 1 @@ j2 :> 1)
/\ alloc = (<<c1, j1>> :> 0 @@ <<c1, j2>> :> 0 @@ <<c2, j1>> :> 0 @@ <<c2, j2>> :> 0)
/\ cj = ( <<c1, j1>> :> "none" @@
  <<c1, j2>> :> "none" @@
  <<c2, j1>> :> "none" @@
  <<c2, j2>> :> "none" )
/\ scheduled = {j2}
/\ resv = (c1 :> {} @@ c2 :> {<<j2, 1>>})
/\ free = (c1 :> 1 @@ c2 :> 0)
/\ srvRun = {j2}
/\ stRep = ( <<c1, j1>> :> "none" @@
  <<c1, j2>> :> "none" @@
  <<c2, j1>> :> "none" @@
  <<c2, j2>> :> "none" )
/\ stReq = (c1 :> {<<j2, 1>>} @@ c2 :> {<<j2, 1>>})
/\ rn = [job |-> j1, att |-> 1, pc |-> "chkWait", ok |-> {}, dep |-> {}]
/\ rejLeak = TRUE
/\ sh = ( <<c1, j1>> :> "none" @@
  <<c1, j2>> :> "none" @@
  <<c2, j1>> :> "none" @@
  <<c2, j2>> :> "none" )
/\ abortReq = (c1 :> {} @@ c2 :> {})
/\ jobState = (j1 :> "queued" @@ j2 :> "running")
/\ deployed = ( <<c1, j1>> :> FALSE @@
  <<c1, j2>> :> TRUE @@
  <<c2, j1>> :> FALSE @@
  <<c2, j2>> :> TRUE )
/\ chkRep = ( <<c1, <<j1, 1>>>> :> "none" @@
  <<c1, <<j1, 2>>>> :> "none" @@
  <<c1, <<j2, 1>>>> :> "ok" @@
  <<c1, <<j2, 2>>>> :> "none" @@
  <<c2, <<j1, 1>>>> :> "no" @@
  <<c2, <<j1, 2>>>> :> "none" @@
  <<c2, <<j2, 1>>>> :> "ok" @@
  <<c2, <<j2, 2>>>> :> "none" )
/\ cancelReq = (c1 :> {} @@ c2 :> {})
/\ chkReq = (c1 :> {<<j1, 1>>} @@ c2 :> {})
/\ shAbort = ( <<c1, j1>> :> FALSE @@
  <<c1, j2>> :> FALSE @@
  <<c2, j1>> :> FALSE @@
  <<c2, j2>> :> FALSE )
/\ shTok = ( <<c1, j1>> :> <<NoJob, 1>> @@
  <<c1, j2>> :> <<NoJob, 1>> @@
  <<c2, j1>> :> <<NoJob, 1>> @@
  <<c2, j2>> :> <<NoJob, 1>> )
/\ flt = [ct |-> 0, sk |-> 0, df |-> 0, sl |-> 0, st |-> 1, ex |-> 1, lf |-> 0]

"CounterExample written: /home/experiment/runs/specula/nvflare-lite-full-opus55-20260925/lite/source/.specula-lite/job-lifecycle-20260925/models/resources/output/hunt_leftover_noCT_noSkip_noDF_1.log.trace.json"
245 states generated, 154 distinct states found, 76 states left on queue.
The depth of the complete state graph search is 12.
Finished in 00s at (2026-09-25 06:04:52)
Trace exploration spec path: ./MC_TTrace_1790316291.tla
