[0;32m================================[0m
[0;32mTLC Simulation Mode[0m
[0;32m================================[0m
Spec File:       MC.tla
Config File:     MC_hunt_scenario3_recovery_five.cfg
Memory Limit:    8G
Off-heap Memory: 4G
Workers:         5
Timeout:         30 minutes
[0;34m--- Simulation Settings ---[0m
Trace Count:     999999999
Trace File:      (not saved)
Sim Depth:       100
Log File:        tlc.out
[0;32m================================[0m
[1;33mExecuting Command:[0m
java -XX:+UseParallelGC -Dtlc2.tool.fp.FPSet.impl=tlc2.tool.fp.OffHeapDiskFPSet -XX:MaxDirectMemorySize=4G -Xmx8G -Xms8G -cp /home/ubuntu/specula-vsr-runner-20260905/lib/CommunityModules-deps.jar:/home/ubuntu/specula-vsr-runner-20260905/lib/tla2tools.jar tlc2.TLC -config MC_hunt_scenario3_recovery_five.cfg MC.tla -workers 5 -deadlock -simulate num=999999999 -depth 100 -dumptrace json counterexample.json -metadir /home/ubuntu/specula-vsr-runner-20260905/runs/vsr-rs-gpt6astra-ultra-20260905/vsr-rs/.specula-output/spec/output/tlc-tmp/tlc-states-poMzKw 

TLC resource budget (Specula run vsr-rs-gpt6astra-ultra-20260905):
  memory source: user config (128G)
  external memory use: not included in this configured run bound
  memory limit: 128 GiB
  active TLC reserved before request: 36 GiB (this agent: 36 GiB)
  this request: 12 GiB (heap 8 GiB + off-heap 4 GiB)
  remaining before request: 92 GiB
  remaining after admission: 80 GiB
  worker limit: 32
  active TLC workers before request: 15 (this agent: 15)
  this request workers: 5 (5)
  remaining workers before request: 17
  remaining workers after admission: 12
  result: admitted
TLC2 Version 2026.09.04.170753 (rev: b123b22)
Running Random Simulation with seed 8725687031880804619 with 5 workers on 96 cores with 7851MB heap and 4096MB offheap memory [pid: 784671] (Linux 6.8.0-1044-azure amd64, Ubuntu 21.0.11 64bit).
Parsing file /home/ubuntu/specula-vsr-runner-20260905/runs/vsr-rs-gpt6astra-ultra-20260905/vsr-rs/.specula-output/spec/output/MC_hunt_scenario3_recovery_five_simulation/MC.tla
Parsing file /home/ubuntu/specula-vsr-runner-20260905/runs/vsr-rs-gpt6astra-ultra-20260905/vsr-rs/.specula-output/spec/output/MC_hunt_scenario3_recovery_five_simulation/base.tla
Parsing file /tmp/tlc-14738966975155855013/_JsonTrace.tla (jar:file:/home/ubuntu/specula-vsr-runner-20260905/lib/tla2tools.jar!/tla2sany/StandardModules/_JsonTrace.tla)
Parsing file /tmp/tlc-14738966975155855013/_TLCTrace.tla (jar:file:/home/ubuntu/specula-vsr-runner-20260905/lib/tla2tools.jar!/tla2sany/StandardModules/_TLCTrace.tla)
Parsing file /tmp/tlc-14738966975155855013/Naturals.tla (jar:file:/home/ubuntu/specula-vsr-runner-20260905/lib/tla2tools.jar!/tla2sany/StandardModules/Naturals.tla)
Parsing file /tmp/tlc-14738966975155855013/Integers.tla (jar:file:/home/ubuntu/specula-vsr-runner-20260905/lib/tla2tools.jar!/tla2sany/StandardModules/Integers.tla)
Parsing file /tmp/tlc-14738966975155855013/Sequences.tla (jar:file:/home/ubuntu/specula-vsr-runner-20260905/lib/tla2tools.jar!/tla2sany/StandardModules/Sequences.tla)
Parsing file /tmp/tlc-14738966975155855013/FiniteSets.tla (jar:file:/home/ubuntu/specula-vsr-runner-20260905/lib/tla2tools.jar!/tla2sany/StandardModules/FiniteSets.tla)
Parsing file /tmp/tlc-14738966975155855013/Bags.tla (jar:file:/home/ubuntu/specula-vsr-runner-20260905/lib/tla2tools.jar!/tla2sany/StandardModules/Bags.tla)
Parsing file /tmp/tlc-14738966975155855013/TLC.tla (jar:file:/home/ubuntu/specula-vsr-runner-20260905/lib/tla2tools.jar!/tla2sany/StandardModules/TLC.tla)
Parsing file /tmp/tlc-14738966975155855013/TLCExt.tla (jar:file:/home/ubuntu/specula-vsr-runner-20260905/lib/tla2tools.jar!/tla2sany/StandardModules/TLCExt.tla)
Parsing file /tmp/tlc-14738966975155855013/Json.tla (jar:file:/home/ubuntu/specula-vsr-runner-20260905/lib/tla2tools.jar!/tla2sany/StandardModules/Json.tla)
Semantic processing of module Naturals
Semantic processing of module Integers
Semantic processing of module Sequences
Semantic processing of module FiniteSets
Semantic processing of module TLC
Semantic processing of module Bags
Semantic processing of module base
Semantic processing of module TLCExt
Semantic processing of module Json
Semantic processing of module _JsonTrace
Semantic processing of module _TLCTrace
Semantic processing of module MC
Linting of module base
Linting of module TLCExt
Linting of module Json
Linting of module _JsonTrace
Linting of module _TLCTrace
Linting of module MC
Starting... (2026-09-05 15:06:44)
Implied-temporal checking--satisfiability problem has 160 branches.
Computed 1 initial states...
Finished computing initial states: 1 distinct state generated at 2026-09-05 15:06:45.
Progress: 9230 states checked, 91 traces generated (trace length: mean=78, var(x)=746, sd=27)
Progress: 18019 states checked, 177 traces generated (trace length: mean=78, var(x)=620, sd=25)
Progress: 26582 states checked, 261 traces generated (trace length: mean=78, var(x)=576, sd=24)
Progress: 35090 states checked, 344 traces generated (trace length: mean=78, var(x)=554, sd=24)
Progress: 44154 states checked, 434 traces generated (trace length: mean=78, var(x)=540, sd=23)
Progress: 53058 states checked, 521 traces generated (trace length: mean=78, var(x)=530, sd=23)
Progress: 62111 states checked, 610 traces generated (trace length: mean=78, var(x)=524, sd=23)
Progress: 71205 states checked, 700 traces generated (trace length: mean=78, var(x)=518, sd=23)
Progress: 80354 states checked, 790 traces generated (trace length: mean=78, var(x)=515, sd=23)
Progress: 89408 states checked, 879 traces generated (trace length: mean=78, var(x)=511, sd=23)
Progress: 98175 states checked, 965 traces generated (trace length: mean=78, var(x)=509, sd=23)
Progress: 107228 states checked, 1054 traces generated (trace length: mean=78, var(x)=507, sd=23)
Progress: 116192 states checked, 1142 traces generated (trace length: mean=78, var(x)=505, sd=22)
Progress: 125258 states checked, 1231 traces generated (trace length: mean=78, var(x)=504, sd=22)
Progress: 133692 states checked, 1313 traces generated (trace length: mean=78, var(x)=502, sd=22)
Progress: 142463 states checked, 1399 traces generated (trace length: mean=78, var(x)=501, sd=22)
Progress: 151519 states checked, 1488 traces generated (trace length: mean=78, var(x)=500, sd=22)
Progress: 160263 states checked, 1574 traces generated (trace length: mean=78, var(x)=499, sd=22)
Progress: 168870 states checked, 1658 traces generated (trace length: mean=78, var(x)=499, sd=22)
Progress: 177627 states checked, 1744 traces generated (trace length: mean=78, var(x)=498, sd=22)
Progress: 186566 states checked, 1832 traces generated (trace length: mean=78, var(x)=497, sd=22)
Progress: 195420 states checked, 1919 traces generated (trace length: mean=78, var(x)=497, sd=22)
Progress: 204379 states checked, 2007 traces generated (trace length: mean=78, var(x)=496, sd=22)
Progress: 213254 states checked, 2094 traces generated (trace length: mean=78, var(x)=496, sd=22)
Progress: 221955 states checked, 2179 traces generated (trace length: mean=78, var(x)=495, sd=22)
Progress: 231080 states checked, 2269 traces generated (trace length: mean=78, var(x)=495, sd=22)
Progress: 239683 states checked, 2353 traces generated (trace length: mean=78, var(x)=494, sd=22)
Progress: 249235 states checked, 2447 traces generated (trace length: mean=78, var(x)=494, sd=22)
Progress: 257917 states checked, 2532 traces generated (trace length: mean=78, var(x)=494, sd=22)

[0;32m================================[0m
[1;33m⚠ Timed out[0m
[0;32m================================[0m
