Connecting to FLARE ...
Connecting to FLARE ...
{
 "attempt": 0,
 "when": "dispatched",
 "job_id": "a288e1ae-067c-4664-af17-e6a3cc68535f",
 "pad_mb": 0,
 "trigger": "status=DISPATCHED",
 "t_trigger": 0.377,
 "abort_reply": "Aborted the job a288e1ae-067c-4664-af17-e6a3cc68535f before running it.",
 "t_ack": 0.387,
 "procs_at_ack": {
  "sj": [
   3837804
  ],
  "cj": [
   3837807,
   3837808
  ]
 },
 "status_trace": [
  [
   0.4,
   "RUNNING"
  ],
  [
   14.18,
   "FINISHED:COMPLETED"
  ]
 ],
 "final_status": "FINISHED:COMPLETED",
 "sj_cj_started_after_ack": false,
 "max_sj_procs": 1,
 "max_cj_procs": 2,
 "server_log": [
  "2026-09-25 06:11:24,938 - JobRunner - INFO - [identity=server, run=?] - Job: a288e1ae-067c-4664-af17-e6a3cc68535f started to run, status changed to RUNNING."
 ],
 "BUG": true
}
{
 "attempt": 1,
 "when": "dispatched",
 "job_id": "aee3ca09-7abf-4935-9d16-f25d5065aac4",
 "pad_mb": 0,
 "trigger": "status=DISPATCHED",
 "t_trigger": 0.259,
 "abort_reply": "Aborted the job aee3ca09-7abf-4935-9d16-f25d5065aac4 before running it.",
 "t_ack": 0.272,
 "procs_at_ack": {
  "sj": [
   3838861
  ],
  "cj": [
   3838863,
   3838864
  ]
 },
 "status_trace": [
  [
   0.28,
   "RUNNING"
  ],
  [
   14.94,
   "FINISHED:COMPLETED"
  ]
 ],
 "final_status": "FINISHED:COMPLETED",
 "sj_cj_started_after_ack": false,
 "max_sj_procs": 1,
 "max_cj_procs": 2,
 "server_log": [
  "2026-09-25 06:11:41,012 - JobRunner - INFO - [identity=server, run=?] - Job: aee3ca09-7abf-4935-9d16-f25d5065aac4 started to run, status changed to RUNNING."
 ],
 "BUG": true
}
{
 "attempt": 2,
 "when": "dispatched",
 "job_id": "ff118d61-356e-4fbb-b161-8ba30d601fa7",
 "pad_mb": 0,
 "trigger": "status=DISPATCHED",
 "t_trigger": 0.381,
 "abort_reply": "Aborted the job ff118d61-356e-4fbb-b161-8ba30d601fa7 before running it.",
 "t_ack": 0.391,
 "procs_at_ack": {
  "sj": [
   3839885
  ],
  "cj": []
 },
 "status_trace": [
  [
   0.4,
   "RUNNING"
  ],
  [
   15.03,
   "FINISHED:COMPLETED"
  ]
 ],
 "final_status": "FINISHED:COMPLETED",
 "sj_cj_started_after_ack": true,
 "max_sj_procs": 1,
 "max_cj_procs": 2,
 "server_log": [
  "2026-09-25 06:11:58,088 - JobRunner - INFO - [identity=server, run=?] - Job: ff118d61-356e-4fbb-b161-8ba30d601fa7 started to run, status changed to RUNNING."
 ],
 "BUG": true
}
{
 "attempt": 3,
 "when": "dispatched",
 "job_id": "118f6aaa-9c3c-45d1-8d59-ead7935534c7",
 "pad_mb": 0,
 "trigger": "status=DISPATCHED",
 "t_trigger": 0.408,
 "abort_reply": "Aborted the job 118f6aaa-9c3c-45d1-8d59-ead7935534c7 before running it.",
 "t_ack": 0.455,
 "procs_at_ack": {
  "sj": [
   3840958
  ],
  "cj": [
   3840960,
   3840961
  ]
 },
 "status_trace": [
  [
   0.47,
   "RUNNING"
  ],
  [
   15.03,
   "FINISHED:COMPLETED"
  ]
 ],
 "final_status": "FINISHED:COMPLETED",
 "sj_cj_started_after_ack": false,
 "max_sj_procs": 1,
 "max_cj_procs": 2,
 "server_log": [
  "2026-09-25 06:12:15,159 - JobRunner - INFO - [identity=server, run=?] - Job: 118f6aaa-9c3c-45d1-8d59-ead7935534c7 started to run, status changed to RUNNING."
 ],
 "BUG": true
}
{
 "attempt": 4,
 "when": "dispatched",
 "job_id": "35b854ee-c9d8-449d-a9bd-0bb0c0282193",
 "pad_mb": 0,
 "trigger": "status=DISPATCHED",
 "t_trigger": 0.483,
 "abort_reply": "Aborted the job 35b854ee-c9d8-449d-a9bd-0bb0c0282193 before running it.",
 "t_ack": 0.495,
 "procs_at_ack": {
  "sj": [
   3841970
  ],
  "cj": [
   3841972,
   3841973
  ]
 },
 "status_trace": [
  [
   0.51,
   "RUNNING"
  ],
  [
   15.0,
   "FINISHED:COMPLETED"
  ]
 ],
 "final_status": "FINISHED:COMPLETED",
 "sj_cj_started_after_ack": false,
 "max_sj_procs": 1,
 "max_cj_procs": 2,
 "server_log": [
  "2026-09-25 06:12:32,269 - JobRunner - INFO - [identity=server, run=?] - Job: 35b854ee-c9d8-449d-a9bd-0bb0c0282193 started to run, status changed to RUNNING."
 ],
 "BUG": true
}
SUMMARY when=dispatched attempts=5 bug_triggered=5
