Connecting to FLARE ...
Connecting to FLARE ...
{
 "attempt": 0,
 "when": "deploy",
 "job_id": "11500dba-844f-4cc0-9dca-486a81368d54",
 "pad_mb": 0,
 "trigger": "server_run_dir",
 "t_trigger": 0.267,
 "abort_reply": "Aborted the job 11500dba-844f-4cc0-9dca-486a81368d54 before running it.",
 "t_ack": 0.28,
 "procs_at_ack": {
  "sj": [],
  "cj": []
 },
 "status_trace": [
  [
   0.29,
   "DISPATCHED"
  ],
  [
   0.4,
   "RUNNING"
  ],
  [
   14.18,
   "FINISHED:COMPLETED"
  ]
 ],
 "final_status": "FINISHED:COMPLETED",
 "sj_cj_started_after_ack": true,
 "max_sj_procs": 1,
 "max_cj_procs": 2,
 "server_log": [
  "2026-09-25 06:09:52,725 - JobRunner - INFO - [identity=server, run=?] - Job: 11500dba-844f-4cc0-9dca-486a81368d54 started to run, status changed to RUNNING."
 ],
 "BUG": true
}
{
 "attempt": 1,
 "when": "deploy",
 "job_id": "043850c6-7b83-4f6f-95b1-f7abed200b4e",
 "pad_mb": 0,
 "trigger": "server_run_dir",
 "t_trigger": 0.13,
 "abort_reply": "Aborted the job 043850c6-7b83-4f6f-95b1-f7abed200b4e before running it.",
 "t_ack": 0.142,
 "procs_at_ack": {
  "sj": [],
  "cj": []
 },
 "status_trace": [
  [
   0.15,
   "DISPATCHED"
  ],
  [
   0.26,
   "RUNNING"
  ],
  [
   14.03,
   "FINISHED:COMPLETED"
  ]
 ],
 "final_status": "FINISHED:COMPLETED",
 "sj_cj_started_after_ack": true,
 "max_sj_procs": 1,
 "max_cj_procs": 2,
 "server_log": [
  "2026-09-25 06:10:08,780 - JobRunner - INFO - [identity=server, run=?] - Job: 043850c6-7b83-4f6f-95b1-f7abed200b4e started to run, status changed to RUNNING."
 ],
 "BUG": true
}
{
 "attempt": 2,
 "when": "deploy",
 "job_id": "dfd98e66-b18e-460b-8ea3-293cc8c39c80",
 "pad_mb": 0,
 "trigger": "server_run_dir",
 "t_trigger": 0.145,
 "abort_reply": "Aborted the job dfd98e66-b18e-460b-8ea3-293cc8c39c80 before running it.",
 "t_ack": 0.157,
 "procs_at_ack": {
  "sj": [],
  "cj": []
 },
 "status_trace": [
  [
   0.17,
   "DISPATCHED"
  ],
  [
   0.28,
   "RUNNING"
  ],
  [
   13.97,
   "FINISHED:COMPLETED"
  ]
 ],
 "final_status": "FINISHED:COMPLETED",
 "sj_cj_started_after_ack": true,
 "max_sj_procs": 1,
 "max_cj_procs": 2,
 "server_log": [
  "2026-09-25 06:10:24,836 - JobRunner - INFO - [identity=server, run=?] - Job: dfd98e66-b18e-460b-8ea3-293cc8c39c80 started to run, status changed to RUNNING."
 ],
 "BUG": true
}
SUMMARY when=deploy attempts=3 bug_triggered=3
