Connecting to FLARE ...
{
 "job_id": "8c205f2f-52e6-49cf-8459-6f6f6a4ebb55",
 "kind": "sjfail",
 "status_trace": [
  [
   0.06,
   "SUBMITTED"
  ],
  [
   0.5,
   "RUNNING"
  ],
  [
   8.34,
   "FINISHED:EXECUTION_EXCEPTION"
  ]
 ],
 "final_status": "FINISHED:EXECUTION_EXCEPTION",
 "procs_at_end": {
  "sj": [],
  "cj": []
 },
 "max_procs_seen": 3,
 "server_delay_env": null,
 "abort_reply": "Job for 8c205f2f-52e6-49cf-8459-6f6f6a4ebb55 is already completed.",
 "delete_reply": {
  "job_id": "8c205f2f-52e6-49cf-8459-6f6f6a4ebb55",
  "submit_records_marked_deleted": 0
 },
 "status_after_abort_delete": "<error: JobNotFound: no such job: 8c205f2f-52e6-49cf-8459-6f6f6a4ebb55>",
 "server_log": [
  "2026-09-25 06:18:14,162 - JobRunner - INFO - [identity=server, run=?] - Job: 8c205f2f-52e6-49cf-8459-6f6f6a4ebb55 started to run, status changed to RUNNING.",
  "2026-09-25 06:18:19,975 - JobRunner - INFO - Server failure for job (8c205f2f-52e6-49cf-8459-6f6f6a4ebb55); skipping client outcome wait for: ['site-1', 'site-2']"
 ],
 "BUG": false
}
SUMMARY kind=sjfail attempts=1 bug_triggered=0
