Connecting to FLARE ...
{
 "job_id": "157b9742-f952-4b51-aca3-8ced82e1de24",
 "kind": "sjfail",
 "status_trace": [
  [
   0.06,
   "SUBMITTED"
  ],
  [
   0.95,
   "DISPATCHED"
  ],
  [
   8.87,
   "FINISHED:EXECUTION_EXCEPTION"
  ],
  [
   15.97,
   "RUNNING"
  ]
 ],
 "final_status": "RUNNING",
 "procs_at_end": {
  "sj": [],
  "cj": []
 },
 "max_procs_seen": 3,
 "server_delay_env": "15",
 "abort_reply": "<abort error InternalError: server internal error: Job 157b9742-f952-4b51-aca3-8ced82e1de24 is not running.>",
 "delete_reply": "<delete error JobNotDone: job 157b9742-f952-4b51-aca3-8ced82e1de24 is still running>",
 "status_after_abort_delete": "RUNNING",
 "server_log": [
  "2026-09-25 06:20:21,454 - JobRunner - INFO - Server failure for job (157b9742-f952-4b51-aca3-8ced82e1de24); skipping client outcome wait for: ['site-1', 'site-2']",
  "2026-09-25 06:20:30,526 - JobRunner - INFO - [identity=server, run=?] - Job: 157b9742-f952-4b51-aca3-8ced82e1de24 started to run, status changed to RUNNING."
 ],
 "BUG": true
}
SUMMARY kind=sjfail attempts=1 bug_triggered=1
