Connecting to FLARE ...
{
 "job_id": "917dfde9-fe47-4a77-a8fe-c80c79290e64",
 "tag": "L3",
 "status_trace": [
  [
   0.01,
   "SUBMITTED"
  ],
  [
   0.93,
   "DISPATCHED"
  ],
  [
   11.09,
   "FINISHED:FAILED_TO_RUN"
  ]
 ],
 "final": "FINISHED:FAILED_TO_RUN",
 "procs_end": {
  "sj": [],
  "cj": []
 },
 "delay_env": "10",
 "server_log": [
  "2026-09-25 06:59:52,636 - FederatedServer - INFO - Failing job 917dfde9-fe47-4a77-a8fe-c80c79290e64 due to reported failure from site-2: infrastructure error",
  "2026-09-25 06:59:53,643 - JobRunner - INFO - [identity=server, run=?] - Job 917dfde9-fe47-4a77-a8fe-c80c79290e64 is not running. It can not be failed.",
  "2026-09-25 06:59:58,156 - JobRunner - ERROR - [identity=server, run=?] - Failed to run the Job (917dfde9-fe47-4a77-a8fe-c80c79290e64): KeyError: '917dfde9-fe47-4a77-a8fe-c80c79290e64'"
 ]
}
