Connecting to FLARE ...
{
 "job_id": "3746a32e-8e17-424c-ac10-1433bd582a90",
 "tag": "L3",
 "procs_before_abort": {
  "sj": [
   3912893
  ],
  "cj": [
   3912895,
   3912896
  ]
 },
 "abort_reply": "Job for 3746a32e-8e17-424c-ac10-1433bd582a90 is already completed.",
 "abort_reply_after_s": 11.52,
 "status_trace_after_abort": [
  [
   11.53,
   "FINISHED:COMPLETED"
  ]
 ],
 "final": "FINISHED:COMPLETED",
 "procs_end": {
  "sj": [],
  "cj": []
 },
 "delay_env": "15",
 "server_log": [
  "2026-09-25 06:52:39,245 - JobRunner - INFO - [identity=server, run=?] - Job: 3746a32e-8e17-424c-ac10-1433bd582a90 started to run, status changed to RUNNING."
 ],
 "MISCLASSIFIED": true
}
