Connecting to FLARE ...
{
 "resources_before": {
  "site-1": "{'resources': [{'gpu_id': 0, 'memory': 1}], 'reserved_resources': {}}",
  "site-2": "{'resources': [{'gpu_id': 0, 'memory': 1}], 'reserved_resources': {}}"
 },
 "job_id": "c90aadbf-c812-4060-a4b2-b7312dc13e1d",
 "status_trace": [
  [
   0.01,
   "SUBMITTED"
  ],
  [
   1.03,
   "FINISHED:FAILED_TO_RUN"
  ]
 ],
 "final": "FINISHED:FAILED_TO_RUN",
 "deploy_detail": [
  "server: OK",
  "site-2: OK",
  "site-1: OK"
 ],
 "max_cj": 0,
 "procs_end": {
  "sj": [],
  "cj": []
 },
 "resources_after": {
  "site-1": "{'resources': [{'gpu_id': 0, 'memory': 1}], 'reserved_resources': {}}",
  "site-2": "{'resources': [{'gpu_id': 0, 'memory': 1}], 'reserved_resources': {}}"
 },
 "server_log": [
  "2026-09-25 06:42:35,212 - JobRunner - ERROR - [identity=server, run=?] - Failed to run the Job (c90aadbf-c812-4060-a4b2-b7312dc13e1d): RuntimeError: Failed to start job (c90aadbf-c812-4060-a4b2-b7312dc13e1d) to the following clients: "
 ],
 "LEAK_OR_ZOMBIE": false
}
