==> [1/4] applying instrumentation
instrumented copy ready: /home/ubuntu/specula-nvflare-gpt-continuation-20260926/framework/runs/gpt-continuation/nvflare-job/.specula-output/harness/build/nvflare_src ( 11 files changed, 286 insertions(+), 108 deletions(-))
==> [2/4] checking the import path
   nvflare -> /home/ubuntu/specula-nvflare-gpt-continuation-20260926/framework/runs/gpt-continuation/nvflare-job/.specula-output/harness/build/nvflare_src/nvflare/__init__.py
==> [3/4] running scenarios (timeout 180s each)
   normal_two_jobs                          ok         3s
   abort_running_and_queued                 ok        14s
   check_timeout_backoff_expiry             ok         6s
   lossy_check_cant_schedule                ok         4s
   start_failures                           ok         5s
   client_failure_and_sj_crash              ok         7s
   client_crash_sweep                       ok         2s
   outcome_deadline_hb_cleanup              ok         5s
   disable_client_outcome_wait              ok         5s
   delete_held_job_kills_runner             ok         1s
   delete_during_scan                       ok         2s
   abort_during_deploy                      ok         2s
   failrun_during_start                     ok         3s
   failrun_during_start_dup_abort           ok         2s
   refresh_rmw_revert                       ok         4s
   running_after_terminal                   ok         5s
   start_timeout_late_start                 ok         3s
   concurrent_jobs_contention               ok         7s
   expiry_before_start                      ok         2s
   disable_between_schedule_and_deploy      ok         4s
   abort_before_checks                      ok         4s
   lost_report_heartbeat                    ok         3s
   double_abort_terminate                   ok        12s
   random_mix_s1                            ok        15s
   random_mix_s2                            ok        12s
   random_mix_s3                            ok        13s
   random_mix_s4                            ok        13s
   random_mix_s5                            ok        13s
   random_mix_s6                            ok        12s
   wfc_stale_read_after_pop                 ok        14s
   check_deadline_backoff_expiry            ok        21s
   start_deadline_late_start                ok        23s
==> [4/4] traces written to /home/ubuntu/specula-nvflare-gpt-continuation-20260926/framework/runs/gpt-continuation/nvflare-job/.specula-output/traces
       85 lines  traces/normal_two_jobs.ndjson
       77 lines  traces/abort_running_and_queued.ndjson
       61 lines  traces/check_timeout_backoff_expiry.ndjson
       66 lines  traces/lossy_check_cant_schedule.ndjson
       68 lines  traces/start_failures.ndjson
       95 lines  traces/client_failure_and_sj_crash.ndjson
       44 lines  traces/client_crash_sweep.ndjson
       51 lines  traces/outcome_deadline_hb_cleanup.ndjson
       47 lines  traces/disable_client_outcome_wait.ndjson
       17 lines  traces/delete_held_job_kills_runner.ndjson
        6 lines  traces/delete_during_scan.ndjson
       42 lines  traces/abort_during_deploy.ndjson
       38 lines  traces/failrun_during_start.ndjson
       40 lines  traces/failrun_during_start_dup_abort.ndjson
       52 lines  traces/refresh_rmw_revert.ndjson
       45 lines  traces/running_after_terminal.ndjson
       46 lines  traces/start_timeout_late_start.ndjson
       98 lines  traces/concurrent_jobs_contention.ndjson
       36 lines  traces/expiry_before_start.ndjson
       50 lines  traces/disable_between_schedule_and_deploy.ndjson
       34 lines  traces/abort_before_checks.ndjson
       44 lines  traces/lost_report_heartbeat.ndjson
       71 lines  traces/double_abort_terminate.ndjson
      172 lines  traces/random_mix_s1.ndjson
      148 lines  traces/random_mix_s2.ndjson
      189 lines  traces/random_mix_s3.ndjson
      143 lines  traces/random_mix_s4.ndjson
      148 lines  traces/random_mix_s5.ndjson
      125 lines  traces/random_mix_s6.ndjson
       74 lines  traces/wfc_stale_read_after_pop.ndjson
       61 lines  traces/check_deadline_backoff_expiry.ndjson
       47 lines  traces/start_deadline_late_start.ndjson
