[0;32m================================[0m
[0;32mTLC Model Checking Mode[0m
[0;32m================================[0m
Spec File:       MC.tla
Config File:     MC_hunt_s3_promptcancel.cfg
Memory Limit:    4G
Off-heap Memory: 12G
Workers:         4
Timeout:         30 minutes
[0;34m--- Model Checking Settings ---[0m
Depth Limit:     0
Checkpoint:      10 minutes
Log File:        /home/ubuntu/specula-nvflare-gpt-continuation-20260926/framework/runs/gpt-continuation/nvflare-job/.specula-output/.tlc-tasks/jobs/147946acd1cc477fa2e68526d3327742/tlc.log
[0;32m================================[0m
[1;33mExecuting Command:[0m
java -XX:+UseParallelGC -Dtlc2.tool.fp.FPSet.impl=tlc2.tool.fp.OffHeapDiskFPSet -XX:MaxDirectMemorySize=12G -Xmx4G -Xms4G -cp /home/ubuntu/specula-nvflare-gpt-continuation-20260926/framework/lib/CommunityModules-deps.jar:/home/ubuntu/specula-nvflare-gpt-continuation-20260926/framework/lib/tla2tools.jar tlc2.TLC -config MC_hunt_s3_promptcancel.cfg MC.tla -workers 4 -deadlock -checkpoint 10 -dumptrace json /home/ubuntu/specula-nvflare-gpt-continuation-20260926/framework/runs/gpt-continuation/nvflare-job/.specula-output/spec/output/continuation-H4-s3_promptcancel/counterexample.json -metadir /home/ubuntu/specula-nvflare-gpt-continuation-20260926/framework/runs/gpt-continuation/nvflare-job/.specula-output/.tlc-state/tlc-states-dPUYTP 

TLC resource budget (Specula run gpt-continuation):
  memory source: user config (64G)
  external memory use: not included in this configured run bound
  memory limit: 64 GiB
  active TLC reserved before request: 48 GiB (this agent: 48 GiB)
  this request: 16 GiB (heap 4 GiB + off-heap 12 GiB)
  remaining before request: 16 GiB
  remaining after admission: 0 bytes
  worker limit: 16
  active TLC workers before request: 12 (this agent: 12)
  this request workers: 4 (4)
  remaining workers before request: 4
  remaining workers after admission: 0
  result: admitted
TLC2 Version 2026.09.23.154203 (rev: 4260e47)
Running breadth-first search Model-Checking with fp 61 and seed -5466857352475532639 with 4 workers on 96 cores with 3925MB heap and 12288MB offheap memory [pid: 220406] (Linux 6.8.0-1044-azure amd64, Ubuntu 21.0.11 64bit, OffHeapDiskFPSet, DiskStateQueue).
Parsing file /home/ubuntu/specula-nvflare-gpt-continuation-20260926/framework/runs/gpt-continuation/nvflare-job/.specula-output/spec/output/continuation-H4-s3_promptcancel/MC.tla
Parsing file /home/ubuntu/specula-nvflare-gpt-continuation-20260926/framework/runs/gpt-continuation/nvflare-job/.specula-output/spec/output/continuation-H4-s3_promptcancel/base.tla
Parsing file /tmp/tlc-12368855928216973020/_JsonTrace.tla (jar:file:/home/ubuntu/specula-nvflare-gpt-continuation-20260926/framework/lib/tla2tools.jar!/tla2sany/StandardModules/_JsonTrace.tla)
Parsing file /tmp/tlc-12368855928216973020/_TLCTrace.tla (jar:file:/home/ubuntu/specula-nvflare-gpt-continuation-20260926/framework/lib/tla2tools.jar!/tla2sany/StandardModules/_TLCTrace.tla)
Parsing file /tmp/tlc-12368855928216973020/Integers.tla (jar:file:/home/ubuntu/specula-nvflare-gpt-continuation-20260926/framework/lib/tla2tools.jar!/tla2sany/StandardModules/Integers.tla)
Parsing file /tmp/tlc-12368855928216973020/Sequences.tla (jar:file:/home/ubuntu/specula-nvflare-gpt-continuation-20260926/framework/lib/tla2tools.jar!/tla2sany/StandardModules/Sequences.tla)
Parsing file /tmp/tlc-12368855928216973020/FiniteSets.tla (jar:file:/home/ubuntu/specula-nvflare-gpt-continuation-20260926/framework/lib/tla2tools.jar!/tla2sany/StandardModules/FiniteSets.tla)
Parsing file /tmp/tlc-12368855928216973020/TLC.tla (jar:file:/home/ubuntu/specula-nvflare-gpt-continuation-20260926/framework/lib/tla2tools.jar!/tla2sany/StandardModules/TLC.tla)
Parsing file /tmp/tlc-12368855928216973020/Naturals.tla (jar:file:/home/ubuntu/specula-nvflare-gpt-continuation-20260926/framework/lib/tla2tools.jar!/tla2sany/StandardModules/Naturals.tla)
Parsing file /tmp/tlc-12368855928216973020/TLCExt.tla (jar:file:/home/ubuntu/specula-nvflare-gpt-continuation-20260926/framework/lib/tla2tools.jar!/tla2sany/StandardModules/TLCExt.tla)
Parsing file /tmp/tlc-12368855928216973020/Json.tla (jar:file:/home/ubuntu/specula-nvflare-gpt-continuation-20260926/framework/lib/tla2tools.jar!/tla2sany/StandardModules/Json.tla)
Semantic processing of module Naturals
Semantic processing of module Integers
Semantic processing of module Sequences
Semantic processing of module FiniteSets
Semantic processing of module TLC
Semantic processing of module base
Semantic processing of module TLCExt
Semantic processing of module Json
Semantic processing of module _JsonTrace
Semantic processing of module _TLCTrace
Semantic processing of module MC
Linting of module base
Linting of module TLCExt
Linting of module Json
Linting of module _JsonTrace
Linting of module _TLCTrace
Linting of module MC
Starting... (2026-09-26 17:45:30)
Implied-temporal checking--satisfiability problem has 1 branches.
Computing initial states...
Finished computing initial states: 1 distinct state generated at 2026-09-26 17:45:31.
Checking temporal properties for the current state space with 9342 total distinct states at (2026-09-26 17:45:34)
Finished checking temporal properties in 00s at 2026-09-26 17:45:34
Progress(28) at 2026-09-26 17:45:34: 30,435 states generated (30,435 s/min), 9,342 distinct states found (9,342 ds/min), 1,759 states left on queue.
Checking temporal properties for the current state space with 213965 total distinct states at (2026-09-26 17:46:34)
Finished checking temporal properties in 01s at 2026-09-26 17:46:36
Progress(38) at 2026-09-26 17:46:36: 836,401 states generated (805,966 s/min), 213,966 distinct states found (204,624 ds/min), 78,349 states left on queue.
Checking temporal properties for the current state space with 397957 total distinct states at (2026-09-26 17:47:36)
Finished checking temporal properties in 03s at 2026-09-26 17:47:39
Progress(39) at 2026-09-26 17:47:39: 1,604,235 states generated (767,834 s/min), 397,959 distinct states found (183,993 ds/min), 155,488 states left on queue.
Checking temporal properties for the current state space with 570346 total distinct states at (2026-09-26 17:48:39)
Finished checking temporal properties in 05s at 2026-09-26 17:48:45
Progress(40) at 2026-09-26 17:48:45: 2,365,354 states generated (761,119 s/min), 570,346 distinct states found (172,387 ds/min), 225,658 states left on queue.
Checking temporal properties for the current state space with 739748 total distinct states at (2026-09-26 17:49:45)
Finished checking temporal properties in 06s at 2026-09-26 17:49:51
Progress(40) at 2026-09-26 17:49:51: 3,116,179 states generated (750,825 s/min), 739,748 distinct states found (169,402 ds/min), 295,496 states left on queue.
Checking temporal properties for the current state space with 901320 total distinct states at (2026-09-26 17:50:51)
Finished checking temporal properties in 07s at 2026-09-26 17:50:59
Progress(40) at 2026-09-26 17:50:59: 3,870,688 states generated (754,509 s/min), 901,320 distinct states found (161,572 ds/min), 361,479 states left on queue.
Checking temporal properties for the current state space with 1069037 total distinct states at (2026-09-26 17:51:59)
Finished checking temporal properties in 09s at 2026-09-26 17:52:08
Progress(41) at 2026-09-26 17:52:08: 4,604,225 states generated (733,537 s/min), 1,069,038 distinct states found (167,718 ds/min), 430,028 states left on queue.
Checking temporal properties for the current state space with 1226100 total distinct states at (2026-09-26 17:53:08)
Finished checking temporal properties in 11s at 2026-09-26 17:53:19
Progress(41) at 2026-09-26 17:53:19: 5,362,531 states generated (758,306 s/min), 1,226,100 distinct states found (157,062 ds/min), 487,649 states left on queue.
Checking temporal properties for the current state space with 1380830 total distinct states at (2026-09-26 17:54:19)
Finished checking temporal properties in 12s at 2026-09-26 17:54:32
Progress(41) at 2026-09-26 17:54:32: 6,121,384 states generated (758,853 s/min), 1,380,830 distinct states found (154,730 ds/min), 549,058 states left on queue.
Checking temporal properties for the current state space with 1542585 total distinct states at (2026-09-26 17:55:32)
Finished checking temporal properties in 13s at 2026-09-26 17:55:46
Checkpointing of run /home/ubuntu/specula-nvflare-gpt-continuation-20260926/framework/runs/gpt-continuation/nvflare-job/.specula-output/.tlc-state/tlc-states-dPUYTP/26-09-26-17-45-29.968
Checkpointing completed at (2026-09-26 17:55:46)
Progress(42) at 2026-09-26 17:55:46: 6,865,552 states generated (744,168 s/min), 1,542,601 distinct states found (161,771 ds/min), 610,861 states left on queue.
Checking temporal properties for the current state space with 1699878 total distinct states at (2026-09-26 17:56:46)
Finished checking temporal properties in 14s at 2026-09-26 17:57:01
Progress(42) at 2026-09-26 17:57:01: 7,575,185 states generated (709,633 s/min), 1,699,878 distinct states found (157,277 ds/min), 679,715 states left on queue.
Progress(42) at 2026-09-26 17:58:01: 8,334,001 states generated (758,816 s/min), 1,857,571 distinct states found (157,693 ds/min), 732,917 states left on queue.
Checking temporal properties for the current state space with 2001942 total distinct states at (2026-09-26 17:59:01)
Finished checking temporal properties in 18s at 2026-09-26 17:59:19
Progress(42) at 2026-09-26 17:59:19: 9,086,342 states generated (752,341 s/min), 2,001,942 distinct states found (144,371 ds/min), 783,467 states left on queue.
Progress(42) at 2026-09-26 18:00:19: 9,856,675 states generated (770,333 s/min), 2,144,793 distinct states found (142,851 ds/min), 835,210 states left on queue.
Checking temporal properties for the current state space with 2303370 total distinct states at (2026-09-26 18:01:19)
Finished checking temporal properties in 20s at 2026-09-26 18:01:40
Progress(42) at 2026-09-26 18:01:40: 10,616,955 states generated (760,280 s/min), 2,303,370 distinct states found (158,577 ds/min), 896,539 states left on queue.
Progress(43) at 2026-09-26 18:02:40: 11,374,943 states generated (757,988 s/min), 2,454,533 distinct states found (151,163 ds/min), 947,943 states left on queue.
Checking temporal properties for the current state space with 2618627 total distinct states at (2026-09-26 18:03:40)
Finished checking temporal properties in 25s at 2026-09-26 18:04:05
Progress(43) at 2026-09-26 18:04:05: 12,091,860 states generated (716,917 s/min), 2,618,627 distinct states found (164,094 ds/min), 1,016,477 states left on queue.
