Applied 96 source probes in 14 files at 53ba7ee567468ea7971dad4faccef13c6cb35dc2
Running competition
competition: pytest PASS
Running delayed_start
delayed_start: pytest PASS
Running admission_exception
admission_exception: pytest PASS
Running abort_completion
abort_completion: pytest PASS
abort_completion: 227 semantic events; 6 projection errors
admission_exception: 572 semantic events; 1 projection errors
competition: 282 semantic events; 0 projection errors
delayed_start: 239 semantic events; 1 projection errors
abort_completion.ndjson trace_mismatch 63
admission_exception.ndjson trace_mismatch 559
competition.ndjson trace_mismatch 3
delayed_start.ndjson trace_mismatch 213
87/116 event types covered; all traces conform: False
abort_completion: pytest=True, events=227, replay=trace_mismatch, projection_errors=6
admission_exception: pytest=True, events=572, replay=trace_mismatch, projection_errors=1
competition: pytest=True, events=282, replay=trace_mismatch, projection_errors=0
delayed_start: pytest=True, events=239, replay=trace_mismatch, projection_errors=1
    228 /home/ubuntu/nvflare-job-lifecycle-20260914/specula/runs/nvflare-job-lifecycle-20260914/nvflare-job-lifecycle/.specula-output/harness/../traces/abort_completion.ndjson
    573 /home/ubuntu/nvflare-job-lifecycle-20260914/specula/runs/nvflare-job-lifecycle-20260914/nvflare-job-lifecycle/.specula-output/harness/../traces/admission_exception.ndjson
    283 /home/ubuntu/nvflare-job-lifecycle-20260914/specula/runs/nvflare-job-lifecycle-20260914/nvflare-job-lifecycle/.specula-output/harness/../traces/competition.ndjson
    240 /home/ubuntu/nvflare-job-lifecycle-20260914/specula/runs/nvflare-job-lifecycle-20260914/nvflare-job-lifecycle/.specula-output/harness/../traces/delayed_start.ndjson
   1324 total
