[0;32m================================[0m
[0;32mTLC Model Checking Mode[0m
[0;32m================================[0m
Spec File:       MC.tla
Config File:     MC_hunt_scenario3_recovery.cfg
Memory Limit:    4G
Off-heap Memory: 16G
Workers:         5
Timeout:         30 minutes
[0;34m--- Model Checking Settings ---[0m
Depth Limit:     0
Checkpoint:      10 minutes
Log File:        tlc.out
[0;32m================================[0m
[1;33mExecuting Command:[0m
java -XX:+UseParallelGC -Dtlc2.tool.fp.FPSet.impl=tlc2.tool.fp.OffHeapDiskFPSet -XX:MaxDirectMemorySize=16G -Xmx4G -Xms4G -cp /home/ubuntu/specula-vsr-runner-20260905/lib/CommunityModules-deps.jar:/home/ubuntu/specula-vsr-runner-20260905/lib/tla2tools.jar tlc2.TLC -config MC_hunt_scenario3_recovery.cfg MC.tla -workers 5 -deadlock -checkpoint 10 -dumptrace json counterexample.json -metadir /home/ubuntu/specula-vsr-runner-20260905/runs/vsr-rs-gpt6astra-ultra-20260905/vsr-rs/.specula-output/spec/output/tlc-tmp/tlc-states-UwIQzX 

TLC resource budget (Specula run vsr-rs-gpt6astra-ultra-20260905):
  memory source: user config (128G)
  external memory use: not included in this configured run bound
  memory limit: 128 GiB
  active TLC reserved before request: 60 GiB (this agent: 60 GiB)
  this request: 20 GiB (heap 4 GiB + off-heap 16 GiB)
  remaining before request: 68 GiB
  remaining after admission: 48 GiB
  worker limit: 32
  active TLC workers before request: 15 (this agent: 15)
  this request workers: 5 (5)
  remaining workers before request: 17
  remaining workers after admission: 12
  result: admitted
TLC2 Version 2026.09.04.170753 (rev: b123b22)
Running breadth-first search Model-Checking with fp 25 and seed -6933116059547092463 with 5 workers on 96 cores with 3925MB heap and 16384MB offheap memory [pid: 163497] (Linux 6.8.0-1044-azure amd64, Ubuntu 21.0.11 64bit, OffHeapDiskFPSet, DiskStateQueue).
Parsing file /home/ubuntu/specula-vsr-runner-20260905/runs/vsr-rs-gpt6astra-ultra-20260905/vsr-rs/.specula-output/spec/output/MC_hunt_scenario3_recovery_bfs/MC.tla
Parsing file /home/ubuntu/specula-vsr-runner-20260905/runs/vsr-rs-gpt6astra-ultra-20260905/vsr-rs/.specula-output/spec/output/MC_hunt_scenario3_recovery_bfs/base.tla
Parsing file /tmp/tlc-9514031098432744102/_JsonTrace.tla (jar:file:/home/ubuntu/specula-vsr-runner-20260905/lib/tla2tools.jar!/tla2sany/StandardModules/_JsonTrace.tla)
Parsing file /tmp/tlc-9514031098432744102/_TLCTrace.tla (jar:file:/home/ubuntu/specula-vsr-runner-20260905/lib/tla2tools.jar!/tla2sany/StandardModules/_TLCTrace.tla)
Parsing file /tmp/tlc-9514031098432744102/Naturals.tla (jar:file:/home/ubuntu/specula-vsr-runner-20260905/lib/tla2tools.jar!/tla2sany/StandardModules/Naturals.tla)
Parsing file /tmp/tlc-9514031098432744102/Integers.tla (jar:file:/home/ubuntu/specula-vsr-runner-20260905/lib/tla2tools.jar!/tla2sany/StandardModules/Integers.tla)
Parsing file /tmp/tlc-9514031098432744102/Sequences.tla (jar:file:/home/ubuntu/specula-vsr-runner-20260905/lib/tla2tools.jar!/tla2sany/StandardModules/Sequences.tla)
Parsing file /tmp/tlc-9514031098432744102/FiniteSets.tla (jar:file:/home/ubuntu/specula-vsr-runner-20260905/lib/tla2tools.jar!/tla2sany/StandardModules/FiniteSets.tla)
Parsing file /tmp/tlc-9514031098432744102/Bags.tla (jar:file:/home/ubuntu/specula-vsr-runner-20260905/lib/tla2tools.jar!/tla2sany/StandardModules/Bags.tla)
Parsing file /tmp/tlc-9514031098432744102/TLC.tla (jar:file:/home/ubuntu/specula-vsr-runner-20260905/lib/tla2tools.jar!/tla2sany/StandardModules/TLC.tla)
Parsing file /tmp/tlc-9514031098432744102/TLCExt.tla (jar:file:/home/ubuntu/specula-vsr-runner-20260905/lib/tla2tools.jar!/tla2sany/StandardModules/TLCExt.tla)
Parsing file /tmp/tlc-9514031098432744102/Json.tla (jar:file:/home/ubuntu/specula-vsr-runner-20260905/lib/tla2tools.jar!/tla2sany/StandardModules/Json.tla)
Semantic processing of module Naturals
Semantic processing of module Integers
Semantic processing of module Sequences
Semantic processing of module FiniteSets
Semantic processing of module TLC
Semantic processing of module Bags
Semantic processing of module base
Semantic processing of module TLCExt
Semantic processing of module Json
Semantic processing of module _JsonTrace
Semantic processing of module _TLCTrace
Semantic processing of module MC
Linting of module base
Linting of module TLCExt
Linting of module Json
Linting of module _JsonTrace
Linting of module _TLCTrace
Linting of module MC
Starting... (2026-09-05 14:36:00)
Implied-temporal checking--satisfiability problem has 24 branches.
Computing initial states...
Finished computing initial states: 1 distinct state generated at 2026-09-05 14:36:02.
Checking 24 branches of temporal properties for the current state space with 8973 total distinct states at (2026-09-05 14:36:05)
Finished checking temporal properties in 00s at 2026-09-05 14:36:05
Progress(7) at 2026-09-05 14:36:05: 848 states generated (848 s/min), 513 distinct states found (513 ds/min), 320 states left on queue.
Checking 24 branches of temporal properties for the current state space with 223410 total distinct states at (2026-09-05 14:37:05)
Finished checking temporal properties in 00s at 2026-09-05 14:37:05
Progress(11) at 2026-09-05 14:37:05: 27,293 states generated (26,445 s/min), 12,165 distinct states found (11,652 ds/min), 6,503 states left on queue.
Checking 24 branches of temporal properties for the current state space with 416964 total distinct states at (2026-09-05 14:38:05)
Finished checking temporal properties in 00s at 2026-09-05 14:38:06
Progress(11) at 2026-09-05 14:38:06: 53,254 states generated (25,961 s/min), 22,445 distinct states found (10,280 ds/min), 11,565 states left on queue.
Checking 24 branches of temporal properties for the current state space with 608166 total distinct states at (2026-09-05 14:39:06)
Finished checking temporal properties in 00s at 2026-09-05 14:39:06
Progress(12) at 2026-09-05 14:39:06: 78,851 states generated (25,597 s/min), 32,476 distinct states found (10,031 ds/min), 16,559 states left on queue.
Checking 24 branches of temporal properties for the current state space with 786477 total distinct states at (2026-09-05 14:40:06)
Finished checking temporal properties in 00s at 2026-09-05 14:40:07
Progress(12) at 2026-09-05 14:40:07: 103,758 states generated (24,907 s/min), 41,885 distinct states found (9,409 ds/min), 20,809 states left on queue.
Checking 24 branches of temporal properties for the current state space with 970956 total distinct states at (2026-09-05 14:41:07)
Finished checking temporal properties in 00s at 2026-09-05 14:41:08
Progress(13) at 2026-09-05 14:41:08: 128,434 states generated (24,676 s/min), 51,429 distinct states found (9,544 ds/min), 25,418 states left on queue.
Checking 24 branches of temporal properties for the current state space with 1135029 total distinct states at (2026-09-05 14:42:08)
Finished checking temporal properties in 01s at 2026-09-05 14:42:09
Progress(13) at 2026-09-05 14:42:09: 152,752 states generated (24,318 s/min), 60,102 distinct states found (8,673 ds/min), 29,621 states left on queue.
Checking 24 branches of temporal properties for the current state space with 1336047 total distinct states at (2026-09-05 14:43:09)
Finished checking temporal properties in 01s at 2026-09-05 14:43:11
Progress(13) at 2026-09-05 14:43:11: 181,620 states generated (28,868 s/min), 70,409 distinct states found (10,307 ds/min), 34,214 states left on queue.
Checking 24 branches of temporal properties for the current state space with 1498053 total distinct states at (2026-09-05 14:44:11)
Finished checking temporal properties in 01s at 2026-09-05 14:44:12
Progress(13) at 2026-09-05 14:44:12: 203,705 states generated (22,085 s/min), 78,994 distinct states found (8,585 ds/min), 38,023 states left on queue.
Checking 24 branches of temporal properties for the current state space with 1649520 total distinct states at (2026-09-05 14:45:12)
Finished checking temporal properties in 01s at 2026-09-05 14:45:14
Progress(13) at 2026-09-05 14:45:14: 226,265 states generated (22,560 s/min), 86,659 distinct states found (7,665 ds/min), 41,389 states left on queue.
Checking 24 branches of temporal properties for the current state space with 1820430 total distinct states at (2026-09-05 14:46:14)
Finished checking temporal properties in 01s at 2026-09-05 14:46:16
Checkpointing of run /home/ubuntu/specula-vsr-runner-20260905/runs/vsr-rs-gpt6astra-ultra-20260905/vsr-rs/.specula-output/spec/output/tlc-tmp/tlc-states-UwIQzX/26-09-05-14-36-00.030
Checkpointing completed at (2026-09-05 14:46:16)
Progress(14) at 2026-09-05 14:46:16: 250,020 states generated (23,755 s/min), 95,602 distinct states found (8,943 ds/min), 45,766 states left on queue.
Checking 24 branches of temporal properties for the current state space with 2002941 total distinct states at (2026-09-05 14:47:16)
Finished checking temporal properties in 02s at 2026-09-05 14:47:18
Progress(14) at 2026-09-05 14:47:18: 277,804 states generated (27,784 s/min), 105,281 distinct states found (9,679 ds/min), 50,407 states left on queue.
Progress(14) at 2026-09-05 14:48:18: 300,197 states generated (22,393 s/min), 112,519 distinct states found (7,238 ds/min), 53,568 states left on queue.
Checking 24 branches of temporal properties for the current state space with 2340951 total distinct states at (2026-09-05 14:49:19)
Finished checking temporal properties in 02s at 2026-09-05 14:49:21
Progress(14) at 2026-09-05 14:49:21: 326,332 states generated (26,135 s/min), 122,219 distinct states found (9,700 ds/min), 57,740 states left on queue.
Progress(14) at 2026-09-05 14:50:21: 354,359 states generated (28,027 s/min), 131,396 distinct states found (9,177 ds/min), 61,719 states left on queue.
Checking 24 branches of temporal properties for the current state space with 2677551 total distinct states at (2026-09-05 14:51:21)
Finished checking temporal properties in 03s at 2026-09-05 14:51:25
Progress(14) at 2026-09-05 14:51:25: 376,226 states generated (21,867 s/min), 139,765 distinct states found (8,369 ds/min), 65,454 states left on queue.
Progress(14) at 2026-09-05 14:52:25: 397,710 states generated (21,484 s/min), 147,758 distinct states found (7,993 ds/min), 68,817 states left on queue.
Checking 24 branches of temporal properties for the current state space with 2957937 total distinct states at (2026-09-05 14:53:25)
Finished checking temporal properties in 04s at 2026-09-05 14:53:29
Progress(14) at 2026-09-05 14:53:29: 418,607 states generated (20,897 s/min), 154,148 distinct states found (6,390 ds/min), 71,538 states left on queue.
Progress(14) at 2026-09-05 14:54:29: 442,675 states generated (24,068 s/min), 162,808 distinct states found (8,660 ds/min), 75,066 states left on queue.
Checking 24 branches of temporal properties for the current state space with 3302514 total distinct states at (2026-09-05 14:55:29)
Finished checking temporal properties in 04s at 2026-09-05 14:55:33
Progress(15) at 2026-09-05 14:55:33: 467,376 states generated (24,701 s/min), 171,812 distinct states found (9,004 ds/min), 79,207 states left on queue.
Checkpointing of run /home/ubuntu/specula-vsr-runner-20260905/runs/vsr-rs-gpt6astra-ultra-20260905/vsr-rs/.specula-output/spec/output/tlc-tmp/tlc-states-UwIQzX/26-09-05-14-36-00.030
Checkpointing completed at (2026-09-05 14:56:33)
Progress(15) at 2026-09-05 14:56:33: 492,692 states generated (25,316 s/min), 180,444 distinct states found (8,632 ds/min), 83,277 states left on queue.
Checking 24 branches of temporal properties for the current state space with 3664626 total distinct states at (2026-09-05 14:57:33)
Finished checking temporal properties in 04s at 2026-09-05 14:57:38
Progress(15) at 2026-09-05 14:57:38: 522,112 states generated (29,420 s/min), 190,743 distinct states found (10,299 ds/min), 88,206 states left on queue.
Progress(15) at 2026-09-05 14:58:38: 544,640 states generated (22,528 s/min), 197,612 distinct states found (6,869 ds/min), 91,304 states left on queue.
Progress(15) at 2026-09-05 14:59:38: 565,598 states generated (20,958 s/min), 203,650 distinct states found (6,038 ds/min), 93,963 states left on queue.
Checking 24 branches of temporal properties for the current state space with 4097040 total distinct states at (2026-09-05 15:00:38)
Finished checking temporal properties in 05s at 2026-09-05 15:00:44
Progress(15) at 2026-09-05 15:00:44: 588,755 states generated (23,157 s/min), 212,647 distinct states found (8,997 ds/min), 97,891 states left on queue.
Progress(15) at 2026-09-05 15:01:44: 616,941 states generated (28,186 s/min), 222,249 distinct states found (9,602 ds/min), 101,909 states left on queue.
Progress(15) at 2026-09-05 15:02:44: 646,678 states generated (29,737 s/min), 231,236 distinct states found (8,987 ds/min), 105,302 states left on queue.
Checking 24 branches of temporal properties for the current state space with 4633170 total distinct states at (2026-09-05 15:03:44)
Finished checking temporal properties in 06s at 2026-09-05 15:03:51
Progress(15) at 2026-09-05 15:03:51: 671,927 states generated (25,249 s/min), 239,583 distinct states found (8,347 ds/min), 108,926 states left on queue.
Progress(15) at 2026-09-05 15:04:51: 694,207 states generated (22,280 s/min), 248,613 distinct states found (9,030 ds/min), 112,812 states left on queue.
Progress(15) at 2026-09-05 15:05:51: 715,571 states generated (21,364 s/min), 255,684 distinct states found (7,071 ds/min), 115,939 states left on queue.

[0;32m================================[0m
[1;33m⚠ Timed out[0m
[0;32m================================[0m
