TLC2 Version 2.20 of Day Month 20?? (rev: ${git.shortRevision})
Running breadth-first search Model-Checking with fp 91 and seed -3647660804327317939 with 1 worker on 96 cores with 4096MB heap and 64MB offheap memory [pid: 7201] (Linux 6.8.0-1044-azure amd64, Ubuntu 21.0.11 x86_64, MSBDiskFPSet, DiskStateQueue).
Parsing file /workspace/out/runs/concrete-replay-deferred-v03/ReplayDeferred.tla
Parsing file /workspace/out/runs/concrete-replay-deferred-v03/Trace.tla
Parsing file /tmp/tlc-762736937110528055/_JsonTrace.tla (jar:file:/tools/tla2tools.jar!/tla2sany/StandardModules/_JsonTrace.tla)
Parsing file /tmp/tlc-762736937110528055/_TLCTrace.tla (jar:file:/tools/tla2tools.jar!/tla2sany/StandardModules/_TLCTrace.tla)
Parsing file /workspace/out/runs/concrete-replay-deferred-v03/base.tla
Parsing file /tmp/tlc-762736937110528055/Json.tla (jar:file:/tools/tla2tools.jar!/tla2sany/StandardModules/Json.tla)
Parsing file /tmp/tlc-762736937110528055/IOUtils.tla (jar:file:/tools/CommunityModules.jar!/IOUtils.tla)
Parsing file /tmp/tlc-762736937110528055/Naturals.tla (jar:file:/tools/tla2tools.jar!/tla2sany/StandardModules/Naturals.tla)
Parsing file /tmp/tlc-762736937110528055/Integers.tla (jar:file:/tools/tla2tools.jar!/tla2sany/StandardModules/Integers.tla)
Parsing file /tmp/tlc-762736937110528055/Sequences.tla (jar:file:/tools/tla2tools.jar!/tla2sany/StandardModules/Sequences.tla)
Parsing file /tmp/tlc-762736937110528055/FiniteSets.tla (jar:file:/tools/tla2tools.jar!/tla2sany/StandardModules/FiniteSets.tla)
Parsing file /tmp/tlc-762736937110528055/Bags.tla (jar:file:/tools/tla2tools.jar!/tla2sany/StandardModules/Bags.tla)
Parsing file /tmp/tlc-762736937110528055/TLC.tla (jar:file:/tools/tla2tools.jar!/tla2sany/StandardModules/TLC.tla)
Parsing file /tmp/tlc-762736937110528055/TLCExt.tla (jar:file:/tools/tla2tools.jar!/tla2sany/StandardModules/TLCExt.tla)
Semantic processing of module Naturals
Semantic processing of module Integers
Semantic processing of module Sequences
Semantic processing of module FiniteSets
Semantic processing of module TLC
Semantic processing of module Bags
Semantic processing of module base
Semantic processing of module Json
Semantic processing of module IOUtils
Semantic processing of module Trace
Semantic processing of module TLCExt
Semantic processing of module _JsonTrace
Semantic processing of module _TLCTrace
Semantic processing of module ReplayDeferred
Linting of module base
Linting of module Json
Linting of module IOUtils
Linting of module Trace
Linting of module TLCExt
Linting of module _JsonTrace
Linting of module _TLCTrace
Linting of module ReplayDeferred
Starting... (2026-09-22 20:44:57)
Implied-temporal checking--satisfiability problem has 1 branches.
Computing initial states...
Finished computing initial states: 1 distinct state generated at 2026-09-22 20:44:57.
Checking temporal properties for the current state space with 722 total distinct states at (2026-09-22 20:45:00)
Finished checking temporal properties in 00s at 2026-09-22 20:45:00
Progress(721) at 2026-09-22 20:45:00: 2,478 states generated (14,868 s/min), 723 distinct states found (4,338 ds/min), 0 states left on queue.
Progress(721) at 2026-09-22 20:45:00: 2,478 states generated, 723 distinct states found, 0 states left on queue.
Checking temporal properties for the complete state space with 723 total distinct states at (2026-09-22 20:45:00)
Finished checking temporal properties in 00s at 2026-09-22 20:45:00
Model checking completed. No error has been found.
  Estimates of the probability that TLC did not check all reachable states
  because two distinct states had the same fingerprint:
  calculated (optimistic):  val = 6.9E-14
2478 states generated, 723 distinct states found, 0 states left on queue.
The depth of the complete state graph search is 721.
The average outdegree of the complete state graph is 1 (minimum is 0, the maximum 2 and the 95th percentile is 1).
Finished in 04s at (2026-09-22 20:45:00)
