TLC2 Version 2026.09.23.154203 (rev: 4260e47)
Running breadth-first search Model-Checking with fp 128 and seed -3783310825004800520 with 1 worker on 16 cores with 3641MB heap and 64MB offheap memory [pid: 2379128] (Linux 6.8.0-1044-azure amd64, Ubuntu 21.0.11 64bit, MSBDiskFPSet, DiskStateQueue).
Parsing file /home/ubuntu/specula-nvflare-gpt-continuation-20260926/framework/runs/gpt-continuation/nvflare-job/.specula-output/spec/Trace.tla
Parsing file /home/ubuntu/specula-nvflare-gpt-continuation-20260926/framework/runs/gpt-continuation/nvflare-job/.specula-output/spec/base.tla
Parsing file /tmp/tlc-9233802512760864243/Json.tla (jar:file:/home/ubuntu/specula-nvflare-gpt-continuation-20260926/framework/lib/tla2tools.jar!/tla2sany/StandardModules/Json.tla)
Parsing file /tmp/tlc-9233802512760864243/IOUtils.tla (jar:file:/home/ubuntu/specula-nvflare-gpt-continuation-20260926/framework/lib/CommunityModules-deps.jar!/IOUtils.tla)
Parsing file /tmp/tlc-9233802512760864243/Sequences.tla (jar:file:/home/ubuntu/specula-nvflare-gpt-continuation-20260926/framework/lib/tla2tools.jar!/tla2sany/StandardModules/Sequences.tla)
Parsing file /tmp/tlc-9233802512760864243/TLC.tla (jar:file:/home/ubuntu/specula-nvflare-gpt-continuation-20260926/framework/lib/tla2tools.jar!/tla2sany/StandardModules/TLC.tla)
Parsing file /tmp/tlc-9233802512760864243/_TLCTrace.tla (jar:file:/home/ubuntu/specula-nvflare-gpt-continuation-20260926/framework/lib/tla2tools.jar!/tla2sany/StandardModules/_TLCTrace.tla)
Parsing file /tmp/tlc-9233802512760864243/Integers.tla (jar:file:/home/ubuntu/specula-nvflare-gpt-continuation-20260926/framework/lib/tla2tools.jar!/tla2sany/StandardModules/Integers.tla)
Parsing file /tmp/tlc-9233802512760864243/FiniteSets.tla (jar:file:/home/ubuntu/specula-nvflare-gpt-continuation-20260926/framework/lib/tla2tools.jar!/tla2sany/StandardModules/FiniteSets.tla)
Parsing file /tmp/tlc-9233802512760864243/Naturals.tla (jar:file:/home/ubuntu/specula-nvflare-gpt-continuation-20260926/framework/lib/tla2tools.jar!/tla2sany/StandardModules/Naturals.tla)
Parsing file /tmp/tlc-9233802512760864243/TLCExt.tla (jar:file:/home/ubuntu/specula-nvflare-gpt-continuation-20260926/framework/lib/tla2tools.jar!/tla2sany/StandardModules/TLCExt.tla)
Semantic processing of module Naturals
Semantic processing of module Integers
Semantic processing of module Sequences
Semantic processing of module FiniteSets
Semantic processing of module TLC
Semantic processing of module base
Semantic processing of module Json
Semantic processing of module IOUtils
Semantic processing of module TLCExt
Semantic processing of module _TLCTrace
Semantic processing of module Trace
Linting of module base
Linting of module Json
Linting of module IOUtils
Linting of module TLCExt
Linting of module _TLCTrace
Linting of module Trace
Starting... (2026-09-26 05:22:10)
Implied-temporal checking--satisfiability problem has 1 branches.
Computing initial states...
Finished computing initial states: 1 distinct state generated at 2026-09-26 05:22:11.
Progress(38) at 2026-09-26 05:22:11: 123 states generated, 99 distinct states found, 0 states left on queue.
Checking temporal properties for the complete state space with 99 total distinct states at (2026-09-26 05:22:11)
Error: Temporal property TraceMatched was violated.

Error: The following behavior constitutes a counter-example:

State 1: <Initial predicate>
/\ l = 1
/\ len = 171
/\ event = "RunnerScanList"
/\ seq = 1
/\ status = [j1 |-> "SUBMITTED", j2 |-> "SUBMITTED", j3 |-> "SUBMITTED", j4 |-> "SUBMITTED"]
/\ rpc_pc = "Scan"
/\ cmp_pc = "Idle"
/\ slots = {}
/\ running = {}
/\ pending = [j1 |-> None, j2 |-> None, j3 |-> None, j4 |-> None]
/\ rp = [j1 |-> None, j2 |-> None, j3 |-> None, j4 |-> None]
/\ exc = [j1 |-> None, j2 |-> None, j3 |-> None, j4 |-> None]
/\ free = [c1 |-> [u0 |-> 1, u1 |-> 1], c2 |-> [u0 |-> 1, u1 |-> 1]]
/\ resv = [c1 |-> {}, c2 |-> {}]
/\ reg = [ c1 |-> [j1 |-> None, j2 |-> None, j3 |-> None, j4 |-> None],
  c2 |-> [j1 |-> None, j2 |-> None, j3 |-> None, j4 |-> None] ]
/\ msgs = <<>>

State 2: <Plain line 153, col 32 to line 153, col 70 of module Trace>
/\ l = 2
/\ len = 171
/\ event = "RunnerScanRead"
/\ seq = 2
/\ status = [j1 |-> "SUBMITTED", j2 |-> "SUBMITTED", j3 |-> "SUBMITTED", j4 |-> "SUBMITTED"]
/\ rpc_pc = "ScanRead"
/\ cmp_pc = "Idle"
/\ slots = {}
/\ running = {}
/\ pending = [j1 |-> None, j2 |-> None, j3 |-> None, j4 |-> None]
/\ rp = [j1 |-> None, j2 |-> None, j3 |-> None, j4 |-> None]
/\ exc = [j1 |-> None, j2 |-> None, j3 |-> None, j4 |-> None]
/\ free = [c1 |-> [u0 |-> 1, u1 |-> 1], c2 |-> [u0 |-> 1, u1 |-> 1]]
/\ resv = [c1 |-> {}, c2 |-> {}]
/\ reg = [ c1 |-> [j1 |-> None, j2 |-> None, j3 |-> None, j4 |-> None],
  c2 |-> [j1 |-> None, j2 |-> None, j3 |-> None, j4 |-> None] ]
/\ msgs = <<>>

State 3: <TraceSilent line 272, col 5 to line 301, col 18 of module Trace>
/\ l = 2
/\ len = 171
/\ event = "RunnerScanRead"
/\ seq = 2
/\ status = [j1 |-> "SUBMITTED", j2 |-> "SUBMITTED", j3 |-> "SUBMITTED", j4 |-> "SUBMITTED"]
/\ rpc_pc = "ScanRead"
/\ cmp_pc = "Idle"
/\ slots = {}
/\ running = {}
/\ pending = [j1 |-> None, j2 |-> None, j3 |-> None, j4 |-> None]
/\ rp = [j1 |-> None, j2 |-> None, j3 |-> None, j4 |-> None]
/\ exc = [j1 |-> None, j2 |-> None, j3 |-> None, j4 |-> None]
/\ free = [c1 |-> [u0 |-> 1, u1 |-> 1], c2 |-> [u0 |-> 1, u1 |-> 1]]
/\ resv = [c1 |-> {}, c2 |-> {}]
/\ reg = [ c1 |-> [j1 |-> None, j2 |-> None, j3 |-> None, j4 |-> None],
  c2 |-> [j1 |-> None, j2 |-> None, j3 |-> None, j4 |-> None] ]
/\ msgs = <<>>

State 4: <TraceSilent line 272, col 5 to line 301, col 18 of module Trace>
/\ l = 2
/\ len = 171
/\ event = "RunnerScanRead"
/\ seq = 2
/\ status = [j1 |-> "SUBMITTED", j2 |-> "SUBMITTED", j3 |-> "SUBMITTED", j4 |-> "SUBMITTED"]
/\ rpc_pc = "ScanRead"
/\ cmp_pc = "Idle"
/\ slots = {}
/\ running = {}
/\ pending = [j1 |-> None, j2 |-> None, j3 |-> None, j4 |-> None]
/\ rp = [j1 |-> None, j2 |-> None, j3 |-> None, j4 |-> None]
/\ exc = [j1 |-> None, j2 |-> None, j3 |-> None, j4 |-> None]
/\ free = [c1 |-> [u0 |-> 1, u1 |-> 1], c2 |-> [u0 |-> 1, u1 |-> 1]]
/\ resv = [c1 |-> {}, c2 |-> {}]
/\ reg = [ c1 |-> [j1 |-> None, j2 |-> None, j3 |-> None, j4 |-> None],
  c2 |-> [j1 |-> None, j2 |-> None, j3 |-> None, j4 |-> None] ]
/\ msgs = <<>>

State 5: <TraceSilent line 272, col 5 to line 301, col 18 of module Trace>
/\ l = 2
/\ len = 171
/\ event = "RunnerScanRead"
/\ seq = 2
/\ status = [j1 |-> "SUBMITTED", j2 |-> "SUBMITTED", j3 |-> "SUBMITTED", j4 |-> "SUBMITTED"]
/\ rpc_pc = "ScanRead"
/\ cmp_pc = "Idle"
/\ slots = {}
/\ running = {}
/\ pending = [j1 |-> None, j2 |-> None, j3 |-> None, j4 |-> None]
/\ rp = [j1 |-> None, j2 |-> None, j3 |-> None, j4 |-> None]
/\ exc = [j1 |-> None, j2 |-> None, j3 |-> None, j4 |-> None]
/\ free = [c1 |-> [u0 |-> 1, u1 |-> 1], c2 |-> [u0 |-> 1, u1 |-> 1]]
/\ resv = [c1 |-> {}, c2 |-> {}]
/\ reg = [ c1 |-> [j1 |-> None, j2 |-> None, j3 |-> None, j4 |-> None],
  c2 |-> [j1 |-> None, j2 |-> None, j3 |-> None, j4 |-> None] ]
/\ msgs = <<>>

State 6: <TraceSilent line 272, col 5 to line 301, col 18 of module Trace>
/\ l = 2
/\ len = 171
/\ event = "RunnerScanRead"
/\ seq = 2
/\ status = [j1 |-> "SUBMITTED", j2 |-> "SUBMITTED", j3 |-> "SUBMITTED", j4 |-> "SUBMITTED"]
/\ rpc_pc = "ScanRead"
/\ cmp_pc = "Idle"
/\ slots = {}
/\ running = {}
/\ pending = [j1 |-> None, j2 |-> None, j3 |-> None, j4 |-> None]
/\ rp = [j1 |-> None, j2 |-> None, j3 |-> None, j4 |-> None]
/\ exc = [j1 |-> None, j2 |-> None, j3 |-> None, j4 |-> None]
/\ free = [c1 |-> [u0 |-> 1, u1 |-> 1], c2 |-> [u0 |-> 1, u1 |-> 1]]
/\ resv = [c1 |-> {}, c2 |-> {}]
/\ reg = [ c1 |-> [j1 |-> None, j2 |-> None, j3 |-> None, j4 |-> None],
  c2 |-> [j1 |-> None, j2 |-> None, j3 |-> None, j4 |-> None] ]
/\ msgs = <<>>

State 7: <Plain line 155, col 32 to line 155, col 70 of module Trace>
/\ l = 3
/\ len = 171
/\ event = "RunnerTryNext"
/\ seq = 3
/\ status = [j1 |-> "SUBMITTED", j2 |-> "SUBMITTED", j3 |-> "SUBMITTED", j4 |-> "SUBMITTED"]
/\ rpc_pc = "TryNext"
/\ cmp_pc = "Idle"
/\ slots = {}
/\ running = {}
/\ pending = [j1 |-> None, j2 |-> None, j3 |-> None, j4 |-> None]
/\ rp = [j1 |-> None, j2 |-> None, j3 |-> None, j4 |-> None]
/\ exc = [j1 |-> None, j2 |-> None, j3 |-> None, j4 |-> None]
/\ free = [c1 |-> [u0 |-> 1, u1 |-> 1], c2 |-> [u0 |-> 1, u1 |-> 1]]
/\ resv = [c1 |-> {}, c2 |-> {}]
/\ reg = [ c1 |-> [j1 |-> None, j2 |-> None, j3 |-> None, j4 |-> None],
  c2 |-> [j1 |-> None, j2 |-> None, j3 |-> None, j4 |-> None] ]
/\ msgs = <<>>

State 8: <Plain line 156, col 32 to line 156, col 68 of module Trace>
/\ l = 4
/\ len = 171
/\ event = "CpCheckResource"
/\ seq = 4
/\ status = [j1 |-> "SUBMITTED", j2 |-> "SUBMITTED", j3 |-> "SUBMITTED", j4 |-> "SUBMITTED"]
/\ rpc_pc = "CheckWait"
/\ cmp_pc = "Idle"
/\ slots = {}
/\ running = {}
/\ pending = [j1 |-> None, j2 |-> None, j3 |-> None, j4 |-> None]
/\ rp = [j1 |-> None, j2 |-> None, j3 |-> None, j4 |-> None]
/\ exc = [j1 |-> None, j2 |-> None, j3 |-> None, j4 |-> None]
/\ free = [c1 |-> [u0 |-> 1, u1 |-> 1], c2 |-> [u0 |-> 1, u1 |-> 1]]
/\ resv = [c1 |-> {}, c2 |-> {}]
/\ reg = [ c1 |-> [j1 |-> None, j2 |-> None, j3 |-> None, j4 |-> None],
  c2 |-> [j1 |-> None, j2 |-> None, j3 |-> None, j4 |-> None] ]
/\ msgs = ( [ job |-> "j1",
    cl |-> "c1",
    type |-> "CHECK",
    att |-> 1,
    ok |-> FALSE,
    code |-> 0,
    flag |-> FALSE ] :>
      1 @@
  [ job |-> "j1",
    cl |-> "c2",
    type |-> "CHECK",
    att |-> 1,
    ok |-> FALSE,
    code |-> 0,
    flag |-> FALSE ] :>
      1 )

State 9: <MsgEv line 212, col 30 to line 212, col 70 of module Trace>
/\ l = 5
/\ len = 171
/\ event = "CpCheckResource"
/\ seq = 5
/\ status = [j1 |-> "SUBMITTED", j2 |-> "SUBMITTED", j3 |-> "SUBMITTED", j4 |-> "SUBMITTED"]
/\ rpc_pc = "CheckWait"
/\ cmp_pc = "Idle"
/\ slots = {}
/\ running = {}
/\ pending = [j1 |-> None, j2 |-> None, j3 |-> None, j4 |-> None]
/\ rp = [j1 |-> None, j2 |-> None, j3 |-> None, j4 |-> None]
/\ exc = [j1 |-> None, j2 |-> None, j3 |-> None, j4 |-> None]
/\ free = [c1 |-> [u0 |-> 0, u1 |-> 1], c2 |-> [u0 |-> 1, u1 |-> 1]]
/\ resv = [c1 |-> {[units |-> {"u0"}, job |-> "j1", tok |-> 1, ttl |-> 3]}, c2 |-> {}]
/\ reg = [ c1 |-> [j1 |-> None, j2 |-> None, j3 |-> None, j4 |-> None],
  c2 |-> [j1 |-> None, j2 |-> None, j3 |-> None, j4 |-> None] ]
/\ msgs = ( [ job |-> "j1",
    cl |-> "c1",
    type |-> "CHECK_REP",
    att |-> 1,
    ok |-> TRUE,
    code |-> 0,
    flag |-> FALSE ] :>
      1 @@
  [ job |-> "j1",
    cl |-> "c2",
    type |-> "CHECK",
    att |-> 1,
    ok |-> FALSE,
    code |-> 0,
    flag |-> FALSE ] :>
      1 )

State 10: <MsgEv line 212, col 30 to line 212, col 70 of module Trace>
/\ l = 6
/\ len = 171
/\ event = "RunnerCheckCollect"
/\ seq = 6
/\ status = [j1 |-> "SUBMITTED", j2 |-> "SUBMITTED", j3 |-> "SUBMITTED", j4 |-> "SUBMITTED"]
/\ rpc_pc = "CheckWait"
/\ cmp_pc = "Idle"
/\ slots = {}
/\ running = {}
/\ pending = [j1 |-> None, j2 |-> None, j3 |-> None, j4 |-> None]
/\ rp = [j1 |-> None, j2 |-> None, j3 |-> None, j4 |-> None]
/\ exc = [j1 |-> None, j2 |-> None, j3 |-> None, j4 |-> None]
/\ free = [c1 |-> [u0 |-> 0, u1 |-> 1], c2 |-> [u0 |-> 0, u1 |-> 1]]
/\ resv = [ c1 |-> {[units |-> {"u0"}, job |-> "j1", tok |-> 1, ttl |-> 3]},
  c2 |-> {[units |-> {"u0"}, job |-> "j1", tok |-> 1, ttl |-> 3]} ]
/\ reg = [ c1 |-> [j1 |-> None, j2 |-> None, j3 |-> None, j4 |-> None],
  c2 |-> [j1 |-> None, j2 |-> None, j3 |-> None, j4 |-> None] ]
/\ msgs = ( [ job |-> "j1",
    cl |-> "c1",
    type |-> "CHECK_REP",
    att |-> 1,
    ok |-> TRUE,
    code |-> 0,
    flag |-> FALSE ] :>
      1 @@
  [ job |-> "j1",
    cl |-> "c2",
    type |-> "CHECK_REP",
    att |-> 1,
    ok |-> TRUE,
    code |-> 0,
    flag |-> FALSE ] :>
      1 )

State 11: <Plain line 159, col 32 to line 159, col 78 of module Trace>
/\ l = 7
/\ len = 171
/\ event = "RunnerCheckSubmitted"
/\ seq = 7
/\ status = [j1 |-> "SUBMITTED", j2 |-> "SUBMITTED", j3 |-> "SUBMITTED", j4 |-> "SUBMITTED"]
/\ rpc_pc = "ChkSubmitted"
/\ cmp_pc = "Idle"
/\ slots = {}
/\ running = {}
/\ pending = [j1 |-> None, j2 |-> None, j3 |-> None, j4 |-> None]
/\ rp = [j1 |-> None, j2 |-> None, j3 |-> None, j4 |-> None]
/\ exc = [j1 |-> None, j2 |-> None, j3 |-> None, j4 |-> None]
/\ free = [c1 |-> [u0 |-> 0, u1 |-> 1], c2 |-> [u0 |-> 0, u1 |-> 1]]
/\ resv = [ c1 |-> {[units |-> {"u0"}, job |-> "j1", tok |-> 1, ttl |-> 3]},
  c2 |-> {[units |-> {"u0"}, job |-> "j1", tok |-> 1, ttl |-> 3]} ]
/\ reg = [ c1 |-> [j1 |-> None, j2 |-> None, j3 |-> None, j4 |-> None],
  c2 |-> [j1 |-> None, j2 |-> None, j3 |-> None, j4 |-> None] ]
/\ msgs = <<>>

State 12: <Plain line 164, col 32 to line 164, col 82 of module Trace>
/\ l = 8
/\ len = 171
/\ event = "RunnerDeployJob"
/\ seq = 8
/\ status = [j1 |-> "SUBMITTED", j2 |-> "SUBMITTED", j3 |-> "SUBMITTED", j4 |-> "SUBMITTED"]
/\ rpc_pc = "Deploy"
/\ cmp_pc = "Idle"
/\ slots = {}
/\ running = {}
/\ pending = [j1 |-> None, j2 |-> None, j3 |-> None, j4 |-> None]
/\ rp = [j1 |-> None, j2 |-> None, j3 |-> None, j4 |-> None]
/\ exc = [j1 |-> None, j2 |-> None, j3 |-> None, j4 |-> None]
/\ free = [c1 |-> [u0 |-> 0, u1 |-> 1], c2 |-> [u0 |-> 0, u1 |-> 1]]
/\ resv = [ c1 |-> {[units |-> {"u0"}, job |-> "j1", tok |-> 1, ttl |-> 3]},
  c2 |-> {[units |-> {"u0"}, job |-> "j1", tok |-> 1, ttl |-> 3]} ]
/\ reg = [ c1 |-> [j1 |-> None, j2 |-> None, j3 |-> None, j4 |-> None],
  c2 |-> [j1 |-> None, j2 |-> None, j3 |-> None, j4 |-> None] ]
/\ msgs = <<>>

State 13: <RunnerDeployJobLogged line 166, col 5 to line 169, col 16 of module Trace>
/\ l = 9
/\ len = 171
/\ event = "RunnerSetDispatched"
/\ seq = 9
/\ status = [j1 |-> "SUBMITTED", j2 |-> "SUBMITTED", j3 |-> "SUBMITTED", j4 |-> "SUBMITTED"]
/\ rpc_pc = "SetDispatched"
/\ cmp_pc = "Idle"
/\ slots = {}
/\ running = {}
/\ pending = [j1 |-> None, j2 |-> None, j3 |-> None, j4 |-> None]
/\ rp = [j1 |-> None, j2 |-> None, j3 |-> None, j4 |-> None]
/\ exc = [j1 |-> None, j2 |-> None, j3 |-> None, j4 |-> None]
/\ free = [c1 |-> [u0 |-> 0, u1 |-> 1], c2 |-> [u0 |-> 0, u1 |-> 1]]
/\ resv = [ c1 |-> {[units |-> {"u0"}, job |-> "j1", tok |-> 1, ttl |-> 3]},
  c2 |-> {[units |-> {"u0"}, job |-> "j1", tok |-> 1, ttl |-> 3]} ]
/\ reg = [ c1 |-> [j1 |-> None, j2 |-> None, j3 |-> None, j4 |-> None],
  c2 |-> [j1 |-> None, j2 |-> None, j3 |-> None, j4 |-> None] ]
/\ msgs = <<>>

State 14: <Plain line 170, col 32 to line 170, col 80 of module Trace>
/\ l = 10
/\ len = 171
/\ event = "RunnerMetaRead"
/\ seq = 10
/\ status = [ j1 |-> "DISPATCHED",
  j2 |-> "SUBMITTED",
  j3 |-> "SUBMITTED",
  j4 |-> "SUBMITTED" ]
/\ rpc_pc = "MetaRead"
/\ cmp_pc = "Idle"
/\ slots = {}
/\ running = {}
/\ pending = [j1 |-> None, j2 |-> None, j3 |-> None, j4 |-> None]
/\ rp = [j1 |-> None, j2 |-> None, j3 |-> None, j4 |-> None]
/\ exc = [j1 |-> None, j2 |-> None, j3 |-> None, j4 |-> None]
/\ free = [c1 |-> [u0 |-> 0, u1 |-> 1], c2 |-> [u0 |-> 0, u1 |-> 1]]
/\ resv = [ c1 |-> {[units |-> {"u0"}, job |-> "j1", tok |-> 1, ttl |-> 3]},
  c2 |-> {[units |-> {"u0"}, job |-> "j1", tok |-> 1, ttl |-> 3]} ]
/\ reg = [ c1 |-> [j1 |-> None, j2 |-> None, j3 |-> None, j4 |-> None],
  c2 |-> [j1 |-> None, j2 |-> None, j3 |-> None, j4 |-> None] ]
/\ msgs = <<>>

State 15: <Plain line 171, col 32 to line 171, col 70 of module Trace>
/\ l = 11
/\ len = 171
/\ event = "RunnerMetaWrite"
/\ seq = 11
/\ status = [ j1 |-> "DISPATCHED",
  j2 |-> "SUBMITTED",
  j3 |-> "SUBMITTED",
  j4 |-> "SUBMITTED" ]
/\ rpc_pc = "MetaWrite"
/\ cmp_pc = "Idle"
/\ slots = {}
/\ running = {}
/\ pending = [j1 |-> None, j2 |-> None, j3 |-> None, j4 |-> None]
/\ rp = [j1 |-> None, j2 |-> None, j3 |-> None, j4 |-> None]
/\ exc = [j1 |-> None, j2 |-> None, j3 |-> None, j4 |-> None]
/\ free = [c1 |-> [u0 |-> 0, u1 |-> 1], c2 |-> [u0 |-> 0, u1 |-> 1]]
/\ resv = [ c1 |-> {[units |-> {"u0"}, job |-> "j1", tok |-> 1, ttl |-> 3]},
  c2 |-> {[units |-> {"u0"}, job |-> "j1", tok |-> 1, ttl |-> 3]} ]
/\ reg = [ c1 |-> [j1 |-> None, j2 |-> None, j3 |-> None, j4 |-> None],
  c2 |-> [j1 |-> None, j2 |-> None, j3 |-> None, j4 |-> None] ]
/\ msgs = <<>>

State 16: <Plain line 172, col 32 to line 172, col 72 of module Trace>
/\ l = 12
/\ len = 171
/\ event = "RunnerCheckDispatched"
/\ seq = 12
/\ status = [ j1 |-> "DISPATCHED",
  j2 |-> "SUBMITTED",
  j3 |-> "SUBMITTED",
  j4 |-> "SUBMITTED" ]
/\ rpc_pc = "ChkDispatched"
/\ cmp_pc = "Idle"
/\ slots = {}
/\ running = {}
/\ pending = [j1 |-> None, j2 |-> None, j3 |-> None, j4 |-> None]
/\ rp = [j1 |-> None, j2 |-> None, j3 |-> None, j4 |-> None]
/\ exc = [j1 |-> None, j2 |-> None, j3 |-> None, j4 |-> None]
/\ free = [c1 |-> [u0 |-> 0, u1 |-> 1], c2 |-> [u0 |-> 0, u1 |-> 1]]
/\ resv = [ c1 |-> {[units |-> {"u0"}, job |-> "j1", tok |-> 1, ttl |-> 3]},
  c2 |-> {[units |-> {"u0"}, job |-> "j1", tok |-> 1, ttl |-> 3]} ]
/\ reg = [ c1 |-> [j1 |-> None, j2 |-> None, j3 |-> None, j4 |-> None],
  c2 |-> [j1 |-> None, j2 |-> None, j3 |-> None, j4 |-> None] ]
/\ msgs = <<>>

State 17: <Plain line 173, col 32 to line 173, col 84 of module Trace>
/\ l = 13
/\ len = 171
/\ event = "RunnerStartServerApp"
/\ seq = 13
/\ status = [ j1 |-> "DISPATCHED",
  j2 |-> "SUBMITTED",
  j3 |-> "SUBMITTED",
  j4 |-> "SUBMITTED" ]
/\ rpc_pc = "StartSJ"
/\ cmp_pc = "Idle"
/\ slots = {}
/\ running = {}
/\ pending = [j1 |-> None, j2 |-> None, j3 |-> None, j4 |-> None]
/\ rp = [j1 |-> None, j2 |-> None, j3 |-> None, j4 |-> None]
/\ exc = [j1 |-> None, j2 |-> None, j3 |-> None, j4 |-> None]
/\ free = [c1 |-> [u0 |-> 0, u1 |-> 1], c2 |-> [u0 |-> 0, u1 |-> 1]]
/\ resv = [ c1 |-> {[units |-> {"u0"}, job |-> "j1", tok |-> 1, ttl |-> 3]},
  c2 |-> {[units |-> {"u0"}, job |-> "j1", tok |-> 1, ttl |-> 3]} ]
/\ reg = [ c1 |-> [j1 |-> None, j2 |-> None, j3 |-> None, j4 |-> None],
  c2 |-> [j1 |-> None, j2 |-> None, j3 |-> None, j4 |-> None] ]
/\ msgs = <<>>

State 18: <TraceSilent line 272, col 5 to line 301, col 18 of module Trace>
/\ l = 13
/\ len = 171
/\ event = "RunnerStartServerApp"
/\ seq = 13
/\ status = [ j1 |-> "DISPATCHED",
  j2 |-> "SUBMITTED",
  j3 |-> "SUBMITTED",
  j4 |-> "SUBMITTED" ]
/\ rpc_pc = "RegisterSJ"
/\ cmp_pc = "Idle"
/\ slots = {}
/\ running = {}
/\ pending = [j1 |-> None, j2 |-> None, j3 |-> None, j4 |-> None]
/\ rp = [j1 |-> None, j2 |-> None, j3 |-> None, j4 |-> None]
/\ exc = [j1 |-> None, j2 |-> None, j3 |-> None, j4 |-> None]
/\ free = [c1 |-> [u0 |-> 0, u1 |-> 1], c2 |-> [u0 |-> 0, u1 |-> 1]]
/\ resv = [ c1 |-> {[units |-> {"u0"}, job |-> "j1", tok |-> 1, ttl |-> 3]},
  c2 |-> {[units |-> {"u0"}, job |-> "j1", tok |-> 1, ttl |-> 3]} ]
/\ reg = [ c1 |-> [j1 |-> None, j2 |-> None, j3 |-> None, j4 |-> None],
  c2 |-> [j1 |-> None, j2 |-> None, j3 |-> None, j4 |-> None] ]
/\ msgs = <<>>

State 19: <TraceSilent line 272, col 5 to line 301, col 18 of module Trace>
/\ l = 13
/\ len = 171
/\ event = "RunnerStartServerApp"
/\ seq = 13
/\ status = [ j1 |-> "DISPATCHED",
  j2 |-> "SUBMITTED",
  j3 |-> "SUBMITTED",
  j4 |-> "SUBMITTED" ]
/\ rpc_pc = "InitOutcomes"
/\ cmp_pc = "Idle"
/\ slots = {}
/\ running = {}
/\ pending = [j1 |-> None, j2 |-> None, j3 |-> None, j4 |-> None]
/\ rp = [ j1 |->
      [rc |-> 0, finished |-> FALSE, exeErr |-> FALSE, parts |-> {"c1", "c2"}],
  j2 |-> None,
  j3 |-> None,
  j4 |-> None ]
/\ exc = [j1 |-> None, j2 |-> None, j3 |-> None, j4 |-> None]
/\ free = [c1 |-> [u0 |-> 0, u1 |-> 1], c2 |-> [u0 |-> 0, u1 |-> 1]]
/\ resv = [ c1 |-> {[units |-> {"u0"}, job |-> "j1", tok |-> 1, ttl |-> 3]},
  c2 |-> {[units |-> {"u0"}, job |-> "j1", tok |-> 1, ttl |-> 3]} ]
/\ reg = [ c1 |-> [j1 |-> None, j2 |-> None, j3 |-> None, j4 |-> None],
  c2 |-> [j1 |-> None, j2 |-> None, j3 |-> None, j4 |-> None] ]
/\ msgs = <<>>

State 20: <TraceSilent line 272, col 5 to line 301, col 18 of module Trace>
/\ l = 13
/\ len = 171
/\ event = "RunnerStartServerApp"
/\ seq = 13
/\ status = [ j1 |-> "DISPATCHED",
  j2 |-> "SUBMITTED",
  j3 |-> "SUBMITTED",
  j4 |-> "SUBMITTED" ]
/\ rpc_pc = "SendStart"
/\ cmp_pc = "Idle"
/\ slots = {}
/\ running = {}
/\ pending = [j1 |-> {"c1", "c2"}, j2 |-> None, j3 |-> None, j4 |-> None]
/\ rp = [ j1 |->
      [rc |-> 0, finished |-> FALSE, exeErr |-> FALSE, parts |-> {"c1", "c2"}],
  j2 |-> None,
  j3 |-> None,
  j4 |-> None ]
/\ exc = [j1 |-> None, j2 |-> None, j3 |-> None, j4 |-> None]
/\ free = [c1 |-> [u0 |-> 0, u1 |-> 1], c2 |-> [u0 |-> 0, u1 |-> 1]]
/\ resv = [ c1 |-> {[units |-> {"u0"}, job |-> "j1", tok |-> 1, ttl |-> 3]},
  c2 |-> {[units |-> {"u0"}, job |-> "j1", tok |-> 1, ttl |-> 3]} ]
/\ reg = [ c1 |-> [j1 |-> None, j2 |-> None, j3 |-> None, j4 |-> None],
  c2 |-> [j1 |-> None, j2 |-> None, j3 |-> None, j4 |-> None] ]
/\ msgs = <<>>

State 21: <TraceSilent line 272, col 5 to line 301, col 18 of module Trace>
/\ l = 13
/\ len = 171
/\ event = "RunnerStartServerApp"
/\ seq = 13
/\ status = [ j1 |-> "DISPATCHED",
  j2 |-> "SUBMITTED",
  j3 |-> "SUBMITTED",
  j4 |-> "SUBMITTED" ]
/\ rpc_pc = "SendStart"
/\ cmp_pc = "Idle"
/\ slots = {}
/\ running = {}
/\ pending = [j1 |-> {"c1", "c2"}, j2 |-> None, j3 |-> None, j4 |-> None]
/\ rp = [ j1 |->
      [rc |-> 0, finished |-> FALSE, exeErr |-> FALSE, parts |-> {"c1", "c2"}],
  j2 |-> None,
  j3 |-> None,
  j4 |-> None ]
/\ exc = [j1 |-> None, j2 |-> None, j3 |-> None, j4 |-> None]
/\ free = [c1 |-> [u0 |-> 0, u1 |-> 1], c2 |-> [u0 |-> 0, u1 |-> 1]]
/\ resv = [ c1 |-> {[units |-> {"u0"}, job |-> "j1", tok |-> 1, ttl |-> 3]},
  c2 |-> {[units |-> {"u0"}, job |-> "j1", tok |-> 1, ttl |-> 3]} ]
/\ reg = [ c1 |-> [j1 |-> None, j2 |-> None, j3 |-> None, j4 |-> None],
  c2 |-> [j1 |-> None, j2 |-> None, j3 |-> None, j4 |-> None] ]
/\ msgs = ( [ job |-> "j1",
    cl |-> "c1",
    type |-> "START",
    att |-> 1,
    ok |-> FALSE,
    code |-> 0,
    flag |-> FALSE ] :>
      1 )

State 22: <TraceSilent line 272, col 5 to line 301, col 18 of module Trace>
/\ l = 13
/\ len = 171
/\ event = "RunnerStartServerApp"
/\ seq = 13
/\ status = [ j1 |-> "DISPATCHED",
  j2 |-> "SUBMITTED",
  j3 |-> "SUBMITTED",
  j4 |-> "SUBMITTED" ]
/\ rpc_pc = "SendStart"
/\ cmp_pc = "Idle"
/\ slots = {}
/\ running = {}
/\ pending = [j1 |-> {"c1", "c2"}, j2 |-> None, j3 |-> None, j4 |-> None]
/\ rp = [ j1 |->
      [rc |-> 0, finished |-> FALSE, exeErr |-> FALSE, parts |-> {"c1", "c2"}],
  j2 |-> None,
  j3 |-> None,
  j4 |-> None ]
/\ exc = [j1 |-> None, j2 |-> None, j3 |-> None, j4 |-> None]
/\ free = [c1 |-> [u0 |-> 0, u1 |-> 1], c2 |-> [u0 |-> 0, u1 |-> 1]]
/\ resv = [ c1 |-> {[units |-> {"u0"}, job |-> "j1", tok |-> 1, ttl |-> 3]},
  c2 |-> {[units |-> {"u0"}, job |-> "j1", tok |-> 1, ttl |-> 3]} ]
/\ reg = [ c1 |-> [j1 |-> None, j2 |-> None, j3 |-> None, j4 |-> None],
  c2 |-> [j1 |-> None, j2 |-> None, j3 |-> None, j4 |-> None] ]
/\ msgs = ( [ job |-> "j1",
    cl |-> "c1",
    type |-> "START",
    att |-> 1,
    ok |-> FALSE,
    code |-> 0,
    flag |-> FALSE ] :>
      1 @@
  [ job |-> "j1",
    cl |-> "c2",
    type |-> "START",
    att |-> 1,
    ok |-> FALSE,
    code |-> 0,
    flag |-> FALSE ] :>
      1 )

State 23: <Plain line 174, col 32 to line 174, col 82 of module Trace>
/\ l = 14
/\ len = 171
/\ event = "CpStartAllocate"
/\ seq = 14
/\ status = [ j1 |-> "DISPATCHED",
  j2 |-> "SUBMITTED",
  j3 |-> "SUBMITTED",
  j4 |-> "SUBMITTED" ]
/\ rpc_pc = "StartWait"
/\ cmp_pc = "Idle"
/\ slots = {}
/\ running = {}
/\ pending = [j1 |-> {"c1", "c2"}, j2 |-> None, j3 |-> None, j4 |-> None]
/\ rp = [ j1 |->
      [rc |-> 0, finished |-> FALSE, exeErr |-> FALSE, parts |-> {"c1", "c2"}],
  j2 |-> None,
  j3 |-> None,
  j4 |-> None ]
/\ exc = [j1 |-> None, j2 |-> None, j3 |-> None, j4 |-> None]
/\ free = [c1 |-> [u0 |-> 0, u1 |-> 1], c2 |-> [u0 |-> 0, u1 |-> 1]]
/\ resv = [ c1 |-> {[units |-> {"u0"}, job |-> "j1", tok |-> 1, ttl |-> 3]},
  c2 |-> {[units |-> {"u0"}, job |-> "j1", tok |-> 1, ttl |-> 3]} ]
/\ reg = [ c1 |-> [j1 |-> None, j2 |-> None, j3 |-> None, j4 |-> None],
  c2 |-> [j1 |-> None, j2 |-> None, j3 |-> None, j4 |-> None] ]
/\ msgs = ( [ job |-> "j1",
    cl |-> "c1",
    type |-> "START",
    att |-> 1,
    ok |-> FALSE,
    code |-> 0,
    flag |-> FALSE ] :>
      1 @@
  [ job |-> "j1",
    cl |-> "c2",
    type |-> "START",
    att |-> 1,
    ok |-> FALSE,
    code |-> 0,
    flag |-> FALSE ] :>
      1 )

State 24: <MsgEv line 214, col 30 to line 214, col 70 of module Trace>
/\ l = 15
/\ len = 171
/\ event = "CpStartRegister"
/\ seq = 15
/\ status = [ j1 |-> "DISPATCHED",
  j2 |-> "SUBMITTED",
  j3 |-> "SUBMITTED",
  j4 |-> "SUBMITTED" ]
/\ rpc_pc = "StartWait"
/\ cmp_pc = "Idle"
/\ slots = {}
/\ running = {}
/\ pending = [j1 |-> {"c1", "c2"}, j2 |-> None, j3 |-> None, j4 |-> None]
/\ rp = [ j1 |->
      [rc |-> 0, finished |-> FALSE, exeErr |-> FALSE, parts |-> {"c1", "c2"}],
  j2 |-> None,
  j3 |-> None,
  j4 |-> None ]
/\ exc = [j1 |-> None, j2 |-> None, j3 |-> None, j4 |-> None]
/\ free = [c1 |-> [u0 |-> 0, u1 |-> 1], c2 |-> [u0 |-> 0, u1 |-> 1]]
/\ resv = [c1 |-> {}, c2 |-> {[units |-> {"u0"}, job |-> "j1", tok |-> 1, ttl |-> 3]}]
/\ reg = [ c1 |-> [j1 |-> None, j2 |-> None, j3 |-> None, j4 |-> None],
  c2 |-> [j1 |-> None, j2 |-> None, j3 |-> None, j4 |-> None] ]
/\ msgs = ( [ job |-> "j1",
    cl |-> "c2",
    type |-> "START",
    att |-> 1,
    ok |-> FALSE,
    code |-> 0,
    flag |-> FALSE ] :>
      1 )

State 25: <CpStartRegisterLogged line 237, col 5 to line 237, col 104 of module Trace>
/\ l = 16
/\ len = 171
/\ event = "CpStartLaunch"
/\ seq = 16
/\ status = [ j1 |-> "DISPATCHED",
  j2 |-> "SUBMITTED",
  j3 |-> "SUBMITTED",
  j4 |-> "SUBMITTED" ]
/\ rpc_pc = "StartWait"
/\ cmp_pc = "Idle"
/\ slots = {}
/\ running = {}
/\ pending = [j1 |-> {"c1", "c2"}, j2 |-> None, j3 |-> None, j4 |-> None]
/\ rp = [ j1 |->
      [rc |-> 0, finished |-> FALSE, exeErr |-> FALSE, parts |-> {"c1", "c2"}],
  j2 |-> None,
  j3 |-> None,
  j4 |-> None ]
/\ exc = [j1 |-> None, j2 |-> None, j3 |-> None, j4 |-> None]
/\ free = [c1 |-> [u0 |-> 0, u1 |-> 1], c2 |-> [u0 |-> 0, u1 |-> 1]]
/\ resv = [c1 |-> {}, c2 |-> {[units |-> {"u0"}, job |-> "j1", tok |-> 1, ttl |-> 3]}]
/\ reg = [ c1 |->
      [ j1 |->
            [ st |-> "STARTING",
              attached |-> FALSE,
              abortReq |-> FALSE,
              pendAbort |-> FALSE ],
        j2 |-> None,
        j3 |-> None,
        j4 |-> None ],
  c2 |-> [j1 |-> None, j2 |-> None, j3 |-> None, j4 |-> None] ]
/\ msgs = ( [ job |-> "j1",
    cl |-> "c2",
    type |-> "START",
    att |-> 1,
    ok |-> FALSE,
    code |-> 0,
    flag |-> FALSE ] :>
      1 )

State 26: <CpStartLaunchLogged line 239, col 5 to line 239, col 100 of module Trace>
/\ l = 17
/\ len = 171
/\ event = "RunnerStartTimeout"
/\ seq = 17
/\ status = [ j1 |-> "DISPATCHED",
  j2 |-> "SUBMITTED",
  j3 |-> "SUBMITTED",
  j4 |-> "SUBMITTED" ]
/\ rpc_pc = "StartWait"
/\ cmp_pc = "Idle"
/\ slots = {}
/\ running = {}
/\ pending = [j1 |-> {"c1", "c2"}, j2 |-> None, j3 |-> None, j4 |-> None]
/\ rp = [ j1 |->
      [rc |-> 0, finished |-> FALSE, exeErr |-> FALSE, parts |-> {"c1", "c2"}],
  j2 |-> None,
  j3 |-> None,
  j4 |-> None ]
/\ exc = [j1 |-> None, j2 |-> None, j3 |-> None, j4 |-> None]
/\ free = [c1 |-> [u0 |-> 0, u1 |-> 1], c2 |-> [u0 |-> 0, u1 |-> 1]]
/\ resv = [c1 |-> {}, c2 |-> {[units |-> {"u0"}, job |-> "j1", tok |-> 1, ttl |-> 3]}]
/\ reg = [ c1 |->
      [ j1 |->
            [ st |-> "STARTING",
              attached |-> TRUE,
              abortReq |-> FALSE,
              pendAbort |-> FALSE ],
        j2 |-> None,
        j3 |-> None,
        j4 |-> None ],
  c2 |-> [j1 |-> None, j2 |-> None, j3 |-> None, j4 |-> None] ]
/\ msgs = ( [ job |-> "j1",
    cl |-> "c1",
    type |-> "START_REP",
    att |-> 0,
    ok |-> FALSE,
    code |-> 0,
    flag |-> FALSE ] :>
      1 @@
  [ job |-> "j1",
    cl |-> "c2",
    type |-> "START",
    att |-> 1,
    ok |-> FALSE,
    code |-> 0,
    flag |-> FALSE ] :>
      1 )

State 27: <Plain line 177, col 32 to line 177, col 78 of module Trace>
/\ l = 18
/\ len = 171
/\ event = "RunnerInsertRunning"
/\ seq = 18
/\ status = [ j1 |-> "DISPATCHED",
  j2 |-> "SUBMITTED",
  j3 |-> "SUBMITTED",
  j4 |-> "SUBMITTED" ]
/\ rpc_pc = "InsertRunning"
/\ cmp_pc = "Idle"
/\ slots = {"j1"}
/\ running = {}
/\ pending = [j1 |-> {"c1"}, j2 |-> None, j3 |-> None, j4 |-> None]
/\ rp = [ j1 |->
      [rc |-> 0, finished |-> FALSE, exeErr |-> FALSE, parts |-> {"c1", "c2"}],
  j2 |-> None,
  j3 |-> None,
  j4 |-> None ]
/\ exc = [j1 |-> None, j2 |-> None, j3 |-> None, j4 |-> None]
/\ free = [c1 |-> [u0 |-> 0, u1 |-> 1], c2 |-> [u0 |-> 0, u1 |-> 1]]
/\ resv = [c1 |-> {}, c2 |-> {[units |-> {"u0"}, job |-> "j1", tok |-> 1, ttl |-> 3]}]
/\ reg = [ c1 |->
      [ j1 |->
            [ st |-> "STARTING",
              attached |-> TRUE,
              abortReq |-> FALSE,
              pendAbort |-> FALSE ],
        j2 |-> None,
        j3 |-> None,
        j4 |-> None ],
  c2 |-> [j1 |-> None, j2 |-> None, j3 |-> None, j4 |-> None] ]
/\ msgs = ( [ job |-> "j1",
    cl |-> "c2",
    type |-> "START",
    att |-> 1,
    ok |-> FALSE,
    code |-> 0,
    flag |-> FALSE ] :>
      1 )

State 28: <Plain line 178, col 32 to line 178, col 80 of module Trace>
/\ l = 19
/\ len = 171
/\ event = "RunnerSetRunning"
/\ seq = 19
/\ status = [ j1 |-> "DISPATCHED",
  j2 |-> "SUBMITTED",
  j3 |-> "SUBMITTED",
  j4 |-> "SUBMITTED" ]
/\ rpc_pc = "SetRunning"
/\ cmp_pc = "Idle"
/\ slots = {"j1"}
/\ running = {"j1"}
/\ pending = [j1 |-> {"c1"}, j2 |-> None, j3 |-> None, j4 |-> None]
/\ rp = [ j1 |->
      [rc |-> 0, finished |-> FALSE, exeErr |-> FALSE, parts |-> {"c1", "c2"}],
  j2 |-> None,
  j3 |-> None,
  j4 |-> None ]
/\ exc = [j1 |-> None, j2 |-> None, j3 |-> None, j4 |-> None]
/\ free = [c1 |-> [u0 |-> 0, u1 |-> 1], c2 |-> [u0 |-> 0, u1 |-> 1]]
/\ resv = [c1 |-> {}, c2 |-> {[units |-> {"u0"}, job |-> "j1", tok |-> 1, ttl |-> 3]}]
/\ reg = [ c1 |->
      [ j1 |->
            [ st |-> "STARTING",
              attached |-> TRUE,
              abortReq |-> FALSE,
              pendAbort |-> FALSE ],
        j2 |-> None,
        j3 |-> None,
        j4 |-> None ],
  c2 |-> [j1 |-> None, j2 |-> None, j3 |-> None, j4 |-> None] ]
/\ msgs = ( [ job |-> "j1",
    cl |-> "c2",
    type |-> "START",
    att |-> 1,
    ok |-> FALSE,
    code |-> 0,
    flag |-> FALSE ] :>
      1 )

State 29: <Plain line 179, col 32 to line 179, col 74 of module Trace>
/\ l = 20
/\ len = 171
/\ event = "CpTick"
/\ seq = 20
/\ status = [j1 |-> "RUNNING", j2 |-> "SUBMITTED", j3 |-> "SUBMITTED", j4 |-> "SUBMITTED"]
/\ rpc_pc = "Scan"
/\ cmp_pc = "Idle"
/\ slots = {"j1"}
/\ running = {"j1"}
/\ pending = [j1 |-> {"c1"}, j2 |-> None, j3 |-> None, j4 |-> None]
/\ rp = [ j1 |->
      [rc |-> 0, finished |-> FALSE, exeErr |-> FALSE, parts |-> {"c1", "c2"}],
  j2 |-> None,
  j3 |-> None,
  j4 |-> None ]
/\ exc = [j1 |-> None, j2 |-> None, j3 |-> None, j4 |-> None]
/\ free = [c1 |-> [u0 |-> 0, u1 |-> 1], c2 |-> [u0 |-> 0, u1 |-> 1]]
/\ resv = [c1 |-> {}, c2 |-> {[units |-> {"u0"}, job |-> "j1", tok |-> 1, ttl |-> 3]}]
/\ reg = [ c1 |->
      [ j1 |->
            [ st |-> "STARTING",
              attached |-> TRUE,
              abortReq |-> FALSE,
              pendAbort |-> FALSE ],
        j2 |-> None,
        j3 |-> None,
        j4 |-> None ],
  c2 |-> [j1 |-> None, j2 |-> None, j3 |-> None, j4 |-> None] ]
/\ msgs = ( [ job |-> "j1",
    cl |-> "c2",
    type |-> "START",
    att |-> 1,
    ok |-> FALSE,
    code |-> 0,
    flag |-> FALSE ] :>
      1 )

State 30: <CpTickLogged line 246, col 22 to line 246, col 92 of module Trace>
/\ l = 21
/\ len = 171
/\ event = "CjNotifyStarted"
/\ seq = 21
/\ status = [j1 |-> "RUNNING", j2 |-> "SUBMITTED", j3 |-> "SUBMITTED", j4 |-> "SUBMITTED"]
/\ rpc_pc = "Scan"
/\ cmp_pc = "Idle"
/\ slots = {"j1"}
/\ running = {"j1"}
/\ pending = [j1 |-> {"c1"}, j2 |-> None, j3 |-> None, j4 |-> None]
/\ rp = [ j1 |->
      [rc |-> 0, finished |-> FALSE, exeErr |-> FALSE, parts |-> {"c1", "c2"}],
  j2 |-> None,
  j3 |-> None,
  j4 |-> None ]
/\ exc = [j1 |-> None, j2 |-> None, j3 |-> None, j4 |-> None]
/\ free = [c1 |-> [u0 |-> 0, u1 |-> 1], c2 |-> [u0 |-> 0, u1 |-> 1]]
/\ resv = [c1 |-> {}, c2 |-> {[units |-> {"u0"}, job |-> "j1", tok |-> 1, ttl |-> 2]}]
/\ reg = [ c1 |->
      [ j1 |->
            [ st |-> "STARTING",
              attached |-> TRUE,
              abortReq |-> FALSE,
              pendAbort |-> FALSE ],
        j2 |-> None,
        j3 |-> None,
        j4 |-> None ],
  c2 |-> [j1 |-> None, j2 |-> None, j3 |-> None, j4 |-> None] ]
/\ msgs = ( [ job |-> "j1",
    cl |-> "c2",
    type |-> "START",
    att |-> 1,
    ok |-> FALSE,
    code |-> 0,
    flag |-> FALSE ] :>
      1 )

State 31: <CjNotifyStartedLogged line 251, col 5 to line 251, col 104 of module Trace>
/\ l = 22
/\ len = 171
/\ event = "Heartbeat"
/\ seq = 22
/\ status = [j1 |-> "RUNNING", j2 |-> "SUBMITTED", j3 |-> "SUBMITTED", j4 |-> "SUBMITTED"]
/\ rpc_pc = "Scan"
/\ cmp_pc = "Idle"
/\ slots = {"j1"}
/\ running = {"j1"}
/\ pending = [j1 |-> {"c1"}, j2 |-> None, j3 |-> None, j4 |-> None]
/\ rp = [ j1 |->
      [rc |-> 0, finished |-> FALSE, exeErr |-> FALSE, parts |-> {"c1", "c2"}],
  j2 |-> None,
  j3 |-> None,
  j4 |-> None ]
/\ exc = [j1 |-> None, j2 |-> None, j3 |-> None, j4 |-> None]
/\ free = [c1 |-> [u0 |-> 0, u1 |-> 1], c2 |-> [u0 |-> 0, u1 |-> 1]]
/\ resv = [c1 |-> {}, c2 |-> {[units |-> {"u0"}, job |-> "j1", tok |-> 1, ttl |-> 2]}]
/\ reg = [ c1 |->
      [ j1 |->
            [ st |-> "STARTED",
              attached |-> TRUE,
              abortReq |-> FALSE,
              pendAbort |-> FALSE ],
        j2 |-> None,
        j3 |-> None,
        j4 |-> None ],
  c2 |-> [j1 |-> None, j2 |-> None, j3 |-> None, j4 |-> None] ]
/\ msgs = ( [ job |-> "j1",
    cl |-> "c2",
    type |-> "START",
    att |-> 1,
    ok |-> FALSE,
    code |-> 0,
    flag |-> FALSE ] :>
      1 )

State 32: <HeartbeatLogged line 247, col 22 to line 247, col 98 of module Trace>
/\ l = 23
/\ len = 171
/\ event = "AdminAbortBegin"
/\ seq = 23
/\ status = [j1 |-> "RUNNING", j2 |-> "SUBMITTED", j3 |-> "SUBMITTED", j4 |-> "SUBMITTED"]
/\ rpc_pc = "Scan"
/\ cmp_pc = "Idle"
/\ slots = {"j1"}
/\ running = {"j1"}
/\ pending = [j1 |-> {"c1"}, j2 |-> None, j3 |-> None, j4 |-> None]
/\ rp = [ j1 |->
      [rc |-> 0, finished |-> FALSE, exeErr |-> FALSE, parts |-> {"c1", "c2"}],
  j2 |-> None,
  j3 |-> None,
  j4 |-> None ]
/\ exc = [j1 |-> None, j2 |-> None, j3 |-> None, j4 |-> None]
/\ free = [c1 |-> [u0 |-> 0, u1 |-> 1], c2 |-> [u0 |-> 0, u1 |-> 1]]
/\ resv = [c1 |-> {}, c2 |-> {[units |-> {"u0"}, job |-> "j1", tok |-> 1, ttl |-> 2]}]
/\ reg = [ c1 |->
      [ j1 |->
            [ st |-> "STARTED",
              attached |-> TRUE,
              abortReq |-> FALSE,
              pendAbort |-> FALSE ],
        j2 |-> None,
        j3 |-> None,
        j4 |-> None ],
  c2 |-> [j1 |-> None, j2 |-> None, j3 |-> None, j4 |-> None] ]
/\ msgs = ( [ job |-> "j1",
    cl |-> "c2",
    type |-> "START",
    att |-> 1,
    ok |-> FALSE,
    code |-> 0,
    flag |-> FALSE ] :>
      1 )

State 33: <AdminAbortBeginLogged line 192, col 5 to line 192, col 95 of module Trace>
/\ l = 24
/\ len = 171
/\ event = "AdminStopRun"
/\ seq = 24
/\ status = [j1 |-> "RUNNING", j2 |-> "SUBMITTED", j3 |-> "SUBMITTED", j4 |-> "SUBMITTED"]
/\ rpc_pc = "Scan"
/\ cmp_pc = "Idle"
/\ slots = {"j1"}
/\ running = {"j1"}
/\ pending = [j1 |-> {"c1"}, j2 |-> None, j3 |-> None, j4 |-> None]
/\ rp = [ j1 |->
      [rc |-> 0, finished |-> FALSE, exeErr |-> FALSE, parts |-> {"c1", "c2"}],
  j2 |-> None,
  j3 |-> None,
  j4 |-> None ]
/\ exc = [j1 |-> None, j2 |-> None, j3 |-> None, j4 |-> None]
/\ free = [c1 |-> [u0 |-> 0, u1 |-> 1], c2 |-> [u0 |-> 0, u1 |-> 1]]
/\ resv = [c1 |-> {}, c2 |-> {[units |-> {"u0"}, job |-> "j1", tok |-> 1, ttl |-> 2]}]
/\ reg = [ c1 |->
      [ j1 |->
            [ st |-> "STARTED",
              attached |-> TRUE,
              abortReq |-> FALSE,
              pendAbort |-> FALSE ],
        j2 |-> None,
        j3 |-> None,
        j4 |-> None ],
  c2 |-> [j1 |-> None, j2 |-> None, j3 |-> None, j4 |-> None] ]
/\ msgs = ( [ job |-> "j1",
    cl |-> "c2",
    type |-> "START",
    att |-> 1,
    ok |-> FALSE,
    code |-> 0,
    flag |-> FALSE ] :>
      1 )

State 34: <AdminStopRunLogged line 196, col 5 to line 196, col 89 of module Trace>
/\ l = 25
/\ len = 171
/\ event = "CpAbortApp"
/\ seq = 25
/\ status = [j1 |-> "RUNNING", j2 |-> "SUBMITTED", j3 |-> "SUBMITTED", j4 |-> "SUBMITTED"]
/\ rpc_pc = "Scan"
/\ cmp_pc = "Idle"
/\ slots = {"j1"}
/\ running = {"j1"}
/\ pending = [j1 |-> {"c1"}, j2 |-> None, j3 |-> None, j4 |-> None]
/\ rp = [ j1 |->
      [rc |-> 0, finished |-> FALSE, exeErr |-> FALSE, parts |-> {"c1", "c2"}],
  j2 |-> None,
  j3 |-> None,
  j4 |-> None ]
/\ exc = [j1 |-> None, j2 |-> None, j3 |-> None, j4 |-> None]
/\ free = [c1 |-> [u0 |-> 0, u1 |-> 1], c2 |-> [u0 |-> 0, u1 |-> 1]]
/\ resv = [c1 |-> {}, c2 |-> {[units |-> {"u0"}, job |-> "j1", tok |-> 1, ttl |-> 2]}]
/\ reg = [ c1 |->
      [ j1 |->
            [ st |-> "STARTED",
              attached |-> TRUE,
              abortReq |-> FALSE,
              pendAbort |-> FALSE ],
        j2 |-> None,
        j3 |-> None,
        j4 |-> None ],
  c2 |-> [j1 |-> None, j2 |-> None, j3 |-> None, j4 |-> None] ]
/\ msgs = ( [ job |-> "j1",
    cl |-> None,
    type |-> "SJABORT",
    att |-> 0,
    ok |-> FALSE,
    code |-> 0,
    flag |-> FALSE ] :>
      1 @@
  [ job |-> "j1",
    cl |-> "c1",
    type |-> "ABORT",
    att |-> 0,
    ok |-> FALSE,
    code |-> 0,
    flag |-> FALSE ] :>
      1 @@
  [ job |-> "j1",
    cl |-> "c2",
    type |-> "START",
    att |-> 1,
    ok |-> FALSE,
    code |-> 0,
    flag |-> FALSE ] :>
      1 @@
  [ job |-> "j1",
    cl |-> "c2",
    type |-> "ABORT",
    att |-> 0,
    ok |-> FALSE,
    code |-> 0,
    flag |-> FALSE ] :>
      1 )

State 35: <MsgEv line 216, col 30 to line 216, col 60 of module Trace>
/\ l = 26
/\ len = 171
/\ event = "CpAbortApp"
/\ seq = 26
/\ status = [j1 |-> "RUNNING", j2 |-> "SUBMITTED", j3 |-> "SUBMITTED", j4 |-> "SUBMITTED"]
/\ rpc_pc = "Scan"
/\ cmp_pc = "Idle"
/\ slots = {"j1"}
/\ running = {"j1"}
/\ pending = [j1 |-> {"c1"}, j2 |-> None, j3 |-> None, j4 |-> None]
/\ rp = [ j1 |->
      [rc |-> 0, finished |-> FALSE, exeErr |-> FALSE, parts |-> {"c1", "c2"}],
  j2 |-> None,
  j3 |-> None,
  j4 |-> None ]
/\ exc = [j1 |-> None, j2 |-> None, j3 |-> None, j4 |-> None]
/\ free = [c1 |-> [u0 |-> 0, u1 |-> 1], c2 |-> [u0 |-> 0, u1 |-> 1]]
/\ resv = [c1 |-> {}, c2 |-> {[units |-> {"u0"}, job |-> "j1", tok |-> 1, ttl |-> 2]}]
/\ reg = [ c1 |->
      [ j1 |->
            [ st |-> "STARTED",
              attached |-> TRUE,
              abortReq |-> TRUE,
              pendAbort |-> FALSE ],
        j2 |-> None,
        j3 |-> None,
        j4 |-> None ],
  c2 |-> [j1 |-> None, j2 |-> None, j3 |-> None, j4 |-> None] ]
/\ msgs = ( [ job |-> "j1",
    cl |-> None,
    type |-> "SJABORT",
    att |-> 0,
    ok |-> FALSE,
    code |-> 0,
    flag |-> FALSE ] :>
      1 @@
  [ job |-> "j1",
    cl |-> "c2",
    type |-> "START",
    att |-> 1,
    ok |-> FALSE,
    code |-> 0,
    flag |-> FALSE ] :>
      1 @@
  [ job |-> "j1",
    cl |-> "c2",
    type |-> "ABORT",
    att |-> 0,
    ok |-> FALSE,
    code |-> 0,
    flag |-> FALSE ] :>
      1 )

State 36: <MsgEv line 216, col 30 to line 216, col 60 of module Trace>
/\ l = 27
/\ len = 171
/\ event = "SjHandleAbort"
/\ seq = 27
/\ status = [j1 |-> "RUNNING", j2 |-> "SUBMITTED", j3 |-> "SUBMITTED", j4 |-> "SUBMITTED"]
/\ rpc_pc = "Scan"
/\ cmp_pc = "Idle"
/\ slots = {"j1"}
/\ running = {"j1"}
/\ pending = [j1 |-> {"c1"}, j2 |-> None, j3 |-> None, j4 |-> None]
/\ rp = [ j1 |->
      [rc |-> 0, finished |-> FALSE, exeErr |-> FALSE, parts |-> {"c1", "c2"}],
  j2 |-> None,
  j3 |-> None,
  j4 |-> None ]
/\ exc = [j1 |-> None, j2 |-> None, j3 |-> None, j4 |-> None]
/\ free = [c1 |-> [u0 |-> 0, u1 |-> 1], c2 |-> [u0 |-> 0, u1 |-> 1]]
/\ resv = [c1 |-> {}, c2 |-> {[units |-> {"u0"}, job |-> "j1", tok |-> 1, ttl |-> 2]}]
/\ reg = [ c1 |->
      [ j1 |->
            [ st |-> "STARTED",
              attached |-> TRUE,
              abortReq |-> TRUE,
              pendAbort |-> FALSE ],
        j2 |-> None,
        j3 |-> None,
        j4 |-> None ],
  c2 |-> [j1 |-> None, j2 |-> None, j3 |-> None, j4 |-> None] ]
/\ msgs = ( [ job |-> "j1",
    cl |-> None,
    type |-> "SJABORT",
    att |-> 0,
    ok |-> FALSE,
    code |-> 0,
    flag |-> FALSE ] :>
      1 @@
  [ job |-> "j1",
    cl |-> "c2",
    type |-> "START",
    att |-> 1,
    ok |-> FALSE,
    code |-> 0,
    flag |-> FALSE ] :>
      1 )

State 37: <TraceSilent line 272, col 5 to line 301, col 18 of module Trace>
/\ l = 27
/\ len = 171
/\ event = "SjHandleAbort"
/\ seq = 27
/\ status = [j1 |-> "RUNNING", j2 |-> "SUBMITTED", j3 |-> "SUBMITTED", j4 |-> "SUBMITTED"]
/\ rpc_pc = "Scan"
/\ cmp_pc = "Idle"
/\ slots = {"j1"}
/\ running = {"j1"}
/\ pending = [j1 |-> {"c1"}, j2 |-> None, j3 |-> None, j4 |-> None]
/\ rp = [ j1 |->
      [rc |-> 0, finished |-> FALSE, exeErr |-> FALSE, parts |-> {"c1", "c2"}],
  j2 |-> None,
  j3 |-> None,
  j4 |-> None ]
/\ exc = [j1 |-> None, j2 |-> None, j3 |-> None, j4 |-> None]
/\ free = [c1 |-> [u0 |-> 0, u1 |-> 1], c2 |-> [u0 |-> 0, u1 |-> 1]]
/\ resv = [c1 |-> {}, c2 |-> {[units |-> {"u0"}, job |-> "j1", tok |-> 1, ttl |-> 2]}]
/\ reg = [ c1 |->
      [ j1 |->
            [ st |-> "STARTED",
              attached |-> TRUE,
              abortReq |-> TRUE,
              pendAbort |-> FALSE ],
        j2 |-> None,
        j3 |-> None,
        j4 |-> None ],
  c2 |-> [j1 |-> None, j2 |-> None, j3 |-> None, j4 |-> None] ]
/\ msgs = ( [ job |-> "j1",
    cl |-> None,
    type |-> "SJABORT",
    att |-> 0,
    ok |-> FALSE,
    code |-> 0,
    flag |-> FALSE ] :>
      1 @@
  [ job |-> "j1",
    cl |-> "c2",
    type |-> "START",
    att |-> 1,
    ok |-> FALSE,
    code |-> 0,
    flag |-> FALSE ] :>
      1 )

State 38: <TraceSilent line 272, col 5 to line 301, col 18 of module Trace>
/\ l = 27
/\ len = 171
/\ event = "SjHandleAbort"
/\ seq = 27
/\ status = [j1 |-> "RUNNING", j2 |-> "SUBMITTED", j3 |-> "SUBMITTED", j4 |-> "SUBMITTED"]
/\ rpc_pc = "Scan"
/\ cmp_pc = "Idle"
/\ slots = {"j1"}
/\ running = {"j1"}
/\ pending = [j1 |-> {"c1"}, j2 |-> None, j3 |-> None, j4 |-> None]
/\ rp = [ j1 |->
      [rc |-> 0, finished |-> FALSE, exeErr |-> FALSE, parts |-> {"c1", "c2"}],
  j2 |-> None,
  j3 |-> None,
  j4 |-> None ]
/\ exc = [j1 |-> None, j2 |-> None, j3 |-> None, j4 |-> None]
/\ free = [c1 |-> [u0 |-> 0, u1 |-> 1], c2 |-> [u0 |-> 0, u1 |-> 1]]
/\ resv = [c1 |-> {}, c2 |-> {[units |-> {"u0"}, job |-> "j1", tok |-> 1, ttl |-> 2]}]
/\ reg = [ c1 |->
      [ j1 |->
            [ st |-> "STARTED",
              attached |-> TRUE,
              abortReq |-> TRUE,
              pendAbort |-> FALSE ],
        j2 |-> None,
        j3 |-> None,
        j4 |-> None ],
  c2 |-> [j1 |-> None, j2 |-> None, j3 |-> None, j4 |-> None] ]
/\ msgs = ( [ job |-> "j1",
    cl |-> None,
    type |-> "SJABORT",
    att |-> 0,
    ok |-> FALSE,
    code |-> 0,
    flag |-> FALSE ] :>
      1 @@
  [ job |-> "j1",
    cl |-> "c2",
    type |-> "START",
    att |-> 1,
    ok |-> FALSE,
    code |-> 0,
    flag |-> FALSE ] :>
      1 )

State 39: Stuttering
Finished checking temporal properties in 00s at 2026-09-26 05:22:11
123 states generated, 99 distinct states found, 0 states left on queue.
The depth of the complete state graph search is 38.
Finished in 01s at (2026-09-26 05:22:11)
Trace exploration spec path: ./Trace_TTrace_1790400130.tla

