[
  {
    "run": "continuation-C3-MC",
    "process_status": "interrupted",
    "violations": [],
    "temporal_violation": false,
    "stats": {
      "depth": 36,
      "generated": 110686841,
      "distinct": 21144364,
      "queue": 8880665
    }
  },
  {
    "run": "continuation-C4-MC",
    "process_status": "exited",
    "violations": [],
    "temporal_violation": false,
    "stats": {
      "depth": 39,
      "generated": 402950017,
      "distinct": 72017658,
      "queue": 30052898
    }
  },
  {
    "run": "continuation-C5-MC",
    "process_status": "exited",
    "violations": [],
    "temporal_violation": false,
    "stats": {
      "depth": 39,
      "generated": 393659474,
      "distinct": 70746280,
      "queue": 29716718
    }
  },
  {
    "run": "continuation-H-s1_contracts",
    "process_status": "exited",
    "violations": [
      "TerminalStable"
    ],
    "temporal_violation": false,
    "stats": {
      "generated": 4098,
      "distinct": 1283,
      "queue": 254,
      "depth": 13
    }
  },
  {
    "run": "continuation-H-s1_status",
    "process_status": "interrupted",
    "violations": [],
    "temporal_violation": false,
    "stats": {
      "depth": 39,
      "generated": 129303269,
      "distinct": 28025839,
      "queue": 11824284
    }
  },
  {
    "run": "continuation-H-s2_contracts",
    "process_status": "exited",
    "violations": [
      "RunnerAliveInv"
    ],
    "temporal_violation": false,
    "stats": {
      "generated": 423,
      "distinct": 181,
      "queue": 81,
      "depth": 8
    }
  },
  {
    "run": "continuation-H-s2_slots",
    "process_status": "exited",
    "violations": [
      "CompletionAlive"
    ],
    "temporal_violation": false,
    "stats": {
      "depth": 38,
      "generated": 40729316,
      "distinct": 9028286,
      "queue": 3585568
    }
  },
  {
    "run": "continuation-H-s2_sweeper",
    "process_status": "exited",
    "violations": [
      "SweeperAlive"
    ],
    "temporal_violation": false,
    "stats": {
      "generated": 9641,
      "distinct": 3154,
      "queue": 1375,
      "depth": 23
    }
  },
  {
    "run": "continuation-H-s3_groups",
    "process_status": "exited",
    "violations": [
      "NoFreeWhileGroupAlive"
    ],
    "temporal_violation": false,
    "stats": {
      "generated": 4917,
      "distinct": 1526,
      "queue": 385,
      "depth": 26
    }
  },
  {
    "run": "continuation-H-s3_promptcancel",
    "process_status": "exited",
    "violations": [
      "PromptCancel"
    ],
    "temporal_violation": false,
    "stats": {
      "generated": 147,
      "distinct": 65,
      "queue": 12,
      "depth": 9
    }
  },
  {
    "run": "continuation-H-s3_resources",
    "process_status": "interrupted",
    "violations": [],
    "temporal_violation": false,
    "stats": {
      "depth": 38,
      "generated": 13022910,
      "distinct": 2687397,
      "queue": 1036393
    }
  },
  {
    "run": "continuation-H2-s3_groups",
    "process_status": "exited",
    "violations": [
      "NoFreeWhileGroupAlive"
    ],
    "temporal_violation": false,
    "stats": {
      "generated": 7656,
      "distinct": 2326,
      "queue": 598,
      "depth": 27
    }
  },
  {
    "run": "continuation-H2-s4_groundtruth",
    "process_status": "exited",
    "violations": [
      "SjErrorNotMasked"
    ],
    "temporal_violation": false,
    "stats": {
      "depth": 31,
      "generated": 228807,
      "distinct": 61002,
      "queue": 19786
    }
  },
  {
    "run": "continuation-H2-s4_outcome",
    "process_status": "exited",
    "violations": [
      "FinalMatchesOutcomeNovel"
    ],
    "temporal_violation": false,
    "stats": {
      "depth": 35,
      "generated": 4713202,
      "distinct": 1124682,
      "queue": 465980
    }
  },
  {
    "run": "continuation-H2-s5_policy",
    "process_status": "exited",
    "violations": [],
    "temporal_violation": false,
    "stats": {
      "generated": 23197,
      "distinct": 6270,
      "queue": 2129,
      "depth": 25
    }
  },
  {
    "run": "continuation-S-F1",
    "process_status": "exited",
    "violations": [
      "AbortHonored"
    ],
    "temporal_violation": false,
    "stats": {
      "generated": 303,
      "distinct": 123,
      "queue": 17,
      "depth": 17
    }
  },
  {
    "run": "continuation-S-F16",
    "process_status": "exited",
    "violations": [
      "TerminalStable"
    ],
    "temporal_violation": false,
    "stats": {
      "generated": 507,
      "distinct": 195,
      "queue": 21,
      "depth": 16
    }
  },
  {
    "run": "continuation-S-F16-refresh",
    "process_status": "exited",
    "violations": [
      "NoRefreshWriteOverwrite"
    ],
    "temporal_violation": false,
    "stats": {
      "depth": 37,
      "generated": 347811,
      "distinct": 82301,
      "queue": 25910
    }
  },
  {
    "run": "continuation-S-F2",
    "process_status": "exited",
    "violations": [
      "RunnerAliveInv"
    ],
    "temporal_violation": false,
    "stats": {
      "generated": 99,
      "distinct": 45,
      "queue": 10,
      "depth": 11
    }
  },
  {
    "run": "continuation-S-F3",
    "process_status": "exited",
    "violations": [
      "TerminalStable"
    ],
    "temporal_violation": false,
    "stats": {
      "generated": 48905,
      "distinct": 14457,
      "queue": 3712,
      "depth": 33
    }
  },
  {
    "run": "continuation-S-F5",
    "process_status": "exited",
    "violations": [
      "FinalMatchesOutcome"
    ],
    "temporal_violation": false,
    "stats": {
      "generated": 96616,
      "distinct": 23263,
      "queue": 10844,
      "depth": 34
    }
  },
  {
    "run": "continuation-S-F5-keyerror",
    "process_status": "exited",
    "violations": [
      "NoStartKeyError"
    ],
    "temporal_violation": false,
    "stats": {
      "generated": 28048,
      "distinct": 6952,
      "queue": 2922,
      "depth": 31
    }
  },
  {
    "run": "continuation-S-F9",
    "process_status": "exited",
    "violations": [
      "ResourceConservation"
    ],
    "temporal_violation": false,
    "stats": {
      "generated": 191,
      "distinct": 91,
      "queue": 25,
      "depth": 21
    }
  }
]
