TLC2 Version 2026.09.23.154203 (rev: 4260e47)
Running Random Simulation with seed -7642035019302280837 with 16 workers on 16 cores with 39253MB heap and 8192MB offheap memory [pid: 896128] (Linux 6.8.0-1044-azure amd64, Ubuntu 21.0.11 64bit).
Parsing file /home/experiment/runs/specula/nvflare-lite-full-opus55-20260925/full/run/nvflare-job/.specula-output/spec/MC.tla
Parsing file /home/experiment/runs/specula/nvflare-lite-full-opus55-20260925/full/run/nvflare-job/.specula-output/spec/base.tla
Parsing file /tmp/tlc-15644529898419732810/_TLCTrace.tla (jar:file:/home/experiment/repos/specula/lib/tla2tools.jar!/tla2sany/StandardModules/_TLCTrace.tla)
Parsing file /tmp/tlc-15644529898419732810/Integers.tla (jar:file:/home/experiment/repos/specula/lib/tla2tools.jar!/tla2sany/StandardModules/Integers.tla)
Parsing file /tmp/tlc-15644529898419732810/Sequences.tla (jar:file:/home/experiment/repos/specula/lib/tla2tools.jar!/tla2sany/StandardModules/Sequences.tla)
Parsing file /tmp/tlc-15644529898419732810/FiniteSets.tla (jar:file:/home/experiment/repos/specula/lib/tla2tools.jar!/tla2sany/StandardModules/FiniteSets.tla)
Parsing file /tmp/tlc-15644529898419732810/TLC.tla (jar:file:/home/experiment/repos/specula/lib/tla2tools.jar!/tla2sany/StandardModules/TLC.tla)
Parsing file /tmp/tlc-15644529898419732810/Naturals.tla (jar:file:/home/experiment/repos/specula/lib/tla2tools.jar!/tla2sany/StandardModules/Naturals.tla)
Parsing file /tmp/tlc-15644529898419732810/TLCExt.tla (jar:file:/home/experiment/repos/specula/lib/tla2tools.jar!/tla2sany/StandardModules/TLCExt.tla)
Semantic processing of module Naturals
Semantic processing of module Integers
Semantic processing of module Sequences
Semantic processing of module FiniteSets
Semantic processing of module TLC
Semantic processing of module base
Semantic processing of module TLCExt
Semantic processing of module _TLCTrace
Semantic processing of module MC
Linting of module base
Linting of module TLCExt
Linting of module _TLCTrace
Linting of module MC
Starting... (2026-09-25 18:27:46)
Computed 1 initial states...
Finished computing initial states: 1 distinct state generated at 2026-09-25 18:27:46.
Progress: 7327279 states checked, 71409 traces generated (trace length: mean=58, var(x)=1764, sd=42)
Progress: 14862907 states checked, 144832 traces generated (trace length: mean=58, var(x)=1764, sd=42)
Progress: 22416673 states checked, 218441 traces generated (trace length: mean=58, var(x)=1764, sd=42)
Progress: 29877679 states checked, 291155 traces generated (trace length: mean=58, var(x)=1764, sd=42)
Progress: 37294459 states checked, 363434 traces generated (trace length: mean=58, var(x)=1764, sd=42)
Progress: 44765231 states checked, 436239 traces generated (trace length: mean=58, var(x)=1764, sd=42)
Progress: 52279841 states checked, 509466 traces generated (trace length: mean=58, var(x)=1764, sd=42)
Progress: 59820911 states checked, 582950 traces generated (trace length: mean=58, var(x)=1764, sd=42)
Progress: 67397226 states checked, 656774 traces generated (trace length: mean=58, var(x)=1764, sd=42)
Progress: 75000721 states checked, 730864 traces generated (trace length: mean=58, var(x)=1764, sd=42)
Progress: 82579392 states checked, 804716 traces generated (trace length: mean=58, var(x)=1764, sd=42)
Progress: 90172603 states checked, 878713 traces generated (trace length: mean=58, var(x)=1764, sd=42)
Progress: 97770507 states checked, 952754 traces generated (trace length: mean=58, var(x)=1764, sd=42)
Progress: 105343674 states checked, 1026558 traces generated (trace length: mean=58, var(x)=1764, sd=42)
Progress: 112946801 states checked, 1100647 traces generated (trace length: mean=58, var(x)=1764, sd=42)
Progress: 120532460 states checked, 1174569 traces generated (trace length: mean=58, var(x)=1764, sd=42)
Progress: 128113084 states checked, 1248439 traces generated (trace length: mean=58, var(x)=1764, sd=42)
Progress: 135670247 states checked, 1322084 traces generated (trace length: mean=58, var(x)=1764, sd=42)
Progress: 143102061 states checked, 1394508 traces generated (trace length: mean=58, var(x)=1764, sd=42)
Progress: 150627108 states checked, 1467834 traces generated (trace length: mean=58, var(x)=1764, sd=42)
Progress: 158234131 states checked, 1541960 traces generated (trace length: mean=58, var(x)=1764, sd=42)
Progress: 165804880 states checked, 1615735 traces generated (trace length: mean=58, var(x)=1764, sd=42)
Progress: 173352753 states checked, 1689287 traces generated (trace length: mean=58, var(x)=1764, sd=42)
Progress: 180957045 states checked, 1763389 traces generated (trace length: mean=58, var(x)=1764, sd=42)
Progress: 188546844 states checked, 1837352 traces generated (trace length: mean=58, var(x)=1764, sd=42)
Progress: 196166083 states checked, 1911610 traces generated (trace length: mean=58, var(x)=1764, sd=42)
Progress: 203796778 states checked, 1985975 traces generated (trace length: mean=58, var(x)=1764, sd=42)
Progress: 211397889 states checked, 2060044 traces generated (trace length: mean=58, var(x)=1764, sd=42)
Progress: 219007639 states checked, 2134199 traces generated (trace length: mean=58, var(x)=1764, sd=42)
