TLC2 Version 2026.09.23.154203 (rev: 4260e47)
Running breadth-first search Model-Checking with fp 33 and seed -7334084984123489241 with 16 workers on 16 cores with 19627MB heap and 40960MB offheap memory [pid: 782068] (Linux 6.8.0-1044-azure amd64, Ubuntu 21.0.11 64bit, OffHeapDiskFPSet, DiskStateQueue).
Parsing file /home/experiment/runs/specula/nvflare-lite-full-opus55-20260925/full/run/nvflare-job/.specula-output/spec/MC.tla
Parsing file /home/experiment/runs/specula/nvflare-lite-full-opus55-20260925/full/run/nvflare-job/.specula-output/spec/base.tla
Parsing file /tmp/tlc-14458339653725625151/_TLCTrace.tla (jar:file:/home/experiment/repos/specula/lib/tla2tools.jar!/tla2sany/StandardModules/_TLCTrace.tla)
Parsing file /tmp/tlc-14458339653725625151/Integers.tla (jar:file:/home/experiment/repos/specula/lib/tla2tools.jar!/tla2sany/StandardModules/Integers.tla)
Parsing file /tmp/tlc-14458339653725625151/Sequences.tla (jar:file:/home/experiment/repos/specula/lib/tla2tools.jar!/tla2sany/StandardModules/Sequences.tla)
Parsing file /tmp/tlc-14458339653725625151/FiniteSets.tla (jar:file:/home/experiment/repos/specula/lib/tla2tools.jar!/tla2sany/StandardModules/FiniteSets.tla)
Parsing file /tmp/tlc-14458339653725625151/TLC.tla (jar:file:/home/experiment/repos/specula/lib/tla2tools.jar!/tla2sany/StandardModules/TLC.tla)
Parsing file /tmp/tlc-14458339653725625151/Naturals.tla (jar:file:/home/experiment/repos/specula/lib/tla2tools.jar!/tla2sany/StandardModules/Naturals.tla)
Parsing file /tmp/tlc-14458339653725625151/TLCExt.tla (jar:file:/home/experiment/repos/specula/lib/tla2tools.jar!/tla2sany/StandardModules/TLCExt.tla)
Semantic processing of module Naturals
Semantic processing of module Integers
Semantic processing of module Sequences
Semantic processing of module FiniteSets
Semantic processing of module TLC
Semantic processing of module base
Semantic processing of module TLCExt
Semantic processing of module _TLCTrace
Semantic processing of module MC
Linting of module base
Linting of module TLCExt
Linting of module _TLCTrace
Linting of module MC
Starting... (2026-09-25 17:57:02)
Computing initial states...
Finished computing initial states: 1 distinct state generated at 2026-09-25 17:57:04.
Progress(21) at 2026-09-25 17:57:07: 346,559 states generated (346,559 s/min), 92,972 distinct states found (92,972 ds/min), 38,466 states left on queue.
Progress(27) at 2026-09-25 17:58:07: 14,785,381 states generated (14,438,822 s/min), 3,333,661 distinct states found (3,240,689 ds/min), 1,452,521 states left on queue.
Progress(29) at 2026-09-25 17:59:07: 29,534,488 states generated (14,749,107 s/min), 6,450,703 distinct states found (3,117,042 ds/min), 2,763,170 states left on queue.
Progress(29) at 2026-09-25 18:00:07: 44,976,075 states generated (15,441,587 s/min), 9,505,789 distinct states found (3,055,086 ds/min), 4,106,088 states left on queue.
Progress(30) at 2026-09-25 18:01:07: 59,467,408 states generated (14,491,333 s/min), 12,586,569 distinct states found (3,080,780 ds/min), 5,375,667 states left on queue.
Progress(30) at 2026-09-25 18:02:07: 75,086,748 states generated (15,619,340 s/min), 15,442,991 distinct states found (2,856,422 ds/min), 6,584,557 states left on queue.
Progress(31) at 2026-09-25 18:03:07: 90,149,058 states generated (15,062,310 s/min), 18,505,798 distinct states found (3,062,807 ds/min), 7,815,630 states left on queue.
Progress(31) at 2026-09-25 18:04:07: 105,113,370 states generated (14,964,312 s/min), 21,547,975 distinct states found (3,042,177 ds/min), 9,070,049 states left on queue.
Progress(31) at 2026-09-25 18:05:07: 120,861,456 states generated (15,748,086 s/min), 24,377,624 distinct states found (2,829,649 ds/min), 10,226,358 states left on queue.
Progress(31) at 2026-09-25 18:06:07: 136,903,454 states generated (16,041,998 s/min), 27,132,394 distinct states found (2,754,770 ds/min), 11,373,034 states left on queue.
Checkpointing of run /home/experiment/tmp/tlc-states-I9MdU1/26-09-25-17-57-02.213
Checkpointing completed at (2026-09-25 18:07:07)
Progress(31) at 2026-09-25 18:07:07: 151,989,405 states generated (15,085,951 s/min), 30,081,898 distinct states found (2,949,504 ds/min), 12,471,061 states left on queue.
Progress(32) at 2026-09-25 18:08:07: 167,013,013 states generated (15,023,608 s/min), 33,091,756 distinct states found (3,009,858 ds/min), 13,668,161 states left on queue.
Progress(32) at 2026-09-25 18:09:07: 181,974,820 states generated (14,961,807 s/min), 36,038,704 distinct states found (2,946,948 ds/min), 14,818,227 states left on queue.
Progress(32) at 2026-09-25 18:10:07: 197,461,260 states generated (15,486,440 s/min), 38,765,331 distinct states found (2,726,627 ds/min), 15,912,092 states left on queue.
Progress(32) at 2026-09-25 18:11:07: 213,542,851 states generated (16,081,591 s/min), 41,557,840 distinct states found (2,792,509 ds/min), 16,992,827 states left on queue.
Progress(32) at 2026-09-25 18:12:07: 229,707,054 states generated (16,164,203 s/min), 44,208,137 distinct states found (2,650,297 ds/min), 18,098,411 states left on queue.
Progress(32) at 2026-09-25 18:13:07: 246,029,911 states generated (16,322,857 s/min), 47,018,362 distinct states found (2,810,225 ds/min), 19,228,807 states left on queue.
Progress(32) at 2026-09-25 18:14:07: 261,021,666 states generated (14,991,755 s/min), 49,828,060 distinct states found (2,809,698 ds/min), 20,136,710 states left on queue.
Progress(33) at 2026-09-25 18:15:07: 275,761,958 states generated (14,740,292 s/min), 52,746,763 distinct states found (2,918,703 ds/min), 21,263,298 states left on queue.
Progress(33) at 2026-09-25 18:16:07: 290,848,583 states generated (15,086,625 s/min), 55,557,317 distinct states found (2,810,554 ds/min), 22,243,311 states left on queue.
Checkpointing of run /home/experiment/tmp/tlc-states-I9MdU1/26-09-25-17-57-02.213
Checkpointing completed at (2026-09-25 18:17:08)
Progress(33) at 2026-09-25 18:17:08: 306,179,765 states generated (15,331,182 s/min), 58,445,405 distinct states found (2,888,088 ds/min), 23,288,057 states left on queue.
Progress(33) at 2026-09-25 18:18:08: 321,476,611 states generated (15,296,846 s/min), 61,267,583 distinct states found (2,822,178 ds/min), 24,478,277 states left on queue.
Progress(33) at 2026-09-25 18:19:08: 336,900,732 states generated (15,424,121 s/min), 63,917,986 distinct states found (2,650,403 ds/min), 25,533,624 states left on queue.
Progress(33) at 2026-09-25 18:20:08: 352,812,189 states generated (15,911,457 s/min), 66,554,544 distinct states found (2,636,558 ds/min), 26,360,464 states left on queue.
Progress(33) at 2026-09-25 18:21:08: 369,140,025 states generated (16,327,836 s/min), 69,410,578 distinct states found (2,856,034 ds/min), 27,570,232 states left on queue.
Progress(33) at 2026-09-25 18:22:08: 386,015,998 states generated (16,875,973 s/min), 71,903,202 distinct states found (2,492,624 ds/min), 28,640,483 states left on queue.
Progress(33) at 2026-09-25 18:23:08: 401,917,368 states generated (15,901,370 s/min), 74,555,679 distinct states found (2,652,477 ds/min), 29,610,132 states left on queue.
Progress(33) at 2026-09-25 18:24:08: 418,192,066 states generated (16,274,698 s/min), 77,235,796 distinct states found (2,680,117 ds/min), 30,623,007 states left on queue.
Progress(33) at 2026-09-25 18:25:08: 434,331,514 states generated (16,139,448 s/min), 80,105,700 distinct states found (2,869,904 ds/min), 31,752,302 states left on queue.
Progress(33) at 2026-09-25 18:26:08: 448,903,190 states generated (14,571,676 s/min), 82,819,524 distinct states found (2,713,824 ds/min), 32,473,737 states left on queue.
