TLC2 Version 2026.09.23.154203 (rev: 4260e47)
Running breadth-first search Model-Checking with fp 102 and seed 6175481026414292390 with 8 workers on 16 cores with 11776MB heap and 18432MB offheap memory [pid: 1022226] (Linux 6.8.0-1044-azure amd64, Ubuntu 21.0.11 64bit, OffHeapDiskFPSet, DiskStateQueue).
Parsing file /home/experiment/runs/specula/nvflare-lite-full-opus55-20260925/full/run/nvflare-job/.specula-output/spec/MC.tla
Parsing file /home/experiment/runs/specula/nvflare-lite-full-opus55-20260925/full/run/nvflare-job/.specula-output/spec/base.tla
Parsing file /tmp/tlc-4745973261071620206/_TLCTrace.tla (jar:file:/home/experiment/repos/specula/lib/tla2tools.jar!/tla2sany/StandardModules/_TLCTrace.tla)
Parsing file /tmp/tlc-4745973261071620206/Integers.tla (jar:file:/home/experiment/repos/specula/lib/tla2tools.jar!/tla2sany/StandardModules/Integers.tla)
Parsing file /tmp/tlc-4745973261071620206/Sequences.tla (jar:file:/home/experiment/repos/specula/lib/tla2tools.jar!/tla2sany/StandardModules/Sequences.tla)
Parsing file /tmp/tlc-4745973261071620206/FiniteSets.tla (jar:file:/home/experiment/repos/specula/lib/tla2tools.jar!/tla2sany/StandardModules/FiniteSets.tla)
Parsing file /tmp/tlc-4745973261071620206/TLC.tla (jar:file:/home/experiment/repos/specula/lib/tla2tools.jar!/tla2sany/StandardModules/TLC.tla)
Parsing file /tmp/tlc-4745973261071620206/Naturals.tla (jar:file:/home/experiment/repos/specula/lib/tla2tools.jar!/tla2sany/StandardModules/Naturals.tla)
Parsing file /tmp/tlc-4745973261071620206/TLCExt.tla (jar:file:/home/experiment/repos/specula/lib/tla2tools.jar!/tla2sany/StandardModules/TLCExt.tla)
Semantic processing of module Naturals
Semantic processing of module Integers
Semantic processing of module Sequences
Semantic processing of module FiniteSets
Semantic processing of module TLC
Semantic processing of module base
Semantic processing of module TLCExt
Semantic processing of module _TLCTrace
Semantic processing of module MC
Linting of module base
Linting of module TLCExt
Linting of module _TLCTrace
Linting of module MC
Starting... (2026-09-25 19:03:02)
Warning: The set p@@q has been defined to be a symmetry set but contains less than two elements.
(Use the -nowarning option to disable this warning.)
Computing initial states...
Finished computing initial states: 1 distinct state generated at 2026-09-25 19:03:03.
Progress(24) at 2026-09-25 19:03:06: 247,276 states generated (247,276 s/min), 76,453 distinct states found (76,453 ds/min), 32,326 states left on queue.
Error: Invariant CompletionAlive is violated.
Error: The behavior up to this point is:
State 1: <Initial predicate>
/\ cpAlive = (c1 :> TRUE)
/\ failAccepted = [j1 |-> FALSE, j2 |-> FALSE]
/\ free = (c1 :> <<>>)
/\ using = (c1 :> [j1 |-> {}, j2 |-> {}])
/\ cjAbortMsg = (c1 :> [j1 |-> 0, j2 |-> 0])
/\ resv = (c1 :> {})
/\ fc = [ hb |-> 0,
  lose |-> 0,
  chkTO |-> 0,
  stTO |-> 0,
  depFail |-> 0,
  sjLaunchFail |-> 0,
  backoff |-> 0,
  sjError |-> 0,
  sjCrash |-> 0,
  cjError |-> 0,
  cjUnsafe |-> 0,
  cjDesc |-> 0,
  cpLaunchFail |-> 0,
  crash |-> 0,
  abort |-> 0,
  delete |-> 0,
  disable |-> 0,
  appMissing |-> 0 ]
/\ abortDropped = (c1 :> [j1 |-> FALSE, j2 |-> FALSE])
/\ ackInWindow = [j1 |-> FALSE, j2 |-> FALSE]
/\ nextAtt = 1
/\ endedEv = [j1 |-> FALSE, j2 |-> FALSE]
/\ cjReg = (c1 :> [j1 |-> None, j2 |-> None])
/\ alloc = (c1 :> [j1 |-> {}, j2 |-> {}])
/\ ackStop = [j1 |-> FALSE, j2 |-> FALSE]
/\ cpc = [job |-> None, pc |-> "Idle"]
/\ termP = (c1 :> [j1 |-> 0, j2 |-> 0])
/\ waiter = (c1 :> [j1 |-> FALSE, j2 |-> FALSE])
/\ postAckLaunch = [j1 |-> FALSE, j2 |-> FALSE]
/\ sessions = {c1}
/\ rp = [j1 |-> None, j2 |-> None]
/\ cst = (c1 :> [j1 |-> None, j2 |-> None])
/\ sj = [j1 |-> "None", j2 |-> "None"]
/\ sweeper = [cl |-> None, pc |-> "Idle", snap |-> 0, blocking |-> FALSE]
/\ cjRC = (c1 :> [j1 |-> 0, j2 |-> 0])
/\ startedEv = [j1 |-> FALSE, j2 |-> FALSE]
/\ exeErrRec = [j1 |-> FALSE, j2 |-> FALSE]
/\ launches = [j1 |-> 0, j2 |-> 0]
/\ pending = [j1 |-> None, j2 |-> None]
/\ sjAbortHandled = [j1 |-> FALSE, j2 |-> FALSE]
/\ cjProc = (c1 :> [j1 |-> "None", j2 |-> "None"])
/\ msgs = <<>>
/\ wfc = [j1 |-> FALSE, j2 |-> FALSE]
/\ tagged = {}
/\ rmp = [j1 |-> 0, j2 |-> 0]
/\ shared = [j1 |-> FALSE, j2 |-> FALSE]
/\ disabled = {}
/\ sjErr = [j1 |-> FALSE, j2 |-> FALSE]
/\ latched = [j1 |-> None, j2 |-> None]
/\ rpc = [ job |-> None,
  att |-> 0,
  pc |-> "Scan",
  listed |-> {},
  queue |-> <<>>,
  cnt |-> [j1 |-> 0, j2 |-> 0],
  chk |-> {},
  failed |-> <<>>,
  blocked |-> <<>>,
  fb |-> <<>>,
  ready |-> None,
  disp |-> {},
  dep |-> {},
  jid |-> FALSE,
  snap |-> None,
  sreq |-> {} ]
/\ exc = [j1 |-> None, j2 |-> None]
/\ runningJobs = {}
/\ failRunRec = [j1 |-> FALSE, j2 |-> FALSE]
/\ startFailCause = [j1 |-> "none", j2 |-> "none"]
/\ adm = [j1 |-> [pc |-> "Idle", snap |-> None], j2 |-> [pc |-> "Idle", snap |-> None]]
/\ slots = {}
/\ termHb = (c1 :> [j1 |-> 0, j2 |-> 0])
/\ grp = (c1 :> [j1 |-> FALSE, j2 |-> FALSE])
/\ wfcStale = [j1 |-> None, j2 |-> None]
/\ pCount = [j1 |-> 0, j2 |-> 0]
/\ status = [j1 |-> "SUBMITTED", j2 |-> "SUBMITTED"]
/\ ovw = {}
/\ firstTerm = [j1 |-> None, j2 |-> None]
/\ ackAbort = [j1 |-> FALSE, j2 |-> FALSE]
/\ sjRC = [j1 |-> 0, j2 |-> 0]
/\ runAborted = [j1 |-> FALSE, j2 |-> FALSE]

State 2: <MCAdminDeleteAuthorize("j1") line 93, col 30 to line 93, col 102 of module MC>
/\ cpAlive = (c1 :> TRUE)
/\ failAccepted = [j1 |-> FALSE, j2 |-> FALSE]
/\ free = (c1 :> <<>>)
/\ using = (c1 :> [j1 |-> {}, j2 |-> {}])
/\ cjAbortMsg = (c1 :> [j1 |-> 0, j2 |-> 0])
/\ resv = (c1 :> {})
/\ fc = [ hb |-> 0,
  lose |-> 0,
  chkTO |-> 0,
  stTO |-> 0,
  depFail |-> 0,
  sjLaunchFail |-> 0,
  backoff |-> 0,
  sjError |-> 0,
  sjCrash |-> 0,
  cjError |-> 0,
  cjUnsafe |-> 0,
  cjDesc |-> 0,
  cpLaunchFail |-> 0,
  crash |-> 0,
  abort |-> 0,
  delete |-> 1,
  disable |-> 0,
  appMissing |-> 0 ]
/\ abortDropped = (c1 :> [j1 |-> FALSE, j2 |-> FALSE])
/\ ackInWindow = [j1 |-> FALSE, j2 |-> FALSE]
/\ nextAtt = 1
/\ endedEv = [j1 |-> FALSE, j2 |-> FALSE]
/\ cjReg = (c1 :> [j1 |-> None, j2 |-> None])
/\ alloc = (c1 :> [j1 |-> {}, j2 |-> {}])
/\ ackStop = [j1 |-> FALSE, j2 |-> FALSE]
/\ cpc = [job |-> None, pc |-> "Idle"]
/\ termP = (c1 :> [j1 |-> 0, j2 |-> 0])
/\ waiter = (c1 :> [j1 |-> FALSE, j2 |-> FALSE])
/\ postAckLaunch = [j1 |-> FALSE, j2 |-> FALSE]
/\ sessions = {c1}
/\ rp = [j1 |-> None, j2 |-> None]
/\ cst = (c1 :> [j1 |-> None, j2 |-> None])
/\ sj = [j1 |-> "None", j2 |-> "None"]
/\ sweeper = [cl |-> None, pc |-> "Idle", snap |-> 0, blocking |-> FALSE]
/\ cjRC = (c1 :> [j1 |-> 0, j2 |-> 0])
/\ startedEv = [j1 |-> FALSE, j2 |-> FALSE]
/\ exeErrRec = [j1 |-> FALSE, j2 |-> FALSE]
/\ launches = [j1 |-> 0, j2 |-> 0]
/\ pending = [j1 |-> None, j2 |-> None]
/\ sjAbortHandled = [j1 |-> FALSE, j2 |-> FALSE]
/\ cjProc = (c1 :> [j1 |-> "None", j2 |-> "None"])
/\ msgs = <<>>
/\ wfc = [j1 |-> FALSE, j2 |-> FALSE]
/\ tagged = {}
/\ rmp = [j1 |-> 0, j2 |-> 0]
/\ shared = [j1 |-> FALSE, j2 |-> FALSE]
/\ disabled = {}
/\ sjErr = [j1 |-> FALSE, j2 |-> FALSE]
/\ latched = [j1 |-> None, j2 |-> None]
/\ rpc = [ job |-> None,
  att |-> 0,
  pc |-> "Scan",
  listed |-> {},
  queue |-> <<>>,
  cnt |-> [j1 |-> 0, j2 |-> 0],
  chk |-> {},
  failed |-> <<>>,
  blocked |-> <<>>,
  fb |-> <<>>,
  ready |-> None,
  disp |-> {},
  dep |-> {},
  jid |-> FALSE,
  snap |-> None,
  sreq |-> {} ]
/\ exc = [j1 |-> None, j2 |-> None]
/\ runningJobs = {}
/\ failRunRec = [j1 |-> FALSE, j2 |-> FALSE]
/\ startFailCause = [j1 |-> "none", j2 |-> "none"]
/\ adm = [ j1 |-> [pc |-> "DeleteExec", snap |-> "SUBMITTED"],
  j2 |-> [pc |-> "Idle", snap |-> None] ]
/\ slots = {}
/\ termHb = (c1 :> [j1 |-> 0, j2 |-> 0])
/\ grp = (c1 :> [j1 |-> FALSE, j2 |-> FALSE])
/\ wfcStale = [j1 |-> None, j2 |-> None]
/\ pCount = [j1 |-> 0, j2 |-> 0]
/\ status = [j1 |-> "SUBMITTED", j2 |-> "SUBMITTED"]
/\ ovw = {}
/\ firstTerm = [j1 |-> None, j2 |-> None]
/\ ackAbort = [j1 |-> FALSE, j2 |-> FALSE]
/\ sjRC = [j1 |-> 0, j2 |-> 0]
/\ runAborted = [j1 |-> FALSE, j2 |-> FALSE]

State 3: <MCRunnerScanList line 102, col 28 to line 102, col 66 of module MC>
/\ cpAlive = (c1 :> TRUE)
/\ failAccepted = [j1 |-> FALSE, j2 |-> FALSE]
/\ free = (c1 :> <<>>)
/\ using = (c1 :> [j1 |-> {}, j2 |-> {}])
/\ cjAbortMsg = (c1 :> [j1 |-> 0, j2 |-> 0])
/\ resv = (c1 :> {})
/\ fc = [ hb |-> 0,
  lose |-> 0,
  chkTO |-> 0,
  stTO |-> 0,
  depFail |-> 0,
  sjLaunchFail |-> 0,
  backoff |-> 0,
  sjError |-> 0,
  sjCrash |-> 0,
  cjError |-> 0,
  cjUnsafe |-> 0,
  cjDesc |-> 0,
  cpLaunchFail |-> 0,
  crash |-> 0,
  abort |-> 0,
  delete |-> 1,
  disable |-> 0,
  appMissing |-> 0 ]
/\ abortDropped = (c1 :> [j1 |-> FALSE, j2 |-> FALSE])
/\ ackInWindow = [j1 |-> FALSE, j2 |-> FALSE]
/\ nextAtt = 1
/\ endedEv = [j1 |-> FALSE, j2 |-> FALSE]
/\ cjReg = (c1 :> [j1 |-> None, j2 |-> None])
/\ alloc = (c1 :> [j1 |-> {}, j2 |-> {}])
/\ ackStop = [j1 |-> FALSE, j2 |-> FALSE]
/\ cpc = [job |-> None, pc |-> "Idle"]
/\ termP = (c1 :> [j1 |-> 0, j2 |-> 0])
/\ waiter = (c1 :> [j1 |-> FALSE, j2 |-> FALSE])
/\ postAckLaunch = [j1 |-> FALSE, j2 |-> FALSE]
/\ sessions = {c1}
/\ rp = [j1 |-> None, j2 |-> None]
/\ cst = (c1 :> [j1 |-> None, j2 |-> None])
/\ sj = [j1 |-> "None", j2 |-> "None"]
/\ sweeper = [cl |-> None, pc |-> "Idle", snap |-> 0, blocking |-> FALSE]
/\ cjRC = (c1 :> [j1 |-> 0, j2 |-> 0])
/\ startedEv = [j1 |-> FALSE, j2 |-> FALSE]
/\ exeErrRec = [j1 |-> FALSE, j2 |-> FALSE]
/\ launches = [j1 |-> 0, j2 |-> 0]
/\ pending = [j1 |-> None, j2 |-> None]
/\ sjAbortHandled = [j1 |-> FALSE, j2 |-> FALSE]
/\ cjProc = (c1 :> [j1 |-> "None", j2 |-> "None"])
/\ msgs = <<>>
/\ wfc = [j1 |-> FALSE, j2 |-> FALSE]
/\ tagged = {}
/\ rmp = [j1 |-> 0, j2 |-> 0]
/\ shared = [j1 |-> FALSE, j2 |-> FALSE]
/\ disabled = {}
/\ sjErr = [j1 |-> FALSE, j2 |-> FALSE]
/\ latched = [j1 |-> None, j2 |-> None]
/\ rpc = [ job |-> None,
  att |-> 0,
  pc |-> "ScanRead",
  listed |-> {"j1", "j2"},
  queue |-> <<>>,
  cnt |-> [j1 |-> 0, j2 |-> 0],
  chk |-> {},
  failed |-> <<>>,
  blocked |-> <<>>,
  fb |-> <<>>,
  ready |-> None,
  disp |-> {},
  dep |-> {},
  jid |-> FALSE,
  snap |-> None,
  sreq |-> {} ]
/\ exc = [j1 |-> None, j2 |-> None]
/\ runningJobs = {}
/\ failRunRec = [j1 |-> FALSE, j2 |-> FALSE]
/\ startFailCause = [j1 |-> "none", j2 |-> "none"]
/\ adm = [ j1 |-> [pc |-> "DeleteExec", snap |-> "SUBMITTED"],
  j2 |-> [pc |-> "Idle", snap |-> None] ]
/\ slots = {}
/\ termHb = (c1 :> [j1 |-> 0, j2 |-> 0])
/\ grp = (c1 :> [j1 |-> FALSE, j2 |-> FALSE])
/\ wfcStale = [j1 |-> None, j2 |-> None]
/\ pCount = [j1 |-> 0, j2 |-> 0]
/\ status = [j1 |-> "SUBMITTED", j2 |-> "SUBMITTED"]
/\ ovw = {}
/\ firstTerm = [j1 |-> None, j2 |-> None]
/\ ackAbort = [j1 |-> FALSE, j2 |-> FALSE]
/\ sjRC = [j1 |-> 0, j2 |-> 0]
/\ runAborted = [j1 |-> FALSE, j2 |-> FALSE]

State 4: <MCRunnerScanRead line 104, col 28 to line 104, col 66 of module MC>
/\ cpAlive = (c1 :> TRUE)
/\ failAccepted = [j1 |-> FALSE, j2 |-> FALSE]
/\ free = (c1 :> <<>>)
/\ using = (c1 :> [j1 |-> {}, j2 |-> {}])
/\ cjAbortMsg = (c1 :> [j1 |-> 0, j2 |-> 0])
/\ resv = (c1 :> {})
/\ fc = [ hb |-> 0,
  lose |-> 0,
  chkTO |-> 0,
  stTO |-> 0,
  depFail |-> 0,
  sjLaunchFail |-> 0,
  backoff |-> 0,
  sjError |-> 0,
  sjCrash |-> 0,
  cjError |-> 0,
  cjUnsafe |-> 0,
  cjDesc |-> 0,
  cpLaunchFail |-> 0,
  crash |-> 0,
  abort |-> 0,
  delete |-> 1,
  disable |-> 0,
  appMissing |-> 0 ]
/\ abortDropped = (c1 :> [j1 |-> FALSE, j2 |-> FALSE])
/\ ackInWindow = [j1 |-> FALSE, j2 |-> FALSE]
/\ nextAtt = 1
/\ endedEv = [j1 |-> FALSE, j2 |-> FALSE]
/\ cjReg = (c1 :> [j1 |-> None, j2 |-> None])
/\ alloc = (c1 :> [j1 |-> {}, j2 |-> {}])
/\ ackStop = [j1 |-> FALSE, j2 |-> FALSE]
/\ cpc = [job |-> None, pc |-> "Idle"]
/\ termP = (c1 :> [j1 |-> 0, j2 |-> 0])
/\ waiter = (c1 :> [j1 |-> FALSE, j2 |-> FALSE])
/\ postAckLaunch = [j1 |-> FALSE, j2 |-> FALSE]
/\ sessions = {c1}
/\ rp = [j1 |-> None, j2 |-> None]
/\ cst = (c1 :> [j1 |-> None, j2 |-> None])
/\ sj = [j1 |-> "None", j2 |-> "None"]
/\ sweeper = [cl |-> None, pc |-> "Idle", snap |-> 0, blocking |-> FALSE]
/\ cjRC = (c1 :> [j1 |-> 0, j2 |-> 0])
/\ startedEv = [j1 |-> FALSE, j2 |-> FALSE]
/\ exeErrRec = [j1 |-> FALSE, j2 |-> FALSE]
/\ launches = [j1 |-> 0, j2 |-> 0]
/\ pending = [j1 |-> None, j2 |-> None]
/\ sjAbortHandled = [j1 |-> FALSE, j2 |-> FALSE]
/\ cjProc = (c1 :> [j1 |-> "None", j2 |-> "None"])
/\ msgs = <<>>
/\ wfc = [j1 |-> FALSE, j2 |-> FALSE]
/\ tagged = {}
/\ rmp = [j1 |-> 0, j2 |-> 0]
/\ shared = [j1 |-> FALSE, j2 |-> FALSE]
/\ disabled = {}
/\ sjErr = [j1 |-> FALSE, j2 |-> FALSE]
/\ latched = [j1 |-> None, j2 |-> None]
/\ rpc = [ job |-> None,
  att |-> 0,
  pc |-> "TryNext",
  listed |-> {},
  queue |-> <<"j1", "j2">>,
  cnt |-> [j1 |-> 0, j2 |-> 0],
  chk |-> {},
  failed |-> <<>>,
  blocked |-> <<>>,
  fb |-> <<>>,
  ready |-> None,
  disp |-> {},
  dep |-> {},
  jid |-> FALSE,
  snap |-> None,
  sreq |-> {} ]
/\ exc = [j1 |-> None, j2 |-> None]
/\ runningJobs = {}
/\ failRunRec = [j1 |-> FALSE, j2 |-> FALSE]
/\ startFailCause = [j1 |-> "none", j2 |-> "none"]
/\ adm = [ j1 |-> [pc |-> "DeleteExec", snap |-> "SUBMITTED"],
  j2 |-> [pc |-> "Idle", snap |-> None] ]
/\ slots = {}
/\ termHb = (c1 :> [j1 |-> 0, j2 |-> 0])
/\ grp = (c1 :> [j1 |-> FALSE, j2 |-> FALSE])
/\ wfcStale = [j1 |-> None, j2 |-> None]
/\ pCount = [j1 |-> 0, j2 |-> 0]
/\ status = [j1 |-> "SUBMITTED", j2 |-> "SUBMITTED"]
/\ ovw = {}
/\ firstTerm = [j1 |-> None, j2 |-> None]
/\ ackAbort = [j1 |-> FALSE, j2 |-> FALSE]
/\ sjRC = [j1 |-> 0, j2 |-> 0]
/\ runAborted = [j1 |-> FALSE, j2 |-> FALSE]

State 5: <MCRunnerTryNext line 105, col 28 to line 105, col 65 of module MC>
/\ cpAlive = (c1 :> TRUE)
/\ failAccepted = [j1 |-> FALSE, j2 |-> FALSE]
/\ free = (c1 :> <<>>)
/\ using = (c1 :> [j1 |-> {}, j2 |-> {}])
/\ cjAbortMsg = (c1 :> [j1 |-> 0, j2 |-> 0])
/\ resv = (c1 :> {})
/\ fc = [ hb |-> 0,
  lose |-> 0,
  chkTO |-> 0,
  stTO |-> 0,
  depFail |-> 0,
  sjLaunchFail |-> 0,
  backoff |-> 0,
  sjError |-> 0,
  sjCrash |-> 0,
  cjError |-> 0,
  cjUnsafe |-> 0,
  cjDesc |-> 0,
  cpLaunchFail |-> 0,
  crash |-> 0,
  abort |-> 0,
  delete |-> 1,
  disable |-> 0,
  appMissing |-> 0 ]
/\ abortDropped = (c1 :> [j1 |-> FALSE, j2 |-> FALSE])
/\ ackInWindow = [j1 |-> FALSE, j2 |-> FALSE]
/\ nextAtt = 2
/\ endedEv = [j1 |-> FALSE, j2 |-> FALSE]
/\ cjReg = (c1 :> [j1 |-> None, j2 |-> None])
/\ alloc = (c1 :> [j1 |-> {}, j2 |-> {}])
/\ ackStop = [j1 |-> FALSE, j2 |-> FALSE]
/\ cpc = [job |-> None, pc |-> "Idle"]
/\ termP = (c1 :> [j1 |-> 0, j2 |-> 0])
/\ waiter = (c1 :> [j1 |-> FALSE, j2 |-> FALSE])
/\ postAckLaunch = [j1 |-> FALSE, j2 |-> FALSE]
/\ sessions = {c1}
/\ rp = [j1 |-> None, j2 |-> None]
/\ cst = (c1 :> [j1 |-> None, j2 |-> None])
/\ sj = [j1 |-> "None", j2 |-> "None"]
/\ sweeper = [cl |-> None, pc |-> "Idle", snap |-> 0, blocking |-> FALSE]
/\ cjRC = (c1 :> [j1 |-> 0, j2 |-> 0])
/\ startedEv = [j1 |-> FALSE, j2 |-> FALSE]
/\ exeErrRec = [j1 |-> FALSE, j2 |-> FALSE]
/\ launches = [j1 |-> 0, j2 |-> 0]
/\ pending = [j1 |-> None, j2 |-> None]
/\ sjAbortHandled = [j1 |-> FALSE, j2 |-> FALSE]
/\ cjProc = (c1 :> [j1 |-> "None", j2 |-> "None"])
/\ msgs = ( [ ok |-> FALSE,
    code |-> 0,
    flag |-> FALSE,
    type |-> "CHECK",
    job |-> "j1",
    cl |-> c1,
    att |-> 1 ] :>
      1 )
/\ wfc = [j1 |-> FALSE, j2 |-> FALSE]
/\ tagged = {}
/\ rmp = [j1 |-> 0, j2 |-> 0]
/\ shared = [j1 |-> FALSE, j2 |-> FALSE]
/\ disabled = {}
/\ sjErr = [j1 |-> FALSE, j2 |-> FALSE]
/\ latched = [j1 |-> None, j2 |-> None]
/\ rpc = [ job |-> "j1",
  att |-> 1,
  pc |-> "CheckWait",
  listed |-> {},
  queue |-> <<"j2">>,
  cnt |-> [j1 |-> 0, j2 |-> 0],
  chk |-> {c1},
  failed |-> <<>>,
  blocked |-> <<>>,
  fb |-> <<>>,
  ready |-> None,
  disp |-> {},
  dep |-> {},
  jid |-> FALSE,
  snap |-> None,
  sreq |-> {} ]
/\ exc = [j1 |-> None, j2 |-> None]
/\ runningJobs = {}
/\ failRunRec = [j1 |-> FALSE, j2 |-> FALSE]
/\ startFailCause = [j1 |-> "none", j2 |-> "none"]
/\ adm = [ j1 |-> [pc |-> "DeleteExec", snap |-> "SUBMITTED"],
  j2 |-> [pc |-> "Idle", snap |-> None] ]
/\ slots = {}
/\ termHb = (c1 :> [j1 |-> 0, j2 |-> 0])
/\ grp = (c1 :> [j1 |-> FALSE, j2 |-> FALSE])
/\ wfcStale = [j1 |-> None, j2 |-> None]
/\ pCount = [j1 |-> 0, j2 |-> 0]
/\ status = [j1 |-> "SUBMITTED", j2 |-> "SUBMITTED"]
/\ ovw = {}
/\ firstTerm = [j1 |-> None, j2 |-> None]
/\ ackAbort = [j1 |-> FALSE, j2 |-> FALSE]
/\ sjRC = [j1 |-> 0, j2 |-> 0]
/\ runAborted = [j1 |-> FALSE, j2 |-> FALSE]

State 6: <MsgCheckResource line 156, col 31 to line 156, col 73 of module MC>
/\ cpAlive = (c1 :> TRUE)
/\ failAccepted = [j1 |-> FALSE, j2 |-> FALSE]
/\ free = (c1 :> <<>>)
/\ using = (c1 :> [j1 |-> {}, j2 |-> {}])
/\ cjAbortMsg = (c1 :> [j1 |-> 0, j2 |-> 0])
/\ resv = (c1 :> {[job |-> "j1", tok |-> 1, units |-> {}, ttl |-> 1]})
/\ fc = [ hb |-> 0,
  lose |-> 0,
  chkTO |-> 0,
  stTO |-> 0,
  depFail |-> 0,
  sjLaunchFail |-> 0,
  backoff |-> 0,
  sjError |-> 0,
  sjCrash |-> 0,
  cjError |-> 0,
  cjUnsafe |-> 0,
  cjDesc |-> 0,
  cpLaunchFail |-> 0,
  crash |-> 0,
  abort |-> 0,
  delete |-> 1,
  disable |-> 0,
  appMissing |-> 0 ]
/\ abortDropped = (c1 :> [j1 |-> FALSE, j2 |-> FALSE])
/\ ackInWindow = [j1 |-> FALSE, j2 |-> FALSE]
/\ nextAtt = 2
/\ endedEv = [j1 |-> FALSE, j2 |-> FALSE]
/\ cjReg = (c1 :> [j1 |-> None, j2 |-> None])
/\ alloc = (c1 :> [j1 |-> {}, j2 |-> {}])
/\ ackStop = [j1 |-> FALSE, j2 |-> FALSE]
/\ cpc = [job |-> None, pc |-> "Idle"]
/\ termP = (c1 :> [j1 |-> 0, j2 |-> 0])
/\ waiter = (c1 :> [j1 |-> FALSE, j2 |-> FALSE])
/\ postAckLaunch = [j1 |-> FALSE, j2 |-> FALSE]
/\ sessions = {c1}
/\ rp = [j1 |-> None, j2 |-> None]
/\ cst = (c1 :> [j1 |-> None, j2 |-> None])
/\ sj = [j1 |-> "None", j2 |-> "None"]
/\ sweeper = [cl |-> None, pc |-> "Idle", snap |-> 0, blocking |-> FALSE]
/\ cjRC = (c1 :> [j1 |-> 0, j2 |-> 0])
/\ startedEv = [j1 |-> FALSE, j2 |-> FALSE]
/\ exeErrRec = [j1 |-> FALSE, j2 |-> FALSE]
/\ launches = [j1 |-> 0, j2 |-> 0]
/\ pending = [j1 |-> None, j2 |-> None]
/\ sjAbortHandled = [j1 |-> FALSE, j2 |-> FALSE]
/\ cjProc = (c1 :> [j1 |-> "None", j2 |-> "None"])
/\ msgs = ( [ ok |-> TRUE,
    code |-> 0,
    flag |-> FALSE,
    type |-> "CHECK_REP",
    job |-> "j1",
    cl |-> c1,
    att |-> 1 ] :>
      1 )
/\ wfc = [j1 |-> FALSE, j2 |-> FALSE]
/\ tagged = {}
/\ rmp = [j1 |-> 0, j2 |-> 0]
/\ shared = [j1 |-> FALSE, j2 |-> FALSE]
/\ disabled = {}
/\ sjErr = [j1 |-> FALSE, j2 |-> FALSE]
/\ latched = [j1 |-> None, j2 |-> None]
/\ rpc = [ job |-> "j1",
  att |-> 1,
  pc |-> "CheckWait",
  listed |-> {},
  queue |-> <<"j2">>,
  cnt |-> [j1 |-> 0, j2 |-> 0],
  chk |-> {c1},
  failed |-> <<>>,
  blocked |-> <<>>,
  fb |-> <<>>,
  ready |-> None,
  disp |-> {},
  dep |-> {},
  jid |-> FALSE,
  snap |-> None,
  sreq |-> {} ]
/\ exc = [j1 |-> None, j2 |-> None]
/\ runningJobs = {}
/\ failRunRec = [j1 |-> FALSE, j2 |-> FALSE]
/\ startFailCause = [j1 |-> "none", j2 |-> "none"]
/\ adm = [ j1 |-> [pc |-> "DeleteExec", snap |-> "SUBMITTED"],
  j2 |-> [pc |-> "Idle", snap |-> None] ]
/\ slots = {}
/\ termHb = (c1 :> [j1 |-> 0, j2 |-> 0])
/\ grp = (c1 :> [j1 |-> FALSE, j2 |-> FALSE])
/\ wfcStale = [j1 |-> None, j2 |-> None]
/\ pCount = [j1 |-> 0, j2 |-> 0]
/\ status = [j1 |-> "SUBMITTED", j2 |-> "SUBMITTED"]
/\ ovw = {}
/\ firstTerm = [j1 |-> None, j2 |-> None]
/\ ackAbort = [j1 |-> FALSE, j2 |-> FALSE]
/\ sjRC = [j1 |-> 0, j2 |-> 0]
/\ runAborted = [j1 |-> FALSE, j2 |-> FALSE]

State 7: <MCRunnerCheckCollect line 107, col 28 to line 107, col 70 of module MC>
/\ cpAlive = (c1 :> TRUE)
/\ failAccepted = [j1 |-> FALSE, j2 |-> FALSE]
/\ free = (c1 :> <<>>)
/\ using = (c1 :> [j1 |-> {}, j2 |-> {}])
/\ cjAbortMsg = (c1 :> [j1 |-> 0, j2 |-> 0])
/\ resv = (c1 :> {[job |-> "j1", tok |-> 1, units |-> {}, ttl |-> 1]})
/\ fc = [ hb |-> 0,
  lose |-> 0,
  chkTO |-> 0,
  stTO |-> 0,
  depFail |-> 0,
  sjLaunchFail |-> 0,
  backoff |-> 0,
  sjError |-> 0,
  sjCrash |-> 0,
  cjError |-> 0,
  cjUnsafe |-> 0,
  cjDesc |-> 0,
  cpLaunchFail |-> 0,
  crash |-> 0,
  abort |-> 0,
  delete |-> 1,
  disable |-> 0,
  appMissing |-> 0 ]
/\ abortDropped = (c1 :> [j1 |-> FALSE, j2 |-> FALSE])
/\ ackInWindow = [j1 |-> FALSE, j2 |-> FALSE]
/\ nextAtt = 2
/\ endedEv = [j1 |-> FALSE, j2 |-> FALSE]
/\ cjReg = (c1 :> [j1 |-> None, j2 |-> None])
/\ alloc = (c1 :> [j1 |-> {}, j2 |-> {}])
/\ ackStop = [j1 |-> FALSE, j2 |-> FALSE]
/\ cpc = [job |-> None, pc |-> "Idle"]
/\ termP = (c1 :> [j1 |-> 0, j2 |-> 0])
/\ waiter = (c1 :> [j1 |-> FALSE, j2 |-> FALSE])
/\ postAckLaunch = [j1 |-> FALSE, j2 |-> FALSE]
/\ sessions = {c1}
/\ rp = [j1 |-> None, j2 |-> None]
/\ cst = (c1 :> [j1 |-> None, j2 |-> None])
/\ sj = [j1 |-> "None", j2 |-> "None"]
/\ sweeper = [cl |-> None, pc |-> "Idle", snap |-> 0, blocking |-> FALSE]
/\ cjRC = (c1 :> [j1 |-> 0, j2 |-> 0])
/\ startedEv = [j1 |-> FALSE, j2 |-> FALSE]
/\ exeErrRec = [j1 |-> FALSE, j2 |-> FALSE]
/\ launches = [j1 |-> 0, j2 |-> 0]
/\ pending = [j1 |-> None, j2 |-> None]
/\ sjAbortHandled = [j1 |-> FALSE, j2 |-> FALSE]
/\ cjProc = (c1 :> [j1 |-> "None", j2 |-> "None"])
/\ msgs = <<>>
/\ wfc = [j1 |-> FALSE, j2 |-> FALSE]
/\ tagged = {}
/\ rmp = [j1 |-> 0, j2 |-> 0]
/\ shared = [j1 |-> FALSE, j2 |-> FALSE]
/\ disabled = {}
/\ sjErr = [j1 |-> FALSE, j2 |-> FALSE]
/\ latched = [j1 |-> None, j2 |-> None]
/\ rpc = [ job |-> None,
  att |-> 1,
  pc |-> "ChkSubmitted",
  listed |-> {},
  queue |-> <<>>,
  cnt |-> [j1 |-> 1, j2 |-> 0],
  chk |-> {},
  failed |-> <<>>,
  blocked |-> <<>>,
  fb |-> <<>>,
  ready |-> "j1",
  disp |-> {c1},
  dep |-> {},
  jid |-> FALSE,
  snap |-> None,
  sreq |-> {} ]
/\ exc = [j1 |-> None, j2 |-> None]
/\ runningJobs = {}
/\ failRunRec = [j1 |-> FALSE, j2 |-> FALSE]
/\ startFailCause = [j1 |-> "none", j2 |-> "none"]
/\ adm = [ j1 |-> [pc |-> "DeleteExec", snap |-> "SUBMITTED"],
  j2 |-> [pc |-> "Idle", snap |-> None] ]
/\ slots = {}
/\ termHb = (c1 :> [j1 |-> 0, j2 |-> 0])
/\ grp = (c1 :> [j1 |-> FALSE, j2 |-> FALSE])
/\ wfcStale = [j1 |-> None, j2 |-> None]
/\ pCount = [j1 |-> 0, j2 |-> 0]
/\ status = [j1 |-> "SUBMITTED", j2 |-> "SUBMITTED"]
/\ ovw = {}
/\ firstTerm = [j1 |-> None, j2 |-> None]
/\ ackAbort = [j1 |-> FALSE, j2 |-> FALSE]
/\ sjRC = [j1 |-> 0, j2 |-> 0]
/\ runAborted = [j1 |-> FALSE, j2 |-> FALSE]

State 8: <MCRunnerCheckSubmitted line 111, col 28 to line 111, col 72 of module MC>
/\ cpAlive = (c1 :> TRUE)
/\ failAccepted = [j1 |-> FALSE, j2 |-> FALSE]
/\ free = (c1 :> <<>>)
/\ using = (c1 :> [j1 |-> {}, j2 |-> {}])
/\ cjAbortMsg = (c1 :> [j1 |-> 0, j2 |-> 0])
/\ resv = (c1 :> {[job |-> "j1", tok |-> 1, units |-> {}, ttl |-> 1]})
/\ fc = [ hb |-> 0,
  lose |-> 0,
  chkTO |-> 0,
  stTO |-> 0,
  depFail |-> 0,
  sjLaunchFail |-> 0,
  backoff |-> 0,
  sjError |-> 0,
  sjCrash |-> 0,
  cjError |-> 0,
  cjUnsafe |-> 0,
  cjDesc |-> 0,
  cpLaunchFail |-> 0,
  crash |-> 0,
  abort |-> 0,
  delete |-> 1,
  disable |-> 0,
  appMissing |-> 0 ]
/\ abortDropped = (c1 :> [j1 |-> FALSE, j2 |-> FALSE])
/\ ackInWindow = [j1 |-> FALSE, j2 |-> FALSE]
/\ nextAtt = 2
/\ endedEv = [j1 |-> FALSE, j2 |-> FALSE]
/\ cjReg = (c1 :> [j1 |-> None, j2 |-> None])
/\ alloc = (c1 :> [j1 |-> {}, j2 |-> {}])
/\ ackStop = [j1 |-> FALSE, j2 |-> FALSE]
/\ cpc = [job |-> None, pc |-> "Idle"]
/\ termP = (c1 :> [j1 |-> 0, j2 |-> 0])
/\ waiter = (c1 :> [j1 |-> FALSE, j2 |-> FALSE])
/\ postAckLaunch = [j1 |-> FALSE, j2 |-> FALSE]
/\ sessions = {c1}
/\ rp = [j1 |-> None, j2 |-> None]
/\ cst = (c1 :> [j1 |-> None, j2 |-> None])
/\ sj = [j1 |-> "None", j2 |-> "None"]
/\ sweeper = [cl |-> None, pc |-> "Idle", snap |-> 0, blocking |-> FALSE]
/\ cjRC = (c1 :> [j1 |-> 0, j2 |-> 0])
/\ startedEv = [j1 |-> FALSE, j2 |-> FALSE]
/\ exeErrRec = [j1 |-> FALSE, j2 |-> FALSE]
/\ launches = [j1 |-> 0, j2 |-> 0]
/\ pending = [j1 |-> None, j2 |-> None]
/\ sjAbortHandled = [j1 |-> FALSE, j2 |-> FALSE]
/\ cjProc = (c1 :> [j1 |-> "None", j2 |-> "None"])
/\ msgs = <<>>
/\ wfc = [j1 |-> FALSE, j2 |-> FALSE]
/\ tagged = {}
/\ rmp = [j1 |-> 0, j2 |-> 0]
/\ shared = [j1 |-> FALSE, j2 |-> FALSE]
/\ disabled = {}
/\ sjErr = [j1 |-> FALSE, j2 |-> FALSE]
/\ latched = [j1 |-> None, j2 |-> None]
/\ rpc = [ job |-> None,
  att |-> 1,
  pc |-> "Deploy",
  listed |-> {},
  queue |-> <<>>,
  cnt |-> [j1 |-> 1, j2 |-> 0],
  chk |-> {},
  failed |-> <<>>,
  blocked |-> <<>>,
  fb |-> <<>>,
  ready |-> "j1",
  disp |-> {c1},
  dep |-> {},
  jid |-> FALSE,
  snap |-> None,
  sreq |-> {} ]
/\ exc = [j1 |-> None, j2 |-> None]
/\ runningJobs = {}
/\ failRunRec = [j1 |-> FALSE, j2 |-> FALSE]
/\ startFailCause = [j1 |-> "none", j2 |-> "none"]
/\ adm = [ j1 |-> [pc |-> "DeleteExec", snap |-> "SUBMITTED"],
  j2 |-> [pc |-> "Idle", snap |-> None] ]
/\ slots = {}
/\ termHb = (c1 :> [j1 |-> 0, j2 |-> 0])
/\ grp = (c1 :> [j1 |-> FALSE, j2 |-> FALSE])
/\ wfcStale = [j1 |-> None, j2 |-> None]
/\ pCount = [j1 |-> 0, j2 |-> 0]
/\ status = [j1 |-> "SUBMITTED", j2 |-> "SUBMITTED"]
/\ ovw = {}
/\ firstTerm = [j1 |-> None, j2 |-> None]
/\ ackAbort = [j1 |-> FALSE, j2 |-> FALSE]
/\ sjRC = [j1 |-> 0, j2 |-> 0]
/\ runAborted = [j1 |-> FALSE, j2 |-> FALSE]

State 9: <MCRunnerDeployJob({}) line 69, col 5 to line 71, col 83 of module MC>
/\ cpAlive = (c1 :> TRUE)
/\ failAccepted = [j1 |-> FALSE, j2 |-> FALSE]
/\ free = (c1 :> <<>>)
/\ using = (c1 :> [j1 |-> {}, j2 |-> {}])
/\ cjAbortMsg = (c1 :> [j1 |-> 0, j2 |-> 0])
/\ resv = (c1 :> {[job |-> "j1", tok |-> 1, units |-> {}, ttl |-> 1]})
/\ fc = [ hb |-> 0,
  lose |-> 0,
  chkTO |-> 0,
  stTO |-> 0,
  depFail |-> 0,
  sjLaunchFail |-> 0,
  backoff |-> 0,
  sjError |-> 0,
  sjCrash |-> 0,
  cjError |-> 0,
  cjUnsafe |-> 0,
  cjDesc |-> 0,
  cpLaunchFail |-> 0,
  crash |-> 0,
  abort |-> 0,
  delete |-> 1,
  disable |-> 0,
  appMissing |-> 0 ]
/\ abortDropped = (c1 :> [j1 |-> FALSE, j2 |-> FALSE])
/\ ackInWindow = [j1 |-> FALSE, j2 |-> FALSE]
/\ nextAtt = 2
/\ endedEv = [j1 |-> FALSE, j2 |-> FALSE]
/\ cjReg = (c1 :> [j1 |-> None, j2 |-> None])
/\ alloc = (c1 :> [j1 |-> {}, j2 |-> {}])
/\ ackStop = [j1 |-> FALSE, j2 |-> FALSE]
/\ cpc = [job |-> None, pc |-> "Idle"]
/\ termP = (c1 :> [j1 |-> 0, j2 |-> 0])
/\ waiter = (c1 :> [j1 |-> FALSE, j2 |-> FALSE])
/\ postAckLaunch = [j1 |-> FALSE, j2 |-> FALSE]
/\ sessions = {c1}
/\ rp = [j1 |-> None, j2 |-> None]
/\ cst = (c1 :> [j1 |-> None, j2 |-> None])
/\ sj = [j1 |-> "None", j2 |-> "None"]
/\ sweeper = [cl |-> None, pc |-> "Idle", snap |-> 0, blocking |-> FALSE]
/\ cjRC = (c1 :> [j1 |-> 0, j2 |-> 0])
/\ startedEv = [j1 |-> FALSE, j2 |-> FALSE]
/\ exeErrRec = [j1 |-> FALSE, j2 |-> FALSE]
/\ launches = [j1 |-> 0, j2 |-> 0]
/\ pending = [j1 |-> None, j2 |-> None]
/\ sjAbortHandled = [j1 |-> FALSE, j2 |-> FALSE]
/\ cjProc = (c1 :> [j1 |-> "None", j2 |-> "None"])
/\ msgs = <<>>
/\ wfc = [j1 |-> FALSE, j2 |-> FALSE]
/\ tagged = {}
/\ rmp = [j1 |-> 0, j2 |-> 0]
/\ shared = [j1 |-> FALSE, j2 |-> FALSE]
/\ disabled = {}
/\ sjErr = [j1 |-> FALSE, j2 |-> FALSE]
/\ latched = [j1 |-> None, j2 |-> None]
/\ rpc = [ job |-> None,
  att |-> 1,
  pc |-> "SetDispatched",
  listed |-> {},
  queue |-> <<>>,
  cnt |-> [j1 |-> 1, j2 |-> 0],
  chk |-> {},
  failed |-> <<>>,
  blocked |-> <<>>,
  fb |-> <<>>,
  ready |-> "j1",
  disp |-> {c1},
  dep |-> {c1},
  jid |-> TRUE,
  snap |-> None,
  sreq |-> {} ]
/\ exc = [j1 |-> None, j2 |-> None]
/\ runningJobs = {}
/\ failRunRec = [j1 |-> FALSE, j2 |-> FALSE]
/\ startFailCause = [j1 |-> "none", j2 |-> "none"]
/\ adm = [ j1 |-> [pc |-> "DeleteExec", snap |-> "SUBMITTED"],
  j2 |-> [pc |-> "Idle", snap |-> None] ]
/\ slots = {}
/\ termHb = (c1 :> [j1 |-> 0, j2 |-> 0])
/\ grp = (c1 :> [j1 |-> FALSE, j2 |-> FALSE])
/\ wfcStale = [j1 |-> None, j2 |-> None]
/\ pCount = [j1 |-> 0, j2 |-> 0]
/\ status = [j1 |-> "SUBMITTED", j2 |-> "SUBMITTED"]
/\ ovw = {}
/\ firstTerm = [j1 |-> None, j2 |-> None]
/\ ackAbort = [j1 |-> FALSE, j2 |-> FALSE]
/\ sjRC = [j1 |-> 0, j2 |-> 0]
/\ runAborted = [j1 |-> FALSE, j2 |-> FALSE]

State 10: <MCRunnerSetDispatched line 112, col 28 to line 112, col 71 of module MC>
/\ cpAlive = (c1 :> TRUE)
/\ failAccepted = [j1 |-> FALSE, j2 |-> FALSE]
/\ free = (c1 :> <<>>)
/\ using = (c1 :> [j1 |-> {}, j2 |-> {}])
/\ cjAbortMsg = (c1 :> [j1 |-> 0, j2 |-> 0])
/\ resv = (c1 :> {[job |-> "j1", tok |-> 1, units |-> {}, ttl |-> 1]})
/\ fc = [ hb |-> 0,
  lose |-> 0,
  chkTO |-> 0,
  stTO |-> 0,
  depFail |-> 0,
  sjLaunchFail |-> 0,
  backoff |-> 0,
  sjError |-> 0,
  sjCrash |-> 0,
  cjError |-> 0,
  cjUnsafe |-> 0,
  cjDesc |-> 0,
  cpLaunchFail |-> 0,
  crash |-> 0,
  abort |-> 0,
  delete |-> 1,
  disable |-> 0,
  appMissing |-> 0 ]
/\ abortDropped = (c1 :> [j1 |-> FALSE, j2 |-> FALSE])
/\ ackInWindow = [j1 |-> FALSE, j2 |-> FALSE]
/\ nextAtt = 2
/\ endedEv = [j1 |-> FALSE, j2 |-> FALSE]
/\ cjReg = (c1 :> [j1 |-> None, j2 |-> None])
/\ alloc = (c1 :> [j1 |-> {}, j2 |-> {}])
/\ ackStop = [j1 |-> FALSE, j2 |-> FALSE]
/\ cpc = [job |-> None, pc |-> "Idle"]
/\ termP = (c1 :> [j1 |-> 0, j2 |-> 0])
/\ waiter = (c1 :> [j1 |-> FALSE, j2 |-> FALSE])
/\ postAckLaunch = [j1 |-> FALSE, j2 |-> FALSE]
/\ sessions = {c1}
/\ rp = [j1 |-> None, j2 |-> None]
/\ cst = (c1 :> [j1 |-> None, j2 |-> None])
/\ sj = [j1 |-> "None", j2 |-> "None"]
/\ sweeper = [cl |-> None, pc |-> "Idle", snap |-> 0, blocking |-> FALSE]
/\ cjRC = (c1 :> [j1 |-> 0, j2 |-> 0])
/\ startedEv = [j1 |-> FALSE, j2 |-> FALSE]
/\ exeErrRec = [j1 |-> FALSE, j2 |-> FALSE]
/\ launches = [j1 |-> 0, j2 |-> 0]
/\ pending = [j1 |-> None, j2 |-> None]
/\ sjAbortHandled = [j1 |-> FALSE, j2 |-> FALSE]
/\ cjProc = (c1 :> [j1 |-> "None", j2 |-> "None"])
/\ msgs = <<>>
/\ wfc = [j1 |-> FALSE, j2 |-> FALSE]
/\ tagged = {}
/\ rmp = [j1 |-> 0, j2 |-> 0]
/\ shared = [j1 |-> FALSE, j2 |-> FALSE]
/\ disabled = {}
/\ sjErr = [j1 |-> FALSE, j2 |-> FALSE]
/\ latched = [j1 |-> None, j2 |-> None]
/\ rpc = [ job |-> None,
  att |-> 1,
  pc |-> "MetaRead",
  listed |-> {},
  queue |-> <<>>,
  cnt |-> [j1 |-> 1, j2 |-> 0],
  chk |-> {},
  failed |-> <<>>,
  blocked |-> <<>>,
  fb |-> <<>>,
  ready |-> "j1",
  disp |-> {c1},
  dep |-> {c1},
  jid |-> TRUE,
  snap |-> None,
  sreq |-> {} ]
/\ exc = [j1 |-> None, j2 |-> None]
/\ runningJobs = {}
/\ failRunRec = [j1 |-> FALSE, j2 |-> FALSE]
/\ startFailCause = [j1 |-> "none", j2 |-> "none"]
/\ adm = [ j1 |-> [pc |-> "DeleteExec", snap |-> "SUBMITTED"],
  j2 |-> [pc |-> "Idle", snap |-> None] ]
/\ slots = {}
/\ termHb = (c1 :> [j1 |-> 0, j2 |-> 0])
/\ grp = (c1 :> [j1 |-> FALSE, j2 |-> FALSE])
/\ wfcStale = [j1 |-> None, j2 |-> None]
/\ pCount = [j1 |-> 0, j2 |-> 0]
/\ status = [j1 |-> "DISPATCHED", j2 |-> "SUBMITTED"]
/\ ovw = {}
/\ firstTerm = [j1 |-> None, j2 |-> None]
/\ ackAbort = [j1 |-> FALSE, j2 |-> FALSE]
/\ sjRC = [j1 |-> 0, j2 |-> 0]
/\ runAborted = [j1 |-> FALSE, j2 |-> FALSE]

State 11: <MCRunnerMetaRead line 113, col 28 to line 113, col 66 of module MC>
/\ cpAlive = (c1 :> TRUE)
/\ failAccepted = [j1 |-> FALSE, j2 |-> FALSE]
/\ free = (c1 :> <<>>)
/\ using = (c1 :> [j1 |-> {}, j2 |-> {}])
/\ cjAbortMsg = (c1 :> [j1 |-> 0, j2 |-> 0])
/\ resv = (c1 :> {[job |-> "j1", tok |-> 1, units |-> {}, ttl |-> 1]})
/\ fc = [ hb |-> 0,
  lose |-> 0,
  chkTO |-> 0,
  stTO |-> 0,
  depFail |-> 0,
  sjLaunchFail |-> 0,
  backoff |-> 0,
  sjError |-> 0,
  sjCrash |-> 0,
  cjError |-> 0,
  cjUnsafe |-> 0,
  cjDesc |-> 0,
  cpLaunchFail |-> 0,
  crash |-> 0,
  abort |-> 0,
  delete |-> 1,
  disable |-> 0,
  appMissing |-> 0 ]
/\ abortDropped = (c1 :> [j1 |-> FALSE, j2 |-> FALSE])
/\ ackInWindow = [j1 |-> FALSE, j2 |-> FALSE]
/\ nextAtt = 2
/\ endedEv = [j1 |-> FALSE, j2 |-> FALSE]
/\ cjReg = (c1 :> [j1 |-> None, j2 |-> None])
/\ alloc = (c1 :> [j1 |-> {}, j2 |-> {}])
/\ ackStop = [j1 |-> FALSE, j2 |-> FALSE]
/\ cpc = [job |-> None, pc |-> "Idle"]
/\ termP = (c1 :> [j1 |-> 0, j2 |-> 0])
/\ waiter = (c1 :> [j1 |-> FALSE, j2 |-> FALSE])
/\ postAckLaunch = [j1 |-> FALSE, j2 |-> FALSE]
/\ sessions = {c1}
/\ rp = [j1 |-> None, j2 |-> None]
/\ cst = (c1 :> [j1 |-> None, j2 |-> None])
/\ sj = [j1 |-> "None", j2 |-> "None"]
/\ sweeper = [cl |-> None, pc |-> "Idle", snap |-> 0, blocking |-> FALSE]
/\ cjRC = (c1 :> [j1 |-> 0, j2 |-> 0])
/\ startedEv = [j1 |-> FALSE, j2 |-> FALSE]
/\ exeErrRec = [j1 |-> FALSE, j2 |-> FALSE]
/\ launches = [j1 |-> 0, j2 |-> 0]
/\ pending = [j1 |-> None, j2 |-> None]
/\ sjAbortHandled = [j1 |-> FALSE, j2 |-> FALSE]
/\ cjProc = (c1 :> [j1 |-> "None", j2 |-> "None"])
/\ msgs = <<>>
/\ wfc = [j1 |-> FALSE, j2 |-> FALSE]
/\ tagged = {}
/\ rmp = [j1 |-> 0, j2 |-> 0]
/\ shared = [j1 |-> FALSE, j2 |-> FALSE]
/\ disabled = {}
/\ sjErr = [j1 |-> FALSE, j2 |-> FALSE]
/\ latched = [j1 |-> None, j2 |-> None]
/\ rpc = [ job |-> None,
  att |-> 1,
  pc |-> "MetaWrite",
  listed |-> {},
  queue |-> <<>>,
  cnt |-> [j1 |-> 1, j2 |-> 0],
  chk |-> {},
  failed |-> <<>>,
  blocked |-> <<>>,
  fb |-> <<>>,
  ready |-> "j1",
  disp |-> {c1},
  dep |-> {c1},
  jid |-> TRUE,
  snap |-> "DISPATCHED",
  sreq |-> {} ]
/\ exc = [j1 |-> None, j2 |-> None]
/\ runningJobs = {}
/\ failRunRec = [j1 |-> FALSE, j2 |-> FALSE]
/\ startFailCause = [j1 |-> "none", j2 |-> "none"]
/\ adm = [ j1 |-> [pc |-> "DeleteExec", snap |-> "SUBMITTED"],
  j2 |-> [pc |-> "Idle", snap |-> None] ]
/\ slots = {}
/\ termHb = (c1 :> [j1 |-> 0, j2 |-> 0])
/\ grp = (c1 :> [j1 |-> FALSE, j2 |-> FALSE])
/\ wfcStale = [j1 |-> None, j2 |-> None]
/\ pCount = [j1 |-> 0, j2 |-> 0]
/\ status = [j1 |-> "DISPATCHED", j2 |-> "SUBMITTED"]
/\ ovw = {}
/\ firstTerm = [j1 |-> None, j2 |-> None]
/\ ackAbort = [j1 |-> FALSE, j2 |-> FALSE]
/\ sjRC = [j1 |-> 0, j2 |-> 0]
/\ runAborted = [j1 |-> FALSE, j2 |-> FALSE]

State 12: <MCRunnerMetaWrite line 114, col 28 to line 114, col 67 of module MC>
/\ cpAlive = (c1 :> TRUE)
/\ failAccepted = [j1 |-> FALSE, j2 |-> FALSE]
/\ free = (c1 :> <<>>)
/\ using = (c1 :> [j1 |-> {}, j2 |-> {}])
/\ cjAbortMsg = (c1 :> [j1 |-> 0, j2 |-> 0])
/\ resv = (c1 :> {[job |-> "j1", tok |-> 1, units |-> {}, ttl |-> 1]})
/\ fc = [ hb |-> 0,
  lose |-> 0,
  chkTO |-> 0,
  stTO |-> 0,
  depFail |-> 0,
  sjLaunchFail |-> 0,
  backoff |-> 0,
  sjError |-> 0,
  sjCrash |-> 0,
  cjError |-> 0,
  cjUnsafe |-> 0,
  cjDesc |-> 0,
  cpLaunchFail |-> 0,
  crash |-> 0,
  abort |-> 0,
  delete |-> 1,
  disable |-> 0,
  appMissing |-> 0 ]
/\ abortDropped = (c1 :> [j1 |-> FALSE, j2 |-> FALSE])
/\ ackInWindow = [j1 |-> FALSE, j2 |-> FALSE]
/\ nextAtt = 2
/\ endedEv = [j1 |-> FALSE, j2 |-> FALSE]
/\ cjReg = (c1 :> [j1 |-> None, j2 |-> None])
/\ alloc = (c1 :> [j1 |-> {}, j2 |-> {}])
/\ ackStop = [j1 |-> FALSE, j2 |-> FALSE]
/\ cpc = [job |-> None, pc |-> "Idle"]
/\ termP = (c1 :> [j1 |-> 0, j2 |-> 0])
/\ waiter = (c1 :> [j1 |-> FALSE, j2 |-> FALSE])
/\ postAckLaunch = [j1 |-> FALSE, j2 |-> FALSE]
/\ sessions = {c1}
/\ rp = [j1 |-> None, j2 |-> None]
/\ cst = (c1 :> [j1 |-> None, j2 |-> None])
/\ sj = [j1 |-> "None", j2 |-> "None"]
/\ sweeper = [cl |-> None, pc |-> "Idle", snap |-> 0, blocking |-> FALSE]
/\ cjRC = (c1 :> [j1 |-> 0, j2 |-> 0])
/\ startedEv = [j1 |-> FALSE, j2 |-> FALSE]
/\ exeErrRec = [j1 |-> FALSE, j2 |-> FALSE]
/\ launches = [j1 |-> 0, j2 |-> 0]
/\ pending = [j1 |-> None, j2 |-> None]
/\ sjAbortHandled = [j1 |-> FALSE, j2 |-> FALSE]
/\ cjProc = (c1 :> [j1 |-> "None", j2 |-> "None"])
/\ msgs = <<>>
/\ wfc = [j1 |-> FALSE, j2 |-> FALSE]
/\ tagged = {}
/\ rmp = [j1 |-> 0, j2 |-> 0]
/\ shared = [j1 |-> FALSE, j2 |-> FALSE]
/\ disabled = {}
/\ sjErr = [j1 |-> FALSE, j2 |-> FALSE]
/\ latched = [j1 |-> None, j2 |-> None]
/\ rpc = [ job |-> None,
  att |-> 1,
  pc |-> "ChkDispatched",
  listed |-> {},
  queue |-> <<>>,
  cnt |-> [j1 |-> 1, j2 |-> 0],
  chk |-> {},
  failed |-> <<>>,
  blocked |-> <<>>,
  fb |-> <<>>,
  ready |-> "j1",
  disp |-> {c1},
  dep |-> {c1},
  jid |-> TRUE,
  snap |-> None,
  sreq |-> {} ]
/\ exc = [j1 |-> None, j2 |-> None]
/\ runningJobs = {}
/\ failRunRec = [j1 |-> FALSE, j2 |-> FALSE]
/\ startFailCause = [j1 |-> "none", j2 |-> "none"]
/\ adm = [ j1 |-> [pc |-> "DeleteExec", snap |-> "SUBMITTED"],
  j2 |-> [pc |-> "Idle", snap |-> None] ]
/\ slots = {}
/\ termHb = (c1 :> [j1 |-> 0, j2 |-> 0])
/\ grp = (c1 :> [j1 |-> FALSE, j2 |-> FALSE])
/\ wfcStale = [j1 |-> None, j2 |-> None]
/\ pCount = [j1 |-> 1, j2 |-> 0]
/\ status = [j1 |-> "DISPATCHED", j2 |-> "SUBMITTED"]
/\ ovw = {}
/\ firstTerm = [j1 |-> None, j2 |-> None]
/\ ackAbort = [j1 |-> FALSE, j2 |-> FALSE]
/\ sjRC = [j1 |-> 0, j2 |-> 0]
/\ runAborted = [j1 |-> FALSE, j2 |-> FALSE]

State 13: <MCRunnerCheckDispatched line 115, col 28 to line 115, col 73 of module MC>
/\ cpAlive = (c1 :> TRUE)
/\ failAccepted = [j1 |-> FALSE, j2 |-> FALSE]
/\ free = (c1 :> <<>>)
/\ using = (c1 :> [j1 |-> {}, j2 |-> {}])
/\ cjAbortMsg = (c1 :> [j1 |-> 0, j2 |-> 0])
/\ resv = (c1 :> {[job |-> "j1", tok |-> 1, units |-> {}, ttl |-> 1]})
/\ fc = [ hb |-> 0,
  lose |-> 0,
  chkTO |-> 0,
  stTO |-> 0,
  depFail |-> 0,
  sjLaunchFail |-> 0,
  backoff |-> 0,
  sjError |-> 0,
  sjCrash |-> 0,
  cjError |-> 0,
  cjUnsafe |-> 0,
  cjDesc |-> 0,
  cpLaunchFail |-> 0,
  crash |-> 0,
  abort |-> 0,
  delete |-> 1,
  disable |-> 0,
  appMissing |-> 0 ]
/\ abortDropped = (c1 :> [j1 |-> FALSE, j2 |-> FALSE])
/\ ackInWindow = [j1 |-> FALSE, j2 |-> FALSE]
/\ nextAtt = 2
/\ endedEv = [j1 |-> FALSE, j2 |-> FALSE]
/\ cjReg = (c1 :> [j1 |-> None, j2 |-> None])
/\ alloc = (c1 :> [j1 |-> {}, j2 |-> {}])
/\ ackStop = [j1 |-> FALSE, j2 |-> FALSE]
/\ cpc = [job |-> None, pc |-> "Idle"]
/\ termP = (c1 :> [j1 |-> 0, j2 |-> 0])
/\ waiter = (c1 :> [j1 |-> FALSE, j2 |-> FALSE])
/\ postAckLaunch = [j1 |-> FALSE, j2 |-> FALSE]
/\ sessions = {c1}
/\ rp = [j1 |-> None, j2 |-> None]
/\ cst = (c1 :> [j1 |-> None, j2 |-> None])
/\ sj = [j1 |-> "None", j2 |-> "None"]
/\ sweeper = [cl |-> None, pc |-> "Idle", snap |-> 0, blocking |-> FALSE]
/\ cjRC = (c1 :> [j1 |-> 0, j2 |-> 0])
/\ startedEv = [j1 |-> FALSE, j2 |-> FALSE]
/\ exeErrRec = [j1 |-> FALSE, j2 |-> FALSE]
/\ launches = [j1 |-> 0, j2 |-> 0]
/\ pending = [j1 |-> None, j2 |-> None]
/\ sjAbortHandled = [j1 |-> FALSE, j2 |-> FALSE]
/\ cjProc = (c1 :> [j1 |-> "None", j2 |-> "None"])
/\ msgs = <<>>
/\ wfc = [j1 |-> FALSE, j2 |-> FALSE]
/\ tagged = {}
/\ rmp = [j1 |-> 0, j2 |-> 0]
/\ shared = [j1 |-> FALSE, j2 |-> FALSE]
/\ disabled = {}
/\ sjErr = [j1 |-> FALSE, j2 |-> FALSE]
/\ latched = [j1 |-> None, j2 |-> None]
/\ rpc = [ job |-> None,
  att |-> 1,
  pc |-> "StartSJ",
  listed |-> {},
  queue |-> <<>>,
  cnt |-> [j1 |-> 1, j2 |-> 0],
  chk |-> {},
  failed |-> <<>>,
  blocked |-> <<>>,
  fb |-> <<>>,
  ready |-> "j1",
  disp |-> {c1},
  dep |-> {c1},
  jid |-> TRUE,
  snap |-> None,
  sreq |-> {} ]
/\ exc = [j1 |-> None, j2 |-> None]
/\ runningJobs = {}
/\ failRunRec = [j1 |-> FALSE, j2 |-> FALSE]
/\ startFailCause = [j1 |-> "none", j2 |-> "none"]
/\ adm = [ j1 |-> [pc |-> "DeleteExec", snap |-> "SUBMITTED"],
  j2 |-> [pc |-> "Idle", snap |-> None] ]
/\ slots = {}
/\ termHb = (c1 :> [j1 |-> 0, j2 |-> 0])
/\ grp = (c1 :> [j1 |-> FALSE, j2 |-> FALSE])
/\ wfcStale = [j1 |-> None, j2 |-> None]
/\ pCount = [j1 |-> 1, j2 |-> 0]
/\ status = [j1 |-> "DISPATCHED", j2 |-> "SUBMITTED"]
/\ ovw = {}
/\ firstTerm = [j1 |-> None, j2 |-> None]
/\ ackAbort = [j1 |-> FALSE, j2 |-> FALSE]
/\ sjRC = [j1 |-> 0, j2 |-> 0]
/\ runAborted = [j1 |-> FALSE, j2 |-> FALSE]

State 14: <MCRunnerStartServerApp line 116, col 28 to line 116, col 72 of module MC>
/\ cpAlive = (c1 :> TRUE)
/\ failAccepted = [j1 |-> FALSE, j2 |-> FALSE]
/\ free = (c1 :> <<>>)
/\ using = (c1 :> [j1 |-> {}, j2 |-> {}])
/\ cjAbortMsg = (c1 :> [j1 |-> 0, j2 |-> 0])
/\ resv = (c1 :> {[job |-> "j1", tok |-> 1, units |-> {}, ttl |-> 1]})
/\ fc = [ hb |-> 0,
  lose |-> 0,
  chkTO |-> 0,
  stTO |-> 0,
  depFail |-> 0,
  sjLaunchFail |-> 0,
  backoff |-> 0,
  sjError |-> 0,
  sjCrash |-> 0,
  cjError |-> 0,
  cjUnsafe |-> 0,
  cjDesc |-> 0,
  cpLaunchFail |-> 0,
  crash |-> 0,
  abort |-> 0,
  delete |-> 1,
  disable |-> 0,
  appMissing |-> 0 ]
/\ abortDropped = (c1 :> [j1 |-> FALSE, j2 |-> FALSE])
/\ ackInWindow = [j1 |-> FALSE, j2 |-> FALSE]
/\ nextAtt = 2
/\ endedEv = [j1 |-> FALSE, j2 |-> FALSE]
/\ cjReg = (c1 :> [j1 |-> None, j2 |-> None])
/\ alloc = (c1 :> [j1 |-> {}, j2 |-> {}])
/\ ackStop = [j1 |-> FALSE, j2 |-> FALSE]
/\ cpc = [job |-> None, pc |-> "Idle"]
/\ termP = (c1 :> [j1 |-> 0, j2 |-> 0])
/\ waiter = (c1 :> [j1 |-> FALSE, j2 |-> FALSE])
/\ postAckLaunch = [j1 |-> FALSE, j2 |-> FALSE]
/\ sessions = {c1}
/\ rp = [ j1 |-> [rc |-> 0, exeErr |-> FALSE, parts |-> {c1}, finished |-> FALSE],
  j2 |-> None ]
/\ cst = (c1 :> [j1 |-> None, j2 |-> None])
/\ sj = [j1 |-> "Running", j2 |-> "None"]
/\ sweeper = [cl |-> None, pc |-> "Idle", snap |-> 0, blocking |-> FALSE]
/\ cjRC = (c1 :> [j1 |-> 0, j2 |-> 0])
/\ startedEv = [j1 |-> FALSE, j2 |-> FALSE]
/\ exeErrRec = [j1 |-> FALSE, j2 |-> FALSE]
/\ launches = [j1 |-> 1, j2 |-> 0]
/\ pending = [j1 |-> {c1}, j2 |-> None]
/\ sjAbortHandled = [j1 |-> FALSE, j2 |-> FALSE]
/\ cjProc = (c1 :> [j1 |-> "None", j2 |-> "None"])
/\ msgs = ( [ ok |-> FALSE,
    code |-> 0,
    flag |-> FALSE,
    type |-> "START",
    job |-> "j1",
    cl |-> c1,
    att |-> 1 ] :>
      1 )
/\ wfc = [j1 |-> TRUE, j2 |-> FALSE]
/\ tagged = {}
/\ rmp = [j1 |-> 0, j2 |-> 0]
/\ shared = [j1 |-> FALSE, j2 |-> FALSE]
/\ disabled = {}
/\ sjErr = [j1 |-> FALSE, j2 |-> FALSE]
/\ latched = [j1 |-> None, j2 |-> None]
/\ rpc = [ job |-> None,
  att |-> 1,
  pc |-> "StartWait",
  listed |-> {},
  queue |-> <<>>,
  cnt |-> [j1 |-> 1, j2 |-> 0],
  chk |-> {},
  failed |-> <<>>,
  blocked |-> <<>>,
  fb |-> <<>>,
  ready |-> "j1",
  disp |-> {c1},
  dep |-> {c1},
  jid |-> TRUE,
  snap |-> None,
  sreq |-> {c1} ]
/\ exc = [j1 |-> None, j2 |-> None]
/\ runningJobs = {}
/\ failRunRec = [j1 |-> FALSE, j2 |-> FALSE]
/\ startFailCause = [j1 |-> "none", j2 |-> "none"]
/\ adm = [ j1 |-> [pc |-> "DeleteExec", snap |-> "SUBMITTED"],
  j2 |-> [pc |-> "Idle", snap |-> None] ]
/\ slots = {}
/\ termHb = (c1 :> [j1 |-> 0, j2 |-> 0])
/\ grp = (c1 :> [j1 |-> FALSE, j2 |-> FALSE])
/\ wfcStale = [j1 |-> None, j2 |-> None]
/\ pCount = [j1 |-> 1, j2 |-> 0]
/\ status = [j1 |-> "DISPATCHED", j2 |-> "SUBMITTED"]
/\ ovw = {}
/\ firstTerm = [j1 |-> None, j2 |-> None]
/\ ackAbort = [j1 |-> FALSE, j2 |-> FALSE]
/\ sjRC = [j1 |-> 0, j2 |-> 0]
/\ runAborted = [j1 |-> FALSE, j2 |-> FALSE]

State 15: <MsgStartAllocate line 158, col 31 to line 158, col 73 of module MC>
/\ cpAlive = (c1 :> TRUE)
/\ failAccepted = [j1 |-> FALSE, j2 |-> FALSE]
/\ free = (c1 :> <<>>)
/\ using = (c1 :> [j1 |-> {}, j2 |-> {}])
/\ cjAbortMsg = (c1 :> [j1 |-> 0, j2 |-> 0])
/\ resv = (c1 :> {})
/\ fc = [ hb |-> 0,
  lose |-> 0,
  chkTO |-> 0,
  stTO |-> 0,
  depFail |-> 0,
  sjLaunchFail |-> 0,
  backoff |-> 0,
  sjError |-> 0,
  sjCrash |-> 0,
  cjError |-> 0,
  cjUnsafe |-> 0,
  cjDesc |-> 0,
  cpLaunchFail |-> 0,
  crash |-> 0,
  abort |-> 0,
  delete |-> 1,
  disable |-> 0,
  appMissing |-> 0 ]
/\ abortDropped = (c1 :> [j1 |-> FALSE, j2 |-> FALSE])
/\ ackInWindow = [j1 |-> FALSE, j2 |-> FALSE]
/\ nextAtt = 2
/\ endedEv = [j1 |-> FALSE, j2 |-> FALSE]
/\ cjReg = (c1 :> [j1 |-> None, j2 |-> None])
/\ alloc = (c1 :> [j1 |-> {}, j2 |-> {}])
/\ ackStop = [j1 |-> FALSE, j2 |-> FALSE]
/\ cpc = [job |-> None, pc |-> "Idle"]
/\ termP = (c1 :> [j1 |-> 0, j2 |-> 0])
/\ waiter = (c1 :> [j1 |-> FALSE, j2 |-> FALSE])
/\ postAckLaunch = [j1 |-> FALSE, j2 |-> FALSE]
/\ sessions = {c1}
/\ rp = [ j1 |-> [rc |-> 0, exeErr |-> FALSE, parts |-> {c1}, finished |-> FALSE],
  j2 |-> None ]
/\ cst = (c1 :> [j1 |-> [pc |-> "Allocated", tok |-> 1, units |-> {}], j2 |-> None])
/\ sj = [j1 |-> "Running", j2 |-> "None"]
/\ sweeper = [cl |-> None, pc |-> "Idle", snap |-> 0, blocking |-> FALSE]
/\ cjRC = (c1 :> [j1 |-> 0, j2 |-> 0])
/\ startedEv = [j1 |-> FALSE, j2 |-> FALSE]
/\ exeErrRec = [j1 |-> FALSE, j2 |-> FALSE]
/\ launches = [j1 |-> 1, j2 |-> 0]
/\ pending = [j1 |-> {c1}, j2 |-> None]
/\ sjAbortHandled = [j1 |-> FALSE, j2 |-> FALSE]
/\ cjProc = (c1 :> [j1 |-> "None", j2 |-> "None"])
/\ msgs = <<>>
/\ wfc = [j1 |-> TRUE, j2 |-> FALSE]
/\ tagged = {}
/\ rmp = [j1 |-> 0, j2 |-> 0]
/\ shared = [j1 |-> FALSE, j2 |-> FALSE]
/\ disabled = {}
/\ sjErr = [j1 |-> FALSE, j2 |-> FALSE]
/\ latched = [j1 |-> None, j2 |-> None]
/\ rpc = [ job |-> None,
  att |-> 1,
  pc |-> "StartWait",
  listed |-> {},
  queue |-> <<>>,
  cnt |-> [j1 |-> 1, j2 |-> 0],
  chk |-> {},
  failed |-> <<>>,
  blocked |-> <<>>,
  fb |-> <<>>,
  ready |-> "j1",
  disp |-> {c1},
  dep |-> {c1},
  jid |-> TRUE,
  snap |-> None,
  sreq |-> {c1} ]
/\ exc = [j1 |-> None, j2 |-> None]
/\ runningJobs = {}
/\ failRunRec = [j1 |-> FALSE, j2 |-> FALSE]
/\ startFailCause = [j1 |-> "none", j2 |-> "none"]
/\ adm = [ j1 |-> [pc |-> "DeleteExec", snap |-> "SUBMITTED"],
  j2 |-> [pc |-> "Idle", snap |-> None] ]
/\ slots = {}
/\ termHb = (c1 :> [j1 |-> 0, j2 |-> 0])
/\ grp = (c1 :> [j1 |-> FALSE, j2 |-> FALSE])
/\ wfcStale = [j1 |-> None, j2 |-> None]
/\ pCount = [j1 |-> 1, j2 |-> 0]
/\ status = [j1 |-> "DISPATCHED", j2 |-> "SUBMITTED"]
/\ ovw = {}
/\ firstTerm = [j1 |-> None, j2 |-> None]
/\ ackAbort = [j1 |-> FALSE, j2 |-> FALSE]
/\ sjRC = [j1 |-> 0, j2 |-> 0]
/\ runAborted = [j1 |-> FALSE, j2 |-> FALSE]

State 16: <MCSjFinish("j1",TRUE,1) line 77, col 5 to line 78, col 53 of module MC>
/\ cpAlive = (c1 :> TRUE)
/\ failAccepted = [j1 |-> FALSE, j2 |-> FALSE]
/\ free = (c1 :> <<>>)
/\ using = (c1 :> [j1 |-> {}, j2 |-> {}])
/\ cjAbortMsg = (c1 :> [j1 |-> 0, j2 |-> 0])
/\ resv = (c1 :> {})
/\ fc = [ hb |-> 0,
  lose |-> 0,
  chkTO |-> 0,
  stTO |-> 0,
  depFail |-> 0,
  sjLaunchFail |-> 0,
  backoff |-> 0,
  sjError |-> 1,
  sjCrash |-> 0,
  cjError |-> 0,
  cjUnsafe |-> 0,
  cjDesc |-> 0,
  cpLaunchFail |-> 0,
  crash |-> 0,
  abort |-> 0,
  delete |-> 1,
  disable |-> 0,
  appMissing |-> 0 ]
/\ abortDropped = (c1 :> [j1 |-> FALSE, j2 |-> FALSE])
/\ ackInWindow = [j1 |-> FALSE, j2 |-> FALSE]
/\ nextAtt = 2
/\ endedEv = [j1 |-> FALSE, j2 |-> FALSE]
/\ cjReg = (c1 :> [j1 |-> None, j2 |-> None])
/\ alloc = (c1 :> [j1 |-> {}, j2 |-> {}])
/\ ackStop = [j1 |-> FALSE, j2 |-> FALSE]
/\ cpc = [job |-> None, pc |-> "Idle"]
/\ termP = (c1 :> [j1 |-> 0, j2 |-> 0])
/\ waiter = (c1 :> [j1 |-> FALSE, j2 |-> FALSE])
/\ postAckLaunch = [j1 |-> FALSE, j2 |-> FALSE]
/\ sessions = {c1}
/\ rp = [ j1 |-> [rc |-> 0, exeErr |-> FALSE, parts |-> {c1}, finished |-> FALSE],
  j2 |-> None ]
/\ cst = (c1 :> [j1 |-> [pc |-> "Allocated", tok |-> 1, units |-> {}], j2 |-> None])
/\ sj = [j1 |-> "Exited", j2 |-> "None"]
/\ sweeper = [cl |-> None, pc |-> "Idle", snap |-> 0, blocking |-> FALSE]
/\ cjRC = (c1 :> [j1 |-> 0, j2 |-> 0])
/\ startedEv = [j1 |-> FALSE, j2 |-> FALSE]
/\ exeErrRec = [j1 |-> FALSE, j2 |-> FALSE]
/\ launches = [j1 |-> 1, j2 |-> 0]
/\ pending = [j1 |-> {c1}, j2 |-> None]
/\ sjAbortHandled = [j1 |-> FALSE, j2 |-> FALSE]
/\ cjProc = (c1 :> [j1 |-> "None", j2 |-> "None"])
/\ msgs = ( [ ok |-> FALSE,
    code |-> 0,
    flag |-> TRUE,
    type |-> "RUNSTATUS",
    job |-> "j1",
    cl |-> None,
    att |-> 0 ] :>
      1 )
/\ wfc = [j1 |-> TRUE, j2 |-> FALSE]
/\ tagged = {}
/\ rmp = [j1 |-> 0, j2 |-> 0]
/\ shared = [j1 |-> FALSE, j2 |-> FALSE]
/\ disabled = {}
/\ sjErr = [j1 |-> TRUE, j2 |-> FALSE]
/\ latched = [j1 |-> None, j2 |-> None]
/\ rpc = [ job |-> None,
  att |-> 1,
  pc |-> "StartWait",
  listed |-> {},
  queue |-> <<>>,
  cnt |-> [j1 |-> 1, j2 |-> 0],
  chk |-> {},
  failed |-> <<>>,
  blocked |-> <<>>,
  fb |-> <<>>,
  ready |-> "j1",
  disp |-> {c1},
  dep |-> {c1},
  jid |-> TRUE,
  snap |-> None,
  sreq |-> {c1} ]
/\ exc = [j1 |-> None, j2 |-> None]
/\ runningJobs = {}
/\ failRunRec = [j1 |-> FALSE, j2 |-> FALSE]
/\ startFailCause = [j1 |-> "none", j2 |-> "none"]
/\ adm = [ j1 |-> [pc |-> "DeleteExec", snap |-> "SUBMITTED"],
  j2 |-> [pc |-> "Idle", snap |-> None] ]
/\ slots = {}
/\ termHb = (c1 :> [j1 |-> 0, j2 |-> 0])
/\ grp = (c1 :> [j1 |-> FALSE, j2 |-> FALSE])
/\ wfcStale = [j1 |-> None, j2 |-> None]
/\ pCount = [j1 |-> 1, j2 |-> 0]
/\ status = [j1 |-> "DISPATCHED", j2 |-> "SUBMITTED"]
/\ ovw = {}
/\ firstTerm = [j1 |-> None, j2 |-> None]
/\ ackAbort = [j1 |-> FALSE, j2 |-> FALSE]
/\ sjRC = [j1 |-> 1, j2 |-> 0]
/\ runAborted = [j1 |-> FALSE, j2 |-> FALSE]

State 17: <MCSpWaitForComplete("j1") line 138, col 28 to line 138, col 72 of module MC>
/\ cpAlive = (c1 :> TRUE)
/\ failAccepted = [j1 |-> FALSE, j2 |-> FALSE]
/\ free = (c1 :> <<>>)
/\ using = (c1 :> [j1 |-> {}, j2 |-> {}])
/\ cjAbortMsg = (c1 :> [j1 |-> 0, j2 |-> 0])
/\ resv = (c1 :> {})
/\ fc = [ hb |-> 0,
  lose |-> 0,
  chkTO |-> 0,
  stTO |-> 0,
  depFail |-> 0,
  sjLaunchFail |-> 0,
  backoff |-> 0,
  sjError |-> 1,
  sjCrash |-> 0,
  cjError |-> 0,
  cjUnsafe |-> 0,
  cjDesc |-> 0,
  cpLaunchFail |-> 0,
  crash |-> 0,
  abort |-> 0,
  delete |-> 1,
  disable |-> 0,
  appMissing |-> 0 ]
/\ abortDropped = (c1 :> [j1 |-> FALSE, j2 |-> FALSE])
/\ ackInWindow = [j1 |-> FALSE, j2 |-> FALSE]
/\ nextAtt = 2
/\ endedEv = [j1 |-> FALSE, j2 |-> FALSE]
/\ cjReg = (c1 :> [j1 |-> None, j2 |-> None])
/\ alloc = (c1 :> [j1 |-> {}, j2 |-> {}])
/\ ackStop = [j1 |-> FALSE, j2 |-> FALSE]
/\ cpc = [job |-> None, pc |-> "Idle"]
/\ termP = (c1 :> [j1 |-> 0, j2 |-> 0])
/\ waiter = (c1 :> [j1 |-> FALSE, j2 |-> FALSE])
/\ postAckLaunch = [j1 |-> FALSE, j2 |-> FALSE]
/\ sessions = {c1}
/\ rp = [j1 |-> None, j2 |-> None]
/\ cst = (c1 :> [j1 |-> [pc |-> "Allocated", tok |-> 1, units |-> {}], j2 |-> None])
/\ sj = [j1 |-> "Exited", j2 |-> "None"]
/\ sweeper = [cl |-> None, pc |-> "Idle", snap |-> 0, blocking |-> FALSE]
/\ cjRC = (c1 :> [j1 |-> 0, j2 |-> 0])
/\ startedEv = [j1 |-> FALSE, j2 |-> FALSE]
/\ exeErrRec = [j1 |-> FALSE, j2 |-> FALSE]
/\ launches = [j1 |-> 1, j2 |-> 0]
/\ pending = [j1 |-> {c1}, j2 |-> None]
/\ sjAbortHandled = [j1 |-> FALSE, j2 |-> FALSE]
/\ cjProc = (c1 :> [j1 |-> "None", j2 |-> "None"])
/\ msgs = ( [ ok |-> FALSE,
    code |-> 0,
    flag |-> TRUE,
    type |-> "RUNSTATUS",
    job |-> "j1",
    cl |-> None,
    att |-> 0 ] :>
      1 )
/\ wfc = [j1 |-> FALSE, j2 |-> FALSE]
/\ tagged = {}
/\ rmp = [j1 |-> 0, j2 |-> 0]
/\ shared = [j1 |-> FALSE, j2 |-> FALSE]
/\ disabled = {}
/\ sjErr = [j1 |-> TRUE, j2 |-> FALSE]
/\ latched = [j1 |-> None, j2 |-> None]
/\ rpc = [ job |-> None,
  att |-> 1,
  pc |-> "StartWait",
  listed |-> {},
  queue |-> <<>>,
  cnt |-> [j1 |-> 1, j2 |-> 0],
  chk |-> {},
  failed |-> <<>>,
  blocked |-> <<>>,
  fb |-> <<>>,
  ready |-> "j1",
  disp |-> {c1},
  dep |-> {c1},
  jid |-> TRUE,
  snap |-> None,
  sreq |-> {c1} ]
/\ exc = [ j1 |-> [rc |-> 1, exeErr |-> FALSE, parts |-> {c1}, finished |-> FALSE],
  j2 |-> None ]
/\ runningJobs = {}
/\ failRunRec = [j1 |-> FALSE, j2 |-> FALSE]
/\ startFailCause = [j1 |-> "none", j2 |-> "none"]
/\ adm = [ j1 |-> [pc |-> "DeleteExec", snap |-> "SUBMITTED"],
  j2 |-> [pc |-> "Idle", snap |-> None] ]
/\ slots = {}
/\ termHb = (c1 :> [j1 |-> 0, j2 |-> 0])
/\ grp = (c1 :> [j1 |-> FALSE, j2 |-> FALSE])
/\ wfcStale = [j1 |-> None, j2 |-> None]
/\ pCount = [j1 |-> 1, j2 |-> 0]
/\ status = [j1 |-> "DISPATCHED", j2 |-> "SUBMITTED"]
/\ ovw = {}
/\ firstTerm = [j1 |-> None, j2 |-> None]
/\ ackAbort = [j1 |-> FALSE, j2 |-> FALSE]
/\ sjRC = [j1 |-> 0, j2 |-> 0]
/\ runAborted = [j1 |-> FALSE, j2 |-> FALSE]

State 18: <MCCpStartRegister(c1,"j1") line 143, col 28 to line 143, col 73 of module MC>
/\ cpAlive = (c1 :> TRUE)
/\ failAccepted = [j1 |-> FALSE, j2 |-> FALSE]
/\ free = (c1 :> <<>>)
/\ using = (c1 :> [j1 |-> {}, j2 |-> {}])
/\ cjAbortMsg = (c1 :> [j1 |-> 0, j2 |-> 0])
/\ resv = (c1 :> {})
/\ fc = [ hb |-> 0,
  lose |-> 0,
  chkTO |-> 0,
  stTO |-> 0,
  depFail |-> 0,
  sjLaunchFail |-> 0,
  backoff |-> 0,
  sjError |-> 1,
  sjCrash |-> 0,
  cjError |-> 0,
  cjUnsafe |-> 0,
  cjDesc |-> 0,
  cpLaunchFail |-> 0,
  crash |-> 0,
  abort |-> 0,
  delete |-> 1,
  disable |-> 0,
  appMissing |-> 0 ]
/\ abortDropped = (c1 :> [j1 |-> FALSE, j2 |-> FALSE])
/\ ackInWindow = [j1 |-> FALSE, j2 |-> FALSE]
/\ nextAtt = 2
/\ endedEv = [j1 |-> FALSE, j2 |-> FALSE]
/\ cjReg = ( c1 :>
      [ j1 |->
            [ st |-> "STARTING",
              attached |-> FALSE,
              pendAbort |-> FALSE,
              abortReq |-> FALSE ],
        j2 |-> None ] )
/\ alloc = (c1 :> [j1 |-> {}, j2 |-> {}])
/\ ackStop = [j1 |-> FALSE, j2 |-> FALSE]
/\ cpc = [job |-> None, pc |-> "Idle"]
/\ termP = (c1 :> [j1 |-> 0, j2 |-> 0])
/\ waiter = (c1 :> [j1 |-> FALSE, j2 |-> FALSE])
/\ postAckLaunch = [j1 |-> FALSE, j2 |-> FALSE]
/\ sessions = {c1}
/\ rp = [j1 |-> None, j2 |-> None]
/\ cst = (c1 :> [j1 |-> [pc |-> "Registered", tok |-> 1, units |-> {}], j2 |-> None])
/\ sj = [j1 |-> "Exited", j2 |-> "None"]
/\ sweeper = [cl |-> None, pc |-> "Idle", snap |-> 0, blocking |-> FALSE]
/\ cjRC = (c1 :> [j1 |-> 0, j2 |-> 0])
/\ startedEv = [j1 |-> FALSE, j2 |-> FALSE]
/\ exeErrRec = [j1 |-> FALSE, j2 |-> FALSE]
/\ launches = [j1 |-> 1, j2 |-> 0]
/\ pending = [j1 |-> {c1}, j2 |-> None]
/\ sjAbortHandled = [j1 |-> FALSE, j2 |-> FALSE]
/\ cjProc = (c1 :> [j1 |-> "None", j2 |-> "None"])
/\ msgs = ( [ ok |-> FALSE,
    code |-> 0,
    flag |-> TRUE,
    type |-> "RUNSTATUS",
    job |-> "j1",
    cl |-> None,
    att |-> 0 ] :>
      1 )
/\ wfc = [j1 |-> FALSE, j2 |-> FALSE]
/\ tagged = {}
/\ rmp = [j1 |-> 0, j2 |-> 0]
/\ shared = [j1 |-> FALSE, j2 |-> FALSE]
/\ disabled = {}
/\ sjErr = [j1 |-> TRUE, j2 |-> FALSE]
/\ latched = [j1 |-> None, j2 |-> None]
/\ rpc = [ job |-> None,
  att |-> 1,
  pc |-> "StartWait",
  listed |-> {},
  queue |-> <<>>,
  cnt |-> [j1 |-> 1, j2 |-> 0],
  chk |-> {},
  failed |-> <<>>,
  blocked |-> <<>>,
  fb |-> <<>>,
  ready |-> "j1",
  disp |-> {c1},
  dep |-> {c1},
  jid |-> TRUE,
  snap |-> None,
  sreq |-> {c1} ]
/\ exc = [ j1 |-> [rc |-> 1, exeErr |-> FALSE, parts |-> {c1}, finished |-> FALSE],
  j2 |-> None ]
/\ runningJobs = {}
/\ failRunRec = [j1 |-> FALSE, j2 |-> FALSE]
/\ startFailCause = [j1 |-> "none", j2 |-> "none"]
/\ adm = [ j1 |-> [pc |-> "DeleteExec", snap |-> "SUBMITTED"],
  j2 |-> [pc |-> "Idle", snap |-> None] ]
/\ slots = {}
/\ termHb = (c1 :> [j1 |-> 0, j2 |-> 0])
/\ grp = (c1 :> [j1 |-> FALSE, j2 |-> FALSE])
/\ wfcStale = [j1 |-> None, j2 |-> None]
/\ pCount = [j1 |-> 1, j2 |-> 0]
/\ status = [j1 |-> "DISPATCHED", j2 |-> "SUBMITTED"]
/\ ovw = {}
/\ firstTerm = [j1 |-> None, j2 |-> None]
/\ ackAbort = [j1 |-> FALSE, j2 |-> FALSE]
/\ sjRC = [j1 |-> 0, j2 |-> 0]
/\ runAborted = [j1 |-> FALSE, j2 |-> FALSE]

State 19: <MCCpStartLaunch(c1,"j1") line 144, col 28 to line 144, col 71 of module MC>
/\ cpAlive = (c1 :> TRUE)
/\ failAccepted = [j1 |-> FALSE, j2 |-> FALSE]
/\ free = (c1 :> <<>>)
/\ using = (c1 :> [j1 |-> {}, j2 |-> {}])
/\ cjAbortMsg = (c1 :> [j1 |-> 0, j2 |-> 0])
/\ resv = (c1 :> {})
/\ fc = [ hb |-> 0,
  lose |-> 0,
  chkTO |-> 0,
  stTO |-> 0,
  depFail |-> 0,
  sjLaunchFail |-> 0,
  backoff |-> 0,
  sjError |-> 1,
  sjCrash |-> 0,
  cjError |-> 0,
  cjUnsafe |-> 0,
  cjDesc |-> 0,
  cpLaunchFail |-> 0,
  crash |-> 0,
  abort |-> 0,
  delete |-> 1,
  disable |-> 0,
  appMissing |-> 0 ]
/\ abortDropped = (c1 :> [j1 |-> FALSE, j2 |-> FALSE])
/\ ackInWindow = [j1 |-> FALSE, j2 |-> FALSE]
/\ nextAtt = 2
/\ endedEv = [j1 |-> FALSE, j2 |-> FALSE]
/\ cjReg = ( c1 :>
      [ j1 |->
            [ st |-> "STARTING",
              attached |-> TRUE,
              pendAbort |-> FALSE,
              abortReq |-> FALSE ],
        j2 |-> None ] )
/\ alloc = (c1 :> [j1 |-> {}, j2 |-> {}])
/\ ackStop = [j1 |-> FALSE, j2 |-> FALSE]
/\ cpc = [job |-> None, pc |-> "Idle"]
/\ termP = (c1 :> [j1 |-> 0, j2 |-> 0])
/\ waiter = (c1 :> [j1 |-> TRUE, j2 |-> FALSE])
/\ postAckLaunch = [j1 |-> FALSE, j2 |-> FALSE]
/\ sessions = {c1}
/\ rp = [j1 |-> None, j2 |-> None]
/\ cst = (c1 :> [j1 |-> None, j2 |-> None])
/\ sj = [j1 |-> "Exited", j2 |-> "None"]
/\ sweeper = [cl |-> None, pc |-> "Idle", snap |-> 0, blocking |-> FALSE]
/\ cjRC = (c1 :> [j1 |-> 0, j2 |-> 0])
/\ startedEv = [j1 |-> FALSE, j2 |-> FALSE]
/\ exeErrRec = [j1 |-> FALSE, j2 |-> FALSE]
/\ launches = [j1 |-> 1, j2 |-> 0]
/\ pending = [j1 |-> {c1}, j2 |-> None]
/\ sjAbortHandled = [j1 |-> FALSE, j2 |-> FALSE]
/\ cjProc = (c1 :> [j1 |-> "Alive", j2 |-> "None"])
/\ msgs = ( [ ok |-> FALSE,
    code |-> 0,
    flag |-> FALSE,
    type |-> "START_REP",
    job |-> "j1",
    cl |-> c1,
    att |-> 0 ] :>
      1 @@
  [ ok |-> FALSE,
    code |-> 0,
    flag |-> TRUE,
    type |-> "RUNSTATUS",
    job |-> "j1",
    cl |-> None,
    att |-> 0 ] :>
      1 )
/\ wfc = [j1 |-> FALSE, j2 |-> FALSE]
/\ tagged = {}
/\ rmp = [j1 |-> 0, j2 |-> 0]
/\ shared = [j1 |-> FALSE, j2 |-> FALSE]
/\ disabled = {}
/\ sjErr = [j1 |-> TRUE, j2 |-> FALSE]
/\ latched = [j1 |-> None, j2 |-> None]
/\ rpc = [ job |-> None,
  att |-> 1,
  pc |-> "StartWait",
  listed |-> {},
  queue |-> <<>>,
  cnt |-> [j1 |-> 1, j2 |-> 0],
  chk |-> {},
  failed |-> <<>>,
  blocked |-> <<>>,
  fb |-> <<>>,
  ready |-> "j1",
  disp |-> {c1},
  dep |-> {c1},
  jid |-> TRUE,
  snap |-> None,
  sreq |-> {c1} ]
/\ exc = [ j1 |-> [rc |-> 1, exeErr |-> FALSE, parts |-> {c1}, finished |-> FALSE],
  j2 |-> None ]
/\ runningJobs = {}
/\ failRunRec = [j1 |-> FALSE, j2 |-> FALSE]
/\ startFailCause = [j1 |-> "none", j2 |-> "none"]
/\ adm = [ j1 |-> [pc |-> "DeleteExec", snap |-> "SUBMITTED"],
  j2 |-> [pc |-> "Idle", snap |-> None] ]
/\ slots = {}
/\ termHb = (c1 :> [j1 |-> 0, j2 |-> 0])
/\ grp = (c1 :> [j1 |-> FALSE, j2 |-> FALSE])
/\ wfcStale = [j1 |-> None, j2 |-> None]
/\ pCount = [j1 |-> 1, j2 |-> 0]
/\ status = [j1 |-> "DISPATCHED", j2 |-> "SUBMITTED"]
/\ ovw = {}
/\ firstTerm = [j1 |-> None, j2 |-> None]
/\ ackAbort = [j1 |-> FALSE, j2 |-> FALSE]
/\ sjRC = [j1 |-> 0, j2 |-> 0]
/\ runAborted = [j1 |-> FALSE, j2 |-> FALSE]

State 20: <MCRunnerStartCollect line 117, col 28 to line 117, col 70 of module MC>
/\ cpAlive = (c1 :> TRUE)
/\ failAccepted = [j1 |-> FALSE, j2 |-> FALSE]
/\ free = (c1 :> <<>>)
/\ using = (c1 :> [j1 |-> {}, j2 |-> {}])
/\ cjAbortMsg = (c1 :> [j1 |-> 0, j2 |-> 0])
/\ resv = (c1 :> {})
/\ fc = [ hb |-> 0,
  lose |-> 0,
  chkTO |-> 0,
  stTO |-> 0,
  depFail |-> 0,
  sjLaunchFail |-> 0,
  backoff |-> 0,
  sjError |-> 1,
  sjCrash |-> 0,
  cjError |-> 0,
  cjUnsafe |-> 0,
  cjDesc |-> 0,
  cpLaunchFail |-> 0,
  crash |-> 0,
  abort |-> 0,
  delete |-> 1,
  disable |-> 0,
  appMissing |-> 0 ]
/\ abortDropped = (c1 :> [j1 |-> FALSE, j2 |-> FALSE])
/\ ackInWindow = [j1 |-> FALSE, j2 |-> FALSE]
/\ nextAtt = 2
/\ endedEv = [j1 |-> FALSE, j2 |-> FALSE]
/\ cjReg = ( c1 :>
      [ j1 |->
            [ st |-> "STARTING",
              attached |-> TRUE,
              pendAbort |-> FALSE,
              abortReq |-> FALSE ],
        j2 |-> None ] )
/\ alloc = (c1 :> [j1 |-> {}, j2 |-> {}])
/\ ackStop = [j1 |-> FALSE, j2 |-> FALSE]
/\ cpc = [job |-> None, pc |-> "Idle"]
/\ termP = (c1 :> [j1 |-> 0, j2 |-> 0])
/\ waiter = (c1 :> [j1 |-> TRUE, j2 |-> FALSE])
/\ postAckLaunch = [j1 |-> FALSE, j2 |-> FALSE]
/\ sessions = {c1}
/\ rp = [j1 |-> None, j2 |-> None]
/\ cst = (c1 :> [j1 |-> None, j2 |-> None])
/\ sj = [j1 |-> "Exited", j2 |-> "None"]
/\ sweeper = [cl |-> None, pc |-> "Idle", snap |-> 0, blocking |-> FALSE]
/\ cjRC = (c1 :> [j1 |-> 0, j2 |-> 0])
/\ startedEv = [j1 |-> TRUE, j2 |-> FALSE]
/\ exeErrRec = [j1 |-> FALSE, j2 |-> FALSE]
/\ launches = [j1 |-> 1, j2 |-> 0]
/\ pending = [j1 |-> {c1}, j2 |-> None]
/\ sjAbortHandled = [j1 |-> FALSE, j2 |-> FALSE]
/\ cjProc = (c1 :> [j1 |-> "Alive", j2 |-> "None"])
/\ msgs = ( [ ok |-> FALSE,
    code |-> 0,
    flag |-> TRUE,
    type |-> "RUNSTATUS",
    job |-> "j1",
    cl |-> None,
    att |-> 0 ] :>
      1 )
/\ wfc = [j1 |-> FALSE, j2 |-> FALSE]
/\ tagged = {}
/\ rmp = [j1 |-> 0, j2 |-> 0]
/\ shared = [j1 |-> FALSE, j2 |-> FALSE]
/\ disabled = {}
/\ sjErr = [j1 |-> TRUE, j2 |-> FALSE]
/\ latched = [j1 |-> None, j2 |-> None]
/\ rpc = [ job |-> None,
  att |-> 1,
  pc |-> "InsertRunning",
  listed |-> {},
  queue |-> <<>>,
  cnt |-> [j1 |-> 1, j2 |-> 0],
  chk |-> {},
  failed |-> <<>>,
  blocked |-> <<>>,
  fb |-> <<>>,
  ready |-> "j1",
  disp |-> {c1},
  dep |-> {c1},
  jid |-> TRUE,
  snap |-> None,
  sreq |-> {c1} ]
/\ exc = [ j1 |-> [rc |-> 1, exeErr |-> FALSE, parts |-> {c1}, finished |-> FALSE],
  j2 |-> None ]
/\ runningJobs = {}
/\ failRunRec = [j1 |-> FALSE, j2 |-> FALSE]
/\ startFailCause = [j1 |-> "none", j2 |-> "none"]
/\ adm = [ j1 |-> [pc |-> "DeleteExec", snap |-> "SUBMITTED"],
  j2 |-> [pc |-> "Idle", snap |-> None] ]
/\ slots = {"j1"}
/\ termHb = (c1 :> [j1 |-> 0, j2 |-> 0])
/\ grp = (c1 :> [j1 |-> FALSE, j2 |-> FALSE])
/\ wfcStale = [j1 |-> None, j2 |-> None]
/\ pCount = [j1 |-> 1, j2 |-> 0]
/\ status = [j1 |-> "DISPATCHED", j2 |-> "SUBMITTED"]
/\ ovw = {}
/\ firstTerm = [j1 |-> None, j2 |-> None]
/\ ackAbort = [j1 |-> FALSE, j2 |-> FALSE]
/\ sjRC = [j1 |-> 0, j2 |-> 0]
/\ runAborted = [j1 |-> FALSE, j2 |-> FALSE]

State 21: <MCRunnerInsertRunning line 118, col 28 to line 118, col 71 of module MC>
/\ cpAlive = (c1 :> TRUE)
/\ failAccepted = [j1 |-> FALSE, j2 |-> FALSE]
/\ free = (c1 :> <<>>)
/\ using = (c1 :> [j1 |-> {}, j2 |-> {}])
/\ cjAbortMsg = (c1 :> [j1 |-> 0, j2 |-> 0])
/\ resv = (c1 :> {})
/\ fc = [ hb |-> 0,
  lose |-> 0,
  chkTO |-> 0,
  stTO |-> 0,
  depFail |-> 0,
  sjLaunchFail |-> 0,
  backoff |-> 0,
  sjError |-> 1,
  sjCrash |-> 0,
  cjError |-> 0,
  cjUnsafe |-> 0,
  cjDesc |-> 0,
  cpLaunchFail |-> 0,
  crash |-> 0,
  abort |-> 0,
  delete |-> 1,
  disable |-> 0,
  appMissing |-> 0 ]
/\ abortDropped = (c1 :> [j1 |-> FALSE, j2 |-> FALSE])
/\ ackInWindow = [j1 |-> FALSE, j2 |-> FALSE]
/\ nextAtt = 2
/\ endedEv = [j1 |-> FALSE, j2 |-> FALSE]
/\ cjReg = ( c1 :>
      [ j1 |->
            [ st |-> "STARTING",
              attached |-> TRUE,
              pendAbort |-> FALSE,
              abortReq |-> FALSE ],
        j2 |-> None ] )
/\ alloc = (c1 :> [j1 |-> {}, j2 |-> {}])
/\ ackStop = [j1 |-> FALSE, j2 |-> FALSE]
/\ cpc = [job |-> None, pc |-> "Idle"]
/\ termP = (c1 :> [j1 |-> 0, j2 |-> 0])
/\ waiter = (c1 :> [j1 |-> TRUE, j2 |-> FALSE])
/\ postAckLaunch = [j1 |-> FALSE, j2 |-> FALSE]
/\ sessions = {c1}
/\ rp = [j1 |-> None, j2 |-> None]
/\ cst = (c1 :> [j1 |-> None, j2 |-> None])
/\ sj = [j1 |-> "Exited", j2 |-> "None"]
/\ sweeper = [cl |-> None, pc |-> "Idle", snap |-> 0, blocking |-> FALSE]
/\ cjRC = (c1 :> [j1 |-> 0, j2 |-> 0])
/\ startedEv = [j1 |-> TRUE, j2 |-> FALSE]
/\ exeErrRec = [j1 |-> FALSE, j2 |-> FALSE]
/\ launches = [j1 |-> 1, j2 |-> 0]
/\ pending = [j1 |-> {c1}, j2 |-> None]
/\ sjAbortHandled = [j1 |-> FALSE, j2 |-> FALSE]
/\ cjProc = (c1 :> [j1 |-> "Alive", j2 |-> "None"])
/\ msgs = ( [ ok |-> FALSE,
    code |-> 0,
    flag |-> TRUE,
    type |-> "RUNSTATUS",
    job |-> "j1",
    cl |-> None,
    att |-> 0 ] :>
      1 )
/\ wfc = [j1 |-> FALSE, j2 |-> FALSE]
/\ tagged = {}
/\ rmp = [j1 |-> 0, j2 |-> 0]
/\ shared = [j1 |-> FALSE, j2 |-> FALSE]
/\ disabled = {}
/\ sjErr = [j1 |-> TRUE, j2 |-> FALSE]
/\ latched = [j1 |-> None, j2 |-> None]
/\ rpc = [ job |-> None,
  att |-> 1,
  pc |-> "SetRunning",
  listed |-> {},
  queue |-> <<>>,
  cnt |-> [j1 |-> 1, j2 |-> 0],
  chk |-> {},
  failed |-> <<>>,
  blocked |-> <<>>,
  fb |-> <<>>,
  ready |-> "j1",
  disp |-> {c1},
  dep |-> {c1},
  jid |-> TRUE,
  snap |-> None,
  sreq |-> {c1} ]
/\ exc = [ j1 |-> [rc |-> 1, exeErr |-> FALSE, parts |-> {c1}, finished |-> FALSE],
  j2 |-> None ]
/\ runningJobs = {"j1"}
/\ failRunRec = [j1 |-> FALSE, j2 |-> FALSE]
/\ startFailCause = [j1 |-> "none", j2 |-> "none"]
/\ adm = [ j1 |-> [pc |-> "DeleteExec", snap |-> "SUBMITTED"],
  j2 |-> [pc |-> "Idle", snap |-> None] ]
/\ slots = {"j1"}
/\ termHb = (c1 :> [j1 |-> 0, j2 |-> 0])
/\ grp = (c1 :> [j1 |-> FALSE, j2 |-> FALSE])
/\ wfcStale = [j1 |-> None, j2 |-> None]
/\ pCount = [j1 |-> 1, j2 |-> 0]
/\ status = [j1 |-> "DISPATCHED", j2 |-> "SUBMITTED"]
/\ ovw = {}
/\ firstTerm = [j1 |-> None, j2 |-> None]
/\ ackAbort = [j1 |-> FALSE, j2 |-> FALSE]
/\ sjRC = [j1 |-> 0, j2 |-> 0]
/\ runAborted = [j1 |-> FALSE, j2 |-> FALSE]

State 22: <MCCmpFinalizeBegin("j1") line 123, col 28 to line 123, col 71 of module MC>
/\ cpAlive = (c1 :> TRUE)
/\ failAccepted = [j1 |-> FALSE, j2 |-> FALSE]
/\ free = (c1 :> <<>>)
/\ using = (c1 :> [j1 |-> {}, j2 |-> {}])
/\ cjAbortMsg = (c1 :> [j1 |-> 0, j2 |-> 0])
/\ resv = (c1 :> {})
/\ fc = [ hb |-> 0,
  lose |-> 0,
  chkTO |-> 0,
  stTO |-> 0,
  depFail |-> 0,
  sjLaunchFail |-> 0,
  backoff |-> 0,
  sjError |-> 1,
  sjCrash |-> 0,
  cjError |-> 0,
  cjUnsafe |-> 0,
  cjDesc |-> 0,
  cpLaunchFail |-> 0,
  crash |-> 0,
  abort |-> 0,
  delete |-> 1,
  disable |-> 0,
  appMissing |-> 0 ]
/\ abortDropped = (c1 :> [j1 |-> FALSE, j2 |-> FALSE])
/\ ackInWindow = [j1 |-> FALSE, j2 |-> FALSE]
/\ nextAtt = 2
/\ endedEv = [j1 |-> FALSE, j2 |-> FALSE]
/\ cjReg = ( c1 :>
      [ j1 |->
            [ st |-> "STARTING",
              attached |-> TRUE,
              pendAbort |-> FALSE,
              abortReq |-> FALSE ],
        j2 |-> None ] )
/\ alloc = (c1 :> [j1 |-> {}, j2 |-> {}])
/\ ackStop = [j1 |-> FALSE, j2 |-> FALSE]
/\ cpc = [job |-> "j1", pc |-> "Publish"]
/\ termP = (c1 :> [j1 |-> 0, j2 |-> 0])
/\ waiter = (c1 :> [j1 |-> TRUE, j2 |-> FALSE])
/\ postAckLaunch = [j1 |-> FALSE, j2 |-> FALSE]
/\ sessions = {c1}
/\ rp = [j1 |-> None, j2 |-> None]
/\ cst = (c1 :> [j1 |-> None, j2 |-> None])
/\ sj = [j1 |-> "Exited", j2 |-> "None"]
/\ sweeper = [cl |-> None, pc |-> "Idle", snap |-> 0, blocking |-> FALSE]
/\ cjRC = (c1 :> [j1 |-> 0, j2 |-> 0])
/\ startedEv = [j1 |-> TRUE, j2 |-> FALSE]
/\ exeErrRec = [j1 |-> FALSE, j2 |-> FALSE]
/\ launches = [j1 |-> 1, j2 |-> 0]
/\ pending = [j1 |-> None, j2 |-> None]
/\ sjAbortHandled = [j1 |-> FALSE, j2 |-> FALSE]
/\ cjProc = (c1 :> [j1 |-> "Alive", j2 |-> "None"])
/\ msgs = ( [ ok |-> FALSE,
    code |-> 0,
    flag |-> FALSE,
    type |-> "ABORT",
    job |-> "j1",
    cl |-> c1,
    att |-> 0 ] :>
      1 @@
  [ ok |-> FALSE,
    code |-> 0,
    flag |-> TRUE,
    type |-> "RUNSTATUS",
    job |-> "j1",
    cl |-> None,
    att |-> 0 ] :>
      1 )
/\ wfc = [j1 |-> FALSE, j2 |-> FALSE]
/\ tagged = {}
/\ rmp = [j1 |-> 0, j2 |-> 0]
/\ shared = [j1 |-> FALSE, j2 |-> FALSE]
/\ disabled = {}
/\ sjErr = [j1 |-> TRUE, j2 |-> FALSE]
/\ latched = [j1 |-> "FINISHED:EXECUTION_EXCEPTION", j2 |-> None]
/\ rpc = [ job |-> None,
  att |-> 1,
  pc |-> "SetRunning",
  listed |-> {},
  queue |-> <<>>,
  cnt |-> [j1 |-> 1, j2 |-> 0],
  chk |-> {},
  failed |-> <<>>,
  blocked |-> <<>>,
  fb |-> <<>>,
  ready |-> "j1",
  disp |-> {c1},
  dep |-> {c1},
  jid |-> TRUE,
  snap |-> None,
  sreq |-> {c1} ]
/\ exc = [ j1 |-> [rc |-> 1, exeErr |-> FALSE, parts |-> {c1}, finished |-> FALSE],
  j2 |-> None ]
/\ runningJobs = {"j1"}
/\ failRunRec = [j1 |-> FALSE, j2 |-> FALSE]
/\ startFailCause = [j1 |-> "none", j2 |-> "none"]
/\ adm = [ j1 |-> [pc |-> "DeleteExec", snap |-> "SUBMITTED"],
  j2 |-> [pc |-> "Idle", snap |-> None] ]
/\ slots = {"j1"}
/\ termHb = (c1 :> [j1 |-> 0, j2 |-> 0])
/\ grp = (c1 :> [j1 |-> FALSE, j2 |-> FALSE])
/\ wfcStale = [j1 |-> None, j2 |-> None]
/\ pCount = [j1 |-> 1, j2 |-> 0]
/\ status = [j1 |-> "DISPATCHED", j2 |-> "SUBMITTED"]
/\ ovw = {}
/\ firstTerm = [j1 |-> None, j2 |-> None]
/\ ackAbort = [j1 |-> FALSE, j2 |-> FALSE]
/\ sjRC = [j1 |-> 0, j2 |-> 0]
/\ runAborted = [j1 |-> FALSE, j2 |-> FALSE]

State 23: <MCCmpPublish line 125, col 28 to line 125, col 62 of module MC>
/\ cpAlive = (c1 :> TRUE)
/\ failAccepted = [j1 |-> FALSE, j2 |-> FALSE]
/\ free = (c1 :> <<>>)
/\ using = (c1 :> [j1 |-> {}, j2 |-> {}])
/\ cjAbortMsg = (c1 :> [j1 |-> 0, j2 |-> 0])
/\ resv = (c1 :> {})
/\ fc = [ hb |-> 0,
  lose |-> 0,
  chkTO |-> 0,
  stTO |-> 0,
  depFail |-> 0,
  sjLaunchFail |-> 0,
  backoff |-> 0,
  sjError |-> 1,
  sjCrash |-> 0,
  cjError |-> 0,
  cjUnsafe |-> 0,
  cjDesc |-> 0,
  cpLaunchFail |-> 0,
  crash |-> 0,
  abort |-> 0,
  delete |-> 1,
  disable |-> 0,
  appMissing |-> 0 ]
/\ abortDropped = (c1 :> [j1 |-> FALSE, j2 |-> FALSE])
/\ ackInWindow = [j1 |-> FALSE, j2 |-> FALSE]
/\ nextAtt = 2
/\ endedEv = [j1 |-> FALSE, j2 |-> FALSE]
/\ cjReg = ( c1 :>
      [ j1 |->
            [ st |-> "STARTING",
              attached |-> TRUE,
              pendAbort |-> FALSE,
              abortReq |-> FALSE ],
        j2 |-> None ] )
/\ alloc = (c1 :> [j1 |-> {}, j2 |-> {}])
/\ ackStop = [j1 |-> FALSE, j2 |-> FALSE]
/\ cpc = [job |-> "j1", pc |-> "Remove"]
/\ termP = (c1 :> [j1 |-> 0, j2 |-> 0])
/\ waiter = (c1 :> [j1 |-> TRUE, j2 |-> FALSE])
/\ postAckLaunch = [j1 |-> FALSE, j2 |-> FALSE]
/\ sessions = {c1}
/\ rp = [j1 |-> None, j2 |-> None]
/\ cst = (c1 :> [j1 |-> None, j2 |-> None])
/\ sj = [j1 |-> "Exited", j2 |-> "None"]
/\ sweeper = [cl |-> None, pc |-> "Idle", snap |-> 0, blocking |-> FALSE]
/\ cjRC = (c1 :> [j1 |-> 0, j2 |-> 0])
/\ startedEv = [j1 |-> TRUE, j2 |-> FALSE]
/\ exeErrRec = [j1 |-> FALSE, j2 |-> FALSE]
/\ launches = [j1 |-> 1, j2 |-> 0]
/\ pending = [j1 |-> None, j2 |-> None]
/\ sjAbortHandled = [j1 |-> FALSE, j2 |-> FALSE]
/\ cjProc = (c1 :> [j1 |-> "Alive", j2 |-> "None"])
/\ msgs = ( [ ok |-> FALSE,
    code |-> 0,
    flag |-> FALSE,
    type |-> "ABORT",
    job |-> "j1",
    cl |-> c1,
    att |-> 0 ] :>
      1 @@
  [ ok |-> FALSE,
    code |-> 0,
    flag |-> TRUE,
    type |-> "RUNSTATUS",
    job |-> "j1",
    cl |-> None,
    att |-> 0 ] :>
      1 )
/\ wfc = [j1 |-> FALSE, j2 |-> FALSE]
/\ tagged = {}
/\ rmp = [j1 |-> 0, j2 |-> 0]
/\ shared = [j1 |-> FALSE, j2 |-> FALSE]
/\ disabled = {}
/\ sjErr = [j1 |-> TRUE, j2 |-> FALSE]
/\ latched = [j1 |-> "FINISHED:EXECUTION_EXCEPTION", j2 |-> None]
/\ rpc = [ job |-> None,
  att |-> 1,
  pc |-> "SetRunning",
  listed |-> {},
  queue |-> <<>>,
  cnt |-> [j1 |-> 1, j2 |-> 0],
  chk |-> {},
  failed |-> <<>>,
  blocked |-> <<>>,
  fb |-> <<>>,
  ready |-> "j1",
  disp |-> {c1},
  dep |-> {c1},
  jid |-> TRUE,
  snap |-> None,
  sreq |-> {c1} ]
/\ exc = [ j1 |-> [rc |-> 1, exeErr |-> FALSE, parts |-> {c1}, finished |-> FALSE],
  j2 |-> None ]
/\ runningJobs = {"j1"}
/\ failRunRec = [j1 |-> FALSE, j2 |-> FALSE]
/\ startFailCause = [j1 |-> "none", j2 |-> "none"]
/\ adm = [ j1 |-> [pc |-> "DeleteExec", snap |-> "SUBMITTED"],
  j2 |-> [pc |-> "Idle", snap |-> None] ]
/\ slots = {"j1"}
/\ termHb = (c1 :> [j1 |-> 0, j2 |-> 0])
/\ grp = (c1 :> [j1 |-> FALSE, j2 |-> FALSE])
/\ wfcStale = [j1 |-> None, j2 |-> None]
/\ pCount = [j1 |-> 1, j2 |-> 0]
/\ status = [j1 |-> "FINISHED:EXECUTION_EXCEPTION", j2 |-> "SUBMITTED"]
/\ ovw = {}
/\ firstTerm = [j1 |-> "FINISHED:EXECUTION_EXCEPTION", j2 |-> None]
/\ ackAbort = [j1 |-> FALSE, j2 |-> FALSE]
/\ sjRC = [j1 |-> 0, j2 |-> 0]
/\ runAborted = [j1 |-> FALSE, j2 |-> FALSE]

State 24: <MCAdminDeleteExec("j1") line 130, col 28 to line 130, col 70 of module MC>
/\ cpAlive = (c1 :> TRUE)
/\ failAccepted = [j1 |-> FALSE, j2 |-> FALSE]
/\ free = (c1 :> <<>>)
/\ using = (c1 :> [j1 |-> {}, j2 |-> {}])
/\ cjAbortMsg = (c1 :> [j1 |-> 0, j2 |-> 0])
/\ resv = (c1 :> {})
/\ fc = [ hb |-> 0,
  lose |-> 0,
  chkTO |-> 0,
  stTO |-> 0,
  depFail |-> 0,
  sjLaunchFail |-> 0,
  backoff |-> 0,
  sjError |-> 1,
  sjCrash |-> 0,
  cjError |-> 0,
  cjUnsafe |-> 0,
  cjDesc |-> 0,
  cpLaunchFail |-> 0,
  crash |-> 0,
  abort |-> 0,
  delete |-> 1,
  disable |-> 0,
  appMissing |-> 0 ]
/\ abortDropped = (c1 :> [j1 |-> FALSE, j2 |-> FALSE])
/\ ackInWindow = [j1 |-> FALSE, j2 |-> FALSE]
/\ nextAtt = 2
/\ endedEv = [j1 |-> FALSE, j2 |-> FALSE]
/\ cjReg = ( c1 :>
      [ j1 |->
            [ st |-> "STARTING",
              attached |-> TRUE,
              pendAbort |-> FALSE,
              abortReq |-> FALSE ],
        j2 |-> None ] )
/\ alloc = (c1 :> [j1 |-> {}, j2 |-> {}])
/\ ackStop = [j1 |-> FALSE, j2 |-> FALSE]
/\ cpc = [job |-> "j1", pc |-> "Remove"]
/\ termP = (c1 :> [j1 |-> 0, j2 |-> 0])
/\ waiter = (c1 :> [j1 |-> TRUE, j2 |-> FALSE])
/\ postAckLaunch = [j1 |-> FALSE, j2 |-> FALSE]
/\ sessions = {c1}
/\ rp = [j1 |-> None, j2 |-> None]
/\ cst = (c1 :> [j1 |-> None, j2 |-> None])
/\ sj = [j1 |-> "Exited", j2 |-> "None"]
/\ sweeper = [cl |-> None, pc |-> "Idle", snap |-> 0, blocking |-> FALSE]
/\ cjRC = (c1 :> [j1 |-> 0, j2 |-> 0])
/\ startedEv = [j1 |-> TRUE, j2 |-> FALSE]
/\ exeErrRec = [j1 |-> FALSE, j2 |-> FALSE]
/\ launches = [j1 |-> 1, j2 |-> 0]
/\ pending = [j1 |-> None, j2 |-> None]
/\ sjAbortHandled = [j1 |-> FALSE, j2 |-> FALSE]
/\ cjProc = (c1 :> [j1 |-> "Alive", j2 |-> "None"])
/\ msgs = ( [ ok |-> FALSE,
    code |-> 0,
    flag |-> FALSE,
    type |-> "ABORT",
    job |-> "j1",
    cl |-> c1,
    att |-> 0 ] :>
      1 @@
  [ ok |-> FALSE,
    code |-> 0,
    flag |-> TRUE,
    type |-> "RUNSTATUS",
    job |-> "j1",
    cl |-> None,
    att |-> 0 ] :>
      1 )
/\ wfc = [j1 |-> FALSE, j2 |-> FALSE]
/\ tagged = {}
/\ rmp = [j1 |-> 0, j2 |-> 0]
/\ shared = [j1 |-> FALSE, j2 |-> FALSE]
/\ disabled = {}
/\ sjErr = [j1 |-> TRUE, j2 |-> FALSE]
/\ latched = [j1 |-> "FINISHED:EXECUTION_EXCEPTION", j2 |-> None]
/\ rpc = [ job |-> None,
  att |-> 1,
  pc |-> "SetRunning",
  listed |-> {},
  queue |-> <<>>,
  cnt |-> [j1 |-> 1, j2 |-> 0],
  chk |-> {},
  failed |-> <<>>,
  blocked |-> <<>>,
  fb |-> <<>>,
  ready |-> "j1",
  disp |-> {c1},
  dep |-> {c1},
  jid |-> TRUE,
  snap |-> None,
  sreq |-> {c1} ]
/\ exc = [ j1 |-> [rc |-> 1, exeErr |-> FALSE, parts |-> {c1}, finished |-> FALSE],
  j2 |-> None ]
/\ runningJobs = {"j1"}
/\ failRunRec = [j1 |-> FALSE, j2 |-> FALSE]
/\ startFailCause = [j1 |-> "none", j2 |-> "none"]
/\ adm = [j1 |-> [pc |-> "Idle", snap |-> None], j2 |-> [pc |-> "Idle", snap |-> None]]
/\ slots = {"j1"}
/\ termHb = (c1 :> [j1 |-> 0, j2 |-> 0])
/\ grp = (c1 :> [j1 |-> FALSE, j2 |-> FALSE])
/\ wfcStale = [j1 |-> None, j2 |-> None]
/\ pCount = [j1 |-> 1, j2 |-> 0]
/\ status = [j1 |-> "DELETED", j2 |-> "SUBMITTED"]
/\ ovw = {}
/\ firstTerm = [j1 |-> "FINISHED:EXECUTION_EXCEPTION", j2 |-> None]
/\ ackAbort = [j1 |-> FALSE, j2 |-> FALSE]
/\ sjRC = [j1 |-> 0, j2 |-> 0]
/\ runAborted = [j1 |-> FALSE, j2 |-> FALSE]

State 25: <MCRunnerSetRunning line 119, col 28 to line 119, col 68 of module MC>
/\ cpAlive = (c1 :> TRUE)
/\ failAccepted = [j1 |-> FALSE, j2 |-> FALSE]
/\ free = (c1 :> <<>>)
/\ using = (c1 :> [j1 |-> {}, j2 |-> {}])
/\ cjAbortMsg = (c1 :> [j1 |-> 0, j2 |-> 0])
/\ resv = (c1 :> {})
/\ fc = [ hb |-> 0,
  lose |-> 0,
  chkTO |-> 0,
  stTO |-> 0,
  depFail |-> 0,
  sjLaunchFail |-> 0,
  backoff |-> 0,
  sjError |-> 1,
  sjCrash |-> 0,
  cjError |-> 0,
  cjUnsafe |-> 0,
  cjDesc |-> 0,
  cpLaunchFail |-> 0,
  crash |-> 0,
  abort |-> 0,
  delete |-> 1,
  disable |-> 0,
  appMissing |-> 0 ]
/\ abortDropped = (c1 :> [j1 |-> FALSE, j2 |-> FALSE])
/\ ackInWindow = [j1 |-> FALSE, j2 |-> FALSE]
/\ nextAtt = 2
/\ endedEv = [j1 |-> FALSE, j2 |-> FALSE]
/\ cjReg = ( c1 :>
      [ j1 |->
            [ st |-> "STARTING",
              attached |-> TRUE,
              pendAbort |-> FALSE,
              abortReq |-> FALSE ],
        j2 |-> None ] )
/\ alloc = (c1 :> [j1 |-> {}, j2 |-> {}])
/\ ackStop = [j1 |-> FALSE, j2 |-> FALSE]
/\ cpc = [job |-> "j1", pc |-> "Remove"]
/\ termP = (c1 :> [j1 |-> 0, j2 |-> 0])
/\ waiter = (c1 :> [j1 |-> TRUE, j2 |-> FALSE])
/\ postAckLaunch = [j1 |-> FALSE, j2 |-> FALSE]
/\ sessions = {c1}
/\ rp = [j1 |-> None, j2 |-> None]
/\ cst = (c1 :> [j1 |-> None, j2 |-> None])
/\ sj = [j1 |-> "Exited", j2 |-> "None"]
/\ sweeper = [cl |-> None, pc |-> "Idle", snap |-> 0, blocking |-> FALSE]
/\ cjRC = (c1 :> [j1 |-> 0, j2 |-> 0])
/\ startedEv = [j1 |-> TRUE, j2 |-> FALSE]
/\ exeErrRec = [j1 |-> FALSE, j2 |-> FALSE]
/\ launches = [j1 |-> 1, j2 |-> 0]
/\ pending = [j1 |-> None, j2 |-> None]
/\ sjAbortHandled = [j1 |-> FALSE, j2 |-> FALSE]
/\ cjProc = (c1 :> [j1 |-> "Alive", j2 |-> "None"])
/\ msgs = ( [ ok |-> FALSE,
    code |-> 0,
    flag |-> FALSE,
    type |-> "ABORT",
    job |-> "j1",
    cl |-> c1,
    att |-> 0 ] :>
      1 @@
  [ ok |-> FALSE,
    code |-> 0,
    flag |-> TRUE,
    type |-> "RUNSTATUS",
    job |-> "j1",
    cl |-> None,
    att |-> 0 ] :>
      1 )
/\ wfc = [j1 |-> FALSE, j2 |-> FALSE]
/\ tagged = {}
/\ rmp = [j1 |-> 0, j2 |-> 0]
/\ shared = [j1 |-> FALSE, j2 |-> FALSE]
/\ disabled = {}
/\ sjErr = [j1 |-> TRUE, j2 |-> FALSE]
/\ latched = [j1 |-> "FINISHED:EXECUTION_EXCEPTION", j2 |-> None]
/\ rpc = [ job |-> None,
  att |-> 1,
  pc |-> "ExceptStop",
  listed |-> {},
  queue |-> <<>>,
  cnt |-> [j1 |-> 1, j2 |-> 0],
  chk |-> {},
  failed |-> <<>>,
  blocked |-> <<>>,
  fb |-> <<>>,
  ready |-> "j1",
  disp |-> {c1},
  dep |-> {c1},
  jid |-> TRUE,
  snap |-> None,
  sreq |-> {c1} ]
/\ exc = [ j1 |-> [rc |-> 1, exeErr |-> FALSE, parts |-> {c1}, finished |-> FALSE],
  j2 |-> None ]
/\ runningJobs = {"j1"}
/\ failRunRec = [j1 |-> FALSE, j2 |-> FALSE]
/\ startFailCause = [j1 |-> "none", j2 |-> "none"]
/\ adm = [j1 |-> [pc |-> "Idle", snap |-> None], j2 |-> [pc |-> "Idle", snap |-> None]]
/\ slots = {"j1"}
/\ termHb = (c1 :> [j1 |-> 0, j2 |-> 0])
/\ grp = (c1 :> [j1 |-> FALSE, j2 |-> FALSE])
/\ wfcStale = [j1 |-> None, j2 |-> None]
/\ pCount = [j1 |-> 1, j2 |-> 0]
/\ status = [j1 |-> "DELETED", j2 |-> "SUBMITTED"]
/\ ovw = {}
/\ firstTerm = [j1 |-> "FINISHED:EXECUTION_EXCEPTION", j2 |-> None]
/\ ackAbort = [j1 |-> FALSE, j2 |-> FALSE]
/\ sjRC = [j1 |-> 0, j2 |-> 0]
/\ runAborted = [j1 |-> FALSE, j2 |-> FALSE]

State 26: <MCRunnerExceptStop line 120, col 28 to line 120, col 68 of module MC>
/\ cpAlive = (c1 :> TRUE)
/\ failAccepted = [j1 |-> FALSE, j2 |-> FALSE]
/\ free = (c1 :> <<>>)
/\ using = (c1 :> [j1 |-> {}, j2 |-> {}])
/\ cjAbortMsg = (c1 :> [j1 |-> 0, j2 |-> 0])
/\ resv = (c1 :> {})
/\ fc = [ hb |-> 0,
  lose |-> 0,
  chkTO |-> 0,
  stTO |-> 0,
  depFail |-> 0,
  sjLaunchFail |-> 0,
  backoff |-> 0,
  sjError |-> 1,
  sjCrash |-> 0,
  cjError |-> 0,
  cjUnsafe |-> 0,
  cjDesc |-> 0,
  cpLaunchFail |-> 0,
  crash |-> 0,
  abort |-> 0,
  delete |-> 1,
  disable |-> 0,
  appMissing |-> 0 ]
/\ abortDropped = (c1 :> [j1 |-> FALSE, j2 |-> FALSE])
/\ ackInWindow = [j1 |-> FALSE, j2 |-> FALSE]
/\ nextAtt = 2
/\ endedEv = [j1 |-> FALSE, j2 |-> FALSE]
/\ cjReg = ( c1 :>
      [ j1 |->
            [ st |-> "STARTING",
              attached |-> TRUE,
              pendAbort |-> FALSE,
              abortReq |-> FALSE ],
        j2 |-> None ] )
/\ alloc = (c1 :> [j1 |-> {}, j2 |-> {}])
/\ ackStop = [j1 |-> FALSE, j2 |-> FALSE]
/\ cpc = [job |-> "j1", pc |-> "Remove"]
/\ termP = (c1 :> [j1 |-> 0, j2 |-> 0])
/\ waiter = (c1 :> [j1 |-> TRUE, j2 |-> FALSE])
/\ postAckLaunch = [j1 |-> FALSE, j2 |-> FALSE]
/\ sessions = {c1}
/\ rp = [j1 |-> None, j2 |-> None]
/\ cst = (c1 :> [j1 |-> None, j2 |-> None])
/\ sj = [j1 |-> "Exited", j2 |-> "None"]
/\ sweeper = [cl |-> None, pc |-> "Idle", snap |-> 0, blocking |-> FALSE]
/\ cjRC = (c1 :> [j1 |-> 0, j2 |-> 0])
/\ startedEv = [j1 |-> TRUE, j2 |-> FALSE]
/\ exeErrRec = [j1 |-> FALSE, j2 |-> FALSE]
/\ launches = [j1 |-> 1, j2 |-> 0]
/\ pending = [j1 |-> None, j2 |-> None]
/\ sjAbortHandled = [j1 |-> FALSE, j2 |-> FALSE]
/\ cjProc = (c1 :> [j1 |-> "Alive", j2 |-> "None"])
/\ msgs = ( [ ok |-> FALSE,
    code |-> 0,
    flag |-> FALSE,
    type |-> "ABORT",
    job |-> "j1",
    cl |-> c1,
    att |-> 0 ] :>
      1 @@
  [ ok |-> FALSE,
    code |-> 0,
    flag |-> TRUE,
    type |-> "RUNSTATUS",
    job |-> "j1",
    cl |-> None,
    att |-> 0 ] :>
      1 )
/\ wfc = [j1 |-> FALSE, j2 |-> FALSE]
/\ tagged = {}
/\ rmp = [j1 |-> 0, j2 |-> 0]
/\ shared = [j1 |-> FALSE, j2 |-> FALSE]
/\ disabled = {}
/\ sjErr = [j1 |-> TRUE, j2 |-> FALSE]
/\ latched = [j1 |-> "FINISHED:EXECUTION_EXCEPTION", j2 |-> None]
/\ rpc = [ job |-> None,
  att |-> 1,
  pc |-> "ExceptSetFailed",
  listed |-> {},
  queue |-> <<>>,
  cnt |-> [j1 |-> 1, j2 |-> 0],
  chk |-> {},
  failed |-> <<>>,
  blocked |-> <<>>,
  fb |-> <<>>,
  ready |-> "j1",
  disp |-> {c1},
  dep |-> {c1},
  jid |-> TRUE,
  snap |-> None,
  sreq |-> {c1} ]
/\ exc = [ j1 |-> [rc |-> 1, exeErr |-> FALSE, parts |-> {c1}, finished |-> FALSE],
  j2 |-> None ]
/\ runningJobs = {}
/\ failRunRec = [j1 |-> FALSE, j2 |-> FALSE]
/\ startFailCause = [j1 |-> "none", j2 |-> "none"]
/\ adm = [j1 |-> [pc |-> "Idle", snap |-> None], j2 |-> [pc |-> "Idle", snap |-> None]]
/\ slots = {"j1"}
/\ termHb = (c1 :> [j1 |-> 0, j2 |-> 0])
/\ grp = (c1 :> [j1 |-> FALSE, j2 |-> FALSE])
/\ wfcStale = [j1 |-> None, j2 |-> None]
/\ pCount = [j1 |-> 1, j2 |-> 0]
/\ status = [j1 |-> "DELETED", j2 |-> "SUBMITTED"]
/\ ovw = {}
/\ firstTerm = [j1 |-> "FINISHED:EXECUTION_EXCEPTION", j2 |-> None]
/\ ackAbort = [j1 |-> FALSE, j2 |-> FALSE]
/\ sjRC = [j1 |-> 0, j2 |-> 0]
/\ runAborted = [j1 |-> FALSE, j2 |-> FALSE]

State 27: <MCCmpRemove line 126, col 28 to line 126, col 61 of module MC>
/\ cpAlive = (c1 :> TRUE)
/\ failAccepted = [j1 |-> FALSE, j2 |-> FALSE]
/\ free = (c1 :> <<>>)
/\ using = (c1 :> [j1 |-> {}, j2 |-> {}])
/\ cjAbortMsg = (c1 :> [j1 |-> 0, j2 |-> 0])
/\ resv = (c1 :> {})
/\ fc = [ hb |-> 0,
  lose |-> 0,
  chkTO |-> 0,
  stTO |-> 0,
  depFail |-> 0,
  sjLaunchFail |-> 0,
  backoff |-> 0,
  sjError |-> 1,
  sjCrash |-> 0,
  cjError |-> 0,
  cjUnsafe |-> 0,
  cjDesc |-> 0,
  cpLaunchFail |-> 0,
  crash |-> 0,
  abort |-> 0,
  delete |-> 1,
  disable |-> 0,
  appMissing |-> 0 ]
/\ abortDropped = (c1 :> [j1 |-> FALSE, j2 |-> FALSE])
/\ ackInWindow = [j1 |-> FALSE, j2 |-> FALSE]
/\ nextAtt = 2
/\ endedEv = [j1 |-> FALSE, j2 |-> FALSE]
/\ cjReg = ( c1 :>
      [ j1 |->
            [ st |-> "STARTING",
              attached |-> TRUE,
              pendAbort |-> FALSE,
              abortReq |-> FALSE ],
        j2 |-> None ] )
/\ alloc = (c1 :> [j1 |-> {}, j2 |-> {}])
/\ ackStop = [j1 |-> FALSE, j2 |-> FALSE]
/\ cpc = [job |-> None, pc |-> "Dead"]
/\ termP = (c1 :> [j1 |-> 0, j2 |-> 0])
/\ waiter = (c1 :> [j1 |-> TRUE, j2 |-> FALSE])
/\ postAckLaunch = [j1 |-> FALSE, j2 |-> FALSE]
/\ sessions = {c1}
/\ rp = [j1 |-> None, j2 |-> None]
/\ cst = (c1 :> [j1 |-> None, j2 |-> None])
/\ sj = [j1 |-> "Exited", j2 |-> "None"]
/\ sweeper = [cl |-> None, pc |-> "Idle", snap |-> 0, blocking |-> FALSE]
/\ cjRC = (c1 :> [j1 |-> 0, j2 |-> 0])
/\ startedEv = [j1 |-> TRUE, j2 |-> FALSE]
/\ exeErrRec = [j1 |-> FALSE, j2 |-> FALSE]
/\ launches = [j1 |-> 1, j2 |-> 0]
/\ pending = [j1 |-> None, j2 |-> None]
/\ sjAbortHandled = [j1 |-> FALSE, j2 |-> FALSE]
/\ cjProc = (c1 :> [j1 |-> "Alive", j2 |-> "None"])
/\ msgs = ( [ ok |-> FALSE,
    code |-> 0,
    flag |-> FALSE,
    type |-> "ABORT",
    job |-> "j1",
    cl |-> c1,
    att |-> 0 ] :>
      1 @@
  [ ok |-> FALSE,
    code |-> 0,
    flag |-> TRUE,
    type |-> "RUNSTATUS",
    job |-> "j1",
    cl |-> None,
    att |-> 0 ] :>
      1 )
/\ wfc = [j1 |-> FALSE, j2 |-> FALSE]
/\ tagged = {}
/\ rmp = [j1 |-> 0, j2 |-> 0]
/\ shared = [j1 |-> FALSE, j2 |-> FALSE]
/\ disabled = {}
/\ sjErr = [j1 |-> TRUE, j2 |-> FALSE]
/\ latched = [j1 |-> "FINISHED:EXECUTION_EXCEPTION", j2 |-> None]
/\ rpc = [ job |-> None,
  att |-> 1,
  pc |-> "ExceptSetFailed",
  listed |-> {},
  queue |-> <<>>,
  cnt |-> [j1 |-> 1, j2 |-> 0],
  chk |-> {},
  failed |-> <<>>,
  blocked |-> <<>>,
  fb |-> <<>>,
  ready |-> "j1",
  disp |-> {c1},
  dep |-> {c1},
  jid |-> TRUE,
  snap |-> None,
  sreq |-> {c1} ]
/\ exc = [ j1 |-> [rc |-> 1, exeErr |-> FALSE, parts |-> {c1}, finished |-> FALSE],
  j2 |-> None ]
/\ runningJobs = {}
/\ failRunRec = [j1 |-> FALSE, j2 |-> FALSE]
/\ startFailCause = [j1 |-> "none", j2 |-> "none"]
/\ adm = [j1 |-> [pc |-> "Idle", snap |-> None], j2 |-> [pc |-> "Idle", snap |-> None]]
/\ slots = {"j1"}
/\ termHb = (c1 :> [j1 |-> 0, j2 |-> 0])
/\ grp = (c1 :> [j1 |-> FALSE, j2 |-> FALSE])
/\ wfcStale = [j1 |-> None, j2 |-> None]
/\ pCount = [j1 |-> 1, j2 |-> 0]
/\ status = [j1 |-> "DELETED", j2 |-> "SUBMITTED"]
/\ ovw = {}
/\ firstTerm = [j1 |-> "FINISHED:EXECUTION_EXCEPTION", j2 |-> None]
/\ ackAbort = [j1 |-> FALSE, j2 |-> FALSE]
/\ sjRC = [j1 |-> 0, j2 |-> 0]
/\ runAborted = [j1 |-> FALSE, j2 |-> FALSE]

1290020 states generated, 354183 distinct states found, 136516 states left on queue.
The depth of the complete state graph search is 27.
Checkpointing of run /home/experiment/tmp/tlc-states-5YzgwC/26-09-25-19-03-01.764
Checkpointing completed at (2026-09-25 19:03:13)
Finished in 11s at (2026-09-25 19:03:13)
Trace exploration spec path: ./MC_TTrace_1790362981.tla
