TLC2 Version 2026.09.23.154203 (rev: 4260e47)
Running breadth-first search Model-Checking with fp 10 and seed -865140525305281600 with 8 workers on 16 cores with 11776MB heap and 18432MB offheap memory [pid: 1219715] (Linux 6.8.0-1044-azure amd64, Ubuntu 21.0.11 64bit, OffHeapDiskFPSet, DiskStateQueue).
Parsing file /home/experiment/runs/specula/nvflare-lite-full-opus55-20260925/full/run/nvflare-job/.specula-output/spec/MC.tla
Parsing file /home/experiment/runs/specula/nvflare-lite-full-opus55-20260925/full/run/nvflare-job/.specula-output/spec/base.tla
Parsing file /tmp/tlc-4922520134808716565/_TLCTrace.tla (jar:file:/home/experiment/repos/specula/lib/tla2tools.jar!/tla2sany/StandardModules/_TLCTrace.tla)
Parsing file /tmp/tlc-4922520134808716565/Integers.tla (jar:file:/home/experiment/repos/specula/lib/tla2tools.jar!/tla2sany/StandardModules/Integers.tla)
Parsing file /tmp/tlc-4922520134808716565/Sequences.tla (jar:file:/home/experiment/repos/specula/lib/tla2tools.jar!/tla2sany/StandardModules/Sequences.tla)
Parsing file /tmp/tlc-4922520134808716565/FiniteSets.tla (jar:file:/home/experiment/repos/specula/lib/tla2tools.jar!/tla2sany/StandardModules/FiniteSets.tla)
Parsing file /tmp/tlc-4922520134808716565/TLC.tla (jar:file:/home/experiment/repos/specula/lib/tla2tools.jar!/tla2sany/StandardModules/TLC.tla)
Parsing file /tmp/tlc-4922520134808716565/Naturals.tla (jar:file:/home/experiment/repos/specula/lib/tla2tools.jar!/tla2sany/StandardModules/Naturals.tla)
Parsing file /tmp/tlc-4922520134808716565/TLCExt.tla (jar:file:/home/experiment/repos/specula/lib/tla2tools.jar!/tla2sany/StandardModules/TLCExt.tla)
Semantic processing of module Naturals
Semantic processing of module Integers
Semantic processing of module Sequences
Semantic processing of module FiniteSets
Semantic processing of module TLC
Semantic processing of module base
Semantic processing of module TLCExt
Semantic processing of module _TLCTrace
Semantic processing of module MC
Linting of module base
Linting of module TLCExt
Linting of module _TLCTrace
Linting of module MC
Starting... (2026-09-25 19:37:15)
Warning: The set p@@q has been defined to be a symmetry set but contains less than two elements.
(Use the -nowarning option to disable this warning.)
Computing initial states...
Finished computing initial states: 1 distinct state generated at 2026-09-25 19:37:16.
Error: Invariant FinalMatchesOutcomeNovel is violated.
Error: The behavior up to this point is:
State 1: <Initial predicate>
/\ cpAlive = (c1 :> TRUE)
/\ failAccepted = [j1 |-> FALSE]
/\ free = (c1 :> <<>>)
/\ using = (c1 :> [j1 |-> {}])
/\ cjAbortMsg = (c1 :> [j1 |-> 0])
/\ resv = (c1 :> {})
/\ fc = [ hb |-> 0,
  lose |-> 0,
  chkTO |-> 0,
  stTO |-> 0,
  depFail |-> 0,
  sjLaunchFail |-> 0,
  backoff |-> 0,
  sjError |-> 0,
  sjCrash |-> 0,
  cjError |-> 0,
  cjUnsafe |-> 0,
  cjDesc |-> 0,
  cpLaunchFail |-> 0,
  crash |-> 0,
  abort |-> 0,
  delete |-> 0,
  disable |-> 0,
  appMissing |-> 0 ]
/\ abortDropped = (c1 :> [j1 |-> FALSE])
/\ ackInWindow = [j1 |-> FALSE]
/\ nextAtt = 1
/\ endedEv = [j1 |-> FALSE]
/\ cjReg = (c1 :> [j1 |-> None])
/\ alloc = (c1 :> [j1 |-> {}])
/\ ackStop = [j1 |-> FALSE]
/\ cpc = [job |-> None, pc |-> "Idle"]
/\ termP = (c1 :> [j1 |-> 0])
/\ waiter = (c1 :> [j1 |-> FALSE])
/\ postAckLaunch = [j1 |-> FALSE]
/\ sessions = {c1}
/\ rp = [j1 |-> None]
/\ cst = (c1 :> [j1 |-> None])
/\ sj = [j1 |-> "None"]
/\ sweeper = [cl |-> None, pc |-> "Idle", snap |-> 0, blocking |-> FALSE]
/\ cjRC = (c1 :> [j1 |-> 0])
/\ startedEv = [j1 |-> FALSE]
/\ exeErrRec = [j1 |-> FALSE]
/\ launches = [j1 |-> 0]
/\ pending = [j1 |-> None]
/\ sjAbortHandled = [j1 |-> FALSE]
/\ cjProc = (c1 :> [j1 |-> "None"])
/\ latchInStopWin = [j1 |-> FALSE]
/\ msgs = <<>>
/\ wfc = [j1 |-> FALSE]
/\ tagged = {}
/\ rmp = [j1 |-> 0]
/\ shared = [j1 |-> FALSE]
/\ disabled = {}
/\ sjErr = [j1 |-> FALSE]
/\ latched = [j1 |-> None]
/\ rpc = [ job |-> None,
  att |-> 0,
  pc |-> "Scan",
  listed |-> {},
  queue |-> <<>>,
  cnt |-> [j1 |-> 0],
  chk |-> {},
  failed |-> <<>>,
  blocked |-> <<>>,
  fb |-> <<>>,
  ready |-> None,
  disp |-> {},
  dep |-> {},
  jid |-> FALSE,
  snap |-> None,
  sreq |-> {} ]
/\ exc = [j1 |-> None]
/\ runningJobs = {}
/\ failRunRec = [j1 |-> FALSE]
/\ startFailCause = [j1 |-> "none"]
/\ adm = [j1 |-> [pc |-> "Idle", snap |-> None]]
/\ slots = {}
/\ termHb = (c1 :> [j1 |-> 0])
/\ grp = (c1 :> [j1 |-> FALSE])
/\ wfcStale = [j1 |-> None]
/\ pCount = [j1 |-> 0]
/\ status = [j1 |-> "SUBMITTED"]
/\ ovw = {}
/\ firstTerm = [j1 |-> None]
/\ ackAbort = [j1 |-> FALSE]
/\ sjRC = [j1 |-> 0]
/\ runAborted = [j1 |-> FALSE]

State 2: <MCAdminAbortBegin("j1") line 92, col 25 to line 92, col 89 of module MC>
/\ cpAlive = (c1 :> TRUE)
/\ failAccepted = [j1 |-> FALSE]
/\ free = (c1 :> <<>>)
/\ using = (c1 :> [j1 |-> {}])
/\ cjAbortMsg = (c1 :> [j1 |-> 0])
/\ resv = (c1 :> {})
/\ fc = [ hb |-> 0,
  lose |-> 0,
  chkTO |-> 0,
  stTO |-> 0,
  depFail |-> 0,
  sjLaunchFail |-> 0,
  backoff |-> 0,
  sjError |-> 0,
  sjCrash |-> 0,
  cjError |-> 0,
  cjUnsafe |-> 0,
  cjDesc |-> 0,
  cpLaunchFail |-> 0,
  crash |-> 0,
  abort |-> 1,
  delete |-> 0,
  disable |-> 0,
  appMissing |-> 0 ]
/\ abortDropped = (c1 :> [j1 |-> FALSE])
/\ ackInWindow = [j1 |-> FALSE]
/\ nextAtt = 1
/\ endedEv = [j1 |-> FALSE]
/\ cjReg = (c1 :> [j1 |-> None])
/\ alloc = (c1 :> [j1 |-> {}])
/\ ackStop = [j1 |-> FALSE]
/\ cpc = [job |-> None, pc |-> "Idle"]
/\ termP = (c1 :> [j1 |-> 0])
/\ waiter = (c1 :> [j1 |-> FALSE])
/\ postAckLaunch = [j1 |-> FALSE]
/\ sessions = {c1}
/\ rp = [j1 |-> None]
/\ cst = (c1 :> [j1 |-> None])
/\ sj = [j1 |-> "None"]
/\ sweeper = [cl |-> None, pc |-> "Idle", snap |-> 0, blocking |-> FALSE]
/\ cjRC = (c1 :> [j1 |-> 0])
/\ startedEv = [j1 |-> FALSE]
/\ exeErrRec = [j1 |-> FALSE]
/\ launches = [j1 |-> 0]
/\ pending = [j1 |-> None]
/\ sjAbortHandled = [j1 |-> FALSE]
/\ cjProc = (c1 :> [j1 |-> "None"])
/\ latchInStopWin = [j1 |-> FALSE]
/\ msgs = <<>>
/\ wfc = [j1 |-> FALSE]
/\ tagged = {}
/\ rmp = [j1 |-> 0]
/\ shared = [j1 |-> FALSE]
/\ disabled = {}
/\ sjErr = [j1 |-> FALSE]
/\ latched = [j1 |-> None]
/\ rpc = [ job |-> None,
  att |-> 0,
  pc |-> "Scan",
  listed |-> {},
  queue |-> <<>>,
  cnt |-> [j1 |-> 0],
  chk |-> {},
  failed |-> <<>>,
  blocked |-> <<>>,
  fb |-> <<>>,
  ready |-> None,
  disp |-> {},
  dep |-> {},
  jid |-> FALSE,
  snap |-> None,
  sreq |-> {} ]
/\ exc = [j1 |-> None]
/\ runningJobs = {}
/\ failRunRec = [j1 |-> FALSE]
/\ startFailCause = [j1 |-> "none"]
/\ adm = [j1 |-> [pc |-> "AbortWrite", snap |-> "SUBMITTED"]]
/\ slots = {}
/\ termHb = (c1 :> [j1 |-> 0])
/\ grp = (c1 :> [j1 |-> FALSE])
/\ wfcStale = [j1 |-> None]
/\ pCount = [j1 |-> 0]
/\ status = [j1 |-> "SUBMITTED"]
/\ ovw = {}
/\ firstTerm = [j1 |-> None]
/\ ackAbort = [j1 |-> FALSE]
/\ sjRC = [j1 |-> 0]
/\ runAborted = [j1 |-> FALSE]

State 3: <MCRunnerScanList line 102, col 28 to line 102, col 66 of module MC>
/\ cpAlive = (c1 :> TRUE)
/\ failAccepted = [j1 |-> FALSE]
/\ free = (c1 :> <<>>)
/\ using = (c1 :> [j1 |-> {}])
/\ cjAbortMsg = (c1 :> [j1 |-> 0])
/\ resv = (c1 :> {})
/\ fc = [ hb |-> 0,
  lose |-> 0,
  chkTO |-> 0,
  stTO |-> 0,
  depFail |-> 0,
  sjLaunchFail |-> 0,
  backoff |-> 0,
  sjError |-> 0,
  sjCrash |-> 0,
  cjError |-> 0,
  cjUnsafe |-> 0,
  cjDesc |-> 0,
  cpLaunchFail |-> 0,
  crash |-> 0,
  abort |-> 1,
  delete |-> 0,
  disable |-> 0,
  appMissing |-> 0 ]
/\ abortDropped = (c1 :> [j1 |-> FALSE])
/\ ackInWindow = [j1 |-> FALSE]
/\ nextAtt = 1
/\ endedEv = [j1 |-> FALSE]
/\ cjReg = (c1 :> [j1 |-> None])
/\ alloc = (c1 :> [j1 |-> {}])
/\ ackStop = [j1 |-> FALSE]
/\ cpc = [job |-> None, pc |-> "Idle"]
/\ termP = (c1 :> [j1 |-> 0])
/\ waiter = (c1 :> [j1 |-> FALSE])
/\ postAckLaunch = [j1 |-> FALSE]
/\ sessions = {c1}
/\ rp = [j1 |-> None]
/\ cst = (c1 :> [j1 |-> None])
/\ sj = [j1 |-> "None"]
/\ sweeper = [cl |-> None, pc |-> "Idle", snap |-> 0, blocking |-> FALSE]
/\ cjRC = (c1 :> [j1 |-> 0])
/\ startedEv = [j1 |-> FALSE]
/\ exeErrRec = [j1 |-> FALSE]
/\ launches = [j1 |-> 0]
/\ pending = [j1 |-> None]
/\ sjAbortHandled = [j1 |-> FALSE]
/\ cjProc = (c1 :> [j1 |-> "None"])
/\ latchInStopWin = [j1 |-> FALSE]
/\ msgs = <<>>
/\ wfc = [j1 |-> FALSE]
/\ tagged = {}
/\ rmp = [j1 |-> 0]
/\ shared = [j1 |-> FALSE]
/\ disabled = {}
/\ sjErr = [j1 |-> FALSE]
/\ latched = [j1 |-> None]
/\ rpc = [ job |-> None,
  att |-> 0,
  pc |-> "ScanRead",
  listed |-> {"j1"},
  queue |-> <<>>,
  cnt |-> [j1 |-> 0],
  chk |-> {},
  failed |-> <<>>,
  blocked |-> <<>>,
  fb |-> <<>>,
  ready |-> None,
  disp |-> {},
  dep |-> {},
  jid |-> FALSE,
  snap |-> None,
  sreq |-> {} ]
/\ exc = [j1 |-> None]
/\ runningJobs = {}
/\ failRunRec = [j1 |-> FALSE]
/\ startFailCause = [j1 |-> "none"]
/\ adm = [j1 |-> [pc |-> "AbortWrite", snap |-> "SUBMITTED"]]
/\ slots = {}
/\ termHb = (c1 :> [j1 |-> 0])
/\ grp = (c1 :> [j1 |-> FALSE])
/\ wfcStale = [j1 |-> None]
/\ pCount = [j1 |-> 0]
/\ status = [j1 |-> "SUBMITTED"]
/\ ovw = {}
/\ firstTerm = [j1 |-> None]
/\ ackAbort = [j1 |-> FALSE]
/\ sjRC = [j1 |-> 0]
/\ runAborted = [j1 |-> FALSE]

State 4: <MCRunnerScanRead line 104, col 28 to line 104, col 66 of module MC>
/\ cpAlive = (c1 :> TRUE)
/\ failAccepted = [j1 |-> FALSE]
/\ free = (c1 :> <<>>)
/\ using = (c1 :> [j1 |-> {}])
/\ cjAbortMsg = (c1 :> [j1 |-> 0])
/\ resv = (c1 :> {})
/\ fc = [ hb |-> 0,
  lose |-> 0,
  chkTO |-> 0,
  stTO |-> 0,
  depFail |-> 0,
  sjLaunchFail |-> 0,
  backoff |-> 0,
  sjError |-> 0,
  sjCrash |-> 0,
  cjError |-> 0,
  cjUnsafe |-> 0,
  cjDesc |-> 0,
  cpLaunchFail |-> 0,
  crash |-> 0,
  abort |-> 1,
  delete |-> 0,
  disable |-> 0,
  appMissing |-> 0 ]
/\ abortDropped = (c1 :> [j1 |-> FALSE])
/\ ackInWindow = [j1 |-> FALSE]
/\ nextAtt = 1
/\ endedEv = [j1 |-> FALSE]
/\ cjReg = (c1 :> [j1 |-> None])
/\ alloc = (c1 :> [j1 |-> {}])
/\ ackStop = [j1 |-> FALSE]
/\ cpc = [job |-> None, pc |-> "Idle"]
/\ termP = (c1 :> [j1 |-> 0])
/\ waiter = (c1 :> [j1 |-> FALSE])
/\ postAckLaunch = [j1 |-> FALSE]
/\ sessions = {c1}
/\ rp = [j1 |-> None]
/\ cst = (c1 :> [j1 |-> None])
/\ sj = [j1 |-> "None"]
/\ sweeper = [cl |-> None, pc |-> "Idle", snap |-> 0, blocking |-> FALSE]
/\ cjRC = (c1 :> [j1 |-> 0])
/\ startedEv = [j1 |-> FALSE]
/\ exeErrRec = [j1 |-> FALSE]
/\ launches = [j1 |-> 0]
/\ pending = [j1 |-> None]
/\ sjAbortHandled = [j1 |-> FALSE]
/\ cjProc = (c1 :> [j1 |-> "None"])
/\ latchInStopWin = [j1 |-> FALSE]
/\ msgs = <<>>
/\ wfc = [j1 |-> FALSE]
/\ tagged = {}
/\ rmp = [j1 |-> 0]
/\ shared = [j1 |-> FALSE]
/\ disabled = {}
/\ sjErr = [j1 |-> FALSE]
/\ latched = [j1 |-> None]
/\ rpc = [ job |-> None,
  att |-> 0,
  pc |-> "TryNext",
  listed |-> {},
  queue |-> <<"j1">>,
  cnt |-> [j1 |-> 0],
  chk |-> {},
  failed |-> <<>>,
  blocked |-> <<>>,
  fb |-> <<>>,
  ready |-> None,
  disp |-> {},
  dep |-> {},
  jid |-> FALSE,
  snap |-> None,
  sreq |-> {} ]
/\ exc = [j1 |-> None]
/\ runningJobs = {}
/\ failRunRec = [j1 |-> FALSE]
/\ startFailCause = [j1 |-> "none"]
/\ adm = [j1 |-> [pc |-> "AbortWrite", snap |-> "SUBMITTED"]]
/\ slots = {}
/\ termHb = (c1 :> [j1 |-> 0])
/\ grp = (c1 :> [j1 |-> FALSE])
/\ wfcStale = [j1 |-> None]
/\ pCount = [j1 |-> 0]
/\ status = [j1 |-> "SUBMITTED"]
/\ ovw = {}
/\ firstTerm = [j1 |-> None]
/\ ackAbort = [j1 |-> FALSE]
/\ sjRC = [j1 |-> 0]
/\ runAborted = [j1 |-> FALSE]

State 5: <MCRunnerTryNext line 105, col 28 to line 105, col 65 of module MC>
/\ cpAlive = (c1 :> TRUE)
/\ failAccepted = [j1 |-> FALSE]
/\ free = (c1 :> <<>>)
/\ using = (c1 :> [j1 |-> {}])
/\ cjAbortMsg = (c1 :> [j1 |-> 0])
/\ resv = (c1 :> {})
/\ fc = [ hb |-> 0,
  lose |-> 0,
  chkTO |-> 0,
  stTO |-> 0,
  depFail |-> 0,
  sjLaunchFail |-> 0,
  backoff |-> 0,
  sjError |-> 0,
  sjCrash |-> 0,
  cjError |-> 0,
  cjUnsafe |-> 0,
  cjDesc |-> 0,
  cpLaunchFail |-> 0,
  crash |-> 0,
  abort |-> 1,
  delete |-> 0,
  disable |-> 0,
  appMissing |-> 0 ]
/\ abortDropped = (c1 :> [j1 |-> FALSE])
/\ ackInWindow = [j1 |-> FALSE]
/\ nextAtt = 2
/\ endedEv = [j1 |-> FALSE]
/\ cjReg = (c1 :> [j1 |-> None])
/\ alloc = (c1 :> [j1 |-> {}])
/\ ackStop = [j1 |-> FALSE]
/\ cpc = [job |-> None, pc |-> "Idle"]
/\ termP = (c1 :> [j1 |-> 0])
/\ waiter = (c1 :> [j1 |-> FALSE])
/\ postAckLaunch = [j1 |-> FALSE]
/\ sessions = {c1}
/\ rp = [j1 |-> None]
/\ cst = (c1 :> [j1 |-> None])
/\ sj = [j1 |-> "None"]
/\ sweeper = [cl |-> None, pc |-> "Idle", snap |-> 0, blocking |-> FALSE]
/\ cjRC = (c1 :> [j1 |-> 0])
/\ startedEv = [j1 |-> FALSE]
/\ exeErrRec = [j1 |-> FALSE]
/\ launches = [j1 |-> 0]
/\ pending = [j1 |-> None]
/\ sjAbortHandled = [j1 |-> FALSE]
/\ cjProc = (c1 :> [j1 |-> "None"])
/\ latchInStopWin = [j1 |-> FALSE]
/\ msgs = ( [ ok |-> FALSE,
    code |-> 0,
    flag |-> FALSE,
    type |-> "CHECK",
    job |-> "j1",
    cl |-> c1,
    att |-> 1 ] :>
      1 )
/\ wfc = [j1 |-> FALSE]
/\ tagged = {}
/\ rmp = [j1 |-> 0]
/\ shared = [j1 |-> FALSE]
/\ disabled = {}
/\ sjErr = [j1 |-> FALSE]
/\ latched = [j1 |-> None]
/\ rpc = [ job |-> "j1",
  att |-> 1,
  pc |-> "CheckWait",
  listed |-> {},
  queue |-> <<>>,
  cnt |-> [j1 |-> 0],
  chk |-> {c1},
  failed |-> <<>>,
  blocked |-> <<>>,
  fb |-> <<>>,
  ready |-> None,
  disp |-> {},
  dep |-> {},
  jid |-> FALSE,
  snap |-> None,
  sreq |-> {} ]
/\ exc = [j1 |-> None]
/\ runningJobs = {}
/\ failRunRec = [j1 |-> FALSE]
/\ startFailCause = [j1 |-> "none"]
/\ adm = [j1 |-> [pc |-> "AbortWrite", snap |-> "SUBMITTED"]]
/\ slots = {}
/\ termHb = (c1 :> [j1 |-> 0])
/\ grp = (c1 :> [j1 |-> FALSE])
/\ wfcStale = [j1 |-> None]
/\ pCount = [j1 |-> 0]
/\ status = [j1 |-> "SUBMITTED"]
/\ ovw = {}
/\ firstTerm = [j1 |-> None]
/\ ackAbort = [j1 |-> FALSE]
/\ sjRC = [j1 |-> 0]
/\ runAborted = [j1 |-> FALSE]

State 6: <MsgCheckResource line 156, col 31 to line 156, col 73 of module MC>
/\ cpAlive = (c1 :> TRUE)
/\ failAccepted = [j1 |-> FALSE]
/\ free = (c1 :> <<>>)
/\ using = (c1 :> [j1 |-> {}])
/\ cjAbortMsg = (c1 :> [j1 |-> 0])
/\ resv = (c1 :> {[job |-> "j1", tok |-> 1, units |-> {}, ttl |-> 1]})
/\ fc = [ hb |-> 0,
  lose |-> 0,
  chkTO |-> 0,
  stTO |-> 0,
  depFail |-> 0,
  sjLaunchFail |-> 0,
  backoff |-> 0,
  sjError |-> 0,
  sjCrash |-> 0,
  cjError |-> 0,
  cjUnsafe |-> 0,
  cjDesc |-> 0,
  cpLaunchFail |-> 0,
  crash |-> 0,
  abort |-> 1,
  delete |-> 0,
  disable |-> 0,
  appMissing |-> 0 ]
/\ abortDropped = (c1 :> [j1 |-> FALSE])
/\ ackInWindow = [j1 |-> FALSE]
/\ nextAtt = 2
/\ endedEv = [j1 |-> FALSE]
/\ cjReg = (c1 :> [j1 |-> None])
/\ alloc = (c1 :> [j1 |-> {}])
/\ ackStop = [j1 |-> FALSE]
/\ cpc = [job |-> None, pc |-> "Idle"]
/\ termP = (c1 :> [j1 |-> 0])
/\ waiter = (c1 :> [j1 |-> FALSE])
/\ postAckLaunch = [j1 |-> FALSE]
/\ sessions = {c1}
/\ rp = [j1 |-> None]
/\ cst = (c1 :> [j1 |-> None])
/\ sj = [j1 |-> "None"]
/\ sweeper = [cl |-> None, pc |-> "Idle", snap |-> 0, blocking |-> FALSE]
/\ cjRC = (c1 :> [j1 |-> 0])
/\ startedEv = [j1 |-> FALSE]
/\ exeErrRec = [j1 |-> FALSE]
/\ launches = [j1 |-> 0]
/\ pending = [j1 |-> None]
/\ sjAbortHandled = [j1 |-> FALSE]
/\ cjProc = (c1 :> [j1 |-> "None"])
/\ latchInStopWin = [j1 |-> FALSE]
/\ msgs = ( [ ok |-> TRUE,
    code |-> 0,
    flag |-> FALSE,
    type |-> "CHECK_REP",
    job |-> "j1",
    cl |-> c1,
    att |-> 1 ] :>
      1 )
/\ wfc = [j1 |-> FALSE]
/\ tagged = {}
/\ rmp = [j1 |-> 0]
/\ shared = [j1 |-> FALSE]
/\ disabled = {}
/\ sjErr = [j1 |-> FALSE]
/\ latched = [j1 |-> None]
/\ rpc = [ job |-> "j1",
  att |-> 1,
  pc |-> "CheckWait",
  listed |-> {},
  queue |-> <<>>,
  cnt |-> [j1 |-> 0],
  chk |-> {c1},
  failed |-> <<>>,
  blocked |-> <<>>,
  fb |-> <<>>,
  ready |-> None,
  disp |-> {},
  dep |-> {},
  jid |-> FALSE,
  snap |-> None,
  sreq |-> {} ]
/\ exc = [j1 |-> None]
/\ runningJobs = {}
/\ failRunRec = [j1 |-> FALSE]
/\ startFailCause = [j1 |-> "none"]
/\ adm = [j1 |-> [pc |-> "AbortWrite", snap |-> "SUBMITTED"]]
/\ slots = {}
/\ termHb = (c1 :> [j1 |-> 0])
/\ grp = (c1 :> [j1 |-> FALSE])
/\ wfcStale = [j1 |-> None]
/\ pCount = [j1 |-> 0]
/\ status = [j1 |-> "SUBMITTED"]
/\ ovw = {}
/\ firstTerm = [j1 |-> None]
/\ ackAbort = [j1 |-> FALSE]
/\ sjRC = [j1 |-> 0]
/\ runAborted = [j1 |-> FALSE]

State 7: <MCRunnerCheckCollect line 107, col 28 to line 107, col 70 of module MC>
/\ cpAlive = (c1 :> TRUE)
/\ failAccepted = [j1 |-> FALSE]
/\ free = (c1 :> <<>>)
/\ using = (c1 :> [j1 |-> {}])
/\ cjAbortMsg = (c1 :> [j1 |-> 0])
/\ resv = (c1 :> {[job |-> "j1", tok |-> 1, units |-> {}, ttl |-> 1]})
/\ fc = [ hb |-> 0,
  lose |-> 0,
  chkTO |-> 0,
  stTO |-> 0,
  depFail |-> 0,
  sjLaunchFail |-> 0,
  backoff |-> 0,
  sjError |-> 0,
  sjCrash |-> 0,
  cjError |-> 0,
  cjUnsafe |-> 0,
  cjDesc |-> 0,
  cpLaunchFail |-> 0,
  crash |-> 0,
  abort |-> 1,
  delete |-> 0,
  disable |-> 0,
  appMissing |-> 0 ]
/\ abortDropped = (c1 :> [j1 |-> FALSE])
/\ ackInWindow = [j1 |-> FALSE]
/\ nextAtt = 2
/\ endedEv = [j1 |-> FALSE]
/\ cjReg = (c1 :> [j1 |-> None])
/\ alloc = (c1 :> [j1 |-> {}])
/\ ackStop = [j1 |-> FALSE]
/\ cpc = [job |-> None, pc |-> "Idle"]
/\ termP = (c1 :> [j1 |-> 0])
/\ waiter = (c1 :> [j1 |-> FALSE])
/\ postAckLaunch = [j1 |-> FALSE]
/\ sessions = {c1}
/\ rp = [j1 |-> None]
/\ cst = (c1 :> [j1 |-> None])
/\ sj = [j1 |-> "None"]
/\ sweeper = [cl |-> None, pc |-> "Idle", snap |-> 0, blocking |-> FALSE]
/\ cjRC = (c1 :> [j1 |-> 0])
/\ startedEv = [j1 |-> FALSE]
/\ exeErrRec = [j1 |-> FALSE]
/\ launches = [j1 |-> 0]
/\ pending = [j1 |-> None]
/\ sjAbortHandled = [j1 |-> FALSE]
/\ cjProc = (c1 :> [j1 |-> "None"])
/\ latchInStopWin = [j1 |-> FALSE]
/\ msgs = <<>>
/\ wfc = [j1 |-> FALSE]
/\ tagged = {}
/\ rmp = [j1 |-> 0]
/\ shared = [j1 |-> FALSE]
/\ disabled = {}
/\ sjErr = [j1 |-> FALSE]
/\ latched = [j1 |-> None]
/\ rpc = [ job |-> None,
  att |-> 1,
  pc |-> "ChkSubmitted",
  listed |-> {},
  queue |-> <<>>,
  cnt |-> [j1 |-> 1],
  chk |-> {},
  failed |-> <<>>,
  blocked |-> <<>>,
  fb |-> <<>>,
  ready |-> "j1",
  disp |-> {c1},
  dep |-> {},
  jid |-> FALSE,
  snap |-> None,
  sreq |-> {} ]
/\ exc = [j1 |-> None]
/\ runningJobs = {}
/\ failRunRec = [j1 |-> FALSE]
/\ startFailCause = [j1 |-> "none"]
/\ adm = [j1 |-> [pc |-> "AbortWrite", snap |-> "SUBMITTED"]]
/\ slots = {}
/\ termHb = (c1 :> [j1 |-> 0])
/\ grp = (c1 :> [j1 |-> FALSE])
/\ wfcStale = [j1 |-> None]
/\ pCount = [j1 |-> 0]
/\ status = [j1 |-> "SUBMITTED"]
/\ ovw = {}
/\ firstTerm = [j1 |-> None]
/\ ackAbort = [j1 |-> FALSE]
/\ sjRC = [j1 |-> 0]
/\ runAborted = [j1 |-> FALSE]

State 8: <MCRunnerCheckSubmitted line 111, col 28 to line 111, col 72 of module MC>
/\ cpAlive = (c1 :> TRUE)
/\ failAccepted = [j1 |-> FALSE]
/\ free = (c1 :> <<>>)
/\ using = (c1 :> [j1 |-> {}])
/\ cjAbortMsg = (c1 :> [j1 |-> 0])
/\ resv = (c1 :> {[job |-> "j1", tok |-> 1, units |-> {}, ttl |-> 1]})
/\ fc = [ hb |-> 0,
  lose |-> 0,
  chkTO |-> 0,
  stTO |-> 0,
  depFail |-> 0,
  sjLaunchFail |-> 0,
  backoff |-> 0,
  sjError |-> 0,
  sjCrash |-> 0,
  cjError |-> 0,
  cjUnsafe |-> 0,
  cjDesc |-> 0,
  cpLaunchFail |-> 0,
  crash |-> 0,
  abort |-> 1,
  delete |-> 0,
  disable |-> 0,
  appMissing |-> 0 ]
/\ abortDropped = (c1 :> [j1 |-> FALSE])
/\ ackInWindow = [j1 |-> FALSE]
/\ nextAtt = 2
/\ endedEv = [j1 |-> FALSE]
/\ cjReg = (c1 :> [j1 |-> None])
/\ alloc = (c1 :> [j1 |-> {}])
/\ ackStop = [j1 |-> FALSE]
/\ cpc = [job |-> None, pc |-> "Idle"]
/\ termP = (c1 :> [j1 |-> 0])
/\ waiter = (c1 :> [j1 |-> FALSE])
/\ postAckLaunch = [j1 |-> FALSE]
/\ sessions = {c1}
/\ rp = [j1 |-> None]
/\ cst = (c1 :> [j1 |-> None])
/\ sj = [j1 |-> "None"]
/\ sweeper = [cl |-> None, pc |-> "Idle", snap |-> 0, blocking |-> FALSE]
/\ cjRC = (c1 :> [j1 |-> 0])
/\ startedEv = [j1 |-> FALSE]
/\ exeErrRec = [j1 |-> FALSE]
/\ launches = [j1 |-> 0]
/\ pending = [j1 |-> None]
/\ sjAbortHandled = [j1 |-> FALSE]
/\ cjProc = (c1 :> [j1 |-> "None"])
/\ latchInStopWin = [j1 |-> FALSE]
/\ msgs = <<>>
/\ wfc = [j1 |-> FALSE]
/\ tagged = {}
/\ rmp = [j1 |-> 0]
/\ shared = [j1 |-> FALSE]
/\ disabled = {}
/\ sjErr = [j1 |-> FALSE]
/\ latched = [j1 |-> None]
/\ rpc = [ job |-> None,
  att |-> 1,
  pc |-> "Deploy",
  listed |-> {},
  queue |-> <<>>,
  cnt |-> [j1 |-> 1],
  chk |-> {},
  failed |-> <<>>,
  blocked |-> <<>>,
  fb |-> <<>>,
  ready |-> "j1",
  disp |-> {c1},
  dep |-> {},
  jid |-> FALSE,
  snap |-> None,
  sreq |-> {} ]
/\ exc = [j1 |-> None]
/\ runningJobs = {}
/\ failRunRec = [j1 |-> FALSE]
/\ startFailCause = [j1 |-> "none"]
/\ adm = [j1 |-> [pc |-> "AbortWrite", snap |-> "SUBMITTED"]]
/\ slots = {}
/\ termHb = (c1 :> [j1 |-> 0])
/\ grp = (c1 :> [j1 |-> FALSE])
/\ wfcStale = [j1 |-> None]
/\ pCount = [j1 |-> 0]
/\ status = [j1 |-> "SUBMITTED"]
/\ ovw = {}
/\ firstTerm = [j1 |-> None]
/\ ackAbort = [j1 |-> FALSE]
/\ sjRC = [j1 |-> 0]
/\ runAborted = [j1 |-> FALSE]

State 9: <MCRunnerDeployJob({}) line 69, col 5 to line 71, col 83 of module MC>
/\ cpAlive = (c1 :> TRUE)
/\ failAccepted = [j1 |-> FALSE]
/\ free = (c1 :> <<>>)
/\ using = (c1 :> [j1 |-> {}])
/\ cjAbortMsg = (c1 :> [j1 |-> 0])
/\ resv = (c1 :> {[job |-> "j1", tok |-> 1, units |-> {}, ttl |-> 1]})
/\ fc = [ hb |-> 0,
  lose |-> 0,
  chkTO |-> 0,
  stTO |-> 0,
  depFail |-> 0,
  sjLaunchFail |-> 0,
  backoff |-> 0,
  sjError |-> 0,
  sjCrash |-> 0,
  cjError |-> 0,
  cjUnsafe |-> 0,
  cjDesc |-> 0,
  cpLaunchFail |-> 0,
  crash |-> 0,
  abort |-> 1,
  delete |-> 0,
  disable |-> 0,
  appMissing |-> 0 ]
/\ abortDropped = (c1 :> [j1 |-> FALSE])
/\ ackInWindow = [j1 |-> FALSE]
/\ nextAtt = 2
/\ endedEv = [j1 |-> FALSE]
/\ cjReg = (c1 :> [j1 |-> None])
/\ alloc = (c1 :> [j1 |-> {}])
/\ ackStop = [j1 |-> FALSE]
/\ cpc = [job |-> None, pc |-> "Idle"]
/\ termP = (c1 :> [j1 |-> 0])
/\ waiter = (c1 :> [j1 |-> FALSE])
/\ postAckLaunch = [j1 |-> FALSE]
/\ sessions = {c1}
/\ rp = [j1 |-> None]
/\ cst = (c1 :> [j1 |-> None])
/\ sj = [j1 |-> "None"]
/\ sweeper = [cl |-> None, pc |-> "Idle", snap |-> 0, blocking |-> FALSE]
/\ cjRC = (c1 :> [j1 |-> 0])
/\ startedEv = [j1 |-> FALSE]
/\ exeErrRec = [j1 |-> FALSE]
/\ launches = [j1 |-> 0]
/\ pending = [j1 |-> None]
/\ sjAbortHandled = [j1 |-> FALSE]
/\ cjProc = (c1 :> [j1 |-> "None"])
/\ latchInStopWin = [j1 |-> FALSE]
/\ msgs = <<>>
/\ wfc = [j1 |-> FALSE]
/\ tagged = {}
/\ rmp = [j1 |-> 0]
/\ shared = [j1 |-> FALSE]
/\ disabled = {}
/\ sjErr = [j1 |-> FALSE]
/\ latched = [j1 |-> None]
/\ rpc = [ job |-> None,
  att |-> 1,
  pc |-> "SetDispatched",
  listed |-> {},
  queue |-> <<>>,
  cnt |-> [j1 |-> 1],
  chk |-> {},
  failed |-> <<>>,
  blocked |-> <<>>,
  fb |-> <<>>,
  ready |-> "j1",
  disp |-> {c1},
  dep |-> {c1},
  jid |-> TRUE,
  snap |-> None,
  sreq |-> {} ]
/\ exc = [j1 |-> None]
/\ runningJobs = {}
/\ failRunRec = [j1 |-> FALSE]
/\ startFailCause = [j1 |-> "none"]
/\ adm = [j1 |-> [pc |-> "AbortWrite", snap |-> "SUBMITTED"]]
/\ slots = {}
/\ termHb = (c1 :> [j1 |-> 0])
/\ grp = (c1 :> [j1 |-> FALSE])
/\ wfcStale = [j1 |-> None]
/\ pCount = [j1 |-> 0]
/\ status = [j1 |-> "SUBMITTED"]
/\ ovw = {}
/\ firstTerm = [j1 |-> None]
/\ ackAbort = [j1 |-> FALSE]
/\ sjRC = [j1 |-> 0]
/\ runAborted = [j1 |-> FALSE]

State 10: <MCRunnerSetDispatched line 112, col 28 to line 112, col 71 of module MC>
/\ cpAlive = (c1 :> TRUE)
/\ failAccepted = [j1 |-> FALSE]
/\ free = (c1 :> <<>>)
/\ using = (c1 :> [j1 |-> {}])
/\ cjAbortMsg = (c1 :> [j1 |-> 0])
/\ resv = (c1 :> {[job |-> "j1", tok |-> 1, units |-> {}, ttl |-> 1]})
/\ fc = [ hb |-> 0,
  lose |-> 0,
  chkTO |-> 0,
  stTO |-> 0,
  depFail |-> 0,
  sjLaunchFail |-> 0,
  backoff |-> 0,
  sjError |-> 0,
  sjCrash |-> 0,
  cjError |-> 0,
  cjUnsafe |-> 0,
  cjDesc |-> 0,
  cpLaunchFail |-> 0,
  crash |-> 0,
  abort |-> 1,
  delete |-> 0,
  disable |-> 0,
  appMissing |-> 0 ]
/\ abortDropped = (c1 :> [j1 |-> FALSE])
/\ ackInWindow = [j1 |-> FALSE]
/\ nextAtt = 2
/\ endedEv = [j1 |-> FALSE]
/\ cjReg = (c1 :> [j1 |-> None])
/\ alloc = (c1 :> [j1 |-> {}])
/\ ackStop = [j1 |-> FALSE]
/\ cpc = [job |-> None, pc |-> "Idle"]
/\ termP = (c1 :> [j1 |-> 0])
/\ waiter = (c1 :> [j1 |-> FALSE])
/\ postAckLaunch = [j1 |-> FALSE]
/\ sessions = {c1}
/\ rp = [j1 |-> None]
/\ cst = (c1 :> [j1 |-> None])
/\ sj = [j1 |-> "None"]
/\ sweeper = [cl |-> None, pc |-> "Idle", snap |-> 0, blocking |-> FALSE]
/\ cjRC = (c1 :> [j1 |-> 0])
/\ startedEv = [j1 |-> FALSE]
/\ exeErrRec = [j1 |-> FALSE]
/\ launches = [j1 |-> 0]
/\ pending = [j1 |-> None]
/\ sjAbortHandled = [j1 |-> FALSE]
/\ cjProc = (c1 :> [j1 |-> "None"])
/\ latchInStopWin = [j1 |-> FALSE]
/\ msgs = <<>>
/\ wfc = [j1 |-> FALSE]
/\ tagged = {}
/\ rmp = [j1 |-> 0]
/\ shared = [j1 |-> FALSE]
/\ disabled = {}
/\ sjErr = [j1 |-> FALSE]
/\ latched = [j1 |-> None]
/\ rpc = [ job |-> None,
  att |-> 1,
  pc |-> "MetaRead",
  listed |-> {},
  queue |-> <<>>,
  cnt |-> [j1 |-> 1],
  chk |-> {},
  failed |-> <<>>,
  blocked |-> <<>>,
  fb |-> <<>>,
  ready |-> "j1",
  disp |-> {c1},
  dep |-> {c1},
  jid |-> TRUE,
  snap |-> None,
  sreq |-> {} ]
/\ exc = [j1 |-> None]
/\ runningJobs = {}
/\ failRunRec = [j1 |-> FALSE]
/\ startFailCause = [j1 |-> "none"]
/\ adm = [j1 |-> [pc |-> "AbortWrite", snap |-> "SUBMITTED"]]
/\ slots = {}
/\ termHb = (c1 :> [j1 |-> 0])
/\ grp = (c1 :> [j1 |-> FALSE])
/\ wfcStale = [j1 |-> None]
/\ pCount = [j1 |-> 0]
/\ status = [j1 |-> "DISPATCHED"]
/\ ovw = {}
/\ firstTerm = [j1 |-> None]
/\ ackAbort = [j1 |-> FALSE]
/\ sjRC = [j1 |-> 0]
/\ runAborted = [j1 |-> FALSE]

State 11: <MCRunnerMetaRead line 113, col 28 to line 113, col 66 of module MC>
/\ cpAlive = (c1 :> TRUE)
/\ failAccepted = [j1 |-> FALSE]
/\ free = (c1 :> <<>>)
/\ using = (c1 :> [j1 |-> {}])
/\ cjAbortMsg = (c1 :> [j1 |-> 0])
/\ resv = (c1 :> {[job |-> "j1", tok |-> 1, units |-> {}, ttl |-> 1]})
/\ fc = [ hb |-> 0,
  lose |-> 0,
  chkTO |-> 0,
  stTO |-> 0,
  depFail |-> 0,
  sjLaunchFail |-> 0,
  backoff |-> 0,
  sjError |-> 0,
  sjCrash |-> 0,
  cjError |-> 0,
  cjUnsafe |-> 0,
  cjDesc |-> 0,
  cpLaunchFail |-> 0,
  crash |-> 0,
  abort |-> 1,
  delete |-> 0,
  disable |-> 0,
  appMissing |-> 0 ]
/\ abortDropped = (c1 :> [j1 |-> FALSE])
/\ ackInWindow = [j1 |-> FALSE]
/\ nextAtt = 2
/\ endedEv = [j1 |-> FALSE]
/\ cjReg = (c1 :> [j1 |-> None])
/\ alloc = (c1 :> [j1 |-> {}])
/\ ackStop = [j1 |-> FALSE]
/\ cpc = [job |-> None, pc |-> "Idle"]
/\ termP = (c1 :> [j1 |-> 0])
/\ waiter = (c1 :> [j1 |-> FALSE])
/\ postAckLaunch = [j1 |-> FALSE]
/\ sessions = {c1}
/\ rp = [j1 |-> None]
/\ cst = (c1 :> [j1 |-> None])
/\ sj = [j1 |-> "None"]
/\ sweeper = [cl |-> None, pc |-> "Idle", snap |-> 0, blocking |-> FALSE]
/\ cjRC = (c1 :> [j1 |-> 0])
/\ startedEv = [j1 |-> FALSE]
/\ exeErrRec = [j1 |-> FALSE]
/\ launches = [j1 |-> 0]
/\ pending = [j1 |-> None]
/\ sjAbortHandled = [j1 |-> FALSE]
/\ cjProc = (c1 :> [j1 |-> "None"])
/\ latchInStopWin = [j1 |-> FALSE]
/\ msgs = <<>>
/\ wfc = [j1 |-> FALSE]
/\ tagged = {}
/\ rmp = [j1 |-> 0]
/\ shared = [j1 |-> FALSE]
/\ disabled = {}
/\ sjErr = [j1 |-> FALSE]
/\ latched = [j1 |-> None]
/\ rpc = [ job |-> None,
  att |-> 1,
  pc |-> "MetaWrite",
  listed |-> {},
  queue |-> <<>>,
  cnt |-> [j1 |-> 1],
  chk |-> {},
  failed |-> <<>>,
  blocked |-> <<>>,
  fb |-> <<>>,
  ready |-> "j1",
  disp |-> {c1},
  dep |-> {c1},
  jid |-> TRUE,
  snap |-> "DISPATCHED",
  sreq |-> {} ]
/\ exc = [j1 |-> None]
/\ runningJobs = {}
/\ failRunRec = [j1 |-> FALSE]
/\ startFailCause = [j1 |-> "none"]
/\ adm = [j1 |-> [pc |-> "AbortWrite", snap |-> "SUBMITTED"]]
/\ slots = {}
/\ termHb = (c1 :> [j1 |-> 0])
/\ grp = (c1 :> [j1 |-> FALSE])
/\ wfcStale = [j1 |-> None]
/\ pCount = [j1 |-> 0]
/\ status = [j1 |-> "DISPATCHED"]
/\ ovw = {}
/\ firstTerm = [j1 |-> None]
/\ ackAbort = [j1 |-> FALSE]
/\ sjRC = [j1 |-> 0]
/\ runAborted = [j1 |-> FALSE]

State 12: <MCRunnerMetaWrite line 114, col 28 to line 114, col 67 of module MC>
/\ cpAlive = (c1 :> TRUE)
/\ failAccepted = [j1 |-> FALSE]
/\ free = (c1 :> <<>>)
/\ using = (c1 :> [j1 |-> {}])
/\ cjAbortMsg = (c1 :> [j1 |-> 0])
/\ resv = (c1 :> {[job |-> "j1", tok |-> 1, units |-> {}, ttl |-> 1]})
/\ fc = [ hb |-> 0,
  lose |-> 0,
  chkTO |-> 0,
  stTO |-> 0,
  depFail |-> 0,
  sjLaunchFail |-> 0,
  backoff |-> 0,
  sjError |-> 0,
  sjCrash |-> 0,
  cjError |-> 0,
  cjUnsafe |-> 0,
  cjDesc |-> 0,
  cpLaunchFail |-> 0,
  crash |-> 0,
  abort |-> 1,
  delete |-> 0,
  disable |-> 0,
  appMissing |-> 0 ]
/\ abortDropped = (c1 :> [j1 |-> FALSE])
/\ ackInWindow = [j1 |-> FALSE]
/\ nextAtt = 2
/\ endedEv = [j1 |-> FALSE]
/\ cjReg = (c1 :> [j1 |-> None])
/\ alloc = (c1 :> [j1 |-> {}])
/\ ackStop = [j1 |-> FALSE]
/\ cpc = [job |-> None, pc |-> "Idle"]
/\ termP = (c1 :> [j1 |-> 0])
/\ waiter = (c1 :> [j1 |-> FALSE])
/\ postAckLaunch = [j1 |-> FALSE]
/\ sessions = {c1}
/\ rp = [j1 |-> None]
/\ cst = (c1 :> [j1 |-> None])
/\ sj = [j1 |-> "None"]
/\ sweeper = [cl |-> None, pc |-> "Idle", snap |-> 0, blocking |-> FALSE]
/\ cjRC = (c1 :> [j1 |-> 0])
/\ startedEv = [j1 |-> FALSE]
/\ exeErrRec = [j1 |-> FALSE]
/\ launches = [j1 |-> 0]
/\ pending = [j1 |-> None]
/\ sjAbortHandled = [j1 |-> FALSE]
/\ cjProc = (c1 :> [j1 |-> "None"])
/\ latchInStopWin = [j1 |-> FALSE]
/\ msgs = <<>>
/\ wfc = [j1 |-> FALSE]
/\ tagged = {}
/\ rmp = [j1 |-> 0]
/\ shared = [j1 |-> FALSE]
/\ disabled = {}
/\ sjErr = [j1 |-> FALSE]
/\ latched = [j1 |-> None]
/\ rpc = [ job |-> None,
  att |-> 1,
  pc |-> "ChkDispatched",
  listed |-> {},
  queue |-> <<>>,
  cnt |-> [j1 |-> 1],
  chk |-> {},
  failed |-> <<>>,
  blocked |-> <<>>,
  fb |-> <<>>,
  ready |-> "j1",
  disp |-> {c1},
  dep |-> {c1},
  jid |-> TRUE,
  snap |-> None,
  sreq |-> {} ]
/\ exc = [j1 |-> None]
/\ runningJobs = {}
/\ failRunRec = [j1 |-> FALSE]
/\ startFailCause = [j1 |-> "none"]
/\ adm = [j1 |-> [pc |-> "AbortWrite", snap |-> "SUBMITTED"]]
/\ slots = {}
/\ termHb = (c1 :> [j1 |-> 0])
/\ grp = (c1 :> [j1 |-> FALSE])
/\ wfcStale = [j1 |-> None]
/\ pCount = [j1 |-> 1]
/\ status = [j1 |-> "DISPATCHED"]
/\ ovw = {}
/\ firstTerm = [j1 |-> None]
/\ ackAbort = [j1 |-> FALSE]
/\ sjRC = [j1 |-> 0]
/\ runAborted = [j1 |-> FALSE]

State 13: <MCRunnerCheckDispatched line 115, col 28 to line 115, col 73 of module MC>
/\ cpAlive = (c1 :> TRUE)
/\ failAccepted = [j1 |-> FALSE]
/\ free = (c1 :> <<>>)
/\ using = (c1 :> [j1 |-> {}])
/\ cjAbortMsg = (c1 :> [j1 |-> 0])
/\ resv = (c1 :> {[job |-> "j1", tok |-> 1, units |-> {}, ttl |-> 1]})
/\ fc = [ hb |-> 0,
  lose |-> 0,
  chkTO |-> 0,
  stTO |-> 0,
  depFail |-> 0,
  sjLaunchFail |-> 0,
  backoff |-> 0,
  sjError |-> 0,
  sjCrash |-> 0,
  cjError |-> 0,
  cjUnsafe |-> 0,
  cjDesc |-> 0,
  cpLaunchFail |-> 0,
  crash |-> 0,
  abort |-> 1,
  delete |-> 0,
  disable |-> 0,
  appMissing |-> 0 ]
/\ abortDropped = (c1 :> [j1 |-> FALSE])
/\ ackInWindow = [j1 |-> FALSE]
/\ nextAtt = 2
/\ endedEv = [j1 |-> FALSE]
/\ cjReg = (c1 :> [j1 |-> None])
/\ alloc = (c1 :> [j1 |-> {}])
/\ ackStop = [j1 |-> FALSE]
/\ cpc = [job |-> None, pc |-> "Idle"]
/\ termP = (c1 :> [j1 |-> 0])
/\ waiter = (c1 :> [j1 |-> FALSE])
/\ postAckLaunch = [j1 |-> FALSE]
/\ sessions = {c1}
/\ rp = [j1 |-> None]
/\ cst = (c1 :> [j1 |-> None])
/\ sj = [j1 |-> "None"]
/\ sweeper = [cl |-> None, pc |-> "Idle", snap |-> 0, blocking |-> FALSE]
/\ cjRC = (c1 :> [j1 |-> 0])
/\ startedEv = [j1 |-> FALSE]
/\ exeErrRec = [j1 |-> FALSE]
/\ launches = [j1 |-> 0]
/\ pending = [j1 |-> None]
/\ sjAbortHandled = [j1 |-> FALSE]
/\ cjProc = (c1 :> [j1 |-> "None"])
/\ latchInStopWin = [j1 |-> FALSE]
/\ msgs = <<>>
/\ wfc = [j1 |-> FALSE]
/\ tagged = {}
/\ rmp = [j1 |-> 0]
/\ shared = [j1 |-> FALSE]
/\ disabled = {}
/\ sjErr = [j1 |-> FALSE]
/\ latched = [j1 |-> None]
/\ rpc = [ job |-> None,
  att |-> 1,
  pc |-> "StartSJ",
  listed |-> {},
  queue |-> <<>>,
  cnt |-> [j1 |-> 1],
  chk |-> {},
  failed |-> <<>>,
  blocked |-> <<>>,
  fb |-> <<>>,
  ready |-> "j1",
  disp |-> {c1},
  dep |-> {c1},
  jid |-> TRUE,
  snap |-> None,
  sreq |-> {} ]
/\ exc = [j1 |-> None]
/\ runningJobs = {}
/\ failRunRec = [j1 |-> FALSE]
/\ startFailCause = [j1 |-> "none"]
/\ adm = [j1 |-> [pc |-> "AbortWrite", snap |-> "SUBMITTED"]]
/\ slots = {}
/\ termHb = (c1 :> [j1 |-> 0])
/\ grp = (c1 :> [j1 |-> FALSE])
/\ wfcStale = [j1 |-> None]
/\ pCount = [j1 |-> 1]
/\ status = [j1 |-> "DISPATCHED"]
/\ ovw = {}
/\ firstTerm = [j1 |-> None]
/\ ackAbort = [j1 |-> FALSE]
/\ sjRC = [j1 |-> 0]
/\ runAborted = [j1 |-> FALSE]

State 14: <MCRunnerStartServerApp line 116, col 28 to line 116, col 72 of module MC>
/\ cpAlive = (c1 :> TRUE)
/\ failAccepted = [j1 |-> FALSE]
/\ free = (c1 :> <<>>)
/\ using = (c1 :> [j1 |-> {}])
/\ cjAbortMsg = (c1 :> [j1 |-> 0])
/\ resv = (c1 :> {[job |-> "j1", tok |-> 1, units |-> {}, ttl |-> 1]})
/\ fc = [ hb |-> 0,
  lose |-> 0,
  chkTO |-> 0,
  stTO |-> 0,
  depFail |-> 0,
  sjLaunchFail |-> 0,
  backoff |-> 0,
  sjError |-> 0,
  sjCrash |-> 0,
  cjError |-> 0,
  cjUnsafe |-> 0,
  cjDesc |-> 0,
  cpLaunchFail |-> 0,
  crash |-> 0,
  abort |-> 1,
  delete |-> 0,
  disable |-> 0,
  appMissing |-> 0 ]
/\ abortDropped = (c1 :> [j1 |-> FALSE])
/\ ackInWindow = [j1 |-> FALSE]
/\ nextAtt = 2
/\ endedEv = [j1 |-> FALSE]
/\ cjReg = (c1 :> [j1 |-> None])
/\ alloc = (c1 :> [j1 |-> {}])
/\ ackStop = [j1 |-> FALSE]
/\ cpc = [job |-> None, pc |-> "Idle"]
/\ termP = (c1 :> [j1 |-> 0])
/\ waiter = (c1 :> [j1 |-> FALSE])
/\ postAckLaunch = [j1 |-> FALSE]
/\ sessions = {c1}
/\ rp = [j1 |-> [rc |-> 0, exeErr |-> FALSE, parts |-> {c1}, finished |-> FALSE]]
/\ cst = (c1 :> [j1 |-> None])
/\ sj = [j1 |-> "Running"]
/\ sweeper = [cl |-> None, pc |-> "Idle", snap |-> 0, blocking |-> FALSE]
/\ cjRC = (c1 :> [j1 |-> 0])
/\ startedEv = [j1 |-> FALSE]
/\ exeErrRec = [j1 |-> FALSE]
/\ launches = [j1 |-> 1]
/\ pending = [j1 |-> {c1}]
/\ sjAbortHandled = [j1 |-> FALSE]
/\ cjProc = (c1 :> [j1 |-> "None"])
/\ latchInStopWin = [j1 |-> FALSE]
/\ msgs = ( [ ok |-> FALSE,
    code |-> 0,
    flag |-> FALSE,
    type |-> "START",
    job |-> "j1",
    cl |-> c1,
    att |-> 1 ] :>
      1 )
/\ wfc = [j1 |-> TRUE]
/\ tagged = {}
/\ rmp = [j1 |-> 0]
/\ shared = [j1 |-> FALSE]
/\ disabled = {}
/\ sjErr = [j1 |-> FALSE]
/\ latched = [j1 |-> None]
/\ rpc = [ job |-> None,
  att |-> 1,
  pc |-> "StartWait",
  listed |-> {},
  queue |-> <<>>,
  cnt |-> [j1 |-> 1],
  chk |-> {},
  failed |-> <<>>,
  blocked |-> <<>>,
  fb |-> <<>>,
  ready |-> "j1",
  disp |-> {c1},
  dep |-> {c1},
  jid |-> TRUE,
  snap |-> None,
  sreq |-> {c1} ]
/\ exc = [j1 |-> None]
/\ runningJobs = {}
/\ failRunRec = [j1 |-> FALSE]
/\ startFailCause = [j1 |-> "none"]
/\ adm = [j1 |-> [pc |-> "AbortWrite", snap |-> "SUBMITTED"]]
/\ slots = {}
/\ termHb = (c1 :> [j1 |-> 0])
/\ grp = (c1 :> [j1 |-> FALSE])
/\ wfcStale = [j1 |-> None]
/\ pCount = [j1 |-> 1]
/\ status = [j1 |-> "DISPATCHED"]
/\ ovw = {}
/\ firstTerm = [j1 |-> None]
/\ ackAbort = [j1 |-> FALSE]
/\ sjRC = [j1 |-> 0]
/\ runAborted = [j1 |-> FALSE]

State 15: <MsgStartAllocate line 158, col 31 to line 158, col 73 of module MC>
/\ cpAlive = (c1 :> TRUE)
/\ failAccepted = [j1 |-> FALSE]
/\ free = (c1 :> <<>>)
/\ using = (c1 :> [j1 |-> {}])
/\ cjAbortMsg = (c1 :> [j1 |-> 0])
/\ resv = (c1 :> {})
/\ fc = [ hb |-> 0,
  lose |-> 0,
  chkTO |-> 0,
  stTO |-> 0,
  depFail |-> 0,
  sjLaunchFail |-> 0,
  backoff |-> 0,
  sjError |-> 0,
  sjCrash |-> 0,
  cjError |-> 0,
  cjUnsafe |-> 0,
  cjDesc |-> 0,
  cpLaunchFail |-> 0,
  crash |-> 0,
  abort |-> 1,
  delete |-> 0,
  disable |-> 0,
  appMissing |-> 0 ]
/\ abortDropped = (c1 :> [j1 |-> FALSE])
/\ ackInWindow = [j1 |-> FALSE]
/\ nextAtt = 2
/\ endedEv = [j1 |-> FALSE]
/\ cjReg = (c1 :> [j1 |-> None])
/\ alloc = (c1 :> [j1 |-> {}])
/\ ackStop = [j1 |-> FALSE]
/\ cpc = [job |-> None, pc |-> "Idle"]
/\ termP = (c1 :> [j1 |-> 0])
/\ waiter = (c1 :> [j1 |-> FALSE])
/\ postAckLaunch = [j1 |-> FALSE]
/\ sessions = {c1}
/\ rp = [j1 |-> [rc |-> 0, exeErr |-> FALSE, parts |-> {c1}, finished |-> FALSE]]
/\ cst = (c1 :> [j1 |-> [pc |-> "Allocated", tok |-> 1, units |-> {}]])
/\ sj = [j1 |-> "Running"]
/\ sweeper = [cl |-> None, pc |-> "Idle", snap |-> 0, blocking |-> FALSE]
/\ cjRC = (c1 :> [j1 |-> 0])
/\ startedEv = [j1 |-> FALSE]
/\ exeErrRec = [j1 |-> FALSE]
/\ launches = [j1 |-> 1]
/\ pending = [j1 |-> {c1}]
/\ sjAbortHandled = [j1 |-> FALSE]
/\ cjProc = (c1 :> [j1 |-> "None"])
/\ latchInStopWin = [j1 |-> FALSE]
/\ msgs = <<>>
/\ wfc = [j1 |-> TRUE]
/\ tagged = {}
/\ rmp = [j1 |-> 0]
/\ shared = [j1 |-> FALSE]
/\ disabled = {}
/\ sjErr = [j1 |-> FALSE]
/\ latched = [j1 |-> None]
/\ rpc = [ job |-> None,
  att |-> 1,
  pc |-> "StartWait",
  listed |-> {},
  queue |-> <<>>,
  cnt |-> [j1 |-> 1],
  chk |-> {},
  failed |-> <<>>,
  blocked |-> <<>>,
  fb |-> <<>>,
  ready |-> "j1",
  disp |-> {c1},
  dep |-> {c1},
  jid |-> TRUE,
  snap |-> None,
  sreq |-> {c1} ]
/\ exc = [j1 |-> None]
/\ runningJobs = {}
/\ failRunRec = [j1 |-> FALSE]
/\ startFailCause = [j1 |-> "none"]
/\ adm = [j1 |-> [pc |-> "AbortWrite", snap |-> "SUBMITTED"]]
/\ slots = {}
/\ termHb = (c1 :> [j1 |-> 0])
/\ grp = (c1 :> [j1 |-> FALSE])
/\ wfcStale = [j1 |-> None]
/\ pCount = [j1 |-> 1]
/\ status = [j1 |-> "DISPATCHED"]
/\ ovw = {}
/\ firstTerm = [j1 |-> None]
/\ ackAbort = [j1 |-> FALSE]
/\ sjRC = [j1 |-> 0]
/\ runAborted = [j1 |-> FALSE]

State 16: <MCSjFinish("j1",FALSE,0) line 77, col 5 to line 78, col 53 of module MC>
/\ cpAlive = (c1 :> TRUE)
/\ failAccepted = [j1 |-> FALSE]
/\ free = (c1 :> <<>>)
/\ using = (c1 :> [j1 |-> {}])
/\ cjAbortMsg = (c1 :> [j1 |-> 0])
/\ resv = (c1 :> {})
/\ fc = [ hb |-> 0,
  lose |-> 0,
  chkTO |-> 0,
  stTO |-> 0,
  depFail |-> 0,
  sjLaunchFail |-> 0,
  backoff |-> 0,
  sjError |-> 0,
  sjCrash |-> 0,
  cjError |-> 0,
  cjUnsafe |-> 0,
  cjDesc |-> 0,
  cpLaunchFail |-> 0,
  crash |-> 0,
  abort |-> 1,
  delete |-> 0,
  disable |-> 0,
  appMissing |-> 0 ]
/\ abortDropped = (c1 :> [j1 |-> FALSE])
/\ ackInWindow = [j1 |-> FALSE]
/\ nextAtt = 2
/\ endedEv = [j1 |-> FALSE]
/\ cjReg = (c1 :> [j1 |-> None])
/\ alloc = (c1 :> [j1 |-> {}])
/\ ackStop = [j1 |-> FALSE]
/\ cpc = [job |-> None, pc |-> "Idle"]
/\ termP = (c1 :> [j1 |-> 0])
/\ waiter = (c1 :> [j1 |-> FALSE])
/\ postAckLaunch = [j1 |-> FALSE]
/\ sessions = {c1}
/\ rp = [j1 |-> [rc |-> 0, exeErr |-> FALSE, parts |-> {c1}, finished |-> FALSE]]
/\ cst = (c1 :> [j1 |-> [pc |-> "Allocated", tok |-> 1, units |-> {}]])
/\ sj = [j1 |-> "Exited"]
/\ sweeper = [cl |-> None, pc |-> "Idle", snap |-> 0, blocking |-> FALSE]
/\ cjRC = (c1 :> [j1 |-> 0])
/\ startedEv = [j1 |-> FALSE]
/\ exeErrRec = [j1 |-> FALSE]
/\ launches = [j1 |-> 1]
/\ pending = [j1 |-> {c1}]
/\ sjAbortHandled = [j1 |-> FALSE]
/\ cjProc = (c1 :> [j1 |-> "None"])
/\ latchInStopWin = [j1 |-> FALSE]
/\ msgs = ( [ ok |-> FALSE,
    code |-> 0,
    flag |-> FALSE,
    type |-> "RUNSTATUS",
    job |-> "j1",
    cl |-> None,
    att |-> 0 ] :>
      1 )
/\ wfc = [j1 |-> TRUE]
/\ tagged = {}
/\ rmp = [j1 |-> 0]
/\ shared = [j1 |-> FALSE]
/\ disabled = {}
/\ sjErr = [j1 |-> FALSE]
/\ latched = [j1 |-> None]
/\ rpc = [ job |-> None,
  att |-> 1,
  pc |-> "StartWait",
  listed |-> {},
  queue |-> <<>>,
  cnt |-> [j1 |-> 1],
  chk |-> {},
  failed |-> <<>>,
  blocked |-> <<>>,
  fb |-> <<>>,
  ready |-> "j1",
  disp |-> {c1},
  dep |-> {c1},
  jid |-> TRUE,
  snap |-> None,
  sreq |-> {c1} ]
/\ exc = [j1 |-> None]
/\ runningJobs = {}
/\ failRunRec = [j1 |-> FALSE]
/\ startFailCause = [j1 |-> "none"]
/\ adm = [j1 |-> [pc |-> "AbortWrite", snap |-> "SUBMITTED"]]
/\ slots = {}
/\ termHb = (c1 :> [j1 |-> 0])
/\ grp = (c1 :> [j1 |-> FALSE])
/\ wfcStale = [j1 |-> None]
/\ pCount = [j1 |-> 1]
/\ status = [j1 |-> "DISPATCHED"]
/\ ovw = {}
/\ firstTerm = [j1 |-> None]
/\ ackAbort = [j1 |-> FALSE]
/\ sjRC = [j1 |-> 0]
/\ runAborted = [j1 |-> FALSE]

State 17: <MCSpWaitForComplete("j1") line 138, col 28 to line 138, col 72 of module MC>
/\ cpAlive = (c1 :> TRUE)
/\ failAccepted = [j1 |-> FALSE]
/\ free = (c1 :> <<>>)
/\ using = (c1 :> [j1 |-> {}])
/\ cjAbortMsg = (c1 :> [j1 |-> 0])
/\ resv = (c1 :> {})
/\ fc = [ hb |-> 0,
  lose |-> 0,
  chkTO |-> 0,
  stTO |-> 0,
  depFail |-> 0,
  sjLaunchFail |-> 0,
  backoff |-> 0,
  sjError |-> 0,
  sjCrash |-> 0,
  cjError |-> 0,
  cjUnsafe |-> 0,
  cjDesc |-> 0,
  cpLaunchFail |-> 0,
  crash |-> 0,
  abort |-> 1,
  delete |-> 0,
  disable |-> 0,
  appMissing |-> 0 ]
/\ abortDropped = (c1 :> [j1 |-> FALSE])
/\ ackInWindow = [j1 |-> FALSE]
/\ nextAtt = 2
/\ endedEv = [j1 |-> FALSE]
/\ cjReg = (c1 :> [j1 |-> None])
/\ alloc = (c1 :> [j1 |-> {}])
/\ ackStop = [j1 |-> FALSE]
/\ cpc = [job |-> None, pc |-> "Idle"]
/\ termP = (c1 :> [j1 |-> 0])
/\ waiter = (c1 :> [j1 |-> FALSE])
/\ postAckLaunch = [j1 |-> FALSE]
/\ sessions = {c1}
/\ rp = [j1 |-> None]
/\ cst = (c1 :> [j1 |-> [pc |-> "Allocated", tok |-> 1, units |-> {}]])
/\ sj = [j1 |-> "Exited"]
/\ sweeper = [cl |-> None, pc |-> "Idle", snap |-> 0, blocking |-> FALSE]
/\ cjRC = (c1 :> [j1 |-> 0])
/\ startedEv = [j1 |-> FALSE]
/\ exeErrRec = [j1 |-> FALSE]
/\ launches = [j1 |-> 1]
/\ pending = [j1 |-> {c1}]
/\ sjAbortHandled = [j1 |-> FALSE]
/\ cjProc = (c1 :> [j1 |-> "None"])
/\ latchInStopWin = [j1 |-> FALSE]
/\ msgs = ( [ ok |-> FALSE,
    code |-> 0,
    flag |-> FALSE,
    type |-> "RUNSTATUS",
    job |-> "j1",
    cl |-> None,
    att |-> 0 ] :>
      1 )
/\ wfc = [j1 |-> FALSE]
/\ tagged = {}
/\ rmp = [j1 |-> 0]
/\ shared = [j1 |-> FALSE]
/\ disabled = {}
/\ sjErr = [j1 |-> FALSE]
/\ latched = [j1 |-> None]
/\ rpc = [ job |-> None,
  att |-> 1,
  pc |-> "StartWait",
  listed |-> {},
  queue |-> <<>>,
  cnt |-> [j1 |-> 1],
  chk |-> {},
  failed |-> <<>>,
  blocked |-> <<>>,
  fb |-> <<>>,
  ready |-> "j1",
  disp |-> {c1},
  dep |-> {c1},
  jid |-> TRUE,
  snap |-> None,
  sreq |-> {c1} ]
/\ exc = [j1 |-> None]
/\ runningJobs = {}
/\ failRunRec = [j1 |-> FALSE]
/\ startFailCause = [j1 |-> "none"]
/\ adm = [j1 |-> [pc |-> "AbortWrite", snap |-> "SUBMITTED"]]
/\ slots = {}
/\ termHb = (c1 :> [j1 |-> 0])
/\ grp = (c1 :> [j1 |-> FALSE])
/\ wfcStale = [j1 |-> None]
/\ pCount = [j1 |-> 1]
/\ status = [j1 |-> "DISPATCHED"]
/\ ovw = {}
/\ firstTerm = [j1 |-> None]
/\ ackAbort = [j1 |-> FALSE]
/\ sjRC = [j1 |-> 0]
/\ runAborted = [j1 |-> FALSE]

State 18: <MCCpStartRegister(c1,"j1") line 143, col 28 to line 143, col 73 of module MC>
/\ cpAlive = (c1 :> TRUE)
/\ failAccepted = [j1 |-> FALSE]
/\ free = (c1 :> <<>>)
/\ using = (c1 :> [j1 |-> {}])
/\ cjAbortMsg = (c1 :> [j1 |-> 0])
/\ resv = (c1 :> {})
/\ fc = [ hb |-> 0,
  lose |-> 0,
  chkTO |-> 0,
  stTO |-> 0,
  depFail |-> 0,
  sjLaunchFail |-> 0,
  backoff |-> 0,
  sjError |-> 0,
  sjCrash |-> 0,
  cjError |-> 0,
  cjUnsafe |-> 0,
  cjDesc |-> 0,
  cpLaunchFail |-> 0,
  crash |-> 0,
  abort |-> 1,
  delete |-> 0,
  disable |-> 0,
  appMissing |-> 0 ]
/\ abortDropped = (c1 :> [j1 |-> FALSE])
/\ ackInWindow = [j1 |-> FALSE]
/\ nextAtt = 2
/\ endedEv = [j1 |-> FALSE]
/\ cjReg = ( c1 :>
      [ j1 |->
            [ st |-> "STARTING",
              attached |-> FALSE,
              pendAbort |-> FALSE,
              abortReq |-> FALSE ] ] )
/\ alloc = (c1 :> [j1 |-> {}])
/\ ackStop = [j1 |-> FALSE]
/\ cpc = [job |-> None, pc |-> "Idle"]
/\ termP = (c1 :> [j1 |-> 0])
/\ waiter = (c1 :> [j1 |-> FALSE])
/\ postAckLaunch = [j1 |-> FALSE]
/\ sessions = {c1}
/\ rp = [j1 |-> None]
/\ cst = (c1 :> [j1 |-> [pc |-> "Registered", tok |-> 1, units |-> {}]])
/\ sj = [j1 |-> "Exited"]
/\ sweeper = [cl |-> None, pc |-> "Idle", snap |-> 0, blocking |-> FALSE]
/\ cjRC = (c1 :> [j1 |-> 0])
/\ startedEv = [j1 |-> FALSE]
/\ exeErrRec = [j1 |-> FALSE]
/\ launches = [j1 |-> 1]
/\ pending = [j1 |-> {c1}]
/\ sjAbortHandled = [j1 |-> FALSE]
/\ cjProc = (c1 :> [j1 |-> "None"])
/\ latchInStopWin = [j1 |-> FALSE]
/\ msgs = ( [ ok |-> FALSE,
    code |-> 0,
    flag |-> FALSE,
    type |-> "RUNSTATUS",
    job |-> "j1",
    cl |-> None,
    att |-> 0 ] :>
      1 )
/\ wfc = [j1 |-> FALSE]
/\ tagged = {}
/\ rmp = [j1 |-> 0]
/\ shared = [j1 |-> FALSE]
/\ disabled = {}
/\ sjErr = [j1 |-> FALSE]
/\ latched = [j1 |-> None]
/\ rpc = [ job |-> None,
  att |-> 1,
  pc |-> "StartWait",
  listed |-> {},
  queue |-> <<>>,
  cnt |-> [j1 |-> 1],
  chk |-> {},
  failed |-> <<>>,
  blocked |-> <<>>,
  fb |-> <<>>,
  ready |-> "j1",
  disp |-> {c1},
  dep |-> {c1},
  jid |-> TRUE,
  snap |-> None,
  sreq |-> {c1} ]
/\ exc = [j1 |-> None]
/\ runningJobs = {}
/\ failRunRec = [j1 |-> FALSE]
/\ startFailCause = [j1 |-> "none"]
/\ adm = [j1 |-> [pc |-> "AbortWrite", snap |-> "SUBMITTED"]]
/\ slots = {}
/\ termHb = (c1 :> [j1 |-> 0])
/\ grp = (c1 :> [j1 |-> FALSE])
/\ wfcStale = [j1 |-> None]
/\ pCount = [j1 |-> 1]
/\ status = [j1 |-> "DISPATCHED"]
/\ ovw = {}
/\ firstTerm = [j1 |-> None]
/\ ackAbort = [j1 |-> FALSE]
/\ sjRC = [j1 |-> 0]
/\ runAborted = [j1 |-> FALSE]

State 19: <MCCpStartLaunch(c1,"j1") line 144, col 28 to line 144, col 71 of module MC>
/\ cpAlive = (c1 :> TRUE)
/\ failAccepted = [j1 |-> FALSE]
/\ free = (c1 :> <<>>)
/\ using = (c1 :> [j1 |-> {}])
/\ cjAbortMsg = (c1 :> [j1 |-> 0])
/\ resv = (c1 :> {})
/\ fc = [ hb |-> 0,
  lose |-> 0,
  chkTO |-> 0,
  stTO |-> 0,
  depFail |-> 0,
  sjLaunchFail |-> 0,
  backoff |-> 0,
  sjError |-> 0,
  sjCrash |-> 0,
  cjError |-> 0,
  cjUnsafe |-> 0,
  cjDesc |-> 0,
  cpLaunchFail |-> 0,
  crash |-> 0,
  abort |-> 1,
  delete |-> 0,
  disable |-> 0,
  appMissing |-> 0 ]
/\ abortDropped = (c1 :> [j1 |-> FALSE])
/\ ackInWindow = [j1 |-> FALSE]
/\ nextAtt = 2
/\ endedEv = [j1 |-> FALSE]
/\ cjReg = ( c1 :>
      [ j1 |->
            [ st |-> "STARTING",
              attached |-> TRUE,
              pendAbort |-> FALSE,
              abortReq |-> FALSE ] ] )
/\ alloc = (c1 :> [j1 |-> {}])
/\ ackStop = [j1 |-> FALSE]
/\ cpc = [job |-> None, pc |-> "Idle"]
/\ termP = (c1 :> [j1 |-> 0])
/\ waiter = (c1 :> [j1 |-> TRUE])
/\ postAckLaunch = [j1 |-> FALSE]
/\ sessions = {c1}
/\ rp = [j1 |-> None]
/\ cst = (c1 :> [j1 |-> None])
/\ sj = [j1 |-> "Exited"]
/\ sweeper = [cl |-> None, pc |-> "Idle", snap |-> 0, blocking |-> FALSE]
/\ cjRC = (c1 :> [j1 |-> 0])
/\ startedEv = [j1 |-> FALSE]
/\ exeErrRec = [j1 |-> FALSE]
/\ launches = [j1 |-> 1]
/\ pending = [j1 |-> {c1}]
/\ sjAbortHandled = [j1 |-> FALSE]
/\ cjProc = (c1 :> [j1 |-> "Alive"])
/\ latchInStopWin = [j1 |-> FALSE]
/\ msgs = ( [ ok |-> FALSE,
    code |-> 0,
    flag |-> FALSE,
    type |-> "START_REP",
    job |-> "j1",
    cl |-> c1,
    att |-> 0 ] :>
      1 @@
  [ ok |-> FALSE,
    code |-> 0,
    flag |-> FALSE,
    type |-> "RUNSTATUS",
    job |-> "j1",
    cl |-> None,
    att |-> 0 ] :>
      1 )
/\ wfc = [j1 |-> FALSE]
/\ tagged = {}
/\ rmp = [j1 |-> 0]
/\ shared = [j1 |-> FALSE]
/\ disabled = {}
/\ sjErr = [j1 |-> FALSE]
/\ latched = [j1 |-> None]
/\ rpc = [ job |-> None,
  att |-> 1,
  pc |-> "StartWait",
  listed |-> {},
  queue |-> <<>>,
  cnt |-> [j1 |-> 1],
  chk |-> {},
  failed |-> <<>>,
  blocked |-> <<>>,
  fb |-> <<>>,
  ready |-> "j1",
  disp |-> {c1},
  dep |-> {c1},
  jid |-> TRUE,
  snap |-> None,
  sreq |-> {c1} ]
/\ exc = [j1 |-> None]
/\ runningJobs = {}
/\ failRunRec = [j1 |-> FALSE]
/\ startFailCause = [j1 |-> "none"]
/\ adm = [j1 |-> [pc |-> "AbortWrite", snap |-> "SUBMITTED"]]
/\ slots = {}
/\ termHb = (c1 :> [j1 |-> 0])
/\ grp = (c1 :> [j1 |-> FALSE])
/\ wfcStale = [j1 |-> None]
/\ pCount = [j1 |-> 1]
/\ status = [j1 |-> "DISPATCHED"]
/\ ovw = {}
/\ firstTerm = [j1 |-> None]
/\ ackAbort = [j1 |-> FALSE]
/\ sjRC = [j1 |-> 0]
/\ runAborted = [j1 |-> FALSE]

State 20: <MCRunnerStartCollect line 117, col 28 to line 117, col 70 of module MC>
/\ cpAlive = (c1 :> TRUE)
/\ failAccepted = [j1 |-> FALSE]
/\ free = (c1 :> <<>>)
/\ using = (c1 :> [j1 |-> {}])
/\ cjAbortMsg = (c1 :> [j1 |-> 0])
/\ resv = (c1 :> {})
/\ fc = [ hb |-> 0,
  lose |-> 0,
  chkTO |-> 0,
  stTO |-> 0,
  depFail |-> 0,
  sjLaunchFail |-> 0,
  backoff |-> 0,
  sjError |-> 0,
  sjCrash |-> 0,
  cjError |-> 0,
  cjUnsafe |-> 0,
  cjDesc |-> 0,
  cpLaunchFail |-> 0,
  crash |-> 0,
  abort |-> 1,
  delete |-> 0,
  disable |-> 0,
  appMissing |-> 0 ]
/\ abortDropped = (c1 :> [j1 |-> FALSE])
/\ ackInWindow = [j1 |-> FALSE]
/\ nextAtt = 2
/\ endedEv = [j1 |-> FALSE]
/\ cjReg = ( c1 :>
      [ j1 |->
            [ st |-> "STARTING",
              attached |-> TRUE,
              pendAbort |-> FALSE,
              abortReq |-> FALSE ] ] )
/\ alloc = (c1 :> [j1 |-> {}])
/\ ackStop = [j1 |-> FALSE]
/\ cpc = [job |-> None, pc |-> "Idle"]
/\ termP = (c1 :> [j1 |-> 0])
/\ waiter = (c1 :> [j1 |-> TRUE])
/\ postAckLaunch = [j1 |-> FALSE]
/\ sessions = {c1}
/\ rp = [j1 |-> None]
/\ cst = (c1 :> [j1 |-> None])
/\ sj = [j1 |-> "Exited"]
/\ sweeper = [cl |-> None, pc |-> "Idle", snap |-> 0, blocking |-> FALSE]
/\ cjRC = (c1 :> [j1 |-> 0])
/\ startedEv = [j1 |-> TRUE]
/\ exeErrRec = [j1 |-> FALSE]
/\ launches = [j1 |-> 1]
/\ pending = [j1 |-> {c1}]
/\ sjAbortHandled = [j1 |-> FALSE]
/\ cjProc = (c1 :> [j1 |-> "Alive"])
/\ latchInStopWin = [j1 |-> FALSE]
/\ msgs = ( [ ok |-> FALSE,
    code |-> 0,
    flag |-> FALSE,
    type |-> "RUNSTATUS",
    job |-> "j1",
    cl |-> None,
    att |-> 0 ] :>
      1 )
/\ wfc = [j1 |-> FALSE]
/\ tagged = {}
/\ rmp = [j1 |-> 0]
/\ shared = [j1 |-> FALSE]
/\ disabled = {}
/\ sjErr = [j1 |-> FALSE]
/\ latched = [j1 |-> None]
/\ rpc = [ job |-> None,
  att |-> 1,
  pc |-> "InsertRunning",
  listed |-> {},
  queue |-> <<>>,
  cnt |-> [j1 |-> 1],
  chk |-> {},
  failed |-> <<>>,
  blocked |-> <<>>,
  fb |-> <<>>,
  ready |-> "j1",
  disp |-> {c1},
  dep |-> {c1},
  jid |-> TRUE,
  snap |-> None,
  sreq |-> {c1} ]
/\ exc = [j1 |-> None]
/\ runningJobs = {}
/\ failRunRec = [j1 |-> FALSE]
/\ startFailCause = [j1 |-> "none"]
/\ adm = [j1 |-> [pc |-> "AbortWrite", snap |-> "SUBMITTED"]]
/\ slots = {"j1"}
/\ termHb = (c1 :> [j1 |-> 0])
/\ grp = (c1 :> [j1 |-> FALSE])
/\ wfcStale = [j1 |-> None]
/\ pCount = [j1 |-> 1]
/\ status = [j1 |-> "DISPATCHED"]
/\ ovw = {}
/\ firstTerm = [j1 |-> None]
/\ ackAbort = [j1 |-> FALSE]
/\ sjRC = [j1 |-> 0]
/\ runAborted = [j1 |-> FALSE]

State 21: <MCCjExit(c1,"j1",1,FALSE) line 82, col 5 to line 88, col 63 of module MC>
/\ cpAlive = (c1 :> TRUE)
/\ failAccepted = [j1 |-> FALSE]
/\ free = (c1 :> <<>>)
/\ using = (c1 :> [j1 |-> {}])
/\ cjAbortMsg = (c1 :> [j1 |-> 0])
/\ resv = (c1 :> {})
/\ fc = [ hb |-> 0,
  lose |-> 0,
  chkTO |-> 0,
  stTO |-> 0,
  depFail |-> 0,
  sjLaunchFail |-> 0,
  backoff |-> 0,
  sjError |-> 0,
  sjCrash |-> 0,
  cjError |-> 1,
  cjUnsafe |-> 0,
  cjDesc |-> 0,
  cpLaunchFail |-> 0,
  crash |-> 0,
  abort |-> 1,
  delete |-> 0,
  disable |-> 0,
  appMissing |-> 0 ]
/\ abortDropped = (c1 :> [j1 |-> FALSE])
/\ ackInWindow = [j1 |-> FALSE]
/\ nextAtt = 2
/\ endedEv = [j1 |-> FALSE]
/\ cjReg = ( c1 :>
      [ j1 |->
            [ st |-> "STARTING",
              attached |-> TRUE,
              pendAbort |-> FALSE,
              abortReq |-> FALSE ] ] )
/\ alloc = (c1 :> [j1 |-> {}])
/\ ackStop = [j1 |-> FALSE]
/\ cpc = [job |-> None, pc |-> "Idle"]
/\ termP = (c1 :> [j1 |-> 0])
/\ waiter = (c1 :> [j1 |-> TRUE])
/\ postAckLaunch = [j1 |-> FALSE]
/\ sessions = {c1}
/\ rp = [j1 |-> None]
/\ cst = (c1 :> [j1 |-> None])
/\ sj = [j1 |-> "Exited"]
/\ sweeper = [cl |-> None, pc |-> "Idle", snap |-> 0, blocking |-> FALSE]
/\ cjRC = (c1 :> [j1 |-> 1])
/\ startedEv = [j1 |-> TRUE]
/\ exeErrRec = [j1 |-> FALSE]
/\ launches = [j1 |-> 1]
/\ pending = [j1 |-> {c1}]
/\ sjAbortHandled = [j1 |-> FALSE]
/\ cjProc = (c1 :> [j1 |-> "Exited"])
/\ latchInStopWin = [j1 |-> FALSE]
/\ msgs = ( [ ok |-> FALSE,
    code |-> 0,
    flag |-> FALSE,
    type |-> "RUNSTATUS",
    job |-> "j1",
    cl |-> None,
    att |-> 0 ] :>
      1 )
/\ wfc = [j1 |-> FALSE]
/\ tagged = {}
/\ rmp = [j1 |-> 0]
/\ shared = [j1 |-> FALSE]
/\ disabled = {}
/\ sjErr = [j1 |-> FALSE]
/\ latched = [j1 |-> None]
/\ rpc = [ job |-> None,
  att |-> 1,
  pc |-> "InsertRunning",
  listed |-> {},
  queue |-> <<>>,
  cnt |-> [j1 |-> 1],
  chk |-> {},
  failed |-> <<>>,
  blocked |-> <<>>,
  fb |-> <<>>,
  ready |-> "j1",
  disp |-> {c1},
  dep |-> {c1},
  jid |-> TRUE,
  snap |-> None,
  sreq |-> {c1} ]
/\ exc = [j1 |-> None]
/\ runningJobs = {}
/\ failRunRec = [j1 |-> FALSE]
/\ startFailCause = [j1 |-> "none"]
/\ adm = [j1 |-> [pc |-> "AbortWrite", snap |-> "SUBMITTED"]]
/\ slots = {"j1"}
/\ termHb = (c1 :> [j1 |-> 0])
/\ grp = (c1 :> [j1 |-> FALSE])
/\ wfcStale = [j1 |-> None]
/\ pCount = [j1 |-> 1]
/\ status = [j1 |-> "DISPATCHED"]
/\ ovw = {}
/\ firstTerm = [j1 |-> None]
/\ ackAbort = [j1 |-> FALSE]
/\ sjRC = [j1 |-> 0]
/\ runAborted = [j1 |-> FALSE]

State 22: <MCCpChildFinished(c1,"j1") line 146, col 28 to line 146, col 73 of module MC>
/\ cpAlive = (c1 :> TRUE)
/\ failAccepted = [j1 |-> FALSE]
/\ free = (c1 :> <<>>)
/\ using = (c1 :> [j1 |-> {}])
/\ cjAbortMsg = (c1 :> [j1 |-> 0])
/\ resv = (c1 :> {})
/\ fc = [ hb |-> 0,
  lose |-> 0,
  chkTO |-> 0,
  stTO |-> 0,
  depFail |-> 0,
  sjLaunchFail |-> 0,
  backoff |-> 0,
  sjError |-> 0,
  sjCrash |-> 0,
  cjError |-> 1,
  cjUnsafe |-> 0,
  cjDesc |-> 0,
  cpLaunchFail |-> 0,
  crash |-> 0,
  abort |-> 1,
  delete |-> 0,
  disable |-> 0,
  appMissing |-> 0 ]
/\ abortDropped = (c1 :> [j1 |-> FALSE])
/\ ackInWindow = [j1 |-> FALSE]
/\ nextAtt = 2
/\ endedEv = [j1 |-> FALSE]
/\ cjReg = (c1 :> [j1 |-> None])
/\ alloc = (c1 :> [j1 |-> {}])
/\ ackStop = [j1 |-> FALSE]
/\ cpc = [job |-> None, pc |-> "Idle"]
/\ termP = (c1 :> [j1 |-> 0])
/\ waiter = (c1 :> [j1 |-> FALSE])
/\ postAckLaunch = [j1 |-> FALSE]
/\ sessions = {c1}
/\ rp = [j1 |-> None]
/\ cst = (c1 :> [j1 |-> None])
/\ sj = [j1 |-> "Exited"]
/\ sweeper = [cl |-> None, pc |-> "Idle", snap |-> 0, blocking |-> FALSE]
/\ cjRC = (c1 :> [j1 |-> 0])
/\ startedEv = [j1 |-> TRUE]
/\ exeErrRec = [j1 |-> FALSE]
/\ launches = [j1 |-> 1]
/\ pending = [j1 |-> {c1}]
/\ sjAbortHandled = [j1 |-> FALSE]
/\ cjProc = (c1 :> [j1 |-> "Exited"])
/\ latchInStopWin = [j1 |-> FALSE]
/\ msgs = ( [ ok |-> FALSE,
    code |-> 0,
    flag |-> FALSE,
    type |-> "RUNSTATUS",
    job |-> "j1",
    cl |-> None,
    att |-> 0 ] :>
      1 @@
  [ ok |-> FALSE,
    code |-> 104,
    flag |-> FALSE,
    type |-> "REPORT",
    job |-> "j1",
    cl |-> c1,
    att |-> 0 ] :>
      1 )
/\ wfc = [j1 |-> FALSE]
/\ tagged = {}
/\ rmp = [j1 |-> 0]
/\ shared = [j1 |-> FALSE]
/\ disabled = {}
/\ sjErr = [j1 |-> FALSE]
/\ latched = [j1 |-> None]
/\ rpc = [ job |-> None,
  att |-> 1,
  pc |-> "InsertRunning",
  listed |-> {},
  queue |-> <<>>,
  cnt |-> [j1 |-> 1],
  chk |-> {},
  failed |-> <<>>,
  blocked |-> <<>>,
  fb |-> <<>>,
  ready |-> "j1",
  disp |-> {c1},
  dep |-> {c1},
  jid |-> TRUE,
  snap |-> None,
  sreq |-> {c1} ]
/\ exc = [j1 |-> None]
/\ runningJobs = {}
/\ failRunRec = [j1 |-> FALSE]
/\ startFailCause = [j1 |-> "none"]
/\ adm = [j1 |-> [pc |-> "AbortWrite", snap |-> "SUBMITTED"]]
/\ slots = {"j1"}
/\ termHb = (c1 :> [j1 |-> 0])
/\ grp = (c1 :> [j1 |-> FALSE])
/\ wfcStale = [j1 |-> None]
/\ pCount = [j1 |-> 1]
/\ status = [j1 |-> "DISPATCHED"]
/\ ovw = {}
/\ firstTerm = [j1 |-> None]
/\ ackAbort = [j1 |-> FALSE]
/\ sjRC = [j1 |-> 0]
/\ runAborted = [j1 |-> FALSE]

State 23: <MsgProcessJobFailure line 154, col 31 to line 154, col 77 of module MC>
/\ cpAlive = (c1 :> TRUE)
/\ failAccepted = [j1 |-> TRUE]
/\ free = (c1 :> <<>>)
/\ using = (c1 :> [j1 |-> {}])
/\ cjAbortMsg = (c1 :> [j1 |-> 0])
/\ resv = (c1 :> {})
/\ fc = [ hb |-> 0,
  lose |-> 0,
  chkTO |-> 0,
  stTO |-> 0,
  depFail |-> 0,
  sjLaunchFail |-> 0,
  backoff |-> 0,
  sjError |-> 0,
  sjCrash |-> 0,
  cjError |-> 1,
  cjUnsafe |-> 0,
  cjDesc |-> 0,
  cpLaunchFail |-> 0,
  crash |-> 0,
  abort |-> 1,
  delete |-> 0,
  disable |-> 0,
  appMissing |-> 0 ]
/\ abortDropped = (c1 :> [j1 |-> FALSE])
/\ ackInWindow = [j1 |-> FALSE]
/\ nextAtt = 2
/\ endedEv = [j1 |-> FALSE]
/\ cjReg = (c1 :> [j1 |-> None])
/\ alloc = (c1 :> [j1 |-> {}])
/\ ackStop = [j1 |-> FALSE]
/\ cpc = [job |-> None, pc |-> "Idle"]
/\ termP = (c1 :> [j1 |-> 0])
/\ waiter = (c1 :> [j1 |-> FALSE])
/\ postAckLaunch = [j1 |-> FALSE]
/\ sessions = {c1}
/\ rp = [j1 |-> None]
/\ cst = (c1 :> [j1 |-> None])
/\ sj = [j1 |-> "Exited"]
/\ sweeper = [cl |-> None, pc |-> "Idle", snap |-> 0, blocking |-> FALSE]
/\ cjRC = (c1 :> [j1 |-> 0])
/\ startedEv = [j1 |-> TRUE]
/\ exeErrRec = [j1 |-> FALSE]
/\ launches = [j1 |-> 1]
/\ pending = [j1 |-> {}]
/\ sjAbortHandled = [j1 |-> FALSE]
/\ cjProc = (c1 :> [j1 |-> "Exited"])
/\ latchInStopWin = [j1 |-> FALSE]
/\ msgs = ( [ ok |-> FALSE,
    code |-> 0,
    flag |-> FALSE,
    type |-> "RUNSTATUS",
    job |-> "j1",
    cl |-> None,
    att |-> 0 ] :>
      1 )
/\ wfc = [j1 |-> FALSE]
/\ tagged = {}
/\ rmp = [j1 |-> 0]
/\ shared = [j1 |-> FALSE]
/\ disabled = {}
/\ sjErr = [j1 |-> FALSE]
/\ latched = [j1 |-> None]
/\ rpc = [ job |-> None,
  att |-> 1,
  pc |-> "InsertRunning",
  listed |-> {},
  queue |-> <<>>,
  cnt |-> [j1 |-> 1],
  chk |-> {},
  failed |-> <<>>,
  blocked |-> <<>>,
  fb |-> <<>>,
  ready |-> "j1",
  disp |-> {c1},
  dep |-> {c1},
  jid |-> TRUE,
  snap |-> None,
  sreq |-> {c1} ]
/\ exc = [j1 |-> None]
/\ runningJobs = {}
/\ failRunRec = [j1 |-> FALSE]
/\ startFailCause = [j1 |-> "none"]
/\ adm = [j1 |-> [pc |-> "AbortWrite", snap |-> "SUBMITTED"]]
/\ slots = {"j1"}
/\ termHb = (c1 :> [j1 |-> 0])
/\ grp = (c1 :> [j1 |-> FALSE])
/\ wfcStale = [j1 |-> None]
/\ pCount = [j1 |-> 1]
/\ status = [j1 |-> "DISPATCHED"]
/\ ovw = {}
/\ firstTerm = [j1 |-> None]
/\ ackAbort = [j1 |-> FALSE]
/\ sjRC = [j1 |-> 0]
/\ runAborted = [j1 |-> FALSE]

State 24: <MCRunnerInsertRunning line 118, col 28 to line 118, col 71 of module MC>
/\ cpAlive = (c1 :> TRUE)
/\ failAccepted = [j1 |-> TRUE]
/\ free = (c1 :> <<>>)
/\ using = (c1 :> [j1 |-> {}])
/\ cjAbortMsg = (c1 :> [j1 |-> 0])
/\ resv = (c1 :> {})
/\ fc = [ hb |-> 0,
  lose |-> 0,
  chkTO |-> 0,
  stTO |-> 0,
  depFail |-> 0,
  sjLaunchFail |-> 0,
  backoff |-> 0,
  sjError |-> 0,
  sjCrash |-> 0,
  cjError |-> 1,
  cjUnsafe |-> 0,
  cjDesc |-> 0,
  cpLaunchFail |-> 0,
  crash |-> 0,
  abort |-> 1,
  delete |-> 0,
  disable |-> 0,
  appMissing |-> 0 ]
/\ abortDropped = (c1 :> [j1 |-> FALSE])
/\ ackInWindow = [j1 |-> FALSE]
/\ nextAtt = 2
/\ endedEv = [j1 |-> FALSE]
/\ cjReg = (c1 :> [j1 |-> None])
/\ alloc = (c1 :> [j1 |-> {}])
/\ ackStop = [j1 |-> FALSE]
/\ cpc = [job |-> None, pc |-> "Idle"]
/\ termP = (c1 :> [j1 |-> 0])
/\ waiter = (c1 :> [j1 |-> FALSE])
/\ postAckLaunch = [j1 |-> FALSE]
/\ sessions = {c1}
/\ rp = [j1 |-> None]
/\ cst = (c1 :> [j1 |-> None])
/\ sj = [j1 |-> "Exited"]
/\ sweeper = [cl |-> None, pc |-> "Idle", snap |-> 0, blocking |-> FALSE]
/\ cjRC = (c1 :> [j1 |-> 0])
/\ startedEv = [j1 |-> TRUE]
/\ exeErrRec = [j1 |-> FALSE]
/\ launches = [j1 |-> 1]
/\ pending = [j1 |-> {}]
/\ sjAbortHandled = [j1 |-> FALSE]
/\ cjProc = (c1 :> [j1 |-> "Exited"])
/\ latchInStopWin = [j1 |-> FALSE]
/\ msgs = ( [ ok |-> FALSE,
    code |-> 0,
    flag |-> FALSE,
    type |-> "RUNSTATUS",
    job |-> "j1",
    cl |-> None,
    att |-> 0 ] :>
      1 )
/\ wfc = [j1 |-> FALSE]
/\ tagged = {}
/\ rmp = [j1 |-> 0]
/\ shared = [j1 |-> FALSE]
/\ disabled = {}
/\ sjErr = [j1 |-> FALSE]
/\ latched = [j1 |-> None]
/\ rpc = [ job |-> None,
  att |-> 1,
  pc |-> "SetRunning",
  listed |-> {},
  queue |-> <<>>,
  cnt |-> [j1 |-> 1],
  chk |-> {},
  failed |-> <<>>,
  blocked |-> <<>>,
  fb |-> <<>>,
  ready |-> "j1",
  disp |-> {c1},
  dep |-> {c1},
  jid |-> TRUE,
  snap |-> None,
  sreq |-> {c1} ]
/\ exc = [j1 |-> None]
/\ runningJobs = {"j1"}
/\ failRunRec = [j1 |-> FALSE]
/\ startFailCause = [j1 |-> "none"]
/\ adm = [j1 |-> [pc |-> "AbortWrite", snap |-> "SUBMITTED"]]
/\ slots = {"j1"}
/\ termHb = (c1 :> [j1 |-> 0])
/\ grp = (c1 :> [j1 |-> FALSE])
/\ wfcStale = [j1 |-> None]
/\ pCount = [j1 |-> 1]
/\ status = [j1 |-> "DISPATCHED"]
/\ ovw = {}
/\ firstTerm = [j1 |-> None]
/\ ackAbort = [j1 |-> FALSE]
/\ sjRC = [j1 |-> 0]
/\ runAborted = [j1 |-> FALSE]

State 25: <MCCmpFinalizeBegin("j1") line 123, col 28 to line 123, col 71 of module MC>
/\ cpAlive = (c1 :> TRUE)
/\ failAccepted = [j1 |-> TRUE]
/\ free = (c1 :> <<>>)
/\ using = (c1 :> [j1 |-> {}])
/\ cjAbortMsg = (c1 :> [j1 |-> 0])
/\ resv = (c1 :> {})
/\ fc = [ hb |-> 0,
  lose |-> 0,
  chkTO |-> 0,
  stTO |-> 0,
  depFail |-> 0,
  sjLaunchFail |-> 0,
  backoff |-> 0,
  sjError |-> 0,
  sjCrash |-> 0,
  cjError |-> 1,
  cjUnsafe |-> 0,
  cjDesc |-> 0,
  cpLaunchFail |-> 0,
  crash |-> 0,
  abort |-> 1,
  delete |-> 0,
  disable |-> 0,
  appMissing |-> 0 ]
/\ abortDropped = (c1 :> [j1 |-> FALSE])
/\ ackInWindow = [j1 |-> FALSE]
/\ nextAtt = 2
/\ endedEv = [j1 |-> FALSE]
/\ cjReg = (c1 :> [j1 |-> None])
/\ alloc = (c1 :> [j1 |-> {}])
/\ ackStop = [j1 |-> FALSE]
/\ cpc = [job |-> "j1", pc |-> "Publish"]
/\ termP = (c1 :> [j1 |-> 0])
/\ waiter = (c1 :> [j1 |-> FALSE])
/\ postAckLaunch = [j1 |-> FALSE]
/\ sessions = {c1}
/\ rp = [j1 |-> None]
/\ cst = (c1 :> [j1 |-> None])
/\ sj = [j1 |-> "Exited"]
/\ sweeper = [cl |-> None, pc |-> "Idle", snap |-> 0, blocking |-> FALSE]
/\ cjRC = (c1 :> [j1 |-> 0])
/\ startedEv = [j1 |-> TRUE]
/\ exeErrRec = [j1 |-> FALSE]
/\ launches = [j1 |-> 1]
/\ pending = [j1 |-> {}]
/\ sjAbortHandled = [j1 |-> FALSE]
/\ cjProc = (c1 :> [j1 |-> "Exited"])
/\ latchInStopWin = [j1 |-> FALSE]
/\ msgs = ( [ ok |-> FALSE,
    code |-> 0,
    flag |-> FALSE,
    type |-> "RUNSTATUS",
    job |-> "j1",
    cl |-> None,
    att |-> 0 ] :>
      1 )
/\ wfc = [j1 |-> FALSE]
/\ tagged = {}
/\ rmp = [j1 |-> 0]
/\ shared = [j1 |-> FALSE]
/\ disabled = {}
/\ sjErr = [j1 |-> FALSE]
/\ latched = [j1 |-> "FINISHED:COMPLETED"]
/\ rpc = [ job |-> None,
  att |-> 1,
  pc |-> "SetRunning",
  listed |-> {},
  queue |-> <<>>,
  cnt |-> [j1 |-> 1],
  chk |-> {},
  failed |-> <<>>,
  blocked |-> <<>>,
  fb |-> <<>>,
  ready |-> "j1",
  disp |-> {c1},
  dep |-> {c1},
  jid |-> TRUE,
  snap |-> None,
  sreq |-> {c1} ]
/\ exc = [j1 |-> None]
/\ runningJobs = {"j1"}
/\ failRunRec = [j1 |-> FALSE]
/\ startFailCause = [j1 |-> "none"]
/\ adm = [j1 |-> [pc |-> "AbortWrite", snap |-> "SUBMITTED"]]
/\ slots = {"j1"}
/\ termHb = (c1 :> [j1 |-> 0])
/\ grp = (c1 :> [j1 |-> FALSE])
/\ wfcStale = [j1 |-> None]
/\ pCount = [j1 |-> 1]
/\ status = [j1 |-> "DISPATCHED"]
/\ ovw = {}
/\ firstTerm = [j1 |-> None]
/\ ackAbort = [j1 |-> FALSE]
/\ sjRC = [j1 |-> 0]
/\ runAborted = [j1 |-> FALSE]

State 26: <MCCmpPublish line 125, col 28 to line 125, col 62 of module MC>
/\ cpAlive = (c1 :> TRUE)
/\ failAccepted = [j1 |-> TRUE]
/\ free = (c1 :> <<>>)
/\ using = (c1 :> [j1 |-> {}])
/\ cjAbortMsg = (c1 :> [j1 |-> 0])
/\ resv = (c1 :> {})
/\ fc = [ hb |-> 0,
  lose |-> 0,
  chkTO |-> 0,
  stTO |-> 0,
  depFail |-> 0,
  sjLaunchFail |-> 0,
  backoff |-> 0,
  sjError |-> 0,
  sjCrash |-> 0,
  cjError |-> 1,
  cjUnsafe |-> 0,
  cjDesc |-> 0,
  cpLaunchFail |-> 0,
  crash |-> 0,
  abort |-> 1,
  delete |-> 0,
  disable |-> 0,
  appMissing |-> 0 ]
/\ abortDropped = (c1 :> [j1 |-> FALSE])
/\ ackInWindow = [j1 |-> FALSE]
/\ nextAtt = 2
/\ endedEv = [j1 |-> FALSE]
/\ cjReg = (c1 :> [j1 |-> None])
/\ alloc = (c1 :> [j1 |-> {}])
/\ ackStop = [j1 |-> FALSE]
/\ cpc = [job |-> "j1", pc |-> "Remove"]
/\ termP = (c1 :> [j1 |-> 0])
/\ waiter = (c1 :> [j1 |-> FALSE])
/\ postAckLaunch = [j1 |-> FALSE]
/\ sessions = {c1}
/\ rp = [j1 |-> None]
/\ cst = (c1 :> [j1 |-> None])
/\ sj = [j1 |-> "Exited"]
/\ sweeper = [cl |-> None, pc |-> "Idle", snap |-> 0, blocking |-> FALSE]
/\ cjRC = (c1 :> [j1 |-> 0])
/\ startedEv = [j1 |-> TRUE]
/\ exeErrRec = [j1 |-> FALSE]
/\ launches = [j1 |-> 1]
/\ pending = [j1 |-> {}]
/\ sjAbortHandled = [j1 |-> FALSE]
/\ cjProc = (c1 :> [j1 |-> "Exited"])
/\ latchInStopWin = [j1 |-> FALSE]
/\ msgs = ( [ ok |-> FALSE,
    code |-> 0,
    flag |-> FALSE,
    type |-> "RUNSTATUS",
    job |-> "j1",
    cl |-> None,
    att |-> 0 ] :>
      1 )
/\ wfc = [j1 |-> FALSE]
/\ tagged = {}
/\ rmp = [j1 |-> 0]
/\ shared = [j1 |-> FALSE]
/\ disabled = {}
/\ sjErr = [j1 |-> FALSE]
/\ latched = [j1 |-> "FINISHED:COMPLETED"]
/\ rpc = [ job |-> None,
  att |-> 1,
  pc |-> "SetRunning",
  listed |-> {},
  queue |-> <<>>,
  cnt |-> [j1 |-> 1],
  chk |-> {},
  failed |-> <<>>,
  blocked |-> <<>>,
  fb |-> <<>>,
  ready |-> "j1",
  disp |-> {c1},
  dep |-> {c1},
  jid |-> TRUE,
  snap |-> None,
  sreq |-> {c1} ]
/\ exc = [j1 |-> None]
/\ runningJobs = {"j1"}
/\ failRunRec = [j1 |-> FALSE]
/\ startFailCause = [j1 |-> "none"]
/\ adm = [j1 |-> [pc |-> "AbortWrite", snap |-> "SUBMITTED"]]
/\ slots = {"j1"}
/\ termHb = (c1 :> [j1 |-> 0])
/\ grp = (c1 :> [j1 |-> FALSE])
/\ wfcStale = [j1 |-> None]
/\ pCount = [j1 |-> 1]
/\ status = [j1 |-> "FINISHED:COMPLETED"]
/\ ovw = {}
/\ firstTerm = [j1 |-> "FINISHED:COMPLETED"]
/\ ackAbort = [j1 |-> FALSE]
/\ sjRC = [j1 |-> 0]
/\ runAborted = [j1 |-> FALSE]

235128 states generated, 69129 distinct states found, 26239 states left on queue.
The depth of the complete state graph search is 26.
Checkpointing of run /home/experiment/tmp/tlc-states-bCcqMR/26-09-25-19-37-15.059
Checkpointing completed at (2026-09-25 19:37:18)
Finished in 03s at (2026-09-25 19:37:18)
Trace exploration spec path: ./MC_TTrace_1790365035.tla
