TLC2 Version 2026.09.23.154203 (rev: 4260e47)
Running breadth-first search Model-Checking with fp 61 and seed -2314302279052152026 with 8 workers on 16 cores with 11776MB heap and 18432MB offheap memory [pid: 1015979] (Linux 6.8.0-1044-azure amd64, Ubuntu 21.0.11 64bit, OffHeapDiskFPSet, DiskStateQueue).
Parsing file /home/experiment/runs/specula/nvflare-lite-full-opus55-20260925/full/run/nvflare-job/.specula-output/spec/MC.tla
Parsing file /home/experiment/runs/specula/nvflare-lite-full-opus55-20260925/full/run/nvflare-job/.specula-output/spec/base.tla
Parsing file /tmp/tlc-16166335856180091066/_TLCTrace.tla (jar:file:/home/experiment/repos/specula/lib/tla2tools.jar!/tla2sany/StandardModules/_TLCTrace.tla)
Parsing file /tmp/tlc-16166335856180091066/Integers.tla (jar:file:/home/experiment/repos/specula/lib/tla2tools.jar!/tla2sany/StandardModules/Integers.tla)
Parsing file /tmp/tlc-16166335856180091066/Sequences.tla (jar:file:/home/experiment/repos/specula/lib/tla2tools.jar!/tla2sany/StandardModules/Sequences.tla)
Parsing file /tmp/tlc-16166335856180091066/FiniteSets.tla (jar:file:/home/experiment/repos/specula/lib/tla2tools.jar!/tla2sany/StandardModules/FiniteSets.tla)
Parsing file /tmp/tlc-16166335856180091066/TLC.tla (jar:file:/home/experiment/repos/specula/lib/tla2tools.jar!/tla2sany/StandardModules/TLC.tla)
Parsing file /tmp/tlc-16166335856180091066/Naturals.tla (jar:file:/home/experiment/repos/specula/lib/tla2tools.jar!/tla2sany/StandardModules/Naturals.tla)
Parsing file /tmp/tlc-16166335856180091066/TLCExt.tla (jar:file:/home/experiment/repos/specula/lib/tla2tools.jar!/tla2sany/StandardModules/TLCExt.tla)
Semantic processing of module Naturals
Semantic processing of module Integers
Semantic processing of module Sequences
Semantic processing of module FiniteSets
Semantic processing of module TLC
Semantic processing of module base
Semantic processing of module TLCExt
Semantic processing of module _TLCTrace
Semantic processing of module MC
Linting of module base
Linting of module TLCExt
Linting of module _TLCTrace
Linting of module MC
Starting... (2026-09-25 19:01:27)
Warning: The set p@@q has been defined to be a symmetry set but contains less than two elements.
(Use the -nowarning option to disable this warning.)
Computing initial states...
Finished computing initial states: 1 distinct state generated at 2026-09-25 19:01:28.
Progress(23) at 2026-09-25 19:01:31: 219,417 states generated (219,417 s/min), 72,739 distinct states found (72,739 ds/min), 29,122 states left on queue.
Progress(30) at 2026-09-25 19:02:31: 10,827,850 states generated (10,608,433 s/min), 2,821,028 distinct states found (2,748,289 ds/min), 1,143,192 states left on queue.
Progress(31) at 2026-09-25 19:03:31: 21,490,439 states generated (10,662,589 s/min), 5,448,833 distinct states found (2,627,805 ds/min), 2,214,412 states left on queue.
Progress(32) at 2026-09-25 19:04:31: 32,315,527 states generated (10,825,088 s/min), 7,966,312 distinct states found (2,517,479 ds/min), 3,201,157 states left on queue.
Progress(32) at 2026-09-25 19:05:31: 42,238,445 states generated (9,922,918 s/min), 10,263,049 distinct states found (2,296,737 ds/min), 4,044,544 states left on queue.
Progress(33) at 2026-09-25 19:06:31: 52,654,202 states generated (10,415,757 s/min), 12,527,871 distinct states found (2,264,822 ds/min), 4,935,550 states left on queue.
Progress(33) at 2026-09-25 19:07:31: 62,504,201 states generated (9,849,999 s/min), 14,778,227 distinct states found (2,250,356 ds/min), 5,715,242 states left on queue.
Progress(33) at 2026-09-25 19:08:31: 72,663,778 states generated (10,159,577 s/min), 16,958,645 distinct states found (2,180,418 ds/min), 6,430,062 states left on queue.
Progress(33) at 2026-09-25 19:09:31: 83,511,086 states generated (10,847,308 s/min), 19,089,020 distinct states found (2,130,375 ds/min), 7,231,816 states left on queue.
Progress(34) at 2026-09-25 19:10:31: 93,412,675 states generated (9,901,589 s/min), 21,325,169 distinct states found (2,236,149 ds/min), 7,904,278 states left on queue.
Checkpointing of run /home/experiment/tmp/tlc-states-MCq9XX/26-09-25-19-01-27.641
Checkpointing completed at (2026-09-25 19:11:31)
Progress(34) at 2026-09-25 19:11:31: 103,720,278 states generated (10,307,603 s/min), 23,515,067 distinct states found (2,189,898 ds/min), 8,612,908 states left on queue.
Progress(34) at 2026-09-25 19:12:31: 113,968,663 states generated (10,248,385 s/min), 25,619,116 distinct states found (2,104,049 ds/min), 9,198,172 states left on queue.
Progress(34) at 2026-09-25 19:13:31: 124,911,343 states generated (10,942,680 s/min), 27,794,690 distinct states found (2,175,574 ds/min), 9,955,014 states left on queue.
Progress(34) at 2026-09-25 19:14:31: 136,148,429 states generated (11,237,086 s/min), 29,851,288 distinct states found (2,056,598 ds/min), 10,624,806 states left on queue.
Progress(35) at 2026-09-25 19:15:31: 146,343,397 states generated (10,194,968 s/min), 32,017,980 distinct states found (2,166,692 ds/min), 11,182,401 states left on queue.
Progress(35) at 2026-09-25 19:16:31: 156,475,111 states generated (10,131,714 s/min), 34,153,358 distinct states found (2,135,378 ds/min), 11,757,546 states left on queue.
Progress(35) at 2026-09-25 19:17:31: 166,956,570 states generated (10,481,459 s/min), 36,195,217 distinct states found (2,041,859 ds/min), 12,350,482 states left on queue.
Progress(35) at 2026-09-25 19:18:31: 177,257,941 states generated (10,301,371 s/min), 38,216,551 distinct states found (2,021,334 ds/min), 12,804,361 states left on queue.
Progress(35) at 2026-09-25 19:19:31: 187,988,836 states generated (10,730,895 s/min), 40,270,087 distinct states found (2,053,536 ds/min), 13,400,990 states left on queue.
Progress(35) at 2026-09-25 19:20:31: 198,865,086 states generated (10,876,250 s/min), 42,332,026 distinct states found (2,061,939 ds/min), 14,092,733 states left on queue.
Checkpointing of run /home/experiment/tmp/tlc-states-MCq9XX/26-09-25-19-01-27.641
Checkpointing completed at (2026-09-25 19:21:33)
Progress(35) at 2026-09-25 19:21:33: 210,501,853 states generated (11,636,767 s/min), 44,268,040 distinct states found (1,936,014 ds/min), 14,620,087 states left on queue.
Progress(36) at 2026-09-25 19:22:33: 220,825,573 states generated (10,323,720 s/min), 46,300,418 distinct states found (2,032,378 ds/min), 15,070,209 states left on queue.
Progress(36) at 2026-09-25 19:23:33: 230,702,343 states generated (9,876,770 s/min), 48,353,964 distinct states found (2,053,546 ds/min), 15,478,292 states left on queue.
Progress(36) at 2026-09-25 19:24:33: 240,987,062 states generated (10,284,719 s/min), 50,347,618 distinct states found (1,993,654 ds/min), 15,944,136 states left on queue.
Progress(36) at 2026-09-25 19:25:33: 251,556,879 states generated (10,569,817 s/min), 52,352,937 distinct states found (2,005,319 ds/min), 16,470,484 states left on queue.
Progress(36) at 2026-09-25 19:26:33: 262,059,081 states generated (10,502,202 s/min), 54,324,124 distinct states found (1,971,187 ds/min), 16,955,245 states left on queue.
Progress(36) at 2026-09-25 19:27:33: 272,481,770 states generated (10,422,689 s/min), 56,270,446 distinct states found (1,946,322 ds/min), 17,321,965 states left on queue.
Progress(36) at 2026-09-25 19:28:33: 283,502,252 states generated (11,020,482 s/min), 58,236,656 distinct states found (1,966,210 ds/min), 17,802,274 states left on queue.
Progress(36) at 2026-09-25 19:29:33: 294,458,032 states generated (10,955,780 s/min), 60,268,871 distinct states found (2,032,215 ds/min), 18,451,662 states left on queue.
Progress(36) at 2026-09-25 19:30:33: 305,823,584 states generated (11,365,552 s/min), 62,171,619 distinct states found (1,902,748 ds/min), 18,941,867 states left on queue.
