TLC2 Version 2026.09.23.154203 (rev: 4260e47)
Running breadth-first search Model-Checking with fp 116 and seed -3080524083260394958 with 8 workers on 16 cores with 11776MB heap and 18432MB offheap memory [pid: 1027572] (Linux 6.8.0-1044-azure amd64, Ubuntu 21.0.11 64bit, OffHeapDiskFPSet, DiskStateQueue).
Parsing file /home/experiment/runs/specula/nvflare-lite-full-opus55-20260925/full/run/nvflare-job/.specula-output/spec/MC.tla
Parsing file /home/experiment/runs/specula/nvflare-lite-full-opus55-20260925/full/run/nvflare-job/.specula-output/spec/base.tla
Parsing file /tmp/tlc-5921311519449149733/_TLCTrace.tla (jar:file:/home/experiment/repos/specula/lib/tla2tools.jar!/tla2sany/StandardModules/_TLCTrace.tla)
Parsing file /tmp/tlc-5921311519449149733/Integers.tla (jar:file:/home/experiment/repos/specula/lib/tla2tools.jar!/tla2sany/StandardModules/Integers.tla)
Parsing file /tmp/tlc-5921311519449149733/Sequences.tla (jar:file:/home/experiment/repos/specula/lib/tla2tools.jar!/tla2sany/StandardModules/Sequences.tla)
Parsing file /tmp/tlc-5921311519449149733/FiniteSets.tla (jar:file:/home/experiment/repos/specula/lib/tla2tools.jar!/tla2sany/StandardModules/FiniteSets.tla)
Parsing file /tmp/tlc-5921311519449149733/TLC.tla (jar:file:/home/experiment/repos/specula/lib/tla2tools.jar!/tla2sany/StandardModules/TLC.tla)
Parsing file /tmp/tlc-5921311519449149733/Naturals.tla (jar:file:/home/experiment/repos/specula/lib/tla2tools.jar!/tla2sany/StandardModules/Naturals.tla)
Parsing file /tmp/tlc-5921311519449149733/TLCExt.tla (jar:file:/home/experiment/repos/specula/lib/tla2tools.jar!/tla2sany/StandardModules/TLCExt.tla)
Semantic processing of module Naturals
Semantic processing of module Integers
Semantic processing of module Sequences
Semantic processing of module FiniteSets
Semantic processing of module TLC
Semantic processing of module base
Semantic processing of module TLCExt
Semantic processing of module _TLCTrace
Semantic processing of module MC
Linting of module base
Linting of module TLCExt
Linting of module _TLCTrace
Linting of module MC
Starting... (2026-09-25 19:04:18)
Warning: The set p@@q has been defined to be a symmetry set but contains less than two elements.
(Use the -nowarning option to disable this warning.)
Computing initial states...
Finished computing initial states: 1 distinct state generated at 2026-09-25 19:04:19.
Progress(24) at 2026-09-25 19:04:22: 245,112 states generated (245,112 s/min), 75,742 distinct states found (75,742 ds/min), 32,030 states left on queue.
Progress(31) at 2026-09-25 19:05:22: 10,184,245 states generated (9,939,133 s/min), 2,465,658 distinct states found (2,389,916 ds/min), 859,087 states left on queue.
Progress(33) at 2026-09-25 19:06:22: 20,454,429 states generated (10,270,184 s/min), 4,617,794 distinct states found (2,152,136 ds/min), 1,434,992 states left on queue.
Progress(34) at 2026-09-25 19:07:22: 30,723,777 states generated (10,269,348 s/min), 6,593,001 distinct states found (1,975,207 ds/min), 1,785,815 states left on queue.
Progress(35) at 2026-09-25 19:08:22: 41,317,253 states generated (10,593,476 s/min), 8,533,387 distinct states found (1,940,386 ds/min), 2,093,883 states left on queue.
Progress(35) at 2026-09-25 19:09:22: 51,987,811 states generated (10,670,558 s/min), 10,356,227 distinct states found (1,822,840 ds/min), 2,292,853 states left on queue.
Progress(36) at 2026-09-25 19:10:22: 62,381,013 states generated (10,393,202 s/min), 12,156,667 distinct states found (1,800,440 ds/min), 2,398,594 states left on queue.
Progress(37) at 2026-09-25 19:11:22: 72,881,026 states generated (10,500,013 s/min), 13,903,171 distinct states found (1,746,504 ds/min), 2,475,462 states left on queue.
Progress(38) at 2026-09-25 19:12:22: 83,610,543 states generated (10,729,517 s/min), 15,644,692 distinct states found (1,741,521 ds/min), 2,584,869 states left on queue.
Progress(38) at 2026-09-25 19:13:22: 94,023,357 states generated (10,412,814 s/min), 17,382,840 distinct states found (1,738,148 ds/min), 2,645,951 states left on queue.
Checkpointing of run /home/experiment/tmp/tlc-states-Uv1qrA/26-09-25-19-04-17.914
Checkpointing completed at (2026-09-25 19:14:22)
Progress(39) at 2026-09-25 19:14:22: 104,645,096 states generated (10,621,739 s/min), 19,143,143 distinct states found (1,760,303 ds/min), 2,739,680 states left on queue.
Progress(39) at 2026-09-25 19:15:22: 115,243,406 states generated (10,598,310 s/min), 20,799,149 distinct states found (1,656,006 ds/min), 2,789,444 states left on queue.
Progress(40) at 2026-09-25 19:16:22: 125,730,039 states generated (10,486,633 s/min), 22,624,104 distinct states found (1,824,955 ds/min), 2,930,590 states left on queue.
Progress(41) at 2026-09-25 19:17:22: 136,356,104 states generated (10,626,065 s/min), 24,347,611 distinct states found (1,723,507 ds/min), 3,041,714 states left on queue.
Progress(41) at 2026-09-25 19:18:22: 146,899,694 states generated (10,543,590 s/min), 26,233,509 distinct states found (1,885,898 ds/min), 3,311,676 states left on queue.
Progress(42) at 2026-09-25 19:19:22: 157,719,812 states generated (10,820,118 s/min), 28,077,585 distinct states found (1,844,076 ds/min), 3,582,557 states left on queue.
Progress(42) at 2026-09-25 19:20:22: 168,347,838 states generated (10,628,026 s/min), 30,045,678 distinct states found (1,968,093 ds/min), 3,999,072 states left on queue.
Progress(43) at 2026-09-25 19:21:22: 179,378,754 states generated (11,030,916 s/min), 31,914,820 distinct states found (1,869,142 ds/min), 4,335,232 states left on queue.
Progress(43) at 2026-09-25 19:22:22: 190,033,757 states generated (10,655,003 s/min), 34,098,570 distinct states found (2,183,750 ds/min), 5,145,489 states left on queue.
Progress(43) at 2026-09-25 19:23:22: 200,961,123 states generated (10,927,366 s/min), 36,091,925 distinct states found (1,993,355 ds/min), 5,664,333 states left on queue.
Checkpointing of run /home/experiment/tmp/tlc-states-Uv1qrA/26-09-25-19-04-17.914
Checkpointing completed at (2026-09-25 19:24:23)
Progress(44) at 2026-09-25 19:24:23: 212,274,910 states generated (11,313,787 s/min), 38,051,816 distinct states found (1,959,891 ds/min), 6,107,952 states left on queue.
Progress(44) at 2026-09-25 19:25:23: 223,230,884 states generated (10,955,974 s/min), 40,264,082 distinct states found (2,212,266 ds/min), 6,981,889 states left on queue.
Progress(44) at 2026-09-25 19:26:23: 234,157,449 states generated (10,926,565 s/min), 42,391,315 distinct states found (2,127,233 ds/min), 7,770,982 states left on queue.
Progress(44) at 2026-09-25 19:27:23: 245,042,128 states generated (10,884,679 s/min), 44,357,148 distinct states found (1,965,833 ds/min), 8,305,230 states left on queue.
Progress(44) at 2026-09-25 19:28:23: 256,405,120 states generated (11,362,992 s/min), 46,330,294 distinct states found (1,973,146 ds/min), 8,874,968 states left on queue.
Progress(45) at 2026-09-25 19:29:23: 267,361,737 states generated (10,956,617 s/min), 48,425,047 distinct states found (2,094,753 ds/min), 9,612,252 states left on queue.
Progress(45) at 2026-09-25 19:30:23: 278,125,777 states generated (10,764,040 s/min), 50,548,458 distinct states found (2,123,411 ds/min), 10,402,323 states left on queue.
Progress(45) at 2026-09-25 19:31:23: 288,998,680 states generated (10,872,903 s/min), 52,631,542 distinct states found (2,083,084 ds/min), 11,189,658 states left on queue.
Progress(45) at 2026-09-25 19:32:23: 300,199,906 states generated (11,201,226 s/min), 54,680,147 distinct states found (2,048,605 ds/min), 11,810,392 states left on queue.
Progress(45) at 2026-09-25 19:33:23: 311,217,083 states generated (11,017,177 s/min), 56,717,106 distinct states found (2,036,959 ds/min), 12,487,571 states left on queue.
