TLC2 Version 2026.09.23.154203 (rev: 4260e47)
Running breadth-first search Model-Checking with fp 37 and seed -1531371305831941107 with 8 workers on 16 cores with 7851MB heap and 8192MB offheap memory [pid: 1015051] (Linux 6.8.0-1044-azure amd64, Ubuntu 21.0.11 64bit, OffHeapDiskFPSet, DiskStateQueue).
Parsing file /home/experiment/runs/specula/nvflare-lite-full-opus55-20260925/full/run/nvflare-job/.specula-output/spec/MC.tla
Parsing file /home/experiment/runs/specula/nvflare-lite-full-opus55-20260925/full/run/nvflare-job/.specula-output/spec/base.tla
Parsing file /tmp/tlc-11840453010293303655/_TLCTrace.tla (jar:file:/home/experiment/repos/specula/lib/tla2tools.jar!/tla2sany/StandardModules/_TLCTrace.tla)
Parsing file /tmp/tlc-11840453010293303655/Integers.tla (jar:file:/home/experiment/repos/specula/lib/tla2tools.jar!/tla2sany/StandardModules/Integers.tla)
Parsing file /tmp/tlc-11840453010293303655/Sequences.tla (jar:file:/home/experiment/repos/specula/lib/tla2tools.jar!/tla2sany/StandardModules/Sequences.tla)
Parsing file /tmp/tlc-11840453010293303655/FiniteSets.tla (jar:file:/home/experiment/repos/specula/lib/tla2tools.jar!/tla2sany/StandardModules/FiniteSets.tla)
Parsing file /tmp/tlc-11840453010293303655/TLC.tla (jar:file:/home/experiment/repos/specula/lib/tla2tools.jar!/tla2sany/StandardModules/TLC.tla)
Parsing file /tmp/tlc-11840453010293303655/Naturals.tla (jar:file:/home/experiment/repos/specula/lib/tla2tools.jar!/tla2sany/StandardModules/Naturals.tla)
Parsing file /tmp/tlc-11840453010293303655/TLCExt.tla (jar:file:/home/experiment/repos/specula/lib/tla2tools.jar!/tla2sany/StandardModules/TLCExt.tla)
Semantic processing of module Naturals
Semantic processing of module Integers
Semantic processing of module Sequences
Semantic processing of module FiniteSets
Semantic processing of module TLC
Semantic processing of module base
Semantic processing of module TLCExt
Semantic processing of module _TLCTrace
Semantic processing of module MC
Linting of module base
Linting of module TLCExt
Linting of module _TLCTrace
Linting of module MC
Starting... (2026-09-25 19:00:55)
Warning: The set p@@q has been defined to be a symmetry set but contains less than two elements.
(Use the -nowarning option to disable this warning.)
Computing initial states...
Finished computing initial states: 1 distinct state generated at 2026-09-25 19:00:56.
Error: Invariant NoRefreshWriteOverwrite is violated.
Error: The behavior up to this point is:
State 1: <Initial predicate>
/\ cpAlive = (c1 :> TRUE)
/\ failAccepted = [j1 |-> FALSE, j2 |-> FALSE]
/\ free = (c1 :> (u1 :> 1))
/\ using = (c1 :> [j1 |-> {}, j2 |-> {}])
/\ cjAbortMsg = (c1 :> [j1 |-> 0, j2 |-> 0])
/\ resv = (c1 :> {})
/\ fc = [ hb |-> 0,
  lose |-> 0,
  chkTO |-> 0,
  stTO |-> 0,
  depFail |-> 0,
  sjLaunchFail |-> 0,
  backoff |-> 0,
  sjError |-> 0,
  sjCrash |-> 0,
  cjError |-> 0,
  cjUnsafe |-> 0,
  cjDesc |-> 0,
  cpLaunchFail |-> 0,
  crash |-> 0,
  abort |-> 0,
  delete |-> 0,
  disable |-> 0,
  appMissing |-> 0 ]
/\ abortDropped = (c1 :> [j1 |-> FALSE, j2 |-> FALSE])
/\ ackInWindow = [j1 |-> FALSE, j2 |-> FALSE]
/\ nextAtt = 1
/\ endedEv = [j1 |-> FALSE, j2 |-> FALSE]
/\ cjReg = (c1 :> [j1 |-> None, j2 |-> None])
/\ alloc = (c1 :> [j1 |-> {}, j2 |-> {}])
/\ ackStop = [j1 |-> FALSE, j2 |-> FALSE]
/\ cpc = [job |-> None, pc |-> "Idle"]
/\ termP = (c1 :> [j1 |-> 0, j2 |-> 0])
/\ waiter = (c1 :> [j1 |-> FALSE, j2 |-> FALSE])
/\ postAckLaunch = [j1 |-> FALSE, j2 |-> FALSE]
/\ sessions = {c1}
/\ rp = [j1 |-> None, j2 |-> None]
/\ cst = (c1 :> [j1 |-> None, j2 |-> None])
/\ sj = [j1 |-> "None", j2 |-> "None"]
/\ sweeper = [cl |-> None, pc |-> "Idle", snap |-> 0, blocking |-> FALSE]
/\ cjRC = (c1 :> [j1 |-> 0, j2 |-> 0])
/\ startedEv = [j1 |-> FALSE, j2 |-> FALSE]
/\ exeErrRec = [j1 |-> FALSE, j2 |-> FALSE]
/\ launches = [j1 |-> 0, j2 |-> 0]
/\ pending = [j1 |-> None, j2 |-> None]
/\ sjAbortHandled = [j1 |-> FALSE, j2 |-> FALSE]
/\ cjProc = (c1 :> [j1 |-> "None", j2 |-> "None"])
/\ msgs = <<>>
/\ wfc = [j1 |-> FALSE, j2 |-> FALSE]
/\ tagged = {}
/\ rmp = [j1 |-> 0, j2 |-> 0]
/\ shared = [j1 |-> FALSE, j2 |-> FALSE]
/\ disabled = {}
/\ sjErr = [j1 |-> FALSE, j2 |-> FALSE]
/\ latched = [j1 |-> None, j2 |-> None]
/\ rpc = [ job |-> None,
  att |-> 0,
  pc |-> "Scan",
  listed |-> {},
  queue |-> <<>>,
  cnt |-> [j1 |-> 0, j2 |-> 0],
  chk |-> {},
  failed |-> <<>>,
  blocked |-> <<>>,
  fb |-> <<>>,
  ready |-> None,
  disp |-> {},
  dep |-> {},
  jid |-> FALSE,
  snap |-> None,
  sreq |-> {} ]
/\ exc = [j1 |-> None, j2 |-> None]
/\ runningJobs = {}
/\ failRunRec = [j1 |-> FALSE, j2 |-> FALSE]
/\ startFailCause = [j1 |-> "none", j2 |-> "none"]
/\ adm = [j1 |-> [pc |-> "Idle", snap |-> None], j2 |-> [pc |-> "Idle", snap |-> None]]
/\ slots = {}
/\ termHb = (c1 :> [j1 |-> 0, j2 |-> 0])
/\ grp = (c1 :> [j1 |-> FALSE, j2 |-> FALSE])
/\ wfcStale = [j1 |-> None, j2 |-> None]
/\ pCount = [j1 |-> 0, j2 |-> 0]
/\ status = [j1 |-> "SUBMITTED", j2 |-> "SUBMITTED"]
/\ ovw = {}
/\ firstTerm = [j1 |-> None, j2 |-> None]
/\ ackAbort = [j1 |-> FALSE, j2 |-> FALSE]
/\ sjRC = [j1 |-> 0, j2 |-> 0]
/\ runAborted = [j1 |-> FALSE, j2 |-> FALSE]

State 2: <MCRunnerScanList line 102, col 28 to line 102, col 66 of module MC>
/\ cpAlive = (c1 :> TRUE)
/\ failAccepted = [j1 |-> FALSE, j2 |-> FALSE]
/\ free = (c1 :> (u1 :> 1))
/\ using = (c1 :> [j1 |-> {}, j2 |-> {}])
/\ cjAbortMsg = (c1 :> [j1 |-> 0, j2 |-> 0])
/\ resv = (c1 :> {})
/\ fc = [ hb |-> 0,
  lose |-> 0,
  chkTO |-> 0,
  stTO |-> 0,
  depFail |-> 0,
  sjLaunchFail |-> 0,
  backoff |-> 0,
  sjError |-> 0,
  sjCrash |-> 0,
  cjError |-> 0,
  cjUnsafe |-> 0,
  cjDesc |-> 0,
  cpLaunchFail |-> 0,
  crash |-> 0,
  abort |-> 0,
  delete |-> 0,
  disable |-> 0,
  appMissing |-> 0 ]
/\ abortDropped = (c1 :> [j1 |-> FALSE, j2 |-> FALSE])
/\ ackInWindow = [j1 |-> FALSE, j2 |-> FALSE]
/\ nextAtt = 1
/\ endedEv = [j1 |-> FALSE, j2 |-> FALSE]
/\ cjReg = (c1 :> [j1 |-> None, j2 |-> None])
/\ alloc = (c1 :> [j1 |-> {}, j2 |-> {}])
/\ ackStop = [j1 |-> FALSE, j2 |-> FALSE]
/\ cpc = [job |-> None, pc |-> "Idle"]
/\ termP = (c1 :> [j1 |-> 0, j2 |-> 0])
/\ waiter = (c1 :> [j1 |-> FALSE, j2 |-> FALSE])
/\ postAckLaunch = [j1 |-> FALSE, j2 |-> FALSE]
/\ sessions = {c1}
/\ rp = [j1 |-> None, j2 |-> None]
/\ cst = (c1 :> [j1 |-> None, j2 |-> None])
/\ sj = [j1 |-> "None", j2 |-> "None"]
/\ sweeper = [cl |-> None, pc |-> "Idle", snap |-> 0, blocking |-> FALSE]
/\ cjRC = (c1 :> [j1 |-> 0, j2 |-> 0])
/\ startedEv = [j1 |-> FALSE, j2 |-> FALSE]
/\ exeErrRec = [j1 |-> FALSE, j2 |-> FALSE]
/\ launches = [j1 |-> 0, j2 |-> 0]
/\ pending = [j1 |-> None, j2 |-> None]
/\ sjAbortHandled = [j1 |-> FALSE, j2 |-> FALSE]
/\ cjProc = (c1 :> [j1 |-> "None", j2 |-> "None"])
/\ msgs = <<>>
/\ wfc = [j1 |-> FALSE, j2 |-> FALSE]
/\ tagged = {}
/\ rmp = [j1 |-> 0, j2 |-> 0]
/\ shared = [j1 |-> FALSE, j2 |-> FALSE]
/\ disabled = {}
/\ sjErr = [j1 |-> FALSE, j2 |-> FALSE]
/\ latched = [j1 |-> None, j2 |-> None]
/\ rpc = [ job |-> None,
  att |-> 0,
  pc |-> "ScanRead",
  listed |-> {"j1", "j2"},
  queue |-> <<>>,
  cnt |-> [j1 |-> 0, j2 |-> 0],
  chk |-> {},
  failed |-> <<>>,
  blocked |-> <<>>,
  fb |-> <<>>,
  ready |-> None,
  disp |-> {},
  dep |-> {},
  jid |-> FALSE,
  snap |-> None,
  sreq |-> {} ]
/\ exc = [j1 |-> None, j2 |-> None]
/\ runningJobs = {}
/\ failRunRec = [j1 |-> FALSE, j2 |-> FALSE]
/\ startFailCause = [j1 |-> "none", j2 |-> "none"]
/\ adm = [j1 |-> [pc |-> "Idle", snap |-> None], j2 |-> [pc |-> "Idle", snap |-> None]]
/\ slots = {}
/\ termHb = (c1 :> [j1 |-> 0, j2 |-> 0])
/\ grp = (c1 :> [j1 |-> FALSE, j2 |-> FALSE])
/\ wfcStale = [j1 |-> None, j2 |-> None]
/\ pCount = [j1 |-> 0, j2 |-> 0]
/\ status = [j1 |-> "SUBMITTED", j2 |-> "SUBMITTED"]
/\ ovw = {}
/\ firstTerm = [j1 |-> None, j2 |-> None]
/\ ackAbort = [j1 |-> FALSE, j2 |-> FALSE]
/\ sjRC = [j1 |-> 0, j2 |-> 0]
/\ runAborted = [j1 |-> FALSE, j2 |-> FALSE]

State 3: <MCRunnerScanRead line 104, col 28 to line 104, col 66 of module MC>
/\ cpAlive = (c1 :> TRUE)
/\ failAccepted = [j1 |-> FALSE, j2 |-> FALSE]
/\ free = (c1 :> (u1 :> 1))
/\ using = (c1 :> [j1 |-> {}, j2 |-> {}])
/\ cjAbortMsg = (c1 :> [j1 |-> 0, j2 |-> 0])
/\ resv = (c1 :> {})
/\ fc = [ hb |-> 0,
  lose |-> 0,
  chkTO |-> 0,
  stTO |-> 0,
  depFail |-> 0,
  sjLaunchFail |-> 0,
  backoff |-> 0,
  sjError |-> 0,
  sjCrash |-> 0,
  cjError |-> 0,
  cjUnsafe |-> 0,
  cjDesc |-> 0,
  cpLaunchFail |-> 0,
  crash |-> 0,
  abort |-> 0,
  delete |-> 0,
  disable |-> 0,
  appMissing |-> 0 ]
/\ abortDropped = (c1 :> [j1 |-> FALSE, j2 |-> FALSE])
/\ ackInWindow = [j1 |-> FALSE, j2 |-> FALSE]
/\ nextAtt = 1
/\ endedEv = [j1 |-> FALSE, j2 |-> FALSE]
/\ cjReg = (c1 :> [j1 |-> None, j2 |-> None])
/\ alloc = (c1 :> [j1 |-> {}, j2 |-> {}])
/\ ackStop = [j1 |-> FALSE, j2 |-> FALSE]
/\ cpc = [job |-> None, pc |-> "Idle"]
/\ termP = (c1 :> [j1 |-> 0, j2 |-> 0])
/\ waiter = (c1 :> [j1 |-> FALSE, j2 |-> FALSE])
/\ postAckLaunch = [j1 |-> FALSE, j2 |-> FALSE]
/\ sessions = {c1}
/\ rp = [j1 |-> None, j2 |-> None]
/\ cst = (c1 :> [j1 |-> None, j2 |-> None])
/\ sj = [j1 |-> "None", j2 |-> "None"]
/\ sweeper = [cl |-> None, pc |-> "Idle", snap |-> 0, blocking |-> FALSE]
/\ cjRC = (c1 :> [j1 |-> 0, j2 |-> 0])
/\ startedEv = [j1 |-> FALSE, j2 |-> FALSE]
/\ exeErrRec = [j1 |-> FALSE, j2 |-> FALSE]
/\ launches = [j1 |-> 0, j2 |-> 0]
/\ pending = [j1 |-> None, j2 |-> None]
/\ sjAbortHandled = [j1 |-> FALSE, j2 |-> FALSE]
/\ cjProc = (c1 :> [j1 |-> "None", j2 |-> "None"])
/\ msgs = <<>>
/\ wfc = [j1 |-> FALSE, j2 |-> FALSE]
/\ tagged = {}
/\ rmp = [j1 |-> 0, j2 |-> 0]
/\ shared = [j1 |-> FALSE, j2 |-> FALSE]
/\ disabled = {}
/\ sjErr = [j1 |-> FALSE, j2 |-> FALSE]
/\ latched = [j1 |-> None, j2 |-> None]
/\ rpc = [ job |-> None,
  att |-> 0,
  pc |-> "TryNext",
  listed |-> {},
  queue |-> <<"j1", "j2">>,
  cnt |-> [j1 |-> 0, j2 |-> 0],
  chk |-> {},
  failed |-> <<>>,
  blocked |-> <<>>,
  fb |-> <<>>,
  ready |-> None,
  disp |-> {},
  dep |-> {},
  jid |-> FALSE,
  snap |-> None,
  sreq |-> {} ]
/\ exc = [j1 |-> None, j2 |-> None]
/\ runningJobs = {}
/\ failRunRec = [j1 |-> FALSE, j2 |-> FALSE]
/\ startFailCause = [j1 |-> "none", j2 |-> "none"]
/\ adm = [j1 |-> [pc |-> "Idle", snap |-> None], j2 |-> [pc |-> "Idle", snap |-> None]]
/\ slots = {}
/\ termHb = (c1 :> [j1 |-> 0, j2 |-> 0])
/\ grp = (c1 :> [j1 |-> FALSE, j2 |-> FALSE])
/\ wfcStale = [j1 |-> None, j2 |-> None]
/\ pCount = [j1 |-> 0, j2 |-> 0]
/\ status = [j1 |-> "SUBMITTED", j2 |-> "SUBMITTED"]
/\ ovw = {}
/\ firstTerm = [j1 |-> None, j2 |-> None]
/\ ackAbort = [j1 |-> FALSE, j2 |-> FALSE]
/\ sjRC = [j1 |-> 0, j2 |-> 0]
/\ runAborted = [j1 |-> FALSE, j2 |-> FALSE]

State 4: <MCRunnerTryNext line 105, col 28 to line 105, col 65 of module MC>
/\ cpAlive = (c1 :> TRUE)
/\ failAccepted = [j1 |-> FALSE, j2 |-> FALSE]
/\ free = (c1 :> (u1 :> 1))
/\ using = (c1 :> [j1 |-> {}, j2 |-> {}])
/\ cjAbortMsg = (c1 :> [j1 |-> 0, j2 |-> 0])
/\ resv = (c1 :> {})
/\ fc = [ hb |-> 0,
  lose |-> 0,
  chkTO |-> 0,
  stTO |-> 0,
  depFail |-> 0,
  sjLaunchFail |-> 0,
  backoff |-> 0,
  sjError |-> 0,
  sjCrash |-> 0,
  cjError |-> 0,
  cjUnsafe |-> 0,
  cjDesc |-> 0,
  cpLaunchFail |-> 0,
  crash |-> 0,
  abort |-> 0,
  delete |-> 0,
  disable |-> 0,
  appMissing |-> 0 ]
/\ abortDropped = (c1 :> [j1 |-> FALSE, j2 |-> FALSE])
/\ ackInWindow = [j1 |-> FALSE, j2 |-> FALSE]
/\ nextAtt = 2
/\ endedEv = [j1 |-> FALSE, j2 |-> FALSE]
/\ cjReg = (c1 :> [j1 |-> None, j2 |-> None])
/\ alloc = (c1 :> [j1 |-> {}, j2 |-> {}])
/\ ackStop = [j1 |-> FALSE, j2 |-> FALSE]
/\ cpc = [job |-> None, pc |-> "Idle"]
/\ termP = (c1 :> [j1 |-> 0, j2 |-> 0])
/\ waiter = (c1 :> [j1 |-> FALSE, j2 |-> FALSE])
/\ postAckLaunch = [j1 |-> FALSE, j2 |-> FALSE]
/\ sessions = {c1}
/\ rp = [j1 |-> None, j2 |-> None]
/\ cst = (c1 :> [j1 |-> None, j2 |-> None])
/\ sj = [j1 |-> "None", j2 |-> "None"]
/\ sweeper = [cl |-> None, pc |-> "Idle", snap |-> 0, blocking |-> FALSE]
/\ cjRC = (c1 :> [j1 |-> 0, j2 |-> 0])
/\ startedEv = [j1 |-> FALSE, j2 |-> FALSE]
/\ exeErrRec = [j1 |-> FALSE, j2 |-> FALSE]
/\ launches = [j1 |-> 0, j2 |-> 0]
/\ pending = [j1 |-> None, j2 |-> None]
/\ sjAbortHandled = [j1 |-> FALSE, j2 |-> FALSE]
/\ cjProc = (c1 :> [j1 |-> "None", j2 |-> "None"])
/\ msgs = ( [ ok |-> FALSE,
    code |-> 0,
    flag |-> FALSE,
    type |-> "CHECK",
    job |-> "j1",
    cl |-> c1,
    att |-> 1 ] :>
      1 )
/\ wfc = [j1 |-> FALSE, j2 |-> FALSE]
/\ tagged = {}
/\ rmp = [j1 |-> 0, j2 |-> 0]
/\ shared = [j1 |-> FALSE, j2 |-> FALSE]
/\ disabled = {}
/\ sjErr = [j1 |-> FALSE, j2 |-> FALSE]
/\ latched = [j1 |-> None, j2 |-> None]
/\ rpc = [ job |-> "j1",
  att |-> 1,
  pc |-> "CheckWait",
  listed |-> {},
  queue |-> <<"j2">>,
  cnt |-> [j1 |-> 0, j2 |-> 0],
  chk |-> {c1},
  failed |-> <<>>,
  blocked |-> <<>>,
  fb |-> <<>>,
  ready |-> None,
  disp |-> {},
  dep |-> {},
  jid |-> FALSE,
  snap |-> None,
  sreq |-> {} ]
/\ exc = [j1 |-> None, j2 |-> None]
/\ runningJobs = {}
/\ failRunRec = [j1 |-> FALSE, j2 |-> FALSE]
/\ startFailCause = [j1 |-> "none", j2 |-> "none"]
/\ adm = [j1 |-> [pc |-> "Idle", snap |-> None], j2 |-> [pc |-> "Idle", snap |-> None]]
/\ slots = {}
/\ termHb = (c1 :> [j1 |-> 0, j2 |-> 0])
/\ grp = (c1 :> [j1 |-> FALSE, j2 |-> FALSE])
/\ wfcStale = [j1 |-> None, j2 |-> None]
/\ pCount = [j1 |-> 0, j2 |-> 0]
/\ status = [j1 |-> "SUBMITTED", j2 |-> "SUBMITTED"]
/\ ovw = {}
/\ firstTerm = [j1 |-> None, j2 |-> None]
/\ ackAbort = [j1 |-> FALSE, j2 |-> FALSE]
/\ sjRC = [j1 |-> 0, j2 |-> 0]
/\ runAborted = [j1 |-> FALSE, j2 |-> FALSE]

State 5: <MsgCheckResource line 156, col 31 to line 156, col 73 of module MC>
/\ cpAlive = (c1 :> TRUE)
/\ failAccepted = [j1 |-> FALSE, j2 |-> FALSE]
/\ free = (c1 :> (u1 :> 0))
/\ using = (c1 :> [j1 |-> {}, j2 |-> {}])
/\ cjAbortMsg = (c1 :> [j1 |-> 0, j2 |-> 0])
/\ resv = (c1 :> {[job |-> "j1", tok |-> 1, units |-> {u1}, ttl |-> 1]})
/\ fc = [ hb |-> 0,
  lose |-> 0,
  chkTO |-> 0,
  stTO |-> 0,
  depFail |-> 0,
  sjLaunchFail |-> 0,
  backoff |-> 0,
  sjError |-> 0,
  sjCrash |-> 0,
  cjError |-> 0,
  cjUnsafe |-> 0,
  cjDesc |-> 0,
  cpLaunchFail |-> 0,
  crash |-> 0,
  abort |-> 0,
  delete |-> 0,
  disable |-> 0,
  appMissing |-> 0 ]
/\ abortDropped = (c1 :> [j1 |-> FALSE, j2 |-> FALSE])
/\ ackInWindow = [j1 |-> FALSE, j2 |-> FALSE]
/\ nextAtt = 2
/\ endedEv = [j1 |-> FALSE, j2 |-> FALSE]
/\ cjReg = (c1 :> [j1 |-> None, j2 |-> None])
/\ alloc = (c1 :> [j1 |-> {}, j2 |-> {}])
/\ ackStop = [j1 |-> FALSE, j2 |-> FALSE]
/\ cpc = [job |-> None, pc |-> "Idle"]
/\ termP = (c1 :> [j1 |-> 0, j2 |-> 0])
/\ waiter = (c1 :> [j1 |-> FALSE, j2 |-> FALSE])
/\ postAckLaunch = [j1 |-> FALSE, j2 |-> FALSE]
/\ sessions = {c1}
/\ rp = [j1 |-> None, j2 |-> None]
/\ cst = (c1 :> [j1 |-> None, j2 |-> None])
/\ sj = [j1 |-> "None", j2 |-> "None"]
/\ sweeper = [cl |-> None, pc |-> "Idle", snap |-> 0, blocking |-> FALSE]
/\ cjRC = (c1 :> [j1 |-> 0, j2 |-> 0])
/\ startedEv = [j1 |-> FALSE, j2 |-> FALSE]
/\ exeErrRec = [j1 |-> FALSE, j2 |-> FALSE]
/\ launches = [j1 |-> 0, j2 |-> 0]
/\ pending = [j1 |-> None, j2 |-> None]
/\ sjAbortHandled = [j1 |-> FALSE, j2 |-> FALSE]
/\ cjProc = (c1 :> [j1 |-> "None", j2 |-> "None"])
/\ msgs = ( [ ok |-> TRUE,
    code |-> 0,
    flag |-> FALSE,
    type |-> "CHECK_REP",
    job |-> "j1",
    cl |-> c1,
    att |-> 1 ] :>
      1 )
/\ wfc = [j1 |-> FALSE, j2 |-> FALSE]
/\ tagged = {}
/\ rmp = [j1 |-> 0, j2 |-> 0]
/\ shared = [j1 |-> FALSE, j2 |-> FALSE]
/\ disabled = {}
/\ sjErr = [j1 |-> FALSE, j2 |-> FALSE]
/\ latched = [j1 |-> None, j2 |-> None]
/\ rpc = [ job |-> "j1",
  att |-> 1,
  pc |-> "CheckWait",
  listed |-> {},
  queue |-> <<"j2">>,
  cnt |-> [j1 |-> 0, j2 |-> 0],
  chk |-> {c1},
  failed |-> <<>>,
  blocked |-> <<>>,
  fb |-> <<>>,
  ready |-> None,
  disp |-> {},
  dep |-> {},
  jid |-> FALSE,
  snap |-> None,
  sreq |-> {} ]
/\ exc = [j1 |-> None, j2 |-> None]
/\ runningJobs = {}
/\ failRunRec = [j1 |-> FALSE, j2 |-> FALSE]
/\ startFailCause = [j1 |-> "none", j2 |-> "none"]
/\ adm = [j1 |-> [pc |-> "Idle", snap |-> None], j2 |-> [pc |-> "Idle", snap |-> None]]
/\ slots = {}
/\ termHb = (c1 :> [j1 |-> 0, j2 |-> 0])
/\ grp = (c1 :> [j1 |-> FALSE, j2 |-> FALSE])
/\ wfcStale = [j1 |-> None, j2 |-> None]
/\ pCount = [j1 |-> 0, j2 |-> 0]
/\ status = [j1 |-> "SUBMITTED", j2 |-> "SUBMITTED"]
/\ ovw = {}
/\ firstTerm = [j1 |-> None, j2 |-> None]
/\ ackAbort = [j1 |-> FALSE, j2 |-> FALSE]
/\ sjRC = [j1 |-> 0, j2 |-> 0]
/\ runAborted = [j1 |-> FALSE, j2 |-> FALSE]

State 6: <MCRunnerCheckCollect line 107, col 28 to line 107, col 70 of module MC>
/\ cpAlive = (c1 :> TRUE)
/\ failAccepted = [j1 |-> FALSE, j2 |-> FALSE]
/\ free = (c1 :> (u1 :> 0))
/\ using = (c1 :> [j1 |-> {}, j2 |-> {}])
/\ cjAbortMsg = (c1 :> [j1 |-> 0, j2 |-> 0])
/\ resv = (c1 :> {[job |-> "j1", tok |-> 1, units |-> {u1}, ttl |-> 1]})
/\ fc = [ hb |-> 0,
  lose |-> 0,
  chkTO |-> 0,
  stTO |-> 0,
  depFail |-> 0,
  sjLaunchFail |-> 0,
  backoff |-> 0,
  sjError |-> 0,
  sjCrash |-> 0,
  cjError |-> 0,
  cjUnsafe |-> 0,
  cjDesc |-> 0,
  cpLaunchFail |-> 0,
  crash |-> 0,
  abort |-> 0,
  delete |-> 0,
  disable |-> 0,
  appMissing |-> 0 ]
/\ abortDropped = (c1 :> [j1 |-> FALSE, j2 |-> FALSE])
/\ ackInWindow = [j1 |-> FALSE, j2 |-> FALSE]
/\ nextAtt = 2
/\ endedEv = [j1 |-> FALSE, j2 |-> FALSE]
/\ cjReg = (c1 :> [j1 |-> None, j2 |-> None])
/\ alloc = (c1 :> [j1 |-> {}, j2 |-> {}])
/\ ackStop = [j1 |-> FALSE, j2 |-> FALSE]
/\ cpc = [job |-> None, pc |-> "Idle"]
/\ termP = (c1 :> [j1 |-> 0, j2 |-> 0])
/\ waiter = (c1 :> [j1 |-> FALSE, j2 |-> FALSE])
/\ postAckLaunch = [j1 |-> FALSE, j2 |-> FALSE]
/\ sessions = {c1}
/\ rp = [j1 |-> None, j2 |-> None]
/\ cst = (c1 :> [j1 |-> None, j2 |-> None])
/\ sj = [j1 |-> "None", j2 |-> "None"]
/\ sweeper = [cl |-> None, pc |-> "Idle", snap |-> 0, blocking |-> FALSE]
/\ cjRC = (c1 :> [j1 |-> 0, j2 |-> 0])
/\ startedEv = [j1 |-> FALSE, j2 |-> FALSE]
/\ exeErrRec = [j1 |-> FALSE, j2 |-> FALSE]
/\ launches = [j1 |-> 0, j2 |-> 0]
/\ pending = [j1 |-> None, j2 |-> None]
/\ sjAbortHandled = [j1 |-> FALSE, j2 |-> FALSE]
/\ cjProc = (c1 :> [j1 |-> "None", j2 |-> "None"])
/\ msgs = <<>>
/\ wfc = [j1 |-> FALSE, j2 |-> FALSE]
/\ tagged = {}
/\ rmp = [j1 |-> 0, j2 |-> 0]
/\ shared = [j1 |-> FALSE, j2 |-> FALSE]
/\ disabled = {}
/\ sjErr = [j1 |-> FALSE, j2 |-> FALSE]
/\ latched = [j1 |-> None, j2 |-> None]
/\ rpc = [ job |-> None,
  att |-> 1,
  pc |-> "ChkSubmitted",
  listed |-> {},
  queue |-> <<>>,
  cnt |-> [j1 |-> 1, j2 |-> 0],
  chk |-> {},
  failed |-> <<>>,
  blocked |-> <<>>,
  fb |-> <<>>,
  ready |-> "j1",
  disp |-> {c1},
  dep |-> {},
  jid |-> FALSE,
  snap |-> None,
  sreq |-> {} ]
/\ exc = [j1 |-> None, j2 |-> None]
/\ runningJobs = {}
/\ failRunRec = [j1 |-> FALSE, j2 |-> FALSE]
/\ startFailCause = [j1 |-> "none", j2 |-> "none"]
/\ adm = [j1 |-> [pc |-> "Idle", snap |-> None], j2 |-> [pc |-> "Idle", snap |-> None]]
/\ slots = {}
/\ termHb = (c1 :> [j1 |-> 0, j2 |-> 0])
/\ grp = (c1 :> [j1 |-> FALSE, j2 |-> FALSE])
/\ wfcStale = [j1 |-> None, j2 |-> None]
/\ pCount = [j1 |-> 0, j2 |-> 0]
/\ status = [j1 |-> "SUBMITTED", j2 |-> "SUBMITTED"]
/\ ovw = {}
/\ firstTerm = [j1 |-> None, j2 |-> None]
/\ ackAbort = [j1 |-> FALSE, j2 |-> FALSE]
/\ sjRC = [j1 |-> 0, j2 |-> 0]
/\ runAborted = [j1 |-> FALSE, j2 |-> FALSE]

State 7: <MCRunnerCheckSubmitted line 111, col 28 to line 111, col 72 of module MC>
/\ cpAlive = (c1 :> TRUE)
/\ failAccepted = [j1 |-> FALSE, j2 |-> FALSE]
/\ free = (c1 :> (u1 :> 0))
/\ using = (c1 :> [j1 |-> {}, j2 |-> {}])
/\ cjAbortMsg = (c1 :> [j1 |-> 0, j2 |-> 0])
/\ resv = (c1 :> {[job |-> "j1", tok |-> 1, units |-> {u1}, ttl |-> 1]})
/\ fc = [ hb |-> 0,
  lose |-> 0,
  chkTO |-> 0,
  stTO |-> 0,
  depFail |-> 0,
  sjLaunchFail |-> 0,
  backoff |-> 0,
  sjError |-> 0,
  sjCrash |-> 0,
  cjError |-> 0,
  cjUnsafe |-> 0,
  cjDesc |-> 0,
  cpLaunchFail |-> 0,
  crash |-> 0,
  abort |-> 0,
  delete |-> 0,
  disable |-> 0,
  appMissing |-> 0 ]
/\ abortDropped = (c1 :> [j1 |-> FALSE, j2 |-> FALSE])
/\ ackInWindow = [j1 |-> FALSE, j2 |-> FALSE]
/\ nextAtt = 2
/\ endedEv = [j1 |-> FALSE, j2 |-> FALSE]
/\ cjReg = (c1 :> [j1 |-> None, j2 |-> None])
/\ alloc = (c1 :> [j1 |-> {}, j2 |-> {}])
/\ ackStop = [j1 |-> FALSE, j2 |-> FALSE]
/\ cpc = [job |-> None, pc |-> "Idle"]
/\ termP = (c1 :> [j1 |-> 0, j2 |-> 0])
/\ waiter = (c1 :> [j1 |-> FALSE, j2 |-> FALSE])
/\ postAckLaunch = [j1 |-> FALSE, j2 |-> FALSE]
/\ sessions = {c1}
/\ rp = [j1 |-> None, j2 |-> None]
/\ cst = (c1 :> [j1 |-> None, j2 |-> None])
/\ sj = [j1 |-> "None", j2 |-> "None"]
/\ sweeper = [cl |-> None, pc |-> "Idle", snap |-> 0, blocking |-> FALSE]
/\ cjRC = (c1 :> [j1 |-> 0, j2 |-> 0])
/\ startedEv = [j1 |-> FALSE, j2 |-> FALSE]
/\ exeErrRec = [j1 |-> FALSE, j2 |-> FALSE]
/\ launches = [j1 |-> 0, j2 |-> 0]
/\ pending = [j1 |-> None, j2 |-> None]
/\ sjAbortHandled = [j1 |-> FALSE, j2 |-> FALSE]
/\ cjProc = (c1 :> [j1 |-> "None", j2 |-> "None"])
/\ msgs = <<>>
/\ wfc = [j1 |-> FALSE, j2 |-> FALSE]
/\ tagged = {}
/\ rmp = [j1 |-> 0, j2 |-> 0]
/\ shared = [j1 |-> FALSE, j2 |-> FALSE]
/\ disabled = {}
/\ sjErr = [j1 |-> FALSE, j2 |-> FALSE]
/\ latched = [j1 |-> None, j2 |-> None]
/\ rpc = [ job |-> None,
  att |-> 1,
  pc |-> "Deploy",
  listed |-> {},
  queue |-> <<>>,
  cnt |-> [j1 |-> 1, j2 |-> 0],
  chk |-> {},
  failed |-> <<>>,
  blocked |-> <<>>,
  fb |-> <<>>,
  ready |-> "j1",
  disp |-> {c1},
  dep |-> {},
  jid |-> FALSE,
  snap |-> None,
  sreq |-> {} ]
/\ exc = [j1 |-> None, j2 |-> None]
/\ runningJobs = {}
/\ failRunRec = [j1 |-> FALSE, j2 |-> FALSE]
/\ startFailCause = [j1 |-> "none", j2 |-> "none"]
/\ adm = [j1 |-> [pc |-> "Idle", snap |-> None], j2 |-> [pc |-> "Idle", snap |-> None]]
/\ slots = {}
/\ termHb = (c1 :> [j1 |-> 0, j2 |-> 0])
/\ grp = (c1 :> [j1 |-> FALSE, j2 |-> FALSE])
/\ wfcStale = [j1 |-> None, j2 |-> None]
/\ pCount = [j1 |-> 0, j2 |-> 0]
/\ status = [j1 |-> "SUBMITTED", j2 |-> "SUBMITTED"]
/\ ovw = {}
/\ firstTerm = [j1 |-> None, j2 |-> None]
/\ ackAbort = [j1 |-> FALSE, j2 |-> FALSE]
/\ sjRC = [j1 |-> 0, j2 |-> 0]
/\ runAborted = [j1 |-> FALSE, j2 |-> FALSE]

State 8: <MCRunnerDeployJob({}) line 69, col 5 to line 71, col 83 of module MC>
/\ cpAlive = (c1 :> TRUE)
/\ failAccepted = [j1 |-> FALSE, j2 |-> FALSE]
/\ free = (c1 :> (u1 :> 0))
/\ using = (c1 :> [j1 |-> {}, j2 |-> {}])
/\ cjAbortMsg = (c1 :> [j1 |-> 0, j2 |-> 0])
/\ resv = (c1 :> {[job |-> "j1", tok |-> 1, units |-> {u1}, ttl |-> 1]})
/\ fc = [ hb |-> 0,
  lose |-> 0,
  chkTO |-> 0,
  stTO |-> 0,
  depFail |-> 0,
  sjLaunchFail |-> 0,
  backoff |-> 0,
  sjError |-> 0,
  sjCrash |-> 0,
  cjError |-> 0,
  cjUnsafe |-> 0,
  cjDesc |-> 0,
  cpLaunchFail |-> 0,
  crash |-> 0,
  abort |-> 0,
  delete |-> 0,
  disable |-> 0,
  appMissing |-> 0 ]
/\ abortDropped = (c1 :> [j1 |-> FALSE, j2 |-> FALSE])
/\ ackInWindow = [j1 |-> FALSE, j2 |-> FALSE]
/\ nextAtt = 2
/\ endedEv = [j1 |-> FALSE, j2 |-> FALSE]
/\ cjReg = (c1 :> [j1 |-> None, j2 |-> None])
/\ alloc = (c1 :> [j1 |-> {}, j2 |-> {}])
/\ ackStop = [j1 |-> FALSE, j2 |-> FALSE]
/\ cpc = [job |-> None, pc |-> "Idle"]
/\ termP = (c1 :> [j1 |-> 0, j2 |-> 0])
/\ waiter = (c1 :> [j1 |-> FALSE, j2 |-> FALSE])
/\ postAckLaunch = [j1 |-> FALSE, j2 |-> FALSE]
/\ sessions = {c1}
/\ rp = [j1 |-> None, j2 |-> None]
/\ cst = (c1 :> [j1 |-> None, j2 |-> None])
/\ sj = [j1 |-> "None", j2 |-> "None"]
/\ sweeper = [cl |-> None, pc |-> "Idle", snap |-> 0, blocking |-> FALSE]
/\ cjRC = (c1 :> [j1 |-> 0, j2 |-> 0])
/\ startedEv = [j1 |-> FALSE, j2 |-> FALSE]
/\ exeErrRec = [j1 |-> FALSE, j2 |-> FALSE]
/\ launches = [j1 |-> 0, j2 |-> 0]
/\ pending = [j1 |-> None, j2 |-> None]
/\ sjAbortHandled = [j1 |-> FALSE, j2 |-> FALSE]
/\ cjProc = (c1 :> [j1 |-> "None", j2 |-> "None"])
/\ msgs = <<>>
/\ wfc = [j1 |-> FALSE, j2 |-> FALSE]
/\ tagged = {}
/\ rmp = [j1 |-> 0, j2 |-> 0]
/\ shared = [j1 |-> FALSE, j2 |-> FALSE]
/\ disabled = {}
/\ sjErr = [j1 |-> FALSE, j2 |-> FALSE]
/\ latched = [j1 |-> None, j2 |-> None]
/\ rpc = [ job |-> None,
  att |-> 1,
  pc |-> "SetDispatched",
  listed |-> {},
  queue |-> <<>>,
  cnt |-> [j1 |-> 1, j2 |-> 0],
  chk |-> {},
  failed |-> <<>>,
  blocked |-> <<>>,
  fb |-> <<>>,
  ready |-> "j1",
  disp |-> {c1},
  dep |-> {c1},
  jid |-> TRUE,
  snap |-> None,
  sreq |-> {} ]
/\ exc = [j1 |-> None, j2 |-> None]
/\ runningJobs = {}
/\ failRunRec = [j1 |-> FALSE, j2 |-> FALSE]
/\ startFailCause = [j1 |-> "none", j2 |-> "none"]
/\ adm = [j1 |-> [pc |-> "Idle", snap |-> None], j2 |-> [pc |-> "Idle", snap |-> None]]
/\ slots = {}
/\ termHb = (c1 :> [j1 |-> 0, j2 |-> 0])
/\ grp = (c1 :> [j1 |-> FALSE, j2 |-> FALSE])
/\ wfcStale = [j1 |-> None, j2 |-> None]
/\ pCount = [j1 |-> 0, j2 |-> 0]
/\ status = [j1 |-> "SUBMITTED", j2 |-> "SUBMITTED"]
/\ ovw = {}
/\ firstTerm = [j1 |-> None, j2 |-> None]
/\ ackAbort = [j1 |-> FALSE, j2 |-> FALSE]
/\ sjRC = [j1 |-> 0, j2 |-> 0]
/\ runAborted = [j1 |-> FALSE, j2 |-> FALSE]

State 9: <MCRunnerSetDispatched line 112, col 28 to line 112, col 71 of module MC>
/\ cpAlive = (c1 :> TRUE)
/\ failAccepted = [j1 |-> FALSE, j2 |-> FALSE]
/\ free = (c1 :> (u1 :> 0))
/\ using = (c1 :> [j1 |-> {}, j2 |-> {}])
/\ cjAbortMsg = (c1 :> [j1 |-> 0, j2 |-> 0])
/\ resv = (c1 :> {[job |-> "j1", tok |-> 1, units |-> {u1}, ttl |-> 1]})
/\ fc = [ hb |-> 0,
  lose |-> 0,
  chkTO |-> 0,
  stTO |-> 0,
  depFail |-> 0,
  sjLaunchFail |-> 0,
  backoff |-> 0,
  sjError |-> 0,
  sjCrash |-> 0,
  cjError |-> 0,
  cjUnsafe |-> 0,
  cjDesc |-> 0,
  cpLaunchFail |-> 0,
  crash |-> 0,
  abort |-> 0,
  delete |-> 0,
  disable |-> 0,
  appMissing |-> 0 ]
/\ abortDropped = (c1 :> [j1 |-> FALSE, j2 |-> FALSE])
/\ ackInWindow = [j1 |-> FALSE, j2 |-> FALSE]
/\ nextAtt = 2
/\ endedEv = [j1 |-> FALSE, j2 |-> FALSE]
/\ cjReg = (c1 :> [j1 |-> None, j2 |-> None])
/\ alloc = (c1 :> [j1 |-> {}, j2 |-> {}])
/\ ackStop = [j1 |-> FALSE, j2 |-> FALSE]
/\ cpc = [job |-> None, pc |-> "Idle"]
/\ termP = (c1 :> [j1 |-> 0, j2 |-> 0])
/\ waiter = (c1 :> [j1 |-> FALSE, j2 |-> FALSE])
/\ postAckLaunch = [j1 |-> FALSE, j2 |-> FALSE]
/\ sessions = {c1}
/\ rp = [j1 |-> None, j2 |-> None]
/\ cst = (c1 :> [j1 |-> None, j2 |-> None])
/\ sj = [j1 |-> "None", j2 |-> "None"]
/\ sweeper = [cl |-> None, pc |-> "Idle", snap |-> 0, blocking |-> FALSE]
/\ cjRC = (c1 :> [j1 |-> 0, j2 |-> 0])
/\ startedEv = [j1 |-> FALSE, j2 |-> FALSE]
/\ exeErrRec = [j1 |-> FALSE, j2 |-> FALSE]
/\ launches = [j1 |-> 0, j2 |-> 0]
/\ pending = [j1 |-> None, j2 |-> None]
/\ sjAbortHandled = [j1 |-> FALSE, j2 |-> FALSE]
/\ cjProc = (c1 :> [j1 |-> "None", j2 |-> "None"])
/\ msgs = <<>>
/\ wfc = [j1 |-> FALSE, j2 |-> FALSE]
/\ tagged = {}
/\ rmp = [j1 |-> 0, j2 |-> 0]
/\ shared = [j1 |-> FALSE, j2 |-> FALSE]
/\ disabled = {}
/\ sjErr = [j1 |-> FALSE, j2 |-> FALSE]
/\ latched = [j1 |-> None, j2 |-> None]
/\ rpc = [ job |-> None,
  att |-> 1,
  pc |-> "MetaRead",
  listed |-> {},
  queue |-> <<>>,
  cnt |-> [j1 |-> 1, j2 |-> 0],
  chk |-> {},
  failed |-> <<>>,
  blocked |-> <<>>,
  fb |-> <<>>,
  ready |-> "j1",
  disp |-> {c1},
  dep |-> {c1},
  jid |-> TRUE,
  snap |-> None,
  sreq |-> {} ]
/\ exc = [j1 |-> None, j2 |-> None]
/\ runningJobs = {}
/\ failRunRec = [j1 |-> FALSE, j2 |-> FALSE]
/\ startFailCause = [j1 |-> "none", j2 |-> "none"]
/\ adm = [j1 |-> [pc |-> "Idle", snap |-> None], j2 |-> [pc |-> "Idle", snap |-> None]]
/\ slots = {}
/\ termHb = (c1 :> [j1 |-> 0, j2 |-> 0])
/\ grp = (c1 :> [j1 |-> FALSE, j2 |-> FALSE])
/\ wfcStale = [j1 |-> None, j2 |-> None]
/\ pCount = [j1 |-> 0, j2 |-> 0]
/\ status = [j1 |-> "DISPATCHED", j2 |-> "SUBMITTED"]
/\ ovw = {}
/\ firstTerm = [j1 |-> None, j2 |-> None]
/\ ackAbort = [j1 |-> FALSE, j2 |-> FALSE]
/\ sjRC = [j1 |-> 0, j2 |-> 0]
/\ runAborted = [j1 |-> FALSE, j2 |-> FALSE]

State 10: <MCRunnerMetaRead line 113, col 28 to line 113, col 66 of module MC>
/\ cpAlive = (c1 :> TRUE)
/\ failAccepted = [j1 |-> FALSE, j2 |-> FALSE]
/\ free = (c1 :> (u1 :> 0))
/\ using = (c1 :> [j1 |-> {}, j2 |-> {}])
/\ cjAbortMsg = (c1 :> [j1 |-> 0, j2 |-> 0])
/\ resv = (c1 :> {[job |-> "j1", tok |-> 1, units |-> {u1}, ttl |-> 1]})
/\ fc = [ hb |-> 0,
  lose |-> 0,
  chkTO |-> 0,
  stTO |-> 0,
  depFail |-> 0,
  sjLaunchFail |-> 0,
  backoff |-> 0,
  sjError |-> 0,
  sjCrash |-> 0,
  cjError |-> 0,
  cjUnsafe |-> 0,
  cjDesc |-> 0,
  cpLaunchFail |-> 0,
  crash |-> 0,
  abort |-> 0,
  delete |-> 0,
  disable |-> 0,
  appMissing |-> 0 ]
/\ abortDropped = (c1 :> [j1 |-> FALSE, j2 |-> FALSE])
/\ ackInWindow = [j1 |-> FALSE, j2 |-> FALSE]
/\ nextAtt = 2
/\ endedEv = [j1 |-> FALSE, j2 |-> FALSE]
/\ cjReg = (c1 :> [j1 |-> None, j2 |-> None])
/\ alloc = (c1 :> [j1 |-> {}, j2 |-> {}])
/\ ackStop = [j1 |-> FALSE, j2 |-> FALSE]
/\ cpc = [job |-> None, pc |-> "Idle"]
/\ termP = (c1 :> [j1 |-> 0, j2 |-> 0])
/\ waiter = (c1 :> [j1 |-> FALSE, j2 |-> FALSE])
/\ postAckLaunch = [j1 |-> FALSE, j2 |-> FALSE]
/\ sessions = {c1}
/\ rp = [j1 |-> None, j2 |-> None]
/\ cst = (c1 :> [j1 |-> None, j2 |-> None])
/\ sj = [j1 |-> "None", j2 |-> "None"]
/\ sweeper = [cl |-> None, pc |-> "Idle", snap |-> 0, blocking |-> FALSE]
/\ cjRC = (c1 :> [j1 |-> 0, j2 |-> 0])
/\ startedEv = [j1 |-> FALSE, j2 |-> FALSE]
/\ exeErrRec = [j1 |-> FALSE, j2 |-> FALSE]
/\ launches = [j1 |-> 0, j2 |-> 0]
/\ pending = [j1 |-> None, j2 |-> None]
/\ sjAbortHandled = [j1 |-> FALSE, j2 |-> FALSE]
/\ cjProc = (c1 :> [j1 |-> "None", j2 |-> "None"])
/\ msgs = <<>>
/\ wfc = [j1 |-> FALSE, j2 |-> FALSE]
/\ tagged = {}
/\ rmp = [j1 |-> 0, j2 |-> 0]
/\ shared = [j1 |-> FALSE, j2 |-> FALSE]
/\ disabled = {}
/\ sjErr = [j1 |-> FALSE, j2 |-> FALSE]
/\ latched = [j1 |-> None, j2 |-> None]
/\ rpc = [ job |-> None,
  att |-> 1,
  pc |-> "MetaWrite",
  listed |-> {},
  queue |-> <<>>,
  cnt |-> [j1 |-> 1, j2 |-> 0],
  chk |-> {},
  failed |-> <<>>,
  blocked |-> <<>>,
  fb |-> <<>>,
  ready |-> "j1",
  disp |-> {c1},
  dep |-> {c1},
  jid |-> TRUE,
  snap |-> "DISPATCHED",
  sreq |-> {} ]
/\ exc = [j1 |-> None, j2 |-> None]
/\ runningJobs = {}
/\ failRunRec = [j1 |-> FALSE, j2 |-> FALSE]
/\ startFailCause = [j1 |-> "none", j2 |-> "none"]
/\ adm = [j1 |-> [pc |-> "Idle", snap |-> None], j2 |-> [pc |-> "Idle", snap |-> None]]
/\ slots = {}
/\ termHb = (c1 :> [j1 |-> 0, j2 |-> 0])
/\ grp = (c1 :> [j1 |-> FALSE, j2 |-> FALSE])
/\ wfcStale = [j1 |-> None, j2 |-> None]
/\ pCount = [j1 |-> 0, j2 |-> 0]
/\ status = [j1 |-> "DISPATCHED", j2 |-> "SUBMITTED"]
/\ ovw = {}
/\ firstTerm = [j1 |-> None, j2 |-> None]
/\ ackAbort = [j1 |-> FALSE, j2 |-> FALSE]
/\ sjRC = [j1 |-> 0, j2 |-> 0]
/\ runAborted = [j1 |-> FALSE, j2 |-> FALSE]

State 11: <MCRunnerMetaWrite line 114, col 28 to line 114, col 67 of module MC>
/\ cpAlive = (c1 :> TRUE)
/\ failAccepted = [j1 |-> FALSE, j2 |-> FALSE]
/\ free = (c1 :> (u1 :> 0))
/\ using = (c1 :> [j1 |-> {}, j2 |-> {}])
/\ cjAbortMsg = (c1 :> [j1 |-> 0, j2 |-> 0])
/\ resv = (c1 :> {[job |-> "j1", tok |-> 1, units |-> {u1}, ttl |-> 1]})
/\ fc = [ hb |-> 0,
  lose |-> 0,
  chkTO |-> 0,
  stTO |-> 0,
  depFail |-> 0,
  sjLaunchFail |-> 0,
  backoff |-> 0,
  sjError |-> 0,
  sjCrash |-> 0,
  cjError |-> 0,
  cjUnsafe |-> 0,
  cjDesc |-> 0,
  cpLaunchFail |-> 0,
  crash |-> 0,
  abort |-> 0,
  delete |-> 0,
  disable |-> 0,
  appMissing |-> 0 ]
/\ abortDropped = (c1 :> [j1 |-> FALSE, j2 |-> FALSE])
/\ ackInWindow = [j1 |-> FALSE, j2 |-> FALSE]
/\ nextAtt = 2
/\ endedEv = [j1 |-> FALSE, j2 |-> FALSE]
/\ cjReg = (c1 :> [j1 |-> None, j2 |-> None])
/\ alloc = (c1 :> [j1 |-> {}, j2 |-> {}])
/\ ackStop = [j1 |-> FALSE, j2 |-> FALSE]
/\ cpc = [job |-> None, pc |-> "Idle"]
/\ termP = (c1 :> [j1 |-> 0, j2 |-> 0])
/\ waiter = (c1 :> [j1 |-> FALSE, j2 |-> FALSE])
/\ postAckLaunch = [j1 |-> FALSE, j2 |-> FALSE]
/\ sessions = {c1}
/\ rp = [j1 |-> None, j2 |-> None]
/\ cst = (c1 :> [j1 |-> None, j2 |-> None])
/\ sj = [j1 |-> "None", j2 |-> "None"]
/\ sweeper = [cl |-> None, pc |-> "Idle", snap |-> 0, blocking |-> FALSE]
/\ cjRC = (c1 :> [j1 |-> 0, j2 |-> 0])
/\ startedEv = [j1 |-> FALSE, j2 |-> FALSE]
/\ exeErrRec = [j1 |-> FALSE, j2 |-> FALSE]
/\ launches = [j1 |-> 0, j2 |-> 0]
/\ pending = [j1 |-> None, j2 |-> None]
/\ sjAbortHandled = [j1 |-> FALSE, j2 |-> FALSE]
/\ cjProc = (c1 :> [j1 |-> "None", j2 |-> "None"])
/\ msgs = <<>>
/\ wfc = [j1 |-> FALSE, j2 |-> FALSE]
/\ tagged = {}
/\ rmp = [j1 |-> 0, j2 |-> 0]
/\ shared = [j1 |-> FALSE, j2 |-> FALSE]
/\ disabled = {}
/\ sjErr = [j1 |-> FALSE, j2 |-> FALSE]
/\ latched = [j1 |-> None, j2 |-> None]
/\ rpc = [ job |-> None,
  att |-> 1,
  pc |-> "ChkDispatched",
  listed |-> {},
  queue |-> <<>>,
  cnt |-> [j1 |-> 1, j2 |-> 0],
  chk |-> {},
  failed |-> <<>>,
  blocked |-> <<>>,
  fb |-> <<>>,
  ready |-> "j1",
  disp |-> {c1},
  dep |-> {c1},
  jid |-> TRUE,
  snap |-> None,
  sreq |-> {} ]
/\ exc = [j1 |-> None, j2 |-> None]
/\ runningJobs = {}
/\ failRunRec = [j1 |-> FALSE, j2 |-> FALSE]
/\ startFailCause = [j1 |-> "none", j2 |-> "none"]
/\ adm = [j1 |-> [pc |-> "Idle", snap |-> None], j2 |-> [pc |-> "Idle", snap |-> None]]
/\ slots = {}
/\ termHb = (c1 :> [j1 |-> 0, j2 |-> 0])
/\ grp = (c1 :> [j1 |-> FALSE, j2 |-> FALSE])
/\ wfcStale = [j1 |-> None, j2 |-> None]
/\ pCount = [j1 |-> 1, j2 |-> 0]
/\ status = [j1 |-> "DISPATCHED", j2 |-> "SUBMITTED"]
/\ ovw = {}
/\ firstTerm = [j1 |-> None, j2 |-> None]
/\ ackAbort = [j1 |-> FALSE, j2 |-> FALSE]
/\ sjRC = [j1 |-> 0, j2 |-> 0]
/\ runAborted = [j1 |-> FALSE, j2 |-> FALSE]

State 12: <MCAdminAbortBegin("j2") line 92, col 25 to line 92, col 89 of module MC>
/\ cpAlive = (c1 :> TRUE)
/\ failAccepted = [j1 |-> FALSE, j2 |-> FALSE]
/\ free = (c1 :> (u1 :> 0))
/\ using = (c1 :> [j1 |-> {}, j2 |-> {}])
/\ cjAbortMsg = (c1 :> [j1 |-> 0, j2 |-> 0])
/\ resv = (c1 :> {[job |-> "j1", tok |-> 1, units |-> {u1}, ttl |-> 1]})
/\ fc = [ hb |-> 0,
  lose |-> 0,
  chkTO |-> 0,
  stTO |-> 0,
  depFail |-> 0,
  sjLaunchFail |-> 0,
  backoff |-> 0,
  sjError |-> 0,
  sjCrash |-> 0,
  cjError |-> 0,
  cjUnsafe |-> 0,
  cjDesc |-> 0,
  cpLaunchFail |-> 0,
  crash |-> 0,
  abort |-> 1,
  delete |-> 0,
  disable |-> 0,
  appMissing |-> 0 ]
/\ abortDropped = (c1 :> [j1 |-> FALSE, j2 |-> FALSE])
/\ ackInWindow = [j1 |-> FALSE, j2 |-> FALSE]
/\ nextAtt = 2
/\ endedEv = [j1 |-> FALSE, j2 |-> FALSE]
/\ cjReg = (c1 :> [j1 |-> None, j2 |-> None])
/\ alloc = (c1 :> [j1 |-> {}, j2 |-> {}])
/\ ackStop = [j1 |-> FALSE, j2 |-> FALSE]
/\ cpc = [job |-> None, pc |-> "Idle"]
/\ termP = (c1 :> [j1 |-> 0, j2 |-> 0])
/\ waiter = (c1 :> [j1 |-> FALSE, j2 |-> FALSE])
/\ postAckLaunch = [j1 |-> FALSE, j2 |-> FALSE]
/\ sessions = {c1}
/\ rp = [j1 |-> None, j2 |-> None]
/\ cst = (c1 :> [j1 |-> None, j2 |-> None])
/\ sj = [j1 |-> "None", j2 |-> "None"]
/\ sweeper = [cl |-> None, pc |-> "Idle", snap |-> 0, blocking |-> FALSE]
/\ cjRC = (c1 :> [j1 |-> 0, j2 |-> 0])
/\ startedEv = [j1 |-> FALSE, j2 |-> FALSE]
/\ exeErrRec = [j1 |-> FALSE, j2 |-> FALSE]
/\ launches = [j1 |-> 0, j2 |-> 0]
/\ pending = [j1 |-> None, j2 |-> None]
/\ sjAbortHandled = [j1 |-> FALSE, j2 |-> FALSE]
/\ cjProc = (c1 :> [j1 |-> "None", j2 |-> "None"])
/\ msgs = <<>>
/\ wfc = [j1 |-> FALSE, j2 |-> FALSE]
/\ tagged = {}
/\ rmp = [j1 |-> 0, j2 |-> 0]
/\ shared = [j1 |-> FALSE, j2 |-> FALSE]
/\ disabled = {}
/\ sjErr = [j1 |-> FALSE, j2 |-> FALSE]
/\ latched = [j1 |-> None, j2 |-> None]
/\ rpc = [ job |-> None,
  att |-> 1,
  pc |-> "ChkDispatched",
  listed |-> {},
  queue |-> <<>>,
  cnt |-> [j1 |-> 1, j2 |-> 0],
  chk |-> {},
  failed |-> <<>>,
  blocked |-> <<>>,
  fb |-> <<>>,
  ready |-> "j1",
  disp |-> {c1},
  dep |-> {c1},
  jid |-> TRUE,
  snap |-> None,
  sreq |-> {} ]
/\ exc = [j1 |-> None, j2 |-> None]
/\ runningJobs = {}
/\ failRunRec = [j1 |-> FALSE, j2 |-> FALSE]
/\ startFailCause = [j1 |-> "none", j2 |-> "none"]
/\ adm = [ j1 |-> [pc |-> "Idle", snap |-> None],
  j2 |-> [pc |-> "AbortWrite", snap |-> "SUBMITTED"] ]
/\ slots = {}
/\ termHb = (c1 :> [j1 |-> 0, j2 |-> 0])
/\ grp = (c1 :> [j1 |-> FALSE, j2 |-> FALSE])
/\ wfcStale = [j1 |-> None, j2 |-> None]
/\ pCount = [j1 |-> 1, j2 |-> 0]
/\ status = [j1 |-> "DISPATCHED", j2 |-> "SUBMITTED"]
/\ ovw = {}
/\ firstTerm = [j1 |-> None, j2 |-> None]
/\ ackAbort = [j1 |-> FALSE, j2 |-> FALSE]
/\ sjRC = [j1 |-> 0, j2 |-> 0]
/\ runAborted = [j1 |-> FALSE, j2 |-> FALSE]

State 13: <MCRunnerCheckDispatched line 115, col 28 to line 115, col 73 of module MC>
/\ cpAlive = (c1 :> TRUE)
/\ failAccepted = [j1 |-> FALSE, j2 |-> FALSE]
/\ free = (c1 :> (u1 :> 0))
/\ using = (c1 :> [j1 |-> {}, j2 |-> {}])
/\ cjAbortMsg = (c1 :> [j1 |-> 0, j2 |-> 0])
/\ resv = (c1 :> {[job |-> "j1", tok |-> 1, units |-> {u1}, ttl |-> 1]})
/\ fc = [ hb |-> 0,
  lose |-> 0,
  chkTO |-> 0,
  stTO |-> 0,
  depFail |-> 0,
  sjLaunchFail |-> 0,
  backoff |-> 0,
  sjError |-> 0,
  sjCrash |-> 0,
  cjError |-> 0,
  cjUnsafe |-> 0,
  cjDesc |-> 0,
  cpLaunchFail |-> 0,
  crash |-> 0,
  abort |-> 1,
  delete |-> 0,
  disable |-> 0,
  appMissing |-> 0 ]
/\ abortDropped = (c1 :> [j1 |-> FALSE, j2 |-> FALSE])
/\ ackInWindow = [j1 |-> FALSE, j2 |-> FALSE]
/\ nextAtt = 2
/\ endedEv = [j1 |-> FALSE, j2 |-> FALSE]
/\ cjReg = (c1 :> [j1 |-> None, j2 |-> None])
/\ alloc = (c1 :> [j1 |-> {}, j2 |-> {}])
/\ ackStop = [j1 |-> FALSE, j2 |-> FALSE]
/\ cpc = [job |-> None, pc |-> "Idle"]
/\ termP = (c1 :> [j1 |-> 0, j2 |-> 0])
/\ waiter = (c1 :> [j1 |-> FALSE, j2 |-> FALSE])
/\ postAckLaunch = [j1 |-> FALSE, j2 |-> FALSE]
/\ sessions = {c1}
/\ rp = [j1 |-> None, j2 |-> None]
/\ cst = (c1 :> [j1 |-> None, j2 |-> None])
/\ sj = [j1 |-> "None", j2 |-> "None"]
/\ sweeper = [cl |-> None, pc |-> "Idle", snap |-> 0, blocking |-> FALSE]
/\ cjRC = (c1 :> [j1 |-> 0, j2 |-> 0])
/\ startedEv = [j1 |-> FALSE, j2 |-> FALSE]
/\ exeErrRec = [j1 |-> FALSE, j2 |-> FALSE]
/\ launches = [j1 |-> 0, j2 |-> 0]
/\ pending = [j1 |-> None, j2 |-> None]
/\ sjAbortHandled = [j1 |-> FALSE, j2 |-> FALSE]
/\ cjProc = (c1 :> [j1 |-> "None", j2 |-> "None"])
/\ msgs = <<>>
/\ wfc = [j1 |-> FALSE, j2 |-> FALSE]
/\ tagged = {}
/\ rmp = [j1 |-> 0, j2 |-> 0]
/\ shared = [j1 |-> FALSE, j2 |-> FALSE]
/\ disabled = {}
/\ sjErr = [j1 |-> FALSE, j2 |-> FALSE]
/\ latched = [j1 |-> None, j2 |-> None]
/\ rpc = [ job |-> None,
  att |-> 1,
  pc |-> "StartSJ",
  listed |-> {},
  queue |-> <<>>,
  cnt |-> [j1 |-> 1, j2 |-> 0],
  chk |-> {},
  failed |-> <<>>,
  blocked |-> <<>>,
  fb |-> <<>>,
  ready |-> "j1",
  disp |-> {c1},
  dep |-> {c1},
  jid |-> TRUE,
  snap |-> None,
  sreq |-> {} ]
/\ exc = [j1 |-> None, j2 |-> None]
/\ runningJobs = {}
/\ failRunRec = [j1 |-> FALSE, j2 |-> FALSE]
/\ startFailCause = [j1 |-> "none", j2 |-> "none"]
/\ adm = [ j1 |-> [pc |-> "Idle", snap |-> None],
  j2 |-> [pc |-> "AbortWrite", snap |-> "SUBMITTED"] ]
/\ slots = {}
/\ termHb = (c1 :> [j1 |-> 0, j2 |-> 0])
/\ grp = (c1 :> [j1 |-> FALSE, j2 |-> FALSE])
/\ wfcStale = [j1 |-> None, j2 |-> None]
/\ pCount = [j1 |-> 1, j2 |-> 0]
/\ status = [j1 |-> "DISPATCHED", j2 |-> "SUBMITTED"]
/\ ovw = {}
/\ firstTerm = [j1 |-> None, j2 |-> None]
/\ ackAbort = [j1 |-> FALSE, j2 |-> FALSE]
/\ sjRC = [j1 |-> 0, j2 |-> 0]
/\ runAborted = [j1 |-> FALSE, j2 |-> FALSE]

State 14: <MCRunnerStartServerApp line 116, col 28 to line 116, col 72 of module MC>
/\ cpAlive = (c1 :> TRUE)
/\ failAccepted = [j1 |-> FALSE, j2 |-> FALSE]
/\ free = (c1 :> (u1 :> 0))
/\ using = (c1 :> [j1 |-> {}, j2 |-> {}])
/\ cjAbortMsg = (c1 :> [j1 |-> 0, j2 |-> 0])
/\ resv = (c1 :> {[job |-> "j1", tok |-> 1, units |-> {u1}, ttl |-> 1]})
/\ fc = [ hb |-> 0,
  lose |-> 0,
  chkTO |-> 0,
  stTO |-> 0,
  depFail |-> 0,
  sjLaunchFail |-> 0,
  backoff |-> 0,
  sjError |-> 0,
  sjCrash |-> 0,
  cjError |-> 0,
  cjUnsafe |-> 0,
  cjDesc |-> 0,
  cpLaunchFail |-> 0,
  crash |-> 0,
  abort |-> 1,
  delete |-> 0,
  disable |-> 0,
  appMissing |-> 0 ]
/\ abortDropped = (c1 :> [j1 |-> FALSE, j2 |-> FALSE])
/\ ackInWindow = [j1 |-> FALSE, j2 |-> FALSE]
/\ nextAtt = 2
/\ endedEv = [j1 |-> FALSE, j2 |-> FALSE]
/\ cjReg = (c1 :> [j1 |-> None, j2 |-> None])
/\ alloc = (c1 :> [j1 |-> {}, j2 |-> {}])
/\ ackStop = [j1 |-> FALSE, j2 |-> FALSE]
/\ cpc = [job |-> None, pc |-> "Idle"]
/\ termP = (c1 :> [j1 |-> 0, j2 |-> 0])
/\ waiter = (c1 :> [j1 |-> FALSE, j2 |-> FALSE])
/\ postAckLaunch = [j1 |-> FALSE, j2 |-> FALSE]
/\ sessions = {c1}
/\ rp = [ j1 |-> [rc |-> 0, exeErr |-> FALSE, parts |-> {c1}, finished |-> FALSE],
  j2 |-> None ]
/\ cst = (c1 :> [j1 |-> None, j2 |-> None])
/\ sj = [j1 |-> "Running", j2 |-> "None"]
/\ sweeper = [cl |-> None, pc |-> "Idle", snap |-> 0, blocking |-> FALSE]
/\ cjRC = (c1 :> [j1 |-> 0, j2 |-> 0])
/\ startedEv = [j1 |-> FALSE, j2 |-> FALSE]
/\ exeErrRec = [j1 |-> FALSE, j2 |-> FALSE]
/\ launches = [j1 |-> 1, j2 |-> 0]
/\ pending = [j1 |-> {c1}, j2 |-> None]
/\ sjAbortHandled = [j1 |-> FALSE, j2 |-> FALSE]
/\ cjProc = (c1 :> [j1 |-> "None", j2 |-> "None"])
/\ msgs = ( [ ok |-> FALSE,
    code |-> 0,
    flag |-> FALSE,
    type |-> "START",
    job |-> "j1",
    cl |-> c1,
    att |-> 1 ] :>
      1 )
/\ wfc = [j1 |-> TRUE, j2 |-> FALSE]
/\ tagged = {}
/\ rmp = [j1 |-> 0, j2 |-> 0]
/\ shared = [j1 |-> FALSE, j2 |-> FALSE]
/\ disabled = {}
/\ sjErr = [j1 |-> FALSE, j2 |-> FALSE]
/\ latched = [j1 |-> None, j2 |-> None]
/\ rpc = [ job |-> None,
  att |-> 1,
  pc |-> "StartWait",
  listed |-> {},
  queue |-> <<>>,
  cnt |-> [j1 |-> 1, j2 |-> 0],
  chk |-> {},
  failed |-> <<>>,
  blocked |-> <<>>,
  fb |-> <<>>,
  ready |-> "j1",
  disp |-> {c1},
  dep |-> {c1},
  jid |-> TRUE,
  snap |-> None,
  sreq |-> {c1} ]
/\ exc = [j1 |-> None, j2 |-> None]
/\ runningJobs = {}
/\ failRunRec = [j1 |-> FALSE, j2 |-> FALSE]
/\ startFailCause = [j1 |-> "none", j2 |-> "none"]
/\ adm = [ j1 |-> [pc |-> "Idle", snap |-> None],
  j2 |-> [pc |-> "AbortWrite", snap |-> "SUBMITTED"] ]
/\ slots = {}
/\ termHb = (c1 :> [j1 |-> 0, j2 |-> 0])
/\ grp = (c1 :> [j1 |-> FALSE, j2 |-> FALSE])
/\ wfcStale = [j1 |-> None, j2 |-> None]
/\ pCount = [j1 |-> 1, j2 |-> 0]
/\ status = [j1 |-> "DISPATCHED", j2 |-> "SUBMITTED"]
/\ ovw = {}
/\ firstTerm = [j1 |-> None, j2 |-> None]
/\ ackAbort = [j1 |-> FALSE, j2 |-> FALSE]
/\ sjRC = [j1 |-> 0, j2 |-> 0]
/\ runAborted = [j1 |-> FALSE, j2 |-> FALSE]

State 15: <MsgStartAllocate line 158, col 31 to line 158, col 73 of module MC>
/\ cpAlive = (c1 :> TRUE)
/\ failAccepted = [j1 |-> FALSE, j2 |-> FALSE]
/\ free = (c1 :> (u1 :> 0))
/\ using = (c1 :> [j1 |-> {}, j2 |-> {}])
/\ cjAbortMsg = (c1 :> [j1 |-> 0, j2 |-> 0])
/\ resv = (c1 :> {})
/\ fc = [ hb |-> 0,
  lose |-> 0,
  chkTO |-> 0,
  stTO |-> 0,
  depFail |-> 0,
  sjLaunchFail |-> 0,
  backoff |-> 0,
  sjError |-> 0,
  sjCrash |-> 0,
  cjError |-> 0,
  cjUnsafe |-> 0,
  cjDesc |-> 0,
  cpLaunchFail |-> 0,
  crash |-> 0,
  abort |-> 1,
  delete |-> 0,
  disable |-> 0,
  appMissing |-> 0 ]
/\ abortDropped = (c1 :> [j1 |-> FALSE, j2 |-> FALSE])
/\ ackInWindow = [j1 |-> FALSE, j2 |-> FALSE]
/\ nextAtt = 2
/\ endedEv = [j1 |-> FALSE, j2 |-> FALSE]
/\ cjReg = (c1 :> [j1 |-> None, j2 |-> None])
/\ alloc = (c1 :> [j1 |-> {}, j2 |-> {}])
/\ ackStop = [j1 |-> FALSE, j2 |-> FALSE]
/\ cpc = [job |-> None, pc |-> "Idle"]
/\ termP = (c1 :> [j1 |-> 0, j2 |-> 0])
/\ waiter = (c1 :> [j1 |-> FALSE, j2 |-> FALSE])
/\ postAckLaunch = [j1 |-> FALSE, j2 |-> FALSE]
/\ sessions = {c1}
/\ rp = [ j1 |-> [rc |-> 0, exeErr |-> FALSE, parts |-> {c1}, finished |-> FALSE],
  j2 |-> None ]
/\ cst = (c1 :> [j1 |-> [pc |-> "Allocated", tok |-> 1, units |-> {u1}], j2 |-> None])
/\ sj = [j1 |-> "Running", j2 |-> "None"]
/\ sweeper = [cl |-> None, pc |-> "Idle", snap |-> 0, blocking |-> FALSE]
/\ cjRC = (c1 :> [j1 |-> 0, j2 |-> 0])
/\ startedEv = [j1 |-> FALSE, j2 |-> FALSE]
/\ exeErrRec = [j1 |-> FALSE, j2 |-> FALSE]
/\ launches = [j1 |-> 1, j2 |-> 0]
/\ pending = [j1 |-> {c1}, j2 |-> None]
/\ sjAbortHandled = [j1 |-> FALSE, j2 |-> FALSE]
/\ cjProc = (c1 :> [j1 |-> "None", j2 |-> "None"])
/\ msgs = <<>>
/\ wfc = [j1 |-> TRUE, j2 |-> FALSE]
/\ tagged = {}
/\ rmp = [j1 |-> 0, j2 |-> 0]
/\ shared = [j1 |-> FALSE, j2 |-> FALSE]
/\ disabled = {}
/\ sjErr = [j1 |-> FALSE, j2 |-> FALSE]
/\ latched = [j1 |-> None, j2 |-> None]
/\ rpc = [ job |-> None,
  att |-> 1,
  pc |-> "StartWait",
  listed |-> {},
  queue |-> <<>>,
  cnt |-> [j1 |-> 1, j2 |-> 0],
  chk |-> {},
  failed |-> <<>>,
  blocked |-> <<>>,
  fb |-> <<>>,
  ready |-> "j1",
  disp |-> {c1},
  dep |-> {c1},
  jid |-> TRUE,
  snap |-> None,
  sreq |-> {c1} ]
/\ exc = [j1 |-> None, j2 |-> None]
/\ runningJobs = {}
/\ failRunRec = [j1 |-> FALSE, j2 |-> FALSE]
/\ startFailCause = [j1 |-> "none", j2 |-> "none"]
/\ adm = [ j1 |-> [pc |-> "Idle", snap |-> None],
  j2 |-> [pc |-> "AbortWrite", snap |-> "SUBMITTED"] ]
/\ slots = {}
/\ termHb = (c1 :> [j1 |-> 0, j2 |-> 0])
/\ grp = (c1 :> [j1 |-> FALSE, j2 |-> FALSE])
/\ wfcStale = [j1 |-> None, j2 |-> None]
/\ pCount = [j1 |-> 1, j2 |-> 0]
/\ status = [j1 |-> "DISPATCHED", j2 |-> "SUBMITTED"]
/\ ovw = {}
/\ firstTerm = [j1 |-> None, j2 |-> None]
/\ ackAbort = [j1 |-> FALSE, j2 |-> FALSE]
/\ sjRC = [j1 |-> 0, j2 |-> 0]
/\ runAborted = [j1 |-> FALSE, j2 |-> FALSE]

State 16: <MCCpStartRegister(c1,"j1") line 143, col 28 to line 143, col 73 of module MC>
/\ cpAlive = (c1 :> TRUE)
/\ failAccepted = [j1 |-> FALSE, j2 |-> FALSE]
/\ free = (c1 :> (u1 :> 0))
/\ using = (c1 :> [j1 |-> {}, j2 |-> {}])
/\ cjAbortMsg = (c1 :> [j1 |-> 0, j2 |-> 0])
/\ resv = (c1 :> {})
/\ fc = [ hb |-> 0,
  lose |-> 0,
  chkTO |-> 0,
  stTO |-> 0,
  depFail |-> 0,
  sjLaunchFail |-> 0,
  backoff |-> 0,
  sjError |-> 0,
  sjCrash |-> 0,
  cjError |-> 0,
  cjUnsafe |-> 0,
  cjDesc |-> 0,
  cpLaunchFail |-> 0,
  crash |-> 0,
  abort |-> 1,
  delete |-> 0,
  disable |-> 0,
  appMissing |-> 0 ]
/\ abortDropped = (c1 :> [j1 |-> FALSE, j2 |-> FALSE])
/\ ackInWindow = [j1 |-> FALSE, j2 |-> FALSE]
/\ nextAtt = 2
/\ endedEv = [j1 |-> FALSE, j2 |-> FALSE]
/\ cjReg = ( c1 :>
      [ j1 |->
            [ st |-> "STARTING",
              attached |-> FALSE,
              pendAbort |-> FALSE,
              abortReq |-> FALSE ],
        j2 |-> None ] )
/\ alloc = (c1 :> [j1 |-> {}, j2 |-> {}])
/\ ackStop = [j1 |-> FALSE, j2 |-> FALSE]
/\ cpc = [job |-> None, pc |-> "Idle"]
/\ termP = (c1 :> [j1 |-> 0, j2 |-> 0])
/\ waiter = (c1 :> [j1 |-> FALSE, j2 |-> FALSE])
/\ postAckLaunch = [j1 |-> FALSE, j2 |-> FALSE]
/\ sessions = {c1}
/\ rp = [ j1 |-> [rc |-> 0, exeErr |-> FALSE, parts |-> {c1}, finished |-> FALSE],
  j2 |-> None ]
/\ cst = (c1 :> [j1 |-> [pc |-> "Registered", tok |-> 1, units |-> {u1}], j2 |-> None])
/\ sj = [j1 |-> "Running", j2 |-> "None"]
/\ sweeper = [cl |-> None, pc |-> "Idle", snap |-> 0, blocking |-> FALSE]
/\ cjRC = (c1 :> [j1 |-> 0, j2 |-> 0])
/\ startedEv = [j1 |-> FALSE, j2 |-> FALSE]
/\ exeErrRec = [j1 |-> FALSE, j2 |-> FALSE]
/\ launches = [j1 |-> 1, j2 |-> 0]
/\ pending = [j1 |-> {c1}, j2 |-> None]
/\ sjAbortHandled = [j1 |-> FALSE, j2 |-> FALSE]
/\ cjProc = (c1 :> [j1 |-> "None", j2 |-> "None"])
/\ msgs = <<>>
/\ wfc = [j1 |-> TRUE, j2 |-> FALSE]
/\ tagged = {}
/\ rmp = [j1 |-> 0, j2 |-> 0]
/\ shared = [j1 |-> FALSE, j2 |-> FALSE]
/\ disabled = {}
/\ sjErr = [j1 |-> FALSE, j2 |-> FALSE]
/\ latched = [j1 |-> None, j2 |-> None]
/\ rpc = [ job |-> None,
  att |-> 1,
  pc |-> "StartWait",
  listed |-> {},
  queue |-> <<>>,
  cnt |-> [j1 |-> 1, j2 |-> 0],
  chk |-> {},
  failed |-> <<>>,
  blocked |-> <<>>,
  fb |-> <<>>,
  ready |-> "j1",
  disp |-> {c1},
  dep |-> {c1},
  jid |-> TRUE,
  snap |-> None,
  sreq |-> {c1} ]
/\ exc = [j1 |-> None, j2 |-> None]
/\ runningJobs = {}
/\ failRunRec = [j1 |-> FALSE, j2 |-> FALSE]
/\ startFailCause = [j1 |-> "none", j2 |-> "none"]
/\ adm = [ j1 |-> [pc |-> "Idle", snap |-> None],
  j2 |-> [pc |-> "AbortWrite", snap |-> "SUBMITTED"] ]
/\ slots = {}
/\ termHb = (c1 :> [j1 |-> 0, j2 |-> 0])
/\ grp = (c1 :> [j1 |-> FALSE, j2 |-> FALSE])
/\ wfcStale = [j1 |-> None, j2 |-> None]
/\ pCount = [j1 |-> 1, j2 |-> 0]
/\ status = [j1 |-> "DISPATCHED", j2 |-> "SUBMITTED"]
/\ ovw = {}
/\ firstTerm = [j1 |-> None, j2 |-> None]
/\ ackAbort = [j1 |-> FALSE, j2 |-> FALSE]
/\ sjRC = [j1 |-> 0, j2 |-> 0]
/\ runAborted = [j1 |-> FALSE, j2 |-> FALSE]

State 17: <MCCpStartLaunch(c1,"j1") line 144, col 28 to line 144, col 71 of module MC>
/\ cpAlive = (c1 :> TRUE)
/\ failAccepted = [j1 |-> FALSE, j2 |-> FALSE]
/\ free = (c1 :> (u1 :> 0))
/\ using = (c1 :> [j1 |-> {u1}, j2 |-> {}])
/\ cjAbortMsg = (c1 :> [j1 |-> 0, j2 |-> 0])
/\ resv = (c1 :> {})
/\ fc = [ hb |-> 0,
  lose |-> 0,
  chkTO |-> 0,
  stTO |-> 0,
  depFail |-> 0,
  sjLaunchFail |-> 0,
  backoff |-> 0,
  sjError |-> 0,
  sjCrash |-> 0,
  cjError |-> 0,
  cjUnsafe |-> 0,
  cjDesc |-> 0,
  cpLaunchFail |-> 0,
  crash |-> 0,
  abort |-> 1,
  delete |-> 0,
  disable |-> 0,
  appMissing |-> 0 ]
/\ abortDropped = (c1 :> [j1 |-> FALSE, j2 |-> FALSE])
/\ ackInWindow = [j1 |-> FALSE, j2 |-> FALSE]
/\ nextAtt = 2
/\ endedEv = [j1 |-> FALSE, j2 |-> FALSE]
/\ cjReg = ( c1 :>
      [ j1 |->
            [ st |-> "STARTING",
              attached |-> TRUE,
              pendAbort |-> FALSE,
              abortReq |-> FALSE ],
        j2 |-> None ] )
/\ alloc = (c1 :> [j1 |-> {u1}, j2 |-> {}])
/\ ackStop = [j1 |-> FALSE, j2 |-> FALSE]
/\ cpc = [job |-> None, pc |-> "Idle"]
/\ termP = (c1 :> [j1 |-> 0, j2 |-> 0])
/\ waiter = (c1 :> [j1 |-> TRUE, j2 |-> FALSE])
/\ postAckLaunch = [j1 |-> FALSE, j2 |-> FALSE]
/\ sessions = {c1}
/\ rp = [ j1 |-> [rc |-> 0, exeErr |-> FALSE, parts |-> {c1}, finished |-> FALSE],
  j2 |-> None ]
/\ cst = (c1 :> [j1 |-> None, j2 |-> None])
/\ sj = [j1 |-> "Running", j2 |-> "None"]
/\ sweeper = [cl |-> None, pc |-> "Idle", snap |-> 0, blocking |-> FALSE]
/\ cjRC = (c1 :> [j1 |-> 0, j2 |-> 0])
/\ startedEv = [j1 |-> FALSE, j2 |-> FALSE]
/\ exeErrRec = [j1 |-> FALSE, j2 |-> FALSE]
/\ launches = [j1 |-> 1, j2 |-> 0]
/\ pending = [j1 |-> {c1}, j2 |-> None]
/\ sjAbortHandled = [j1 |-> FALSE, j2 |-> FALSE]
/\ cjProc = (c1 :> [j1 |-> "Alive", j2 |-> "None"])
/\ msgs = ( [ ok |-> FALSE,
    code |-> 0,
    flag |-> FALSE,
    type |-> "START_REP",
    job |-> "j1",
    cl |-> c1,
    att |-> 0 ] :>
      1 )
/\ wfc = [j1 |-> TRUE, j2 |-> FALSE]
/\ tagged = {}
/\ rmp = [j1 |-> 0, j2 |-> 0]
/\ shared = [j1 |-> FALSE, j2 |-> FALSE]
/\ disabled = {}
/\ sjErr = [j1 |-> FALSE, j2 |-> FALSE]
/\ latched = [j1 |-> None, j2 |-> None]
/\ rpc = [ job |-> None,
  att |-> 1,
  pc |-> "StartWait",
  listed |-> {},
  queue |-> <<>>,
  cnt |-> [j1 |-> 1, j2 |-> 0],
  chk |-> {},
  failed |-> <<>>,
  blocked |-> <<>>,
  fb |-> <<>>,
  ready |-> "j1",
  disp |-> {c1},
  dep |-> {c1},
  jid |-> TRUE,
  snap |-> None,
  sreq |-> {c1} ]
/\ exc = [j1 |-> None, j2 |-> None]
/\ runningJobs = {}
/\ failRunRec = [j1 |-> FALSE, j2 |-> FALSE]
/\ startFailCause = [j1 |-> "none", j2 |-> "none"]
/\ adm = [ j1 |-> [pc |-> "Idle", snap |-> None],
  j2 |-> [pc |-> "AbortWrite", snap |-> "SUBMITTED"] ]
/\ slots = {}
/\ termHb = (c1 :> [j1 |-> 0, j2 |-> 0])
/\ grp = (c1 :> [j1 |-> FALSE, j2 |-> FALSE])
/\ wfcStale = [j1 |-> None, j2 |-> None]
/\ pCount = [j1 |-> 1, j2 |-> 0]
/\ status = [j1 |-> "DISPATCHED", j2 |-> "SUBMITTED"]
/\ ovw = {}
/\ firstTerm = [j1 |-> None, j2 |-> None]
/\ ackAbort = [j1 |-> FALSE, j2 |-> FALSE]
/\ sjRC = [j1 |-> 0, j2 |-> 0]
/\ runAborted = [j1 |-> FALSE, j2 |-> FALSE]

State 18: <MCRunnerStartCollect line 117, col 28 to line 117, col 70 of module MC>
/\ cpAlive = (c1 :> TRUE)
/\ failAccepted = [j1 |-> FALSE, j2 |-> FALSE]
/\ free = (c1 :> (u1 :> 0))
/\ using = (c1 :> [j1 |-> {u1}, j2 |-> {}])
/\ cjAbortMsg = (c1 :> [j1 |-> 0, j2 |-> 0])
/\ resv = (c1 :> {})
/\ fc = [ hb |-> 0,
  lose |-> 0,
  chkTO |-> 0,
  stTO |-> 0,
  depFail |-> 0,
  sjLaunchFail |-> 0,
  backoff |-> 0,
  sjError |-> 0,
  sjCrash |-> 0,
  cjError |-> 0,
  cjUnsafe |-> 0,
  cjDesc |-> 0,
  cpLaunchFail |-> 0,
  crash |-> 0,
  abort |-> 1,
  delete |-> 0,
  disable |-> 0,
  appMissing |-> 0 ]
/\ abortDropped = (c1 :> [j1 |-> FALSE, j2 |-> FALSE])
/\ ackInWindow = [j1 |-> FALSE, j2 |-> FALSE]
/\ nextAtt = 2
/\ endedEv = [j1 |-> FALSE, j2 |-> FALSE]
/\ cjReg = ( c1 :>
      [ j1 |->
            [ st |-> "STARTING",
              attached |-> TRUE,
              pendAbort |-> FALSE,
              abortReq |-> FALSE ],
        j2 |-> None ] )
/\ alloc = (c1 :> [j1 |-> {u1}, j2 |-> {}])
/\ ackStop = [j1 |-> FALSE, j2 |-> FALSE]
/\ cpc = [job |-> None, pc |-> "Idle"]
/\ termP = (c1 :> [j1 |-> 0, j2 |-> 0])
/\ waiter = (c1 :> [j1 |-> TRUE, j2 |-> FALSE])
/\ postAckLaunch = [j1 |-> FALSE, j2 |-> FALSE]
/\ sessions = {c1}
/\ rp = [ j1 |-> [rc |-> 0, exeErr |-> FALSE, parts |-> {c1}, finished |-> FALSE],
  j2 |-> None ]
/\ cst = (c1 :> [j1 |-> None, j2 |-> None])
/\ sj = [j1 |-> "Running", j2 |-> "None"]
/\ sweeper = [cl |-> None, pc |-> "Idle", snap |-> 0, blocking |-> FALSE]
/\ cjRC = (c1 :> [j1 |-> 0, j2 |-> 0])
/\ startedEv = [j1 |-> TRUE, j2 |-> FALSE]
/\ exeErrRec = [j1 |-> FALSE, j2 |-> FALSE]
/\ launches = [j1 |-> 1, j2 |-> 0]
/\ pending = [j1 |-> {c1}, j2 |-> None]
/\ sjAbortHandled = [j1 |-> FALSE, j2 |-> FALSE]
/\ cjProc = (c1 :> [j1 |-> "Alive", j2 |-> "None"])
/\ msgs = <<>>
/\ wfc = [j1 |-> TRUE, j2 |-> FALSE]
/\ tagged = {}
/\ rmp = [j1 |-> 0, j2 |-> 0]
/\ shared = [j1 |-> FALSE, j2 |-> FALSE]
/\ disabled = {}
/\ sjErr = [j1 |-> FALSE, j2 |-> FALSE]
/\ latched = [j1 |-> None, j2 |-> None]
/\ rpc = [ job |-> None,
  att |-> 1,
  pc |-> "InsertRunning",
  listed |-> {},
  queue |-> <<>>,
  cnt |-> [j1 |-> 1, j2 |-> 0],
  chk |-> {},
  failed |-> <<>>,
  blocked |-> <<>>,
  fb |-> <<>>,
  ready |-> "j1",
  disp |-> {c1},
  dep |-> {c1},
  jid |-> TRUE,
  snap |-> None,
  sreq |-> {c1} ]
/\ exc = [j1 |-> None, j2 |-> None]
/\ runningJobs = {}
/\ failRunRec = [j1 |-> FALSE, j2 |-> FALSE]
/\ startFailCause = [j1 |-> "none", j2 |-> "none"]
/\ adm = [ j1 |-> [pc |-> "Idle", snap |-> None],
  j2 |-> [pc |-> "AbortWrite", snap |-> "SUBMITTED"] ]
/\ slots = {"j1"}
/\ termHb = (c1 :> [j1 |-> 0, j2 |-> 0])
/\ grp = (c1 :> [j1 |-> FALSE, j2 |-> FALSE])
/\ wfcStale = [j1 |-> None, j2 |-> None]
/\ pCount = [j1 |-> 1, j2 |-> 0]
/\ status = [j1 |-> "DISPATCHED", j2 |-> "SUBMITTED"]
/\ ovw = {}
/\ firstTerm = [j1 |-> None, j2 |-> None]
/\ ackAbort = [j1 |-> FALSE, j2 |-> FALSE]
/\ sjRC = [j1 |-> 0, j2 |-> 0]
/\ runAborted = [j1 |-> FALSE, j2 |-> FALSE]

State 19: <MCRunnerInsertRunning line 118, col 28 to line 118, col 71 of module MC>
/\ cpAlive = (c1 :> TRUE)
/\ failAccepted = [j1 |-> FALSE, j2 |-> FALSE]
/\ free = (c1 :> (u1 :> 0))
/\ using = (c1 :> [j1 |-> {u1}, j2 |-> {}])
/\ cjAbortMsg = (c1 :> [j1 |-> 0, j2 |-> 0])
/\ resv = (c1 :> {})
/\ fc = [ hb |-> 0,
  lose |-> 0,
  chkTO |-> 0,
  stTO |-> 0,
  depFail |-> 0,
  sjLaunchFail |-> 0,
  backoff |-> 0,
  sjError |-> 0,
  sjCrash |-> 0,
  cjError |-> 0,
  cjUnsafe |-> 0,
  cjDesc |-> 0,
  cpLaunchFail |-> 0,
  crash |-> 0,
  abort |-> 1,
  delete |-> 0,
  disable |-> 0,
  appMissing |-> 0 ]
/\ abortDropped = (c1 :> [j1 |-> FALSE, j2 |-> FALSE])
/\ ackInWindow = [j1 |-> FALSE, j2 |-> FALSE]
/\ nextAtt = 2
/\ endedEv = [j1 |-> FALSE, j2 |-> FALSE]
/\ cjReg = ( c1 :>
      [ j1 |->
            [ st |-> "STARTING",
              attached |-> TRUE,
              pendAbort |-> FALSE,
              abortReq |-> FALSE ],
        j2 |-> None ] )
/\ alloc = (c1 :> [j1 |-> {u1}, j2 |-> {}])
/\ ackStop = [j1 |-> FALSE, j2 |-> FALSE]
/\ cpc = [job |-> None, pc |-> "Idle"]
/\ termP = (c1 :> [j1 |-> 0, j2 |-> 0])
/\ waiter = (c1 :> [j1 |-> TRUE, j2 |-> FALSE])
/\ postAckLaunch = [j1 |-> FALSE, j2 |-> FALSE]
/\ sessions = {c1}
/\ rp = [ j1 |-> [rc |-> 0, exeErr |-> FALSE, parts |-> {c1}, finished |-> FALSE],
  j2 |-> None ]
/\ cst = (c1 :> [j1 |-> None, j2 |-> None])
/\ sj = [j1 |-> "Running", j2 |-> "None"]
/\ sweeper = [cl |-> None, pc |-> "Idle", snap |-> 0, blocking |-> FALSE]
/\ cjRC = (c1 :> [j1 |-> 0, j2 |-> 0])
/\ startedEv = [j1 |-> TRUE, j2 |-> FALSE]
/\ exeErrRec = [j1 |-> FALSE, j2 |-> FALSE]
/\ launches = [j1 |-> 1, j2 |-> 0]
/\ pending = [j1 |-> {c1}, j2 |-> None]
/\ sjAbortHandled = [j1 |-> FALSE, j2 |-> FALSE]
/\ cjProc = (c1 :> [j1 |-> "Alive", j2 |-> "None"])
/\ msgs = <<>>
/\ wfc = [j1 |-> TRUE, j2 |-> FALSE]
/\ tagged = {}
/\ rmp = [j1 |-> 0, j2 |-> 0]
/\ shared = [j1 |-> FALSE, j2 |-> FALSE]
/\ disabled = {}
/\ sjErr = [j1 |-> FALSE, j2 |-> FALSE]
/\ latched = [j1 |-> None, j2 |-> None]
/\ rpc = [ job |-> None,
  att |-> 1,
  pc |-> "SetRunning",
  listed |-> {},
  queue |-> <<>>,
  cnt |-> [j1 |-> 1, j2 |-> 0],
  chk |-> {},
  failed |-> <<>>,
  blocked |-> <<>>,
  fb |-> <<>>,
  ready |-> "j1",
  disp |-> {c1},
  dep |-> {c1},
  jid |-> TRUE,
  snap |-> None,
  sreq |-> {c1} ]
/\ exc = [j1 |-> None, j2 |-> None]
/\ runningJobs = {"j1"}
/\ failRunRec = [j1 |-> FALSE, j2 |-> FALSE]
/\ startFailCause = [j1 |-> "none", j2 |-> "none"]
/\ adm = [ j1 |-> [pc |-> "Idle", snap |-> None],
  j2 |-> [pc |-> "AbortWrite", snap |-> "SUBMITTED"] ]
/\ slots = {"j1"}
/\ termHb = (c1 :> [j1 |-> 0, j2 |-> 0])
/\ grp = (c1 :> [j1 |-> FALSE, j2 |-> FALSE])
/\ wfcStale = [j1 |-> None, j2 |-> None]
/\ pCount = [j1 |-> 1, j2 |-> 0]
/\ status = [j1 |-> "DISPATCHED", j2 |-> "SUBMITTED"]
/\ ovw = {}
/\ firstTerm = [j1 |-> None, j2 |-> None]
/\ ackAbort = [j1 |-> FALSE, j2 |-> FALSE]
/\ sjRC = [j1 |-> 0, j2 |-> 0]
/\ runAborted = [j1 |-> FALSE, j2 |-> FALSE]

State 20: <MCRunnerSetRunning line 119, col 28 to line 119, col 68 of module MC>
/\ cpAlive = (c1 :> TRUE)
/\ failAccepted = [j1 |-> FALSE, j2 |-> FALSE]
/\ free = (c1 :> (u1 :> 0))
/\ using = (c1 :> [j1 |-> {u1}, j2 |-> {}])
/\ cjAbortMsg = (c1 :> [j1 |-> 0, j2 |-> 0])
/\ resv = (c1 :> {})
/\ fc = [ hb |-> 0,
  lose |-> 0,
  chkTO |-> 0,
  stTO |-> 0,
  depFail |-> 0,
  sjLaunchFail |-> 0,
  backoff |-> 0,
  sjError |-> 0,
  sjCrash |-> 0,
  cjError |-> 0,
  cjUnsafe |-> 0,
  cjDesc |-> 0,
  cpLaunchFail |-> 0,
  crash |-> 0,
  abort |-> 1,
  delete |-> 0,
  disable |-> 0,
  appMissing |-> 0 ]
/\ abortDropped = (c1 :> [j1 |-> FALSE, j2 |-> FALSE])
/\ ackInWindow = [j1 |-> FALSE, j2 |-> FALSE]
/\ nextAtt = 2
/\ endedEv = [j1 |-> FALSE, j2 |-> FALSE]
/\ cjReg = ( c1 :>
      [ j1 |->
            [ st |-> "STARTING",
              attached |-> TRUE,
              pendAbort |-> FALSE,
              abortReq |-> FALSE ],
        j2 |-> None ] )
/\ alloc = (c1 :> [j1 |-> {u1}, j2 |-> {}])
/\ ackStop = [j1 |-> FALSE, j2 |-> FALSE]
/\ cpc = [job |-> None, pc |-> "Idle"]
/\ termP = (c1 :> [j1 |-> 0, j2 |-> 0])
/\ waiter = (c1 :> [j1 |-> TRUE, j2 |-> FALSE])
/\ postAckLaunch = [j1 |-> FALSE, j2 |-> FALSE]
/\ sessions = {c1}
/\ rp = [ j1 |-> [rc |-> 0, exeErr |-> FALSE, parts |-> {c1}, finished |-> FALSE],
  j2 |-> None ]
/\ cst = (c1 :> [j1 |-> None, j2 |-> None])
/\ sj = [j1 |-> "Running", j2 |-> "None"]
/\ sweeper = [cl |-> None, pc |-> "Idle", snap |-> 0, blocking |-> FALSE]
/\ cjRC = (c1 :> [j1 |-> 0, j2 |-> 0])
/\ startedEv = [j1 |-> TRUE, j2 |-> FALSE]
/\ exeErrRec = [j1 |-> FALSE, j2 |-> FALSE]
/\ launches = [j1 |-> 1, j2 |-> 0]
/\ pending = [j1 |-> {c1}, j2 |-> None]
/\ sjAbortHandled = [j1 |-> FALSE, j2 |-> FALSE]
/\ cjProc = (c1 :> [j1 |-> "Alive", j2 |-> "None"])
/\ msgs = <<>>
/\ wfc = [j1 |-> TRUE, j2 |-> FALSE]
/\ tagged = {}
/\ rmp = [j1 |-> 0, j2 |-> 0]
/\ shared = [j1 |-> FALSE, j2 |-> FALSE]
/\ disabled = {}
/\ sjErr = [j1 |-> FALSE, j2 |-> FALSE]
/\ latched = [j1 |-> None, j2 |-> None]
/\ rpc = [ job |-> None,
  att |-> 0,
  pc |-> "Scan",
  listed |-> {},
  queue |-> <<>>,
  cnt |-> [j1 |-> 0, j2 |-> 0],
  chk |-> {},
  failed |-> <<>>,
  blocked |-> <<>>,
  fb |-> <<>>,
  ready |-> None,
  disp |-> {},
  dep |-> {},
  jid |-> FALSE,
  snap |-> None,
  sreq |-> {} ]
/\ exc = [j1 |-> None, j2 |-> None]
/\ runningJobs = {"j1"}
/\ failRunRec = [j1 |-> FALSE, j2 |-> FALSE]
/\ startFailCause = [j1 |-> "none", j2 |-> "none"]
/\ adm = [ j1 |-> [pc |-> "Idle", snap |-> None],
  j2 |-> [pc |-> "AbortWrite", snap |-> "SUBMITTED"] ]
/\ slots = {"j1"}
/\ termHb = (c1 :> [j1 |-> 0, j2 |-> 0])
/\ grp = (c1 :> [j1 |-> FALSE, j2 |-> FALSE])
/\ wfcStale = [j1 |-> None, j2 |-> None]
/\ pCount = [j1 |-> 1, j2 |-> 0]
/\ status = [j1 |-> "RUNNING", j2 |-> "SUBMITTED"]
/\ ovw = {}
/\ firstTerm = [j1 |-> None, j2 |-> None]
/\ ackAbort = [j1 |-> FALSE, j2 |-> FALSE]
/\ sjRC = [j1 |-> 0, j2 |-> 0]
/\ runAborted = [j1 |-> FALSE, j2 |-> FALSE]

State 21: <MCRunnerScanList line 102, col 28 to line 102, col 66 of module MC>
/\ cpAlive = (c1 :> TRUE)
/\ failAccepted = [j1 |-> FALSE, j2 |-> FALSE]
/\ free = (c1 :> (u1 :> 0))
/\ using = (c1 :> [j1 |-> {u1}, j2 |-> {}])
/\ cjAbortMsg = (c1 :> [j1 |-> 0, j2 |-> 0])
/\ resv = (c1 :> {})
/\ fc = [ hb |-> 0,
  lose |-> 0,
  chkTO |-> 0,
  stTO |-> 0,
  depFail |-> 0,
  sjLaunchFail |-> 0,
  backoff |-> 0,
  sjError |-> 0,
  sjCrash |-> 0,
  cjError |-> 0,
  cjUnsafe |-> 0,
  cjDesc |-> 0,
  cpLaunchFail |-> 0,
  crash |-> 0,
  abort |-> 1,
  delete |-> 0,
  disable |-> 0,
  appMissing |-> 0 ]
/\ abortDropped = (c1 :> [j1 |-> FALSE, j2 |-> FALSE])
/\ ackInWindow = [j1 |-> FALSE, j2 |-> FALSE]
/\ nextAtt = 2
/\ endedEv = [j1 |-> FALSE, j2 |-> FALSE]
/\ cjReg = ( c1 :>
      [ j1 |->
            [ st |-> "STARTING",
              attached |-> TRUE,
              pendAbort |-> FALSE,
              abortReq |-> FALSE ],
        j2 |-> None ] )
/\ alloc = (c1 :> [j1 |-> {u1}, j2 |-> {}])
/\ ackStop = [j1 |-> FALSE, j2 |-> FALSE]
/\ cpc = [job |-> None, pc |-> "Idle"]
/\ termP = (c1 :> [j1 |-> 0, j2 |-> 0])
/\ waiter = (c1 :> [j1 |-> TRUE, j2 |-> FALSE])
/\ postAckLaunch = [j1 |-> FALSE, j2 |-> FALSE]
/\ sessions = {c1}
/\ rp = [ j1 |-> [rc |-> 0, exeErr |-> FALSE, parts |-> {c1}, finished |-> FALSE],
  j2 |-> None ]
/\ cst = (c1 :> [j1 |-> None, j2 |-> None])
/\ sj = [j1 |-> "Running", j2 |-> "None"]
/\ sweeper = [cl |-> None, pc |-> "Idle", snap |-> 0, blocking |-> FALSE]
/\ cjRC = (c1 :> [j1 |-> 0, j2 |-> 0])
/\ startedEv = [j1 |-> TRUE, j2 |-> FALSE]
/\ exeErrRec = [j1 |-> FALSE, j2 |-> FALSE]
/\ launches = [j1 |-> 1, j2 |-> 0]
/\ pending = [j1 |-> {c1}, j2 |-> None]
/\ sjAbortHandled = [j1 |-> FALSE, j2 |-> FALSE]
/\ cjProc = (c1 :> [j1 |-> "Alive", j2 |-> "None"])
/\ msgs = <<>>
/\ wfc = [j1 |-> TRUE, j2 |-> FALSE]
/\ tagged = {}
/\ rmp = [j1 |-> 0, j2 |-> 0]
/\ shared = [j1 |-> FALSE, j2 |-> FALSE]
/\ disabled = {}
/\ sjErr = [j1 |-> FALSE, j2 |-> FALSE]
/\ latched = [j1 |-> None, j2 |-> None]
/\ rpc = [ job |-> None,
  att |-> 0,
  pc |-> "ScanRead",
  listed |-> {"j1", "j2"},
  queue |-> <<>>,
  cnt |-> [j1 |-> 0, j2 |-> 0],
  chk |-> {},
  failed |-> <<>>,
  blocked |-> <<>>,
  fb |-> <<>>,
  ready |-> None,
  disp |-> {},
  dep |-> {},
  jid |-> FALSE,
  snap |-> None,
  sreq |-> {} ]
/\ exc = [j1 |-> None, j2 |-> None]
/\ runningJobs = {"j1"}
/\ failRunRec = [j1 |-> FALSE, j2 |-> FALSE]
/\ startFailCause = [j1 |-> "none", j2 |-> "none"]
/\ adm = [ j1 |-> [pc |-> "Idle", snap |-> None],
  j2 |-> [pc |-> "AbortWrite", snap |-> "SUBMITTED"] ]
/\ slots = {"j1"}
/\ termHb = (c1 :> [j1 |-> 0, j2 |-> 0])
/\ grp = (c1 :> [j1 |-> FALSE, j2 |-> FALSE])
/\ wfcStale = [j1 |-> None, j2 |-> None]
/\ pCount = [j1 |-> 1, j2 |-> 0]
/\ status = [j1 |-> "RUNNING", j2 |-> "SUBMITTED"]
/\ ovw = {}
/\ firstTerm = [j1 |-> None, j2 |-> None]
/\ ackAbort = [j1 |-> FALSE, j2 |-> FALSE]
/\ sjRC = [j1 |-> 0, j2 |-> 0]
/\ runAborted = [j1 |-> FALSE, j2 |-> FALSE]

State 22: <MCRunnerScanRead line 104, col 28 to line 104, col 66 of module MC>
/\ cpAlive = (c1 :> TRUE)
/\ failAccepted = [j1 |-> FALSE, j2 |-> FALSE]
/\ free = (c1 :> (u1 :> 0))
/\ using = (c1 :> [j1 |-> {u1}, j2 |-> {}])
/\ cjAbortMsg = (c1 :> [j1 |-> 0, j2 |-> 0])
/\ resv = (c1 :> {})
/\ fc = [ hb |-> 0,
  lose |-> 0,
  chkTO |-> 0,
  stTO |-> 0,
  depFail |-> 0,
  sjLaunchFail |-> 0,
  backoff |-> 0,
  sjError |-> 0,
  sjCrash |-> 0,
  cjError |-> 0,
  cjUnsafe |-> 0,
  cjDesc |-> 0,
  cpLaunchFail |-> 0,
  crash |-> 0,
  abort |-> 1,
  delete |-> 0,
  disable |-> 0,
  appMissing |-> 0 ]
/\ abortDropped = (c1 :> [j1 |-> FALSE, j2 |-> FALSE])
/\ ackInWindow = [j1 |-> FALSE, j2 |-> FALSE]
/\ nextAtt = 2
/\ endedEv = [j1 |-> FALSE, j2 |-> FALSE]
/\ cjReg = ( c1 :>
      [ j1 |->
            [ st |-> "STARTING",
              attached |-> TRUE,
              pendAbort |-> FALSE,
              abortReq |-> FALSE ],
        j2 |-> None ] )
/\ alloc = (c1 :> [j1 |-> {u1}, j2 |-> {}])
/\ ackStop = [j1 |-> FALSE, j2 |-> FALSE]
/\ cpc = [job |-> None, pc |-> "Idle"]
/\ termP = (c1 :> [j1 |-> 0, j2 |-> 0])
/\ waiter = (c1 :> [j1 |-> TRUE, j2 |-> FALSE])
/\ postAckLaunch = [j1 |-> FALSE, j2 |-> FALSE]
/\ sessions = {c1}
/\ rp = [ j1 |-> [rc |-> 0, exeErr |-> FALSE, parts |-> {c1}, finished |-> FALSE],
  j2 |-> None ]
/\ cst = (c1 :> [j1 |-> None, j2 |-> None])
/\ sj = [j1 |-> "Running", j2 |-> "None"]
/\ sweeper = [cl |-> None, pc |-> "Idle", snap |-> 0, blocking |-> FALSE]
/\ cjRC = (c1 :> [j1 |-> 0, j2 |-> 0])
/\ startedEv = [j1 |-> TRUE, j2 |-> FALSE]
/\ exeErrRec = [j1 |-> FALSE, j2 |-> FALSE]
/\ launches = [j1 |-> 1, j2 |-> 0]
/\ pending = [j1 |-> {c1}, j2 |-> None]
/\ sjAbortHandled = [j1 |-> FALSE, j2 |-> FALSE]
/\ cjProc = (c1 :> [j1 |-> "Alive", j2 |-> "None"])
/\ msgs = <<>>
/\ wfc = [j1 |-> TRUE, j2 |-> FALSE]
/\ tagged = {"j1"}
/\ rmp = [j1 |-> 0, j2 |-> 0]
/\ shared = [j1 |-> FALSE, j2 |-> FALSE]
/\ disabled = {}
/\ sjErr = [j1 |-> FALSE, j2 |-> FALSE]
/\ latched = [j1 |-> None, j2 |-> None]
/\ rpc = [ job |-> None,
  att |-> 0,
  pc |-> "TryNext",
  listed |-> {},
  queue |-> <<"j2">>,
  cnt |-> [j1 |-> 1, j2 |-> 0],
  chk |-> {},
  failed |-> <<>>,
  blocked |-> <<>>,
  fb |-> <<>>,
  ready |-> None,
  disp |-> {},
  dep |-> {},
  jid |-> FALSE,
  snap |-> None,
  sreq |-> {} ]
/\ exc = [j1 |-> None, j2 |-> None]
/\ runningJobs = {"j1"}
/\ failRunRec = [j1 |-> FALSE, j2 |-> FALSE]
/\ startFailCause = [j1 |-> "none", j2 |-> "none"]
/\ adm = [ j1 |-> [pc |-> "Idle", snap |-> None],
  j2 |-> [pc |-> "AbortWrite", snap |-> "SUBMITTED"] ]
/\ slots = {"j1"}
/\ termHb = (c1 :> [j1 |-> 0, j2 |-> 0])
/\ grp = (c1 :> [j1 |-> FALSE, j2 |-> FALSE])
/\ wfcStale = [j1 |-> None, j2 |-> None]
/\ pCount = [j1 |-> 1, j2 |-> 0]
/\ status = [j1 |-> "RUNNING", j2 |-> "SUBMITTED"]
/\ ovw = {}
/\ firstTerm = [j1 |-> None, j2 |-> None]
/\ ackAbort = [j1 |-> FALSE, j2 |-> FALSE]
/\ sjRC = [j1 |-> 0, j2 |-> 0]
/\ runAborted = [j1 |-> FALSE, j2 |-> FALSE]

State 23: <MCRunnerTryNext line 105, col 28 to line 105, col 65 of module MC>
/\ cpAlive = (c1 :> TRUE)
/\ failAccepted = [j1 |-> FALSE, j2 |-> FALSE]
/\ free = (c1 :> (u1 :> 0))
/\ using = (c1 :> [j1 |-> {u1}, j2 |-> {}])
/\ cjAbortMsg = (c1 :> [j1 |-> 0, j2 |-> 0])
/\ resv = (c1 :> {})
/\ fc = [ hb |-> 0,
  lose |-> 0,
  chkTO |-> 0,
  stTO |-> 0,
  depFail |-> 0,
  sjLaunchFail |-> 0,
  backoff |-> 0,
  sjError |-> 0,
  sjCrash |-> 0,
  cjError |-> 0,
  cjUnsafe |-> 0,
  cjDesc |-> 0,
  cpLaunchFail |-> 0,
  crash |-> 0,
  abort |-> 1,
  delete |-> 0,
  disable |-> 0,
  appMissing |-> 0 ]
/\ abortDropped = (c1 :> [j1 |-> FALSE, j2 |-> FALSE])
/\ ackInWindow = [j1 |-> FALSE, j2 |-> FALSE]
/\ nextAtt = 3
/\ endedEv = [j1 |-> FALSE, j2 |-> FALSE]
/\ cjReg = ( c1 :>
      [ j1 |->
            [ st |-> "STARTING",
              attached |-> TRUE,
              pendAbort |-> FALSE,
              abortReq |-> FALSE ],
        j2 |-> None ] )
/\ alloc = (c1 :> [j1 |-> {u1}, j2 |-> {}])
/\ ackStop = [j1 |-> FALSE, j2 |-> FALSE]
/\ cpc = [job |-> None, pc |-> "Idle"]
/\ termP = (c1 :> [j1 |-> 0, j2 |-> 0])
/\ waiter = (c1 :> [j1 |-> TRUE, j2 |-> FALSE])
/\ postAckLaunch = [j1 |-> FALSE, j2 |-> FALSE]
/\ sessions = {c1}
/\ rp = [ j1 |-> [rc |-> 0, exeErr |-> FALSE, parts |-> {c1}, finished |-> FALSE],
  j2 |-> None ]
/\ cst = (c1 :> [j1 |-> None, j2 |-> None])
/\ sj = [j1 |-> "Running", j2 |-> "None"]
/\ sweeper = [cl |-> None, pc |-> "Idle", snap |-> 0, blocking |-> FALSE]
/\ cjRC = (c1 :> [j1 |-> 0, j2 |-> 0])
/\ startedEv = [j1 |-> TRUE, j2 |-> FALSE]
/\ exeErrRec = [j1 |-> FALSE, j2 |-> FALSE]
/\ launches = [j1 |-> 1, j2 |-> 0]
/\ pending = [j1 |-> {c1}, j2 |-> None]
/\ sjAbortHandled = [j1 |-> FALSE, j2 |-> FALSE]
/\ cjProc = (c1 :> [j1 |-> "Alive", j2 |-> "None"])
/\ msgs = ( [ ok |-> FALSE,
    code |-> 0,
    flag |-> FALSE,
    type |-> "CHECK",
    job |-> "j2",
    cl |-> c1,
    att |-> 2 ] :>
      1 )
/\ wfc = [j1 |-> TRUE, j2 |-> FALSE]
/\ tagged = {"j1"}
/\ rmp = [j1 |-> 0, j2 |-> 0]
/\ shared = [j1 |-> FALSE, j2 |-> FALSE]
/\ disabled = {}
/\ sjErr = [j1 |-> FALSE, j2 |-> FALSE]
/\ latched = [j1 |-> None, j2 |-> None]
/\ rpc = [ job |-> "j2",
  att |-> 2,
  pc |-> "CheckWait",
  listed |-> {},
  queue |-> <<>>,
  cnt |-> [j1 |-> 1, j2 |-> 0],
  chk |-> {c1},
  failed |-> <<>>,
  blocked |-> <<>>,
  fb |-> <<>>,
  ready |-> None,
  disp |-> {},
  dep |-> {},
  jid |-> FALSE,
  snap |-> None,
  sreq |-> {} ]
/\ exc = [j1 |-> None, j2 |-> None]
/\ runningJobs = {"j1"}
/\ failRunRec = [j1 |-> FALSE, j2 |-> FALSE]
/\ startFailCause = [j1 |-> "none", j2 |-> "none"]
/\ adm = [ j1 |-> [pc |-> "Idle", snap |-> None],
  j2 |-> [pc |-> "AbortWrite", snap |-> "SUBMITTED"] ]
/\ slots = {"j1"}
/\ termHb = (c1 :> [j1 |-> 0, j2 |-> 0])
/\ grp = (c1 :> [j1 |-> FALSE, j2 |-> FALSE])
/\ wfcStale = [j1 |-> None, j2 |-> None]
/\ pCount = [j1 |-> 1, j2 |-> 0]
/\ status = [j1 |-> "RUNNING", j2 |-> "SUBMITTED"]
/\ ovw = {}
/\ firstTerm = [j1 |-> None, j2 |-> None]
/\ ackAbort = [j1 |-> FALSE, j2 |-> FALSE]
/\ sjRC = [j1 |-> 0, j2 |-> 0]
/\ runAborted = [j1 |-> FALSE, j2 |-> FALSE]

State 24: <MsgCheckResource line 156, col 31 to line 156, col 73 of module MC>
/\ cpAlive = (c1 :> TRUE)
/\ failAccepted = [j1 |-> FALSE, j2 |-> FALSE]
/\ free = (c1 :> (u1 :> 0))
/\ using = (c1 :> [j1 |-> {u1}, j2 |-> {}])
/\ cjAbortMsg = (c1 :> [j1 |-> 0, j2 |-> 0])
/\ resv = (c1 :> {})
/\ fc = [ hb |-> 0,
  lose |-> 0,
  chkTO |-> 0,
  stTO |-> 0,
  depFail |-> 0,
  sjLaunchFail |-> 0,
  backoff |-> 0,
  sjError |-> 0,
  sjCrash |-> 0,
  cjError |-> 0,
  cjUnsafe |-> 0,
  cjDesc |-> 0,
  cpLaunchFail |-> 0,
  crash |-> 0,
  abort |-> 1,
  delete |-> 0,
  disable |-> 0,
  appMissing |-> 0 ]
/\ abortDropped = (c1 :> [j1 |-> FALSE, j2 |-> FALSE])
/\ ackInWindow = [j1 |-> FALSE, j2 |-> FALSE]
/\ nextAtt = 3
/\ endedEv = [j1 |-> FALSE, j2 |-> FALSE]
/\ cjReg = ( c1 :>
      [ j1 |->
            [ st |-> "STARTING",
              attached |-> TRUE,
              pendAbort |-> FALSE,
              abortReq |-> FALSE ],
        j2 |-> None ] )
/\ alloc = (c1 :> [j1 |-> {u1}, j2 |-> {}])
/\ ackStop = [j1 |-> FALSE, j2 |-> FALSE]
/\ cpc = [job |-> None, pc |-> "Idle"]
/\ termP = (c1 :> [j1 |-> 0, j2 |-> 0])
/\ waiter = (c1 :> [j1 |-> TRUE, j2 |-> FALSE])
/\ postAckLaunch = [j1 |-> FALSE, j2 |-> FALSE]
/\ sessions = {c1}
/\ rp = [ j1 |-> [rc |-> 0, exeErr |-> FALSE, parts |-> {c1}, finished |-> FALSE],
  j2 |-> None ]
/\ cst = (c1 :> [j1 |-> None, j2 |-> None])
/\ sj = [j1 |-> "Running", j2 |-> "None"]
/\ sweeper = [cl |-> None, pc |-> "Idle", snap |-> 0, blocking |-> FALSE]
/\ cjRC = (c1 :> [j1 |-> 0, j2 |-> 0])
/\ startedEv = [j1 |-> TRUE, j2 |-> FALSE]
/\ exeErrRec = [j1 |-> FALSE, j2 |-> FALSE]
/\ launches = [j1 |-> 1, j2 |-> 0]
/\ pending = [j1 |-> {c1}, j2 |-> None]
/\ sjAbortHandled = [j1 |-> FALSE, j2 |-> FALSE]
/\ cjProc = (c1 :> [j1 |-> "Alive", j2 |-> "None"])
/\ msgs = ( [ ok |-> FALSE,
    code |-> 0,
    flag |-> FALSE,
    type |-> "CHECK_REP",
    job |-> "j2",
    cl |-> c1,
    att |-> 2 ] :>
      1 )
/\ wfc = [j1 |-> TRUE, j2 |-> FALSE]
/\ tagged = {"j1"}
/\ rmp = [j1 |-> 0, j2 |-> 0]
/\ shared = [j1 |-> FALSE, j2 |-> FALSE]
/\ disabled = {}
/\ sjErr = [j1 |-> FALSE, j2 |-> FALSE]
/\ latched = [j1 |-> None, j2 |-> None]
/\ rpc = [ job |-> "j2",
  att |-> 2,
  pc |-> "CheckWait",
  listed |-> {},
  queue |-> <<>>,
  cnt |-> [j1 |-> 1, j2 |-> 0],
  chk |-> {c1},
  failed |-> <<>>,
  blocked |-> <<>>,
  fb |-> <<>>,
  ready |-> None,
  disp |-> {},
  dep |-> {},
  jid |-> FALSE,
  snap |-> None,
  sreq |-> {} ]
/\ exc = [j1 |-> None, j2 |-> None]
/\ runningJobs = {"j1"}
/\ failRunRec = [j1 |-> FALSE, j2 |-> FALSE]
/\ startFailCause = [j1 |-> "none", j2 |-> "none"]
/\ adm = [ j1 |-> [pc |-> "Idle", snap |-> None],
  j2 |-> [pc |-> "AbortWrite", snap |-> "SUBMITTED"] ]
/\ slots = {"j1"}
/\ termHb = (c1 :> [j1 |-> 0, j2 |-> 0])
/\ grp = (c1 :> [j1 |-> FALSE, j2 |-> FALSE])
/\ wfcStale = [j1 |-> None, j2 |-> None]
/\ pCount = [j1 |-> 1, j2 |-> 0]
/\ status = [j1 |-> "RUNNING", j2 |-> "SUBMITTED"]
/\ ovw = {}
/\ firstTerm = [j1 |-> None, j2 |-> None]
/\ ackAbort = [j1 |-> FALSE, j2 |-> FALSE]
/\ sjRC = [j1 |-> 0, j2 |-> 0]
/\ runAborted = [j1 |-> FALSE, j2 |-> FALSE]

State 25: <MCRunnerCheckCollect line 107, col 28 to line 107, col 70 of module MC>
/\ cpAlive = (c1 :> TRUE)
/\ failAccepted = [j1 |-> FALSE, j2 |-> FALSE]
/\ free = (c1 :> (u1 :> 0))
/\ using = (c1 :> [j1 |-> {u1}, j2 |-> {}])
/\ cjAbortMsg = (c1 :> [j1 |-> 0, j2 |-> 0])
/\ resv = (c1 :> {})
/\ fc = [ hb |-> 0,
  lose |-> 0,
  chkTO |-> 0,
  stTO |-> 0,
  depFail |-> 0,
  sjLaunchFail |-> 0,
  backoff |-> 0,
  sjError |-> 0,
  sjCrash |-> 0,
  cjError |-> 0,
  cjUnsafe |-> 0,
  cjDesc |-> 0,
  cpLaunchFail |-> 0,
  crash |-> 0,
  abort |-> 1,
  delete |-> 0,
  disable |-> 0,
  appMissing |-> 0 ]
/\ abortDropped = (c1 :> [j1 |-> FALSE, j2 |-> FALSE])
/\ ackInWindow = [j1 |-> FALSE, j2 |-> FALSE]
/\ nextAtt = 3
/\ endedEv = [j1 |-> FALSE, j2 |-> FALSE]
/\ cjReg = ( c1 :>
      [ j1 |->
            [ st |-> "STARTING",
              attached |-> TRUE,
              pendAbort |-> FALSE,
              abortReq |-> FALSE ],
        j2 |-> None ] )
/\ alloc = (c1 :> [j1 |-> {u1}, j2 |-> {}])
/\ ackStop = [j1 |-> FALSE, j2 |-> FALSE]
/\ cpc = [job |-> None, pc |-> "Idle"]
/\ termP = (c1 :> [j1 |-> 0, j2 |-> 0])
/\ waiter = (c1 :> [j1 |-> TRUE, j2 |-> FALSE])
/\ postAckLaunch = [j1 |-> FALSE, j2 |-> FALSE]
/\ sessions = {c1}
/\ rp = [ j1 |-> [rc |-> 0, exeErr |-> FALSE, parts |-> {c1}, finished |-> FALSE],
  j2 |-> None ]
/\ cst = (c1 :> [j1 |-> None, j2 |-> None])
/\ sj = [j1 |-> "Running", j2 |-> "None"]
/\ sweeper = [cl |-> None, pc |-> "Idle", snap |-> 0, blocking |-> FALSE]
/\ cjRC = (c1 :> [j1 |-> 0, j2 |-> 0])
/\ startedEv = [j1 |-> TRUE, j2 |-> FALSE]
/\ exeErrRec = [j1 |-> FALSE, j2 |-> FALSE]
/\ launches = [j1 |-> 1, j2 |-> 0]
/\ pending = [j1 |-> {c1}, j2 |-> None]
/\ sjAbortHandled = [j1 |-> FALSE, j2 |-> FALSE]
/\ cjProc = (c1 :> [j1 |-> "Alive", j2 |-> "None"])
/\ msgs = <<>>
/\ wfc = [j1 |-> TRUE, j2 |-> FALSE]
/\ tagged = {"j1"}
/\ rmp = [j1 |-> 0, j2 |-> 0]
/\ shared = [j1 |-> FALSE, j2 |-> FALSE]
/\ disabled = {}
/\ sjErr = [j1 |-> FALSE, j2 |-> FALSE]
/\ latched = [j1 |-> None, j2 |-> None]
/\ rpc = [ job |-> None,
  att |-> 2,
  pc |-> "TryNext",
  listed |-> {},
  queue |-> <<>>,
  cnt |-> [j1 |-> 1, j2 |-> 1],
  chk |-> {},
  failed |-> <<[k |-> "failed", j |-> "j2"]>>,
  blocked |-> <<>>,
  fb |-> <<>>,
  ready |-> None,
  disp |-> {},
  dep |-> {},
  jid |-> FALSE,
  snap |-> None,
  sreq |-> {} ]
/\ exc = [j1 |-> None, j2 |-> None]
/\ runningJobs = {"j1"}
/\ failRunRec = [j1 |-> FALSE, j2 |-> FALSE]
/\ startFailCause = [j1 |-> "none", j2 |-> "none"]
/\ adm = [ j1 |-> [pc |-> "Idle", snap |-> None],
  j2 |-> [pc |-> "AbortWrite", snap |-> "SUBMITTED"] ]
/\ slots = {"j1"}
/\ termHb = (c1 :> [j1 |-> 0, j2 |-> 0])
/\ grp = (c1 :> [j1 |-> FALSE, j2 |-> FALSE])
/\ wfcStale = [j1 |-> None, j2 |-> None]
/\ pCount = [j1 |-> 1, j2 |-> 0]
/\ status = [j1 |-> "RUNNING", j2 |-> "SUBMITTED"]
/\ ovw = {}
/\ firstTerm = [j1 |-> None, j2 |-> None]
/\ ackAbort = [j1 |-> FALSE, j2 |-> FALSE]
/\ sjRC = [j1 |-> 0, j2 |-> 0]
/\ runAborted = [j1 |-> FALSE, j2 |-> FALSE]

State 26: <MCRunnerTryDone line 106, col 28 to line 106, col 65 of module MC>
/\ cpAlive = (c1 :> TRUE)
/\ failAccepted = [j1 |-> FALSE, j2 |-> FALSE]
/\ free = (c1 :> (u1 :> 0))
/\ using = (c1 :> [j1 |-> {u1}, j2 |-> {}])
/\ cjAbortMsg = (c1 :> [j1 |-> 0, j2 |-> 0])
/\ resv = (c1 :> {})
/\ fc = [ hb |-> 0,
  lose |-> 0,
  chkTO |-> 0,
  stTO |-> 0,
  depFail |-> 0,
  sjLaunchFail |-> 0,
  backoff |-> 0,
  sjError |-> 0,
  sjCrash |-> 0,
  cjError |-> 0,
  cjUnsafe |-> 0,
  cjDesc |-> 0,
  cpLaunchFail |-> 0,
  crash |-> 0,
  abort |-> 1,
  delete |-> 0,
  disable |-> 0,
  appMissing |-> 0 ]
/\ abortDropped = (c1 :> [j1 |-> FALSE, j2 |-> FALSE])
/\ ackInWindow = [j1 |-> FALSE, j2 |-> FALSE]
/\ nextAtt = 3
/\ endedEv = [j1 |-> FALSE, j2 |-> FALSE]
/\ cjReg = ( c1 :>
      [ j1 |->
            [ st |-> "STARTING",
              attached |-> TRUE,
              pendAbort |-> FALSE,
              abortReq |-> FALSE ],
        j2 |-> None ] )
/\ alloc = (c1 :> [j1 |-> {u1}, j2 |-> {}])
/\ ackStop = [j1 |-> FALSE, j2 |-> FALSE]
/\ cpc = [job |-> None, pc |-> "Idle"]
/\ termP = (c1 :> [j1 |-> 0, j2 |-> 0])
/\ waiter = (c1 :> [j1 |-> TRUE, j2 |-> FALSE])
/\ postAckLaunch = [j1 |-> FALSE, j2 |-> FALSE]
/\ sessions = {c1}
/\ rp = [ j1 |-> [rc |-> 0, exeErr |-> FALSE, parts |-> {c1}, finished |-> FALSE],
  j2 |-> None ]
/\ cst = (c1 :> [j1 |-> None, j2 |-> None])
/\ sj = [j1 |-> "Running", j2 |-> "None"]
/\ sweeper = [cl |-> None, pc |-> "Idle", snap |-> 0, blocking |-> FALSE]
/\ cjRC = (c1 :> [j1 |-> 0, j2 |-> 0])
/\ startedEv = [j1 |-> TRUE, j2 |-> FALSE]
/\ exeErrRec = [j1 |-> FALSE, j2 |-> FALSE]
/\ launches = [j1 |-> 1, j2 |-> 0]
/\ pending = [j1 |-> {c1}, j2 |-> None]
/\ sjAbortHandled = [j1 |-> FALSE, j2 |-> FALSE]
/\ cjProc = (c1 :> [j1 |-> "Alive", j2 |-> "None"])
/\ msgs = <<>>
/\ wfc = [j1 |-> TRUE, j2 |-> FALSE]
/\ tagged = {"j1"}
/\ rmp = [j1 |-> 0, j2 |-> 0]
/\ shared = [j1 |-> FALSE, j2 |-> FALSE]
/\ disabled = {}
/\ sjErr = [j1 |-> FALSE, j2 |-> FALSE]
/\ latched = [j1 |-> None, j2 |-> None]
/\ rpc = [ job |-> None,
  att |-> 0,
  pc |-> "RefreshRead",
  listed |-> {},
  queue |-> <<>>,
  cnt |-> [j1 |-> 1, j2 |-> 1],
  chk |-> {},
  failed |-> <<>>,
  blocked |-> <<>>,
  fb |-> <<[k |-> "failed", j |-> "j2"]>>,
  ready |-> None,
  disp |-> {},
  dep |-> {},
  jid |-> FALSE,
  snap |-> None,
  sreq |-> {} ]
/\ exc = [j1 |-> None, j2 |-> None]
/\ runningJobs = {"j1"}
/\ failRunRec = [j1 |-> FALSE, j2 |-> FALSE]
/\ startFailCause = [j1 |-> "none", j2 |-> "none"]
/\ adm = [ j1 |-> [pc |-> "Idle", snap |-> None],
  j2 |-> [pc |-> "AbortWrite", snap |-> "SUBMITTED"] ]
/\ slots = {"j1"}
/\ termHb = (c1 :> [j1 |-> 0, j2 |-> 0])
/\ grp = (c1 :> [j1 |-> FALSE, j2 |-> FALSE])
/\ wfcStale = [j1 |-> None, j2 |-> None]
/\ pCount = [j1 |-> 1, j2 |-> 0]
/\ status = [j1 |-> "RUNNING", j2 |-> "SUBMITTED"]
/\ ovw = {}
/\ firstTerm = [j1 |-> None, j2 |-> None]
/\ ackAbort = [j1 |-> FALSE, j2 |-> FALSE]
/\ sjRC = [j1 |-> 0, j2 |-> 0]
/\ runAborted = [j1 |-> FALSE, j2 |-> FALSE]

State 27: <MCRunnerRefreshRead line 108, col 28 to line 108, col 69 of module MC>
/\ cpAlive = (c1 :> TRUE)
/\ failAccepted = [j1 |-> FALSE, j2 |-> FALSE]
/\ free = (c1 :> (u1 :> 0))
/\ using = (c1 :> [j1 |-> {u1}, j2 |-> {}])
/\ cjAbortMsg = (c1 :> [j1 |-> 0, j2 |-> 0])
/\ resv = (c1 :> {})
/\ fc = [ hb |-> 0,
  lose |-> 0,
  chkTO |-> 0,
  stTO |-> 0,
  depFail |-> 0,
  sjLaunchFail |-> 0,
  backoff |-> 0,
  sjError |-> 0,
  sjCrash |-> 0,
  cjError |-> 0,
  cjUnsafe |-> 0,
  cjDesc |-> 0,
  cpLaunchFail |-> 0,
  crash |-> 0,
  abort |-> 1,
  delete |-> 0,
  disable |-> 0,
  appMissing |-> 0 ]
/\ abortDropped = (c1 :> [j1 |-> FALSE, j2 |-> FALSE])
/\ ackInWindow = [j1 |-> FALSE, j2 |-> FALSE]
/\ nextAtt = 3
/\ endedEv = [j1 |-> FALSE, j2 |-> FALSE]
/\ cjReg = ( c1 :>
      [ j1 |->
            [ st |-> "STARTING",
              attached |-> TRUE,
              pendAbort |-> FALSE,
              abortReq |-> FALSE ],
        j2 |-> None ] )
/\ alloc = (c1 :> [j1 |-> {u1}, j2 |-> {}])
/\ ackStop = [j1 |-> FALSE, j2 |-> FALSE]
/\ cpc = [job |-> None, pc |-> "Idle"]
/\ termP = (c1 :> [j1 |-> 0, j2 |-> 0])
/\ waiter = (c1 :> [j1 |-> TRUE, j2 |-> FALSE])
/\ postAckLaunch = [j1 |-> FALSE, j2 |-> FALSE]
/\ sessions = {c1}
/\ rp = [ j1 |-> [rc |-> 0, exeErr |-> FALSE, parts |-> {c1}, finished |-> FALSE],
  j2 |-> None ]
/\ cst = (c1 :> [j1 |-> None, j2 |-> None])
/\ sj = [j1 |-> "Running", j2 |-> "None"]
/\ sweeper = [cl |-> None, pc |-> "Idle", snap |-> 0, blocking |-> FALSE]
/\ cjRC = (c1 :> [j1 |-> 0, j2 |-> 0])
/\ startedEv = [j1 |-> TRUE, j2 |-> FALSE]
/\ exeErrRec = [j1 |-> FALSE, j2 |-> FALSE]
/\ launches = [j1 |-> 1, j2 |-> 0]
/\ pending = [j1 |-> {c1}, j2 |-> None]
/\ sjAbortHandled = [j1 |-> FALSE, j2 |-> FALSE]
/\ cjProc = (c1 :> [j1 |-> "Alive", j2 |-> "None"])
/\ msgs = <<>>
/\ wfc = [j1 |-> TRUE, j2 |-> FALSE]
/\ tagged = {"j1"}
/\ rmp = [j1 |-> 0, j2 |-> 0]
/\ shared = [j1 |-> FALSE, j2 |-> FALSE]
/\ disabled = {}
/\ sjErr = [j1 |-> FALSE, j2 |-> FALSE]
/\ latched = [j1 |-> None, j2 |-> None]
/\ rpc = [ job |-> None,
  att |-> 0,
  pc |-> "RefreshWrite",
  listed |-> {},
  queue |-> <<>>,
  cnt |-> [j1 |-> 1, j2 |-> 1],
  chk |-> {},
  failed |-> <<>>,
  blocked |-> <<>>,
  fb |-> <<[k |-> "failed", j |-> "j2"]>>,
  ready |-> None,
  disp |-> {},
  dep |-> {},
  jid |-> FALSE,
  snap |-> "SUBMITTED",
  sreq |-> {} ]
/\ exc = [j1 |-> None, j2 |-> None]
/\ runningJobs = {"j1"}
/\ failRunRec = [j1 |-> FALSE, j2 |-> FALSE]
/\ startFailCause = [j1 |-> "none", j2 |-> "none"]
/\ adm = [ j1 |-> [pc |-> "Idle", snap |-> None],
  j2 |-> [pc |-> "AbortWrite", snap |-> "SUBMITTED"] ]
/\ slots = {"j1"}
/\ termHb = (c1 :> [j1 |-> 0, j2 |-> 0])
/\ grp = (c1 :> [j1 |-> FALSE, j2 |-> FALSE])
/\ wfcStale = [j1 |-> None, j2 |-> None]
/\ pCount = [j1 |-> 1, j2 |-> 0]
/\ status = [j1 |-> "RUNNING", j2 |-> "SUBMITTED"]
/\ ovw = {}
/\ firstTerm = [j1 |-> None, j2 |-> None]
/\ ackAbort = [j1 |-> FALSE, j2 |-> FALSE]
/\ sjRC = [j1 |-> 0, j2 |-> 0]
/\ runAborted = [j1 |-> FALSE, j2 |-> FALSE]

State 28: <MCAdminAbortWrite("j2") line 127, col 28 to line 127, col 70 of module MC>
/\ cpAlive = (c1 :> TRUE)
/\ failAccepted = [j1 |-> FALSE, j2 |-> FALSE]
/\ free = (c1 :> (u1 :> 0))
/\ using = (c1 :> [j1 |-> {u1}, j2 |-> {}])
/\ cjAbortMsg = (c1 :> [j1 |-> 0, j2 |-> 0])
/\ resv = (c1 :> {})
/\ fc = [ hb |-> 0,
  lose |-> 0,
  chkTO |-> 0,
  stTO |-> 0,
  depFail |-> 0,
  sjLaunchFail |-> 0,
  backoff |-> 0,
  sjError |-> 0,
  sjCrash |-> 0,
  cjError |-> 0,
  cjUnsafe |-> 0,
  cjDesc |-> 0,
  cpLaunchFail |-> 0,
  crash |-> 0,
  abort |-> 1,
  delete |-> 0,
  disable |-> 0,
  appMissing |-> 0 ]
/\ abortDropped = (c1 :> [j1 |-> FALSE, j2 |-> FALSE])
/\ ackInWindow = [j1 |-> FALSE, j2 |-> FALSE]
/\ nextAtt = 3
/\ endedEv = [j1 |-> FALSE, j2 |-> FALSE]
/\ cjReg = ( c1 :>
      [ j1 |->
            [ st |-> "STARTING",
              attached |-> TRUE,
              pendAbort |-> FALSE,
              abortReq |-> FALSE ],
        j2 |-> None ] )
/\ alloc = (c1 :> [j1 |-> {u1}, j2 |-> {}])
/\ ackStop = [j1 |-> FALSE, j2 |-> FALSE]
/\ cpc = [job |-> None, pc |-> "Idle"]
/\ termP = (c1 :> [j1 |-> 0, j2 |-> 0])
/\ waiter = (c1 :> [j1 |-> TRUE, j2 |-> FALSE])
/\ postAckLaunch = [j1 |-> FALSE, j2 |-> FALSE]
/\ sessions = {c1}
/\ rp = [ j1 |-> [rc |-> 0, exeErr |-> FALSE, parts |-> {c1}, finished |-> FALSE],
  j2 |-> None ]
/\ cst = (c1 :> [j1 |-> None, j2 |-> None])
/\ sj = [j1 |-> "Running", j2 |-> "None"]
/\ sweeper = [cl |-> None, pc |-> "Idle", snap |-> 0, blocking |-> FALSE]
/\ cjRC = (c1 :> [j1 |-> 0, j2 |-> 0])
/\ startedEv = [j1 |-> TRUE, j2 |-> FALSE]
/\ exeErrRec = [j1 |-> FALSE, j2 |-> FALSE]
/\ launches = [j1 |-> 1, j2 |-> 0]
/\ pending = [j1 |-> {c1}, j2 |-> None]
/\ sjAbortHandled = [j1 |-> FALSE, j2 |-> FALSE]
/\ cjProc = (c1 :> [j1 |-> "Alive", j2 |-> "None"])
/\ msgs = <<>>
/\ wfc = [j1 |-> TRUE, j2 |-> FALSE]
/\ tagged = {"j1"}
/\ rmp = [j1 |-> 0, j2 |-> 0]
/\ shared = [j1 |-> FALSE, j2 |-> FALSE]
/\ disabled = {}
/\ sjErr = [j1 |-> FALSE, j2 |-> FALSE]
/\ latched = [j1 |-> None, j2 |-> None]
/\ rpc = [ job |-> None,
  att |-> 0,
  pc |-> "RefreshWrite",
  listed |-> {},
  queue |-> <<>>,
  cnt |-> [j1 |-> 1, j2 |-> 1],
  chk |-> {},
  failed |-> <<>>,
  blocked |-> <<>>,
  fb |-> <<[k |-> "failed", j |-> "j2"]>>,
  ready |-> None,
  disp |-> {},
  dep |-> {},
  jid |-> FALSE,
  snap |-> "SUBMITTED",
  sreq |-> {} ]
/\ exc = [j1 |-> None, j2 |-> None]
/\ runningJobs = {"j1"}
/\ failRunRec = [j1 |-> FALSE, j2 |-> FALSE]
/\ startFailCause = [j1 |-> "none", j2 |-> "none"]
/\ adm = [j1 |-> [pc |-> "Idle", snap |-> None], j2 |-> [pc |-> "Idle", snap |-> None]]
/\ slots = {"j1"}
/\ termHb = (c1 :> [j1 |-> 0, j2 |-> 0])
/\ grp = (c1 :> [j1 |-> FALSE, j2 |-> FALSE])
/\ wfcStale = [j1 |-> None, j2 |-> None]
/\ pCount = [j1 |-> 1, j2 |-> 0]
/\ status = [j1 |-> "RUNNING", j2 |-> "FINISHED:ABORTED"]
/\ ovw = {}
/\ firstTerm = [j1 |-> None, j2 |-> "FINISHED:ABORTED"]
/\ ackAbort = [j1 |-> FALSE, j2 |-> TRUE]
/\ sjRC = [j1 |-> 0, j2 |-> 0]
/\ runAborted = [j1 |-> FALSE, j2 |-> FALSE]

State 29: <MCRunnerRefreshWrite line 109, col 28 to line 109, col 70 of module MC>
/\ cpAlive = (c1 :> TRUE)
/\ failAccepted = [j1 |-> FALSE, j2 |-> FALSE]
/\ free = (c1 :> (u1 :> 0))
/\ using = (c1 :> [j1 |-> {u1}, j2 |-> {}])
/\ cjAbortMsg = (c1 :> [j1 |-> 0, j2 |-> 0])
/\ resv = (c1 :> {})
/\ fc = [ hb |-> 0,
  lose |-> 0,
  chkTO |-> 0,
  stTO |-> 0,
  depFail |-> 0,
  sjLaunchFail |-> 0,
  backoff |-> 0,
  sjError |-> 0,
  sjCrash |-> 0,
  cjError |-> 0,
  cjUnsafe |-> 0,
  cjDesc |-> 0,
  cpLaunchFail |-> 0,
  crash |-> 0,
  abort |-> 1,
  delete |-> 0,
  disable |-> 0,
  appMissing |-> 0 ]
/\ abortDropped = (c1 :> [j1 |-> FALSE, j2 |-> FALSE])
/\ ackInWindow = [j1 |-> FALSE, j2 |-> FALSE]
/\ nextAtt = 3
/\ endedEv = [j1 |-> FALSE, j2 |-> FALSE]
/\ cjReg = ( c1 :>
      [ j1 |->
            [ st |-> "STARTING",
              attached |-> TRUE,
              pendAbort |-> FALSE,
              abortReq |-> FALSE ],
        j2 |-> None ] )
/\ alloc = (c1 :> [j1 |-> {u1}, j2 |-> {}])
/\ ackStop = [j1 |-> FALSE, j2 |-> FALSE]
/\ cpc = [job |-> None, pc |-> "Idle"]
/\ termP = (c1 :> [j1 |-> 0, j2 |-> 0])
/\ waiter = (c1 :> [j1 |-> TRUE, j2 |-> FALSE])
/\ postAckLaunch = [j1 |-> FALSE, j2 |-> FALSE]
/\ sessions = {c1}
/\ rp = [ j1 |-> [rc |-> 0, exeErr |-> FALSE, parts |-> {c1}, finished |-> FALSE],
  j2 |-> None ]
/\ cst = (c1 :> [j1 |-> None, j2 |-> None])
/\ sj = [j1 |-> "Running", j2 |-> "None"]
/\ sweeper = [cl |-> None, pc |-> "Idle", snap |-> 0, blocking |-> FALSE]
/\ cjRC = (c1 :> [j1 |-> 0, j2 |-> 0])
/\ startedEv = [j1 |-> TRUE, j2 |-> FALSE]
/\ exeErrRec = [j1 |-> FALSE, j2 |-> FALSE]
/\ launches = [j1 |-> 1, j2 |-> 0]
/\ pending = [j1 |-> {c1}, j2 |-> None]
/\ sjAbortHandled = [j1 |-> FALSE, j2 |-> FALSE]
/\ cjProc = (c1 :> [j1 |-> "Alive", j2 |-> "None"])
/\ msgs = <<>>
/\ wfc = [j1 |-> TRUE, j2 |-> FALSE]
/\ tagged = {"j1"}
/\ rmp = [j1 |-> 0, j2 |-> 0]
/\ shared = [j1 |-> FALSE, j2 |-> FALSE]
/\ disabled = {}
/\ sjErr = [j1 |-> FALSE, j2 |-> FALSE]
/\ latched = [j1 |-> None, j2 |-> None]
/\ rpc = [ job |-> None,
  att |-> 0,
  pc |-> "Scan",
  listed |-> {},
  queue |-> <<>>,
  cnt |-> [j1 |-> 0, j2 |-> 0],
  chk |-> {},
  failed |-> <<>>,
  blocked |-> <<>>,
  fb |-> <<>>,
  ready |-> None,
  disp |-> {},
  dep |-> {},
  jid |-> FALSE,
  snap |-> None,
  sreq |-> {} ]
/\ exc = [j1 |-> None, j2 |-> None]
/\ runningJobs = {"j1"}
/\ failRunRec = [j1 |-> FALSE, j2 |-> FALSE]
/\ startFailCause = [j1 |-> "none", j2 |-> "none"]
/\ adm = [j1 |-> [pc |-> "Idle", snap |-> None], j2 |-> [pc |-> "Idle", snap |-> None]]
/\ slots = {"j1"}
/\ termHb = (c1 :> [j1 |-> 0, j2 |-> 0])
/\ grp = (c1 :> [j1 |-> FALSE, j2 |-> FALSE])
/\ wfcStale = [j1 |-> None, j2 |-> None]
/\ pCount = [j1 |-> 1, j2 |-> 1]
/\ status = [j1 |-> "RUNNING", j2 |-> "SUBMITTED"]
/\ ovw = { [ j |-> "j2",
    w |-> "RefreshWrite",
    from |-> "FINISHED:ABORTED",
    to |-> "SUBMITTED" ] }
/\ firstTerm = [j1 |-> None, j2 |-> "FINISHED:ABORTED"]
/\ ackAbort = [j1 |-> FALSE, j2 |-> TRUE]
/\ sjRC = [j1 |-> 0, j2 |-> 0]
/\ runAborted = [j1 |-> FALSE, j2 |-> FALSE]

61176 states generated, 18742 distinct states found, 5455 states left on queue.
The depth of the complete state graph search is 29.
Checkpointing of run /home/experiment/tmp/tlc-states-EUiRSC/26-09-25-19-00-55.539
Checkpointing completed at (2026-09-25 19:00:57)
Finished in 01s at (2026-09-25 19:00:57)
Trace exploration spec path: ./MC_TTrace_1790362855.tla
