TLC2 Version 2026.09.23.154203 (rev: 4260e47)
Running breadth-first search Model-Checking with fp 104 and seed 3452252578597108317 with 1 worker on 16 cores with 3641MB heap and 64MB offheap memory [pid: 774784] (Linux 6.8.0-1044-azure amd64, Ubuntu 21.0.11 64bit, MSBDiskFPSet, DiskStateQueue).
Parsing file /home/experiment/runs/specula/nvflare-lite-full-opus55-20260925/full/run/nvflare-job/tlc-scratch/p3_r1a_repro/Trace.tla
Parsing file /home/experiment/runs/specula/nvflare-lite-full-opus55-20260925/full/run/nvflare-job/tlc-scratch/p3_r1a_repro/base.tla
Parsing file /tmp/tlc-17130133601423968811/Json.tla (jar:file:/home/experiment/repos/specula/lib/tla2tools.jar!/tla2sany/StandardModules/Json.tla)
Parsing file /tmp/tlc-17130133601423968811/IOUtils.tla (jar:file:/home/experiment/repos/specula/lib/CommunityModules-deps.jar!/IOUtils.tla)
Parsing file /tmp/tlc-17130133601423968811/Sequences.tla (jar:file:/home/experiment/repos/specula/lib/tla2tools.jar!/tla2sany/StandardModules/Sequences.tla)
Parsing file /tmp/tlc-17130133601423968811/TLC.tla (jar:file:/home/experiment/repos/specula/lib/tla2tools.jar!/tla2sany/StandardModules/TLC.tla)
Parsing file /tmp/tlc-17130133601423968811/_TLCTrace.tla (jar:file:/home/experiment/repos/specula/lib/tla2tools.jar!/tla2sany/StandardModules/_TLCTrace.tla)
Parsing file /tmp/tlc-17130133601423968811/Integers.tla (jar:file:/home/experiment/repos/specula/lib/tla2tools.jar!/tla2sany/StandardModules/Integers.tla)
Parsing file /tmp/tlc-17130133601423968811/FiniteSets.tla (jar:file:/home/experiment/repos/specula/lib/tla2tools.jar!/tla2sany/StandardModules/FiniteSets.tla)
Parsing file /tmp/tlc-17130133601423968811/Naturals.tla (jar:file:/home/experiment/repos/specula/lib/tla2tools.jar!/tla2sany/StandardModules/Naturals.tla)
Parsing file /tmp/tlc-17130133601423968811/TLCExt.tla (jar:file:/home/experiment/repos/specula/lib/tla2tools.jar!/tla2sany/StandardModules/TLCExt.tla)
Semantic processing of module Naturals
Semantic processing of module Integers
Semantic processing of module Sequences
Semantic processing of module FiniteSets
Semantic processing of module TLC
Semantic processing of module base
Semantic processing of module Json
Semantic processing of module IOUtils
Semantic processing of module TLCExt
Semantic processing of module _TLCTrace
Semantic processing of module Trace
Linting of module base
Linting of module Json
Linting of module IOUtils
Linting of module TLCExt
Linting of module _TLCTrace
Linting of module Trace
Starting... (2026-09-25 17:52:24)
Implied-temporal checking--satisfiability problem has 1 branches.
Computing initial states...
Finished computing initial states: 1 distinct state generated at 2026-09-25 17:52:24.
Progress(70) at 2026-09-25 17:52:24: 70 states generated, 70 distinct states found, 0 states left on queue.
Checking temporal properties for the complete state space with 70 total distinct states at (2026-09-25 17:52:24)
Error: Temporal property TraceMatched was violated.

Error: The following behavior constitutes a counter-example:

State 1: <Initial predicate>
/\ l = 1
/\ len = 72
/\ event = "RunnerScanList"
/\ seq = 1
/\ status = [j1 |-> "SUBMITTED"]
/\ rpc_pc = "Scan"
/\ cmp_pc = "Idle"
/\ slots = {}
/\ running = {}
/\ pending = [j1 |-> None]
/\ rp = [j1 |-> None]
/\ exc = [j1 |-> None]
/\ free = [c1 |-> [u0 |-> 1, u1 |-> 1], c2 |-> [u0 |-> 1, u1 |-> 1]]
/\ resv = [c1 |-> {}, c2 |-> {}]
/\ reg = [c1 |-> [j1 |-> None], c2 |-> [j1 |-> None]]
/\ msgs = <<>>

State 2: <Plain line 142, col 32 to line 142, col 70 of module Trace>
/\ l = 2
/\ len = 72
/\ event = "RunnerScanRead"
/\ seq = 2
/\ status = [j1 |-> "SUBMITTED"]
/\ rpc_pc = "ScanRead"
/\ cmp_pc = "Idle"
/\ slots = {}
/\ running = {}
/\ pending = [j1 |-> None]
/\ rp = [j1 |-> None]
/\ exc = [j1 |-> None]
/\ free = [c1 |-> [u0 |-> 1, u1 |-> 1], c2 |-> [u0 |-> 1, u1 |-> 1]]
/\ resv = [c1 |-> {}, c2 |-> {}]
/\ reg = [c1 |-> [j1 |-> None], c2 |-> [j1 |-> None]]
/\ msgs = <<>>

State 3: <Plain line 144, col 32 to line 144, col 70 of module Trace>
/\ l = 3
/\ len = 72
/\ event = "RunnerTryNext"
/\ seq = 3
/\ status = [j1 |-> "SUBMITTED"]
/\ rpc_pc = "TryNext"
/\ cmp_pc = "Idle"
/\ slots = {}
/\ running = {}
/\ pending = [j1 |-> None]
/\ rp = [j1 |-> None]
/\ exc = [j1 |-> None]
/\ free = [c1 |-> [u0 |-> 1, u1 |-> 1], c2 |-> [u0 |-> 1, u1 |-> 1]]
/\ resv = [c1 |-> {}, c2 |-> {}]
/\ reg = [c1 |-> [j1 |-> None], c2 |-> [j1 |-> None]]
/\ msgs = <<>>

State 4: <Plain line 145, col 32 to line 145, col 68 of module Trace>
/\ l = 4
/\ len = 72
/\ event = "CpCheckResource"
/\ seq = 4
/\ status = [j1 |-> "SUBMITTED"]
/\ rpc_pc = "CheckWait"
/\ cmp_pc = "Idle"
/\ slots = {}
/\ running = {}
/\ pending = [j1 |-> None]
/\ rp = [j1 |-> None]
/\ exc = [j1 |-> None]
/\ free = [c1 |-> [u0 |-> 1, u1 |-> 1], c2 |-> [u0 |-> 1, u1 |-> 1]]
/\ resv = [c1 |-> {}, c2 |-> {}]
/\ reg = [c1 |-> [j1 |-> None], c2 |-> [j1 |-> None]]
/\ msgs = ( [ type |-> "CHECK",
    job |-> "j1",
    cl |-> "c1",
    att |-> 1,
    ok |-> FALSE,
    code |-> 0,
    flag |-> FALSE ] :>
      1 @@
  [ type |-> "CHECK",
    job |-> "j1",
    cl |-> "c2",
    att |-> 1,
    ok |-> FALSE,
    code |-> 0,
    flag |-> FALSE ] :>
      1 )

State 5: <MsgEv line 201, col 30 to line 201, col 70 of module Trace>
/\ l = 5
/\ len = 72
/\ event = "CpCheckResource"
/\ seq = 5
/\ status = [j1 |-> "SUBMITTED"]
/\ rpc_pc = "CheckWait"
/\ cmp_pc = "Idle"
/\ slots = {}
/\ running = {}
/\ pending = [j1 |-> None]
/\ rp = [j1 |-> None]
/\ exc = [j1 |-> None]
/\ free = [c1 |-> [u0 |-> 0, u1 |-> 1], c2 |-> [u0 |-> 1, u1 |-> 1]]
/\ resv = [c1 |-> {[units |-> {"u0"}, job |-> "j1", tok |-> 1, ttl |-> 3]}, c2 |-> {}]
/\ reg = [c1 |-> [j1 |-> None], c2 |-> [j1 |-> None]]
/\ msgs = ( [ type |-> "CHECK",
    job |-> "j1",
    cl |-> "c2",
    att |-> 1,
    ok |-> FALSE,
    code |-> 0,
    flag |-> FALSE ] :>
      1 @@
  [ type |-> "CHECK_REP",
    job |-> "j1",
    cl |-> "c1",
    att |-> 1,
    ok |-> TRUE,
    code |-> 0,
    flag |-> FALSE ] :>
      1 )

State 6: <MsgEv line 201, col 30 to line 201, col 70 of module Trace>
/\ l = 6
/\ len = 72
/\ event = "RunnerCheckCollect"
/\ seq = 6
/\ status = [j1 |-> "SUBMITTED"]
/\ rpc_pc = "CheckWait"
/\ cmp_pc = "Idle"
/\ slots = {}
/\ running = {}
/\ pending = [j1 |-> None]
/\ rp = [j1 |-> None]
/\ exc = [j1 |-> None]
/\ free = [c1 |-> [u0 |-> 0, u1 |-> 1], c2 |-> [u0 |-> 0, u1 |-> 1]]
/\ resv = [ c1 |-> {[units |-> {"u0"}, job |-> "j1", tok |-> 1, ttl |-> 3]},
  c2 |-> {[units |-> {"u0"}, job |-> "j1", tok |-> 1, ttl |-> 3]} ]
/\ reg = [c1 |-> [j1 |-> None], c2 |-> [j1 |-> None]]
/\ msgs = ( [ type |-> "CHECK_REP",
    job |-> "j1",
    cl |-> "c1",
    att |-> 1,
    ok |-> TRUE,
    code |-> 0,
    flag |-> FALSE ] :>
      1 @@
  [ type |-> "CHECK_REP",
    job |-> "j1",
    cl |-> "c2",
    att |-> 1,
    ok |-> TRUE,
    code |-> 0,
    flag |-> FALSE ] :>
      1 )

State 7: <Plain line 148, col 32 to line 148, col 78 of module Trace>
/\ l = 7
/\ len = 72
/\ event = "RunnerCheckSubmitted"
/\ seq = 7
/\ status = [j1 |-> "SUBMITTED"]
/\ rpc_pc = "ChkSubmitted"
/\ cmp_pc = "Idle"
/\ slots = {}
/\ running = {}
/\ pending = [j1 |-> None]
/\ rp = [j1 |-> None]
/\ exc = [j1 |-> None]
/\ free = [c1 |-> [u0 |-> 0, u1 |-> 1], c2 |-> [u0 |-> 0, u1 |-> 1]]
/\ resv = [ c1 |-> {[units |-> {"u0"}, job |-> "j1", tok |-> 1, ttl |-> 3]},
  c2 |-> {[units |-> {"u0"}, job |-> "j1", tok |-> 1, ttl |-> 3]} ]
/\ reg = [c1 |-> [j1 |-> None], c2 |-> [j1 |-> None]]
/\ msgs = <<>>

State 8: <Plain line 153, col 32 to line 153, col 82 of module Trace>
/\ l = 8
/\ len = 72
/\ event = "RunnerDeployJob"
/\ seq = 8
/\ status = [j1 |-> "SUBMITTED"]
/\ rpc_pc = "Deploy"
/\ cmp_pc = "Idle"
/\ slots = {}
/\ running = {}
/\ pending = [j1 |-> None]
/\ rp = [j1 |-> None]
/\ exc = [j1 |-> None]
/\ free = [c1 |-> [u0 |-> 0, u1 |-> 1], c2 |-> [u0 |-> 0, u1 |-> 1]]
/\ resv = [ c1 |-> {[units |-> {"u0"}, job |-> "j1", tok |-> 1, ttl |-> 3]},
  c2 |-> {[units |-> {"u0"}, job |-> "j1", tok |-> 1, ttl |-> 3]} ]
/\ reg = [c1 |-> [j1 |-> None], c2 |-> [j1 |-> None]]
/\ msgs = <<>>

State 9: <RunnerDeployJobLogged line 155, col 5 to line 158, col 16 of module Trace>
/\ l = 9
/\ len = 72
/\ event = "RunnerSetDispatched"
/\ seq = 9
/\ status = [j1 |-> "SUBMITTED"]
/\ rpc_pc = "SetDispatched"
/\ cmp_pc = "Idle"
/\ slots = {}
/\ running = {}
/\ pending = [j1 |-> None]
/\ rp = [j1 |-> None]
/\ exc = [j1 |-> None]
/\ free = [c1 |-> [u0 |-> 0, u1 |-> 1], c2 |-> [u0 |-> 0, u1 |-> 1]]
/\ resv = [ c1 |-> {[units |-> {"u0"}, job |-> "j1", tok |-> 1, ttl |-> 3]},
  c2 |-> {[units |-> {"u0"}, job |-> "j1", tok |-> 1, ttl |-> 3]} ]
/\ reg = [c1 |-> [j1 |-> None], c2 |-> [j1 |-> None]]
/\ msgs = <<>>

State 10: <Plain line 159, col 32 to line 159, col 80 of module Trace>
/\ l = 10
/\ len = 72
/\ event = "RunnerMetaRead"
/\ seq = 10
/\ status = [j1 |-> "DISPATCHED"]
/\ rpc_pc = "MetaRead"
/\ cmp_pc = "Idle"
/\ slots = {}
/\ running = {}
/\ pending = [j1 |-> None]
/\ rp = [j1 |-> None]
/\ exc = [j1 |-> None]
/\ free = [c1 |-> [u0 |-> 0, u1 |-> 1], c2 |-> [u0 |-> 0, u1 |-> 1]]
/\ resv = [ c1 |-> {[units |-> {"u0"}, job |-> "j1", tok |-> 1, ttl |-> 3]},
  c2 |-> {[units |-> {"u0"}, job |-> "j1", tok |-> 1, ttl |-> 3]} ]
/\ reg = [c1 |-> [j1 |-> None], c2 |-> [j1 |-> None]]
/\ msgs = <<>>

State 11: <Plain line 160, col 32 to line 160, col 70 of module Trace>
/\ l = 11
/\ len = 72
/\ event = "RunnerMetaWrite"
/\ seq = 11
/\ status = [j1 |-> "DISPATCHED"]
/\ rpc_pc = "MetaWrite"
/\ cmp_pc = "Idle"
/\ slots = {}
/\ running = {}
/\ pending = [j1 |-> None]
/\ rp = [j1 |-> None]
/\ exc = [j1 |-> None]
/\ free = [c1 |-> [u0 |-> 0, u1 |-> 1], c2 |-> [u0 |-> 0, u1 |-> 1]]
/\ resv = [ c1 |-> {[units |-> {"u0"}, job |-> "j1", tok |-> 1, ttl |-> 3]},
  c2 |-> {[units |-> {"u0"}, job |-> "j1", tok |-> 1, ttl |-> 3]} ]
/\ reg = [c1 |-> [j1 |-> None], c2 |-> [j1 |-> None]]
/\ msgs = <<>>

State 12: <Plain line 161, col 32 to line 161, col 72 of module Trace>
/\ l = 12
/\ len = 72
/\ event = "RunnerCheckDispatched"
/\ seq = 12
/\ status = [j1 |-> "DISPATCHED"]
/\ rpc_pc = "ChkDispatched"
/\ cmp_pc = "Idle"
/\ slots = {}
/\ running = {}
/\ pending = [j1 |-> None]
/\ rp = [j1 |-> None]
/\ exc = [j1 |-> None]
/\ free = [c1 |-> [u0 |-> 0, u1 |-> 1], c2 |-> [u0 |-> 0, u1 |-> 1]]
/\ resv = [ c1 |-> {[units |-> {"u0"}, job |-> "j1", tok |-> 1, ttl |-> 3]},
  c2 |-> {[units |-> {"u0"}, job |-> "j1", tok |-> 1, ttl |-> 3]} ]
/\ reg = [c1 |-> [j1 |-> None], c2 |-> [j1 |-> None]]
/\ msgs = <<>>

State 13: <Plain line 162, col 32 to line 162, col 84 of module Trace>
/\ l = 13
/\ len = 72
/\ event = "RunnerStartServerApp"
/\ seq = 13
/\ status = [j1 |-> "DISPATCHED"]
/\ rpc_pc = "StartSJ"
/\ cmp_pc = "Idle"
/\ slots = {}
/\ running = {}
/\ pending = [j1 |-> None]
/\ rp = [j1 |-> None]
/\ exc = [j1 |-> None]
/\ free = [c1 |-> [u0 |-> 0, u1 |-> 1], c2 |-> [u0 |-> 0, u1 |-> 1]]
/\ resv = [ c1 |-> {[units |-> {"u0"}, job |-> "j1", tok |-> 1, ttl |-> 3]},
  c2 |-> {[units |-> {"u0"}, job |-> "j1", tok |-> 1, ttl |-> 3]} ]
/\ reg = [c1 |-> [j1 |-> None], c2 |-> [j1 |-> None]]
/\ msgs = <<>>

State 14: <Plain line 163, col 32 to line 163, col 82 of module Trace>
/\ l = 14
/\ len = 72
/\ event = "CpStartAllocate"
/\ seq = 14
/\ status = [j1 |-> "DISPATCHED"]
/\ rpc_pc = "StartWait"
/\ cmp_pc = "Idle"
/\ slots = {}
/\ running = {}
/\ pending = [j1 |-> {"c1", "c2"}]
/\ rp = [ j1 |->
      [finished |-> FALSE, exeErr |-> FALSE, rc |-> 0, parts |-> {"c1", "c2"}] ]
/\ exc = [j1 |-> None]
/\ free = [c1 |-> [u0 |-> 0, u1 |-> 1], c2 |-> [u0 |-> 0, u1 |-> 1]]
/\ resv = [ c1 |-> {[units |-> {"u0"}, job |-> "j1", tok |-> 1, ttl |-> 3]},
  c2 |-> {[units |-> {"u0"}, job |-> "j1", tok |-> 1, ttl |-> 3]} ]
/\ reg = [c1 |-> [j1 |-> None], c2 |-> [j1 |-> None]]
/\ msgs = ( [ type |-> "START",
    job |-> "j1",
    cl |-> "c1",
    att |-> 1,
    ok |-> FALSE,
    code |-> 0,
    flag |-> FALSE ] :>
      1 @@
  [ type |-> "START",
    job |-> "j1",
    cl |-> "c2",
    att |-> 1,
    ok |-> FALSE,
    code |-> 0,
    flag |-> FALSE ] :>
      1 )

State 15: <MsgEv line 203, col 30 to line 203, col 70 of module Trace>
/\ l = 15
/\ len = 72
/\ event = "CpStartAllocate"
/\ seq = 15
/\ status = [j1 |-> "DISPATCHED"]
/\ rpc_pc = "StartWait"
/\ cmp_pc = "Idle"
/\ slots = {}
/\ running = {}
/\ pending = [j1 |-> {"c1", "c2"}]
/\ rp = [ j1 |->
      [finished |-> FALSE, exeErr |-> FALSE, rc |-> 0, parts |-> {"c1", "c2"}] ]
/\ exc = [j1 |-> None]
/\ free = [c1 |-> [u0 |-> 0, u1 |-> 1], c2 |-> [u0 |-> 0, u1 |-> 1]]
/\ resv = [c1 |-> {}, c2 |-> {[units |-> {"u0"}, job |-> "j1", tok |-> 1, ttl |-> 3]}]
/\ reg = [c1 |-> [j1 |-> None], c2 |-> [j1 |-> None]]
/\ msgs = ( [ type |-> "START",
    job |-> "j1",
    cl |-> "c2",
    att |-> 1,
    ok |-> FALSE,
    code |-> 0,
    flag |-> FALSE ] :>
      1 )

State 16: <MsgEv line 203, col 30 to line 203, col 70 of module Trace>
/\ l = 16
/\ len = 72
/\ event = "CpStartRegister"
/\ seq = 16
/\ status = [j1 |-> "DISPATCHED"]
/\ rpc_pc = "StartWait"
/\ cmp_pc = "Idle"
/\ slots = {}
/\ running = {}
/\ pending = [j1 |-> {"c1", "c2"}]
/\ rp = [ j1 |->
      [finished |-> FALSE, exeErr |-> FALSE, rc |-> 0, parts |-> {"c1", "c2"}] ]
/\ exc = [j1 |-> None]
/\ free = [c1 |-> [u0 |-> 0, u1 |-> 1], c2 |-> [u0 |-> 0, u1 |-> 1]]
/\ resv = [c1 |-> {}, c2 |-> {}]
/\ reg = [c1 |-> [j1 |-> None], c2 |-> [j1 |-> None]]
/\ msgs = <<>>

State 17: <CpStartRegisterLogged line 223, col 5 to line 223, col 104 of module Trace>
/\ l = 17
/\ len = 72
/\ event = "CpStartLaunch"
/\ seq = 17
/\ status = [j1 |-> "DISPATCHED"]
/\ rpc_pc = "StartWait"
/\ cmp_pc = "Idle"
/\ slots = {}
/\ running = {}
/\ pending = [j1 |-> {"c1", "c2"}]
/\ rp = [ j1 |->
      [finished |-> FALSE, exeErr |-> FALSE, rc |-> 0, parts |-> {"c1", "c2"}] ]
/\ exc = [j1 |-> None]
/\ free = [c1 |-> [u0 |-> 0, u1 |-> 1], c2 |-> [u0 |-> 0, u1 |-> 1]]
/\ resv = [c1 |-> {}, c2 |-> {}]
/\ reg = [ c1 |->
      [ j1 |->
            [ st |-> "STARTING",
              attached |-> FALSE,
              abortReq |-> FALSE,
              pendAbort |-> FALSE ] ],
  c2 |-> [j1 |-> None] ]
/\ msgs = <<>>

State 18: <CpStartLaunchLogged line 225, col 5 to line 225, col 100 of module Trace>
/\ l = 18
/\ len = 72
/\ event = "CpStartRegister"
/\ seq = 18
/\ status = [j1 |-> "DISPATCHED"]
/\ rpc_pc = "StartWait"
/\ cmp_pc = "Idle"
/\ slots = {}
/\ running = {}
/\ pending = [j1 |-> {"c1", "c2"}]
/\ rp = [ j1 |->
      [finished |-> FALSE, exeErr |-> FALSE, rc |-> 0, parts |-> {"c1", "c2"}] ]
/\ exc = [j1 |-> None]
/\ free = [c1 |-> [u0 |-> 0, u1 |-> 1], c2 |-> [u0 |-> 0, u1 |-> 1]]
/\ resv = [c1 |-> {}, c2 |-> {}]
/\ reg = [ c1 |->
      [ j1 |->
            [ st |-> "STARTING",
              attached |-> TRUE,
              abortReq |-> FALSE,
              pendAbort |-> FALSE ] ],
  c2 |-> [j1 |-> None] ]
/\ msgs = ( [ type |-> "START_REP",
    job |-> "j1",
    cl |-> "c1",
    att |-> 0,
    ok |-> FALSE,
    code |-> 0,
    flag |-> FALSE ] :>
      1 )

State 19: <CpStartRegisterLogged line 223, col 5 to line 223, col 104 of module Trace>
/\ l = 19
/\ len = 72
/\ event = "CpStartLaunch"
/\ seq = 19
/\ status = [j1 |-> "DISPATCHED"]
/\ rpc_pc = "StartWait"
/\ cmp_pc = "Idle"
/\ slots = {}
/\ running = {}
/\ pending = [j1 |-> {"c1", "c2"}]
/\ rp = [ j1 |->
      [finished |-> FALSE, exeErr |-> FALSE, rc |-> 0, parts |-> {"c1", "c2"}] ]
/\ exc = [j1 |-> None]
/\ free = [c1 |-> [u0 |-> 0, u1 |-> 1], c2 |-> [u0 |-> 0, u1 |-> 1]]
/\ resv = [c1 |-> {}, c2 |-> {}]
/\ reg = [ c1 |->
      [ j1 |->
            [ st |-> "STARTING",
              attached |-> TRUE,
              abortReq |-> FALSE,
              pendAbort |-> FALSE ] ],
  c2 |->
      [ j1 |->
            [ st |-> "STARTING",
              attached |-> FALSE,
              abortReq |-> FALSE,
              pendAbort |-> FALSE ] ] ]
/\ msgs = ( [ type |-> "START_REP",
    job |-> "j1",
    cl |-> "c1",
    att |-> 0,
    ok |-> FALSE,
    code |-> 0,
    flag |-> FALSE ] :>
      1 )

State 20: <CpStartLaunchLogged line 225, col 5 to line 225, col 100 of module Trace>
/\ l = 20
/\ len = 72
/\ event = "RunnerStartCollect"
/\ seq = 20
/\ status = [j1 |-> "DISPATCHED"]
/\ rpc_pc = "StartWait"
/\ cmp_pc = "Idle"
/\ slots = {}
/\ running = {}
/\ pending = [j1 |-> {"c1", "c2"}]
/\ rp = [ j1 |->
      [finished |-> FALSE, exeErr |-> FALSE, rc |-> 0, parts |-> {"c1", "c2"}] ]
/\ exc = [j1 |-> None]
/\ free = [c1 |-> [u0 |-> 0, u1 |-> 1], c2 |-> [u0 |-> 0, u1 |-> 1]]
/\ resv = [c1 |-> {}, c2 |-> {}]
/\ reg = [ c1 |->
      [ j1 |->
            [ st |-> "STARTING",
              attached |-> TRUE,
              abortReq |-> FALSE,
              pendAbort |-> FALSE ] ],
  c2 |->
      [ j1 |->
            [ st |-> "STARTING",
              attached |-> TRUE,
              abortReq |-> FALSE,
              pendAbort |-> FALSE ] ] ]
/\ msgs = ( [ type |-> "START_REP",
    job |-> "j1",
    cl |-> "c1",
    att |-> 0,
    ok |-> FALSE,
    code |-> 0,
    flag |-> FALSE ] :>
      1 @@
  [ type |-> "START_REP",
    job |-> "j1",
    cl |-> "c2",
    att |-> 0,
    ok |-> FALSE,
    code |-> 0,
    flag |-> FALSE ] :>
      1 )

State 21: <Plain line 165, col 32 to line 165, col 78 of module Trace>
/\ l = 21
/\ len = 72
/\ event = "RunnerInsertRunning"
/\ seq = 21
/\ status = [j1 |-> "DISPATCHED"]
/\ rpc_pc = "InsertRunning"
/\ cmp_pc = "Idle"
/\ slots = {"j1"}
/\ running = {}
/\ pending = [j1 |-> {"c1", "c2"}]
/\ rp = [ j1 |->
      [finished |-> FALSE, exeErr |-> FALSE, rc |-> 0, parts |-> {"c1", "c2"}] ]
/\ exc = [j1 |-> None]
/\ free = [c1 |-> [u0 |-> 0, u1 |-> 1], c2 |-> [u0 |-> 0, u1 |-> 1]]
/\ resv = [c1 |-> {}, c2 |-> {}]
/\ reg = [ c1 |->
      [ j1 |->
            [ st |-> "STARTING",
              attached |-> TRUE,
              abortReq |-> FALSE,
              pendAbort |-> FALSE ] ],
  c2 |->
      [ j1 |->
            [ st |-> "STARTING",
              attached |-> TRUE,
              abortReq |-> FALSE,
              pendAbort |-> FALSE ] ] ]
/\ msgs = <<>>

State 22: <Plain line 167, col 32 to line 167, col 80 of module Trace>
/\ l = 22
/\ len = 72
/\ event = "RunnerSetRunning"
/\ seq = 22
/\ status = [j1 |-> "DISPATCHED"]
/\ rpc_pc = "SetRunning"
/\ cmp_pc = "Idle"
/\ slots = {"j1"}
/\ running = {"j1"}
/\ pending = [j1 |-> {"c1", "c2"}]
/\ rp = [ j1 |->
      [finished |-> FALSE, exeErr |-> FALSE, rc |-> 0, parts |-> {"c1", "c2"}] ]
/\ exc = [j1 |-> None]
/\ free = [c1 |-> [u0 |-> 0, u1 |-> 1], c2 |-> [u0 |-> 0, u1 |-> 1]]
/\ resv = [c1 |-> {}, c2 |-> {}]
/\ reg = [ c1 |->
      [ j1 |->
            [ st |-> "STARTING",
              attached |-> TRUE,
              abortReq |-> FALSE,
              pendAbort |-> FALSE ] ],
  c2 |->
      [ j1 |->
            [ st |-> "STARTING",
              attached |-> TRUE,
              abortReq |-> FALSE,
              pendAbort |-> FALSE ] ] ]
/\ msgs = <<>>

State 23: <Plain line 168, col 32 to line 168, col 74 of module Trace>
/\ l = 23
/\ len = 72
/\ event = "CjNotifyStarted"
/\ seq = 23
/\ status = [j1 |-> "RUNNING"]
/\ rpc_pc = "Scan"
/\ cmp_pc = "Idle"
/\ slots = {"j1"}
/\ running = {"j1"}
/\ pending = [j1 |-> {"c1", "c2"}]
/\ rp = [ j1 |->
      [finished |-> FALSE, exeErr |-> FALSE, rc |-> 0, parts |-> {"c1", "c2"}] ]
/\ exc = [j1 |-> None]
/\ free = [c1 |-> [u0 |-> 0, u1 |-> 1], c2 |-> [u0 |-> 0, u1 |-> 1]]
/\ resv = [c1 |-> {}, c2 |-> {}]
/\ reg = [ c1 |->
      [ j1 |->
            [ st |-> "STARTING",
              attached |-> TRUE,
              abortReq |-> FALSE,
              pendAbort |-> FALSE ] ],
  c2 |->
      [ j1 |->
            [ st |-> "STARTING",
              attached |-> TRUE,
              abortReq |-> FALSE,
              pendAbort |-> FALSE ] ] ]
/\ msgs = <<>>

State 24: <CjNotifyStartedLogged line 237, col 5 to line 237, col 104 of module Trace>
/\ l = 24
/\ len = 72
/\ event = "CjNotifyStarted"
/\ seq = 24
/\ status = [j1 |-> "RUNNING"]
/\ rpc_pc = "Scan"
/\ cmp_pc = "Idle"
/\ slots = {"j1"}
/\ running = {"j1"}
/\ pending = [j1 |-> {"c1", "c2"}]
/\ rp = [ j1 |->
      [finished |-> FALSE, exeErr |-> FALSE, rc |-> 0, parts |-> {"c1", "c2"}] ]
/\ exc = [j1 |-> None]
/\ free = [c1 |-> [u0 |-> 0, u1 |-> 1], c2 |-> [u0 |-> 0, u1 |-> 1]]
/\ resv = [c1 |-> {}, c2 |-> {}]
/\ reg = [ c1 |->
      [ j1 |->
            [ st |-> "STARTED",
              attached |-> TRUE,
              abortReq |-> FALSE,
              pendAbort |-> FALSE ] ],
  c2 |->
      [ j1 |->
            [ st |-> "STARTING",
              attached |-> TRUE,
              abortReq |-> FALSE,
              pendAbort |-> FALSE ] ] ]
/\ msgs = <<>>

State 25: <CjNotifyStartedLogged line 237, col 5 to line 237, col 104 of module Trace>
/\ l = 25
/\ len = 72
/\ event = "SjCrash"
/\ seq = 25
/\ status = [j1 |-> "RUNNING"]
/\ rpc_pc = "Scan"
/\ cmp_pc = "Idle"
/\ slots = {"j1"}
/\ running = {"j1"}
/\ pending = [j1 |-> {"c1", "c2"}]
/\ rp = [ j1 |->
      [finished |-> FALSE, exeErr |-> FALSE, rc |-> 0, parts |-> {"c1", "c2"}] ]
/\ exc = [j1 |-> None]
/\ free = [c1 |-> [u0 |-> 0, u1 |-> 1], c2 |-> [u0 |-> 0, u1 |-> 1]]
/\ resv = [c1 |-> {}, c2 |-> {}]
/\ reg = [ c1 |->
      [ j1 |->
            [ st |-> "STARTED",
              attached |-> TRUE,
              abortReq |-> FALSE,
              pendAbort |-> FALSE ] ],
  c2 |->
      [ j1 |->
            [ st |-> "STARTED",
              attached |-> TRUE,
              abortReq |-> FALSE,
              pendAbort |-> FALSE ] ] ]
/\ msgs = <<>>

State 26: <SjCrashLogged line 218, col 5 to line 218, col 79 of module Trace>
/\ l = 26
/\ len = 72
/\ event = "AdminAbortBegin"
/\ seq = 26
/\ status = [j1 |-> "RUNNING"]
/\ rpc_pc = "Scan"
/\ cmp_pc = "Idle"
/\ slots = {"j1"}
/\ running = {"j1"}
/\ pending = [j1 |-> {"c1", "c2"}]
/\ rp = [ j1 |->
      [finished |-> FALSE, exeErr |-> FALSE, rc |-> 0, parts |-> {"c1", "c2"}] ]
/\ exc = [j1 |-> None]
/\ free = [c1 |-> [u0 |-> 0, u1 |-> 1], c2 |-> [u0 |-> 0, u1 |-> 1]]
/\ resv = [c1 |-> {}, c2 |-> {}]
/\ reg = [ c1 |->
      [ j1 |->
            [ st |-> "STARTED",
              attached |-> TRUE,
              abortReq |-> FALSE,
              pendAbort |-> FALSE ] ],
  c2 |->
      [ j1 |->
            [ st |-> "STARTED",
              attached |-> TRUE,
              abortReq |-> FALSE,
              pendAbort |-> FALSE ] ] ]
/\ msgs = <<>>

State 27: <AdminAbortBeginLogged line 181, col 5 to line 181, col 95 of module Trace>
/\ l = 27
/\ len = 72
/\ event = "AdminStopRun"
/\ seq = 27
/\ status = [j1 |-> "RUNNING"]
/\ rpc_pc = "Scan"
/\ cmp_pc = "Idle"
/\ slots = {"j1"}
/\ running = {"j1"}
/\ pending = [j1 |-> {"c1", "c2"}]
/\ rp = [ j1 |->
      [finished |-> FALSE, exeErr |-> FALSE, rc |-> 0, parts |-> {"c1", "c2"}] ]
/\ exc = [j1 |-> None]
/\ free = [c1 |-> [u0 |-> 0, u1 |-> 1], c2 |-> [u0 |-> 0, u1 |-> 1]]
/\ resv = [c1 |-> {}, c2 |-> {}]
/\ reg = [ c1 |->
      [ j1 |->
            [ st |-> "STARTED",
              attached |-> TRUE,
              abortReq |-> FALSE,
              pendAbort |-> FALSE ] ],
  c2 |->
      [ j1 |->
            [ st |-> "STARTED",
              attached |-> TRUE,
              abortReq |-> FALSE,
              pendAbort |-> FALSE ] ] ]
/\ msgs = <<>>

State 28: <AdminStopRunLogged line 185, col 5 to line 185, col 89 of module Trace>
/\ l = 28
/\ len = 72
/\ event = "CpAbortApp"
/\ seq = 28
/\ status = [j1 |-> "RUNNING"]
/\ rpc_pc = "Scan"
/\ cmp_pc = "Idle"
/\ slots = {"j1"}
/\ running = {"j1"}
/\ pending = [j1 |-> {"c1", "c2"}]
/\ rp = [ j1 |->
      [finished |-> FALSE, exeErr |-> FALSE, rc |-> 0, parts |-> {"c1", "c2"}] ]
/\ exc = [j1 |-> None]
/\ free = [c1 |-> [u0 |-> 0, u1 |-> 1], c2 |-> [u0 |-> 0, u1 |-> 1]]
/\ resv = [c1 |-> {}, c2 |-> {}]
/\ reg = [ c1 |->
      [ j1 |->
            [ st |-> "STARTED",
              attached |-> TRUE,
              abortReq |-> FALSE,
              pendAbort |-> FALSE ] ],
  c2 |->
      [ j1 |->
            [ st |-> "STARTED",
              attached |-> TRUE,
              abortReq |-> FALSE,
              pendAbort |-> FALSE ] ] ]
/\ msgs = ( [ type |-> "ABORT",
    job |-> "j1",
    cl |-> "c1",
    att |-> 0,
    ok |-> FALSE,
    code |-> 0,
    flag |-> FALSE ] :>
      1 @@
  [ type |-> "ABORT",
    job |-> "j1",
    cl |-> "c2",
    att |-> 0,
    ok |-> FALSE,
    code |-> 0,
    flag |-> FALSE ] :>
      1 @@
  [ type |-> "SJABORT",
    job |-> "j1",
    cl |-> None,
    att |-> 0,
    ok |-> FALSE,
    code |-> 0,
    flag |-> FALSE ] :>
      1 )

State 29: <MsgEv line 205, col 30 to line 205, col 60 of module Trace>
/\ l = 29
/\ len = 72
/\ event = "CpAbortApp"
/\ seq = 29
/\ status = [j1 |-> "RUNNING"]
/\ rpc_pc = "Scan"
/\ cmp_pc = "Idle"
/\ slots = {"j1"}
/\ running = {"j1"}
/\ pending = [j1 |-> {"c1", "c2"}]
/\ rp = [ j1 |->
      [finished |-> FALSE, exeErr |-> FALSE, rc |-> 0, parts |-> {"c1", "c2"}] ]
/\ exc = [j1 |-> None]
/\ free = [c1 |-> [u0 |-> 0, u1 |-> 1], c2 |-> [u0 |-> 0, u1 |-> 1]]
/\ resv = [c1 |-> {}, c2 |-> {}]
/\ reg = [ c1 |->
      [ j1 |->
            [ st |-> "STARTED",
              attached |-> TRUE,
              abortReq |-> TRUE,
              pendAbort |-> FALSE ] ],
  c2 |->
      [ j1 |->
            [ st |-> "STARTED",
              attached |-> TRUE,
              abortReq |-> FALSE,
              pendAbort |-> FALSE ] ] ]
/\ msgs = ( [ type |-> "ABORT",
    job |-> "j1",
    cl |-> "c2",
    att |-> 0,
    ok |-> FALSE,
    code |-> 0,
    flag |-> FALSE ] :>
      1 @@
  [ type |-> "SJABORT",
    job |-> "j1",
    cl |-> None,
    att |-> 0,
    ok |-> FALSE,
    code |-> 0,
    flag |-> FALSE ] :>
      1 )

State 30: <MsgEv line 205, col 30 to line 205, col 60 of module Trace>
/\ l = 30
/\ len = 72
/\ event = "SjHandleAbort"
/\ seq = 30
/\ status = [j1 |-> "RUNNING"]
/\ rpc_pc = "Scan"
/\ cmp_pc = "Idle"
/\ slots = {"j1"}
/\ running = {"j1"}
/\ pending = [j1 |-> {"c1", "c2"}]
/\ rp = [ j1 |->
      [finished |-> FALSE, exeErr |-> FALSE, rc |-> 0, parts |-> {"c1", "c2"}] ]
/\ exc = [j1 |-> None]
/\ free = [c1 |-> [u0 |-> 0, u1 |-> 1], c2 |-> [u0 |-> 0, u1 |-> 1]]
/\ resv = [c1 |-> {}, c2 |-> {}]
/\ reg = [ c1 |->
      [ j1 |->
            [ st |-> "STARTED",
              attached |-> TRUE,
              abortReq |-> TRUE,
              pendAbort |-> FALSE ] ],
  c2 |->
      [ j1 |->
            [ st |-> "STARTED",
              attached |-> TRUE,
              abortReq |-> TRUE,
              pendAbort |-> FALSE ] ] ]
/\ msgs = ( [ type |-> "SJABORT",
    job |-> "j1",
    cl |-> None,
    att |-> 0,
    ok |-> FALSE,
    code |-> 0,
    flag |-> FALSE ] :>
      1 )

State 31: <MsgEv line 200, col 30 to line 200, col 66 of module Trace>
/\ l = 31
/\ len = 72
/\ event = "AdminMarkAborted"
/\ seq = 31
/\ status = [j1 |-> "RUNNING"]
/\ rpc_pc = "Scan"
/\ cmp_pc = "Idle"
/\ slots = {"j1"}
/\ running = {"j1"}
/\ pending = [j1 |-> {"c1", "c2"}]
/\ rp = [ j1 |->
      [finished |-> FALSE, exeErr |-> FALSE, rc |-> 0, parts |-> {"c1", "c2"}] ]
/\ exc = [j1 |-> None]
/\ free = [c1 |-> [u0 |-> 0, u1 |-> 1], c2 |-> [u0 |-> 0, u1 |-> 1]]
/\ resv = [c1 |-> {}, c2 |-> {}]
/\ reg = [ c1 |->
      [ j1 |->
            [ st |-> "STARTED",
              attached |-> TRUE,
              abortReq |-> TRUE,
              pendAbort |-> FALSE ] ],
  c2 |->
      [ j1 |->
            [ st |-> "STARTED",
              attached |-> TRUE,
              abortReq |-> TRUE,
              pendAbort |-> FALSE ] ] ]
/\ msgs = <<>>

State 32: <AdminMarkAbortedLogged line 187, col 5 to line 187, col 97 of module Trace>
/\ l = 32
/\ len = 72
/\ event = "CjHandleAbort"
/\ seq = 32
/\ status = [j1 |-> "RUNNING"]
/\ rpc_pc = "Scan"
/\ cmp_pc = "Idle"
/\ slots = {"j1"}
/\ running = {"j1"}
/\ pending = [j1 |-> {"c1", "c2"}]
/\ rp = [ j1 |->
      [finished |-> FALSE, exeErr |-> FALSE, rc |-> 0, parts |-> {"c1", "c2"}] ]
/\ exc = [j1 |-> None]
/\ free = [c1 |-> [u0 |-> 0, u1 |-> 1], c2 |-> [u0 |-> 0, u1 |-> 1]]
/\ resv = [c1 |-> {}, c2 |-> {}]
/\ reg = [ c1 |->
      [ j1 |->
            [ st |-> "STARTED",
              attached |-> TRUE,
              abortReq |-> TRUE,
              pendAbort |-> FALSE ] ],
  c2 |->
      [ j1 |->
            [ st |-> "STARTED",
              attached |-> TRUE,
              abortReq |-> TRUE,
              pendAbort |-> FALSE ] ] ]
/\ msgs = <<>>

State 33: <CjHandleAbortLogged line 241, col 5 to line 241, col 100 of module Trace>
/\ l = 33
/\ len = 72
/\ event = "CjHandleAbort"
/\ seq = 33
/\ status = [j1 |-> "RUNNING"]
/\ rpc_pc = "Scan"
/\ cmp_pc = "Idle"
/\ slots = {"j1"}
/\ running = {"j1"}
/\ pending = [j1 |-> {"c1", "c2"}]
/\ rp = [ j1 |->
      [finished |-> FALSE, exeErr |-> FALSE, rc |-> 0, parts |-> {"c1", "c2"}] ]
/\ exc = [j1 |-> None]
/\ free = [c1 |-> [u0 |-> 0, u1 |-> 1], c2 |-> [u0 |-> 0, u1 |-> 1]]
/\ resv = [c1 |-> {}, c2 |-> {}]
/\ reg = [ c1 |->
      [ j1 |->
            [ st |-> "STOPPED",
              attached |-> TRUE,
              abortReq |-> TRUE,
              pendAbort |-> FALSE ] ],
  c2 |->
      [ j1 |->
            [ st |-> "STARTED",
              attached |-> TRUE,
              abortReq |-> TRUE,
              pendAbort |-> FALSE ] ] ]
/\ msgs = <<>>

State 34: <CjHandleAbortLogged line 241, col 5 to line 241, col 100 of module Trace>
/\ l = 34
/\ len = 72
/\ event = "CjExit"
/\ seq = 34
/\ status = [j1 |-> "RUNNING"]
/\ rpc_pc = "Scan"
/\ cmp_pc = "Idle"
/\ slots = {"j1"}
/\ running = {"j1"}
/\ pending = [j1 |-> {"c1", "c2"}]
/\ rp = [ j1 |->
      [finished |-> FALSE, exeErr |-> FALSE, rc |-> 0, parts |-> {"c1", "c2"}] ]
/\ exc = [j1 |-> None]
/\ free = [c1 |-> [u0 |-> 0, u1 |-> 1], c2 |-> [u0 |-> 0, u1 |-> 1]]
/\ resv = [c1 |-> {}, c2 |-> {}]
/\ reg = [ c1 |->
      [ j1 |->
            [ st |-> "STOPPED",
              attached |-> TRUE,
              abortReq |-> TRUE,
              pendAbort |-> FALSE ] ],
  c2 |->
      [ j1 |->
            [ st |-> "STOPPED",
              attached |-> TRUE,
              abortReq |-> TRUE,
              pendAbort |-> FALSE ] ] ]
/\ msgs = <<>>

State 35: <CjExitLogged line 243, col 5 to line 246, col 16 of module Trace>
/\ l = 35
/\ len = 72
/\ event = "CpChildFinished"
/\ seq = 35
/\ status = [j1 |-> "RUNNING"]
/\ rpc_pc = "Scan"
/\ cmp_pc = "Idle"
/\ slots = {"j1"}
/\ running = {"j1"}
/\ pending = [j1 |-> {"c1", "c2"}]
/\ rp = [ j1 |->
      [finished |-> FALSE, exeErr |-> FALSE, rc |-> 0, parts |-> {"c1", "c2"}] ]
/\ exc = [j1 |-> None]
/\ free = [c1 |-> [u0 |-> 0, u1 |-> 1], c2 |-> [u0 |-> 0, u1 |-> 1]]
/\ resv = [c1 |-> {}, c2 |-> {}]
/\ reg = [ c1 |->
      [ j1 |->
            [ st |-> "STOPPED",
              attached |-> TRUE,
              abortReq |-> TRUE,
              pendAbort |-> FALSE ] ],
  c2 |->
      [ j1 |->
            [ st |-> "STOPPED",
              attached |-> TRUE,
              abortReq |-> TRUE,
              pendAbort |-> FALSE ] ] ]
/\ msgs = <<>>

State 36: <CpChildFinishedLogged line 231, col 5 to line 231, col 104 of module Trace>
/\ l = 36
/\ len = 72
/\ event = "CjExit"
/\ seq = 36
/\ status = [j1 |-> "RUNNING"]
/\ rpc_pc = "Scan"
/\ cmp_pc = "Idle"
/\ slots = {"j1"}
/\ running = {"j1"}
/\ pending = [j1 |-> {"c1", "c2"}]
/\ rp = [ j1 |->
      [finished |-> FALSE, exeErr |-> FALSE, rc |-> 0, parts |-> {"c1", "c2"}] ]
/\ exc = [j1 |-> None]
/\ free = [c1 |-> [u0 |-> 1, u1 |-> 1], c2 |-> [u0 |-> 0, u1 |-> 1]]
/\ resv = [c1 |-> {}, c2 |-> {}]
/\ reg = [ c1 |-> [j1 |-> None],
  c2 |->
      [ j1 |->
            [ st |-> "STOPPED",
              attached |-> TRUE,
              abortReq |-> TRUE,
              pendAbort |-> FALSE ] ] ]
/\ msgs = ( [ type |-> "REPORT",
    job |-> "j1",
    cl |-> "c1",
    att |-> 0,
    ok |-> FALSE,
    code |-> 0,
    flag |-> FALSE ] :>
      1 )

State 37: <CjExitLogged line 243, col 5 to line 246, col 16 of module Trace>
/\ l = 37
/\ len = 72
/\ event = "SpProcessJobFailure"
/\ seq = 37
/\ status = [j1 |-> "RUNNING"]
/\ rpc_pc = "Scan"
/\ cmp_pc = "Idle"
/\ slots = {"j1"}
/\ running = {"j1"}
/\ pending = [j1 |-> {"c1", "c2"}]
/\ rp = [ j1 |->
      [finished |-> FALSE, exeErr |-> FALSE, rc |-> 0, parts |-> {"c1", "c2"}] ]
/\ exc = [j1 |-> None]
/\ free = [c1 |-> [u0 |-> 1, u1 |-> 1], c2 |-> [u0 |-> 0, u1 |-> 1]]
/\ resv = [c1 |-> {}, c2 |-> {}]
/\ reg = [ c1 |-> [j1 |-> None],
  c2 |->
      [ j1 |->
            [ st |-> "STOPPED",
              attached |-> TRUE,
              abortReq |-> TRUE,
              pendAbort |-> FALSE ] ] ]
/\ msgs = ( [ type |-> "REPORT",
    job |-> "j1",
    cl |-> "c1",
    att |-> 0,
    ok |-> FALSE,
    code |-> 0,
    flag |-> FALSE ] :>
      1 )

State 38: <MsgEv line 199, col 30 to line 199, col 78 of module Trace>
/\ l = 38
/\ len = 72
/\ event = "CpChildFinished"
/\ seq = 38
/\ status = [j1 |-> "RUNNING"]
/\ rpc_pc = "Scan"
/\ cmp_pc = "Idle"
/\ slots = {"j1"}
/\ running = {"j1"}
/\ pending = [j1 |-> {"c2"}]
/\ rp = [ j1 |->
      [finished |-> FALSE, exeErr |-> FALSE, rc |-> 0, parts |-> {"c1", "c2"}] ]
/\ exc = [j1 |-> None]
/\ free = [c1 |-> [u0 |-> 1, u1 |-> 1], c2 |-> [u0 |-> 0, u1 |-> 1]]
/\ resv = [c1 |-> {}, c2 |-> {}]
/\ reg = [ c1 |-> [j1 |-> None],
  c2 |->
      [ j1 |->
            [ st |-> "STOPPED",
              attached |-> TRUE,
              abortReq |-> TRUE,
              pendAbort |-> FALSE ] ] ]
/\ msgs = <<>>

State 39: <CpChildFinishedLogged line 231, col 5 to line 231, col 104 of module Trace>
/\ l = 39
/\ len = 72
/\ event = "SpProcessJobFailure"
/\ seq = 39
/\ status = [j1 |-> "RUNNING"]
/\ rpc_pc = "Scan"
/\ cmp_pc = "Idle"
/\ slots = {"j1"}
/\ running = {"j1"}
/\ pending = [j1 |-> {"c2"}]
/\ rp = [ j1 |->
      [finished |-> FALSE, exeErr |-> FALSE, rc |-> 0, parts |-> {"c1", "c2"}] ]
/\ exc = [j1 |-> None]
/\ free = [c1 |-> [u0 |-> 1, u1 |-> 1], c2 |-> [u0 |-> 1, u1 |-> 1]]
/\ resv = [c1 |-> {}, c2 |-> {}]
/\ reg = [c1 |-> [j1 |-> None], c2 |-> [j1 |-> None]]
/\ msgs = ( [ type |-> "REPORT",
    job |-> "j1",
    cl |-> "c2",
    att |-> 0,
    ok |-> FALSE,
    code |-> 0,
    flag |-> FALSE ] :>
      1 )

State 40: <MsgEv line 199, col 30 to line 199, col 78 of module Trace>
/\ l = 40
/\ len = 72
/\ event = "CpTerminateJob"
/\ seq = 40
/\ status = [j1 |-> "RUNNING"]
/\ rpc_pc = "Scan"
/\ cmp_pc = "Idle"
/\ slots = {"j1"}
/\ running = {"j1"}
/\ pending = [j1 |-> {}]
/\ rp = [ j1 |->
      [finished |-> FALSE, exeErr |-> FALSE, rc |-> 0, parts |-> {"c1", "c2"}] ]
/\ exc = [j1 |-> None]
/\ free = [c1 |-> [u0 |-> 1, u1 |-> 1], c2 |-> [u0 |-> 1, u1 |-> 1]]
/\ resv = [c1 |-> {}, c2 |-> {}]
/\ reg = [c1 |-> [j1 |-> None], c2 |-> [j1 |-> None]]
/\ msgs = <<>>

State 41: <CpTerminateJobLogged line 229, col 5 to line 229, col 102 of module Trace>
/\ l = 41
/\ len = 72
/\ event = "CpTerminateJob"
/\ seq = 41
/\ status = [j1 |-> "RUNNING"]
/\ rpc_pc = "Scan"
/\ cmp_pc = "Idle"
/\ slots = {"j1"}
/\ running = {"j1"}
/\ pending = [j1 |-> {}]
/\ rp = [ j1 |->
      [finished |-> FALSE, exeErr |-> FALSE, rc |-> 0, parts |-> {"c1", "c2"}] ]
/\ exc = [j1 |-> None]
/\ free = [c1 |-> [u0 |-> 1, u1 |-> 1], c2 |-> [u0 |-> 1, u1 |-> 1]]
/\ resv = [c1 |-> {}, c2 |-> {}]
/\ reg = [c1 |-> [j1 |-> None], c2 |-> [j1 |-> None]]
/\ msgs = <<>>

State 42: <CpTerminateJobLogged line 229, col 5 to line 229, col 102 of module Trace>
/\ l = 42
/\ len = 72
/\ event = "RunnerScanList"
/\ seq = 42
/\ status = [j1 |-> "RUNNING"]
/\ rpc_pc = "Scan"
/\ cmp_pc = "Idle"
/\ slots = {"j1"}
/\ running = {"j1"}
/\ pending = [j1 |-> {}]
/\ rp = [ j1 |->
      [finished |-> FALSE, exeErr |-> FALSE, rc |-> 0, parts |-> {"c1", "c2"}] ]
/\ exc = [j1 |-> None]
/\ free = [c1 |-> [u0 |-> 1, u1 |-> 1], c2 |-> [u0 |-> 1, u1 |-> 1]]
/\ resv = [c1 |-> {}, c2 |-> {}]
/\ reg = [c1 |-> [j1 |-> None], c2 |-> [j1 |-> None]]
/\ msgs = <<>>

State 43: <Plain line 142, col 32 to line 142, col 70 of module Trace>
/\ l = 43
/\ len = 72
/\ event = "RunnerScanRead"
/\ seq = 43
/\ status = [j1 |-> "RUNNING"]
/\ rpc_pc = "ScanRead"
/\ cmp_pc = "Idle"
/\ slots = {"j1"}
/\ running = {"j1"}
/\ pending = [j1 |-> {}]
/\ rp = [ j1 |->
      [finished |-> FALSE, exeErr |-> FALSE, rc |-> 0, parts |-> {"c1", "c2"}] ]
/\ exc = [j1 |-> None]
/\ free = [c1 |-> [u0 |-> 1, u1 |-> 1], c2 |-> [u0 |-> 1, u1 |-> 1]]
/\ resv = [c1 |-> {}, c2 |-> {}]
/\ reg = [c1 |-> [j1 |-> None], c2 |-> [j1 |-> None]]
/\ msgs = <<>>

State 44: <Plain line 144, col 32 to line 144, col 70 of module Trace>
/\ l = 44
/\ len = 72
/\ event = "RunnerScanList"
/\ seq = 44
/\ status = [j1 |-> "RUNNING"]
/\ rpc_pc = "Scan"
/\ cmp_pc = "Idle"
/\ slots = {"j1"}
/\ running = {"j1"}
/\ pending = [j1 |-> {}]
/\ rp = [ j1 |->
      [finished |-> FALSE, exeErr |-> FALSE, rc |-> 0, parts |-> {"c1", "c2"}] ]
/\ exc = [j1 |-> None]
/\ free = [c1 |-> [u0 |-> 1, u1 |-> 1], c2 |-> [u0 |-> 1, u1 |-> 1]]
/\ resv = [c1 |-> {}, c2 |-> {}]
/\ reg = [c1 |-> [j1 |-> None], c2 |-> [j1 |-> None]]
/\ msgs = <<>>

State 45: <Plain line 142, col 32 to line 142, col 70 of module Trace>
/\ l = 45
/\ len = 72
/\ event = "RunnerScanRead"
/\ seq = 45
/\ status = [j1 |-> "RUNNING"]
/\ rpc_pc = "ScanRead"
/\ cmp_pc = "Idle"
/\ slots = {"j1"}
/\ running = {"j1"}
/\ pending = [j1 |-> {}]
/\ rp = [ j1 |->
      [finished |-> FALSE, exeErr |-> FALSE, rc |-> 0, parts |-> {"c1", "c2"}] ]
/\ exc = [j1 |-> None]
/\ free = [c1 |-> [u0 |-> 1, u1 |-> 1], c2 |-> [u0 |-> 1, u1 |-> 1]]
/\ resv = [c1 |-> {}, c2 |-> {}]
/\ reg = [c1 |-> [j1 |-> None], c2 |-> [j1 |-> None]]
/\ msgs = <<>>

State 46: <Plain line 144, col 32 to line 144, col 70 of module Trace>
/\ l = 46
/\ len = 72
/\ event = "RunnerScanList"
/\ seq = 46
/\ status = [j1 |-> "RUNNING"]
/\ rpc_pc = "Scan"
/\ cmp_pc = "Idle"
/\ slots = {"j1"}
/\ running = {"j1"}
/\ pending = [j1 |-> {}]
/\ rp = [ j1 |->
      [finished |-> FALSE, exeErr |-> FALSE, rc |-> 0, parts |-> {"c1", "c2"}] ]
/\ exc = [j1 |-> None]
/\ free = [c1 |-> [u0 |-> 1, u1 |-> 1], c2 |-> [u0 |-> 1, u1 |-> 1]]
/\ resv = [c1 |-> {}, c2 |-> {}]
/\ reg = [c1 |-> [j1 |-> None], c2 |-> [j1 |-> None]]
/\ msgs = <<>>

State 47: <Plain line 142, col 32 to line 142, col 70 of module Trace>
/\ l = 47
/\ len = 72
/\ event = "RunnerScanRead"
/\ seq = 47
/\ status = [j1 |-> "RUNNING"]
/\ rpc_pc = "ScanRead"
/\ cmp_pc = "Idle"
/\ slots = {"j1"}
/\ running = {"j1"}
/\ pending = [j1 |-> {}]
/\ rp = [ j1 |->
      [finished |-> FALSE, exeErr |-> FALSE, rc |-> 0, parts |-> {"c1", "c2"}] ]
/\ exc = [j1 |-> None]
/\ free = [c1 |-> [u0 |-> 1, u1 |-> 1], c2 |-> [u0 |-> 1, u1 |-> 1]]
/\ resv = [c1 |-> {}, c2 |-> {}]
/\ reg = [c1 |-> [j1 |-> None], c2 |-> [j1 |-> None]]
/\ msgs = <<>>

State 48: <Plain line 144, col 32 to line 144, col 70 of module Trace>
/\ l = 48
/\ len = 72
/\ event = "RunnerScanList"
/\ seq = 48
/\ status = [j1 |-> "RUNNING"]
/\ rpc_pc = "Scan"
/\ cmp_pc = "Idle"
/\ slots = {"j1"}
/\ running = {"j1"}
/\ pending = [j1 |-> {}]
/\ rp = [ j1 |->
      [finished |-> FALSE, exeErr |-> FALSE, rc |-> 0, parts |-> {"c1", "c2"}] ]
/\ exc = [j1 |-> None]
/\ free = [c1 |-> [u0 |-> 1, u1 |-> 1], c2 |-> [u0 |-> 1, u1 |-> 1]]
/\ resv = [c1 |-> {}, c2 |-> {}]
/\ reg = [c1 |-> [j1 |-> None], c2 |-> [j1 |-> None]]
/\ msgs = <<>>

State 49: <Plain line 142, col 32 to line 142, col 70 of module Trace>
/\ l = 49
/\ len = 72
/\ event = "RunnerScanRead"
/\ seq = 49
/\ status = [j1 |-> "RUNNING"]
/\ rpc_pc = "ScanRead"
/\ cmp_pc = "Idle"
/\ slots = {"j1"}
/\ running = {"j1"}
/\ pending = [j1 |-> {}]
/\ rp = [ j1 |->
      [finished |-> FALSE, exeErr |-> FALSE, rc |-> 0, parts |-> {"c1", "c2"}] ]
/\ exc = [j1 |-> None]
/\ free = [c1 |-> [u0 |-> 1, u1 |-> 1], c2 |-> [u0 |-> 1, u1 |-> 1]]
/\ resv = [c1 |-> {}, c2 |-> {}]
/\ reg = [c1 |-> [j1 |-> None], c2 |-> [j1 |-> None]]
/\ msgs = <<>>

State 50: <Plain line 144, col 32 to line 144, col 70 of module Trace>
/\ l = 50
/\ len = 72
/\ event = "RunnerScanList"
/\ seq = 50
/\ status = [j1 |-> "RUNNING"]
/\ rpc_pc = "Scan"
/\ cmp_pc = "Idle"
/\ slots = {"j1"}
/\ running = {"j1"}
/\ pending = [j1 |-> {}]
/\ rp = [ j1 |->
      [finished |-> FALSE, exeErr |-> FALSE, rc |-> 0, parts |-> {"c1", "c2"}] ]
/\ exc = [j1 |-> None]
/\ free = [c1 |-> [u0 |-> 1, u1 |-> 1], c2 |-> [u0 |-> 1, u1 |-> 1]]
/\ resv = [c1 |-> {}, c2 |-> {}]
/\ reg = [c1 |-> [j1 |-> None], c2 |-> [j1 |-> None]]
/\ msgs = <<>>

State 51: <Plain line 142, col 32 to line 142, col 70 of module Trace>
/\ l = 51
/\ len = 72
/\ event = "RunnerScanRead"
/\ seq = 51
/\ status = [j1 |-> "RUNNING"]
/\ rpc_pc = "ScanRead"
/\ cmp_pc = "Idle"
/\ slots = {"j1"}
/\ running = {"j1"}
/\ pending = [j1 |-> {}]
/\ rp = [ j1 |->
      [finished |-> FALSE, exeErr |-> FALSE, rc |-> 0, parts |-> {"c1", "c2"}] ]
/\ exc = [j1 |-> None]
/\ free = [c1 |-> [u0 |-> 1, u1 |-> 1], c2 |-> [u0 |-> 1, u1 |-> 1]]
/\ resv = [c1 |-> {}, c2 |-> {}]
/\ reg = [c1 |-> [j1 |-> None], c2 |-> [j1 |-> None]]
/\ msgs = <<>>

State 52: <Plain line 144, col 32 to line 144, col 70 of module Trace>
/\ l = 52
/\ len = 72
/\ event = "RunnerScanList"
/\ seq = 52
/\ status = [j1 |-> "RUNNING"]
/\ rpc_pc = "Scan"
/\ cmp_pc = "Idle"
/\ slots = {"j1"}
/\ running = {"j1"}
/\ pending = [j1 |-> {}]
/\ rp = [ j1 |->
      [finished |-> FALSE, exeErr |-> FALSE, rc |-> 0, parts |-> {"c1", "c2"}] ]
/\ exc = [j1 |-> None]
/\ free = [c1 |-> [u0 |-> 1, u1 |-> 1], c2 |-> [u0 |-> 1, u1 |-> 1]]
/\ resv = [c1 |-> {}, c2 |-> {}]
/\ reg = [c1 |-> [j1 |-> None], c2 |-> [j1 |-> None]]
/\ msgs = <<>>

State 53: <Plain line 142, col 32 to line 142, col 70 of module Trace>
/\ l = 53
/\ len = 72
/\ event = "RunnerScanRead"
/\ seq = 53
/\ status = [j1 |-> "RUNNING"]
/\ rpc_pc = "ScanRead"
/\ cmp_pc = "Idle"
/\ slots = {"j1"}
/\ running = {"j1"}
/\ pending = [j1 |-> {}]
/\ rp = [ j1 |->
      [finished |-> FALSE, exeErr |-> FALSE, rc |-> 0, parts |-> {"c1", "c2"}] ]
/\ exc = [j1 |-> None]
/\ free = [c1 |-> [u0 |-> 1, u1 |-> 1], c2 |-> [u0 |-> 1, u1 |-> 1]]
/\ resv = [c1 |-> {}, c2 |-> {}]
/\ reg = [c1 |-> [j1 |-> None], c2 |-> [j1 |-> None]]
/\ msgs = <<>>

State 54: <Plain line 144, col 32 to line 144, col 70 of module Trace>
/\ l = 54
/\ len = 72
/\ event = "RunnerScanList"
/\ seq = 54
/\ status = [j1 |-> "RUNNING"]
/\ rpc_pc = "Scan"
/\ cmp_pc = "Idle"
/\ slots = {"j1"}
/\ running = {"j1"}
/\ pending = [j1 |-> {}]
/\ rp = [ j1 |->
      [finished |-> FALSE, exeErr |-> FALSE, rc |-> 0, parts |-> {"c1", "c2"}] ]
/\ exc = [j1 |-> None]
/\ free = [c1 |-> [u0 |-> 1, u1 |-> 1], c2 |-> [u0 |-> 1, u1 |-> 1]]
/\ resv = [c1 |-> {}, c2 |-> {}]
/\ reg = [c1 |-> [j1 |-> None], c2 |-> [j1 |-> None]]
/\ msgs = <<>>

State 55: <Plain line 142, col 32 to line 142, col 70 of module Trace>
/\ l = 55
/\ len = 72
/\ event = "RunnerScanRead"
/\ seq = 55
/\ status = [j1 |-> "RUNNING"]
/\ rpc_pc = "ScanRead"
/\ cmp_pc = "Idle"
/\ slots = {"j1"}
/\ running = {"j1"}
/\ pending = [j1 |-> {}]
/\ rp = [ j1 |->
      [finished |-> FALSE, exeErr |-> FALSE, rc |-> 0, parts |-> {"c1", "c2"}] ]
/\ exc = [j1 |-> None]
/\ free = [c1 |-> [u0 |-> 1, u1 |-> 1], c2 |-> [u0 |-> 1, u1 |-> 1]]
/\ resv = [c1 |-> {}, c2 |-> {}]
/\ reg = [c1 |-> [j1 |-> None], c2 |-> [j1 |-> None]]
/\ msgs = <<>>

State 56: <Plain line 144, col 32 to line 144, col 70 of module Trace>
/\ l = 56
/\ len = 72
/\ event = "RunnerScanList"
/\ seq = 56
/\ status = [j1 |-> "RUNNING"]
/\ rpc_pc = "Scan"
/\ cmp_pc = "Idle"
/\ slots = {"j1"}
/\ running = {"j1"}
/\ pending = [j1 |-> {}]
/\ rp = [ j1 |->
      [finished |-> FALSE, exeErr |-> FALSE, rc |-> 0, parts |-> {"c1", "c2"}] ]
/\ exc = [j1 |-> None]
/\ free = [c1 |-> [u0 |-> 1, u1 |-> 1], c2 |-> [u0 |-> 1, u1 |-> 1]]
/\ resv = [c1 |-> {}, c2 |-> {}]
/\ reg = [c1 |-> [j1 |-> None], c2 |-> [j1 |-> None]]
/\ msgs = <<>>

State 57: <Plain line 142, col 32 to line 142, col 70 of module Trace>
/\ l = 57
/\ len = 72
/\ event = "RunnerScanRead"
/\ seq = 57
/\ status = [j1 |-> "RUNNING"]
/\ rpc_pc = "ScanRead"
/\ cmp_pc = "Idle"
/\ slots = {"j1"}
/\ running = {"j1"}
/\ pending = [j1 |-> {}]
/\ rp = [ j1 |->
      [finished |-> FALSE, exeErr |-> FALSE, rc |-> 0, parts |-> {"c1", "c2"}] ]
/\ exc = [j1 |-> None]
/\ free = [c1 |-> [u0 |-> 1, u1 |-> 1], c2 |-> [u0 |-> 1, u1 |-> 1]]
/\ resv = [c1 |-> {}, c2 |-> {}]
/\ reg = [c1 |-> [j1 |-> None], c2 |-> [j1 |-> None]]
/\ msgs = <<>>

State 58: <Plain line 144, col 32 to line 144, col 70 of module Trace>
/\ l = 58
/\ len = 72
/\ event = "RunnerScanList"
/\ seq = 58
/\ status = [j1 |-> "RUNNING"]
/\ rpc_pc = "Scan"
/\ cmp_pc = "Idle"
/\ slots = {"j1"}
/\ running = {"j1"}
/\ pending = [j1 |-> {}]
/\ rp = [ j1 |->
      [finished |-> FALSE, exeErr |-> FALSE, rc |-> 0, parts |-> {"c1", "c2"}] ]
/\ exc = [j1 |-> None]
/\ free = [c1 |-> [u0 |-> 1, u1 |-> 1], c2 |-> [u0 |-> 1, u1 |-> 1]]
/\ resv = [c1 |-> {}, c2 |-> {}]
/\ reg = [c1 |-> [j1 |-> None], c2 |-> [j1 |-> None]]
/\ msgs = <<>>

State 59: <Plain line 142, col 32 to line 142, col 70 of module Trace>
/\ l = 59
/\ len = 72
/\ event = "RunnerScanRead"
/\ seq = 59
/\ status = [j1 |-> "RUNNING"]
/\ rpc_pc = "ScanRead"
/\ cmp_pc = "Idle"
/\ slots = {"j1"}
/\ running = {"j1"}
/\ pending = [j1 |-> {}]
/\ rp = [ j1 |->
      [finished |-> FALSE, exeErr |-> FALSE, rc |-> 0, parts |-> {"c1", "c2"}] ]
/\ exc = [j1 |-> None]
/\ free = [c1 |-> [u0 |-> 1, u1 |-> 1], c2 |-> [u0 |-> 1, u1 |-> 1]]
/\ resv = [c1 |-> {}, c2 |-> {}]
/\ reg = [c1 |-> [j1 |-> None], c2 |-> [j1 |-> None]]
/\ msgs = <<>>

State 60: <Plain line 144, col 32 to line 144, col 70 of module Trace>
/\ l = 60
/\ len = 72
/\ event = "RunnerScanList"
/\ seq = 60
/\ status = [j1 |-> "RUNNING"]
/\ rpc_pc = "Scan"
/\ cmp_pc = "Idle"
/\ slots = {"j1"}
/\ running = {"j1"}
/\ pending = [j1 |-> {}]
/\ rp = [ j1 |->
      [finished |-> FALSE, exeErr |-> FALSE, rc |-> 0, parts |-> {"c1", "c2"}] ]
/\ exc = [j1 |-> None]
/\ free = [c1 |-> [u0 |-> 1, u1 |-> 1], c2 |-> [u0 |-> 1, u1 |-> 1]]
/\ resv = [c1 |-> {}, c2 |-> {}]
/\ reg = [c1 |-> [j1 |-> None], c2 |-> [j1 |-> None]]
/\ msgs = <<>>

State 61: <Plain line 142, col 32 to line 142, col 70 of module Trace>
/\ l = 61
/\ len = 72
/\ event = "RunnerScanRead"
/\ seq = 61
/\ status = [j1 |-> "RUNNING"]
/\ rpc_pc = "ScanRead"
/\ cmp_pc = "Idle"
/\ slots = {"j1"}
/\ running = {"j1"}
/\ pending = [j1 |-> {}]
/\ rp = [ j1 |->
      [finished |-> FALSE, exeErr |-> FALSE, rc |-> 0, parts |-> {"c1", "c2"}] ]
/\ exc = [j1 |-> None]
/\ free = [c1 |-> [u0 |-> 1, u1 |-> 1], c2 |-> [u0 |-> 1, u1 |-> 1]]
/\ resv = [c1 |-> {}, c2 |-> {}]
/\ reg = [c1 |-> [j1 |-> None], c2 |-> [j1 |-> None]]
/\ msgs = <<>>

State 62: <Plain line 144, col 32 to line 144, col 70 of module Trace>
/\ l = 62
/\ len = 72
/\ event = "SpRemoveRunProcesses"
/\ seq = 62
/\ status = [j1 |-> "RUNNING"]
/\ rpc_pc = "Scan"
/\ cmp_pc = "Idle"
/\ slots = {"j1"}
/\ running = {"j1"}
/\ pending = [j1 |-> {}]
/\ rp = [ j1 |->
      [finished |-> FALSE, exeErr |-> FALSE, rc |-> 0, parts |-> {"c1", "c2"}] ]
/\ exc = [j1 |-> None]
/\ free = [c1 |-> [u0 |-> 1, u1 |-> 1], c2 |-> [u0 |-> 1, u1 |-> 1]]
/\ resv = [c1 |-> {}, c2 |-> {}]
/\ reg = [c1 |-> [j1 |-> None], c2 |-> [j1 |-> None]]
/\ msgs = <<>>

State 63: <SpRemoveRunProcessesLogged line 211, col 5 to line 211, col 105 of module Trace>
/\ l = 63
/\ len = 72
/\ event = "CmpFinalizeBegin"
/\ seq = 63
/\ status = [j1 |-> "RUNNING"]
/\ rpc_pc = "Scan"
/\ cmp_pc = "Idle"
/\ slots = {"j1"}
/\ running = {"j1"}
/\ pending = [j1 |-> {}]
/\ rp = [j1 |-> None]
/\ exc = [j1 |-> None]
/\ free = [c1 |-> [u0 |-> 1, u1 |-> 1], c2 |-> [u0 |-> 1, u1 |-> 1]]
/\ resv = [c1 |-> {}, c2 |-> {}]
/\ reg = [c1 |-> [j1 |-> None], c2 |-> [j1 |-> None]]
/\ msgs = <<>>

State 64: <CmpFinalizeBeginLogged line 174, col 5 to line 174, col 97 of module Trace>
/\ l = 64
/\ len = 72
/\ event = "CmpPublish"
/\ seq = 64
/\ status = [j1 |-> "RUNNING"]
/\ rpc_pc = "Scan"
/\ cmp_pc = "Publish"
/\ slots = {"j1"}
/\ running = {"j1"}
/\ pending = [j1 |-> {}]
/\ rp = [j1 |-> None]
/\ exc = [j1 |-> None]
/\ free = [c1 |-> [u0 |-> 1, u1 |-> 1], c2 |-> [u0 |-> 1, u1 |-> 1]]
/\ resv = [c1 |-> {}, c2 |-> {}]
/\ reg = [c1 |-> [j1 |-> None], c2 |-> [j1 |-> None]]
/\ msgs = <<>>

State 65: <Plain line 177, col 21 to line 177, col 51 of module Trace>
/\ l = 65
/\ len = 72
/\ event = "CmpRemove"
/\ seq = 65
/\ status = [j1 |-> "FINISHED:ABORTED"]
/\ rpc_pc = "Scan"
/\ cmp_pc = "Remove"
/\ slots = {"j1"}
/\ running = {"j1"}
/\ pending = [j1 |-> {}]
/\ rp = [j1 |-> None]
/\ exc = [j1 |-> None]
/\ free = [c1 |-> [u0 |-> 1, u1 |-> 1], c2 |-> [u0 |-> 1, u1 |-> 1]]
/\ resv = [c1 |-> {}, c2 |-> {}]
/\ reg = [c1 |-> [j1 |-> None], c2 |-> [j1 |-> None]]
/\ msgs = <<>>

State 66: <Plain line 178, col 21 to line 178, col 49 of module Trace>
/\ l = 66
/\ len = 72
/\ event = "RunnerScanList"
/\ seq = 66
/\ status = [j1 |-> "FINISHED:ABORTED"]
/\ rpc_pc = "Scan"
/\ cmp_pc = "Idle"
/\ slots = {}
/\ running = {}
/\ pending = [j1 |-> None]
/\ rp = [j1 |-> None]
/\ exc = [j1 |-> None]
/\ free = [c1 |-> [u0 |-> 1, u1 |-> 1], c2 |-> [u0 |-> 1, u1 |-> 1]]
/\ resv = [c1 |-> {}, c2 |-> {}]
/\ reg = [c1 |-> [j1 |-> None], c2 |-> [j1 |-> None]]
/\ msgs = <<>>

State 67: <Plain line 142, col 32 to line 142, col 70 of module Trace>
/\ l = 67
/\ len = 72
/\ event = "RunnerScanRead"
/\ seq = 67
/\ status = [j1 |-> "FINISHED:ABORTED"]
/\ rpc_pc = "ScanRead"
/\ cmp_pc = "Idle"
/\ slots = {}
/\ running = {}
/\ pending = [j1 |-> None]
/\ rp = [j1 |-> None]
/\ exc = [j1 |-> None]
/\ free = [c1 |-> [u0 |-> 1, u1 |-> 1], c2 |-> [u0 |-> 1, u1 |-> 1]]
/\ resv = [c1 |-> {}, c2 |-> {}]
/\ reg = [c1 |-> [j1 |-> None], c2 |-> [j1 |-> None]]
/\ msgs = <<>>

State 68: <Plain line 144, col 32 to line 144, col 70 of module Trace>
/\ l = 68
/\ len = 72
/\ event = "RunnerScanList"
/\ seq = 68
/\ status = [j1 |-> "FINISHED:ABORTED"]
/\ rpc_pc = "Scan"
/\ cmp_pc = "Idle"
/\ slots = {}
/\ running = {}
/\ pending = [j1 |-> None]
/\ rp = [j1 |-> None]
/\ exc = [j1 |-> None]
/\ free = [c1 |-> [u0 |-> 1, u1 |-> 1], c2 |-> [u0 |-> 1, u1 |-> 1]]
/\ resv = [c1 |-> {}, c2 |-> {}]
/\ reg = [c1 |-> [j1 |-> None], c2 |-> [j1 |-> None]]
/\ msgs = <<>>

State 69: <Plain line 142, col 32 to line 142, col 70 of module Trace>
/\ l = 69
/\ len = 72
/\ event = "RunnerScanRead"
/\ seq = 69
/\ status = [j1 |-> "FINISHED:ABORTED"]
/\ rpc_pc = "ScanRead"
/\ cmp_pc = "Idle"
/\ slots = {}
/\ running = {}
/\ pending = [j1 |-> None]
/\ rp = [j1 |-> None]
/\ exc = [j1 |-> None]
/\ free = [c1 |-> [u0 |-> 1, u1 |-> 1], c2 |-> [u0 |-> 1, u1 |-> 1]]
/\ resv = [c1 |-> {}, c2 |-> {}]
/\ reg = [c1 |-> [j1 |-> None], c2 |-> [j1 |-> None]]
/\ msgs = <<>>

State 70: <Plain line 144, col 32 to line 144, col 70 of module Trace>
/\ l = 70
/\ len = 72
/\ event = "SpWaitForComplete"
/\ seq = 70
/\ status = [j1 |-> "FINISHED:ABORTED"]
/\ rpc_pc = "Scan"
/\ cmp_pc = "Idle"
/\ slots = {}
/\ running = {}
/\ pending = [j1 |-> None]
/\ rp = [j1 |-> None]
/\ exc = [j1 |-> None]
/\ free = [c1 |-> [u0 |-> 1, u1 |-> 1], c2 |-> [u0 |-> 1, u1 |-> 1]]
/\ resv = [c1 |-> {}, c2 |-> {}]
/\ reg = [c1 |-> [j1 |-> None], c2 |-> [j1 |-> None]]
/\ msgs = <<>>

State 71: Stuttering
Finished checking temporal properties in 00s at 2026-09-25 17:52:24
70 states generated, 70 distinct states found, 0 states left on queue.
The depth of the complete state graph search is 70.
Finished in 00s at (2026-09-25 17:52:24)
Trace exploration spec path: ./Trace_TTrace_1790358744.tla
