{
  "status": "success",
  "passed": 4,
  "failed": 0,
  "sha256": {
    "/home/ubuntu/specula-vsr-runner-20260905/runs/vsr-rs-gpt6astra-ultra-20260905/vsr-rs/.specula-output/traces/recovery_epochs_and_reconstruction.ndjson": "89b59a884faa9b858f074cbb9ded86deabaf6b1d83b5c60c22f84cfd20dbf74a",
    "/home/ubuntu/specula-vsr-runner-20260905/runs/vsr-rs-gpt6astra-ultra-20260905/vsr-rs/.specula-output/traces/reordered_state_transfer.ndjson": "e28f95a6cdbf4bb007d40ed065f2d317023ac8ff24e71fd36d9cd566bfa2965f",
    "/home/ubuntu/specula-vsr-runner-20260905/runs/vsr-rs-gpt6astra-ultra-20260905/vsr-rs/.specula-output/traces/requests_replies_and_lifetimes.ndjson": "b81d29dc426c9900c713d8053316795e5920a8e44df0ef5a46c0b885598e33b0",
    "/home/ubuntu/specula-vsr-runner-20260905/runs/vsr-rs-gpt6astra-ultra-20260905/vsr-rs/.specula-output/traces/view_change_and_retained_resume.ndjson": "eefd9fb1441073d169e0eea1d1ea3da938b8de492606abdfa3e0b9b4e4c2898b",
    "/home/ubuntu/specula-vsr-runner-20260905/runs/vsr-rs-gpt6astra-ultra-20260905/vsr-rs/.specula-output/spec/base.tla": "447085336c6ab1948127bc82c5293ad5fdf16e5235aa210900e6ae15f4d94453",
    "/home/ubuntu/specula-vsr-runner-20260905/runs/vsr-rs-gpt6astra-ultra-20260905/vsr-rs/.specula-output/spec/Trace.tla": "f1b63e3bec6ac5aa1df7f11f3a24557b06dc57bd9c11ff2e2e7739eae24092fd",
    "/home/ubuntu/specula-vsr-runner-20260905/runs/vsr-rs-gpt6astra-ultra-20260905/vsr-rs/.specula-output/spec/Trace.cfg": "2f44d7b040f42053914686b1662673f98e16baf7a36db5b61a6f50e83af0b215"
  }
}
Schema/L2 audit: PASS; 4 traces, 474 transitions; 18/18 event types
positive-recovery_epochs_and_reconstruction: PASS (0.97s)
positive-reordered_state_transfer: PASS (1.02s)
positive-requests_replies_and_lifetimes: PASS (0.97s)
positive-view_change_and_retained_resume: PASS (1.27s)
negative-postcommit: PASS (0.82s)
negative-apply-result: PASS (0.87s)
negative-packet-offset: PASS (0.98s)
negative-omitted-persist: PASS (0.88s)
