TLC2 Version 2.20 of Day Month 20?? (rev: ${git.shortRevision})
Running breadth-first search Model-Checking with fp 70 and seed 7861219800314943415 with 1 worker on 96 cores with 4096MB heap and 64MB offheap memory [pid: 4119] (Linux 6.8.0-1044-azure amd64, Ubuntu 21.0.11 x86_64, MSBDiskFPSet, DiskStateQueue).
Parsing file /workspace/out/runs/normal-v02/C03Progress.tla
Parsing file /workspace/out/runs/normal-v02/Trace.tla
Parsing file /tmp/tlc-12931031670348579197/_JsonTrace.tla (jar:file:/tools/tla2tools.jar!/tla2sany/StandardModules/_JsonTrace.tla)
Parsing file /tmp/tlc-12931031670348579197/_TLCTrace.tla (jar:file:/tools/tla2tools.jar!/tla2sany/StandardModules/_TLCTrace.tla)
Parsing file /workspace/out/runs/normal-v02/base.tla
Parsing file /tmp/tlc-12931031670348579197/Json.tla (jar:file:/tools/tla2tools.jar!/tla2sany/StandardModules/Json.tla)
Parsing file /tmp/tlc-12931031670348579197/IOUtils.tla (jar:file:/tools/CommunityModules.jar!/IOUtils.tla)
Parsing file /tmp/tlc-12931031670348579197/Naturals.tla (jar:file:/tools/tla2tools.jar!/tla2sany/StandardModules/Naturals.tla)
Parsing file /tmp/tlc-12931031670348579197/Integers.tla (jar:file:/tools/tla2tools.jar!/tla2sany/StandardModules/Integers.tla)
Parsing file /tmp/tlc-12931031670348579197/Sequences.tla (jar:file:/tools/tla2tools.jar!/tla2sany/StandardModules/Sequences.tla)
Parsing file /tmp/tlc-12931031670348579197/FiniteSets.tla (jar:file:/tools/tla2tools.jar!/tla2sany/StandardModules/FiniteSets.tla)
Parsing file /tmp/tlc-12931031670348579197/Bags.tla (jar:file:/tools/tla2tools.jar!/tla2sany/StandardModules/Bags.tla)
Parsing file /tmp/tlc-12931031670348579197/TLC.tla (jar:file:/tools/tla2tools.jar!/tla2sany/StandardModules/TLC.tla)
Parsing file /tmp/tlc-12931031670348579197/TLCExt.tla (jar:file:/tools/tla2tools.jar!/tla2sany/StandardModules/TLCExt.tla)
Semantic processing of module Naturals
Semantic processing of module Integers
Semantic processing of module Sequences
Semantic processing of module FiniteSets
Semantic processing of module TLC
Semantic processing of module Bags
Semantic processing of module base
Semantic processing of module Json
Semantic processing of module IOUtils
Semantic processing of module Trace
Semantic processing of module TLCExt
Semantic processing of module _JsonTrace
Semantic processing of module _TLCTrace
Semantic processing of module C03Progress
Linting of module base
Linting of module Json
Linting of module IOUtils
Linting of module Trace
Linting of module TLCExt
Linting of module _JsonTrace
Linting of module _TLCTrace
Linting of module C03Progress
Starting... (2026-09-22 20:31:12)
Error: The configuration file substitutes for AutoLeaveWeight with the undefined identifier TraceAutoLeaveWeight.
Finished in 00s at (2026-09-22 20:31:12)
