[0;32m================================[0m
[0;32mTLC Model Checking Mode[0m
[0;32m================================[0m
Spec File:       MC.tla
Config File:     MC_hunt_live_cleanup.cfg
Memory Limit:    4G
Off-heap Memory: 12G
Workers:         4
Timeout:         30 minutes
[0;34m--- Model Checking Settings ---[0m
Depth Limit:     0
Checkpoint:      10 minutes
Log File:        /home/ubuntu/specula-nvflare-gpt-continuation-20260926/framework/runs/gpt-continuation/nvflare-job/.specula-output/.tlc-tasks/jobs/45729ada437049e789105460ed4bee08/tlc.log
[0;32m================================[0m
[1;33mExecuting Command:[0m
java -XX:+UseParallelGC -Dtlc2.tool.fp.FPSet.impl=tlc2.tool.fp.OffHeapDiskFPSet -XX:MaxDirectMemorySize=12G -Xmx4G -Xms4G -cp /home/ubuntu/specula-nvflare-gpt-continuation-20260926/framework/lib/CommunityModules-deps.jar:/home/ubuntu/specula-nvflare-gpt-continuation-20260926/framework/lib/tla2tools.jar tlc2.TLC -config MC_hunt_live_cleanup.cfg MC.tla -workers 4 -deadlock -checkpoint 10 -dumptrace json /home/ubuntu/specula-nvflare-gpt-continuation-20260926/framework/runs/gpt-continuation/nvflare-job/.specula-output/spec/output/continuation-H4b-live_cleanup/counterexample.json -metadir /home/ubuntu/specula-nvflare-gpt-continuation-20260926/framework/runs/gpt-continuation/nvflare-job/.specula-output/.tlc-state/tlc-states-SKqDnd 

TLC resource budget (Specula run gpt-continuation):
  memory source: user config (64G)
  external memory use: not included in this configured run bound
  memory limit: 64 GiB
  active TLC reserved before request: 0 bytes (this agent: 0 bytes)
  this request: 16 GiB (heap 4 GiB + off-heap 12 GiB)
  remaining before request: 64 GiB
  remaining after admission: 48 GiB
  worker limit: 16
  active TLC workers before request: 0 (this agent: 0)
  this request workers: 4 (4)
  remaining workers before request: 16
  remaining workers after admission: 12
  result: admitted
TLC2 Version 2026.09.23.154203 (rev: 4260e47)
Running breadth-first search Model-Checking with fp 17 and seed -1092137580437776234 with 4 workers on 96 cores with 3925MB heap and 12288MB offheap memory [pid: 1468461] (Linux 6.8.0-1044-azure amd64, Ubuntu 21.0.11 64bit, OffHeapDiskFPSet, DiskStateQueue).
Parsing file /home/ubuntu/specula-nvflare-gpt-continuation-20260926/framework/runs/gpt-continuation/nvflare-job/.specula-output/spec/output/continuation-H4b-live_cleanup/MC.tla
Parsing file /home/ubuntu/specula-nvflare-gpt-continuation-20260926/framework/runs/gpt-continuation/nvflare-job/.specula-output/spec/output/continuation-H4b-live_cleanup/base.tla
Parsing file /tmp/tlc-5357420215652869475/_JsonTrace.tla (jar:file:/home/ubuntu/specula-nvflare-gpt-continuation-20260926/framework/lib/tla2tools.jar!/tla2sany/StandardModules/_JsonTrace.tla)
Parsing file /tmp/tlc-5357420215652869475/_TLCTrace.tla (jar:file:/home/ubuntu/specula-nvflare-gpt-continuation-20260926/framework/lib/tla2tools.jar!/tla2sany/StandardModules/_TLCTrace.tla)
Parsing file /tmp/tlc-5357420215652869475/Integers.tla (jar:file:/home/ubuntu/specula-nvflare-gpt-continuation-20260926/framework/lib/tla2tools.jar!/tla2sany/StandardModules/Integers.tla)
Parsing file /tmp/tlc-5357420215652869475/Sequences.tla (jar:file:/home/ubuntu/specula-nvflare-gpt-continuation-20260926/framework/lib/tla2tools.jar!/tla2sany/StandardModules/Sequences.tla)
Parsing file /tmp/tlc-5357420215652869475/FiniteSets.tla (jar:file:/home/ubuntu/specula-nvflare-gpt-continuation-20260926/framework/lib/tla2tools.jar!/tla2sany/StandardModules/FiniteSets.tla)
Parsing file /tmp/tlc-5357420215652869475/TLC.tla (jar:file:/home/ubuntu/specula-nvflare-gpt-continuation-20260926/framework/lib/tla2tools.jar!/tla2sany/StandardModules/TLC.tla)
Parsing file /tmp/tlc-5357420215652869475/Naturals.tla (jar:file:/home/ubuntu/specula-nvflare-gpt-continuation-20260926/framework/lib/tla2tools.jar!/tla2sany/StandardModules/Naturals.tla)
Parsing file /tmp/tlc-5357420215652869475/TLCExt.tla (jar:file:/home/ubuntu/specula-nvflare-gpt-continuation-20260926/framework/lib/tla2tools.jar!/tla2sany/StandardModules/TLCExt.tla)
Parsing file /tmp/tlc-5357420215652869475/Json.tla (jar:file:/home/ubuntu/specula-nvflare-gpt-continuation-20260926/framework/lib/tla2tools.jar!/tla2sany/StandardModules/Json.tla)
Semantic processing of module Naturals
Semantic processing of module Integers
Semantic processing of module Sequences
Semantic processing of module FiniteSets
Semantic processing of module TLC
Semantic processing of module base
Semantic processing of module TLCExt
Semantic processing of module Json
Semantic processing of module _JsonTrace
Semantic processing of module _TLCTrace
Semantic processing of module MC
Linting of module base
Linting of module TLCExt
Linting of module Json
Linting of module _JsonTrace
Linting of module _TLCTrace
Linting of module MC
Starting... (2026-09-27 06:34:25)
Implied-temporal checking--satisfiability problem has 1 branches.
Computing initial states...
Finished computing initial states: 1 distinct state generated at 2026-09-27 06:34:25.
Checking temporal properties for the current state space with 9896 total distinct states at (2026-09-27 06:34:28)
Finished checking temporal properties in 00s at 2026-09-27 06:34:28
Progress(29) at 2026-09-27 06:34:28: 33,102 states generated (33,102 s/min), 9,896 distinct states found (9,896 ds/min), 3,618 states left on queue.
Checking temporal properties for the current state space with 228759 total distinct states at (2026-09-27 06:35:28)
Finished checking temporal properties in 01s at 2026-09-27 06:35:30
Progress(36) at 2026-09-27 06:35:30: 959,232 states generated (926,130 s/min), 228,761 distinct states found (218,865 ds/min), 93,087 states left on queue.
Checking temporal properties for the current state space with 422578 total distinct states at (2026-09-27 06:36:30)
Finished checking temporal properties in 03s at 2026-09-27 06:36:33
Progress(38) at 2026-09-27 06:36:33: 1,830,737 states generated (871,505 s/min), 422,578 distinct states found (193,817 ds/min), 176,342 states left on queue.
Checking temporal properties for the current state space with 604024 total distinct states at (2026-09-27 06:37:33)
Finished checking temporal properties in 04s at 2026-09-27 06:37:38
Progress(38) at 2026-09-27 06:37:38: 2,707,543 states generated (876,806 s/min), 604,024 distinct states found (181,446 ds/min), 250,701 states left on queue.
Checking temporal properties for the current state space with 781991 total distinct states at (2026-09-27 06:38:38)
Finished checking temporal properties in 06s at 2026-09-27 06:38:45
Progress(39) at 2026-09-27 06:38:45: 3,548,818 states generated (841,275 s/min), 781,993 distinct states found (177,969 ds/min), 322,438 states left on queue.
Checking temporal properties for the current state space with 949895 total distinct states at (2026-09-27 06:39:45)
Finished checking temporal properties in 08s at 2026-09-27 06:39:53
Progress(39) at 2026-09-27 06:39:53: 4,422,441 states generated (873,623 s/min), 949,895 distinct states found (167,902 ds/min), 386,653 states left on queue.
Checking temporal properties for the current state space with 1130018 total distinct states at (2026-09-27 06:40:53)
Finished checking temporal properties in 10s at 2026-09-27 06:41:04
Progress(40) at 2026-09-27 06:41:04: 5,310,207 states generated (887,766 s/min), 1,130,018 distinct states found (180,123 ds/min), 455,651 states left on queue.
Checking temporal properties for the current state space with 1289323 total distinct states at (2026-09-27 06:42:04)
Finished checking temporal properties in 12s at 2026-09-27 06:42:16
Progress(40) at 2026-09-27 06:42:16: 6,125,458 states generated (815,251 s/min), 1,289,323 distinct states found (159,305 ds/min), 514,778 states left on queue.
Checking temporal properties for the current state space with 1443865 total distinct states at (2026-09-27 06:43:16)
Finished checking temporal properties in 14s at 2026-09-27 06:43:30
Progress(40) at 2026-09-27 06:43:30: 6,979,979 states generated (854,521 s/min), 1,443,865 distinct states found (154,542 ds/min), 569,173 states left on queue.
Checking temporal properties for the current state space with 1612392 total distinct states at (2026-09-27 06:44:30)
Finished checking temporal properties in 15s at 2026-09-27 06:44:46
Checkpointing of run /home/ubuntu/specula-nvflare-gpt-continuation-20260926/framework/runs/gpt-continuation/nvflare-job/.specula-output/.tlc-state/tlc-states-SKqDnd/26-09-27-06-34-24.666
Checkpointing completed at (2026-09-27 06:44:46)
Progress(40) at 2026-09-27 06:44:46: 7,854,557 states generated (874,578 s/min), 1,612,408 distinct states found (168,543 ds/min), 633,583 states left on queue.
Checking temporal properties for the current state space with 1785029 total distinct states at (2026-09-27 06:45:46)
Finished checking temporal properties in 16s at 2026-09-27 06:46:03
Progress(40) at 2026-09-27 06:46:03: 8,744,472 states generated (889,915 s/min), 1,785,029 distinct states found (172,621 ds/min), 695,970 states left on queue.
Progress(41) at 2026-09-27 06:47:03: 9,584,726 states generated (840,254 s/min), 1,941,831 distinct states found (156,802 ds/min), 748,043 states left on queue.
Checking temporal properties for the current state space with 2088276 total distinct states at (2026-09-27 06:48:03)
Finished checking temporal properties in 22s at 2026-09-27 06:48:25
Progress(41) at 2026-09-27 06:48:25: 10,406,567 states generated (821,841 s/min), 2,088,276 distinct states found (146,445 ds/min), 796,049 states left on queue.
Progress(41) at 2026-09-27 06:49:25: 11,255,992 states generated (849,425 s/min), 2,237,692 distinct states found (149,416 ds/min), 843,828 states left on queue.
Checking temporal properties for the current state space with 2377582 total distinct states at (2026-09-27 06:50:25)
Finished checking temporal properties in 25s at 2026-09-27 06:50:50
Progress(41) at 2026-09-27 06:50:50: 12,116,692 states generated (860,700 s/min), 2,377,582 distinct states found (139,890 ds/min), 890,182 states left on queue.
Progress(41) at 2026-09-27 06:51:50: 13,012,407 states generated (895,715 s/min), 2,553,847 distinct states found (176,265 ds/min), 957,108 states left on queue.
Checking temporal properties for the current state space with 2716163 total distinct states at (2026-09-27 06:52:50)
Finished checking temporal properties in 28s at 2026-09-27 06:53:18
Progress(41) at 2026-09-27 06:53:18: 13,912,775 states generated (900,368 s/min), 2,716,163 distinct states found (162,316 ds/min), 1,008,773 states left on queue.
Progress(41) at 2026-09-27 06:54:18: 14,779,139 states generated (866,364 s/min), 2,873,938 distinct states found (157,775 ds/min), 1,060,982 states left on queue.
Checking temporal properties for the current state space with 3026036 total distinct states at (2026-09-27 06:55:18)
Finished checking temporal properties in 31s at 2026-09-27 06:55:50
Checkpointing of run /home/ubuntu/specula-nvflare-gpt-continuation-20260926/framework/runs/gpt-continuation/nvflare-job/.specula-output/.tlc-state/tlc-states-SKqDnd/26-09-27-06-34-24.666
Checkpointing completed at (2026-09-27 06:55:50)
Progress(42) at 2026-09-27 06:55:50: 15,620,734 states generated (841,595 s/min), 3,026,113 distinct states found (152,175 ds/min), 1,106,033 states left on queue.
Progress(42) at 2026-09-27 06:56:50: 16,390,432 states generated (769,698 s/min), 3,148,643 distinct states found (122,530 ds/min), 1,142,081 states left on queue.
Progress(42) at 2026-09-27 06:57:50: 17,186,965 states generated (796,533 s/min), 3,285,038 distinct states found (136,395 ds/min), 1,179,461 states left on queue.
Checking temporal properties for the current state space with 3396143 total distinct states at (2026-09-27 06:58:50)
Finished checking temporal properties in 37s at 2026-09-27 06:59:28
Progress(42) at 2026-09-27 06:59:28: 17,877,647 states generated (690,682 s/min), 3,396,143 distinct states found (111,105 ds/min), 1,211,408 states left on queue.
Progress(42) at 2026-09-27 07:00:28: 18,749,501 states generated (871,854 s/min), 3,541,207 distinct states found (145,064 ds/min), 1,257,410 states left on queue.
Progress(42) at 2026-09-27 07:01:28: 19,602,211 states generated (852,710 s/min), 3,674,998 distinct states found (133,791 ds/min), 1,297,853 states left on queue.
Checking temporal properties for the current state space with 3849878 total distinct states at (2026-09-27 07:02:28)
Finished checking temporal properties in 41s at 2026-09-27 07:03:09
Progress(42) at 2026-09-27 07:03:09: 20,505,705 states generated (903,494 s/min), 3,849,878 distinct states found (174,880 ds/min), 1,362,259 states left on queue.
Progress(42) at 2026-09-27 07:04:09: 21,383,522 states generated (877,817 s/min), 4,006,867 distinct states found (156,989 ds/min), 1,413,343 states left on queue.

[0;32m================================[0m
[1;33m⚠ Timed out[0m
[0;32m================================[0m
