[0;32m================================[0m
[0;32mTLC Model Checking Mode[0m
[0;32m================================[0m
Spec File:       MC.tla
Config File:     MC_hunt_s3_resources.cfg
Memory Limit:    4G
Off-heap Memory: 12G
Workers:         4
Timeout:         30 minutes
[0;34m--- Model Checking Settings ---[0m
Depth Limit:     0
Checkpoint:      10 minutes
Log File:        /home/ubuntu/specula-nvflare-gpt-continuation-20260926/framework/runs/gpt-continuation/nvflare-job/.specula-output/.tlc-tasks/jobs/4475101411c64d68b57f987da2ab3232/tlc.log
[0;32m================================[0m
[1;33mExecuting Command:[0m
java -XX:+UseParallelGC -Dtlc2.tool.fp.FPSet.impl=tlc2.tool.fp.OffHeapDiskFPSet -XX:MaxDirectMemorySize=12G -Xmx4G -Xms4G -cp /home/ubuntu/specula-nvflare-gpt-continuation-20260926/framework/lib/CommunityModules-deps.jar:/home/ubuntu/specula-nvflare-gpt-continuation-20260926/framework/lib/tla2tools.jar tlc2.TLC -config MC_hunt_s3_resources.cfg MC.tla -workers 4 -deadlock -checkpoint 10 -dumptrace json /home/ubuntu/specula-nvflare-gpt-continuation-20260926/framework/runs/gpt-continuation/nvflare-job/.specula-output/spec/output/continuation-H4-s3_resources/counterexample.json -metadir /home/ubuntu/specula-nvflare-gpt-continuation-20260926/framework/runs/gpt-continuation/nvflare-job/.specula-output/.tlc-state/tlc-states-VphoBH 

TLC resource budget (Specula run gpt-continuation):
  memory source: user config (64G)
  external memory use: not included in this configured run bound
  memory limit: 64 GiB
  active TLC reserved before request: 48 GiB (this agent: 48 GiB)
  this request: 16 GiB (heap 4 GiB + off-heap 12 GiB)
  remaining before request: 16 GiB
  remaining after admission: 0 bytes
  worker limit: 16
  active TLC workers before request: 12 (this agent: 12)
  this request workers: 4 (4)
  remaining workers before request: 4
  remaining workers after admission: 0
  result: admitted
TLC2 Version 2026.09.23.154203 (rev: 4260e47)
Running breadth-first search Model-Checking with fp 63 and seed 6928166212957466271 with 4 workers on 96 cores with 3925MB heap and 12288MB offheap memory [pid: 1883944] (Linux 6.8.0-1044-azure amd64, Ubuntu 21.0.11 64bit, OffHeapDiskFPSet, DiskStateQueue).
Parsing file /home/ubuntu/specula-nvflare-gpt-continuation-20260926/framework/runs/gpt-continuation/nvflare-job/.specula-output/spec/output/continuation-H4-s3_resources/MC.tla
Parsing file /home/ubuntu/specula-nvflare-gpt-continuation-20260926/framework/runs/gpt-continuation/nvflare-job/.specula-output/spec/output/continuation-H4-s3_resources/base.tla
Parsing file /tmp/tlc-9303733879756311944/_JsonTrace.tla (jar:file:/home/ubuntu/specula-nvflare-gpt-continuation-20260926/framework/lib/tla2tools.jar!/tla2sany/StandardModules/_JsonTrace.tla)
Parsing file /tmp/tlc-9303733879756311944/_TLCTrace.tla (jar:file:/home/ubuntu/specula-nvflare-gpt-continuation-20260926/framework/lib/tla2tools.jar!/tla2sany/StandardModules/_TLCTrace.tla)
Parsing file /tmp/tlc-9303733879756311944/Integers.tla (jar:file:/home/ubuntu/specula-nvflare-gpt-continuation-20260926/framework/lib/tla2tools.jar!/tla2sany/StandardModules/Integers.tla)
Parsing file /tmp/tlc-9303733879756311944/Sequences.tla (jar:file:/home/ubuntu/specula-nvflare-gpt-continuation-20260926/framework/lib/tla2tools.jar!/tla2sany/StandardModules/Sequences.tla)
Parsing file /tmp/tlc-9303733879756311944/FiniteSets.tla (jar:file:/home/ubuntu/specula-nvflare-gpt-continuation-20260926/framework/lib/tla2tools.jar!/tla2sany/StandardModules/FiniteSets.tla)
Parsing file /tmp/tlc-9303733879756311944/TLC.tla (jar:file:/home/ubuntu/specula-nvflare-gpt-continuation-20260926/framework/lib/tla2tools.jar!/tla2sany/StandardModules/TLC.tla)
Parsing file /tmp/tlc-9303733879756311944/Naturals.tla (jar:file:/home/ubuntu/specula-nvflare-gpt-continuation-20260926/framework/lib/tla2tools.jar!/tla2sany/StandardModules/Naturals.tla)
Parsing file /tmp/tlc-9303733879756311944/TLCExt.tla (jar:file:/home/ubuntu/specula-nvflare-gpt-continuation-20260926/framework/lib/tla2tools.jar!/tla2sany/StandardModules/TLCExt.tla)
Parsing file /tmp/tlc-9303733879756311944/Json.tla (jar:file:/home/ubuntu/specula-nvflare-gpt-continuation-20260926/framework/lib/tla2tools.jar!/tla2sany/StandardModules/Json.tla)
Semantic processing of module Naturals
Semantic processing of module Integers
Semantic processing of module Sequences
Semantic processing of module FiniteSets
Semantic processing of module TLC
Semantic processing of module base
Semantic processing of module TLCExt
Semantic processing of module Json
Semantic processing of module _JsonTrace
Semantic processing of module _TLCTrace
Semantic processing of module MC
Linting of module base
Linting of module TLCExt
Linting of module Json
Linting of module _JsonTrace
Linting of module _TLCTrace
Linting of module MC
Starting... (2026-09-27 07:05:35)
Computing initial states...
Finished computing initial states: 1 distinct state generated at 2026-09-27 07:05:37.
Progress(30) at 2026-09-27 07:05:40: 147,128 states generated (147,128 s/min), 40,454 distinct states found (40,454 ds/min), 15,213 states left on queue.
Progress(36) at 2026-09-27 07:06:40: 4,273,836 states generated (4,126,708 s/min), 967,710 distinct states found (927,256 ds/min), 406,367 states left on queue.
Progress(38) at 2026-09-27 07:07:40: 8,473,068 states generated (4,199,232 s/min), 1,855,485 distinct states found (887,775 ds/min), 770,215 states left on queue.
Progress(38) at 2026-09-27 07:08:40: 12,856,359 states generated (4,383,291 s/min), 2,731,663 distinct states found (876,178 ds/min), 1,125,273 states left on queue.
Progress(39) at 2026-09-27 07:09:40: 17,129,363 states generated (4,273,004 s/min), 3,605,078 distinct states found (873,415 ds/min), 1,479,195 states left on queue.
Progress(39) at 2026-09-27 07:10:40: 21,598,549 states generated (4,469,186 s/min), 4,450,325 distinct states found (845,247 ds/min), 1,801,434 states left on queue.
Progress(40) at 2026-09-27 07:11:40: 25,688,077 states generated (4,089,528 s/min), 5,268,447 distinct states found (818,122 ds/min), 2,122,184 states left on queue.
Progress(40) at 2026-09-27 07:12:40: 30,098,099 states generated (4,410,022 s/min), 6,107,052 distinct states found (838,605 ds/min), 2,444,886 states left on queue.
Progress(40) at 2026-09-27 07:13:40: 34,629,218 states generated (4,531,119 s/min), 6,907,337 distinct states found (800,285 ds/min), 2,714,803 states left on queue.
Progress(40) at 2026-09-27 07:14:40: 39,119,970 states generated (4,490,752 s/min), 7,750,319 distinct states found (842,982 ds/min), 3,042,323 states left on queue.
Checkpointing of run /home/ubuntu/specula-nvflare-gpt-continuation-20260926/framework/runs/gpt-continuation/nvflare-job/.specula-output/.tlc-state/tlc-states-VphoBH/26-09-27-07-05-35.472
Checkpointing completed at (2026-09-27 07:15:40)
Progress(41) at 2026-09-27 07:15:40: 43,385,528 states generated (4,265,558 s/min), 8,592,857 distinct states found (842,538 ds/min), 3,367,087 states left on queue.
Progress(41) at 2026-09-27 07:16:40: 47,927,495 states generated (4,541,967 s/min), 9,430,008 distinct states found (837,151 ds/min), 3,711,326 states left on queue.
Progress(41) at 2026-09-27 07:17:40: 52,345,355 states generated (4,417,860 s/min), 10,219,939 distinct states found (789,931 ds/min), 3,959,716 states left on queue.
Progress(41) at 2026-09-27 07:18:40: 56,937,343 states generated (4,591,988 s/min), 11,003,558 distinct states found (783,619 ds/min), 4,215,382 states left on queue.
Progress(41) at 2026-09-27 07:19:40: 61,611,959 states generated (4,674,616 s/min), 11,845,599 distinct states found (842,041 ds/min), 4,535,891 states left on queue.
Progress(41) at 2026-09-27 07:20:40: 66,191,596 states generated (4,579,637 s/min), 12,643,945 distinct states found (798,346 ds/min), 4,797,183 states left on queue.
Progress(42) at 2026-09-27 07:21:40: 70,468,626 states generated (4,277,030 s/min), 13,504,283 distinct states found (860,338 ds/min), 5,126,746 states left on queue.
Progress(42) at 2026-09-27 07:22:40: 75,039,465 states generated (4,570,839 s/min), 14,344,968 distinct states found (840,685 ds/min), 5,470,160 states left on queue.
Progress(42) at 2026-09-27 07:23:40: 79,369,049 states generated (4,329,584 s/min), 15,081,692 distinct states found (736,724 ds/min), 5,760,690 states left on queue.
Progress(42) at 2026-09-27 07:24:40: 83,771,490 states generated (4,402,441 s/min), 15,859,736 distinct states found (778,044 ds/min), 5,999,406 states left on queue.
Checkpointing of run /home/ubuntu/specula-nvflare-gpt-continuation-20260926/framework/runs/gpt-continuation/nvflare-job/.specula-output/.tlc-state/tlc-states-VphoBH/26-09-27-07-05-35.472
Checkpointing completed at (2026-09-27 07:25:40)
Progress(42) at 2026-09-27 07:25:40: 88,321,420 states generated (4,549,930 s/min), 16,607,932 distinct states found (748,196 ds/min), 6,204,904 states left on queue.
Progress(42) at 2026-09-27 07:26:40: 92,890,036 states generated (4,568,616 s/min), 17,381,732 distinct states found (773,800 ds/min), 6,462,899 states left on queue.
Progress(42) at 2026-09-27 07:27:40: 97,564,897 states generated (4,674,861 s/min), 18,157,831 distinct states found (776,099 ds/min), 6,723,833 states left on queue.
Progress(42) at 2026-09-27 07:28:40: 102,196,145 states generated (4,631,248 s/min), 18,970,852 distinct states found (813,021 ds/min), 7,007,476 states left on queue.
Progress(42) at 2026-09-27 07:29:40: 106,781,739 states generated (4,585,594 s/min), 19,761,151 distinct states found (790,299 ds/min), 7,264,471 states left on queue.
Progress(42) at 2026-09-27 07:30:40: 111,219,137 states generated (4,437,398 s/min), 20,577,100 distinct states found (815,949 ds/min), 7,537,477 states left on queue.
Progress(43) at 2026-09-27 07:31:40: 115,536,009 states generated (4,316,872 s/min), 21,391,411 distinct states found (814,311 ds/min), 7,846,198 states left on queue.
Progress(43) at 2026-09-27 07:32:40: 120,179,930 states generated (4,643,921 s/min), 22,218,295 distinct states found (826,884 ds/min), 8,171,976 states left on queue.
Progress(43) at 2026-09-27 07:33:40: 124,806,315 states generated (4,626,385 s/min), 23,005,271 distinct states found (786,976 ds/min), 8,464,486 states left on queue.
Progress(43) at 2026-09-27 07:34:40: 129,396,910 states generated (4,590,595 s/min), 23,776,496 distinct states found (771,225 ds/min), 8,772,449 states left on queue.

[0;32m================================[0m
[1;33m⚠ Timed out[0m
[0;32m================================[0m
