TLC2 Version 2026.09.23.154203 (rev: 4260e47)
Running breadth-first search Model-Checking with fp 4 and seed 6253405073609940013 with 16 workers on 96 cores with 15701MB heap and 49152MB offheap memory [pid: 4005295] (Linux 6.8.0-1044-azure amd64, Ubuntu 21.0.11 64bit, OffHeapDiskFPSet, DiskStateQueue).
Parsing file /home/ubuntu/specula-nvflare-gpt-continuation-20260926/framework/runs/gpt-continuation/nvflare-job/.specula-output/spec/output/continuation-C8-MC-resume/MC.tla
Parsing file /home/ubuntu/specula-nvflare-gpt-continuation-20260926/framework/runs/gpt-continuation/nvflare-job/.specula-output/spec/output/continuation-C8-MC-resume/base.tla
Parsing file /tmp/tlc-10786071845315246086/_JsonTrace.tla (jar:file:/home/ubuntu/specula-nvflare-gpt-continuation-20260926/framework/lib/tla2tools.jar!/tla2sany/StandardModules/_JsonTrace.tla)
Parsing file /tmp/tlc-10786071845315246086/_TLCTrace.tla (jar:file:/home/ubuntu/specula-nvflare-gpt-continuation-20260926/framework/lib/tla2tools.jar!/tla2sany/StandardModules/_TLCTrace.tla)
Parsing file /tmp/tlc-10786071845315246086/Integers.tla (jar:file:/home/ubuntu/specula-nvflare-gpt-continuation-20260926/framework/lib/tla2tools.jar!/tla2sany/StandardModules/Integers.tla)
Parsing file /tmp/tlc-10786071845315246086/Sequences.tla (jar:file:/home/ubuntu/specula-nvflare-gpt-continuation-20260926/framework/lib/tla2tools.jar!/tla2sany/StandardModules/Sequences.tla)
Parsing file /tmp/tlc-10786071845315246086/FiniteSets.tla (jar:file:/home/ubuntu/specula-nvflare-gpt-continuation-20260926/framework/lib/tla2tools.jar!/tla2sany/StandardModules/FiniteSets.tla)
Parsing file /tmp/tlc-10786071845315246086/TLC.tla (jar:file:/home/ubuntu/specula-nvflare-gpt-continuation-20260926/framework/lib/tla2tools.jar!/tla2sany/StandardModules/TLC.tla)
Parsing file /tmp/tlc-10786071845315246086/Naturals.tla (jar:file:/home/ubuntu/specula-nvflare-gpt-continuation-20260926/framework/lib/tla2tools.jar!/tla2sany/StandardModules/Naturals.tla)
Parsing file /tmp/tlc-10786071845315246086/TLCExt.tla (jar:file:/home/ubuntu/specula-nvflare-gpt-continuation-20260926/framework/lib/tla2tools.jar!/tla2sany/StandardModules/TLCExt.tla)
Parsing file /tmp/tlc-10786071845315246086/Json.tla (jar:file:/home/ubuntu/specula-nvflare-gpt-continuation-20260926/framework/lib/tla2tools.jar!/tla2sany/StandardModules/Json.tla)
Semantic processing of module Naturals
Semantic processing of module Integers
Semantic processing of module Sequences
Semantic processing of module FiniteSets
Semantic processing of module TLC
Semantic processing of module base
Semantic processing of module TLCExt
Semantic processing of module Json
Semantic processing of module _JsonTrace
Semantic processing of module _TLCTrace
Semantic processing of module MC
Linting of module base
Linting of module TLCExt
Linting of module Json
Linting of module _JsonTrace
Linting of module _TLCTrace
Linting of module MC
Starting... (2026-09-26 16:44:06)
Computing initial states...
Finished computing initial states: 1 distinct state generated at 2026-09-26 16:44:07.
Progress(26) at 2026-09-26 16:44:10: 371,480 states generated (371,480 s/min), 82,224 distinct states found (82,224 ds/min), 27,173 states left on queue.
Progress(33) at 2026-09-26 16:45:10: 13,500,515 states generated (13,129,035 s/min), 2,756,419 distinct states found (2,674,195 ds/min), 1,151,425 states left on queue.
Progress(35) at 2026-09-26 16:46:10: 26,877,488 states generated (13,376,973 s/min), 5,375,905 distinct states found (2,619,486 ds/min), 2,302,136 states left on queue.
Progress(35) at 2026-09-26 16:47:10: 40,308,623 states generated (13,431,135 s/min), 7,974,753 distinct states found (2,598,848 ds/min), 3,445,750 states left on queue.
Progress(36) at 2026-09-26 16:48:10: 53,476,255 states generated (13,167,632 s/min), 10,511,929 distinct states found (2,537,176 ds/min), 4,602,283 states left on queue.
Progress(36) at 2026-09-26 16:49:10: 67,712,223 states generated (14,235,968 s/min), 13,077,298 distinct states found (2,565,369 ds/min), 5,712,165 states left on queue.
Progress(37) at 2026-09-26 16:50:10: 81,057,679 states generated (13,345,456 s/min), 15,768,108 distinct states found (2,690,810 ds/min), 6,962,451 states left on queue.
Progress(37) at 2026-09-26 16:51:10: 94,707,070 states generated (13,649,391 s/min), 18,336,823 distinct states found (2,568,715 ds/min), 8,115,743 states left on queue.
Progress(37) at 2026-09-26 16:52:10: 109,235,942 states generated (14,528,872 s/min), 20,882,019 distinct states found (2,545,196 ds/min), 9,250,007 states left on queue.
Progress(37) at 2026-09-26 16:53:10: 123,638,599 states generated (14,402,657 s/min), 23,389,983 distinct states found (2,507,964 ds/min), 10,287,430 states left on queue.
Checkpointing of run /home/ubuntu/specula-nvflare-gpt-continuation-20260926/framework/runs/gpt-continuation/nvflare-job/.specula-output/.tlc-state/tlc-states-jslxWN/26-09-26-16-44-05.748
Checkpointing completed at (2026-09-26 16:54:10)
Progress(37) at 2026-09-26 16:54:10: 136,905,217 states generated (13,266,618 s/min), 26,160,504 distinct states found (2,770,521 ds/min), 11,566,999 states left on queue.
Progress(38) at 2026-09-26 16:55:10: 151,591,816 states generated (14,686,599 s/min), 28,848,358 distinct states found (2,687,854 ds/min), 12,867,724 states left on queue.
Progress(38) at 2026-09-26 16:56:10: 165,831,635 states generated (14,239,819 s/min), 31,473,192 distinct states found (2,624,834 ds/min), 14,034,578 states left on queue.
Progress(38) at 2026-09-26 16:57:10: 179,907,424 states generated (14,075,789 s/min), 33,964,509 distinct states found (2,491,317 ds/min), 15,145,878 states left on queue.
Progress(38) at 2026-09-26 16:58:10: 194,793,544 states generated (14,886,120 s/min), 36,453,229 distinct states found (2,488,720 ds/min), 16,192,652 states left on queue.
Progress(38) at 2026-09-26 16:59:10: 209,616,549 states generated (14,823,005 s/min), 39,002,762 distinct states found (2,549,533 ds/min), 17,277,365 states left on queue.
Progress(38) at 2026-09-26 17:00:10: 224,485,690 states generated (14,869,141 s/min), 41,468,562 distinct states found (2,465,800 ds/min), 18,249,913 states left on queue.
Progress(38) at 2026-09-26 17:01:10: 238,122,586 states generated (13,636,896 s/min), 44,204,583 distinct states found (2,736,021 ds/min), 19,483,650 states left on queue.
Progress(38) at 2026-09-26 17:02:10: 251,781,872 states generated (13,659,286 s/min), 46,956,723 distinct states found (2,752,140 ds/min), 20,766,170 states left on queue.
Progress(39) at 2026-09-26 17:03:10: 266,374,208 states generated (14,592,336 s/min), 49,586,109 distinct states found (2,629,386 ds/min), 21,978,247 states left on queue.
Checkpointing of run /home/ubuntu/specula-nvflare-gpt-continuation-20260926/framework/runs/gpt-continuation/nvflare-job/.specula-output/.tlc-state/tlc-states-jslxWN/26-09-26-16-44-05.748
Checkpointing completed at (2026-09-26 17:04:11)
Progress(39) at 2026-09-26 17:04:11: 281,945,375 states generated (15,571,167 s/min), 52,276,209 distinct states found (2,690,100 ds/min), 23,314,833 states left on queue.
Progress(39) at 2026-09-26 17:05:11: 296,723,325 states generated (14,777,950 s/min), 54,805,809 distinct states found (2,529,600 ds/min), 24,397,490 states left on queue.
Progress(39) at 2026-09-26 17:06:11: 310,428,785 states generated (13,705,460 s/min), 57,384,807 distinct states found (2,578,998 ds/min), 25,514,383 states left on queue.
Progress(39) at 2026-09-26 17:07:12: 324,337,985 states generated (13,909,200 s/min), 59,865,766 distinct states found (2,480,959 ds/min), 26,597,727 states left on queue.
Progress(39) at 2026-09-26 17:08:12: 339,599,894 states generated (15,261,909 s/min), 62,302,370 distinct states found (2,436,604 ds/min), 27,748,656 states left on queue.
Progress(39) at 2026-09-26 17:09:12: 354,702,845 states generated (15,102,951 s/min), 64,743,512 distinct states found (2,441,142 ds/min), 28,699,967 states left on queue.
Progress(39) at 2026-09-26 17:10:12: 369,525,933 states generated (14,823,088 s/min), 67,268,196 distinct states found (2,524,684 ds/min), 29,762,435 states left on queue.
Progress(39) at 2026-09-26 17:11:12: 384,672,403 states generated (15,146,470 s/min), 69,728,858 distinct states found (2,460,662 ds/min), 30,735,856 states left on queue.
Progress(39) at 2026-09-26 17:12:12: 400,006,734 states generated (15,334,331 s/min), 72,133,807 distinct states found (2,404,949 ds/min), 31,659,599 states left on queue.
Progress(39) at 2026-09-26 17:13:12: 414,115,288 states generated (14,108,554 s/min), 74,561,992 distinct states found (2,428,185 ds/min), 32,570,191 states left on queue.
