{
  "scenario": "random_mix_s2",
  "root": "/home/ubuntu/specula-nvflare-gpt-continuation-20260926/framework/runs/gpt-continuation/nvflare-job/.specula-output/harness/build/work/random_mix_s2",
  "nvflare": "/home/ubuntu/specula-nvflare-gpt-continuation-20260926/framework/runs/gpt-continuation/nvflare-job/.specula-output/harness/build/nvflare_src/nvflare/__init__.py",
  "python": "/home/ubuntu/specula-nvflare-gpt-continuation-20260926/nvflare-venv/bin/python",
  "python_version": "3.12.3 (main, Jun 19 2026, 12:46:00) [GCC 13.3.0]",
  "command": [
    "/home/ubuntu/specula-nvflare-gpt-continuation-20260926/nvflare-venv/bin/python",
    "/home/ubuntu/specula-nvflare-gpt-continuation-20260926/framework/runs/gpt-continuation/nvflare-job/.specula-output/harness/src/run_scenario.py",
    "random_mix_s2",
    "--out",
    "/home/ubuntu/specula-nvflare-gpt-continuation-20260926/framework/runs/gpt-continuation/nvflare-job/.specula-output/traces/random_mix_s2.ndjson",
    "--root",
    "/home/ubuntu/specula-nvflare-gpt-continuation-20260926/framework/runs/gpt-continuation/nvflare-job/.specula-output/harness/build/work/random_mix_s2",
    "--report",
    "/home/ubuntu/specula-nvflare-gpt-continuation-20260926/framework/runs/gpt-continuation/nvflare-job/.specula-output/harness/build/reports/random_mix_s2.json"
  ],
  "started_ns": 1790395435471631194,
  "build_provenance": "source=/home/ubuntu/specula-nvflare-gpt-continuation-20260926/source\ncommit=53ba7ee567468ea7971dad4faccef13c6cb35dc2\npatch_sha256=18fabe190f784ad89b88507b43bc1da583487ed617e42d2d9a6b71072fd8d480\ntla_hooks_sha256=b01ea3c23995cc136c7a5c0f4b8d280aa31a01beb6bd5d7172e5195d08b095df\nbuilt=2026-09-26T04:01:53Z\n",
  "harness_sha256": {
    "apply.sh": "b194cbd571020552fe50d0140ea5052bd115348fe35e2aa2fe664b83bb46be50",
    "clean.sh": "7d9e526b9a70e66ca3c3d077eace1d1066642cf6218231613447975f9aee1b8d",
    "make_patch.sh": "3849ec71fdc02a019a769f13a73ccc76a8206796e7697b0649f10085521ea0f9",
    "patches/instrumentation.patch": "18fabe190f784ad89b88507b43bc1da583487ed617e42d2d9a6b71072fd8d480",
    "paths.sh": "652d9113520373ee41346dacd14e6bf3d19c947cd1c733e3bd840a544213d349",
    "run.sh": "68a3ae98acd8bed9b9ce2fea96979be62a78fdb3786826971b6f316820fbfe6b",
    "src/audit_phase2_5.py": "34b84443af54abe8b8c098914b7614749de2d9da5d1ea88c62bef238a96e32c7",
    "src/check_scenario_evidence.py": "f7ce5711dd4c0c164b7d9878a35de5013a9a89c972f86bf212647fb3fedbb080",
    "src/negative_controls.py": "88b33307bf08dc3b769b027e4dd06d4301094facaf159a1338e24f897ea596fd",
    "src/nvf_env.py": "3259ba17d10b616fb2777864723ff79c0080d9552e9c190b8fad8b0fc286fbef",
    "src/nvf_scenarios.py": "29d1b09bb1d26bbacad1bb8f91366a94cd12e03890a53bf1f824f13b60d7b91d",
    "src/nvf_tracer.py": "b2ec48de2769e6890bc9b90204eedbf50413be6e7e496d5406286f41bb430fa4",
    "src/pytest_import_control.py": "8f3f57e68d8efc1fd552388db3eb797eebbd732979202e78f4f2db2091021dc9",
    "src/resource_observer.py": "5a738f4aa0098aaeb0c62bb5dfcb8dc1241c359de91caa9307bd979286e762a1",
    "src/run_scenario.py": "3dc495194be97bd277b6631e7563124bd04f254fcd41355b14a2e5e658f09ebc",
    "src/run_unit_controls.py": "1027ad3bfdb38c90e32b1f549ba2e5c16000206d526c5706a61bc928637e1120",
    "src/tla_hooks.py": "b01ea3c23995cc136c7a5c0f4b8d280aa31a01beb6bd5d7172e5195d08b095df",
    "src/trace_contract.py": "a282af529ad4bf0886f6aee0eb5bef4643afb0f2717d66401c4f0047289dc46c",
    "src/trace_inspect.py": "c1b7c74ced5c8b54c57a02ea8d15a75366ccda6d269f0b7d80fa6b045214a7c9",
    "src/validate_traces.py": "59440681c01c54bd4a9ad355e8d389bb87fc117224ae7203ebb3c21a5bba71c8",
    "stress.sh": "cd0766ae4be090569c8da8e0cccabc17e212223e69b888cbe0b3eafdb3c97576",
    "validate.sh": "a3806be3290e7148d32e271c60fd705f280f7894c2463134cb4f714e8e4cbfb0"
  },
  "result": "ok",
  "seconds": 12.15,
  "network_quiesced": true,
  "events": 147,
  "harness_errors": [],
  "thread_deaths": [],
  "runner_exception": null,
  "expected_runner_exception": null,
  "assertion_errors": [],
  "resource_observation": {
    "checks": 1176,
    "mismatches": [],
    "calls": [
      {
        "operation": "allocate_resources",
        "client": "site-1",
        "ts": 1790395436652809282,
        "thread": "cp-site-1-start_job",
        "caller": "/home/ubuntu/specula-nvflare-gpt-continuation-20260926/framework/runs/gpt-continuation/nvflare-job/.specula-output/harness/build/nvflare_src/nvflare/private/fed/client/scheduler_cmds.py:125",
        "arguments": {
          "resource_requirement": {
            "gpu": 1
          },
          "token": "091d9859-add9-4de7-bcab-28f24ed01089"
        },
        "free_before": [
          1
        ],
        "return": {
          "gpu": [
            0
          ]
        },
        "free_after": [
          1
        ]
      },
      {
        "operation": "allocate_resources",
        "client": "site-2",
        "ts": 1790395436655593191,
        "thread": "cp-site-2-start_job",
        "caller": "/home/ubuntu/specula-nvflare-gpt-continuation-20260926/framework/runs/gpt-continuation/nvflare-job/.specula-output/harness/build/nvflare_src/nvflare/private/fed/client/scheduler_cmds.py:125",
        "arguments": {
          "resource_requirement": {
            "gpu": 1
          },
          "token": "2a02cd74-d808-482e-9590-b3977398cdbf"
        },
        "free_before": [
          1
        ],
        "return": {
          "gpu": [
            0
          ]
        },
        "free_after": [
          1
        ]
      },
      {
        "operation": "free_resources",
        "client": "site-1",
        "ts": 1790395437300708979,
        "thread": "Thread-5 (_wait_child_process_finish)",
        "caller": "/home/ubuntu/specula-nvflare-gpt-continuation-20260926/framework/runs/gpt-continuation/nvflare-job/.specula-output/harness/build/nvflare_src/nvflare/private/fed/client/client_executor.py:699",
        "arguments": {
          "resources": {
            "gpu": [
              0
            ]
          },
          "token": "091d9859-add9-4de7-bcab-28f24ed01089"
        },
        "free_before": [
          1
        ],
        "return": null,
        "free_after": [
          0,
          1
        ]
      },
      {
        "operation": "free_resources",
        "client": "site-2",
        "ts": 1790395437366805055,
        "thread": "Thread-6 (_wait_child_process_finish)",
        "caller": "/home/ubuntu/specula-nvflare-gpt-continuation-20260926/framework/runs/gpt-continuation/nvflare-job/.specula-output/harness/build/nvflare_src/nvflare/private/fed/client/client_executor.py:699",
        "arguments": {
          "resources": {
            "gpu": [
              0
            ]
          },
          "token": "2a02cd74-d808-482e-9590-b3977398cdbf"
        },
        "free_before": [
          1
        ],
        "return": null,
        "free_after": [
          0,
          1
        ]
      },
      {
        "operation": "allocate_resources",
        "client": "site-1",
        "ts": 1790395437716410013,
        "thread": "cp-site-1-start_job",
        "caller": "/home/ubuntu/specula-nvflare-gpt-continuation-20260926/framework/runs/gpt-continuation/nvflare-job/.specula-output/harness/build/nvflare_src/nvflare/private/fed/client/scheduler_cmds.py:125",
        "arguments": {
          "resource_requirement": {
            "gpu": 1
          },
          "token": "28917eb0-62bf-430c-b942-b7283ff14e13"
        },
        "free_before": [
          1
        ],
        "return": {
          "gpu": [
            0
          ]
        },
        "free_after": [
          1
        ]
      },
      {
        "operation": "free_resources",
        "client": "site-1",
        "ts": 1790395437997879183,
        "thread": "Thread-10 (_wait_child_process_finish)",
        "caller": "/home/ubuntu/specula-nvflare-gpt-continuation-20260926/framework/runs/gpt-continuation/nvflare-job/.specula-output/harness/build/nvflare_src/nvflare/private/fed/client/client_executor.py:699",
        "arguments": {
          "resources": {
            "gpu": [
              0
            ]
          },
          "token": "28917eb0-62bf-430c-b942-b7283ff14e13"
        },
        "free_before": [
          1
        ],
        "return": null,
        "free_after": [
          0,
          1
        ]
      },
      {
        "operation": "allocate_resources",
        "client": "site-1",
        "ts": 1790395438774076397,
        "thread": "cp-site-1-start_job",
        "caller": "/home/ubuntu/specula-nvflare-gpt-continuation-20260926/framework/runs/gpt-continuation/nvflare-job/.specula-output/harness/build/nvflare_src/nvflare/private/fed/client/scheduler_cmds.py:125",
        "arguments": {
          "resource_requirement": {
            "gpu": 1
          },
          "token": "82c160bb-a56f-41ab-9416-59da64387117"
        },
        "free_before": [
          1
        ],
        "return": {
          "gpu": [
            0
          ]
        },
        "free_after": [
          1
        ]
      },
      {
        "operation": "allocate_resources",
        "client": "site-2",
        "ts": 1790395438776453588,
        "thread": "cp-site-2-start_job",
        "caller": "/home/ubuntu/specula-nvflare-gpt-continuation-20260926/framework/runs/gpt-continuation/nvflare-job/.specula-output/harness/build/nvflare_src/nvflare/private/fed/client/scheduler_cmds.py:125",
        "arguments": {
          "resource_requirement": {
            "gpu": 1
          },
          "token": "fa257bb9-020e-44ad-9532-f0af251b45d3"
        },
        "free_before": [
          1
        ],
        "return": {
          "gpu": [
            0
          ]
        },
        "free_after": [
          1
        ]
      },
      {
        "operation": "free_resources",
        "client": "site-1",
        "ts": 1790395439150540226,
        "thread": "Thread-12 (_wait_child_process_finish)",
        "caller": "/home/ubuntu/specula-nvflare-gpt-continuation-20260926/framework/runs/gpt-continuation/nvflare-job/.specula-output/harness/build/nvflare_src/nvflare/private/fed/client/client_executor.py:699",
        "arguments": {
          "resources": {
            "gpu": [
              0
            ]
          },
          "token": "82c160bb-a56f-41ab-9416-59da64387117"
        },
        "free_before": [
          1
        ],
        "return": null,
        "free_after": [
          0,
          1
        ]
      },
      {
        "operation": "free_resources",
        "client": "site-2",
        "ts": 1790395439216862850,
        "thread": "Thread-13 (_wait_child_process_finish)",
        "caller": "/home/ubuntu/specula-nvflare-gpt-continuation-20260926/framework/runs/gpt-continuation/nvflare-job/.specula-output/harness/build/nvflare_src/nvflare/private/fed/client/client_executor.py:699",
        "arguments": {
          "resources": {
            "gpu": [
              0
            ]
          },
          "token": "fa257bb9-020e-44ad-9532-f0af251b45d3"
        },
        "free_before": [
          1
        ],
        "return": null,
        "free_after": [
          0,
          1
        ]
      }
    ]
  },
  "scenario_config": {
    "clients": [
      "site-1",
      "site-2"
    ],
    "units": [
      0,
      1
    ],
    "need": 1,
    "max_jobs": 2,
    "max_schedule_count": 6,
    "expiry": 3,
    "min_schedule_interval": 0.0,
    "client_outcome_wait_timeout": 3.0,
    "scenario": "random_mix_s2"
  },
  "network_observation": [
    {
      "operation": "admin_route",
      "ts": 1790395436609312803,
      "identity": {
        "type": "CHECK",
        "job": "j1",
        "cl": "c1",
        "att": 1,
        "ok": false,
        "code": 0,
        "flag": false,
        "_to": "site-1"
      },
      "policy": "deliver"
    },
    {
      "operation": "admin_route",
      "ts": 1790395436610160492,
      "identity": {
        "type": "CHECK",
        "job": "j1",
        "cl": "c2",
        "att": 1,
        "ok": false,
        "code": 0,
        "flag": false,
        "_to": "site-2"
      },
      "policy": "deliver"
    },
    {
      "operation": "admin_reply",
      "ts": 1790395436612556411,
      "topic": "scheduler.check_resource",
      "client": "site-1",
      "reply_retained": true
    },
    {
      "operation": "admin_reply",
      "ts": 1790395436614996674,
      "topic": "scheduler.check_resource",
      "client": "site-2",
      "reply_retained": true
    },
    {
      "operation": "admin_wait",
      "ts": 1790395436615054119,
      "requested_timeout_seconds": 15,
      "elapsed_seconds": 0.005759682506322861,
      "deferred_by_trace_lock": false,
      "replies": [
        true,
        true
      ]
    },
    {
      "operation": "admin_route",
      "ts": 1790395436623558012,
      "identity": {
        "type": "DEPLOY",
        "job": "j1",
        "cl": "c1",
        "_to": "site-1"
      },
      "policy": "deliver"
    },
    {
      "operation": "admin_route",
      "ts": 1790395436623770145,
      "identity": {
        "type": "DEPLOY",
        "job": "j1",
        "cl": "c2",
        "_to": "site-2"
      },
      "policy": "deliver"
    },
    {
      "operation": "admin_reply",
      "ts": 1790395436629241092,
      "topic": "train.deploy",
      "client": "site-2",
      "reply_retained": true
    },
    {
      "operation": "admin_reply",
      "ts": 1790395436629483488,
      "topic": "train.deploy",
      "client": "site-1",
      "reply_retained": true
    },
    {
      "operation": "admin_wait",
      "ts": 1790395436629543668,
      "requested_timeout_seconds": 5.0,
      "elapsed_seconds": 0.005996000021696091,
      "deferred_by_trace_lock": false,
      "replies": [
        true,
        true
      ]
    },
    {
      "operation": "admin_route",
      "ts": 1790395436652581926,
      "identity": {
        "type": "START",
        "job": "j1",
        "cl": "c1",
        "att": 1,
        "ok": false,
        "code": 0,
        "flag": false,
        "_to": "site-1"
      },
      "policy": "deliver"
    },
    {
      "operation": "admin_route",
      "ts": 1790395436652941035,
      "identity": {
        "type": "START",
        "job": "j1",
        "cl": "c2",
        "att": 1,
        "ok": false,
        "code": 0,
        "flag": false,
        "_to": "site-2"
      },
      "policy": "deliver"
    },
    {
      "operation": "admin_reply",
      "ts": 1790395436664042285,
      "topic": "train.start_job",
      "client": "site-1",
      "reply_retained": true
    },
    {
      "operation": "admin_reply",
      "ts": 1790395436669027526,
      "topic": "train.start_job",
      "client": "site-2",
      "reply_retained": true
    },
    {
      "operation": "admin_wait",
      "ts": 1790395436669087725,
      "requested_timeout_seconds": 20,
      "elapsed_seconds": 0.016515753231942654,
      "deferred_by_trace_lock": false,
      "replies": [
        true,
        true
      ]
    },
    {
      "operation": "report_send",
      "ts": 1790395437300555783,
      "identity": {
        "type": "REPORT",
        "job": "j1",
        "cl": "c1",
        "att": 0,
        "ok": false,
        "code": 104,
        "flag": false
      },
      "stub_result": "immediate injected timeout",
      "deferred_by_trace_lock": true
    },
    {
      "operation": "report_route",
      "ts": 1790395437302659912,
      "identity": {
        "type": "REPORT",
        "job": "j1",
        "cl": "c1",
        "att": 0,
        "ok": false,
        "code": 104,
        "flag": false
      },
      "policy": "deliver"
    },
    {
      "operation": "admin_wait",
      "ts": 1790395437303206097,
      "requested_timeout_seconds": 2.0,
      "elapsed_seconds": 1.7705373466014862e-05,
      "deferred_by_trace_lock": true,
      "replies": [
        false,
        false
      ]
    },
    {
      "operation": "sj_command",
      "ts": 1790395437303234829,
      "topic": "abort",
      "job": "j1",
      "wait_reply": true,
      "stub_result": "immediate injected timeout",
      "deferred_by_trace_lock": true
    },
    {
      "operation": "admin_route",
      "ts": 1790395437305592552,
      "identity": {
        "type": "ABORT",
        "job": "j1",
        "cl": "c1",
        "att": 0,
        "ok": false,
        "code": 0,
        "flag": false,
        "_to": "site-1"
      },
      "policy": "deliver"
    },
    {
      "operation": "admin_route",
      "ts": 1790395437305869129,
      "identity": {
        "type": "ABORT",
        "job": "j1",
        "cl": "c2",
        "att": 0,
        "ok": false,
        "code": 0,
        "flag": false,
        "_to": "site-2"
      },
      "policy": "deliver"
    },
    {
      "operation": "admin_reply",
      "ts": 1790395437307966913,
      "topic": "train.abort",
      "client": "site-1",
      "reply_retained": false
    },
    {
      "operation": "report_send",
      "ts": 1790395437366671899,
      "identity": {
        "type": "REPORT",
        "job": "j1",
        "cl": "c2",
        "att": 0,
        "ok": false,
        "code": 0,
        "flag": false
      },
      "stub_result": "immediate injected timeout",
      "deferred_by_trace_lock": true
    },
    {
      "operation": "report_route",
      "ts": 1790395437368717121,
      "identity": {
        "type": "REPORT",
        "job": "j1",
        "cl": "c2",
        "att": 0,
        "ok": false,
        "code": 0,
        "flag": false
      },
      "policy": "deliver"
    },
    {
      "operation": "admin_reply",
      "ts": 1790395437414631300,
      "topic": "train.abort",
      "client": "site-2",
      "reply_retained": false
    },
    {
      "operation": "admin_wait",
      "ts": 1790395437598724843,
      "requested_timeout_seconds": 2.0,
      "elapsed_seconds": 1.786649227142334e-05,
      "deferred_by_trace_lock": true,
      "replies": [
        false,
        false
      ]
    },
    {
      "operation": "admin_route",
      "ts": 1790395437600684319,
      "identity": {
        "type": "ABORT",
        "job": "j1",
        "cl": "c1",
        "att": 0,
        "ok": false,
        "code": 0,
        "flag": false,
        "_to": "site-1"
      },
      "policy": "deliver"
    },
    {
      "operation": "admin_route",
      "ts": 1790395437601129474,
      "identity": {
        "type": "ABORT",
        "job": "j1",
        "cl": "c2",
        "att": 0,
        "ok": false,
        "code": 0,
        "flag": false,
        "_to": "site-2"
      },
      "policy": "deliver"
    },
    {
      "operation": "admin_reply",
      "ts": 1790395437605997803,
      "topic": "train.abort",
      "client": "site-1",
      "reply_retained": false
    },
    {
      "operation": "admin_reply",
      "ts": 1790395437608181444,
      "topic": "train.abort",
      "client": "site-2",
      "reply_retained": false
    },
    {
      "operation": "admin_route",
      "ts": 1790395437685952679,
      "identity": {
        "type": "CHECK",
        "job": "j2",
        "cl": "c1",
        "att": 2,
        "ok": false,
        "code": 0,
        "flag": false,
        "_to": "site-1"
      },
      "policy": "deliver"
    },
    {
      "operation": "admin_reply",
      "ts": 1790395437688333580,
      "topic": "scheduler.check_resource",
      "client": "site-1",
      "reply_retained": true
    },
    {
      "operation": "admin_wait",
      "ts": 1790395437688397990,
      "requested_timeout_seconds": 15,
      "elapsed_seconds": 0.002458290196955204,
      "deferred_by_trace_lock": false,
      "replies": [
        true
      ]
    },
    {
      "operation": "admin_route",
      "ts": 1790395437695567268,
      "identity": {
        "type": "DEPLOY",
        "job": "j2",
        "cl": "c1",
        "_to": "site-1"
      },
      "policy": "deliver"
    },
    {
      "operation": "admin_reply",
      "ts": 1790395437697910865,
      "topic": "train.deploy",
      "client": "site-1",
      "reply_retained": true
    },
    {
      "operation": "admin_wait",
      "ts": 1790395437697961174,
      "requested_timeout_seconds": 5.0,
      "elapsed_seconds": 0.0024029985070228577,
      "deferred_by_trace_lock": false,
      "replies": [
        true
      ]
    },
    {
      "operation": "admin_route",
      "ts": 1790395437716147427,
      "identity": {
        "type": "START",
        "job": "j2",
        "cl": "c1",
        "att": 2,
        "ok": false,
        "code": 0,
        "flag": false,
        "_to": "site-1"
      },
      "policy": "deliver"
    },
    {
      "operation": "admin_reply",
      "ts": 1790395437723059546,
      "topic": "train.start_job",
      "client": "site-1",
      "reply_retained": true
    },
    {
      "operation": "admin_wait",
      "ts": 1790395437723121398,
      "requested_timeout_seconds": 20,
      "elapsed_seconds": 0.006983404979109764,
      "deferred_by_trace_lock": false,
      "replies": [
        true
      ]
    },
    {
      "operation": "report_send",
      "ts": 1790395437997765486,
      "identity": {
        "type": "REPORT",
        "job": "j2",
        "cl": "c1",
        "att": 0,
        "ok": false,
        "code": 0,
        "flag": false
      },
      "stub_result": "immediate injected timeout",
      "deferred_by_trace_lock": true
    },
    {
      "operation": "report_route",
      "ts": 1790395437999721967,
      "identity": {
        "type": "REPORT",
        "job": "j2",
        "cl": "c1",
        "att": 0,
        "ok": false,
        "code": 0,
        "flag": false
      },
      "policy": "deliver"
    },
    {
      "operation": "admin_route",
      "ts": 1790395438738461046,
      "identity": {
        "type": "CHECK",
        "job": "j3",
        "cl": "c1",
        "att": 3,
        "ok": false,
        "code": 0,
        "flag": false,
        "_to": "site-1"
      },
      "policy": "deliver"
    },
    {
      "operation": "admin_route",
      "ts": 1790395438738987621,
      "identity": {
        "type": "CHECK",
        "job": "j3",
        "cl": "c2",
        "att": 3,
        "ok": false,
        "code": 0,
        "flag": false,
        "_to": "site-2"
      },
      "policy": "deliver"
    },
    {
      "operation": "admin_reply",
      "ts": 1790395438741080239,
      "topic": "scheduler.check_resource",
      "client": "site-1",
      "reply_retained": true
    },
    {
      "operation": "admin_reply",
      "ts": 1790395438743264745,
      "topic": "scheduler.check_resource",
      "client": "site-2",
      "reply_retained": true
    },
    {
      "operation": "admin_wait",
      "ts": 1790395438743319681,
      "requested_timeout_seconds": 15,
      "elapsed_seconds": 0.004890301264822483,
      "deferred_by_trace_lock": false,
      "replies": [
        true,
        true
      ]
    },
    {
      "operation": "admin_route",
      "ts": 1790395438750545042,
      "identity": {
        "type": "DEPLOY",
        "job": "j3",
        "cl": "c1",
        "_to": "site-1"
      },
      "policy": "deliver"
    },
    {
      "operation": "admin_route",
      "ts": 1790395438750692449,
      "identity": {
        "type": "DEPLOY",
        "job": "j3",
        "cl": "c2",
        "_to": "site-2"
      },
      "policy": "deliver"
    },
    {
      "operation": "admin_reply",
      "ts": 1790395438754403449,
      "topic": "train.deploy",
      "client": "site-2",
      "reply_retained": true
    },
    {
      "operation": "admin_reply",
      "ts": 1790395438754624229,
      "topic": "train.deploy",
      "client": "site-1",
      "reply_retained": true
    },
    {
      "operation": "admin_wait",
      "ts": 1790395438754681063,
      "requested_timeout_seconds": 5.0,
      "elapsed_seconds": 0.004145105369389057,
      "deferred_by_trace_lock": false,
      "replies": [
        true,
        true
      ]
    },
    {
      "operation": "admin_route",
      "ts": 1790395438773915991,
      "identity": {
        "type": "START",
        "job": "j3",
        "cl": "c1",
        "att": 3,
        "ok": false,
        "code": 0,
        "flag": false,
        "_to": "site-1"
      },
      "policy": "deliver"
    },
    {
      "operation": "admin_route",
      "ts": 1790395438774181342,
      "identity": {
        "type": "START",
        "job": "j3",
        "cl": "c2",
        "att": 3,
        "ok": false,
        "code": 0,
        "flag": false,
        "_to": "site-2"
      },
      "policy": "deliver"
    },
    {
      "operation": "admin_reply",
      "ts": 1790395438784067912,
      "topic": "train.start_job",
      "client": "site-1",
      "reply_retained": true
    },
    {
      "operation": "admin_reply",
      "ts": 1790395438787989727,
      "topic": "train.start_job",
      "client": "site-2",
      "reply_retained": true
    },
    {
      "operation": "admin_wait",
      "ts": 1790395438788041173,
      "requested_timeout_seconds": 20,
      "elapsed_seconds": 0.01413473766297102,
      "deferred_by_trace_lock": false,
      "replies": [
        true,
        true
      ]
    },
    {
      "operation": "report_send",
      "ts": 1790395439150383075,
      "identity": {
        "type": "REPORT",
        "job": "j3",
        "cl": "c1",
        "att": 0,
        "ok": false,
        "code": 101,
        "flag": false
      },
      "stub_result": "immediate injected timeout",
      "deferred_by_trace_lock": true
    },
    {
      "operation": "report_route",
      "ts": 1790395439152514203,
      "identity": {
        "type": "REPORT",
        "job": "j3",
        "cl": "c1",
        "att": 0,
        "ok": false,
        "code": 101,
        "flag": false
      },
      "policy": "deliver"
    },
    {
      "operation": "admin_wait",
      "ts": 1790395439153107333,
      "requested_timeout_seconds": 2.0,
      "elapsed_seconds": 1.685507595539093e-05,
      "deferred_by_trace_lock": true,
      "replies": [
        false,
        false
      ]
    },
    {
      "operation": "sj_command",
      "ts": 1790395439153134863,
      "topic": "abort",
      "job": "j3",
      "wait_reply": true,
      "stub_result": "immediate injected timeout",
      "deferred_by_trace_lock": true
    },
    {
      "operation": "admin_route",
      "ts": 1790395439155501378,
      "identity": {
        "type": "ABORT",
        "job": "j3",
        "cl": "c1",
        "att": 0,
        "ok": false,
        "code": 0,
        "flag": false,
        "_to": "site-1"
      },
      "policy": "deliver"
    },
    {
      "operation": "admin_route",
      "ts": 1790395439155821550,
      "identity": {
        "type": "ABORT",
        "job": "j3",
        "cl": "c2",
        "att": 0,
        "ok": false,
        "code": 0,
        "flag": false,
        "_to": "site-2"
      },
      "policy": "deliver"
    },
    {
      "operation": "admin_reply",
      "ts": 1790395439158058629,
      "topic": "train.abort",
      "client": "site-1",
      "reply_retained": false
    },
    {
      "operation": "report_send",
      "ts": 1790395439216743675,
      "identity": {
        "type": "REPORT",
        "job": "j3",
        "cl": "c2",
        "att": 0,
        "ok": false,
        "code": 0,
        "flag": false
      },
      "stub_result": "immediate injected timeout",
      "deferred_by_trace_lock": true
    },
    {
      "operation": "report_route",
      "ts": 1790395439218798591,
      "identity": {
        "type": "REPORT",
        "job": "j3",
        "cl": "c2",
        "att": 0,
        "ok": false,
        "code": 0,
        "flag": false
      },
      "policy": "deliver"
    },
    {
      "operation": "admin_reply",
      "ts": 1790395439264895810,
      "topic": "train.abort",
      "client": "site-2",
      "reply_retained": false
    },
    {
      "operation": "admin_wait",
      "ts": 1790395439630154693,
      "requested_timeout_seconds": 2.0,
      "elapsed_seconds": 1.7356127500534058e-05,
      "deferred_by_trace_lock": true,
      "replies": [
        false,
        false
      ]
    },
    {
      "operation": "admin_route",
      "ts": 1790395439632232313,
      "identity": {
        "type": "ABORT",
        "job": "j3",
        "cl": "c1",
        "att": 0,
        "ok": false,
        "code": 0,
        "flag": false,
        "_to": "site-1"
      },
      "policy": "deliver"
    },
    {
      "operation": "admin_route",
      "ts": 1790395439632691990,
      "identity": {
        "type": "ABORT",
        "job": "j3",
        "cl": "c2",
        "att": 0,
        "ok": false,
        "code": 0,
        "flag": false,
        "_to": "site-2"
      },
      "policy": "deliver"
    },
    {
      "operation": "admin_reply",
      "ts": 1790395439637499629,
      "topic": "train.abort",
      "client": "site-1",
      "reply_retained": false
    },
    {
      "operation": "admin_reply",
      "ts": 1790395439639808695,
      "topic": "train.abort",
      "client": "site-2",
      "reply_retained": false
    }
  ],
  "final_status": {
    "j1": "DELETED",
    "j2": "DELETED",
    "j3": "DELETED",
    "j4": "DELETED"
  },
  "traced_prefix_end": "after scenario assertions and network drain; not global shutdown",
  "event_counts": {
    "AdminAbortBegin": 1,
    "AdminAbortWrite": 1,
    "Heartbeat": 4,
    "RunnerScanList": 11,
    "RunnerScanRead": 11,
    "RunnerTryNext": 3,
    "CpCheckResource": 5,
    "RunnerCheckCollect": 3,
    "RunnerCheckSubmitted": 3,
    "RunnerDeployJob": 3,
    "RunnerSetDispatched": 3,
    "RunnerMetaRead": 3,
    "RunnerMetaWrite": 3,
    "RunnerCheckDispatched": 3,
    "RunnerStartServerApp": 3,
    "CpStartAllocate": 5,
    "CpStartRegister": 5,
    "CpStartLaunch": 5,
    "RunnerStartCollect": 3,
    "RunnerInsertRunning": 3,
    "RunnerSetRunning": 3,
    "CjNotifyStarted": 4,
    "AdminDeleteAuthorize": 4,
    "AdminDeleteExec": 4,
    "CjExit": 5,
    "CpChildFinished": 5,
    "SpProcessJobFailure": 5,
    "CpAbortApp": 8,
    "SjHandleAbort": 2,
    "CjHandleAbort": 2,
    "SpWaitRead": 3,
    "SpUpdateRunStatus": 3,
    "CpTerminateJob": 2,
    "SpWaitForComplete": 3,
    "SpRemoveRunProcesses": 2,
    "CmpFinalizeBegin": 3,
    "CmpPublish": 3,
    "CmpRemove": 3,
    "SjFinish": 1,
    "CjNotifyStopped": 1
  },
  "trace_sha256": "7746625f5e7070e6c4c6997af624ea4fc8eea114a57276bbd2db353a4b84783a",
  "finished_ns": 1790395447622907674,
  "exit_code": 0
}
