{
  "scenario": "random_mix_s5",
  "root": "/home/ubuntu/specula-nvflare-gpt-continuation-20260926/framework/runs/gpt-continuation/nvflare-job/.specula-output/harness/build/work/random_mix_s5",
  "nvflare": "/home/ubuntu/specula-nvflare-gpt-continuation-20260926/framework/runs/gpt-continuation/nvflare-job/.specula-output/harness/build/nvflare_src/nvflare/__init__.py",
  "python": "/home/ubuntu/specula-nvflare-gpt-continuation-20260926/nvflare-venv/bin/python",
  "python_version": "3.12.3 (main, Jun 19 2026, 12:46:00) [GCC 13.3.0]",
  "command": [
    "/home/ubuntu/specula-nvflare-gpt-continuation-20260926/nvflare-venv/bin/python",
    "/home/ubuntu/specula-nvflare-gpt-continuation-20260926/framework/runs/gpt-continuation/nvflare-job/.specula-output/harness/src/run_scenario.py",
    "random_mix_s5",
    "--out",
    "/home/ubuntu/specula-nvflare-gpt-continuation-20260926/framework/runs/gpt-continuation/nvflare-job/.specula-output/traces/random_mix_s5.ndjson",
    "--root",
    "/home/ubuntu/specula-nvflare-gpt-continuation-20260926/framework/runs/gpt-continuation/nvflare-job/.specula-output/harness/build/work/random_mix_s5",
    "--report",
    "/home/ubuntu/specula-nvflare-gpt-continuation-20260926/framework/runs/gpt-continuation/nvflare-job/.specula-output/harness/build/reports/random_mix_s5.json"
  ],
  "started_ns": 1790395474022281447,
  "build_provenance": "source=/home/ubuntu/specula-nvflare-gpt-continuation-20260926/source\ncommit=53ba7ee567468ea7971dad4faccef13c6cb35dc2\npatch_sha256=18fabe190f784ad89b88507b43bc1da583487ed617e42d2d9a6b71072fd8d480\ntla_hooks_sha256=b01ea3c23995cc136c7a5c0f4b8d280aa31a01beb6bd5d7172e5195d08b095df\nbuilt=2026-09-26T04:01:53Z\n",
  "harness_sha256": {
    "apply.sh": "b194cbd571020552fe50d0140ea5052bd115348fe35e2aa2fe664b83bb46be50",
    "clean.sh": "7d9e526b9a70e66ca3c3d077eace1d1066642cf6218231613447975f9aee1b8d",
    "make_patch.sh": "3849ec71fdc02a019a769f13a73ccc76a8206796e7697b0649f10085521ea0f9",
    "patches/instrumentation.patch": "18fabe190f784ad89b88507b43bc1da583487ed617e42d2d9a6b71072fd8d480",
    "paths.sh": "652d9113520373ee41346dacd14e6bf3d19c947cd1c733e3bd840a544213d349",
    "run.sh": "68a3ae98acd8bed9b9ce2fea96979be62a78fdb3786826971b6f316820fbfe6b",
    "src/audit_phase2_5.py": "34b84443af54abe8b8c098914b7614749de2d9da5d1ea88c62bef238a96e32c7",
    "src/check_scenario_evidence.py": "f7ce5711dd4c0c164b7d9878a35de5013a9a89c972f86bf212647fb3fedbb080",
    "src/negative_controls.py": "88b33307bf08dc3b769b027e4dd06d4301094facaf159a1338e24f897ea596fd",
    "src/nvf_env.py": "3259ba17d10b616fb2777864723ff79c0080d9552e9c190b8fad8b0fc286fbef",
    "src/nvf_scenarios.py": "29d1b09bb1d26bbacad1bb8f91366a94cd12e03890a53bf1f824f13b60d7b91d",
    "src/nvf_tracer.py": "b2ec48de2769e6890bc9b90204eedbf50413be6e7e496d5406286f41bb430fa4",
    "src/pytest_import_control.py": "8f3f57e68d8efc1fd552388db3eb797eebbd732979202e78f4f2db2091021dc9",
    "src/resource_observer.py": "5a738f4aa0098aaeb0c62bb5dfcb8dc1241c359de91caa9307bd979286e762a1",
    "src/run_scenario.py": "3dc495194be97bd277b6631e7563124bd04f254fcd41355b14a2e5e658f09ebc",
    "src/run_unit_controls.py": "1027ad3bfdb38c90e32b1f549ba2e5c16000206d526c5706a61bc928637e1120",
    "src/tla_hooks.py": "b01ea3c23995cc136c7a5c0f4b8d280aa31a01beb6bd5d7172e5195d08b095df",
    "src/trace_contract.py": "a282af529ad4bf0886f6aee0eb5bef4643afb0f2717d66401c4f0047289dc46c",
    "src/trace_inspect.py": "c1b7c74ced5c8b54c57a02ea8d15a75366ccda6d269f0b7d80fa6b045214a7c9",
    "src/validate_traces.py": "59440681c01c54bd4a9ad355e8d389bb87fc117224ae7203ebb3c21a5bba71c8",
    "stress.sh": "cd0766ae4be090569c8da8e0cccabc17e212223e69b888cbe0b3eafdb3c97576",
    "validate.sh": "a3806be3290e7148d32e271c60fd705f280f7894c2463134cb4f714e8e4cbfb0"
  },
  "result": "ok",
  "seconds": 12.22,
  "network_quiesced": true,
  "events": 147,
  "harness_errors": [],
  "thread_deaths": [],
  "runner_exception": null,
  "expected_runner_exception": null,
  "assertion_errors": [],
  "resource_observation": {
    "checks": 1176,
    "mismatches": [],
    "calls": [
      {
        "operation": "allocate_resources",
        "client": "site-1",
        "ts": 1790395475198713311,
        "thread": "cp-site-1-start_job",
        "caller": "/home/ubuntu/specula-nvflare-gpt-continuation-20260926/framework/runs/gpt-continuation/nvflare-job/.specula-output/harness/build/nvflare_src/nvflare/private/fed/client/scheduler_cmds.py:125",
        "arguments": {
          "resource_requirement": {
            "gpu": 1
          },
          "token": "5e833bb7-5087-48bb-99a6-4e5c028bdf98"
        },
        "free_before": [
          1
        ],
        "return": {
          "gpu": [
            0
          ]
        },
        "free_after": [
          1
        ]
      },
      {
        "operation": "free_resources",
        "client": "site-1",
        "ts": 1790395475992150567,
        "thread": "Thread-5 (_wait_child_process_finish)",
        "caller": "/home/ubuntu/specula-nvflare-gpt-continuation-20260926/framework/runs/gpt-continuation/nvflare-job/.specula-output/harness/build/nvflare_src/nvflare/private/fed/client/client_executor.py:699",
        "arguments": {
          "resources": {
            "gpu": [
              0
            ]
          },
          "token": "5e833bb7-5087-48bb-99a6-4e5c028bdf98"
        },
        "free_before": [
          1
        ],
        "return": null,
        "free_after": [
          0,
          1
        ]
      },
      {
        "operation": "allocate_resources",
        "client": "site-1",
        "ts": 1790395476284243434,
        "thread": "cp-site-1-start_job",
        "caller": "/home/ubuntu/specula-nvflare-gpt-continuation-20260926/framework/runs/gpt-continuation/nvflare-job/.specula-output/harness/build/nvflare_src/nvflare/private/fed/client/scheduler_cmds.py:125",
        "arguments": {
          "resource_requirement": {
            "gpu": 1
          },
          "token": "332b8840-c837-4b7c-b664-282989b5b6f6"
        },
        "free_before": [
          1
        ],
        "return": {
          "gpu": [
            0
          ]
        },
        "free_after": [
          1
        ]
      },
      {
        "operation": "allocate_resources",
        "client": "site-2",
        "ts": 1790395476286866997,
        "thread": "cp-site-2-start_job",
        "caller": "/home/ubuntu/specula-nvflare-gpt-continuation-20260926/framework/runs/gpt-continuation/nvflare-job/.specula-output/harness/build/nvflare_src/nvflare/private/fed/client/scheduler_cmds.py:125",
        "arguments": {
          "resource_requirement": {
            "gpu": 1
          },
          "token": "6fc963cf-e63c-436d-ae37-fcda0025a6b8"
        },
        "free_before": [
          1
        ],
        "return": {
          "gpu": [
            0
          ]
        },
        "free_after": [
          1
        ]
      },
      {
        "operation": "free_resources",
        "client": "site-1",
        "ts": 1790395476750268696,
        "thread": "Thread-7 (_wait_child_process_finish)",
        "caller": "/home/ubuntu/specula-nvflare-gpt-continuation-20260926/framework/runs/gpt-continuation/nvflare-job/.specula-output/harness/build/nvflare_src/nvflare/private/fed/client/client_executor.py:699",
        "arguments": {
          "resources": {
            "gpu": [
              0
            ]
          },
          "token": "332b8840-c837-4b7c-b664-282989b5b6f6"
        },
        "free_before": [
          1
        ],
        "return": null,
        "free_after": [
          0,
          1
        ]
      },
      {
        "operation": "free_resources",
        "client": "site-2",
        "ts": 1790395476752878073,
        "thread": "Thread-8 (_wait_child_process_finish)",
        "caller": "/home/ubuntu/specula-nvflare-gpt-continuation-20260926/framework/runs/gpt-continuation/nvflare-job/.specula-output/harness/build/nvflare_src/nvflare/private/fed/client/client_executor.py:699",
        "arguments": {
          "resources": {
            "gpu": [
              0
            ]
          },
          "token": "6fc963cf-e63c-436d-ae37-fcda0025a6b8"
        },
        "free_before": [
          1
        ],
        "return": null,
        "free_after": [
          0,
          1
        ]
      },
      {
        "operation": "allocate_resources",
        "client": "site-1",
        "ts": 1790395477357723637,
        "thread": "cp-site-1-start_job",
        "caller": "/home/ubuntu/specula-nvflare-gpt-continuation-20260926/framework/runs/gpt-continuation/nvflare-job/.specula-output/harness/build/nvflare_src/nvflare/private/fed/client/scheduler_cmds.py:125",
        "arguments": {
          "resource_requirement": {
            "gpu": 1
          },
          "token": "fb380121-4267-4b5b-ac37-d69481726180"
        },
        "free_before": [
          1
        ],
        "return": {
          "gpu": [
            0
          ]
        },
        "free_after": [
          1
        ]
      },
      {
        "operation": "allocate_resources",
        "client": "site-2",
        "ts": 1790395477360407960,
        "thread": "cp-site-2-start_job",
        "caller": "/home/ubuntu/specula-nvflare-gpt-continuation-20260926/framework/runs/gpt-continuation/nvflare-job/.specula-output/harness/build/nvflare_src/nvflare/private/fed/client/scheduler_cmds.py:125",
        "arguments": {
          "resource_requirement": {
            "gpu": 1
          },
          "token": "484ff391-e3ba-4022-9da9-c74da7e06fea"
        },
        "free_before": [
          1
        ],
        "return": {
          "gpu": [
            0
          ]
        },
        "free_after": [
          1
        ]
      },
      {
        "operation": "free_resources",
        "client": "site-1",
        "ts": 1790395479374037487,
        "thread": "Thread-10 (_wait_child_process_finish)",
        "caller": "/home/ubuntu/specula-nvflare-gpt-continuation-20260926/framework/runs/gpt-continuation/nvflare-job/.specula-output/harness/build/nvflare_src/nvflare/private/fed/client/client_executor.py:699",
        "arguments": {
          "resources": {
            "gpu": [
              0
            ]
          },
          "token": "fb380121-4267-4b5b-ac37-d69481726180"
        },
        "free_before": [
          1
        ],
        "return": null,
        "free_after": [
          0,
          1
        ]
      },
      {
        "operation": "free_resources",
        "client": "site-2",
        "ts": 1790395479681921739,
        "thread": "Thread-11 (_wait_child_process_finish)",
        "caller": "/home/ubuntu/specula-nvflare-gpt-continuation-20260926/framework/runs/gpt-continuation/nvflare-job/.specula-output/harness/build/nvflare_src/nvflare/private/fed/client/client_executor.py:699",
        "arguments": {
          "resources": {
            "gpu": [
              0
            ]
          },
          "token": "484ff391-e3ba-4022-9da9-c74da7e06fea"
        },
        "free_before": [
          1
        ],
        "return": null,
        "free_after": [
          0,
          1
        ]
      }
    ]
  },
  "scenario_config": {
    "clients": [
      "site-1",
      "site-2"
    ],
    "units": [
      0,
      1
    ],
    "need": 1,
    "max_jobs": 2,
    "max_schedule_count": 6,
    "expiry": 3,
    "min_schedule_interval": 0.0,
    "client_outcome_wait_timeout": 3.0,
    "scenario": "random_mix_s5"
  },
  "network_observation": [
    {
      "operation": "admin_route",
      "ts": 1790395475154040611,
      "identity": {
        "type": "CHECK",
        "job": "j1",
        "cl": "c1",
        "att": 1,
        "ok": false,
        "code": 0,
        "flag": false,
        "_to": "site-1"
      },
      "policy": "deliver"
    },
    {
      "operation": "admin_reply",
      "ts": 1790395475156743375,
      "topic": "scheduler.check_resource",
      "client": "site-1",
      "reply_retained": true
    },
    {
      "operation": "admin_wait",
      "ts": 1790395475156811651,
      "requested_timeout_seconds": 15,
      "elapsed_seconds": 0.0027917707338929176,
      "deferred_by_trace_lock": false,
      "replies": [
        true
      ]
    },
    {
      "operation": "admin_route",
      "ts": 1790395475165199724,
      "identity": {
        "type": "DEPLOY",
        "job": "j1",
        "cl": "c1",
        "_to": "site-1"
      },
      "policy": "deliver"
    },
    {
      "operation": "admin_reply",
      "ts": 1790395475169335188,
      "topic": "train.deploy",
      "client": "site-1",
      "reply_retained": true
    },
    {
      "operation": "admin_wait",
      "ts": 1790395475169391577,
      "requested_timeout_seconds": 5.0,
      "elapsed_seconds": 0.004204642027616501,
      "deferred_by_trace_lock": false,
      "replies": [
        true
      ]
    },
    {
      "operation": "admin_route",
      "ts": 1790395475198502917,
      "identity": {
        "type": "START",
        "job": "j1",
        "cl": "c1",
        "att": 1,
        "ok": false,
        "code": 0,
        "flag": false,
        "_to": "site-1"
      },
      "policy": "deliver"
    },
    {
      "operation": "admin_reply",
      "ts": 1790395475207195131,
      "topic": "train.start_job",
      "client": "site-1",
      "reply_retained": true
    },
    {
      "operation": "admin_wait",
      "ts": 1790395475207249597,
      "requested_timeout_seconds": 20,
      "elapsed_seconds": 0.008758008480072021,
      "deferred_by_trace_lock": false,
      "replies": [
        true
      ]
    },
    {
      "operation": "report_send",
      "ts": 1790395475992035678,
      "identity": {
        "type": "REPORT",
        "job": "j1",
        "cl": "c1",
        "att": 0,
        "ok": false,
        "code": 0,
        "flag": false
      },
      "stub_result": "immediate injected timeout",
      "deferred_by_trace_lock": true
    },
    {
      "operation": "report_route",
      "ts": 1790395475994217011,
      "identity": {
        "type": "REPORT",
        "job": "j1",
        "cl": "c1",
        "att": 0,
        "ok": false,
        "code": 0,
        "flag": false
      },
      "policy": "deliver"
    },
    {
      "operation": "admin_route",
      "ts": 1790395476225294726,
      "identity": {
        "type": "CHECK",
        "job": "j3",
        "cl": "c1",
        "att": 2,
        "ok": false,
        "code": 0,
        "flag": false,
        "_to": "site-1"
      },
      "policy": "drop"
    },
    {
      "operation": "admin_route",
      "ts": 1790395476227256625,
      "identity": {
        "type": "CHECK",
        "job": "j3",
        "cl": "c2",
        "att": 2,
        "ok": false,
        "code": 0,
        "flag": false,
        "_to": "site-2"
      },
      "policy": "deliver"
    },
    {
      "operation": "admin_reply",
      "ts": 1790395476229909506,
      "topic": "scheduler.check_resource",
      "client": "site-2",
      "reply_retained": true
    },
    {
      "operation": "admin_wait",
      "ts": 1790395476229969280,
      "requested_timeout_seconds": 15,
      "elapsed_seconds": 0.00469040684401989,
      "deferred_by_trace_lock": false,
      "replies": [
        false,
        true
      ]
    },
    {
      "operation": "admin_route",
      "ts": 1790395476232171062,
      "identity": {
        "type": "CANCEL",
        "job": "j3",
        "cl": "c2",
        "att": 2,
        "ok": false,
        "code": 0,
        "flag": false,
        "_to": "site-2"
      },
      "policy": "deliver"
    },
    {
      "operation": "admin_reply",
      "ts": 1790395476234468150,
      "topic": "scheduler.cancel_resource",
      "client": "site-2",
      "reply_retained": true
    },
    {
      "operation": "admin_wait",
      "ts": 1790395476234524037,
      "requested_timeout_seconds": 10,
      "elapsed_seconds": 0.0023624682798981667,
      "deferred_by_trace_lock": false,
      "replies": [
        true
      ]
    },
    {
      "operation": "admin_route",
      "ts": 1790395476236827359,
      "identity": {
        "type": "CHECK",
        "job": "j4",
        "cl": "c1",
        "att": 3,
        "ok": false,
        "code": 0,
        "flag": false,
        "_to": "site-1"
      },
      "policy": "deliver"
    },
    {
      "operation": "admin_route",
      "ts": 1790395476237176964,
      "identity": {
        "type": "CHECK",
        "job": "j4",
        "cl": "c2",
        "att": 3,
        "ok": false,
        "code": 0,
        "flag": false,
        "_to": "site-2"
      },
      "policy": "deliver"
    },
    {
      "operation": "admin_reply",
      "ts": 1790395476239342118,
      "topic": "scheduler.check_resource",
      "client": "site-1",
      "reply_retained": true
    },
    {
      "operation": "admin_reply",
      "ts": 1790395476241515127,
      "topic": "scheduler.check_resource",
      "client": "site-2",
      "reply_retained": true
    },
    {
      "operation": "admin_wait",
      "ts": 1790395476241562382,
      "requested_timeout_seconds": 15,
      "elapsed_seconds": 0.004743015393614769,
      "deferred_by_trace_lock": false,
      "replies": [
        true,
        true
      ]
    },
    {
      "operation": "admin_route",
      "ts": 1790395476258524172,
      "identity": {
        "type": "DEPLOY",
        "job": "j4",
        "cl": "c1",
        "_to": "site-1"
      },
      "policy": "deliver"
    },
    {
      "operation": "admin_route",
      "ts": 1790395476258729484,
      "identity": {
        "type": "DEPLOY",
        "job": "j4",
        "cl": "c2",
        "_to": "site-2"
      },
      "policy": "deliver"
    },
    {
      "operation": "admin_reply",
      "ts": 1790395476263875137,
      "topic": "train.deploy",
      "client": "site-1",
      "reply_retained": true
    },
    {
      "operation": "admin_reply",
      "ts": 1790395476264544403,
      "topic": "train.deploy",
      "client": "site-2",
      "reply_retained": true
    },
    {
      "operation": "admin_wait",
      "ts": 1790395476264616789,
      "requested_timeout_seconds": 5.0,
      "elapsed_seconds": 0.006102481856942177,
      "deferred_by_trace_lock": false,
      "replies": [
        true,
        true
      ]
    },
    {
      "operation": "admin_route",
      "ts": 1790395476284066452,
      "identity": {
        "type": "START",
        "job": "j4",
        "cl": "c1",
        "att": 3,
        "ok": false,
        "code": 0,
        "flag": false,
        "_to": "site-1"
      },
      "policy": "deliver"
    },
    {
      "operation": "admin_route",
      "ts": 1790395476284383159,
      "identity": {
        "type": "START",
        "job": "j4",
        "cl": "c2",
        "att": 3,
        "ok": false,
        "code": 0,
        "flag": false,
        "_to": "site-2"
      },
      "policy": "deliver"
    },
    {
      "operation": "admin_reply",
      "ts": 1790395476295798315,
      "topic": "train.start_job",
      "client": "site-1",
      "reply_retained": true
    },
    {
      "operation": "admin_reply",
      "ts": 1790395476300435063,
      "topic": "train.start_job",
      "client": "site-2",
      "reply_retained": true
    },
    {
      "operation": "admin_wait",
      "ts": 1790395476300518481,
      "requested_timeout_seconds": 20,
      "elapsed_seconds": 0.016461451537907124,
      "deferred_by_trace_lock": false,
      "replies": [
        true,
        true
      ]
    },
    {
      "operation": "report_send",
      "ts": 1790395476750131174,
      "identity": {
        "type": "REPORT",
        "job": "j4",
        "cl": "c1",
        "att": 0,
        "ok": false,
        "code": 0,
        "flag": false
      },
      "stub_result": "immediate injected timeout",
      "deferred_by_trace_lock": true
    },
    {
      "operation": "report_route",
      "ts": 1790395476752405123,
      "identity": {
        "type": "REPORT",
        "job": "j4",
        "cl": "c1",
        "att": 0,
        "ok": false,
        "code": 0,
        "flag": false
      },
      "policy": "deliver"
    },
    {
      "operation": "report_send",
      "ts": 1790395476752797815,
      "identity": {
        "type": "REPORT",
        "job": "j4",
        "cl": "c2",
        "att": 0,
        "ok": false,
        "code": 0,
        "flag": false
      },
      "stub_result": "immediate injected timeout",
      "deferred_by_trace_lock": true
    },
    {
      "operation": "report_route",
      "ts": 1790395476754977655,
      "identity": {
        "type": "REPORT",
        "job": "j4",
        "cl": "c2",
        "att": 0,
        "ok": false,
        "code": 0,
        "flag": false
      },
      "policy": "drop"
    },
    {
      "operation": "admin_route",
      "ts": 1790395477317900920,
      "identity": {
        "type": "CHECK",
        "job": "j3",
        "cl": "c1",
        "att": 4,
        "ok": false,
        "code": 0,
        "flag": false,
        "_to": "site-1"
      },
      "policy": "deliver"
    },
    {
      "operation": "admin_route",
      "ts": 1790395477318509847,
      "identity": {
        "type": "CHECK",
        "job": "j3",
        "cl": "c2",
        "att": 4,
        "ok": false,
        "code": 0,
        "flag": false,
        "_to": "site-2"
      },
      "policy": "deliver"
    },
    {
      "operation": "admin_reply",
      "ts": 1790395477320670604,
      "topic": "scheduler.check_resource",
      "client": "site-1",
      "reply_retained": true
    },
    {
      "operation": "admin_reply",
      "ts": 1790395477323069902,
      "topic": "scheduler.check_resource",
      "client": "site-2",
      "reply_retained": true
    },
    {
      "operation": "admin_wait",
      "ts": 1790395477323125083,
      "requested_timeout_seconds": 15,
      "elapsed_seconds": 0.005235491320490837,
      "deferred_by_trace_lock": false,
      "replies": [
        true,
        true
      ]
    },
    {
      "operation": "admin_route",
      "ts": 1790395477330839855,
      "identity": {
        "type": "DEPLOY",
        "job": "j3",
        "cl": "c1",
        "_to": "site-1"
      },
      "policy": "deliver"
    },
    {
      "operation": "admin_route",
      "ts": 1790395477331071276,
      "identity": {
        "type": "DEPLOY",
        "job": "j3",
        "cl": "c2",
        "_to": "site-2"
      },
      "policy": "deliver"
    },
    {
      "operation": "admin_reply",
      "ts": 1790395477336238656,
      "topic": "train.deploy",
      "client": "site-2",
      "reply_retained": true
    },
    {
      "operation": "admin_reply",
      "ts": 1790395477336378407,
      "topic": "train.deploy",
      "client": "site-1",
      "reply_retained": true
    },
    {
      "operation": "admin_wait",
      "ts": 1790395477336430819,
      "requested_timeout_seconds": 5.0,
      "elapsed_seconds": 0.005598654970526695,
      "deferred_by_trace_lock": false,
      "replies": [
        true,
        true
      ]
    },
    {
      "operation": "admin_route",
      "ts": 1790395477357560185,
      "identity": {
        "type": "START",
        "job": "j3",
        "cl": "c1",
        "att": 4,
        "ok": false,
        "code": 0,
        "flag": false,
        "_to": "site-1"
      },
      "policy": "deliver"
    },
    {
      "operation": "admin_route",
      "ts": 1790395477357841389,
      "identity": {
        "type": "START",
        "job": "j3",
        "cl": "c2",
        "att": 4,
        "ok": false,
        "code": 0,
        "flag": false,
        "_to": "site-2"
      },
      "policy": "deliver"
    },
    {
      "operation": "admin_reply",
      "ts": 1790395477368920160,
      "topic": "train.start_job",
      "client": "site-1",
      "reply_retained": true
    },
    {
      "operation": "admin_reply",
      "ts": 1790395477374100669,
      "topic": "train.start_job",
      "client": "site-2",
      "reply_retained": true
    },
    {
      "operation": "admin_wait",
      "ts": 1790395477374159241,
      "requested_timeout_seconds": 20,
      "elapsed_seconds": 0.01660882867872715,
      "deferred_by_trace_lock": false,
      "replies": [
        true,
        true
      ]
    },
    {
      "operation": "admin_wait",
      "ts": 1790395478160355586,
      "requested_timeout_seconds": 2.0,
      "elapsed_seconds": 3.0249357223510742e-06,
      "deferred_by_trace_lock": true,
      "replies": []
    },
    {
      "operation": "report_send",
      "ts": 1790395479373900185,
      "identity": {
        "type": "REPORT",
        "job": "j3",
        "cl": "c1",
        "att": 0,
        "ok": false,
        "code": 0,
        "flag": false
      },
      "stub_result": "immediate injected timeout",
      "deferred_by_trace_lock": true
    },
    {
      "operation": "report_route",
      "ts": 1790395479376248724,
      "identity": {
        "type": "REPORT",
        "job": "j3",
        "cl": "c1",
        "att": 0,
        "ok": false,
        "code": 0,
        "flag": false
      },
      "policy": "deliver"
    },
    {
      "operation": "report_send",
      "ts": 1790395479681809114,
      "identity": {
        "type": "REPORT",
        "job": "j3",
        "cl": "c2",
        "att": 0,
        "ok": false,
        "code": 0,
        "flag": false
      },
      "stub_result": "immediate injected timeout",
      "deferred_by_trace_lock": true
    },
    {
      "operation": "report_route",
      "ts": 1790395479684039889,
      "identity": {
        "type": "REPORT",
        "job": "j3",
        "cl": "c2",
        "att": 0,
        "ok": false,
        "code": 0,
        "flag": false
      },
      "policy": "deliver"
    },
    {
      "operation": "admin_wait",
      "ts": 1790395480174277240,
      "requested_timeout_seconds": 2.0,
      "elapsed_seconds": 1.790560781955719e-05,
      "deferred_by_trace_lock": true,
      "replies": [
        false,
        false
      ]
    },
    {
      "operation": "admin_route",
      "ts": 1790395480176506883,
      "identity": {
        "type": "ABORT",
        "job": "j3",
        "cl": "c1",
        "att": 0,
        "ok": false,
        "code": 0,
        "flag": false,
        "_to": "site-1"
      },
      "policy": "deliver"
    },
    {
      "operation": "admin_route",
      "ts": 1790395480176966430,
      "identity": {
        "type": "ABORT",
        "job": "j3",
        "cl": "c2",
        "att": 0,
        "ok": false,
        "code": 0,
        "flag": false,
        "_to": "site-2"
      },
      "policy": "deliver"
    },
    {
      "operation": "admin_reply",
      "ts": 1790395480182179116,
      "topic": "train.abort",
      "client": "site-1",
      "reply_retained": false
    },
    {
      "operation": "admin_reply",
      "ts": 1790395480184523499,
      "topic": "train.abort",
      "client": "site-2",
      "reply_retained": false
    }
  ],
  "final_status": {
    "j1": "FINISHED:COMPLETED",
    "j2": "DELETED",
    "j3": "DELETED",
    "j4": "FINISHED:ABNORMAL"
  },
  "traced_prefix_end": "after scenario assertions and network drain; not global shutdown",
  "event_counts": {
    "RunnerScanList": 11,
    "RunnerScanRead": 11,
    "RunnerTryNext": 4,
    "CpCheckResource": 6,
    "RunnerCheckCollect": 3,
    "RunnerCheckSubmitted": 3,
    "RunnerDeployJob": 3,
    "RunnerSetDispatched": 3,
    "RunnerMetaRead": 3,
    "RunnerMetaWrite": 3,
    "RunnerCheckDispatched": 3,
    "RunnerStartServerApp": 3,
    "CpStartAllocate": 5,
    "CpStartRegister": 5,
    "CpStartLaunch": 5,
    "RunnerStartCollect": 3,
    "RunnerInsertRunning": 3,
    "RunnerSetRunning": 3,
    "CjNotifyStarted": 5,
    "AdminAbortBegin": 1,
    "AdminAbortWrite": 1,
    "SjFinish": 3,
    "SpWaitRead": 3,
    "SpUpdateRunStatus": 3,
    "CjNotifyStopped": 5,
    "CjExit": 5,
    "CpChildFinished": 5,
    "SpProcessJobFailure": 4,
    "SpWaitForComplete": 3,
    "CmpFinalizeBegin": 3,
    "CmpPublish": 3,
    "CmpRemove": 3,
    "LoseMsg": 2,
    "RunnerCheckTimeout": 1,
    "CpCancelResource": 1,
    "RunnerRefreshRead": 1,
    "RunnerRefreshWrite": 1,
    "Heartbeat": 8,
    "CpAbortApp": 2,
    "AdminDeleteAuthorize": 2,
    "AdminDeleteExec": 2
  },
  "trace_sha256": "442c89237479079bcafcacc2c708edae0745e5b48e72bbcdd08ebb01e0eaeac8",
  "finished_ns": 1790395486241419368,
  "exit_code": 0
}
