{
  "scenario": "random_mix_s3",
  "root": "/home/ubuntu/specula-nvflare-gpt-continuation-20260926/framework/runs/gpt-continuation/nvflare-job/.specula-output/harness/build/work/random_mix_s3",
  "nvflare": "/home/ubuntu/specula-nvflare-gpt-continuation-20260926/framework/runs/gpt-continuation/nvflare-job/.specula-output/harness/build/nvflare_src/nvflare/__init__.py",
  "python": "/home/ubuntu/specula-nvflare-gpt-continuation-20260926/nvflare-venv/bin/python",
  "python_version": "3.12.3 (main, Jun 19 2026, 12:46:00) [GCC 13.3.0]",
  "command": [
    "/home/ubuntu/specula-nvflare-gpt-continuation-20260926/nvflare-venv/bin/python",
    "/home/ubuntu/specula-nvflare-gpt-continuation-20260926/framework/runs/gpt-continuation/nvflare-job/.specula-output/harness/src/run_scenario.py",
    "random_mix_s3",
    "--out",
    "/home/ubuntu/specula-nvflare-gpt-continuation-20260926/framework/runs/gpt-continuation/nvflare-job/.specula-output/traces/random_mix_s3.ndjson",
    "--root",
    "/home/ubuntu/specula-nvflare-gpt-continuation-20260926/framework/runs/gpt-continuation/nvflare-job/.specula-output/harness/build/work/random_mix_s3",
    "--report",
    "/home/ubuntu/specula-nvflare-gpt-continuation-20260926/framework/runs/gpt-continuation/nvflare-job/.specula-output/harness/build/reports/random_mix_s3.json"
  ],
  "started_ns": 1790395448149841031,
  "build_provenance": "source=/home/ubuntu/specula-nvflare-gpt-continuation-20260926/source\ncommit=53ba7ee567468ea7971dad4faccef13c6cb35dc2\npatch_sha256=18fabe190f784ad89b88507b43bc1da583487ed617e42d2d9a6b71072fd8d480\ntla_hooks_sha256=b01ea3c23995cc136c7a5c0f4b8d280aa31a01beb6bd5d7172e5195d08b095df\nbuilt=2026-09-26T04:01:53Z\n",
  "harness_sha256": {
    "apply.sh": "b194cbd571020552fe50d0140ea5052bd115348fe35e2aa2fe664b83bb46be50",
    "clean.sh": "7d9e526b9a70e66ca3c3d077eace1d1066642cf6218231613447975f9aee1b8d",
    "make_patch.sh": "3849ec71fdc02a019a769f13a73ccc76a8206796e7697b0649f10085521ea0f9",
    "patches/instrumentation.patch": "18fabe190f784ad89b88507b43bc1da583487ed617e42d2d9a6b71072fd8d480",
    "paths.sh": "652d9113520373ee41346dacd14e6bf3d19c947cd1c733e3bd840a544213d349",
    "run.sh": "68a3ae98acd8bed9b9ce2fea96979be62a78fdb3786826971b6f316820fbfe6b",
    "src/audit_phase2_5.py": "34b84443af54abe8b8c098914b7614749de2d9da5d1ea88c62bef238a96e32c7",
    "src/check_scenario_evidence.py": "f7ce5711dd4c0c164b7d9878a35de5013a9a89c972f86bf212647fb3fedbb080",
    "src/negative_controls.py": "88b33307bf08dc3b769b027e4dd06d4301094facaf159a1338e24f897ea596fd",
    "src/nvf_env.py": "3259ba17d10b616fb2777864723ff79c0080d9552e9c190b8fad8b0fc286fbef",
    "src/nvf_scenarios.py": "29d1b09bb1d26bbacad1bb8f91366a94cd12e03890a53bf1f824f13b60d7b91d",
    "src/nvf_tracer.py": "b2ec48de2769e6890bc9b90204eedbf50413be6e7e496d5406286f41bb430fa4",
    "src/pytest_import_control.py": "8f3f57e68d8efc1fd552388db3eb797eebbd732979202e78f4f2db2091021dc9",
    "src/resource_observer.py": "5a738f4aa0098aaeb0c62bb5dfcb8dc1241c359de91caa9307bd979286e762a1",
    "src/run_scenario.py": "3dc495194be97bd277b6631e7563124bd04f254fcd41355b14a2e5e658f09ebc",
    "src/run_unit_controls.py": "1027ad3bfdb38c90e32b1f549ba2e5c16000206d526c5706a61bc928637e1120",
    "src/tla_hooks.py": "b01ea3c23995cc136c7a5c0f4b8d280aa31a01beb6bd5d7172e5195d08b095df",
    "src/trace_contract.py": "a282af529ad4bf0886f6aee0eb5bef4643afb0f2717d66401c4f0047289dc46c",
    "src/trace_inspect.py": "c1b7c74ced5c8b54c57a02ea8d15a75366ccda6d269f0b7d80fa6b045214a7c9",
    "src/validate_traces.py": "59440681c01c54bd4a9ad355e8d389bb87fc117224ae7203ebb3c21a5bba71c8",
    "stress.sh": "cd0766ae4be090569c8da8e0cccabc17e212223e69b888cbe0b3eafdb3c97576",
    "validate.sh": "a3806be3290e7148d32e271c60fd705f280f7894c2463134cb4f714e8e4cbfb0"
  },
  "result": "ok",
  "seconds": 12.55,
  "network_quiesced": true,
  "events": 188,
  "harness_errors": [],
  "thread_deaths": [],
  "runner_exception": null,
  "expected_runner_exception": null,
  "assertion_errors": [],
  "resource_observation": {
    "checks": 1504,
    "mismatches": [],
    "calls": [
      {
        "operation": "allocate_resources",
        "client": "site-1",
        "ts": 1790395449312743673,
        "thread": "cp-site-1-start_job",
        "caller": "/home/ubuntu/specula-nvflare-gpt-continuation-20260926/framework/runs/gpt-continuation/nvflare-job/.specula-output/harness/build/nvflare_src/nvflare/private/fed/client/scheduler_cmds.py:125",
        "arguments": {
          "resource_requirement": {
            "gpu": 1
          },
          "token": "d26f50b0-351d-4a09-8064-2024834880ef"
        },
        "free_before": [
          1
        ],
        "return": {
          "gpu": [
            0
          ]
        },
        "free_after": [
          1
        ]
      },
      {
        "operation": "allocate_resources",
        "client": "site-2",
        "ts": 1790395449315456419,
        "thread": "cp-site-2-start_job",
        "caller": "/home/ubuntu/specula-nvflare-gpt-continuation-20260926/framework/runs/gpt-continuation/nvflare-job/.specula-output/harness/build/nvflare_src/nvflare/private/fed/client/scheduler_cmds.py:125",
        "arguments": {
          "resource_requirement": {
            "gpu": 1
          },
          "token": "a3d15fac-62ea-4fc5-a908-85ac375b2ae7"
        },
        "free_before": [
          1
        ],
        "return": {
          "gpu": [
            0
          ]
        },
        "free_after": [
          1
        ]
      },
      {
        "operation": "free_resources",
        "client": "site-2",
        "ts": 1790395449638410392,
        "thread": "Thread-6 (_wait_child_process_finish)",
        "caller": "/home/ubuntu/specula-nvflare-gpt-continuation-20260926/framework/runs/gpt-continuation/nvflare-job/.specula-output/harness/build/nvflare_src/nvflare/private/fed/client/client_executor.py:699",
        "arguments": {
          "resources": {
            "gpu": [
              0
            ]
          },
          "token": "a3d15fac-62ea-4fc5-a908-85ac375b2ae7"
        },
        "free_before": [
          1
        ],
        "return": null,
        "free_after": [
          0,
          1
        ]
      },
      {
        "operation": "free_resources",
        "client": "site-1",
        "ts": 1790395449706195842,
        "thread": "Thread-5 (_wait_child_process_finish)",
        "caller": "/home/ubuntu/specula-nvflare-gpt-continuation-20260926/framework/runs/gpt-continuation/nvflare-job/.specula-output/harness/build/nvflare_src/nvflare/private/fed/client/client_executor.py:699",
        "arguments": {
          "resources": {
            "gpu": [
              0
            ]
          },
          "token": "d26f50b0-351d-4a09-8064-2024834880ef"
        },
        "free_before": [
          1
        ],
        "return": null,
        "free_after": [
          0,
          1
        ]
      },
      {
        "operation": "allocate_resources",
        "client": "site-1",
        "ts": 1790395450386175850,
        "thread": "cp-site-1-start_job",
        "caller": "/home/ubuntu/specula-nvflare-gpt-continuation-20260926/framework/runs/gpt-continuation/nvflare-job/.specula-output/harness/build/nvflare_src/nvflare/private/fed/client/scheduler_cmds.py:125",
        "arguments": {
          "resource_requirement": {
            "gpu": 1
          },
          "token": "90567525-9fd0-458d-8392-e2056e4dc09d"
        },
        "free_before": [
          1
        ],
        "return": {
          "gpu": [
            0
          ]
        },
        "free_after": [
          1
        ]
      },
      {
        "operation": "allocate_resources",
        "client": "site-2",
        "ts": 1790395450388881240,
        "thread": "cp-site-2-start_job",
        "caller": "/home/ubuntu/specula-nvflare-gpt-continuation-20260926/framework/runs/gpt-continuation/nvflare-job/.specula-output/harness/build/nvflare_src/nvflare/private/fed/client/scheduler_cmds.py:125",
        "arguments": {
          "resource_requirement": {
            "gpu": 1
          },
          "token": "eb394732-757a-4fff-a628-2405e5f3e219"
        },
        "free_before": [
          1
        ],
        "return": {
          "gpu": [
            0
          ]
        },
        "free_after": [
          1
        ]
      },
      {
        "operation": "free_resources",
        "client": "site-2",
        "ts": 1790395450605360726,
        "thread": "Thread-11 (_wait_child_process_finish)",
        "caller": "/home/ubuntu/specula-nvflare-gpt-continuation-20260926/framework/runs/gpt-continuation/nvflare-job/.specula-output/harness/build/nvflare_src/nvflare/private/fed/client/client_executor.py:699",
        "arguments": {
          "resources": {
            "gpu": [
              0
            ]
          },
          "token": "eb394732-757a-4fff-a628-2405e5f3e219"
        },
        "free_before": [
          1
        ],
        "return": null,
        "free_after": [
          0,
          1
        ]
      },
      {
        "operation": "free_resources",
        "client": "site-1",
        "ts": 1790395450673113910,
        "thread": "Thread-10 (_wait_child_process_finish)",
        "caller": "/home/ubuntu/specula-nvflare-gpt-continuation-20260926/framework/runs/gpt-continuation/nvflare-job/.specula-output/harness/build/nvflare_src/nvflare/private/fed/client/client_executor.py:699",
        "arguments": {
          "resources": {
            "gpu": [
              0
            ]
          },
          "token": "90567525-9fd0-458d-8392-e2056e4dc09d"
        },
        "free_before": [
          1
        ],
        "return": null,
        "free_after": [
          0,
          1
        ]
      },
      {
        "operation": "allocate_resources",
        "client": "site-1",
        "ts": 1790395451454866170,
        "thread": "cp-site-1-start_job",
        "caller": "/home/ubuntu/specula-nvflare-gpt-continuation-20260926/framework/runs/gpt-continuation/nvflare-job/.specula-output/harness/build/nvflare_src/nvflare/private/fed/client/scheduler_cmds.py:125",
        "arguments": {
          "resource_requirement": {
            "gpu": 1
          },
          "token": "d42c66c1-4112-4187-ab39-2d89e3759370"
        },
        "free_before": [
          1
        ],
        "return": {
          "gpu": [
            0
          ]
        },
        "free_after": [
          1
        ]
      },
      {
        "operation": "free_resources",
        "client": "site-1",
        "ts": 1790395452447747163,
        "thread": "Thread-15 (_wait_child_process_finish)",
        "caller": "/home/ubuntu/specula-nvflare-gpt-continuation-20260926/framework/runs/gpt-continuation/nvflare-job/.specula-output/harness/build/nvflare_src/nvflare/private/fed/client/client_executor.py:699",
        "arguments": {
          "resources": {
            "gpu": [
              0
            ]
          },
          "token": "d42c66c1-4112-4187-ab39-2d89e3759370"
        },
        "free_before": [
          1
        ],
        "return": null,
        "free_after": [
          0,
          1
        ]
      },
      {
        "operation": "allocate_resources",
        "client": "site-2",
        "ts": 1790395452518594487,
        "thread": "cp-site-2-start_job",
        "caller": "/home/ubuntu/specula-nvflare-gpt-continuation-20260926/framework/runs/gpt-continuation/nvflare-job/.specula-output/harness/build/nvflare_src/nvflare/private/fed/client/scheduler_cmds.py:125",
        "arguments": {
          "resource_requirement": {
            "gpu": 1
          },
          "token": "a6b7f8ce-3920-4dd5-8fd1-f2a6f09bd54f"
        },
        "free_before": [],
        "return": {
          "gpu": [
            1
          ]
        },
        "free_after": []
      },
      {
        "operation": "free_resources",
        "client": "site-2",
        "ts": 1790395453274378422,
        "thread": "Thread-19 (_wait_child_process_finish)",
        "caller": "/home/ubuntu/specula-nvflare-gpt-continuation-20260926/framework/runs/gpt-continuation/nvflare-job/.specula-output/harness/build/nvflare_src/nvflare/private/fed/client/client_executor.py:699",
        "arguments": {
          "resources": {
            "gpu": [
              1
            ]
          },
          "token": "a6b7f8ce-3920-4dd5-8fd1-f2a6f09bd54f"
        },
        "free_before": [],
        "return": null,
        "free_after": [
          1
        ]
      }
    ]
  },
  "scenario_config": {
    "clients": [
      "site-1",
      "site-2"
    ],
    "units": [
      0,
      1
    ],
    "need": 1,
    "max_jobs": 2,
    "max_schedule_count": 6,
    "expiry": 3,
    "min_schedule_interval": 0.0,
    "client_outcome_wait_timeout": 3.0,
    "scenario": "random_mix_s3"
  },
  "network_observation": [
    {
      "operation": "admin_route",
      "ts": 1790395449272094516,
      "identity": {
        "type": "CHECK",
        "job": "j1",
        "cl": "c1",
        "att": 1,
        "ok": false,
        "code": 0,
        "flag": false,
        "_to": "site-1"
      },
      "policy": "deliver"
    },
    {
      "operation": "admin_route",
      "ts": 1790395449272718905,
      "identity": {
        "type": "CHECK",
        "job": "j1",
        "cl": "c2",
        "att": 1,
        "ok": false,
        "code": 0,
        "flag": false,
        "_to": "site-2"
      },
      "policy": "deliver"
    },
    {
      "operation": "admin_reply",
      "ts": 1790395449275014151,
      "topic": "scheduler.check_resource",
      "client": "site-1",
      "reply_retained": true
    },
    {
      "operation": "admin_reply",
      "ts": 1790395449277470583,
      "topic": "scheduler.check_resource",
      "client": "site-2",
      "reply_retained": true
    },
    {
      "operation": "admin_wait",
      "ts": 1790395449277525734,
      "requested_timeout_seconds": 15,
      "elapsed_seconds": 0.005449735559523106,
      "deferred_by_trace_lock": false,
      "replies": [
        true,
        true
      ]
    },
    {
      "operation": "admin_route",
      "ts": 1790395449286171617,
      "identity": {
        "type": "DEPLOY",
        "job": "j1",
        "cl": "c1",
        "_to": "site-1"
      },
      "policy": "deliver"
    },
    {
      "operation": "admin_route",
      "ts": 1790395449286338483,
      "identity": {
        "type": "DEPLOY",
        "job": "j1",
        "cl": "c2",
        "_to": "site-2"
      },
      "policy": "deliver"
    },
    {
      "operation": "admin_reply",
      "ts": 1790395449291886227,
      "topic": "train.deploy",
      "client": "site-1",
      "reply_retained": true
    },
    {
      "operation": "admin_reply",
      "ts": 1790395449292080699,
      "topic": "train.deploy",
      "client": "site-2",
      "reply_retained": true
    },
    {
      "operation": "admin_wait",
      "ts": 1790395449292131063,
      "requested_timeout_seconds": 5.0,
      "elapsed_seconds": 0.0059699928387999535,
      "deferred_by_trace_lock": false,
      "replies": [
        true,
        true
      ]
    },
    {
      "operation": "admin_route",
      "ts": 1790395449312569953,
      "identity": {
        "type": "START",
        "job": "j1",
        "cl": "c1",
        "att": 1,
        "ok": false,
        "code": 0,
        "flag": false,
        "_to": "site-1"
      },
      "policy": "deliver"
    },
    {
      "operation": "admin_route",
      "ts": 1790395449312892668,
      "identity": {
        "type": "START",
        "job": "j1",
        "cl": "c2",
        "att": 1,
        "ok": false,
        "code": 0,
        "flag": false,
        "_to": "site-2"
      },
      "policy": "deliver"
    },
    {
      "operation": "admin_reply",
      "ts": 1790395449324450263,
      "topic": "train.start_job",
      "client": "site-1",
      "reply_retained": true
    },
    {
      "operation": "admin_reply",
      "ts": 1790395449328776575,
      "topic": "train.start_job",
      "client": "site-2",
      "reply_retained": true
    },
    {
      "operation": "admin_wait",
      "ts": 1790395449328838151,
      "requested_timeout_seconds": 20,
      "elapsed_seconds": 0.01627817191183567,
      "deferred_by_trace_lock": false,
      "replies": [
        true,
        true
      ]
    },
    {
      "operation": "report_send",
      "ts": 1790395449638266259,
      "identity": {
        "type": "REPORT",
        "job": "j1",
        "cl": "c2",
        "att": 0,
        "ok": false,
        "code": 104,
        "flag": false
      },
      "stub_result": "immediate injected timeout",
      "deferred_by_trace_lock": true
    },
    {
      "operation": "report_route",
      "ts": 1790395449640682017,
      "identity": {
        "type": "REPORT",
        "job": "j1",
        "cl": "c2",
        "att": 0,
        "ok": false,
        "code": 104,
        "flag": false
      },
      "policy": "deliver"
    },
    {
      "operation": "admin_wait",
      "ts": 1790395449641307118,
      "requested_timeout_seconds": 2.0,
      "elapsed_seconds": 1.711491495370865e-05,
      "deferred_by_trace_lock": true,
      "replies": [
        false,
        false
      ]
    },
    {
      "operation": "sj_command",
      "ts": 1790395449641336701,
      "topic": "abort",
      "job": "j1",
      "wait_reply": true,
      "stub_result": "immediate injected timeout",
      "deferred_by_trace_lock": true
    },
    {
      "operation": "admin_route",
      "ts": 1790395449643905505,
      "identity": {
        "type": "ABORT",
        "job": "j1",
        "cl": "c1",
        "att": 0,
        "ok": false,
        "code": 0,
        "flag": false,
        "_to": "site-1"
      },
      "policy": "deliver"
    },
    {
      "operation": "admin_route",
      "ts": 1790395449644247498,
      "identity": {
        "type": "ABORT",
        "job": "j1",
        "cl": "c2",
        "att": 0,
        "ok": false,
        "code": 0,
        "flag": false,
        "_to": "site-2"
      },
      "policy": "deliver"
    },
    {
      "operation": "admin_reply",
      "ts": 1790395449649119688,
      "topic": "train.abort",
      "client": "site-2",
      "reply_retained": false
    },
    {
      "operation": "report_send",
      "ts": 1790395449706085339,
      "identity": {
        "type": "REPORT",
        "job": "j1",
        "cl": "c1",
        "att": 0,
        "ok": false,
        "code": 0,
        "flag": false
      },
      "stub_result": "immediate injected timeout",
      "deferred_by_trace_lock": true
    },
    {
      "operation": "report_route",
      "ts": 1790395449708255045,
      "identity": {
        "type": "REPORT",
        "job": "j1",
        "cl": "c1",
        "att": 0,
        "ok": false,
        "code": 0,
        "flag": false
      },
      "policy": "drop"
    },
    {
      "operation": "admin_reply",
      "ts": 1790395449749678878,
      "topic": "train.abort",
      "client": "site-1",
      "reply_retained": false
    },
    {
      "operation": "admin_wait",
      "ts": 1790395450261557384,
      "requested_timeout_seconds": 2.0,
      "elapsed_seconds": 1.6994774341583252e-05,
      "deferred_by_trace_lock": true,
      "replies": [
        false,
        false
      ]
    },
    {
      "operation": "admin_route",
      "ts": 1790395450263828559,
      "identity": {
        "type": "ABORT",
        "job": "j1",
        "cl": "c1",
        "att": 0,
        "ok": false,
        "code": 0,
        "flag": false,
        "_to": "site-1"
      },
      "policy": "deliver"
    },
    {
      "operation": "admin_route",
      "ts": 1790395450264285612,
      "identity": {
        "type": "ABORT",
        "job": "j1",
        "cl": "c2",
        "att": 0,
        "ok": false,
        "code": 0,
        "flag": false,
        "_to": "site-2"
      },
      "policy": "deliver"
    },
    {
      "operation": "admin_reply",
      "ts": 1790395450268237017,
      "topic": "train.abort",
      "client": "site-1",
      "reply_retained": false
    },
    {
      "operation": "admin_reply",
      "ts": 1790395450270497710,
      "topic": "train.abort",
      "client": "site-2",
      "reply_retained": false
    },
    {
      "operation": "admin_route",
      "ts": 1790395450346517262,
      "identity": {
        "type": "CHECK",
        "job": "j2",
        "cl": "c1",
        "att": 2,
        "ok": false,
        "code": 0,
        "flag": false,
        "_to": "site-1"
      },
      "policy": "deliver"
    },
    {
      "operation": "admin_route",
      "ts": 1790395450347120170,
      "identity": {
        "type": "CHECK",
        "job": "j2",
        "cl": "c2",
        "att": 2,
        "ok": false,
        "code": 0,
        "flag": false,
        "_to": "site-2"
      },
      "policy": "deliver"
    },
    {
      "operation": "admin_reply",
      "ts": 1790395450349435786,
      "topic": "scheduler.check_resource",
      "client": "site-1",
      "reply_retained": true
    },
    {
      "operation": "admin_reply",
      "ts": 1790395450351898907,
      "topic": "scheduler.check_resource",
      "client": "site-2",
      "reply_retained": true
    },
    {
      "operation": "admin_wait",
      "ts": 1790395450351959577,
      "requested_timeout_seconds": 15,
      "elapsed_seconds": 0.005453450605273247,
      "deferred_by_trace_lock": false,
      "replies": [
        true,
        true
      ]
    },
    {
      "operation": "admin_route",
      "ts": 1790395450359657683,
      "identity": {
        "type": "DEPLOY",
        "job": "j2",
        "cl": "c1",
        "_to": "site-1"
      },
      "policy": "deliver"
    },
    {
      "operation": "admin_route",
      "ts": 1790395450359855455,
      "identity": {
        "type": "DEPLOY",
        "job": "j2",
        "cl": "c2",
        "_to": "site-2"
      },
      "policy": "deliver"
    },
    {
      "operation": "admin_reply",
      "ts": 1790395450365350677,
      "topic": "train.deploy",
      "client": "site-2",
      "reply_retained": true
    },
    {
      "operation": "admin_reply",
      "ts": 1790395450365522220,
      "topic": "train.deploy",
      "client": "site-1",
      "reply_retained": true
    },
    {
      "operation": "admin_wait",
      "ts": 1790395450365580305,
      "requested_timeout_seconds": 5.0,
      "elapsed_seconds": 0.005930714309215546,
      "deferred_by_trace_lock": false,
      "replies": [
        true,
        true
      ]
    },
    {
      "operation": "admin_route",
      "ts": 1790395450385978165,
      "identity": {
        "type": "START",
        "job": "j2",
        "cl": "c1",
        "att": 2,
        "ok": false,
        "code": 0,
        "flag": false,
        "_to": "site-1"
      },
      "policy": "deliver"
    },
    {
      "operation": "admin_route",
      "ts": 1790395450386286028,
      "identity": {
        "type": "START",
        "job": "j2",
        "cl": "c2",
        "att": 2,
        "ok": false,
        "code": 0,
        "flag": false,
        "_to": "site-2"
      },
      "policy": "deliver"
    },
    {
      "operation": "admin_reply",
      "ts": 1790395450397247876,
      "topic": "train.start_job",
      "client": "site-1",
      "reply_retained": true
    },
    {
      "operation": "admin_reply",
      "ts": 1790395450401720508,
      "topic": "train.start_job",
      "client": "site-2",
      "reply_retained": true
    },
    {
      "operation": "admin_wait",
      "ts": 1790395450401781428,
      "requested_timeout_seconds": 20,
      "elapsed_seconds": 0.015811946243047714,
      "deferred_by_trace_lock": false,
      "replies": [
        true,
        true
      ]
    },
    {
      "operation": "report_send",
      "ts": 1790395450605226539,
      "identity": {
        "type": "REPORT",
        "job": "j2",
        "cl": "c2",
        "att": 0,
        "ok": false,
        "code": 101,
        "flag": false
      },
      "stub_result": "immediate injected timeout",
      "deferred_by_trace_lock": true
    },
    {
      "operation": "report_route",
      "ts": 1790395450607592453,
      "identity": {
        "type": "REPORT",
        "job": "j2",
        "cl": "c2",
        "att": 0,
        "ok": false,
        "code": 101,
        "flag": false
      },
      "policy": "deliver"
    },
    {
      "operation": "admin_wait",
      "ts": 1790395450608177790,
      "requested_timeout_seconds": 2.0,
      "elapsed_seconds": 1.6634352505207062e-05,
      "deferred_by_trace_lock": true,
      "replies": [
        false,
        false
      ]
    },
    {
      "operation": "sj_command",
      "ts": 1790395450608204189,
      "topic": "abort",
      "job": "j2",
      "wait_reply": true,
      "stub_result": "immediate injected timeout",
      "deferred_by_trace_lock": true
    },
    {
      "operation": "admin_route",
      "ts": 1790395450610793802,
      "identity": {
        "type": "ABORT",
        "job": "j2",
        "cl": "c1",
        "att": 0,
        "ok": false,
        "code": 0,
        "flag": false,
        "_to": "site-1"
      },
      "policy": "deliver"
    },
    {
      "operation": "admin_route",
      "ts": 1790395450611252318,
      "identity": {
        "type": "ABORT",
        "job": "j2",
        "cl": "c2",
        "att": 0,
        "ok": false,
        "code": 0,
        "flag": false,
        "_to": "site-2"
      },
      "policy": "deliver"
    },
    {
      "operation": "admin_reply",
      "ts": 1790395450615992068,
      "topic": "train.abort",
      "client": "site-2",
      "reply_retained": false
    },
    {
      "operation": "report_send",
      "ts": 1790395450673006291,
      "identity": {
        "type": "REPORT",
        "job": "j2",
        "cl": "c1",
        "att": 0,
        "ok": false,
        "code": 0,
        "flag": false
      },
      "stub_result": "immediate injected timeout",
      "deferred_by_trace_lock": true
    },
    {
      "operation": "report_route",
      "ts": 1790395450675218399,
      "identity": {
        "type": "REPORT",
        "job": "j2",
        "cl": "c1",
        "att": 0,
        "ok": false,
        "code": 0,
        "flag": false
      },
      "policy": "deliver"
    },
    {
      "operation": "admin_reply",
      "ts": 1790395450716457500,
      "topic": "train.abort",
      "client": "site-1",
      "reply_retained": false
    },
    {
      "operation": "admin_wait",
      "ts": 1790395451280433228,
      "requested_timeout_seconds": 2.0,
      "elapsed_seconds": 1.764576882123947e-05,
      "deferred_by_trace_lock": true,
      "replies": [
        false,
        false
      ]
    },
    {
      "operation": "admin_route",
      "ts": 1790395451282671455,
      "identity": {
        "type": "ABORT",
        "job": "j2",
        "cl": "c1",
        "att": 0,
        "ok": false,
        "code": 0,
        "flag": false,
        "_to": "site-1"
      },
      "policy": "deliver"
    },
    {
      "operation": "admin_route",
      "ts": 1790395451283116620,
      "identity": {
        "type": "ABORT",
        "job": "j2",
        "cl": "c2",
        "att": 0,
        "ok": false,
        "code": 0,
        "flag": false,
        "_to": "site-2"
      },
      "policy": "deliver"
    },
    {
      "operation": "admin_reply",
      "ts": 1790395451288517023,
      "topic": "train.abort",
      "client": "site-1",
      "reply_retained": false
    },
    {
      "operation": "admin_reply",
      "ts": 1790395451290930097,
      "topic": "train.abort",
      "client": "site-2",
      "reply_retained": false
    },
    {
      "operation": "admin_route",
      "ts": 1790395451420567329,
      "identity": {
        "type": "CHECK",
        "job": "j3",
        "cl": "c1",
        "att": 3,
        "ok": false,
        "code": 0,
        "flag": false,
        "_to": "site-1"
      },
      "policy": "deliver"
    },
    {
      "operation": "admin_route",
      "ts": 1790395451421168915,
      "identity": {
        "type": "CHECK",
        "job": "j3",
        "cl": "c2",
        "att": 3,
        "ok": false,
        "code": 0,
        "flag": false,
        "_to": "site-2"
      },
      "policy": "hold"
    },
    {
      "operation": "admin_reply",
      "ts": 1790395451423244993,
      "topic": "scheduler.check_resource",
      "client": "site-1",
      "reply_retained": true
    },
    {
      "operation": "admin_wait",
      "ts": 1790395451423308546,
      "requested_timeout_seconds": 15,
      "elapsed_seconds": 0.002753675915300846,
      "deferred_by_trace_lock": false,
      "replies": [
        true,
        false
      ]
    },
    {
      "operation": "admin_route",
      "ts": 1790395451430937842,
      "identity": {
        "type": "DEPLOY",
        "job": "j3",
        "cl": "c1",
        "_to": "site-1"
      },
      "policy": "deliver"
    },
    {
      "operation": "admin_reply",
      "ts": 1790395451434171934,
      "topic": "train.deploy",
      "client": "site-1",
      "reply_retained": true
    },
    {
      "operation": "admin_wait",
      "ts": 1790395451434234707,
      "requested_timeout_seconds": 5.0,
      "elapsed_seconds": 0.003305027261376381,
      "deferred_by_trace_lock": false,
      "replies": [
        true
      ]
    },
    {
      "operation": "admin_route",
      "ts": 1790395451454593318,
      "identity": {
        "type": "START",
        "job": "j3",
        "cl": "c1",
        "att": 3,
        "ok": false,
        "code": 0,
        "flag": false,
        "_to": "site-1"
      },
      "policy": "deliver"
    },
    {
      "operation": "admin_reply",
      "ts": 1790395451462328289,
      "topic": "train.start_job",
      "client": "site-1",
      "reply_retained": true
    },
    {
      "operation": "admin_wait",
      "ts": 1790395451462386145,
      "requested_timeout_seconds": 20,
      "elapsed_seconds": 0.007801137864589691,
      "deferred_by_trace_lock": false,
      "replies": [
        true
      ]
    },
    {
      "operation": "admin_reply",
      "ts": 1790395451575349837,
      "topic": "scheduler.check_resource",
      "client": "site-2",
      "reply_retained": false
    },
    {
      "operation": "admin_wait",
      "ts": 1790395452382971363,
      "requested_timeout_seconds": 2.0,
      "elapsed_seconds": 9.093433618545532e-06,
      "deferred_by_trace_lock": true,
      "replies": [
        false
      ]
    },
    {
      "operation": "sj_command",
      "ts": 1790395452382989590,
      "topic": "abort",
      "job": "j3",
      "wait_reply": true,
      "stub_result": "immediate injected timeout",
      "deferred_by_trace_lock": true
    },
    {
      "operation": "admin_route",
      "ts": 1790395452385206204,
      "identity": {
        "type": "ABORT",
        "job": "j3",
        "cl": "c1",
        "att": 0,
        "ok": false,
        "code": 0,
        "flag": false,
        "_to": "site-1"
      },
      "policy": "deliver"
    },
    {
      "operation": "report_send",
      "ts": 1790395452447637611,
      "identity": {
        "type": "REPORT",
        "job": "j3",
        "cl": "c1",
        "att": 0,
        "ok": false,
        "code": 0,
        "flag": false
      },
      "stub_result": "immediate injected timeout",
      "deferred_by_trace_lock": true
    },
    {
      "operation": "report_route",
      "ts": 1790395452449806035,
      "identity": {
        "type": "REPORT",
        "job": "j3",
        "cl": "c1",
        "att": 0,
        "ok": false,
        "code": 0,
        "flag": false
      },
      "policy": "deliver"
    },
    {
      "operation": "admin_route",
      "ts": 1790395452479390507,
      "identity": {
        "type": "CHECK",
        "job": "j4",
        "cl": "c2",
        "att": 4,
        "ok": false,
        "code": 0,
        "flag": false,
        "_to": "site-2"
      },
      "policy": "deliver"
    },
    {
      "operation": "admin_reply",
      "ts": 1790395452481918210,
      "topic": "scheduler.check_resource",
      "client": "site-2",
      "reply_retained": true
    },
    {
      "operation": "admin_wait",
      "ts": 1790395452481974142,
      "requested_timeout_seconds": 15,
      "elapsed_seconds": 0.002594251185655594,
      "deferred_by_trace_lock": false,
      "replies": [
        true
      ]
    },
    {
      "operation": "admin_route",
      "ts": 1790395452491689059,
      "identity": {
        "type": "DEPLOY",
        "job": "j4",
        "cl": "c2",
        "_to": "site-2"
      },
      "policy": "deliver"
    },
    {
      "operation": "admin_reply",
      "ts": 1790395452494393011,
      "topic": "train.abort",
      "client": "site-1",
      "reply_retained": false
    },
    {
      "operation": "admin_reply",
      "ts": 1790395452495549524,
      "topic": "train.deploy",
      "client": "site-2",
      "reply_retained": true
    },
    {
      "operation": "admin_wait",
      "ts": 1790395452495609853,
      "requested_timeout_seconds": 5.0,
      "elapsed_seconds": 0.00393051840364933,
      "deferred_by_trace_lock": false,
      "replies": [
        true
      ]
    },
    {
      "operation": "admin_route",
      "ts": 1790395452518377673,
      "identity": {
        "type": "START",
        "job": "j4",
        "cl": "c2",
        "att": 4,
        "ok": false,
        "code": 0,
        "flag": false,
        "_to": "site-2"
      },
      "policy": "deliver"
    },
    {
      "operation": "admin_reply",
      "ts": 1790395452526036086,
      "topic": "train.start_job",
      "client": "site-2",
      "reply_retained": true
    },
    {
      "operation": "admin_wait",
      "ts": 1790395452526093846,
      "requested_timeout_seconds": 20,
      "elapsed_seconds": 0.0077247656881809235,
      "deferred_by_trace_lock": false,
      "replies": [
        true
      ]
    },
    {
      "operation": "report_send",
      "ts": 1790395453274273437,
      "identity": {
        "type": "REPORT",
        "job": "j4",
        "cl": "c2",
        "att": 0,
        "ok": false,
        "code": 0,
        "flag": false
      },
      "stub_result": "immediate injected timeout",
      "deferred_by_trace_lock": true
    },
    {
      "operation": "report_route",
      "ts": 1790395453276232282,
      "identity": {
        "type": "REPORT",
        "job": "j4",
        "cl": "c2",
        "att": 0,
        "ok": false,
        "code": 0,
        "flag": false
      },
      "policy": "deliver"
    }
  ],
  "final_status": {
    "j1": "DELETED",
    "j2": "DELETED",
    "j3": "DELETED",
    "j4": "FINISHED:COMPLETED"
  },
  "traced_prefix_end": "after scenario assertions and network drain; not global shutdown",
  "event_counts": {
    "Heartbeat": 9,
    "RunnerScanList": 12,
    "RunnerScanRead": 12,
    "RunnerTryNext": 4,
    "CpCheckResource": 7,
    "RunnerCheckCollect": 3,
    "RunnerCheckSubmitted": 4,
    "RunnerDeployJob": 4,
    "RunnerSetDispatched": 4,
    "RunnerMetaRead": 4,
    "RunnerMetaWrite": 4,
    "RunnerCheckDispatched": 4,
    "RunnerStartServerApp": 4,
    "CpStartAllocate": 6,
    "CpStartRegister": 6,
    "CpStartLaunch": 6,
    "RunnerStartCollect": 4,
    "RunnerInsertRunning": 4,
    "RunnerSetRunning": 4,
    "CjNotifyStarted": 5,
    "CjExit": 6,
    "CpChildFinished": 6,
    "SpProcessJobFailure": 5,
    "CpAbortApp": 9,
    "SjHandleAbort": 3,
    "CjHandleAbort": 3,
    "SpWaitRead": 4,
    "SpUpdateRunStatus": 4,
    "LoseMsg": 1,
    "CpTerminateJob": 3,
    "SpWaitForComplete": 4,
    "SpRemoveRunProcesses": 3,
    "CmpFinalizeBegin": 4,
    "CmpPublish": 4,
    "CmpRemove": 4,
    "RunnerCheckTimeout": 1,
    "AdminAbortBegin": 1,
    "AdminStopRun": 1,
    "AdminMarkAborted": 1,
    "AdminDeleteAuthorize": 3,
    "AdminDeleteExec": 3,
    "SjFinish": 1,
    "CjNotifyStopped": 1,
    "CpTick": 3
  },
  "trace_sha256": "dba3a8af83031569f109ecff7420bd5dbf09b0b2739d6e3d5622c9b86ec64589",
  "finished_ns": 1790395460699054835,
  "exit_code": 0
}
