[0;32m================================[0m
[0;32mTLC Model Checking Mode[0m
[0;32m================================[0m
Spec File:       MC.tla
Config File:     MC_hunt_baseline.cfg
Memory Limit:    12G
Off-heap Memory: 36G
Workers:         32
Timeout:         30 minutes
[0;34m--- Model Checking Settings ---[0m
Depth Limit:     0
Checkpoint:      10 minutes
Log File:        output/MC_hunt_baseline_bfs.out
[0;32m================================[0m
[1;33mExecuting Command:[0m
java -XX:+UseParallelGC -Dtlc2.tool.fp.FPSet.impl=tlc2.tool.fp.OffHeapDiskFPSet -XX:MaxDirectMemorySize=36G -Xmx12G -Xms12G -cp /home/ubuntu/specula-vsr-runner-20260905/lib/CommunityModules-deps.jar:/home/ubuntu/specula-vsr-runner-20260905/lib/tla2tools.jar tlc2.TLC -config MC_hunt_baseline.cfg MC.tla -workers 32 -deadlock -checkpoint 10 -dumptrace json output/MC_hunt_baseline_bfs.json -metadir /home/ubuntu/specula-vsr-runner-20260905/runs/vsr-rs-gpt6astra-ultra-round2-live-20260905/vsr-rs/.specula-output/spec/output/tlc-state/tlc-states-KFozYU 

TLC resource budget (Specula run vsr-rs-gpt6astra-ultra-round2-live-20260905):
  memory source: user config (128G)
  external memory use: not included in this configured run bound
  memory limit: 128 GiB
  active TLC reserved before request: 0 bytes (this agent: 0 bytes)
  this request: 48 GiB (heap 12 GiB + off-heap 36 GiB)
  remaining before request: 128 GiB
  remaining after admission: 80 GiB
  worker limit: 32
  active TLC workers before request: 0 (this agent: 0)
  this request workers: 32 (32)
  remaining workers before request: 32
  remaining workers after admission: 0
  result: admitted
TLC2 Version 2026.09.04.170753 (rev: b123b22)
Running breadth-first search Model-Checking with fp 86 and seed 1653564261716569674 with 32 workers on 96 cores with 11776MB heap and 36864MB offheap memory [pid: 3215344] (Linux 6.8.0-1044-azure amd64, Ubuntu 21.0.11 64bit, OffHeapDiskFPSet, DiskStateQueue).
Parsing file /home/ubuntu/specula-vsr-runner-20260905/runs/vsr-rs-gpt6astra-ultra-round2-live-20260905/vsr-rs/.specula-output/spec/MC.tla
Parsing file /home/ubuntu/specula-vsr-runner-20260905/runs/vsr-rs-gpt6astra-ultra-round2-live-20260905/vsr-rs/.specula-output/spec/base.tla
Parsing file /tmp/tlc-14773758545125051733/_JsonTrace.tla (jar:file:/home/ubuntu/specula-vsr-runner-20260905/lib/tla2tools.jar!/tla2sany/StandardModules/_JsonTrace.tla)
Parsing file /tmp/tlc-14773758545125051733/_TLCTrace.tla (jar:file:/home/ubuntu/specula-vsr-runner-20260905/lib/tla2tools.jar!/tla2sany/StandardModules/_TLCTrace.tla)
Parsing file /tmp/tlc-14773758545125051733/Integers.tla (jar:file:/home/ubuntu/specula-vsr-runner-20260905/lib/tla2tools.jar!/tla2sany/StandardModules/Integers.tla)
Parsing file /tmp/tlc-14773758545125051733/Sequences.tla (jar:file:/home/ubuntu/specula-vsr-runner-20260905/lib/tla2tools.jar!/tla2sany/StandardModules/Sequences.tla)
Parsing file /tmp/tlc-14773758545125051733/FiniteSets.tla (jar:file:/home/ubuntu/specula-vsr-runner-20260905/lib/tla2tools.jar!/tla2sany/StandardModules/FiniteSets.tla)
Parsing file /tmp/tlc-14773758545125051733/TLC.tla (jar:file:/home/ubuntu/specula-vsr-runner-20260905/lib/tla2tools.jar!/tla2sany/StandardModules/TLC.tla)
Parsing file /tmp/tlc-14773758545125051733/Naturals.tla (jar:file:/home/ubuntu/specula-vsr-runner-20260905/lib/tla2tools.jar!/tla2sany/StandardModules/Naturals.tla)
Parsing file /tmp/tlc-14773758545125051733/TLCExt.tla (jar:file:/home/ubuntu/specula-vsr-runner-20260905/lib/tla2tools.jar!/tla2sany/StandardModules/TLCExt.tla)
Parsing file /tmp/tlc-14773758545125051733/Json.tla (jar:file:/home/ubuntu/specula-vsr-runner-20260905/lib/tla2tools.jar!/tla2sany/StandardModules/Json.tla)
Semantic processing of module Naturals
Semantic processing of module Integers
Semantic processing of module Sequences
Semantic processing of module FiniteSets
Semantic processing of module TLC
Semantic processing of module base
Semantic processing of module TLCExt
Semantic processing of module Json
Semantic processing of module _JsonTrace
Semantic processing of module _TLCTrace
Semantic processing of module MC
Linting of module base
Linting of module TLCExt
Linting of module Json
Linting of module _JsonTrace
Linting of module _TLCTrace
Linting of module MC
Starting... (2026-09-05 19:24:18)
Computing initial states...
Finished computing initial states: 1 distinct state generated at 2026-09-05 19:24:19.
Progress(12) at 2026-09-05 19:24:22: 987,403 states generated (987,403 s/min), 269,016 distinct states found (269,016 ds/min), 152,931 states left on queue.
Progress(17) at 2026-09-05 19:25:22: 33,782,549 states generated (32,795,146 s/min), 7,301,807 distinct states found (7,032,791 ds/min), 3,621,411 states left on queue.
Progress(18) at 2026-09-05 19:26:22: 65,132,967 states generated (31,350,418 s/min), 13,007,812 distinct states found (5,706,005 ds/min), 5,972,509 states left on queue.
Progress(18) at 2026-09-05 19:27:22: 96,153,172 states generated (31,020,205 s/min), 18,104,612 distinct states found (5,096,800 ds/min), 7,742,554 states left on queue.
Progress(19) at 2026-09-05 19:28:22: 127,216,948 states generated (31,063,776 s/min), 23,102,994 distinct states found (4,998,382 ds/min), 9,330,701 states left on queue.
Progress(19) at 2026-09-05 19:29:22: 158,127,261 states generated (30,910,313 s/min), 27,347,112 distinct states found (4,244,118 ds/min), 10,266,702 states left on queue.
Progress(20) at 2026-09-05 19:30:22: 189,738,491 states generated (31,611,230 s/min), 31,822,408 distinct states found (4,475,296 ds/min), 11,287,960 states left on queue.
Progress(20) at 2026-09-05 19:31:22: 221,281,879 states generated (31,543,388 s/min), 36,150,970 distinct states found (4,328,562 ds/min), 11,988,846 states left on queue.
Progress(20) at 2026-09-05 19:32:22: 252,304,200 states generated (31,022,321 s/min), 39,641,217 distinct states found (3,490,247 ds/min), 12,174,739 states left on queue.
Progress(21) at 2026-09-05 19:33:22: 284,192,455 states generated (31,888,255 s/min), 43,575,244 distinct states found (3,934,027 ds/min), 12,566,978 states left on queue.
Checkpointing of run /home/ubuntu/specula-vsr-runner-20260905/runs/vsr-rs-gpt6astra-ultra-round2-live-20260905/vsr-rs/.specula-output/spec/output/tlc-state/tlc-states-KFozYU/26-09-05-19-24-18.250
Checkpointing completed at (2026-09-05 19:34:22)
Progress(21) at 2026-09-05 19:34:22: 315,592,546 states generated (31,400,091 s/min), 47,534,828 distinct states found (3,959,584 ds/min), 13,036,962 states left on queue.
Progress(21) at 2026-09-05 19:35:22: 347,381,203 states generated (31,788,657 s/min), 50,471,415 distinct states found (2,936,587 ds/min), 12,319,126 states left on queue.
Progress(21) at 2026-09-05 19:36:22: 379,788,093 states generated (32,406,890 s/min), 53,934,286 distinct states found (3,462,871 ds/min), 12,042,404 states left on queue.
Progress(22) at 2026-09-05 19:37:22: 412,106,695 states generated (32,318,602 s/min), 57,240,429 distinct states found (3,306,143 ds/min), 11,621,010 states left on queue.
Progress(22) at 2026-09-05 19:38:22: 444,224,975 states generated (32,118,280 s/min), 60,340,224 distinct states found (3,099,795 ds/min), 10,910,922 states left on queue.
Progress(22) at 2026-09-05 19:39:22: 477,107,519 states generated (32,882,544 s/min), 63,086,392 distinct states found (2,746,168 ds/min), 9,759,708 states left on queue.
Progress(23) at 2026-09-05 19:40:22: 509,982,639 states generated (32,875,120 s/min), 65,875,773 distinct states found (2,789,381 ds/min), 8,612,751 states left on queue.
Progress(23) at 2026-09-05 19:41:22: 543,008,161 states generated (33,025,522 s/min), 68,423,656 distinct states found (2,547,883 ds/min), 7,123,614 states left on queue.
Progress(24) at 2026-09-05 19:42:22: 576,710,742 states generated (33,702,581 s/min), 70,836,605 distinct states found (2,412,949 ds/min), 5,327,035 states left on queue.
Progress(24) at 2026-09-05 19:43:22: 610,440,199 states generated (33,729,457 s/min), 73,033,990 distinct states found (2,197,385 ds/min), 3,236,294 states left on queue.
Checkpointing of run /home/ubuntu/specula-vsr-runner-20260905/runs/vsr-rs-gpt6astra-ultra-round2-live-20260905/vsr-rs/.specula-output/spec/output/tlc-state/tlc-states-KFozYU/26-09-05-19-24-18.250
Checkpointing completed at (2026-09-05 19:44:26)
Model checking completed. No error has been found.
  Estimates of the probability that TLC did not check all reachable states
  because two distinct states had the same fingerprint:
  calculated (optimistic):  val = .0023
  based on the actual fingerprints:  val = 2.4E-4
646763167 states generated, 74772829 distinct states found, 0 states left on queue.
The depth of the complete state graph search is 27.
The average outdegree of the complete state graph is 1 (minimum is 0, the maximum 27 and the 95th percentile is 5).
Finished in 20min 10s at (2026-09-05 19:44:28)

[0;32m================================[0m
[0;32m✓ Completed successfully[0m
[0;32mNo errors found[0m
[0;32m================================[0m
