TLC2 Version 2026.09.04.170753 (rev: b123b22)
Running breadth-first search Model-Checking with fp 125 and seed 6999800666736535640 with 32 workers on 96 cores with 23552MB heap and 73728MB offheap memory [pid: 2942707] (Linux 6.8.0-1044-azure amd64, Ubuntu 21.0.11 64bit, OffHeapDiskFPSet, DiskStateQueue).
Parsing file /home/ubuntu/specula-vsr-runner-20260905/runs/vsr-rs-gpt6astra-ultra-round2-live-20260905/vsr-rs/.specula-output/spec/MC.tla
Parsing file /home/ubuntu/specula-vsr-runner-20260905/runs/vsr-rs-gpt6astra-ultra-round2-live-20260905/vsr-rs/.specula-output/spec/base.tla
Parsing file /tmp/tlc-14244722489741551391/_JsonTrace.tla (jar:file:/home/ubuntu/specula-vsr-runner-20260905/lib/tla2tools.jar!/tla2sany/StandardModules/_JsonTrace.tla)
Parsing file /tmp/tlc-14244722489741551391/_TLCTrace.tla (jar:file:/home/ubuntu/specula-vsr-runner-20260905/lib/tla2tools.jar!/tla2sany/StandardModules/_TLCTrace.tla)
Parsing file /tmp/tlc-14244722489741551391/Integers.tla (jar:file:/home/ubuntu/specula-vsr-runner-20260905/lib/tla2tools.jar!/tla2sany/StandardModules/Integers.tla)
Parsing file /tmp/tlc-14244722489741551391/Sequences.tla (jar:file:/home/ubuntu/specula-vsr-runner-20260905/lib/tla2tools.jar!/tla2sany/StandardModules/Sequences.tla)
Parsing file /tmp/tlc-14244722489741551391/FiniteSets.tla (jar:file:/home/ubuntu/specula-vsr-runner-20260905/lib/tla2tools.jar!/tla2sany/StandardModules/FiniteSets.tla)
Parsing file /tmp/tlc-14244722489741551391/TLC.tla (jar:file:/home/ubuntu/specula-vsr-runner-20260905/lib/tla2tools.jar!/tla2sany/StandardModules/TLC.tla)
Parsing file /tmp/tlc-14244722489741551391/Naturals.tla (jar:file:/home/ubuntu/specula-vsr-runner-20260905/lib/tla2tools.jar!/tla2sany/StandardModules/Naturals.tla)
Parsing file /tmp/tlc-14244722489741551391/TLCExt.tla (jar:file:/home/ubuntu/specula-vsr-runner-20260905/lib/tla2tools.jar!/tla2sany/StandardModules/TLCExt.tla)
Parsing file /tmp/tlc-14244722489741551391/Json.tla (jar:file:/home/ubuntu/specula-vsr-runner-20260905/lib/tla2tools.jar!/tla2sany/StandardModules/Json.tla)
Semantic processing of module Naturals
Semantic processing of module Integers
Semantic processing of module Sequences
Semantic processing of module FiniteSets
Semantic processing of module TLC
Semantic processing of module base
Semantic processing of module TLCExt
Semantic processing of module Json
Semantic processing of module _JsonTrace
Semantic processing of module _TLCTrace
Semantic processing of module MC
Linting of module base
Linting of module TLCExt
Linting of module Json
Linting of module _JsonTrace
Linting of module _TLCTrace
Linting of module MC
Starting... (2026-09-05 18:53:17)
Computing initial states...
Finished computing initial states: 1 distinct state generated at 2026-09-05 18:53:19.
Progress(10) at 2026-09-05 18:53:22: 711,882 states generated (711,882 s/min), 262,708 distinct states found (262,708 ds/min), 217,005 states left on queue.
Progress(12) at 2026-09-05 18:54:22: 37,436,351 states generated (36,724,469 s/min), 10,357,706 distinct states found (10,094,998 ds/min), 8,024,381 states left on queue.
Progress(12) at 2026-09-05 18:55:22: 73,284,465 states generated (35,848,114 s/min), 19,158,144 distinct states found (8,800,438 ds/min), 14,619,425 states left on queue.
Progress(13) at 2026-09-05 18:56:22: 108,100,575 states generated (34,816,110 s/min), 27,857,955 distinct states found (8,699,811 ds/min), 21,190,870 states left on queue.
Progress(13) at 2026-09-05 18:57:22: 142,564,239 states generated (34,463,664 s/min), 36,373,982 distinct states found (8,516,027 ds/min), 27,580,006 states left on queue.
Progress(13) at 2026-09-05 18:58:22: 176,626,882 states generated (34,062,643 s/min), 44,663,950 distinct states found (8,289,968 ds/min), 33,765,137 states left on queue.
Progress(13) at 2026-09-05 18:59:22: 210,816,954 states generated (34,190,072 s/min), 52,543,367 distinct states found (7,879,417 ds/min), 39,536,388 states left on queue.
Progress(13) at 2026-09-05 19:00:22: 244,229,566 states generated (33,412,612 s/min), 59,930,506 distinct states found (7,387,139 ds/min), 44,840,129 states left on queue.
Progress(13) at 2026-09-05 19:01:22: 277,999,106 states generated (33,769,540 s/min), 67,608,215 distinct states found (7,677,709 ds/min), 50,431,013 states left on queue.
Progress(13) at 2026-09-05 19:02:22: 310,760,862 states generated (32,761,756 s/min), 74,974,807 distinct states found (7,366,592 ds/min), 55,859,172 states left on queue.
Checkpointing of run /home/ubuntu/specula-vsr-runner-20260905/runs/vsr-rs-gpt6astra-ultra-round2-live-20260905/vsr-rs/.specula-output/spec/output/tlc-state/tlc-states-1hsQNa/26-09-05-18-53-17.481
Checkpointing completed at (2026-09-05 19:03:22)
Progress(13) at 2026-09-05 19:03:22: 343,002,287 states generated (32,241,425 s/min), 82,645,530 distinct states found (7,670,723 ds/min), 61,602,496 states left on queue.
Progress(13) at 2026-09-05 19:04:22: 375,836,321 states generated (32,834,034 s/min), 89,972,684 distinct states found (7,327,154 ds/min), 66,868,221 states left on queue.
Progress(14) at 2026-09-05 19:05:22: 407,790,324 states generated (31,954,003 s/min), 97,584,365 distinct states found (7,611,681 ds/min), 72,600,981 states left on queue.
Progress(14) at 2026-09-05 19:06:22: 441,487,464 states generated (33,697,140 s/min), 105,388,256 distinct states found (7,803,891 ds/min), 78,346,951 states left on queue.
Progress(14) at 2026-09-05 19:07:22: 474,739,842 states generated (33,252,378 s/min), 112,704,471 distinct states found (7,316,215 ds/min), 83,659,390 states left on queue.
Progress(14) at 2026-09-05 19:08:22: 507,524,010 states generated (32,784,168 s/min), 120,390,920 distinct states found (7,686,449 ds/min), 89,337,067 states left on queue.
Progress(14) at 2026-09-05 19:09:22: 540,454,208 states generated (32,930,198 s/min), 127,899,564 distinct states found (7,508,644 ds/min), 94,798,642 states left on queue.
Progress(14) at 2026-09-05 19:10:22: 572,249,013 states generated (31,794,805 s/min), 135,139,873 distinct states found (7,240,309 ds/min), 100,091,372 states left on queue.
Progress(14) at 2026-09-05 19:11:22: 604,230,818 states generated (31,981,805 s/min), 142,449,273 distinct states found (7,309,400 ds/min), 105,420,172 states left on queue.
Progress(14) at 2026-09-05 19:12:22: 637,077,852 states generated (32,847,034 s/min), 149,720,206 distinct states found (7,270,933 ds/min), 110,682,245 states left on queue.
Checkpointing of run /home/ubuntu/specula-vsr-runner-20260905/runs/vsr-rs-gpt6astra-ultra-round2-live-20260905/vsr-rs/.specula-output/spec/output/tlc-state/tlc-states-1hsQNa/26-09-05-18-53-17.481
Checkpointing completed at (2026-09-05 19:13:24)
Progress(14) at 2026-09-05 19:13:24: 669,229,815 states generated (32,151,963 s/min), 156,912,967 distinct states found (7,192,761 ds/min), 115,869,281 states left on queue.
Progress(14) at 2026-09-05 19:14:24: 701,792,085 states generated (32,562,270 s/min), 164,218,703 distinct states found (7,305,736 ds/min), 121,165,755 states left on queue.
Progress(14) at 2026-09-05 19:15:24: 734,447,927 states generated (32,655,842 s/min), 171,560,431 distinct states found (7,341,728 ds/min), 126,489,488 states left on queue.
Progress(14) at 2026-09-05 19:16:24: 767,061,575 states generated (32,613,648 s/min), 178,230,005 distinct states found (6,669,574 ds/min), 131,137,886 states left on queue.
Progress(14) at 2026-09-05 19:17:24: 799,805,738 states generated (32,744,163 s/min), 185,520,842 distinct states found (7,290,837 ds/min), 136,370,267 states left on queue.
Progress(14) at 2026-09-05 19:18:24: 833,723,576 states generated (33,917,838 s/min), 192,802,086 distinct states found (7,281,244 ds/min), 141,555,495 states left on queue.
Progress(14) at 2026-09-05 19:19:24: 866,795,189 states generated (33,071,613 s/min), 199,905,751 distinct states found (7,103,665 ds/min), 146,683,617 states left on queue.
Progress(14) at 2026-09-05 19:20:24: 900,635,832 states generated (33,840,643 s/min), 207,123,973 distinct states found (7,218,222 ds/min), 151,709,060 states left on queue.
Progress(14) at 2026-09-05 19:21:24: 933,187,439 states generated (32,551,607 s/min), 213,490,535 distinct states found (6,366,562 ds/min), 156,040,431 states left on queue.
Progress(14) at 2026-09-05 19:22:24: 964,252,906 states generated (31,065,467 s/min), 219,874,256 distinct states found (6,383,721 ds/min), 160,519,720 states left on queue.
