{
  "cp_env_initial": "<unset>",
  "job_A_start_reply": "NVFLARE_ERROR: Start job execution exception: FileNotFoundError: [Errno 2] No such file or directory: '/nonexistent/cj'.",
  "after_A_failed": {
    "rm": {
      "free": {
        "0": 16,
        "1": 16
      },
      "reserved_tokens": 0
    },
    "cp_env": "0,1"
  },
  "job_C_start_reply": "Start the client app...",
  "job_B_rm_spec": {},
  "job_B_start_reply": "Start the client app...",
  "child_env": {
    "job-C": "0",
    "job-B": "0"
  },
  "rm_while_C_and_B_run": {
    "free": {
      "0": 0,
      "1": 16
    },
    "reserved_tokens": 0
  },
  "rm_after_cleanup": {
    "free": {
      "0": 16,
      "1": 16
    },
    "reserved_tokens": 0
  }
}
