TLC2 Version 2026.09.23.154203 (rev: 4260e47)
Running Random Simulation with seed -6241091839382190048 with 4 workers on 96 cores with 3925MB heap and 12288MB offheap memory [pid: 1468650] (Linux 6.8.0-1044-azure amd64, Ubuntu 21.0.11 64bit).
Parsing file /home/ubuntu/specula-nvflare-gpt-continuation-20260926/framework/runs/gpt-continuation/nvflare-job/.specula-output/spec/output/continuation-H4b-sim-probe_cant_schedule/MC.tla
Parsing file /home/ubuntu/specula-nvflare-gpt-continuation-20260926/framework/runs/gpt-continuation/nvflare-job/.specula-output/spec/output/continuation-H4b-sim-probe_cant_schedule/base.tla
Parsing file /tmp/tlc-10781868710522213596/_JsonTrace.tla (jar:file:/home/ubuntu/specula-nvflare-gpt-continuation-20260926/framework/lib/tla2tools.jar!/tla2sany/StandardModules/_JsonTrace.tla)
Parsing file /tmp/tlc-10781868710522213596/_TLCTrace.tla (jar:file:/home/ubuntu/specula-nvflare-gpt-continuation-20260926/framework/lib/tla2tools.jar!/tla2sany/StandardModules/_TLCTrace.tla)
Parsing file /tmp/tlc-10781868710522213596/Integers.tla (jar:file:/home/ubuntu/specula-nvflare-gpt-continuation-20260926/framework/lib/tla2tools.jar!/tla2sany/StandardModules/Integers.tla)
Parsing file /tmp/tlc-10781868710522213596/Sequences.tla (jar:file:/home/ubuntu/specula-nvflare-gpt-continuation-20260926/framework/lib/tla2tools.jar!/tla2sany/StandardModules/Sequences.tla)
Parsing file /tmp/tlc-10781868710522213596/FiniteSets.tla (jar:file:/home/ubuntu/specula-nvflare-gpt-continuation-20260926/framework/lib/tla2tools.jar!/tla2sany/StandardModules/FiniteSets.tla)
Parsing file /tmp/tlc-10781868710522213596/TLC.tla (jar:file:/home/ubuntu/specula-nvflare-gpt-continuation-20260926/framework/lib/tla2tools.jar!/tla2sany/StandardModules/TLC.tla)
Parsing file /tmp/tlc-10781868710522213596/Naturals.tla (jar:file:/home/ubuntu/specula-nvflare-gpt-continuation-20260926/framework/lib/tla2tools.jar!/tla2sany/StandardModules/Naturals.tla)
Parsing file /tmp/tlc-10781868710522213596/TLCExt.tla (jar:file:/home/ubuntu/specula-nvflare-gpt-continuation-20260926/framework/lib/tla2tools.jar!/tla2sany/StandardModules/TLCExt.tla)
Parsing file /tmp/tlc-10781868710522213596/Json.tla (jar:file:/home/ubuntu/specula-nvflare-gpt-continuation-20260926/framework/lib/tla2tools.jar!/tla2sany/StandardModules/Json.tla)
Semantic processing of module Naturals
Semantic processing of module Integers
Semantic processing of module Sequences
Semantic processing of module FiniteSets
Semantic processing of module TLC
Semantic processing of module base
Semantic processing of module TLCExt
Semantic processing of module Json
Semantic processing of module _JsonTrace
Semantic processing of module _TLCTrace
Semantic processing of module MC
Linting of module base
Linting of module TLCExt
Linting of module Json
Linting of module _JsonTrace
Linting of module _TLCTrace
Linting of module MC
Starting... (2026-09-27 06:34:25)
Warning: The set p@@q has been defined to be a symmetry set but contains less than two elements.
(Use the -nowarning option to disable this warning.)
Computed 1 initial states...
Finished computing initial states: 1 distinct state generated at 2026-09-27 06:34:25.
Progress: 2486144 states checked, 24863 traces generated (trace length: mean=81, var(x)=362, sd=19)
Progress: 5086788 states checked, 50869 traces generated (trace length: mean=81, var(x)=361, sd=19)
Progress: 7709655 states checked, 77099 traces generated (trace length: mean=81, var(x)=361, sd=19)
Progress: 10315063 states checked, 103153 traces generated (trace length: mean=81, var(x)=361, sd=19)
Progress: 12916024 states checked, 129163 traces generated (trace length: mean=81, var(x)=361, sd=19)
Progress: 15530141 states checked, 155304 traces generated (trace length: mean=81, var(x)=361, sd=19)
Progress: 18142152 states checked, 181423 traces generated (trace length: mean=81, var(x)=361, sd=19)
Progress: 20894546 states checked, 208947 traces generated (trace length: mean=81, var(x)=361, sd=19)
Progress: 23662206 states checked, 236624 traces generated (trace length: mean=81, var(x)=361, sd=19)
Progress: 26408455 states checked, 264086 traces generated (trace length: mean=81, var(x)=361, sd=19)
Progress: 29168768 states checked, 291690 traces generated (trace length: mean=81, var(x)=361, sd=19)
Progress: 31908977 states checked, 319091 traces generated (trace length: mean=81, var(x)=361, sd=19)
Progress: 34666559 states checked, 346667 traces generated (trace length: mean=81, var(x)=361, sd=19)
Progress: 37422688 states checked, 374229 traces generated (trace length: mean=81, var(x)=361, sd=19)
Progress: 40187911 states checked, 401881 traces generated (trace length: mean=81, var(x)=361, sd=19)
Progress: 42950232 states checked, 429505 traces generated (trace length: mean=81, var(x)=361, sd=19)
Progress: 45725523 states checked, 457258 traces generated (trace length: mean=81, var(x)=361, sd=19)
Progress: 48481265 states checked, 484814 traces generated (trace length: mean=81, var(x)=361, sd=19)
Progress: 51242625 states checked, 512428 traces generated (trace length: mean=81, var(x)=361, sd=19)
Progress: 54003047 states checked, 540032 traces generated (trace length: mean=81, var(x)=361, sd=19)
Progress: 56753466 states checked, 567537 traces generated (trace length: mean=81, var(x)=361, sd=19)
Progress: 59524562 states checked, 595247 traces generated (trace length: mean=81, var(x)=361, sd=19)
Progress: 62045139 states checked, 620453 traces generated (trace length: mean=81, var(x)=361, sd=19)
Progress: 64529329 states checked, 645296 traces generated (trace length: mean=81, var(x)=361, sd=19)
Progress: 66978165 states checked, 669783 traces generated (trace length: mean=81, var(x)=361, sd=19)
Progress: 69723498 states checked, 697238 traces generated (trace length: mean=81, var(x)=361, sd=19)
Progress: 72488194 states checked, 724885 traces generated (trace length: mean=81, var(x)=361, sd=19)
Progress: 75250557 states checked, 752508 traces generated (trace length: mean=81, var(x)=361, sd=19)
Progress: 78016422 states checked, 780167 traces generated (trace length: mean=81, var(x)=361, sd=19)
