Picked up JAVA_TOOL_OPTIONS: -Djava.io.tmpdir=/home/ubuntu/nvflare-job-lifecycle-20260914/scratch/tmp
TLC2 Version 2.20 of Day Month 20?? (rev: ${git.shortRevision})
Running Random Simulation with seed -8653081937704624286 with 16 workers on 96 cores with 11776MB heap and 4096MB offheap memory [pid: 915] (Linux 6.8.0-1044-azure amd64, Ubuntu 21.0.11 x86_64).
Parsing file /home/ubuntu/nvflare-job-lifecycle-20260914/specula/runs/nvflare-job-lifecycle-20260914/nvflare-job-lifecycle/.specula-output/spec/output/inputs-MC_hunt_s1_environment-sim/MC.tla
Parsing file /home/ubuntu/nvflare-job-lifecycle-20260914/specula/runs/nvflare-job-lifecycle-20260914/nvflare-job-lifecycle/.specula-output/spec/output/inputs-MC_hunt_s1_environment-sim/base.tla
Parsing file /home/ubuntu/nvflare-job-lifecycle-20260914/scratch/tmp/tlc-13432185885030837793/_JsonTrace.tla (jar:file:/home/ubuntu/nvflare-job-lifecycle-20260914/specula/lib/tla2tools.jar!/tla2sany/StandardModules/_JsonTrace.tla)
Parsing file /home/ubuntu/nvflare-job-lifecycle-20260914/scratch/tmp/tlc-13432185885030837793/_TLCTrace.tla (jar:file:/home/ubuntu/nvflare-job-lifecycle-20260914/specula/lib/tla2tools.jar!/tla2sany/StandardModules/_TLCTrace.tla)
Parsing file /home/ubuntu/nvflare-job-lifecycle-20260914/scratch/tmp/tlc-13432185885030837793/Integers.tla (jar:file:/home/ubuntu/nvflare-job-lifecycle-20260914/specula/lib/tla2tools.jar!/tla2sany/StandardModules/Integers.tla)
Parsing file /home/ubuntu/nvflare-job-lifecycle-20260914/scratch/tmp/tlc-13432185885030837793/Sequences.tla (jar:file:/home/ubuntu/nvflare-job-lifecycle-20260914/specula/lib/tla2tools.jar!/tla2sany/StandardModules/Sequences.tla)
Parsing file /home/ubuntu/nvflare-job-lifecycle-20260914/scratch/tmp/tlc-13432185885030837793/FiniteSets.tla (jar:file:/home/ubuntu/nvflare-job-lifecycle-20260914/specula/lib/tla2tools.jar!/tla2sany/StandardModules/FiniteSets.tla)
Parsing file /home/ubuntu/nvflare-job-lifecycle-20260914/scratch/tmp/tlc-13432185885030837793/TLC.tla (jar:file:/home/ubuntu/nvflare-job-lifecycle-20260914/specula/lib/tla2tools.jar!/tla2sany/StandardModules/TLC.tla)
Parsing file /home/ubuntu/nvflare-job-lifecycle-20260914/scratch/tmp/tlc-13432185885030837793/Naturals.tla (jar:file:/home/ubuntu/nvflare-job-lifecycle-20260914/specula/lib/tla2tools.jar!/tla2sany/StandardModules/Naturals.tla)
Parsing file /home/ubuntu/nvflare-job-lifecycle-20260914/scratch/tmp/tlc-13432185885030837793/TLCExt.tla (jar:file:/home/ubuntu/nvflare-job-lifecycle-20260914/specula/lib/tla2tools.jar!/tla2sany/StandardModules/TLCExt.tla)
Parsing file /home/ubuntu/nvflare-job-lifecycle-20260914/scratch/tmp/tlc-13432185885030837793/Json.tla (jar:file:/home/ubuntu/nvflare-job-lifecycle-20260914/specula/lib/tla2tools.jar!/tla2sany/StandardModules/Json.tla)
Semantic processing of module Naturals
Semantic processing of module Integers
Semantic processing of module Sequences
Semantic processing of module FiniteSets
Semantic processing of module TLC
Semantic processing of module base
Semantic processing of module TLCExt
Semantic processing of module Json
Semantic processing of module _JsonTrace
Semantic processing of module _TLCTrace
Semantic processing of module MC
Linting of module base
Linting of module TLCExt
Linting of module Json
Linting of module _JsonTrace
Linting of module _TLCTrace
Linting of module MC
Starting... (2026-09-14 15:30:07)
Warning: The set \As\inRequiredSites:p[s]=s has been defined to be a symmetry set but contains less than two elements.
(Use the -nowarning option to disable this warning.)
Computed 1 initial states...
Finished computing initial states: 1 distinct state generated at 2026-09-14 15:30:07.
Progress: 253943 states checked, 689 traces generated (trace length: mean=58, var(x)=1810, sd=43)
Progress: 528859 states checked, 1427 traces generated (trace length: mean=58, var(x)=1786, sd=42)
Progress: 807168 states checked, 2171 traces generated (trace length: mean=58, var(x)=1779, sd=42)
Progress: 1082144 states checked, 2902 traces generated (trace length: mean=58, var(x)=1775, sd=42)
Progress: 1359552 states checked, 3647 traces generated (trace length: mean=58, var(x)=1773, sd=42)
Progress: 1636637 states checked, 4388 traces generated (trace length: mean=58, var(x)=1771, sd=42)
Progress: 1937984 states checked, 5195 traces generated (trace length: mean=58, var(x)=1770, sd=42)
Progress: 2282878 states checked, 6127 traces generated (trace length: mean=58, var(x)=1769, sd=42)
Progress: 2630486 states checked, 7056 traces generated (trace length: mean=58, var(x)=1769, sd=42)
Progress: 2984321 states checked, 8004 traces generated (trace length: mean=58, var(x)=1768, sd=42)
Progress: 3331393 states checked, 8938 traces generated (trace length: mean=58, var(x)=1768, sd=42)
Progress: 3679039 states checked, 9869 traces generated (trace length: mean=58, var(x)=1767, sd=42)
Progress: 3989687 states checked, 10697 traces generated (trace length: mean=58, var(x)=1767, sd=42)
Progress: 4217140 states checked, 11306 traces generated (trace length: mean=58, var(x)=1767, sd=42)
Progress: 4441917 states checked, 11903 traces generated (trace length: mean=58, var(x)=1767, sd=42)
Progress: 4662747 states checked, 12492 traces generated (trace length: mean=58, var(x)=1767, sd=42)
Progress: 4885484 states checked, 13087 traces generated (trace length: mean=58, var(x)=1766, sd=42)
Progress: 5112867 states checked, 13697 traces generated (trace length: mean=58, var(x)=1766, sd=42)
Progress: 5338585 states checked, 14295 traces generated (trace length: mean=58, var(x)=1766, sd=42)
Progress: 5563862 states checked, 14899 traces generated (trace length: mean=58, var(x)=1766, sd=42)
Progress: 5789240 states checked, 15511 traces generated (trace length: mean=58, var(x)=1766, sd=42)
Progress: 6017540 states checked, 16122 traces generated (trace length: mean=58, var(x)=1766, sd=42)
Progress: 6240866 states checked, 16718 traces generated (trace length: mean=58, var(x)=1766, sd=42)
Progress: 6467231 states checked, 17319 traces generated (trace length: mean=58, var(x)=1766, sd=42)
Progress: 6693001 states checked, 17920 traces generated (trace length: mean=58, var(x)=1766, sd=42)
Progress: 6920722 states checked, 18527 traces generated (trace length: mean=58, var(x)=1766, sd=42)
Progress: 7147294 states checked, 19134 traces generated (trace length: mean=58, var(x)=1766, sd=42)
Progress: 7376513 states checked, 19750 traces generated (trace length: mean=58, var(x)=1766, sd=42)
Progress: 7608509 states checked, 20376 traces generated (trace length: mean=58, var(x)=1766, sd=42)
