TLC2 Version 2026.09.23.154203 (rev: 4260e47)
Running breadth-first search Model-Checking with fp 114 and seed 6834074053002799911 with 16 workers on 16 cores with 15701MB heap and 32768MB offheap memory [pid: 2078729] (Linux 6.8.0-1044-azure amd64, Ubuntu 21.0.11 64bit, OffHeapDiskFPSet, DiskStateQueue).
Parsing file /home/ubuntu/specula-nvflare-gpt-continuation-20260926/framework/runs/gpt-continuation/nvflare-job/.specula-output/spec/output/continuation-C3-MC/MC.tla
Parsing file /home/ubuntu/specula-nvflare-gpt-continuation-20260926/framework/runs/gpt-continuation/nvflare-job/.specula-output/spec/output/continuation-C3-MC/base.tla
Parsing file /tmp/tlc-3846819054595013810/_JsonTrace.tla (jar:file:/home/ubuntu/specula-nvflare-gpt-continuation-20260926/framework/lib/tla2tools.jar!/tla2sany/StandardModules/_JsonTrace.tla)
Parsing file /tmp/tlc-3846819054595013810/_TLCTrace.tla (jar:file:/home/ubuntu/specula-nvflare-gpt-continuation-20260926/framework/lib/tla2tools.jar!/tla2sany/StandardModules/_TLCTrace.tla)
Parsing file /tmp/tlc-3846819054595013810/Integers.tla (jar:file:/home/ubuntu/specula-nvflare-gpt-continuation-20260926/framework/lib/tla2tools.jar!/tla2sany/StandardModules/Integers.tla)
Parsing file /tmp/tlc-3846819054595013810/Sequences.tla (jar:file:/home/ubuntu/specula-nvflare-gpt-continuation-20260926/framework/lib/tla2tools.jar!/tla2sany/StandardModules/Sequences.tla)
Parsing file /tmp/tlc-3846819054595013810/FiniteSets.tla (jar:file:/home/ubuntu/specula-nvflare-gpt-continuation-20260926/framework/lib/tla2tools.jar!/tla2sany/StandardModules/FiniteSets.tla)
Parsing file /tmp/tlc-3846819054595013810/TLC.tla (jar:file:/home/ubuntu/specula-nvflare-gpt-continuation-20260926/framework/lib/tla2tools.jar!/tla2sany/StandardModules/TLC.tla)
Parsing file /tmp/tlc-3846819054595013810/Naturals.tla (jar:file:/home/ubuntu/specula-nvflare-gpt-continuation-20260926/framework/lib/tla2tools.jar!/tla2sany/StandardModules/Naturals.tla)
Parsing file /tmp/tlc-3846819054595013810/TLCExt.tla (jar:file:/home/ubuntu/specula-nvflare-gpt-continuation-20260926/framework/lib/tla2tools.jar!/tla2sany/StandardModules/TLCExt.tla)
Parsing file /tmp/tlc-3846819054595013810/Json.tla (jar:file:/home/ubuntu/specula-nvflare-gpt-continuation-20260926/framework/lib/tla2tools.jar!/tla2sany/StandardModules/Json.tla)
Semantic processing of module Naturals
Semantic processing of module Integers
Semantic processing of module Sequences
Semantic processing of module FiniteSets
Semantic processing of module TLC
Semantic processing of module base
Semantic processing of module TLCExt
Semantic processing of module Json
Semantic processing of module _JsonTrace
Semantic processing of module _TLCTrace
Semantic processing of module MC
Linting of module base
Linting of module TLCExt
Linting of module Json
Linting of module _JsonTrace
Linting of module _TLCTrace
Linting of module MC
Starting... (2026-09-26 04:16:01)
Computing initial states...
Finished computing initial states: 1 distinct state generated at 2026-09-26 04:16:02.
Progress(26) at 2026-09-26 04:16:05: 386,664 states generated (386,664 s/min), 87,209 distinct states found (87,209 ds/min), 31,738 states left on queue.
Progress(32) at 2026-09-26 04:17:05: 13,872,153 states generated (13,485,489 s/min), 2,810,891 distinct states found (2,723,682 ds/min), 1,157,046 states left on queue.
Progress(34) at 2026-09-26 04:18:05: 27,320,773 states generated (13,448,620 s/min), 5,440,119 distinct states found (2,629,228 ds/min), 2,228,110 states left on queue.
Progress(34) at 2026-09-26 04:19:05: 41,136,629 states generated (13,815,856 s/min), 8,062,661 distinct states found (2,622,542 ds/min), 3,339,970 states left on queue.
Progress(35) at 2026-09-26 04:20:05: 54,916,682 states generated (13,780,053 s/min), 10,688,202 distinct states found (2,625,541 ds/min), 4,440,864 states left on queue.
Progress(35) at 2026-09-26 04:21:05: 68,804,174 states generated (13,887,492 s/min), 13,322,445 distinct states found (2,634,243 ds/min), 5,553,971 states left on queue.
Progress(36) at 2026-09-26 04:22:05: 82,709,090 states generated (13,904,916 s/min), 15,864,861 distinct states found (2,542,416 ds/min), 6,574,746 states left on queue.
Progress(36) at 2026-09-26 04:23:05: 97,011,596 states generated (14,302,506 s/min), 18,498,814 distinct states found (2,633,953 ds/min), 7,740,168 states left on queue.
Progress(36) at 2026-09-26 04:24:05: 110,686,841 states generated (13,675,245 s/min), 21,144,364 distinct states found (2,645,550 ds/min), 8,880,665 states left on queue.
