TLC2 Version 2026.09.23.154203 (rev: 4260e47)
Running breadth-first search Model-Checking with fp 27 and seed 880228745542608670 with 16 workers on 16 cores with 15701MB heap and 32768MB offheap memory [pid: 2124847] (Linux 6.8.0-1044-azure amd64, Ubuntu 21.0.11 64bit, OffHeapDiskFPSet, DiskStateQueue).
Parsing file /home/ubuntu/specula-nvflare-gpt-continuation-20260926/framework/runs/gpt-continuation/nvflare-job/.specula-output/spec/output/continuation-C4-MC/MC.tla
Parsing file /home/ubuntu/specula-nvflare-gpt-continuation-20260926/framework/runs/gpt-continuation/nvflare-job/.specula-output/spec/output/continuation-C4-MC/base.tla
Parsing file /tmp/tlc-15063091684657702690/_JsonTrace.tla (jar:file:/home/ubuntu/specula-nvflare-gpt-continuation-20260926/framework/lib/tla2tools.jar!/tla2sany/StandardModules/_JsonTrace.tla)
Parsing file /tmp/tlc-15063091684657702690/_TLCTrace.tla (jar:file:/home/ubuntu/specula-nvflare-gpt-continuation-20260926/framework/lib/tla2tools.jar!/tla2sany/StandardModules/_TLCTrace.tla)
Parsing file /tmp/tlc-15063091684657702690/Integers.tla (jar:file:/home/ubuntu/specula-nvflare-gpt-continuation-20260926/framework/lib/tla2tools.jar!/tla2sany/StandardModules/Integers.tla)
Parsing file /tmp/tlc-15063091684657702690/Sequences.tla (jar:file:/home/ubuntu/specula-nvflare-gpt-continuation-20260926/framework/lib/tla2tools.jar!/tla2sany/StandardModules/Sequences.tla)
Parsing file /tmp/tlc-15063091684657702690/FiniteSets.tla (jar:file:/home/ubuntu/specula-nvflare-gpt-continuation-20260926/framework/lib/tla2tools.jar!/tla2sany/StandardModules/FiniteSets.tla)
Parsing file /tmp/tlc-15063091684657702690/TLC.tla (jar:file:/home/ubuntu/specula-nvflare-gpt-continuation-20260926/framework/lib/tla2tools.jar!/tla2sany/StandardModules/TLC.tla)
Parsing file /tmp/tlc-15063091684657702690/Naturals.tla (jar:file:/home/ubuntu/specula-nvflare-gpt-continuation-20260926/framework/lib/tla2tools.jar!/tla2sany/StandardModules/Naturals.tla)
Parsing file /tmp/tlc-15063091684657702690/TLCExt.tla (jar:file:/home/ubuntu/specula-nvflare-gpt-continuation-20260926/framework/lib/tla2tools.jar!/tla2sany/StandardModules/TLCExt.tla)
Parsing file /tmp/tlc-15063091684657702690/Json.tla (jar:file:/home/ubuntu/specula-nvflare-gpt-continuation-20260926/framework/lib/tla2tools.jar!/tla2sany/StandardModules/Json.tla)
Semantic processing of module Naturals
Semantic processing of module Integers
Semantic processing of module Sequences
Semantic processing of module FiniteSets
Semantic processing of module TLC
Semantic processing of module base
Semantic processing of module TLCExt
Semantic processing of module Json
Semantic processing of module _JsonTrace
Semantic processing of module _TLCTrace
Semantic processing of module MC
Linting of module base
Linting of module TLCExt
Linting of module Json
Linting of module _JsonTrace
Linting of module _TLCTrace
Linting of module MC
Starting... (2026-09-26 04:27:07)
Computing initial states...
Finished computing initial states: 1 distinct state generated at 2026-09-26 04:27:09.
Progress(26) at 2026-09-26 04:27:12: 385,073 states generated (385,073 s/min), 86,619 distinct states found (86,619 ds/min), 30,936 states left on queue.
Progress(33) at 2026-09-26 04:28:12: 13,398,134 states generated (13,013,061 s/min), 2,719,820 distinct states found (2,633,201 ds/min), 1,124,496 states left on queue.
Progress(34) at 2026-09-26 04:29:12: 26,580,617 states generated (13,182,483 s/min), 5,284,689 distinct states found (2,564,869 ds/min), 2,197,201 states left on queue.
Progress(35) at 2026-09-26 04:30:12: 39,882,757 states generated (13,302,140 s/min), 7,830,286 distinct states found (2,545,597 ds/min), 3,290,978 states left on queue.
Progress(35) at 2026-09-26 04:31:12: 53,180,859 states generated (13,298,102 s/min), 10,405,086 distinct states found (2,574,800 ds/min), 4,358,457 states left on queue.
Progress(36) at 2026-09-26 04:32:12: 66,974,077 states generated (13,793,218 s/min), 12,943,213 distinct states found (2,538,127 ds/min), 5,478,554 states left on queue.
Progress(36) at 2026-09-26 04:33:12: 80,573,265 states generated (13,599,188 s/min), 15,422,494 distinct states found (2,479,281 ds/min), 6,492,867 states left on queue.
Progress(36) at 2026-09-26 04:34:12: 94,132,370 states generated (13,559,105 s/min), 18,025,027 distinct states found (2,602,533 ds/min), 7,580,606 states left on queue.
Progress(37) at 2026-09-26 04:35:12: 107,809,758 states generated (13,677,388 s/min), 20,535,463 distinct states found (2,510,436 ds/min), 8,632,755 states left on queue.
Progress(37) at 2026-09-26 04:36:12: 121,838,096 states generated (14,028,338 s/min), 22,975,511 distinct states found (2,440,048 ds/min), 9,730,622 states left on queue.
Checkpointing of run /home/ubuntu/specula-nvflare-gpt-continuation-20260926/framework/runs/gpt-continuation/nvflare-job/.specula-output/.tlc-state/tlc-states-31isXN/26-09-26-04-27-07.569
Checkpointing completed at (2026-09-26 04:37:12)
Progress(37) at 2026-09-26 04:37:12: 135,571,991 states generated (13,733,895 s/min), 25,441,161 distinct states found (2,465,650 ds/min), 10,702,731 states left on queue.
Progress(37) at 2026-09-26 04:38:12: 149,316,245 states generated (13,744,254 s/min), 27,937,372 distinct states found (2,496,211 ds/min), 11,792,276 states left on queue.
Progress(37) at 2026-09-26 04:39:12: 162,503,838 states generated (13,187,593 s/min), 30,464,852 distinct states found (2,527,480 ds/min), 12,808,296 states left on queue.
Progress(37) at 2026-09-26 04:40:12: 177,295,357 states generated (14,791,519 s/min), 32,906,696 distinct states found (2,441,844 ds/min), 13,803,381 states left on queue.
Progress(38) at 2026-09-26 04:41:12: 190,438,637 states generated (13,143,280 s/min), 35,402,643 distinct states found (2,495,947 ds/min), 14,850,174 states left on queue.
Progress(38) at 2026-09-26 04:42:12: 204,487,557 states generated (14,048,920 s/min), 37,805,122 distinct states found (2,402,479 ds/min), 15,938,826 states left on queue.
Progress(38) at 2026-09-26 04:43:12: 219,095,770 states generated (14,608,213 s/min), 40,271,549 distinct states found (2,466,427 ds/min), 17,006,511 states left on queue.
Progress(38) at 2026-09-26 04:44:12: 232,774,819 states generated (13,679,049 s/min), 42,665,491 distinct states found (2,393,942 ds/min), 17,862,555 states left on queue.
Progress(38) at 2026-09-26 04:45:12: 246,830,831 states generated (14,056,012 s/min), 45,129,655 distinct states found (2,464,164 ds/min), 18,935,149 states left on queue.
Progress(38) at 2026-09-26 04:46:12: 261,109,147 states generated (14,278,316 s/min), 47,558,459 distinct states found (2,428,804 ds/min), 19,982,631 states left on queue.
Checkpointing of run /home/ubuntu/specula-nvflare-gpt-continuation-20260926/framework/runs/gpt-continuation/nvflare-job/.specula-output/.tlc-state/tlc-states-31isXN/26-09-26-04-27-07.569
Checkpointing completed at (2026-09-26 04:47:13)
Progress(38) at 2026-09-26 04:47:13: 274,853,561 states generated (13,744,414 s/min), 50,166,571 distinct states found (2,608,112 ds/min), 21,104,910 states left on queue.
Progress(38) at 2026-09-26 04:48:13: 288,588,727 states generated (13,735,166 s/min), 52,654,719 distinct states found (2,488,148 ds/min), 22,042,726 states left on queue.
Progress(38) at 2026-09-26 04:49:13: 303,896,173 states generated (15,307,446 s/min), 55,083,719 distinct states found (2,429,000 ds/min), 23,011,301 states left on queue.
Progress(39) at 2026-09-26 04:50:13: 317,822,673 states generated (13,926,500 s/min), 57,501,704 distinct states found (2,417,985 ds/min), 23,977,605 states left on queue.
Progress(39) at 2026-09-26 04:51:13: 331,072,967 states generated (13,250,294 s/min), 59,971,488 distinct states found (2,469,784 ds/min), 24,993,542 states left on queue.
Progress(39) at 2026-09-26 04:52:13: 344,563,338 states generated (13,490,371 s/min), 62,294,335 distinct states found (2,322,847 ds/min), 25,975,084 states left on queue.
Progress(39) at 2026-09-26 04:53:13: 359,201,209 states generated (14,637,871 s/min), 64,737,049 distinct states found (2,442,714 ds/min), 27,121,053 states left on queue.
Progress(39) at 2026-09-26 04:54:13: 374,451,343 states generated (15,250,134 s/min), 67,224,459 distinct states found (2,487,410 ds/min), 28,271,835 states left on queue.
Progress(39) at 2026-09-26 04:55:13: 388,907,890 states generated (14,456,547 s/min), 69,639,610 distinct states found (2,415,151 ds/min), 29,213,304 states left on queue.
Progress(39) at 2026-09-26 04:56:13: 402,950,017 states generated (14,042,127 s/min), 72,017,658 distinct states found (2,378,048 ds/min), 30,052,898 states left on queue.
