[0;32m================================[0m
[0;32mTLC Model Checking Mode[0m
[0;32m================================[0m
Spec File:       Trace.tla
Config File:     Trace.cfg
Memory Limit:    1G
Off-heap Memory: 1G
Workers:         1
Timeout:         2 minutes
[0;34m--- Model Checking Settings ---[0m
Depth Limit:     0
Checkpoint:      10 minutes
Deadlock Check:  enabled
Log File:        mc_Trace_20260913_113233.log
[0;32m================================[0m
[1;33mExecuting Command:[0m
java -XX:+UseParallelGC -Dtlc2.tool.fp.FPSet.impl=tlc2.tool.fp.OffHeapDiskFPSet -XX:MaxDirectMemorySize=1G -Xmx1G -Xms1G -cp /home/ubuntu/nvflare-runs-20260913/specula/lib/CommunityModules-deps.jar:/home/ubuntu/nvflare-runs-20260913/specula/lib/tla2tools.jar tlc2.TLC -config Trace.cfg Trace.tla -workers 1 -checkpoint 10 -metadir /home/ubuntu/nvflare-runs-20260913/scratch/fedavg/tlc/tlc-states-0ZxOjk 

TLC resource budget (Specula run nvflare-fedavg-20260913):
  memory source: user config (128G)
  external memory use: not included in this configured run bound
  memory limit: 128 GiB
  active TLC reserved before request: 30 GiB (this agent: 30 GiB)
  this request: 2 GiB (heap 1 GiB + off-heap 1 GiB)
  remaining before request: 98 GiB
  remaining after admission: 96 GiB
  worker limit: 40
  active TLC workers before request: 15 (this agent: 15)
  this request workers: 1 (1)
  remaining workers before request: 25
  remaining workers after admission: 24
  result: admitted
Picked up JAVA_TOOL_OPTIONS: -Djava.io.tmpdir=/home/ubuntu/nvflare-runs-20260913/scratch/fedavg/tmp
TLC2 Version 2.20 of Day Month 20?? (rev: ${git.shortRevision})
Running breadth-first search Model-Checking with fp 17 and seed -4426835992316478375 with 1 worker on 80 cores with 981MB heap and 1024MB offheap memory [pid: 3984985] (Linux 6.8.0-1044-azure amd64, Ubuntu 21.0.11 x86_64, OffHeapDiskFPSet, DiskStateQueue).
Parsing file /home/ubuntu/nvflare-runs-20260913/specula/runs/nvflare-fedavg-20260913/nvflare-fedavg/.specula-output/spec/Trace.tla
Parsing file /home/ubuntu/nvflare-runs-20260913/specula/runs/nvflare-fedavg-20260913/nvflare-fedavg/.specula-output/spec/base.tla
Parsing file /home/ubuntu/nvflare-runs-20260913/scratch/fedavg/tmp/tlc-6922441547672241925/Json.tla (jar:file:/home/ubuntu/nvflare-runs-20260913/specula/lib/tla2tools.jar!/tla2sany/StandardModules/Json.tla)
Parsing file /home/ubuntu/nvflare-runs-20260913/scratch/fedavg/tmp/tlc-6922441547672241925/IOUtils.tla (jar:file:/home/ubuntu/nvflare-runs-20260913/specula/lib/CommunityModules-deps.jar!/IOUtils.tla)
Parsing file /home/ubuntu/nvflare-runs-20260913/scratch/fedavg/tmp/tlc-6922441547672241925/_TLCTrace.tla (jar:file:/home/ubuntu/nvflare-runs-20260913/specula/lib/tla2tools.jar!/tla2sany/StandardModules/_TLCTrace.tla)
Parsing file /home/ubuntu/nvflare-runs-20260913/scratch/fedavg/tmp/tlc-6922441547672241925/Naturals.tla (jar:file:/home/ubuntu/nvflare-runs-20260913/specula/lib/tla2tools.jar!/tla2sany/StandardModules/Naturals.tla)
Parsing file /home/ubuntu/nvflare-runs-20260913/scratch/fedavg/tmp/tlc-6922441547672241925/Integers.tla (jar:file:/home/ubuntu/nvflare-runs-20260913/specula/lib/tla2tools.jar!/tla2sany/StandardModules/Integers.tla)
Parsing file /home/ubuntu/nvflare-runs-20260913/scratch/fedavg/tmp/tlc-6922441547672241925/Sequences.tla (jar:file:/home/ubuntu/nvflare-runs-20260913/specula/lib/tla2tools.jar!/tla2sany/StandardModules/Sequences.tla)
Parsing file /home/ubuntu/nvflare-runs-20260913/scratch/fedavg/tmp/tlc-6922441547672241925/FiniteSets.tla (jar:file:/home/ubuntu/nvflare-runs-20260913/specula/lib/tla2tools.jar!/tla2sany/StandardModules/FiniteSets.tla)
Parsing file /home/ubuntu/nvflare-runs-20260913/scratch/fedavg/tmp/tlc-6922441547672241925/TLC.tla (jar:file:/home/ubuntu/nvflare-runs-20260913/specula/lib/tla2tools.jar!/tla2sany/StandardModules/TLC.tla)
Parsing file /home/ubuntu/nvflare-runs-20260913/scratch/fedavg/tmp/tlc-6922441547672241925/SequencesExt.tla (jar:file:/home/ubuntu/nvflare-runs-20260913/specula/lib/CommunityModules-deps.jar!/SequencesExt.tla)
Parsing file /home/ubuntu/nvflare-runs-20260913/scratch/fedavg/tmp/tlc-6922441547672241925/FiniteSetsExt.tla (jar:file:/home/ubuntu/nvflare-runs-20260913/specula/lib/CommunityModules-deps.jar!/FiniteSetsExt.tla)
Parsing file /home/ubuntu/nvflare-runs-20260913/scratch/fedavg/tmp/tlc-6922441547672241925/Folds.tla (jar:file:/home/ubuntu/nvflare-runs-20260913/specula/lib/CommunityModules-deps.jar!/Folds.tla)
Parsing file /home/ubuntu/nvflare-runs-20260913/scratch/fedavg/tmp/tlc-6922441547672241925/Functions.tla (jar:file:/home/ubuntu/nvflare-runs-20260913/specula/lib/CommunityModules-deps.jar!/Functions.tla)
Parsing file /home/ubuntu/nvflare-runs-20260913/scratch/fedavg/tmp/tlc-6922441547672241925/TLCExt.tla (jar:file:/home/ubuntu/nvflare-runs-20260913/specula/lib/tla2tools.jar!/tla2sany/StandardModules/TLCExt.tla)
Semantic processing of module Naturals
Semantic processing of module Integers
Semantic processing of module Sequences
Semantic processing of module FiniteSets
Semantic processing of module TLC
Semantic processing of module base
Semantic processing of module Json
Semantic processing of module Folds
Semantic processing of module Functions
Semantic processing of module FiniteSetsExt
Semantic processing of module SequencesExt
Semantic processing of module IOUtils
Semantic processing of module TLCExt
Semantic processing of module _TLCTrace
Semantic processing of module Trace
Linting of module base
Linting of module Json
Linting of module Folds
Linting of module Functions
Linting of module FiniteSetsExt
Linting of module SequencesExt
Linting of module IOUtils
Linting of module TLCExt
Linting of module _TLCTrace
Linting of module Trace
Starting... (2026-09-13 11:32:34)
Implied-temporal checking--satisfiability problem has 1 branches.
Computing initial states...
Finished computing initial states: 1 distinct state generated at 2026-09-13 11:32:35.
Progress(88) at 2026-09-13 11:32:36: 89 states generated, 88 distinct states found, 0 states left on queue.
Checking temporal properties for the complete state space with 88 total distinct states at (2026-09-13 11:32:36)
Finished checking temporal properties in 00s at 2026-09-13 11:32:36
Model checking completed. No error has been found.
  Estimates of the probability that TLC did not check all reachable states
  because two distinct states had the same fingerprint:
  calculated (optimistic):  val = 4.8E-18
89 states generated, 88 distinct states found, 0 states left on queue.
The depth of the complete state graph search is 88.
The average outdegree of the complete state graph is 1 (minimum is 0, the maximum 1 and the 95th percentile is 1).
Finished in 02s at (2026-09-13 11:32:36)

[0;32m================================[0m
[0;32m✓ Completed successfully[0m
[0;32mNo errors found[0m
[0;32m================================[0m
