Starting model check in background...
Working Directory: /home/ubuntu/specula-vsr-runner-20260905/runs/vsr-rs-gpt6astra-ultra-round3-guided-20260906/vsr-rs/.specula-output/spec
Log File:          /home/ubuntu/specula-vsr-runner-20260905/runs/vsr-rs-gpt6astra-ultra-round3-guided-20260906/vsr-rs/.specula-output/spec/output/MC_round1b.out
Arguments:         -s MC.tla -c MC.cfg -o output/MC_round1b.out -w 64 -m 48G -M 96G -t 30 -j output/MC_round1b.counterexample.json
TLC resource budget (Specula run vsr-rs-gpt6astra-ultra-round3-guided-20260906):
  memory source: user config (256G)
  external memory use: not included in this configured run bound
  memory limit: 256 GiB
  active TLC reserved before request: 0 bytes (this agent: 0 bytes)
  this request: 144 GiB (heap 48 GiB + off-heap 96 GiB)
  remaining before request: 256 GiB
  remaining after admission: 112 GiB
  worker limit: 64
  active TLC workers before request: 0 (this agent: 0)
  this request workers: 64 (64)
  remaining workers before request: 64
  remaining workers after admission: 0
  result: admitted
  Gate registry: /home/ubuntu/specula-vsr-runner-20260905/runs/vsr-rs-gpt6astra-ultra-round3-guided-20260906/vsr-rs/.specula-output/.stop-gate/background-pids/1103522.pid
  TLC registry:  /home/ubuntu/specula-vsr-runner-20260905/runs/vsr-rs-gpt6astra-ultra-round3-guided-20260906/vsr-rs/.specula-output/.stop-gate/background-pids/1103529.pid

✓ Process started! PID: 1103522
  TLC owner:   1103529
  PID file:    /home/ubuntu/specula-vsr-runner-20260905/runs/vsr-rs-gpt6astra-ultra-round3-guided-20260906/vsr-rs/.specula-output/spec/output/MC_round1b.out.pid
  Wait:        /home/ubuntu/Specula/scripts/infra/wait_for_pid.sh --pid-file /home/ubuntu/specula-vsr-runner-20260905/runs/vsr-rs-gpt6astra-ultra-round3-guided-20260906/vsr-rs/.specula-output/spec/output/MC_round1b.out.pid --timeout 1h --log /home/ubuntu/specula-vsr-runner-20260905/runs/vsr-rs-gpt6astra-ultra-round3-guided-20260906/vsr-rs/.specula-output/spec/output/MC_round1b.out
  Monitor:     tail -f /home/ubuntu/specula-vsr-runner-20260905/runs/vsr-rs-gpt6astra-ultra-round3-guided-20260906/vsr-rs/.specula-output/spec/output/MC_round1b.out
  Stop:        kill 1103522
wait_for_pid.sh: waiting on pid 1103522 (timeout=35m)
wait_for_pid.sh: pid 1103522 exited after 1823s

--- log summary (output/MC_round1b.out) ---
RESULT: exited without recognized marker (tail follows)
Progress(22) at 2026-09-06 10:29:14: 1,218,443,257 states generated (45,036,673 s/min), 209,247,573 distinct states found (7,260,904 ds/min), 94,237,359 states left on queue.
Progress(22) at 2026-09-06 10:30:14: 1,260,140,453 states generated (41,697,196 s/min), 216,199,137 distinct states found (6,951,564 ds/min), 96,919,949 states left on queue.

[0;32m================================[0m
[1;33m⚠ Timed out[0m
[0;32m================================[0m
--- end summary ---
