Picked up JAVA_TOOL_OPTIONS: -Djava.io.tmpdir=/home/ubuntu/specula-vsr-runner-20260905/runs/vsr-rs-gpt6astra-ultra-round3-guided-20260906/vsr-rs/.specula-output/spec/output/tmp
TLC2 Version 2.20 of Day Month 20?? (rev: ${git.shortRevision})
Running breadth-first search Model-Checking with fp 125 and seed 4320457880045753077 with 64 workers on 96 cores with 47104MB heap and 98304MB offheap memory [pid: 1103529] (Linux 6.8.0-1044-azure amd64, Ubuntu 21.0.11 x86_64, OffHeapDiskFPSet, DiskStateQueue).
Parsing file /home/ubuntu/specula-vsr-runner-20260905/runs/vsr-rs-gpt6astra-ultra-round3-guided-20260906/vsr-rs/.specula-output/spec/MC.tla
Parsing file /home/ubuntu/specula-vsr-runner-20260905/runs/vsr-rs-gpt6astra-ultra-round3-guided-20260906/vsr-rs/.specula-output/spec/base.tla
Parsing file /home/ubuntu/specula-vsr-runner-20260905/runs/vsr-rs-gpt6astra-ultra-round3-guided-20260906/vsr-rs/.specula-output/spec/output/tmp/tlc-9180500233927899022/_JsonTrace.tla (jar:file:/home/ubuntu/Specula/lib/tla2tools.jar!/tla2sany/StandardModules/_JsonTrace.tla)
Parsing file /home/ubuntu/specula-vsr-runner-20260905/runs/vsr-rs-gpt6astra-ultra-round3-guided-20260906/vsr-rs/.specula-output/spec/output/tmp/tlc-9180500233927899022/_TLCTrace.tla (jar:file:/home/ubuntu/Specula/lib/tla2tools.jar!/tla2sany/StandardModules/_TLCTrace.tla)
Parsing file /home/ubuntu/specula-vsr-runner-20260905/runs/vsr-rs-gpt6astra-ultra-round3-guided-20260906/vsr-rs/.specula-output/spec/output/tmp/tlc-9180500233927899022/Integers.tla (jar:file:/home/ubuntu/Specula/lib/tla2tools.jar!/tla2sany/StandardModules/Integers.tla)
Parsing file /home/ubuntu/specula-vsr-runner-20260905/runs/vsr-rs-gpt6astra-ultra-round3-guided-20260906/vsr-rs/.specula-output/spec/output/tmp/tlc-9180500233927899022/Sequences.tla (jar:file:/home/ubuntu/Specula/lib/tla2tools.jar!/tla2sany/StandardModules/Sequences.tla)
Parsing file /home/ubuntu/specula-vsr-runner-20260905/runs/vsr-rs-gpt6astra-ultra-round3-guided-20260906/vsr-rs/.specula-output/spec/output/tmp/tlc-9180500233927899022/FiniteSets.tla (jar:file:/home/ubuntu/Specula/lib/tla2tools.jar!/tla2sany/StandardModules/FiniteSets.tla)
Parsing file /home/ubuntu/specula-vsr-runner-20260905/runs/vsr-rs-gpt6astra-ultra-round3-guided-20260906/vsr-rs/.specula-output/spec/output/tmp/tlc-9180500233927899022/TLC.tla (jar:file:/home/ubuntu/Specula/lib/tla2tools.jar!/tla2sany/StandardModules/TLC.tla)
Parsing file /home/ubuntu/specula-vsr-runner-20260905/runs/vsr-rs-gpt6astra-ultra-round3-guided-20260906/vsr-rs/.specula-output/spec/output/tmp/tlc-9180500233927899022/Naturals.tla (jar:file:/home/ubuntu/Specula/lib/tla2tools.jar!/tla2sany/StandardModules/Naturals.tla)
Parsing file /home/ubuntu/specula-vsr-runner-20260905/runs/vsr-rs-gpt6astra-ultra-round3-guided-20260906/vsr-rs/.specula-output/spec/output/tmp/tlc-9180500233927899022/TLCExt.tla (jar:file:/home/ubuntu/Specula/lib/tla2tools.jar!/tla2sany/StandardModules/TLCExt.tla)
Parsing file /home/ubuntu/specula-vsr-runner-20260905/runs/vsr-rs-gpt6astra-ultra-round3-guided-20260906/vsr-rs/.specula-output/spec/output/tmp/tlc-9180500233927899022/Json.tla (jar:file:/home/ubuntu/Specula/lib/tla2tools.jar!/tla2sany/StandardModules/Json.tla)
Semantic processing of module Naturals
Semantic processing of module Integers
Semantic processing of module Sequences
Semantic processing of module FiniteSets
Semantic processing of module TLC
Semantic processing of module base
Semantic processing of module TLCExt
Semantic processing of module Json
Semantic processing of module _JsonTrace
Semantic processing of module _TLCTrace
Semantic processing of module MC
Linting of module base
Linting of module TLCExt
Linting of module Json
Linting of module _JsonTrace
Linting of module _TLCTrace
Linting of module MC
Starting... (2026-09-06 10:01:04)
Computing initial states...
Finished computing initial states: 1 distinct state generated at 2026-09-06 10:01:07.
Progress(14) at 2026-09-06 10:01:10: 1,451,767 states generated (1,451,767 s/min), 396,556 distinct states found (396,556 ds/min), 284,115 states left on queue.
Progress(17) at 2026-09-06 10:02:10: 47,648,885 states generated (46,197,118 s/min), 9,058,497 distinct states found (8,661,941 ds/min), 4,780,644 states left on queue.
Progress(18) at 2026-09-06 10:03:10: 93,652,836 states generated (46,003,951 s/min), 17,140,822 distinct states found (8,082,325 ds/min), 8,560,322 states left on queue.
Progress(19) at 2026-09-06 10:04:10: 137,414,519 states generated (43,761,683 s/min), 25,075,942 distinct states found (7,935,120 ds/min), 12,361,477 states left on queue.
Progress(19) at 2026-09-06 10:05:10: 181,998,116 states generated (44,583,597 s/min), 32,636,103 distinct states found (7,560,161 ds/min), 15,752,141 states left on queue.
Progress(20) at 2026-09-06 10:06:10: 223,828,276 states generated (41,830,160 s/min), 40,421,322 distinct states found (7,785,219 ds/min), 19,372,451 states left on queue.
Progress(20) at 2026-09-06 10:07:10: 269,634,817 states generated (45,806,541 s/min), 48,167,058 distinct states found (7,745,736 ds/min), 22,964,401 states left on queue.
Progress(20) at 2026-09-06 10:08:10: 314,944,607 states generated (45,309,790 s/min), 55,932,043 distinct states found (7,764,985 ds/min), 26,529,185 states left on queue.
Progress(20) at 2026-09-06 10:09:10: 359,424,636 states generated (44,480,029 s/min), 63,382,854 distinct states found (7,450,811 ds/min), 29,758,305 states left on queue.
Progress(20) at 2026-09-06 10:10:10: 401,276,841 states generated (41,852,205 s/min), 71,177,343 distinct states found (7,794,489 ds/min), 33,113,638 states left on queue.
Checkpointing of run /home/ubuntu/specula-vsr-runner-20260905/runs/vsr-rs-gpt6astra-ultra-round3-guided-20260906/vsr-rs/.specula-output/spec/output/tmp/tlc-states-fEbZlP/26-09-06-10-01-04.639
Checkpointing completed at (2026-09-06 10:11:10)
Progress(21) at 2026-09-06 10:11:10: 444,665,982 states generated (43,389,141 s/min), 78,580,407 distinct states found (7,403,064 ds/min), 36,467,167 states left on queue.
Progress(21) at 2026-09-06 10:12:10: 489,054,165 states generated (44,388,183 s/min), 86,150,444 distinct states found (7,570,037 ds/min), 40,112,151 states left on queue.
Progress(21) at 2026-09-06 10:13:10: 533,781,922 states generated (44,727,757 s/min), 93,697,932 distinct states found (7,547,488 ds/min), 43,527,387 states left on queue.
Progress(21) at 2026-09-06 10:14:10: 577,780,287 states generated (43,998,365 s/min), 101,091,651 distinct states found (7,393,719 ds/min), 46,894,561 states left on queue.
Progress(21) at 2026-09-06 10:15:10: 619,591,984 states generated (41,811,697 s/min), 108,295,331 distinct states found (7,203,680 ds/min), 50,000,385 states left on queue.
Progress(21) at 2026-09-06 10:16:10: 664,149,816 states generated (44,557,832 s/min), 115,498,970 distinct states found (7,203,639 ds/min), 53,039,304 states left on queue.
Progress(21) at 2026-09-06 10:17:10: 705,438,780 states generated (41,288,964 s/min), 122,571,067 distinct states found (7,072,097 ds/min), 55,843,207 states left on queue.
Progress(21) at 2026-09-06 10:18:10: 745,877,262 states generated (40,438,482 s/min), 130,253,731 distinct states found (7,682,664 ds/min), 59,127,067 states left on queue.
Progress(22) at 2026-09-06 10:19:10: 787,794,100 states generated (41,916,838 s/min), 137,608,947 distinct states found (7,355,216 ds/min), 62,489,195 states left on queue.
Progress(22) at 2026-09-06 10:20:10: 832,017,092 states generated (44,222,992 s/min), 144,761,236 distinct states found (7,152,289 ds/min), 65,612,570 states left on queue.
Checkpointing of run /home/ubuntu/specula-vsr-runner-20260905/runs/vsr-rs-gpt6astra-ultra-round3-guided-20260906/vsr-rs/.specula-output/spec/output/tmp/tlc-states-fEbZlP/26-09-06-10-01-04.639
Checkpointing completed at (2026-09-06 10:21:14)
Progress(22) at 2026-09-06 10:21:14: 877,477,540 states generated (45,460,448 s/min), 152,622,283 distinct states found (7,861,047 ds/min), 69,385,046 states left on queue.
Progress(22) at 2026-09-06 10:22:14: 921,373,768 states generated (43,896,228 s/min), 159,840,648 distinct states found (7,218,365 ds/min), 72,826,839 states left on queue.
Progress(22) at 2026-09-06 10:23:14: 963,518,839 states generated (42,145,071 s/min), 166,862,277 distinct states found (7,021,629 ds/min), 75,932,150 states left on queue.
Progress(22) at 2026-09-06 10:24:14: 1,006,259,490 states generated (42,740,651 s/min), 174,075,022 distinct states found (7,212,745 ds/min), 79,099,456 states left on queue.
Progress(22) at 2026-09-06 10:25:14: 1,049,113,790 states generated (42,854,300 s/min), 181,321,906 distinct states found (7,246,884 ds/min), 82,426,512 states left on queue.
Progress(22) at 2026-09-06 10:26:14: 1,091,215,310 states generated (42,101,520 s/min), 188,122,877 distinct states found (6,800,971 ds/min), 85,376,673 states left on queue.
Progress(22) at 2026-09-06 10:27:14: 1,130,546,083 states generated (39,330,773 s/min), 195,021,128 distinct states found (6,898,251 ds/min), 88,305,211 states left on queue.
Progress(22) at 2026-09-06 10:28:14: 1,173,406,584 states generated (42,860,501 s/min), 201,986,669 distinct states found (6,965,541 ds/min), 91,208,311 states left on queue.
Progress(22) at 2026-09-06 10:29:14: 1,218,443,257 states generated (45,036,673 s/min), 209,247,573 distinct states found (7,260,904 ds/min), 94,237,359 states left on queue.
Progress(22) at 2026-09-06 10:30:14: 1,260,140,453 states generated (41,697,196 s/min), 216,199,137 distinct states found (6,951,564 ds/min), 96,919,949 states left on queue.
) at 2026-09-06 10:22:14: 921,373,768 states generated (43,896,228 s/min), 159,840,648 distinct states found (7,218,365 ds/min), 72,826,839 states left on queue.
Progress(22) at 2026-09-06 10:23:14: 963,518,839 states generated (42,145,071 s/min), 166,862,277 distinct states found (7,021,629 ds/min), 75,932,150 states left on queue.
Progress(22) at 2026-09-06 10:24:14: 1,006,259,490 states generated (42,740,651 s/min), 174,075,022 distinct states found (7,212,745 ds/min), 79,099,456 states left on queue.
Progress(22) at 2026-09-06 10:25:14: 1,049,113,790 states generated (42,854,300 s/min), 181,321,906 distinct states found (7,246,884 ds/min), 82,426,512 states left on queue.
Progress(22) at 2026-09-06 10:26:14: 1,091,215,310 states generated (42,101,520 s/min), 188,122,877 distinct states found (6,800,971 ds/min), 85,376,673 states left on queue.
Progress(22) at 2026-09-06 10:27:14: 1,130,546,083 states generated (39,330,773 s/min), 195,021,128 distinct states found (6,898,251 ds/min), 88,305,211 states left on queue.
Progress(22) at 2026-09-06 10:28:14: 1,173,406,584 states generated (42,860,501 s/min), 201,986,669 distinct states found (6,965,541 ds/min), 91,208,311 states left on queue.
Progress(22) at 2026-09-06 10:29:14: 1,218,443,257 states generated (45,036,673 s/min), 209,247,573 distinct states found (7,260,904 ds/min), 94,237,359 states left on queue.
Progress(22) at 2026-09-06 10:30:14: 1,260,140,453 states generated (41,697,196 s/min), 216,199,137 distinct states found (6,951,564 ds/min), 96,919,949 states left on queue.

[0;32m================================[0m
[1;33m⚠ Timed out[0m
[0;32m================================[0m
