[0;32m================================[0m
[0;32mTLC Model Checking Mode[0m
[0;32m================================[0m
Spec File:       MC.tla
Config File:     MC_hunt_s2_slots_c2.cfg
Memory Limit:    4G
Off-heap Memory: 12G
Workers:         4
Timeout:         30 minutes
[0;34m--- Model Checking Settings ---[0m
Depth Limit:     0
Checkpoint:      10 minutes
Log File:        /home/ubuntu/specula-nvflare-gpt-continuation-20260926/framework/runs/gpt-continuation/nvflare-job/.specula-output/.tlc-tasks/jobs/d5a9f288544f46d58e375f659dce301c/tlc.log
[0;32m================================[0m
[1;33mExecuting Command:[0m
java -XX:+UseParallelGC -Dtlc2.tool.fp.FPSet.impl=tlc2.tool.fp.OffHeapDiskFPSet -XX:MaxDirectMemorySize=12G -Xmx4G -Xms4G -cp /home/ubuntu/specula-nvflare-gpt-continuation-20260926/framework/lib/CommunityModules-deps.jar:/home/ubuntu/specula-nvflare-gpt-continuation-20260926/framework/lib/tla2tools.jar tlc2.TLC -config MC_hunt_s2_slots_c2.cfg MC.tla -workers 4 -deadlock -checkpoint 10 -dumptrace json /home/ubuntu/specula-nvflare-gpt-continuation-20260926/framework/runs/gpt-continuation/nvflare-job/.specula-output/spec/output/continuation-H4-s2_slots_c2/counterexample.json -metadir /home/ubuntu/specula-nvflare-gpt-continuation-20260926/framework/runs/gpt-continuation/nvflare-job/.specula-output/.tlc-state/tlc-states-xWWdex 

TLC resource budget (Specula run gpt-continuation):
  memory source: user config (64G)
  external memory use: not included in this configured run bound
  memory limit: 64 GiB
  active TLC reserved before request: 32 GiB (this agent: 32 GiB)
  this request: 16 GiB (heap 4 GiB + off-heap 12 GiB)
  remaining before request: 32 GiB
  remaining after admission: 16 GiB
  worker limit: 16
  active TLC workers before request: 8 (this agent: 8)
  this request workers: 4 (4)
  remaining workers before request: 8
  remaining workers after admission: 4
  result: admitted
TLC2 Version 2026.09.23.154203 (rev: 4260e47)
Running breadth-first search Model-Checking with fp 33 and seed -2402556509089729449 with 4 workers on 96 cores with 3925MB heap and 12288MB offheap memory [pid: 1883860] (Linux 6.8.0-1044-azure amd64, Ubuntu 21.0.11 64bit, OffHeapDiskFPSet, DiskStateQueue).
Parsing file /home/ubuntu/specula-nvflare-gpt-continuation-20260926/framework/runs/gpt-continuation/nvflare-job/.specula-output/spec/output/continuation-H4-s2_slots_c2/MC.tla
Parsing file /home/ubuntu/specula-nvflare-gpt-continuation-20260926/framework/runs/gpt-continuation/nvflare-job/.specula-output/spec/output/continuation-H4-s2_slots_c2/base.tla
Parsing file /tmp/tlc-6834355565421765046/_JsonTrace.tla (jar:file:/home/ubuntu/specula-nvflare-gpt-continuation-20260926/framework/lib/tla2tools.jar!/tla2sany/StandardModules/_JsonTrace.tla)
Parsing file /tmp/tlc-6834355565421765046/_TLCTrace.tla (jar:file:/home/ubuntu/specula-nvflare-gpt-continuation-20260926/framework/lib/tla2tools.jar!/tla2sany/StandardModules/_TLCTrace.tla)
Parsing file /tmp/tlc-6834355565421765046/Integers.tla (jar:file:/home/ubuntu/specula-nvflare-gpt-continuation-20260926/framework/lib/tla2tools.jar!/tla2sany/StandardModules/Integers.tla)
Parsing file /tmp/tlc-6834355565421765046/Sequences.tla (jar:file:/home/ubuntu/specula-nvflare-gpt-continuation-20260926/framework/lib/tla2tools.jar!/tla2sany/StandardModules/Sequences.tla)
Parsing file /tmp/tlc-6834355565421765046/FiniteSets.tla (jar:file:/home/ubuntu/specula-nvflare-gpt-continuation-20260926/framework/lib/tla2tools.jar!/tla2sany/StandardModules/FiniteSets.tla)
Parsing file /tmp/tlc-6834355565421765046/TLC.tla (jar:file:/home/ubuntu/specula-nvflare-gpt-continuation-20260926/framework/lib/tla2tools.jar!/tla2sany/StandardModules/TLC.tla)
Parsing file /tmp/tlc-6834355565421765046/Naturals.tla (jar:file:/home/ubuntu/specula-nvflare-gpt-continuation-20260926/framework/lib/tla2tools.jar!/tla2sany/StandardModules/Naturals.tla)
Parsing file /tmp/tlc-6834355565421765046/TLCExt.tla (jar:file:/home/ubuntu/specula-nvflare-gpt-continuation-20260926/framework/lib/tla2tools.jar!/tla2sany/StandardModules/TLCExt.tla)
Parsing file /tmp/tlc-6834355565421765046/Json.tla (jar:file:/home/ubuntu/specula-nvflare-gpt-continuation-20260926/framework/lib/tla2tools.jar!/tla2sany/StandardModules/Json.tla)
Semantic processing of module Naturals
Semantic processing of module Integers
Semantic processing of module Sequences
Semantic processing of module FiniteSets
Semantic processing of module TLC
Semantic processing of module base
Semantic processing of module TLCExt
Semantic processing of module Json
Semantic processing of module _JsonTrace
Semantic processing of module _TLCTrace
Semantic processing of module MC
Linting of module base
Linting of module TLCExt
Linting of module Json
Linting of module _JsonTrace
Linting of module _TLCTrace
Linting of module MC
Starting... (2026-09-27 07:05:35)
Warning: The set p@@q has been defined to be a symmetry set but contains less than two elements.
(Use the -nowarning option to disable this warning.)
Computing initial states...
Finished computing initial states: 1 distinct state generated at 2026-09-27 07:05:36.
Progress(26) at 2026-09-27 07:05:39: 116,513 states generated (116,513 s/min), 29,837 distinct states found (29,837 ds/min), 7,341 states left on queue.
Progress(34) at 2026-09-27 07:06:39: 4,292,036 states generated (4,175,523 s/min), 1,085,286 distinct states found (1,055,449 ds/min), 470,110 states left on queue.
Progress(35) at 2026-09-27 07:07:39: 8,617,443 states generated (4,325,407 s/min), 2,133,598 distinct states found (1,048,312 ds/min), 948,454 states left on queue.
Progress(36) at 2026-09-27 07:08:39: 12,982,062 states generated (4,364,619 s/min), 3,187,323 distinct states found (1,053,725 ds/min), 1,426,105 states left on queue.
Progress(37) at 2026-09-27 07:09:39: 17,486,032 states generated (4,503,970 s/min), 4,229,415 distinct states found (1,042,092 ds/min), 1,899,504 states left on queue.
Progress(37) at 2026-09-27 07:10:39: 21,906,029 states generated (4,419,997 s/min), 5,251,249 distinct states found (1,021,834 ds/min), 2,350,908 states left on queue.
Progress(37) at 2026-09-27 07:11:39: 26,310,065 states generated (4,404,036 s/min), 6,187,831 distinct states found (936,582 ds/min), 2,774,630 states left on queue.
Progress(38) at 2026-09-27 07:12:39: 30,860,972 states generated (4,550,907 s/min), 7,201,418 distinct states found (1,013,587 ds/min), 3,227,738 states left on queue.
Progress(38) at 2026-09-27 07:13:39: 35,223,736 states generated (4,362,764 s/min), 8,215,561 distinct states found (1,014,143 ds/min), 3,660,687 states left on queue.
Progress(38) at 2026-09-27 07:14:39: 39,644,772 states generated (4,421,036 s/min), 9,170,708 distinct states found (955,147 ds/min), 4,057,150 states left on queue.
Checkpointing of run /home/ubuntu/specula-nvflare-gpt-continuation-20260926/framework/runs/gpt-continuation/nvflare-job/.specula-output/.tlc-state/tlc-states-xWWdex/26-09-27-07-05-35.260
Checkpointing completed at (2026-09-27 07:15:39)
Progress(38) at 2026-09-27 07:15:39: 44,267,993 states generated (4,623,221 s/min), 10,153,704 distinct states found (982,996 ds/min), 4,484,202 states left on queue.
Progress(38) at 2026-09-27 07:16:39: 49,130,486 states generated (4,862,493 s/min), 11,130,822 distinct states found (977,118 ds/min), 4,922,641 states left on queue.
Progress(38) at 2026-09-27 07:17:39: 54,046,787 states generated (4,916,301 s/min), 12,090,446 distinct states found (959,624 ds/min), 5,340,520 states left on queue.
Progress(39) at 2026-09-27 07:18:39: 58,345,272 states generated (4,298,485 s/min), 13,119,695 distinct states found (1,029,249 ds/min), 5,775,860 states left on queue.
Progress(39) at 2026-09-27 07:19:39: 62,724,557 states generated (4,379,285 s/min), 14,107,425 distinct states found (987,730 ds/min), 6,175,505 states left on queue.
Progress(39) at 2026-09-27 07:20:39: 67,402,126 states generated (4,677,569 s/min), 15,064,583 distinct states found (957,158 ds/min), 6,567,414 states left on queue.
Progress(39) at 2026-09-27 07:21:39: 71,909,809 states generated (4,507,683 s/min), 16,004,575 distinct states found (939,992 ds/min), 6,930,867 states left on queue.
Progress(39) at 2026-09-27 07:22:39: 76,590,885 states generated (4,681,076 s/min), 16,986,228 distinct states found (981,653 ds/min), 7,354,088 states left on queue.
Progress(39) at 2026-09-27 07:23:39: 81,177,494 states generated (4,586,609 s/min), 17,909,333 distinct states found (923,105 ds/min), 7,727,183 states left on queue.
Progress(39) at 2026-09-27 07:24:39: 86,015,066 states generated (4,837,572 s/min), 18,868,547 distinct states found (959,214 ds/min), 8,139,234 states left on queue.
Checkpointing of run /home/ubuntu/specula-nvflare-gpt-continuation-20260926/framework/runs/gpt-continuation/nvflare-job/.specula-output/.tlc-state/tlc-states-xWWdex/26-09-27-07-05-35.260
Checkpointing completed at (2026-09-27 07:25:40)
Progress(39) at 2026-09-27 07:25:40: 91,112,147 states generated (5,097,081 s/min), 19,832,032 distinct states found (963,485 ds/min), 8,570,586 states left on queue.
Progress(39) at 2026-09-27 07:26:40: 96,113,604 states generated (5,001,457 s/min), 20,743,340 distinct states found (911,308 ds/min), 8,943,421 states left on queue.
Progress(39) at 2026-09-27 07:27:40: 100,621,517 states generated (4,507,913 s/min), 21,726,669 distinct states found (983,329 ds/min), 9,348,016 states left on queue.
Progress(40) at 2026-09-27 07:28:40: 105,002,138 states generated (4,380,621 s/min), 22,719,353 distinct states found (992,684 ds/min), 9,749,872 states left on queue.
Progress(40) at 2026-09-27 07:29:40: 109,434,456 states generated (4,432,318 s/min), 23,676,817 distinct states found (957,464 ds/min), 10,118,902 states left on queue.
Progress(40) at 2026-09-27 07:30:40: 113,909,667 states generated (4,475,211 s/min), 24,627,371 distinct states found (950,554 ds/min), 10,479,974 states left on queue.
Progress(40) at 2026-09-27 07:31:40: 118,621,016 states generated (4,711,349 s/min), 25,565,400 distinct states found (938,029 ds/min), 10,856,347 states left on queue.
Progress(40) at 2026-09-27 07:32:40: 123,335,910 states generated (4,714,894 s/min), 26,450,699 distinct states found (885,299 ds/min), 11,162,271 states left on queue.
Progress(40) at 2026-09-27 07:33:40: 127,984,049 states generated (4,648,139 s/min), 27,378,713 distinct states found (928,014 ds/min), 11,508,638 states left on queue.
Progress(40) at 2026-09-27 07:34:40: 132,675,627 states generated (4,691,578 s/min), 28,348,605 distinct states found (969,892 ds/min), 11,917,928 states left on queue.

[0;32m================================[0m
[1;33m⚠ Timed out[0m
[0;32m================================[0m
