TLC2 Version 2026.09.23.154203 (rev: 4260e47)
Warning: Please run the Java VM, which executes TLC with a throughput optimized garbage collector, by passing the "-XX:+UseParallelGC" property.
(Use the -nowarning option to disable this warning.)
Running breadth-first search Model-Checking with fp 80 and seed 8496994088429698199 with 4 workers on 16 cores with 8192MB heap and 64MB offheap memory [pid: 3790695] (Linux 6.8.0-1044-azure amd64, Ubuntu 21.0.11 64bit, MSBDiskFPSet, DiskStateQueue).
Parsing file /home/experiment/runs/specula/nvflare-lite-full-opus55-20260925/lite/source/.specula-lite/job-lifecycle-20260925/models/lifecycle/MC.tla
Parsing file /home/experiment/runs/specula/nvflare-lite-full-opus55-20260925/lite/source/.specula-lite/job-lifecycle-20260925/models/lifecycle/base.tla
Parsing file /tmp/tlc-7946391617896473308/_JsonTrace.tla (jar:file:/home/experiment/.cache/specula-lite/tla2tools-1.8.0.jar!/tla2sany/StandardModules/_JsonTrace.tla)
Parsing file /tmp/tlc-7946391617896473308/_TLCTrace.tla (jar:file:/home/experiment/.cache/specula-lite/tla2tools-1.8.0.jar!/tla2sany/StandardModules/_TLCTrace.tla)
Parsing file /tmp/tlc-7946391617896473308/Naturals.tla (jar:file:/home/experiment/.cache/specula-lite/tla2tools-1.8.0.jar!/tla2sany/StandardModules/Naturals.tla)
Parsing file /tmp/tlc-7946391617896473308/FiniteSets.tla (jar:file:/home/experiment/.cache/specula-lite/tla2tools-1.8.0.jar!/tla2sany/StandardModules/FiniteSets.tla)
Parsing file /tmp/tlc-7946391617896473308/TLC.tla (jar:file:/home/experiment/.cache/specula-lite/tla2tools-1.8.0.jar!/tla2sany/StandardModules/TLC.tla)
Parsing file /tmp/tlc-7946391617896473308/Sequences.tla (jar:file:/home/experiment/.cache/specula-lite/tla2tools-1.8.0.jar!/tla2sany/StandardModules/Sequences.tla)
Parsing file /tmp/tlc-7946391617896473308/TLCExt.tla (jar:file:/home/experiment/.cache/specula-lite/tla2tools-1.8.0.jar!/tla2sany/StandardModules/TLCExt.tla)
Parsing file /tmp/tlc-7946391617896473308/Json.tla (jar:file:/home/experiment/.cache/specula-lite/tla2tools-1.8.0.jar!/tla2sany/StandardModules/Json.tla)
Parsing file /tmp/tlc-7946391617896473308/Integers.tla (jar:file:/home/experiment/.cache/specula-lite/tla2tools-1.8.0.jar!/tla2sany/StandardModules/Integers.tla)
Semantic processing of module Naturals
Semantic processing of module Sequences
Semantic processing of module FiniteSets
Semantic processing of module TLC
Semantic processing of module base
Semantic processing of module Integers
Semantic processing of module TLCExt
Semantic processing of module Json
Semantic processing of module _JsonTrace
Semantic processing of module _TLCTrace
Semantic processing of module MC
Linting of module base
Linting of module TLCExt
Linting of module Json
Linting of module _JsonTrace
Linting of module _TLCTrace
Linting of module MC
Starting... (2026-09-25 05:40:16)
Computing initial states...
Finished computing initial states: 1 distinct state generated at 2026-09-25 05:40:16.
Error: Invariant AbortFromDispatchedHonored is violated.
Error: The behavior up to this point is:
State 1: <Initial predicate>
/\ tagged = {}
/\ delPc = (j1 :> "idle")
/\ comp = (j1 :> "none")
/\ running = {}
/\ hasPending = (j1 :> FALSE)
/\ cj = (<<c1, j1>> :> "none")
/\ scheduled = {}
/\ abortPc = (j1 :> "idle")
/\ runProc = {}
/\ sjAbortReq = {}
/\ launchAfterAck = (j1 :> FALSE)
/\ wasTerminal = (j1 :> FALSE)
/\ pendingSet = (j1 :> {})
/\ stRep = (<<c1, j1>> :> "none")
/\ stReq = (c1 :> {})
/\ rn = [ pc |-> "idle",
  detail |-> FALSE,
  jobId |-> FALSE,
  why |-> "none",
  job |-> NoJob,
  listed |-> {},
  cands |-> {},
  clients |-> {},
  snap |-> "SUBMITTED" ]
/\ sj = (j1 :> "none")
/\ excCode = (j1 :> "none")
/\ cjCode = (<<c1, j1>> :> "none")
/\ runAborted = (j1 :> FALSE)
/\ abortAck = (j1 :> FALSE)
/\ participants = (j1 :> {})
/\ delSnap = (j1 :> "SUBMITTED")
/\ status = (j1 :> "SUBMITTED")
/\ cjAbortReq = {}
/\ abortSnap = (j1 :> "SUBMITTED")
/\ flt = [ nr |-> 0,
  sdf |-> 0,
  cdf |-> 0,
  slf |-> 0,
  se |-> 0,
  st |-> 0,
  sef |-> 0,
  cef |-> 0,
  rl |-> 0,
  od |-> 0 ]

State 2: <W_RunnerScanList line 33, col 21 to line 33, col 42 of module MC>
/\ tagged = {}
/\ delPc = (j1 :> "idle")
/\ comp = (j1 :> "none")
/\ running = {}
/\ hasPending = (j1 :> FALSE)
/\ cj = (<<c1, j1>> :> "none")
/\ scheduled = {}
/\ abortPc = (j1 :> "idle")
/\ runProc = {}
/\ sjAbortReq = {}
/\ launchAfterAck = (j1 :> FALSE)
/\ wasTerminal = (j1 :> FALSE)
/\ pendingSet = (j1 :> {})
/\ stRep = (<<c1, j1>> :> "none")
/\ stReq = (c1 :> {})
/\ rn = [ pc |-> "listed",
  detail |-> FALSE,
  jobId |-> FALSE,
  why |-> "none",
  job |-> NoJob,
  listed |-> {j1},
  cands |-> {},
  clients |-> {},
  snap |-> "SUBMITTED" ]
/\ sj = (j1 :> "none")
/\ excCode = (j1 :> "none")
/\ cjCode = (<<c1, j1>> :> "none")
/\ runAborted = (j1 :> FALSE)
/\ abortAck = (j1 :> FALSE)
/\ participants = (j1 :> {})
/\ delSnap = (j1 :> "SUBMITTED")
/\ status = (j1 :> "SUBMITTED")
/\ cjAbortReq = {}
/\ abortSnap = (j1 :> "SUBMITTED")
/\ flt = [ nr |-> 0,
  sdf |-> 0,
  cdf |-> 0,
  slf |-> 0,
  se |-> 0,
  st |-> 0,
  sef |-> 0,
  cef |-> 0,
  rl |-> 0,
  od |-> 0 ]

State 3: <W_RunnerScanRead line 34, col 21 to line 34, col 42 of module MC>
/\ tagged = {}
/\ delPc = (j1 :> "idle")
/\ comp = (j1 :> "none")
/\ running = {}
/\ hasPending = (j1 :> FALSE)
/\ cj = (<<c1, j1>> :> "none")
/\ scheduled = {}
/\ abortPc = (j1 :> "idle")
/\ runProc = {}
/\ sjAbortReq = {}
/\ launchAfterAck = (j1 :> FALSE)
/\ wasTerminal = (j1 :> FALSE)
/\ pendingSet = (j1 :> {})
/\ stRep = (<<c1, j1>> :> "none")
/\ stReq = (c1 :> {})
/\ rn = [ pc |-> "sched",
  detail |-> FALSE,
  jobId |-> FALSE,
  why |-> "none",
  job |-> NoJob,
  listed |-> {j1},
  cands |-> {j1},
  clients |-> {},
  snap |-> "SUBMITTED" ]
/\ sj = (j1 :> "none")
/\ excCode = (j1 :> "none")
/\ cjCode = (<<c1, j1>> :> "none")
/\ runAborted = (j1 :> FALSE)
/\ abortAck = (j1 :> FALSE)
/\ participants = (j1 :> {})
/\ delSnap = (j1 :> "SUBMITTED")
/\ status = (j1 :> "SUBMITTED")
/\ cjAbortReq = {}
/\ abortSnap = (j1 :> "SUBMITTED")
/\ flt = [ nr |-> 0,
  sdf |-> 0,
  cdf |-> 0,
  slf |-> 0,
  se |-> 0,
  st |-> 0,
  sef |-> 0,
  cef |-> 0,
  rl |-> 0,
  od |-> 0 ]

State 4: <W_RunnerSchedule line 35, col 21 to line 35, col 42 of module MC>
/\ tagged = {}
/\ delPc = (j1 :> "idle")
/\ comp = (j1 :> "none")
/\ running = {}
/\ hasPending = (j1 :> FALSE)
/\ cj = (<<c1, j1>> :> "none")
/\ scheduled = {}
/\ abortPc = (j1 :> "idle")
/\ runProc = {}
/\ sjAbortReq = {}
/\ launchAfterAck = (j1 :> FALSE)
/\ wasTerminal = (j1 :> FALSE)
/\ pendingSet = (j1 :> {})
/\ stRep = (<<c1, j1>> :> "none")
/\ stReq = (c1 :> {})
/\ rn = [ pc |-> "stat1",
  detail |-> FALSE,
  jobId |-> FALSE,
  why |-> "none",
  job |-> j1,
  listed |-> {j1},
  cands |-> {j1},
  clients |-> {c1},
  snap |-> "SUBMITTED" ]
/\ sj = (j1 :> "none")
/\ excCode = (j1 :> "none")
/\ cjCode = (<<c1, j1>> :> "none")
/\ runAborted = (j1 :> FALSE)
/\ abortAck = (j1 :> FALSE)
/\ participants = (j1 :> {})
/\ delSnap = (j1 :> "SUBMITTED")
/\ status = (j1 :> "SUBMITTED")
/\ cjAbortReq = {}
/\ abortSnap = (j1 :> "SUBMITTED")
/\ flt = [ nr |-> 0,
  sdf |-> 0,
  cdf |-> 0,
  slf |-> 0,
  se |-> 0,
  st |-> 0,
  sef |-> 0,
  cef |-> 0,
  rl |-> 0,
  od |-> 0 ]

State 5: <W_RunnerCheckSubmitted line 37, col 27 to line 37, col 54 of module MC>
/\ tagged = {}
/\ delPc = (j1 :> "idle")
/\ comp = (j1 :> "none")
/\ running = {}
/\ hasPending = (j1 :> FALSE)
/\ cj = (<<c1, j1>> :> "none")
/\ scheduled = {}
/\ abortPc = (j1 :> "idle")
/\ runProc = {}
/\ sjAbortReq = {}
/\ launchAfterAck = (j1 :> FALSE)
/\ wasTerminal = (j1 :> FALSE)
/\ pendingSet = (j1 :> {})
/\ stRep = (<<c1, j1>> :> "none")
/\ stReq = (c1 :> {})
/\ rn = [ pc |-> "deploy",
  detail |-> FALSE,
  jobId |-> FALSE,
  why |-> "none",
  job |-> j1,
  listed |-> {j1},
  cands |-> {j1},
  clients |-> {c1},
  snap |-> "SUBMITTED" ]
/\ sj = (j1 :> "none")
/\ excCode = (j1 :> "none")
/\ cjCode = (<<c1, j1>> :> "none")
/\ runAborted = (j1 :> FALSE)
/\ abortAck = (j1 :> FALSE)
/\ participants = (j1 :> {})
/\ delSnap = (j1 :> "SUBMITTED")
/\ status = (j1 :> "SUBMITTED")
/\ cjAbortReq = {}
/\ abortSnap = (j1 :> "SUBMITTED")
/\ flt = [ nr |-> 0,
  sdf |-> 0,
  cdf |-> 0,
  slf |-> 0,
  se |-> 0,
  st |-> 0,
  sef |-> 0,
  cef |-> 0,
  rl |-> 0,
  od |-> 0 ]

State 6: <W_RunnerDeploy line 38, col 19 to line 38, col 38 of module MC>
/\ tagged = {}
/\ delPc = (j1 :> "idle")
/\ comp = (j1 :> "none")
/\ running = {}
/\ hasPending = (j1 :> FALSE)
/\ cj = (<<c1, j1>> :> "none")
/\ scheduled = {}
/\ abortPc = (j1 :> "idle")
/\ runProc = {}
/\ sjAbortReq = {}
/\ launchAfterAck = (j1 :> FALSE)
/\ wasTerminal = (j1 :> FALSE)
/\ pendingSet = (j1 :> {})
/\ stRep = (<<c1, j1>> :> "none")
/\ stReq = (c1 :> {})
/\ rn = [ pc |-> "setDisp",
  detail |-> TRUE,
  jobId |-> TRUE,
  why |-> "none",
  job |-> j1,
  listed |-> {j1},
  cands |-> {j1},
  clients |-> {c1},
  snap |-> "SUBMITTED" ]
/\ sj = (j1 :> "none")
/\ excCode = (j1 :> "none")
/\ cjCode = (<<c1, j1>> :> "none")
/\ runAborted = (j1 :> FALSE)
/\ abortAck = (j1 :> FALSE)
/\ participants = (j1 :> {})
/\ delSnap = (j1 :> "SUBMITTED")
/\ status = (j1 :> "SUBMITTED")
/\ cjAbortReq = {}
/\ abortSnap = (j1 :> "SUBMITTED")
/\ flt = [ nr |-> 0,
  sdf |-> 0,
  cdf |-> 0,
  slf |-> 0,
  se |-> 0,
  st |-> 0,
  sef |-> 0,
  cef |-> 0,
  rl |-> 0,
  od |-> 0 ]

State 7: <W_RunnerSetDispatched line 39, col 26 to line 39, col 52 of module MC>
/\ tagged = {}
/\ delPc = (j1 :> "idle")
/\ comp = (j1 :> "none")
/\ running = {}
/\ hasPending = (j1 :> FALSE)
/\ cj = (<<c1, j1>> :> "none")
/\ scheduled = {}
/\ abortPc = (j1 :> "idle")
/\ runProc = {}
/\ sjAbortReq = {}
/\ launchAfterAck = (j1 :> FALSE)
/\ wasTerminal = (j1 :> FALSE)
/\ pendingSet = (j1 :> {})
/\ stRep = (<<c1, j1>> :> "none")
/\ stReq = (c1 :> {})
/\ rn = [ pc |-> "umRead",
  detail |-> TRUE,
  jobId |-> TRUE,
  why |-> "none",
  job |-> j1,
  listed |-> {j1},
  cands |-> {j1},
  clients |-> {c1},
  snap |-> "SUBMITTED" ]
/\ sj = (j1 :> "none")
/\ excCode = (j1 :> "none")
/\ cjCode = (<<c1, j1>> :> "none")
/\ runAborted = (j1 :> FALSE)
/\ abortAck = (j1 :> FALSE)
/\ participants = (j1 :> {})
/\ delSnap = (j1 :> "SUBMITTED")
/\ status = (j1 :> "DISPATCHED")
/\ cjAbortReq = {}
/\ abortSnap = (j1 :> "SUBMITTED")
/\ flt = [ nr |-> 0,
  sdf |-> 0,
  cdf |-> 0,
  slf |-> 0,
  se |-> 0,
  st |-> 0,
  sef |-> 0,
  cef |-> 0,
  rl |-> 0,
  od |-> 0 ]

State 8: <W_RunnerUpdateMetaRead line 40, col 27 to line 40, col 54 of module MC>
/\ tagged = {}
/\ delPc = (j1 :> "idle")
/\ comp = (j1 :> "none")
/\ running = {}
/\ hasPending = (j1 :> FALSE)
/\ cj = (<<c1, j1>> :> "none")
/\ scheduled = {}
/\ abortPc = (j1 :> "idle")
/\ runProc = {}
/\ sjAbortReq = {}
/\ launchAfterAck = (j1 :> FALSE)
/\ wasTerminal = (j1 :> FALSE)
/\ pendingSet = (j1 :> {})
/\ stRep = (<<c1, j1>> :> "none")
/\ stReq = (c1 :> {})
/\ rn = [ pc |-> "umWrite",
  detail |-> TRUE,
  jobId |-> TRUE,
  why |-> "none",
  job |-> j1,
  listed |-> {j1},
  cands |-> {j1},
  clients |-> {c1},
  snap |-> "DISPATCHED" ]
/\ sj = (j1 :> "none")
/\ excCode = (j1 :> "none")
/\ cjCode = (<<c1, j1>> :> "none")
/\ runAborted = (j1 :> FALSE)
/\ abortAck = (j1 :> FALSE)
/\ participants = (j1 :> {})
/\ delSnap = (j1 :> "SUBMITTED")
/\ status = (j1 :> "DISPATCHED")
/\ cjAbortReq = {}
/\ abortSnap = (j1 :> "SUBMITTED")
/\ flt = [ nr |-> 0,
  sdf |-> 0,
  cdf |-> 0,
  slf |-> 0,
  se |-> 0,
  st |-> 0,
  sef |-> 0,
  cef |-> 0,
  rl |-> 0,
  od |-> 0 ]

State 9: <W_AdminAbortRead(j1) line 62, col 24 to line 62, col 66 of module MC>
/\ tagged = {}
/\ delPc = (j1 :> "idle")
/\ comp = (j1 :> "none")
/\ running = {}
/\ hasPending = (j1 :> FALSE)
/\ cj = (<<c1, j1>> :> "none")
/\ scheduled = {}
/\ abortPc = (j1 :> "read")
/\ runProc = {}
/\ sjAbortReq = {}
/\ launchAfterAck = (j1 :> FALSE)
/\ wasTerminal = (j1 :> FALSE)
/\ pendingSet = (j1 :> {})
/\ stRep = (<<c1, j1>> :> "none")
/\ stReq = (c1 :> {})
/\ rn = [ pc |-> "umWrite",
  detail |-> TRUE,
  jobId |-> TRUE,
  why |-> "none",
  job |-> j1,
  listed |-> {j1},
  cands |-> {j1},
  clients |-> {c1},
  snap |-> "DISPATCHED" ]
/\ sj = (j1 :> "none")
/\ excCode = (j1 :> "none")
/\ cjCode = (<<c1, j1>> :> "none")
/\ runAborted = (j1 :> FALSE)
/\ abortAck = (j1 :> FALSE)
/\ participants = (j1 :> {})
/\ delSnap = (j1 :> "SUBMITTED")
/\ status = (j1 :> "DISPATCHED")
/\ cjAbortReq = {}
/\ abortSnap = (j1 :> "DISPATCHED")
/\ flt = [ nr |-> 0,
  sdf |-> 0,
  cdf |-> 0,
  slf |-> 0,
  se |-> 0,
  st |-> 0,
  sef |-> 0,
  cef |-> 0,
  rl |-> 0,
  od |-> 0 ]

State 10: <W_AdminAbortAct(j1) line 63, col 23 to line 63, col 46 of module MC>
/\ tagged = {}
/\ delPc = (j1 :> "idle")
/\ comp = (j1 :> "none")
/\ running = {}
/\ hasPending = (j1 :> FALSE)
/\ cj = (<<c1, j1>> :> "none")
/\ scheduled = {}
/\ abortPc = (j1 :> "done")
/\ runProc = {}
/\ sjAbortReq = {}
/\ launchAfterAck = (j1 :> FALSE)
/\ wasTerminal = (j1 :> TRUE)
/\ pendingSet = (j1 :> {})
/\ stRep = (<<c1, j1>> :> "none")
/\ stReq = (c1 :> {})
/\ rn = [ pc |-> "umWrite",
  detail |-> TRUE,
  jobId |-> TRUE,
  why |-> "none",
  job |-> j1,
  listed |-> {j1},
  cands |-> {j1},
  clients |-> {c1},
  snap |-> "DISPATCHED" ]
/\ sj = (j1 :> "none")
/\ excCode = (j1 :> "none")
/\ cjCode = (<<c1, j1>> :> "none")
/\ runAborted = (j1 :> FALSE)
/\ abortAck = (j1 :> TRUE)
/\ participants = (j1 :> {})
/\ delSnap = (j1 :> "SUBMITTED")
/\ status = (j1 :> "ABORTED")
/\ cjAbortReq = {}
/\ abortSnap = (j1 :> "DISPATCHED")
/\ flt = [ nr |-> 0,
  sdf |-> 0,
  cdf |-> 0,
  slf |-> 0,
  se |-> 0,
  st |-> 0,
  sef |-> 0,
  cef |-> 0,
  rl |-> 0,
  od |-> 0 ]

State 11: <W_RunnerUpdateMetaWrite line 41, col 28 to line 41, col 56 of module MC>
/\ tagged = {}
/\ delPc = (j1 :> "idle")
/\ comp = (j1 :> "none")
/\ running = {}
/\ hasPending = (j1 :> FALSE)
/\ cj = (<<c1, j1>> :> "none")
/\ scheduled = {}
/\ abortPc = (j1 :> "done")
/\ runProc = {}
/\ sjAbortReq = {}
/\ launchAfterAck = (j1 :> FALSE)
/\ wasTerminal = (j1 :> TRUE)
/\ pendingSet = (j1 :> {})
/\ stRep = (<<c1, j1>> :> "none")
/\ stReq = (c1 :> {})
/\ rn = [ pc |-> "stat2",
  detail |-> TRUE,
  jobId |-> TRUE,
  why |-> "none",
  job |-> j1,
  listed |-> {j1},
  cands |-> {j1},
  clients |-> {c1},
  snap |-> "DISPATCHED" ]
/\ sj = (j1 :> "none")
/\ excCode = (j1 :> "none")
/\ cjCode = (<<c1, j1>> :> "none")
/\ runAborted = (j1 :> FALSE)
/\ abortAck = (j1 :> TRUE)
/\ participants = (j1 :> {})
/\ delSnap = (j1 :> "SUBMITTED")
/\ status = (j1 :> "DISPATCHED")
/\ cjAbortReq = {}
/\ abortSnap = (j1 :> "DISPATCHED")
/\ flt = [ nr |-> 0,
  sdf |-> 0,
  cdf |-> 0,
  slf |-> 0,
  se |-> 0,
  st |-> 0,
  sef |-> 0,
  cef |-> 0,
  rl |-> 0,
  od |-> 0 ]

"CounterExample written: /home/experiment/runs/specula/nvflare-lite-full-opus55-20260925/lite/source/.specula-lite/job-lifecycle-20260925/models/lifecycle/output/hunt_abort_AbortFromDispatchedHonored_1.log.trace.json"
315 states generated, 209 distinct states found, 61 states left on queue.
The depth of the complete state graph search is 17.
Finished in 00s at (2026-09-25 05:40:16)
Trace exploration spec path: ./MC_TTrace_1790314816.tla
