TLC2 Version 2026.09.23.154203 (rev: 4260e47)
Warning: Please run the Java VM, which executes TLC with a throughput optimized garbage collector, by passing the "-XX:+UseParallelGC" property.
(Use the -nowarning option to disable this warning.)
Running breadth-first search Model-Checking with fp 73 and seed -9015335789280498832 with 4 workers on 16 cores with 8192MB heap and 64MB offheap memory [pid: 3790792] (Linux 6.8.0-1044-azure amd64, Ubuntu 21.0.11 64bit, MSBDiskFPSet, DiskStateQueue).
Parsing file /home/experiment/runs/specula/nvflare-lite-full-opus55-20260925/lite/source/.specula-lite/job-lifecycle-20260925/models/lifecycle/MC.tla
Parsing file /home/experiment/runs/specula/nvflare-lite-full-opus55-20260925/lite/source/.specula-lite/job-lifecycle-20260925/models/lifecycle/base.tla
Parsing file /tmp/tlc-5803290238723784730/_JsonTrace.tla (jar:file:/home/experiment/.cache/specula-lite/tla2tools-1.8.0.jar!/tla2sany/StandardModules/_JsonTrace.tla)
Parsing file /tmp/tlc-5803290238723784730/_TLCTrace.tla (jar:file:/home/experiment/.cache/specula-lite/tla2tools-1.8.0.jar!/tla2sany/StandardModules/_TLCTrace.tla)
Parsing file /tmp/tlc-5803290238723784730/Naturals.tla (jar:file:/home/experiment/.cache/specula-lite/tla2tools-1.8.0.jar!/tla2sany/StandardModules/Naturals.tla)
Parsing file /tmp/tlc-5803290238723784730/FiniteSets.tla (jar:file:/home/experiment/.cache/specula-lite/tla2tools-1.8.0.jar!/tla2sany/StandardModules/FiniteSets.tla)
Parsing file /tmp/tlc-5803290238723784730/TLC.tla (jar:file:/home/experiment/.cache/specula-lite/tla2tools-1.8.0.jar!/tla2sany/StandardModules/TLC.tla)
Parsing file /tmp/tlc-5803290238723784730/Sequences.tla (jar:file:/home/experiment/.cache/specula-lite/tla2tools-1.8.0.jar!/tla2sany/StandardModules/Sequences.tla)
Parsing file /tmp/tlc-5803290238723784730/TLCExt.tla (jar:file:/home/experiment/.cache/specula-lite/tla2tools-1.8.0.jar!/tla2sany/StandardModules/TLCExt.tla)
Parsing file /tmp/tlc-5803290238723784730/Json.tla (jar:file:/home/experiment/.cache/specula-lite/tla2tools-1.8.0.jar!/tla2sany/StandardModules/Json.tla)
Parsing file /tmp/tlc-5803290238723784730/Integers.tla (jar:file:/home/experiment/.cache/specula-lite/tla2tools-1.8.0.jar!/tla2sany/StandardModules/Integers.tla)
Semantic processing of module Naturals
Semantic processing of module Sequences
Semantic processing of module FiniteSets
Semantic processing of module TLC
Semantic processing of module base
Semantic processing of module Integers
Semantic processing of module TLCExt
Semantic processing of module Json
Semantic processing of module _JsonTrace
Semantic processing of module _TLCTrace
Semantic processing of module MC
Linting of module base
Linting of module TLCExt
Linting of module Json
Linting of module _JsonTrace
Linting of module _TLCTrace
Linting of module MC
Starting... (2026-09-25 05:40:17)
Computing initial states...
Finished computing initial states: 1 distinct state generated at 2026-09-25 05:40:17.
Error: Invariant RunnerAliveExceptScan is violated.
Error: The behavior up to this point is:
State 1: <Initial predicate>
/\ tagged = {}
/\ delPc = (j1 :> "idle" @@ j2 :> "idle")
/\ comp = (j1 :> "none" @@ j2 :> "none")
/\ running = {}
/\ hasPending = (j1 :> FALSE @@ j2 :> FALSE)
/\ cj = (<<c1, j1>> :> "none" @@ <<c1, j2>> :> "none")
/\ scheduled = {}
/\ abortPc = (j1 :> "idle" @@ j2 :> "idle")
/\ runProc = {}
/\ sjAbortReq = {}
/\ launchAfterAck = (j1 :> FALSE @@ j2 :> FALSE)
/\ wasTerminal = (j1 :> FALSE @@ j2 :> FALSE)
/\ pendingSet = (j1 :> {} @@ j2 :> {})
/\ stRep = (<<c1, j1>> :> "none" @@ <<c1, j2>> :> "none")
/\ stReq = (c1 :> {})
/\ rn = [ pc |-> "idle",
  detail |-> FALSE,
  jobId |-> FALSE,
  why |-> "none",
  job |-> NoJob,
  listed |-> {},
  cands |-> {},
  clients |-> {},
  snap |-> "SUBMITTED" ]
/\ sj = (j1 :> "none" @@ j2 :> "none")
/\ excCode = (j1 :> "none" @@ j2 :> "none")
/\ cjCode = (<<c1, j1>> :> "none" @@ <<c1, j2>> :> "none")
/\ runAborted = (j1 :> FALSE @@ j2 :> FALSE)
/\ abortAck = (j1 :> FALSE @@ j2 :> FALSE)
/\ participants = (j1 :> {} @@ j2 :> {})
/\ delSnap = (j1 :> "SUBMITTED" @@ j2 :> "SUBMITTED")
/\ status = (j1 :> "SUBMITTED" @@ j2 :> "SUBMITTED")
/\ cjAbortReq = {}
/\ abortSnap = (j1 :> "SUBMITTED" @@ j2 :> "SUBMITTED")
/\ flt = [ nr |-> 0,
  sdf |-> 0,
  cdf |-> 0,
  slf |-> 0,
  se |-> 0,
  st |-> 0,
  sef |-> 0,
  cef |-> 0,
  rl |-> 0,
  od |-> 0 ]

State 2: <W_RunnerScanList line 33, col 21 to line 33, col 42 of module MC>
/\ tagged = {}
/\ delPc = (j1 :> "idle" @@ j2 :> "idle")
/\ comp = (j1 :> "none" @@ j2 :> "none")
/\ running = {}
/\ hasPending = (j1 :> FALSE @@ j2 :> FALSE)
/\ cj = (<<c1, j1>> :> "none" @@ <<c1, j2>> :> "none")
/\ scheduled = {}
/\ abortPc = (j1 :> "idle" @@ j2 :> "idle")
/\ runProc = {}
/\ sjAbortReq = {}
/\ launchAfterAck = (j1 :> FALSE @@ j2 :> FALSE)
/\ wasTerminal = (j1 :> FALSE @@ j2 :> FALSE)
/\ pendingSet = (j1 :> {} @@ j2 :> {})
/\ stRep = (<<c1, j1>> :> "none" @@ <<c1, j2>> :> "none")
/\ stReq = (c1 :> {})
/\ rn = [ pc |-> "listed",
  detail |-> FALSE,
  jobId |-> FALSE,
  why |-> "none",
  job |-> NoJob,
  listed |-> {j1, j2},
  cands |-> {},
  clients |-> {},
  snap |-> "SUBMITTED" ]
/\ sj = (j1 :> "none" @@ j2 :> "none")
/\ excCode = (j1 :> "none" @@ j2 :> "none")
/\ cjCode = (<<c1, j1>> :> "none" @@ <<c1, j2>> :> "none")
/\ runAborted = (j1 :> FALSE @@ j2 :> FALSE)
/\ abortAck = (j1 :> FALSE @@ j2 :> FALSE)
/\ participants = (j1 :> {} @@ j2 :> {})
/\ delSnap = (j1 :> "SUBMITTED" @@ j2 :> "SUBMITTED")
/\ status = (j1 :> "SUBMITTED" @@ j2 :> "SUBMITTED")
/\ cjAbortReq = {}
/\ abortSnap = (j1 :> "SUBMITTED" @@ j2 :> "SUBMITTED")
/\ flt = [ nr |-> 0,
  sdf |-> 0,
  cdf |-> 0,
  slf |-> 0,
  se |-> 0,
  st |-> 0,
  sef |-> 0,
  cef |-> 0,
  rl |-> 0,
  od |-> 0 ]

State 3: <W_RunnerScanRead line 34, col 21 to line 34, col 42 of module MC>
/\ tagged = {}
/\ delPc = (j1 :> "idle" @@ j2 :> "idle")
/\ comp = (j1 :> "none" @@ j2 :> "none")
/\ running = {}
/\ hasPending = (j1 :> FALSE @@ j2 :> FALSE)
/\ cj = (<<c1, j1>> :> "none" @@ <<c1, j2>> :> "none")
/\ scheduled = {}
/\ abortPc = (j1 :> "idle" @@ j2 :> "idle")
/\ runProc = {}
/\ sjAbortReq = {}
/\ launchAfterAck = (j1 :> FALSE @@ j2 :> FALSE)
/\ wasTerminal = (j1 :> FALSE @@ j2 :> FALSE)
/\ pendingSet = (j1 :> {} @@ j2 :> {})
/\ stRep = (<<c1, j1>> :> "none" @@ <<c1, j2>> :> "none")
/\ stReq = (c1 :> {})
/\ rn = [ pc |-> "sched",
  detail |-> FALSE,
  jobId |-> FALSE,
  why |-> "none",
  job |-> NoJob,
  listed |-> {j1, j2},
  cands |-> {j1, j2},
  clients |-> {},
  snap |-> "SUBMITTED" ]
/\ sj = (j1 :> "none" @@ j2 :> "none")
/\ excCode = (j1 :> "none" @@ j2 :> "none")
/\ cjCode = (<<c1, j1>> :> "none" @@ <<c1, j2>> :> "none")
/\ runAborted = (j1 :> FALSE @@ j2 :> FALSE)
/\ abortAck = (j1 :> FALSE @@ j2 :> FALSE)
/\ participants = (j1 :> {} @@ j2 :> {})
/\ delSnap = (j1 :> "SUBMITTED" @@ j2 :> "SUBMITTED")
/\ status = (j1 :> "SUBMITTED" @@ j2 :> "SUBMITTED")
/\ cjAbortReq = {}
/\ abortSnap = (j1 :> "SUBMITTED" @@ j2 :> "SUBMITTED")
/\ flt = [ nr |-> 0,
  sdf |-> 0,
  cdf |-> 0,
  slf |-> 0,
  se |-> 0,
  st |-> 0,
  sef |-> 0,
  cef |-> 0,
  rl |-> 0,
  od |-> 0 ]

State 4: <W_RunnerSchedule line 35, col 21 to line 35, col 42 of module MC>
/\ tagged = {}
/\ delPc = (j1 :> "idle" @@ j2 :> "idle")
/\ comp = (j1 :> "none" @@ j2 :> "none")
/\ running = {}
/\ hasPending = (j1 :> FALSE @@ j2 :> FALSE)
/\ cj = (<<c1, j1>> :> "none" @@ <<c1, j2>> :> "none")
/\ scheduled = {}
/\ abortPc = (j1 :> "idle" @@ j2 :> "idle")
/\ runProc = {}
/\ sjAbortReq = {}
/\ launchAfterAck = (j1 :> FALSE @@ j2 :> FALSE)
/\ wasTerminal = (j1 :> FALSE @@ j2 :> FALSE)
/\ pendingSet = (j1 :> {} @@ j2 :> {})
/\ stRep = (<<c1, j1>> :> "none" @@ <<c1, j2>> :> "none")
/\ stReq = (c1 :> {})
/\ rn = [ pc |-> "stat1",
  detail |-> FALSE,
  jobId |-> FALSE,
  why |-> "none",
  job |-> j1,
  listed |-> {j1, j2},
  cands |-> {j1, j2},
  clients |-> {c1},
  snap |-> "SUBMITTED" ]
/\ sj = (j1 :> "none" @@ j2 :> "none")
/\ excCode = (j1 :> "none" @@ j2 :> "none")
/\ cjCode = (<<c1, j1>> :> "none" @@ <<c1, j2>> :> "none")
/\ runAborted = (j1 :> FALSE @@ j2 :> FALSE)
/\ abortAck = (j1 :> FALSE @@ j2 :> FALSE)
/\ participants = (j1 :> {} @@ j2 :> {})
/\ delSnap = (j1 :> "SUBMITTED" @@ j2 :> "SUBMITTED")
/\ status = (j1 :> "SUBMITTED" @@ j2 :> "SUBMITTED")
/\ cjAbortReq = {}
/\ abortSnap = (j1 :> "SUBMITTED" @@ j2 :> "SUBMITTED")
/\ flt = [ nr |-> 0,
  sdf |-> 0,
  cdf |-> 0,
  slf |-> 0,
  se |-> 0,
  st |-> 0,
  sef |-> 0,
  cef |-> 0,
  rl |-> 0,
  od |-> 0 ]

State 5: <W_AdminDeleteSnap(j1) line 65, col 25 to line 65, col 69 of module MC>
/\ tagged = {}
/\ delPc = (j1 :> "snap" @@ j2 :> "idle")
/\ comp = (j1 :> "none" @@ j2 :> "none")
/\ running = {}
/\ hasPending = (j1 :> FALSE @@ j2 :> FALSE)
/\ cj = (<<c1, j1>> :> "none" @@ <<c1, j2>> :> "none")
/\ scheduled = {}
/\ abortPc = (j1 :> "idle" @@ j2 :> "idle")
/\ runProc = {}
/\ sjAbortReq = {}
/\ launchAfterAck = (j1 :> FALSE @@ j2 :> FALSE)
/\ wasTerminal = (j1 :> FALSE @@ j2 :> FALSE)
/\ pendingSet = (j1 :> {} @@ j2 :> {})
/\ stRep = (<<c1, j1>> :> "none" @@ <<c1, j2>> :> "none")
/\ stReq = (c1 :> {})
/\ rn = [ pc |-> "stat1",
  detail |-> FALSE,
  jobId |-> FALSE,
  why |-> "none",
  job |-> j1,
  listed |-> {j1, j2},
  cands |-> {j1, j2},
  clients |-> {c1},
  snap |-> "SUBMITTED" ]
/\ sj = (j1 :> "none" @@ j2 :> "none")
/\ excCode = (j1 :> "none" @@ j2 :> "none")
/\ cjCode = (<<c1, j1>> :> "none" @@ <<c1, j2>> :> "none")
/\ runAborted = (j1 :> FALSE @@ j2 :> FALSE)
/\ abortAck = (j1 :> FALSE @@ j2 :> FALSE)
/\ participants = (j1 :> {} @@ j2 :> {})
/\ delSnap = (j1 :> "SUBMITTED" @@ j2 :> "SUBMITTED")
/\ status = (j1 :> "SUBMITTED" @@ j2 :> "SUBMITTED")
/\ cjAbortReq = {}
/\ abortSnap = (j1 :> "SUBMITTED" @@ j2 :> "SUBMITTED")
/\ flt = [ nr |-> 0,
  sdf |-> 0,
  cdf |-> 0,
  slf |-> 0,
  se |-> 0,
  st |-> 0,
  sef |-> 0,
  cef |-> 0,
  rl |-> 0,
  od |-> 0 ]

State 6: <W_AdminDeleteAct(j1) line 66, col 24 to line 66, col 48 of module MC>
/\ tagged = {}
/\ delPc = (j1 :> "done" @@ j2 :> "idle")
/\ comp = (j1 :> "none" @@ j2 :> "none")
/\ running = {}
/\ hasPending = (j1 :> FALSE @@ j2 :> FALSE)
/\ cj = (<<c1, j1>> :> "none" @@ <<c1, j2>> :> "none")
/\ scheduled = {}
/\ abortPc = (j1 :> "idle" @@ j2 :> "idle")
/\ runProc = {}
/\ sjAbortReq = {}
/\ launchAfterAck = (j1 :> FALSE @@ j2 :> FALSE)
/\ wasTerminal = (j1 :> FALSE @@ j2 :> FALSE)
/\ pendingSet = (j1 :> {} @@ j2 :> {})
/\ stRep = (<<c1, j1>> :> "none" @@ <<c1, j2>> :> "none")
/\ stReq = (c1 :> {})
/\ rn = [ pc |-> "stat1",
  detail |-> FALSE,
  jobId |-> FALSE,
  why |-> "none",
  job |-> j1,
  listed |-> {j1, j2},
  cands |-> {j1, j2},
  clients |-> {c1},
  snap |-> "SUBMITTED" ]
/\ sj = (j1 :> "none" @@ j2 :> "none")
/\ excCode = (j1 :> "none" @@ j2 :> "none")
/\ cjCode = (<<c1, j1>> :> "none" @@ <<c1, j2>> :> "none")
/\ runAborted = (j1 :> FALSE @@ j2 :> FALSE)
/\ abortAck = (j1 :> FALSE @@ j2 :> FALSE)
/\ participants = (j1 :> {} @@ j2 :> {})
/\ delSnap = (j1 :> "SUBMITTED" @@ j2 :> "SUBMITTED")
/\ status = (j1 :> "DELETED" @@ j2 :> "SUBMITTED")
/\ cjAbortReq = {}
/\ abortSnap = (j1 :> "SUBMITTED" @@ j2 :> "SUBMITTED")
/\ flt = [ nr |-> 0,
  sdf |-> 0,
  cdf |-> 0,
  slf |-> 0,
  se |-> 0,
  st |-> 0,
  sef |-> 0,
  cef |-> 0,
  rl |-> 0,
  od |-> 0 ]

State 7: <W_RunnerCheckSubmitted line 37, col 27 to line 37, col 54 of module MC>
/\ tagged = {}
/\ delPc = (j1 :> "done" @@ j2 :> "idle")
/\ comp = (j1 :> "none" @@ j2 :> "none")
/\ running = {}
/\ hasPending = (j1 :> FALSE @@ j2 :> FALSE)
/\ cj = (<<c1, j1>> :> "none" @@ <<c1, j2>> :> "none")
/\ scheduled = {}
/\ abortPc = (j1 :> "idle" @@ j2 :> "idle")
/\ runProc = {}
/\ sjAbortReq = {}
/\ launchAfterAck = (j1 :> FALSE @@ j2 :> FALSE)
/\ wasTerminal = (j1 :> FALSE @@ j2 :> FALSE)
/\ pendingSet = (j1 :> {} @@ j2 :> {})
/\ stRep = (<<c1, j1>> :> "none" @@ <<c1, j2>> :> "none")
/\ stReq = (c1 :> {})
/\ rn = [ pc |-> "crashed",
  detail |-> FALSE,
  jobId |-> FALSE,
  why |-> "stat1:get_job_none",
  job |-> j1,
  listed |-> {j1, j2},
  cands |-> {j1, j2},
  clients |-> {c1},
  snap |-> "SUBMITTED" ]
/\ sj = (j1 :> "none" @@ j2 :> "none")
/\ excCode = (j1 :> "none" @@ j2 :> "none")
/\ cjCode = (<<c1, j1>> :> "none" @@ <<c1, j2>> :> "none")
/\ runAborted = (j1 :> FALSE @@ j2 :> FALSE)
/\ abortAck = (j1 :> FALSE @@ j2 :> FALSE)
/\ participants = (j1 :> {} @@ j2 :> {})
/\ delSnap = (j1 :> "SUBMITTED" @@ j2 :> "SUBMITTED")
/\ status = (j1 :> "DELETED" @@ j2 :> "SUBMITTED")
/\ cjAbortReq = {}
/\ abortSnap = (j1 :> "SUBMITTED" @@ j2 :> "SUBMITTED")
/\ flt = [ nr |-> 0,
  sdf |-> 0,
  cdf |-> 0,
  slf |-> 0,
  se |-> 0,
  st |-> 0,
  sef |-> 0,
  cef |-> 0,
  rl |-> 0,
  od |-> 0 ]

"CounterExample written: /home/experiment/runs/specula/nvflare-lite-full-opus55-20260925/lite/source/.specula-lite/job-lifecycle-20260925/models/lifecycle/output/hunt_delete_noscan_1.log.trace.json"
173 states generated, 121 distinct states found, 26 states left on queue.
The depth of the complete state graph search is 14.
Finished in 00s at (2026-09-25 05:40:17)
Trace exploration spec path: ./MC_TTrace_1790314817.tla
