TLC2 Version 2026.09.23.154203 (rev: 4260e47)
Warning: Please run the Java VM, which executes TLC with a throughput optimized garbage collector, by passing the "-XX:+UseParallelGC" property.
(Use the -nowarning option to disable this warning.)
Running breadth-first search Model-Checking with fp 116 and seed 5673408538859892269 with 8 workers on 16 cores with 16384MB heap and 64MB offheap memory [pid: 3786652] (Linux 6.8.0-1044-azure amd64, Ubuntu 21.0.11 64bit, MSBDiskFPSet, DiskStateQueue).
Parsing file /home/experiment/runs/specula/nvflare-lite-full-opus55-20260925/lite/source/.specula-lite/job-lifecycle-20260925/models/lifecycle/MC.tla
Parsing file /home/experiment/runs/specula/nvflare-lite-full-opus55-20260925/lite/source/.specula-lite/job-lifecycle-20260925/models/lifecycle/base.tla
Parsing file /tmp/tlc-2693067250965466963/_JsonTrace.tla (jar:file:/home/experiment/.cache/specula-lite/tla2tools-1.8.0.jar!/tla2sany/StandardModules/_JsonTrace.tla)
Parsing file /tmp/tlc-2693067250965466963/_TLCTrace.tla (jar:file:/home/experiment/.cache/specula-lite/tla2tools-1.8.0.jar!/tla2sany/StandardModules/_TLCTrace.tla)
Parsing file /tmp/tlc-2693067250965466963/Naturals.tla (jar:file:/home/experiment/.cache/specula-lite/tla2tools-1.8.0.jar!/tla2sany/StandardModules/Naturals.tla)
Parsing file /tmp/tlc-2693067250965466963/FiniteSets.tla (jar:file:/home/experiment/.cache/specula-lite/tla2tools-1.8.0.jar!/tla2sany/StandardModules/FiniteSets.tla)
Parsing file /tmp/tlc-2693067250965466963/TLC.tla (jar:file:/home/experiment/.cache/specula-lite/tla2tools-1.8.0.jar!/tla2sany/StandardModules/TLC.tla)
Parsing file /tmp/tlc-2693067250965466963/Sequences.tla (jar:file:/home/experiment/.cache/specula-lite/tla2tools-1.8.0.jar!/tla2sany/StandardModules/Sequences.tla)
Parsing file /tmp/tlc-2693067250965466963/TLCExt.tla (jar:file:/home/experiment/.cache/specula-lite/tla2tools-1.8.0.jar!/tla2sany/StandardModules/TLCExt.tla)
Parsing file /tmp/tlc-2693067250965466963/Json.tla (jar:file:/home/experiment/.cache/specula-lite/tla2tools-1.8.0.jar!/tla2sany/StandardModules/Json.tla)
Parsing file /tmp/tlc-2693067250965466963/Integers.tla (jar:file:/home/experiment/.cache/specula-lite/tla2tools-1.8.0.jar!/tla2sany/StandardModules/Integers.tla)
Semantic processing of module Naturals
Semantic processing of module Sequences
Semantic processing of module FiniteSets
Semantic processing of module TLC
Semantic processing of module base
Semantic processing of module Integers
Semantic processing of module TLCExt
Semantic processing of module Json
Semantic processing of module _JsonTrace
Semantic processing of module _TLCTrace
Semantic processing of module MC
Linting of module base
Linting of module TLCExt
Linting of module Json
Linting of module _JsonTrace
Linting of module _TLCTrace
Linting of module MC
Starting... (2026-09-25 05:37:39)
Computing initial states...
Finished computing initial states: 1 distinct state generated at 2026-09-25 05:37:39.
Error: Invariant TerminalStatusStable is violated.
Error: The behavior up to this point is:
State 1: <Initial predicate>
/\ tagged = {}
/\ delPc = (j1 :> "idle" @@ j2 :> "idle")
/\ comp = (j1 :> "none" @@ j2 :> "none")
/\ running = {}
/\ hasPending = (j1 :> FALSE @@ j2 :> FALSE)
/\ cj = ( <<c1, j1>> :> "none" @@
  <<c1, j2>> :> "none" @@
  <<c2, j1>> :> "none" @@
  <<c2, j2>> :> "none" )
/\ scheduled = {}
/\ abortPc = (j1 :> "idle" @@ j2 :> "idle")
/\ runProc = {}
/\ sjAbortReq = {}
/\ launchAfterAck = (j1 :> FALSE @@ j2 :> FALSE)
/\ wasTerminal = (j1 :> FALSE @@ j2 :> FALSE)
/\ pendingSet = (j1 :> {} @@ j2 :> {})
/\ stRep = ( <<c1, j1>> :> "none" @@
  <<c1, j2>> :> "none" @@
  <<c2, j1>> :> "none" @@
  <<c2, j2>> :> "none" )
/\ stReq = (c1 :> {} @@ c2 :> {})
/\ rn = [ pc |-> "idle",
  detail |-> FALSE,
  jobId |-> FALSE,
  why |-> "none",
  job |-> NoJob,
  listed |-> {},
  cands |-> {},
  clients |-> {},
  snap |-> "SUBMITTED" ]
/\ sj = (j1 :> "none" @@ j2 :> "none")
/\ excCode = (j1 :> "none" @@ j2 :> "none")
/\ cjCode = ( <<c1, j1>> :> "none" @@
  <<c1, j2>> :> "none" @@
  <<c2, j1>> :> "none" @@
  <<c2, j2>> :> "none" )
/\ runAborted = (j1 :> FALSE @@ j2 :> FALSE)
/\ abortAck = (j1 :> FALSE @@ j2 :> FALSE)
/\ participants = (j1 :> {} @@ j2 :> {})
/\ delSnap = (j1 :> "SUBMITTED" @@ j2 :> "SUBMITTED")
/\ status = (j1 :> "SUBMITTED" @@ j2 :> "SUBMITTED")
/\ cjAbortReq = {}
/\ abortSnap = (j1 :> "SUBMITTED" @@ j2 :> "SUBMITTED")
/\ flt = [ nr |-> 0,
  sdf |-> 0,
  cdf |-> 0,
  slf |-> 0,
  se |-> 0,
  st |-> 0,
  sef |-> 0,
  cef |-> 0,
  rl |-> 0,
  od |-> 0 ]

State 2: <MCNext line 34, col 9 to line 34, col 30 of module MC>
/\ tagged = {}
/\ delPc = (j1 :> "idle" @@ j2 :> "idle")
/\ comp = (j1 :> "none" @@ j2 :> "none")
/\ running = {}
/\ hasPending = (j1 :> FALSE @@ j2 :> FALSE)
/\ cj = ( <<c1, j1>> :> "none" @@
  <<c1, j2>> :> "none" @@
  <<c2, j1>> :> "none" @@
  <<c2, j2>> :> "none" )
/\ scheduled = {}
/\ abortPc = (j1 :> "idle" @@ j2 :> "idle")
/\ runProc = {}
/\ sjAbortReq = {}
/\ launchAfterAck = (j1 :> FALSE @@ j2 :> FALSE)
/\ wasTerminal = (j1 :> FALSE @@ j2 :> FALSE)
/\ pendingSet = (j1 :> {} @@ j2 :> {})
/\ stRep = ( <<c1, j1>> :> "none" @@
  <<c1, j2>> :> "none" @@
  <<c2, j1>> :> "none" @@
  <<c2, j2>> :> "none" )
/\ stReq = (c1 :> {} @@ c2 :> {})
/\ rn = [ pc |-> "listed",
  detail |-> FALSE,
  jobId |-> FALSE,
  why |-> "none",
  job |-> NoJob,
  listed |-> {j1, j2},
  cands |-> {},
  clients |-> {},
  snap |-> "SUBMITTED" ]
/\ sj = (j1 :> "none" @@ j2 :> "none")
/\ excCode = (j1 :> "none" @@ j2 :> "none")
/\ cjCode = ( <<c1, j1>> :> "none" @@
  <<c1, j2>> :> "none" @@
  <<c2, j1>> :> "none" @@
  <<c2, j2>> :> "none" )
/\ runAborted = (j1 :> FALSE @@ j2 :> FALSE)
/\ abortAck = (j1 :> FALSE @@ j2 :> FALSE)
/\ participants = (j1 :> {} @@ j2 :> {})
/\ delSnap = (j1 :> "SUBMITTED" @@ j2 :> "SUBMITTED")
/\ status = (j1 :> "SUBMITTED" @@ j2 :> "SUBMITTED")
/\ cjAbortReq = {}
/\ abortSnap = (j1 :> "SUBMITTED" @@ j2 :> "SUBMITTED")
/\ flt = [ nr |-> 0,
  sdf |-> 0,
  cdf |-> 0,
  slf |-> 0,
  se |-> 0,
  st |-> 0,
  sef |-> 0,
  cef |-> 0,
  rl |-> 0,
  od |-> 0 ]

State 3: <MCNext line 34, col 37 to line 34, col 58 of module MC>
/\ tagged = {}
/\ delPc = (j1 :> "idle" @@ j2 :> "idle")
/\ comp = (j1 :> "none" @@ j2 :> "none")
/\ running = {}
/\ hasPending = (j1 :> FALSE @@ j2 :> FALSE)
/\ cj = ( <<c1, j1>> :> "none" @@
  <<c1, j2>> :> "none" @@
  <<c2, j1>> :> "none" @@
  <<c2, j2>> :> "none" )
/\ scheduled = {}
/\ abortPc = (j1 :> "idle" @@ j2 :> "idle")
/\ runProc = {}
/\ sjAbortReq = {}
/\ launchAfterAck = (j1 :> FALSE @@ j2 :> FALSE)
/\ wasTerminal = (j1 :> FALSE @@ j2 :> FALSE)
/\ pendingSet = (j1 :> {} @@ j2 :> {})
/\ stRep = ( <<c1, j1>> :> "none" @@
  <<c1, j2>> :> "none" @@
  <<c2, j1>> :> "none" @@
  <<c2, j2>> :> "none" )
/\ stReq = (c1 :> {} @@ c2 :> {})
/\ rn = [ pc |-> "sched",
  detail |-> FALSE,
  jobId |-> FALSE,
  why |-> "none",
  job |-> NoJob,
  listed |-> {j1, j2},
  cands |-> {j1, j2},
  clients |-> {},
  snap |-> "SUBMITTED" ]
/\ sj = (j1 :> "none" @@ j2 :> "none")
/\ excCode = (j1 :> "none" @@ j2 :> "none")
/\ cjCode = ( <<c1, j1>> :> "none" @@
  <<c1, j2>> :> "none" @@
  <<c2, j1>> :> "none" @@
  <<c2, j2>> :> "none" )
/\ runAborted = (j1 :> FALSE @@ j2 :> FALSE)
/\ abortAck = (j1 :> FALSE @@ j2 :> FALSE)
/\ participants = (j1 :> {} @@ j2 :> {})
/\ delSnap = (j1 :> "SUBMITTED" @@ j2 :> "SUBMITTED")
/\ status = (j1 :> "SUBMITTED" @@ j2 :> "SUBMITTED")
/\ cjAbortReq = {}
/\ abortSnap = (j1 :> "SUBMITTED" @@ j2 :> "SUBMITTED")
/\ flt = [ nr |-> 0,
  sdf |-> 0,
  cdf |-> 0,
  slf |-> 0,
  se |-> 0,
  st |-> 0,
  sef |-> 0,
  cef |-> 0,
  rl |-> 0,
  od |-> 0 ]

State 4: <MCNext line 34, col 65 to line 34, col 86 of module MC>
/\ tagged = {}
/\ delPc = (j1 :> "idle" @@ j2 :> "idle")
/\ comp = (j1 :> "none" @@ j2 :> "none")
/\ running = {}
/\ hasPending = (j1 :> FALSE @@ j2 :> FALSE)
/\ cj = ( <<c1, j1>> :> "none" @@
  <<c1, j2>> :> "none" @@
  <<c2, j1>> :> "none" @@
  <<c2, j2>> :> "none" )
/\ scheduled = {}
/\ abortPc = (j1 :> "idle" @@ j2 :> "idle")
/\ runProc = {}
/\ sjAbortReq = {}
/\ launchAfterAck = (j1 :> FALSE @@ j2 :> FALSE)
/\ wasTerminal = (j1 :> FALSE @@ j2 :> FALSE)
/\ pendingSet = (j1 :> {} @@ j2 :> {})
/\ stRep = ( <<c1, j1>> :> "none" @@
  <<c1, j2>> :> "none" @@
  <<c2, j1>> :> "none" @@
  <<c2, j2>> :> "none" )
/\ stReq = (c1 :> {} @@ c2 :> {})
/\ rn = [ pc |-> "stat1",
  detail |-> FALSE,
  jobId |-> FALSE,
  why |-> "none",
  job |-> j2,
  listed |-> {j1, j2},
  cands |-> {j1, j2},
  clients |-> {c1},
  snap |-> "SUBMITTED" ]
/\ sj = (j1 :> "none" @@ j2 :> "none")
/\ excCode = (j1 :> "none" @@ j2 :> "none")
/\ cjCode = ( <<c1, j1>> :> "none" @@
  <<c1, j2>> :> "none" @@
  <<c2, j1>> :> "none" @@
  <<c2, j2>> :> "none" )
/\ runAborted = (j1 :> FALSE @@ j2 :> FALSE)
/\ abortAck = (j1 :> FALSE @@ j2 :> FALSE)
/\ participants = (j1 :> {} @@ j2 :> {})
/\ delSnap = (j1 :> "SUBMITTED" @@ j2 :> "SUBMITTED")
/\ status = (j1 :> "SUBMITTED" @@ j2 :> "SUBMITTED")
/\ cjAbortReq = {}
/\ abortSnap = (j1 :> "SUBMITTED" @@ j2 :> "SUBMITTED")
/\ flt = [ nr |-> 0,
  sdf |-> 0,
  cdf |-> 0,
  slf |-> 0,
  se |-> 0,
  st |-> 0,
  sef |-> 0,
  cef |-> 0,
  rl |-> 0,
  od |-> 0 ]

State 5: <MCNext line 36, col 9 to line 36, col 36 of module MC>
/\ tagged = {}
/\ delPc = (j1 :> "idle" @@ j2 :> "idle")
/\ comp = (j1 :> "none" @@ j2 :> "none")
/\ running = {}
/\ hasPending = (j1 :> FALSE @@ j2 :> FALSE)
/\ cj = ( <<c1, j1>> :> "none" @@
  <<c1, j2>> :> "none" @@
  <<c2, j1>> :> "none" @@
  <<c2, j2>> :> "none" )
/\ scheduled = {}
/\ abortPc = (j1 :> "idle" @@ j2 :> "idle")
/\ runProc = {}
/\ sjAbortReq = {}
/\ launchAfterAck = (j1 :> FALSE @@ j2 :> FALSE)
/\ wasTerminal = (j1 :> FALSE @@ j2 :> FALSE)
/\ pendingSet = (j1 :> {} @@ j2 :> {})
/\ stRep = ( <<c1, j1>> :> "none" @@
  <<c1, j2>> :> "none" @@
  <<c2, j1>> :> "none" @@
  <<c2, j2>> :> "none" )
/\ stReq = (c1 :> {} @@ c2 :> {})
/\ rn = [ pc |-> "deploy",
  detail |-> FALSE,
  jobId |-> FALSE,
  why |-> "none",
  job |-> j2,
  listed |-> {j1, j2},
  cands |-> {j1, j2},
  clients |-> {c1},
  snap |-> "SUBMITTED" ]
/\ sj = (j1 :> "none" @@ j2 :> "none")
/\ excCode = (j1 :> "none" @@ j2 :> "none")
/\ cjCode = ( <<c1, j1>> :> "none" @@
  <<c1, j2>> :> "none" @@
  <<c2, j1>> :> "none" @@
  <<c2, j2>> :> "none" )
/\ runAborted = (j1 :> FALSE @@ j2 :> FALSE)
/\ abortAck = (j1 :> FALSE @@ j2 :> FALSE)
/\ participants = (j1 :> {} @@ j2 :> {})
/\ delSnap = (j1 :> "SUBMITTED" @@ j2 :> "SUBMITTED")
/\ status = (j1 :> "SUBMITTED" @@ j2 :> "SUBMITTED")
/\ cjAbortReq = {}
/\ abortSnap = (j1 :> "SUBMITTED" @@ j2 :> "SUBMITTED")
/\ flt = [ nr |-> 0,
  sdf |-> 0,
  cdf |-> 0,
  slf |-> 0,
  se |-> 0,
  st |-> 0,
  sef |-> 0,
  cef |-> 0,
  rl |-> 0,
  od |-> 0 ]

State 6: <MCNext line 36, col 43 to line 36, col 62 of module MC>
/\ tagged = {}
/\ delPc = (j1 :> "idle" @@ j2 :> "idle")
/\ comp = (j1 :> "none" @@ j2 :> "none")
/\ running = {}
/\ hasPending = (j1 :> FALSE @@ j2 :> FALSE)
/\ cj = ( <<c1, j1>> :> "none" @@
  <<c1, j2>> :> "none" @@
  <<c2, j1>> :> "none" @@
  <<c2, j2>> :> "none" )
/\ scheduled = {}
/\ abortPc = (j1 :> "idle" @@ j2 :> "idle")
/\ runProc = {}
/\ sjAbortReq = {}
/\ launchAfterAck = (j1 :> FALSE @@ j2 :> FALSE)
/\ wasTerminal = (j1 :> FALSE @@ j2 :> FALSE)
/\ pendingSet = (j1 :> {} @@ j2 :> {})
/\ stRep = ( <<c1, j1>> :> "none" @@
  <<c1, j2>> :> "none" @@
  <<c2, j1>> :> "none" @@
  <<c2, j2>> :> "none" )
/\ stReq = (c1 :> {} @@ c2 :> {})
/\ rn = [ pc |-> "setDisp",
  detail |-> TRUE,
  jobId |-> TRUE,
  why |-> "none",
  job |-> j2,
  listed |-> {j1, j2},
  cands |-> {j1, j2},
  clients |-> {c1},
  snap |-> "SUBMITTED" ]
/\ sj = (j1 :> "none" @@ j2 :> "none")
/\ excCode = (j1 :> "none" @@ j2 :> "none")
/\ cjCode = ( <<c1, j1>> :> "none" @@
  <<c1, j2>> :> "none" @@
  <<c2, j1>> :> "none" @@
  <<c2, j2>> :> "none" )
/\ runAborted = (j1 :> FALSE @@ j2 :> FALSE)
/\ abortAck = (j1 :> FALSE @@ j2 :> FALSE)
/\ participants = (j1 :> {} @@ j2 :> {})
/\ delSnap = (j1 :> "SUBMITTED" @@ j2 :> "SUBMITTED")
/\ status = (j1 :> "SUBMITTED" @@ j2 :> "SUBMITTED")
/\ cjAbortReq = {}
/\ abortSnap = (j1 :> "SUBMITTED" @@ j2 :> "SUBMITTED")
/\ flt = [ nr |-> 0,
  sdf |-> 0,
  cdf |-> 0,
  slf |-> 0,
  se |-> 0,
  st |-> 0,
  sef |-> 0,
  cef |-> 0,
  rl |-> 0,
  od |-> 0 ]

State 7: <MCNext line 37, col 9 to line 37, col 35 of module MC>
/\ tagged = {}
/\ delPc = (j1 :> "idle" @@ j2 :> "idle")
/\ comp = (j1 :> "none" @@ j2 :> "none")
/\ running = {}
/\ hasPending = (j1 :> FALSE @@ j2 :> FALSE)
/\ cj = ( <<c1, j1>> :> "none" @@
  <<c1, j2>> :> "none" @@
  <<c2, j1>> :> "none" @@
  <<c2, j2>> :> "none" )
/\ scheduled = {}
/\ abortPc = (j1 :> "idle" @@ j2 :> "idle")
/\ runProc = {}
/\ sjAbortReq = {}
/\ launchAfterAck = (j1 :> FALSE @@ j2 :> FALSE)
/\ wasTerminal = (j1 :> FALSE @@ j2 :> FALSE)
/\ pendingSet = (j1 :> {} @@ j2 :> {})
/\ stRep = ( <<c1, j1>> :> "none" @@
  <<c1, j2>> :> "none" @@
  <<c2, j1>> :> "none" @@
  <<c2, j2>> :> "none" )
/\ stReq = (c1 :> {} @@ c2 :> {})
/\ rn = [ pc |-> "umRead",
  detail |-> TRUE,
  jobId |-> TRUE,
  why |-> "none",
  job |-> j2,
  listed |-> {j1, j2},
  cands |-> {j1, j2},
  clients |-> {c1},
  snap |-> "SUBMITTED" ]
/\ sj = (j1 :> "none" @@ j2 :> "none")
/\ excCode = (j1 :> "none" @@ j2 :> "none")
/\ cjCode = ( <<c1, j1>> :> "none" @@
  <<c1, j2>> :> "none" @@
  <<c2, j1>> :> "none" @@
  <<c2, j2>> :> "none" )
/\ runAborted = (j1 :> FALSE @@ j2 :> FALSE)
/\ abortAck = (j1 :> FALSE @@ j2 :> FALSE)
/\ participants = (j1 :> {} @@ j2 :> {})
/\ delSnap = (j1 :> "SUBMITTED" @@ j2 :> "SUBMITTED")
/\ status = (j1 :> "SUBMITTED" @@ j2 :> "DISPATCHED")
/\ cjAbortReq = {}
/\ abortSnap = (j1 :> "SUBMITTED" @@ j2 :> "SUBMITTED")
/\ flt = [ nr |-> 0,
  sdf |-> 0,
  cdf |-> 0,
  slf |-> 0,
  se |-> 0,
  st |-> 0,
  sef |-> 0,
  cef |-> 0,
  rl |-> 0,
  od |-> 0 ]

State 8: <MCNext line 37, col 42 to line 37, col 69 of module MC>
/\ tagged = {}
/\ delPc = (j1 :> "idle" @@ j2 :> "idle")
/\ comp = (j1 :> "none" @@ j2 :> "none")
/\ running = {}
/\ hasPending = (j1 :> FALSE @@ j2 :> FALSE)
/\ cj = ( <<c1, j1>> :> "none" @@
  <<c1, j2>> :> "none" @@
  <<c2, j1>> :> "none" @@
  <<c2, j2>> :> "none" )
/\ scheduled = {}
/\ abortPc = (j1 :> "idle" @@ j2 :> "idle")
/\ runProc = {}
/\ sjAbortReq = {}
/\ launchAfterAck = (j1 :> FALSE @@ j2 :> FALSE)
/\ wasTerminal = (j1 :> FALSE @@ j2 :> FALSE)
/\ pendingSet = (j1 :> {} @@ j2 :> {})
/\ stRep = ( <<c1, j1>> :> "none" @@
  <<c1, j2>> :> "none" @@
  <<c2, j1>> :> "none" @@
  <<c2, j2>> :> "none" )
/\ stReq = (c1 :> {} @@ c2 :> {})
/\ rn = [ pc |-> "umWrite",
  detail |-> TRUE,
  jobId |-> TRUE,
  why |-> "none",
  job |-> j2,
  listed |-> {j1, j2},
  cands |-> {j1, j2},
  clients |-> {c1},
  snap |-> "DISPATCHED" ]
/\ sj = (j1 :> "none" @@ j2 :> "none")
/\ excCode = (j1 :> "none" @@ j2 :> "none")
/\ cjCode = ( <<c1, j1>> :> "none" @@
  <<c1, j2>> :> "none" @@
  <<c2, j1>> :> "none" @@
  <<c2, j2>> :> "none" )
/\ runAborted = (j1 :> FALSE @@ j2 :> FALSE)
/\ abortAck = (j1 :> FALSE @@ j2 :> FALSE)
/\ participants = (j1 :> {} @@ j2 :> {})
/\ delSnap = (j1 :> "SUBMITTED" @@ j2 :> "SUBMITTED")
/\ status = (j1 :> "SUBMITTED" @@ j2 :> "DISPATCHED")
/\ cjAbortReq = {}
/\ abortSnap = (j1 :> "SUBMITTED" @@ j2 :> "SUBMITTED")
/\ flt = [ nr |-> 0,
  sdf |-> 0,
  cdf |-> 0,
  slf |-> 0,
  se |-> 0,
  st |-> 0,
  sef |-> 0,
  cef |-> 0,
  rl |-> 0,
  od |-> 0 ]

State 9: <MCNext line 37, col 76 to line 37, col 104 of module MC>
/\ tagged = {}
/\ delPc = (j1 :> "idle" @@ j2 :> "idle")
/\ comp = (j1 :> "none" @@ j2 :> "none")
/\ running = {}
/\ hasPending = (j1 :> FALSE @@ j2 :> FALSE)
/\ cj = ( <<c1, j1>> :> "none" @@
  <<c1, j2>> :> "none" @@
  <<c2, j1>> :> "none" @@
  <<c2, j2>> :> "none" )
/\ scheduled = {}
/\ abortPc = (j1 :> "idle" @@ j2 :> "idle")
/\ runProc = {}
/\ sjAbortReq = {}
/\ launchAfterAck = (j1 :> FALSE @@ j2 :> FALSE)
/\ wasTerminal = (j1 :> FALSE @@ j2 :> FALSE)
/\ pendingSet = (j1 :> {} @@ j2 :> {})
/\ stRep = ( <<c1, j1>> :> "none" @@
  <<c1, j2>> :> "none" @@
  <<c2, j1>> :> "none" @@
  <<c2, j2>> :> "none" )
/\ stReq = (c1 :> {} @@ c2 :> {})
/\ rn = [ pc |-> "stat2",
  detail |-> TRUE,
  jobId |-> TRUE,
  why |-> "none",
  job |-> j2,
  listed |-> {j1, j2},
  cands |-> {j1, j2},
  clients |-> {c1},
  snap |-> "DISPATCHED" ]
/\ sj = (j1 :> "none" @@ j2 :> "none")
/\ excCode = (j1 :> "none" @@ j2 :> "none")
/\ cjCode = ( <<c1, j1>> :> "none" @@
  <<c1, j2>> :> "none" @@
  <<c2, j1>> :> "none" @@
  <<c2, j2>> :> "none" )
/\ runAborted = (j1 :> FALSE @@ j2 :> FALSE)
/\ abortAck = (j1 :> FALSE @@ j2 :> FALSE)
/\ participants = (j1 :> {} @@ j2 :> {})
/\ delSnap = (j1 :> "SUBMITTED" @@ j2 :> "SUBMITTED")
/\ status = (j1 :> "SUBMITTED" @@ j2 :> "DISPATCHED")
/\ cjAbortReq = {}
/\ abortSnap = (j1 :> "SUBMITTED" @@ j2 :> "SUBMITTED")
/\ flt = [ nr |-> 0,
  sdf |-> 0,
  cdf |-> 0,
  slf |-> 0,
  se |-> 0,
  st |-> 0,
  sef |-> 0,
  cef |-> 0,
  rl |-> 0,
  od |-> 0 ]

State 10: <MCNext line 38, col 9 to line 38, col 37 of module MC>
/\ tagged = {}
/\ delPc = (j1 :> "idle" @@ j2 :> "idle")
/\ comp = (j1 :> "none" @@ j2 :> "none")
/\ running = {}
/\ hasPending = (j1 :> FALSE @@ j2 :> FALSE)
/\ cj = ( <<c1, j1>> :> "none" @@
  <<c1, j2>> :> "none" @@
  <<c2, j1>> :> "none" @@
  <<c2, j2>> :> "none" )
/\ scheduled = {}
/\ abortPc = (j1 :> "idle" @@ j2 :> "idle")
/\ runProc = {}
/\ sjAbortReq = {}
/\ launchAfterAck = (j1 :> FALSE @@ j2 :> FALSE)
/\ wasTerminal = (j1 :> FALSE @@ j2 :> FALSE)
/\ pendingSet = (j1 :> {} @@ j2 :> {})
/\ stRep = ( <<c1, j1>> :> "none" @@
  <<c1, j2>> :> "none" @@
  <<c2, j1>> :> "none" @@
  <<c2, j2>> :> "none" )
/\ stReq = (c1 :> {} @@ c2 :> {})
/\ rn = [ pc |-> "startSJ",
  detail |-> TRUE,
  jobId |-> TRUE,
  why |-> "none",
  job |-> j2,
  listed |-> {j1, j2},
  cands |-> {j1, j2},
  clients |-> {c1},
  snap |-> "DISPATCHED" ]
/\ sj = (j1 :> "none" @@ j2 :> "none")
/\ excCode = (j1 :> "none" @@ j2 :> "none")
/\ cjCode = ( <<c1, j1>> :> "none" @@
  <<c1, j2>> :> "none" @@
  <<c2, j1>> :> "none" @@
  <<c2, j2>> :> "none" )
/\ runAborted = (j1 :> FALSE @@ j2 :> FALSE)
/\ abortAck = (j1 :> FALSE @@ j2 :> FALSE)
/\ participants = (j1 :> {} @@ j2 :> {})
/\ delSnap = (j1 :> "SUBMITTED" @@ j2 :> "SUBMITTED")
/\ status = (j1 :> "SUBMITTED" @@ j2 :> "DISPATCHED")
/\ cjAbortReq = {}
/\ abortSnap = (j1 :> "SUBMITTED" @@ j2 :> "SUBMITTED")
/\ flt = [ nr |-> 0,
  sdf |-> 0,
  cdf |-> 0,
  slf |-> 0,
  se |-> 0,
  st |-> 0,
  sef |-> 0,
  cef |-> 0,
  rl |-> 0,
  od |-> 0 ]

State 11: <MCNext line 38, col 44 to line 38, col 64 of module MC>
/\ tagged = {}
/\ delPc = (j1 :> "idle" @@ j2 :> "idle")
/\ comp = (j1 :> "none" @@ j2 :> "none")
/\ running = {}
/\ hasPending = (j1 :> FALSE @@ j2 :> TRUE)
/\ cj = ( <<c1, j1>> :> "none" @@
  <<c1, j2>> :> "none" @@
  <<c2, j1>> :> "none" @@
  <<c2, j2>> :> "none" )
/\ scheduled = {}
/\ abortPc = (j1 :> "idle" @@ j2 :> "idle")
/\ runProc = {j2}
/\ sjAbortReq = {}
/\ launchAfterAck = (j1 :> FALSE @@ j2 :> FALSE)
/\ wasTerminal = (j1 :> FALSE @@ j2 :> FALSE)
/\ pendingSet = (j1 :> {} @@ j2 :> {c1})
/\ stRep = ( <<c1, j1>> :> "none" @@
  <<c1, j2>> :> "none" @@
  <<c2, j1>> :> "none" @@
  <<c2, j2>> :> "none" )
/\ stReq = (c1 :> {j2} @@ c2 :> {})
/\ rn = [ pc |-> "stWait",
  detail |-> TRUE,
  jobId |-> TRUE,
  why |-> "none",
  job |-> j2,
  listed |-> {j1, j2},
  cands |-> {j1, j2},
  clients |-> {c1},
  snap |-> "DISPATCHED" ]
/\ sj = (j1 :> "none" @@ j2 :> "running")
/\ excCode = (j1 :> "none" @@ j2 :> "none")
/\ cjCode = ( <<c1, j1>> :> "none" @@
  <<c1, j2>> :> "none" @@
  <<c2, j1>> :> "none" @@
  <<c2, j2>> :> "none" )
/\ runAborted = (j1 :> FALSE @@ j2 :> FALSE)
/\ abortAck = (j1 :> FALSE @@ j2 :> FALSE)
/\ participants = (j1 :> {} @@ j2 :> {c1})
/\ delSnap = (j1 :> "SUBMITTED" @@ j2 :> "SUBMITTED")
/\ status = (j1 :> "SUBMITTED" @@ j2 :> "DISPATCHED")
/\ cjAbortReq = {}
/\ abortSnap = (j1 :> "SUBMITTED" @@ j2 :> "SUBMITTED")
/\ flt = [ nr |-> 0,
  sdf |-> 0,
  cdf |-> 0,
  slf |-> 0,
  se |-> 0,
  st |-> 0,
  sef |-> 0,
  cef |-> 0,
  rl |-> 0,
  od |-> 0 ]

State 12: <MCNext line 46, col 9 to line 46, col 74 of module MC>
/\ tagged = {}
/\ delPc = (j1 :> "idle" @@ j2 :> "idle")
/\ comp = (j1 :> "none" @@ j2 :> "none")
/\ running = {}
/\ hasPending = (j1 :> FALSE @@ j2 :> TRUE)
/\ cj = ( <<c1, j1>> :> "none" @@
  <<c1, j2>> :> "none" @@
  <<c2, j1>> :> "none" @@
  <<c2, j2>> :> "none" )
/\ scheduled = {j2}
/\ abortPc = (j1 :> "idle" @@ j2 :> "idle")
/\ runProc = {j2}
/\ sjAbortReq = {}
/\ launchAfterAck = (j1 :> FALSE @@ j2 :> FALSE)
/\ wasTerminal = (j1 :> FALSE @@ j2 :> FALSE)
/\ pendingSet = (j1 :> {} @@ j2 :> {})
/\ stRep = ( <<c1, j1>> :> "none" @@
  <<c1, j2>> :> "none" @@
  <<c2, j1>> :> "none" @@
  <<c2, j2>> :> "none" )
/\ stReq = (c1 :> {j2} @@ c2 :> {})
/\ rn = [ pc |-> "addRun",
  detail |-> TRUE,
  jobId |-> TRUE,
  why |-> "none",
  job |-> j2,
  listed |-> {j1, j2},
  cands |-> {j1, j2},
  clients |-> {c1},
  snap |-> "DISPATCHED" ]
/\ sj = (j1 :> "none" @@ j2 :> "running")
/\ excCode = (j1 :> "none" @@ j2 :> "none")
/\ cjCode = ( <<c1, j1>> :> "none" @@
  <<c1, j2>> :> "none" @@
  <<c2, j1>> :> "none" @@
  <<c2, j2>> :> "none" )
/\ runAborted = (j1 :> FALSE @@ j2 :> FALSE)
/\ abortAck = (j1 :> FALSE @@ j2 :> FALSE)
/\ participants = (j1 :> {} @@ j2 :> {c1})
/\ delSnap = (j1 :> "SUBMITTED" @@ j2 :> "SUBMITTED")
/\ status = (j1 :> "SUBMITTED" @@ j2 :> "DISPATCHED")
/\ cjAbortReq = {}
/\ abortSnap = (j1 :> "SUBMITTED" @@ j2 :> "SUBMITTED")
/\ flt = [ nr |-> 0,
  sdf |-> 0,
  cdf |-> 0,
  slf |-> 0,
  se |-> 0,
  st |-> 1,
  sef |-> 0,
  cef |-> 0,
  rl |-> 0,
  od |-> 0 ]

State 13: <MCNext line 39, col 9 to line 39, col 32 of module MC>
/\ tagged = {}
/\ delPc = (j1 :> "idle" @@ j2 :> "idle")
/\ comp = (j1 :> "none" @@ j2 :> "none")
/\ running = {j2}
/\ hasPending = (j1 :> FALSE @@ j2 :> TRUE)
/\ cj = ( <<c1, j1>> :> "none" @@
  <<c1, j2>> :> "none" @@
  <<c2, j1>> :> "none" @@
  <<c2, j2>> :> "none" )
/\ scheduled = {j2}
/\ abortPc = (j1 :> "idle" @@ j2 :> "idle")
/\ runProc = {j2}
/\ sjAbortReq = {}
/\ launchAfterAck = (j1 :> FALSE @@ j2 :> FALSE)
/\ wasTerminal = (j1 :> FALSE @@ j2 :> FALSE)
/\ pendingSet = (j1 :> {} @@ j2 :> {})
/\ stRep = ( <<c1, j1>> :> "none" @@
  <<c1, j2>> :> "none" @@
  <<c2, j1>> :> "none" @@
  <<c2, j2>> :> "none" )
/\ stReq = (c1 :> {j2} @@ c2 :> {})
/\ rn = [ pc |-> "setRun",
  detail |-> TRUE,
  jobId |-> TRUE,
  why |-> "none",
  job |-> j2,
  listed |-> {j1, j2},
  cands |-> {j1, j2},
  clients |-> {c1},
  snap |-> "DISPATCHED" ]
/\ sj = (j1 :> "none" @@ j2 :> "running")
/\ excCode = (j1 :> "none" @@ j2 :> "none")
/\ cjCode = ( <<c1, j1>> :> "none" @@
  <<c1, j2>> :> "none" @@
  <<c2, j1>> :> "none" @@
  <<c2, j2>> :> "none" )
/\ runAborted = (j1 :> FALSE @@ j2 :> FALSE)
/\ abortAck = (j1 :> FALSE @@ j2 :> FALSE)
/\ participants = (j1 :> {} @@ j2 :> {c1})
/\ delSnap = (j1 :> "SUBMITTED" @@ j2 :> "SUBMITTED")
/\ status = (j1 :> "SUBMITTED" @@ j2 :> "DISPATCHED")
/\ cjAbortReq = {}
/\ abortSnap = (j1 :> "SUBMITTED" @@ j2 :> "SUBMITTED")
/\ flt = [ nr |-> 0,
  sdf |-> 0,
  cdf |-> 0,
  slf |-> 0,
  se |-> 0,
  st |-> 1,
  sef |-> 0,
  cef |-> 0,
  rl |-> 0,
  od |-> 0 ]

State 14: <MCNext line 50, col 15 to line 50, col 37 of module MC>
/\ tagged = {}
/\ delPc = (j1 :> "idle" @@ j2 :> "idle")
/\ comp = (j1 :> "none" @@ j2 :> "none")
/\ running = {j2}
/\ hasPending = (j1 :> FALSE @@ j2 :> TRUE)
/\ cj = ( <<c1, j1>> :> "none" @@
  <<c1, j2>> :> "none" @@
  <<c2, j1>> :> "none" @@
  <<c2, j2>> :> "none" )
/\ scheduled = {j2}
/\ abortPc = (j1 :> "idle" @@ j2 :> "idle")
/\ runProc = {}
/\ sjAbortReq = {}
/\ launchAfterAck = (j1 :> FALSE @@ j2 :> FALSE)
/\ wasTerminal = (j1 :> FALSE @@ j2 :> FALSE)
/\ pendingSet = (j1 :> {} @@ j2 :> {})
/\ stRep = ( <<c1, j1>> :> "none" @@
  <<c1, j2>> :> "none" @@
  <<c2, j1>> :> "none" @@
  <<c2, j2>> :> "none" )
/\ stReq = (c1 :> {j2} @@ c2 :> {})
/\ rn = [ pc |-> "setRun",
  detail |-> TRUE,
  jobId |-> TRUE,
  why |-> "none",
  job |-> j2,
  listed |-> {j1, j2},
  cands |-> {j1, j2},
  clients |-> {c1},
  snap |-> "DISPATCHED" ]
/\ sj = (j1 :> "none" @@ j2 :> "gone")
/\ excCode = (j1 :> "none" @@ j2 :> "none")
/\ cjCode = ( <<c1, j1>> :> "none" @@
  <<c1, j2>> :> "none" @@
  <<c2, j1>> :> "none" @@
  <<c2, j2>> :> "none" )
/\ runAborted = (j1 :> FALSE @@ j2 :> FALSE)
/\ abortAck = (j1 :> FALSE @@ j2 :> FALSE)
/\ participants = (j1 :> {} @@ j2 :> {c1})
/\ delSnap = (j1 :> "SUBMITTED" @@ j2 :> "SUBMITTED")
/\ status = (j1 :> "SUBMITTED" @@ j2 :> "DISPATCHED")
/\ cjAbortReq = {}
/\ abortSnap = (j1 :> "SUBMITTED" @@ j2 :> "SUBMITTED")
/\ flt = [ nr |-> 0,
  sdf |-> 0,
  cdf |-> 0,
  slf |-> 0,
  se |-> 0,
  st |-> 1,
  sef |-> 0,
  cef |-> 0,
  rl |-> 0,
  od |-> 0 ]

State 15: <MCNext line 48, col 15 to line 48, col 41 of module MC>
/\ tagged = {}
/\ delPc = (j1 :> "idle" @@ j2 :> "idle")
/\ comp = (j1 :> "none" @@ j2 :> "COMPLETED")
/\ running = {j2}
/\ hasPending = (j1 :> FALSE @@ j2 :> TRUE)
/\ cj = ( <<c1, j1>> :> "none" @@
  <<c1, j2>> :> "none" @@
  <<c2, j1>> :> "none" @@
  <<c2, j2>> :> "none" )
/\ scheduled = {j2}
/\ abortPc = (j1 :> "idle" @@ j2 :> "idle")
/\ runProc = {}
/\ sjAbortReq = {}
/\ launchAfterAck = (j1 :> FALSE @@ j2 :> FALSE)
/\ wasTerminal = (j1 :> FALSE @@ j2 :> FALSE)
/\ pendingSet = (j1 :> {} @@ j2 :> {})
/\ stRep = ( <<c1, j1>> :> "none" @@
  <<c1, j2>> :> "none" @@
  <<c2, j1>> :> "none" @@
  <<c2, j2>> :> "none" )
/\ stReq = (c1 :> {j2} @@ c2 :> {})
/\ rn = [ pc |-> "setRun",
  detail |-> TRUE,
  jobId |-> TRUE,
  why |-> "none",
  job |-> j2,
  listed |-> {j1, j2},
  cands |-> {j1, j2},
  clients |-> {c1},
  snap |-> "DISPATCHED" ]
/\ sj = (j1 :> "none" @@ j2 :> "gone")
/\ excCode = (j1 :> "none" @@ j2 :> "none")
/\ cjCode = ( <<c1, j1>> :> "none" @@
  <<c1, j2>> :> "none" @@
  <<c2, j1>> :> "none" @@
  <<c2, j2>> :> "none" )
/\ runAborted = (j1 :> FALSE @@ j2 :> FALSE)
/\ abortAck = (j1 :> FALSE @@ j2 :> FALSE)
/\ participants = (j1 :> {} @@ j2 :> {c1})
/\ delSnap = (j1 :> "SUBMITTED" @@ j2 :> "SUBMITTED")
/\ status = (j1 :> "SUBMITTED" @@ j2 :> "DISPATCHED")
/\ cjAbortReq = {}
/\ abortSnap = (j1 :> "SUBMITTED" @@ j2 :> "SUBMITTED")
/\ flt = [ nr |-> 0,
  sdf |-> 0,
  cdf |-> 0,
  slf |-> 0,
  se |-> 0,
  st |-> 1,
  sef |-> 0,
  cef |-> 0,
  rl |-> 0,
  od |-> 0 ]

State 16: <MCNext line 48, col 48 to line 48, col 73 of module MC>
/\ tagged = {}
/\ delPc = (j1 :> "idle" @@ j2 :> "idle")
/\ comp = (j1 :> "none" @@ j2 :> "none")
/\ running = {}
/\ hasPending = (j1 :> FALSE @@ j2 :> FALSE)
/\ cj = ( <<c1, j1>> :> "none" @@
  <<c1, j2>> :> "none" @@
  <<c2, j1>> :> "none" @@
  <<c2, j2>> :> "none" )
/\ scheduled = {}
/\ abortPc = (j1 :> "idle" @@ j2 :> "idle")
/\ runProc = {}
/\ sjAbortReq = {}
/\ launchAfterAck = (j1 :> FALSE @@ j2 :> FALSE)
/\ wasTerminal = (j1 :> FALSE @@ j2 :> TRUE)
/\ pendingSet = (j1 :> {} @@ j2 :> {})
/\ stRep = ( <<c1, j1>> :> "none" @@
  <<c1, j2>> :> "none" @@
  <<c2, j1>> :> "none" @@
  <<c2, j2>> :> "none" )
/\ stReq = (c1 :> {j2} @@ c2 :> {})
/\ rn = [ pc |-> "setRun",
  detail |-> TRUE,
  jobId |-> TRUE,
  why |-> "none",
  job |-> j2,
  listed |-> {j1, j2},
  cands |-> {j1, j2},
  clients |-> {c1},
  snap |-> "DISPATCHED" ]
/\ sj = (j1 :> "none" @@ j2 :> "gone")
/\ excCode = (j1 :> "none" @@ j2 :> "none")
/\ cjCode = ( <<c1, j1>> :> "none" @@
  <<c1, j2>> :> "none" @@
  <<c2, j1>> :> "none" @@
  <<c2, j2>> :> "none" )
/\ runAborted = (j1 :> FALSE @@ j2 :> FALSE)
/\ abortAck = (j1 :> FALSE @@ j2 :> FALSE)
/\ participants = (j1 :> {} @@ j2 :> {c1})
/\ delSnap = (j1 :> "SUBMITTED" @@ j2 :> "SUBMITTED")
/\ status = (j1 :> "SUBMITTED" @@ j2 :> "COMPLETED")
/\ cjAbortReq = {}
/\ abortSnap = (j1 :> "SUBMITTED" @@ j2 :> "SUBMITTED")
/\ flt = [ nr |-> 0,
  sdf |-> 0,
  cdf |-> 0,
  slf |-> 0,
  se |-> 0,
  st |-> 1,
  sef |-> 0,
  cef |-> 0,
  rl |-> 0,
  od |-> 0 ]

State 17: <MCNext line 39, col 39 to line 39, col 62 of module MC>
/\ tagged = {}
/\ delPc = (j1 :> "idle" @@ j2 :> "idle")
/\ comp = (j1 :> "none" @@ j2 :> "none")
/\ running = {}
/\ hasPending = (j1 :> FALSE @@ j2 :> FALSE)
/\ cj = ( <<c1, j1>> :> "none" @@
  <<c1, j2>> :> "none" @@
  <<c2, j1>> :> "none" @@
  <<c2, j2>> :> "none" )
/\ scheduled = {}
/\ abortPc = (j1 :> "idle" @@ j2 :> "idle")
/\ runProc = {}
/\ sjAbortReq = {}
/\ launchAfterAck = (j1 :> FALSE @@ j2 :> FALSE)
/\ wasTerminal = (j1 :> FALSE @@ j2 :> TRUE)
/\ pendingSet = (j1 :> {} @@ j2 :> {})
/\ stRep = ( <<c1, j1>> :> "none" @@
  <<c1, j2>> :> "none" @@
  <<c2, j1>> :> "none" @@
  <<c2, j2>> :> "none" )
/\ stReq = (c1 :> {j2} @@ c2 :> {})
/\ rn = [ pc |-> "idle",
  detail |-> TRUE,
  jobId |-> TRUE,
  why |-> "none",
  job |-> j2,
  listed |-> {j1, j2},
  cands |-> {j1, j2},
  clients |-> {c1},
  snap |-> "DISPATCHED" ]
/\ sj = (j1 :> "none" @@ j2 :> "gone")
/\ excCode = (j1 :> "none" @@ j2 :> "none")
/\ cjCode = ( <<c1, j1>> :> "none" @@
  <<c1, j2>> :> "none" @@
  <<c2, j1>> :> "none" @@
  <<c2, j2>> :> "none" )
/\ runAborted = (j1 :> FALSE @@ j2 :> FALSE)
/\ abortAck = (j1 :> FALSE @@ j2 :> FALSE)
/\ participants = (j1 :> {} @@ j2 :> {c1})
/\ delSnap = (j1 :> "SUBMITTED" @@ j2 :> "SUBMITTED")
/\ status = (j1 :> "SUBMITTED" @@ j2 :> "RUNNING")
/\ cjAbortReq = {}
/\ abortSnap = (j1 :> "SUBMITTED" @@ j2 :> "SUBMITTED")
/\ flt = [ nr |-> 0,
  sdf |-> 0,
  cdf |-> 0,
  slf |-> 0,
  se |-> 0,
  st |-> 1,
  sef |-> 0,
  cef |-> 0,
  rl |-> 0,
  od |-> 0 ]

"CounterExample written: /home/experiment/runs/specula/nvflare-lite-full-opus55-20260925/lite/source/.specula-lite/job-lifecycle-20260925/models/lifecycle/output/mc_1.log.trace.json"
2410 states generated, 1415 distinct states found, 640 states left on queue.
The depth of the complete state graph search is 17.
Finished in 00s at (2026-09-25 05:37:39)
Trace exploration spec path: ./MC_TTrace_1790314658.tla
