TLC2 Version 2026.09.23.154203 (rev: 4260e47)
Warning: Please run the Java VM, which executes TLC with a throughput optimized garbage collector, by passing the "-XX:+UseParallelGC" property.
(Use the -nowarning option to disable this warning.)
Running breadth-first search Model-Checking with fp 94 and seed -8744112613078903440 with 8 workers on 16 cores with 16384MB heap and 64MB offheap memory [pid: 3788893] (Linux 6.8.0-1044-azure amd64, Ubuntu 21.0.11 64bit, MSBDiskFPSet, DiskStateQueue).
Parsing file /home/experiment/runs/specula/nvflare-lite-full-opus55-20260925/lite/source/.specula-lite/job-lifecycle-20260925/models/lifecycle/MC.tla
Parsing file /home/experiment/runs/specula/nvflare-lite-full-opus55-20260925/lite/source/.specula-lite/job-lifecycle-20260925/models/lifecycle/base.tla
Parsing file /tmp/tlc-286104623679766949/_JsonTrace.tla (jar:file:/home/experiment/.cache/specula-lite/tla2tools-1.8.0.jar!/tla2sany/StandardModules/_JsonTrace.tla)
Parsing file /tmp/tlc-286104623679766949/_TLCTrace.tla (jar:file:/home/experiment/.cache/specula-lite/tla2tools-1.8.0.jar!/tla2sany/StandardModules/_TLCTrace.tla)
Parsing file /tmp/tlc-286104623679766949/Naturals.tla (jar:file:/home/experiment/.cache/specula-lite/tla2tools-1.8.0.jar!/tla2sany/StandardModules/Naturals.tla)
Parsing file /tmp/tlc-286104623679766949/FiniteSets.tla (jar:file:/home/experiment/.cache/specula-lite/tla2tools-1.8.0.jar!/tla2sany/StandardModules/FiniteSets.tla)
Parsing file /tmp/tlc-286104623679766949/TLC.tla (jar:file:/home/experiment/.cache/specula-lite/tla2tools-1.8.0.jar!/tla2sany/StandardModules/TLC.tla)
Parsing file /tmp/tlc-286104623679766949/Sequences.tla (jar:file:/home/experiment/.cache/specula-lite/tla2tools-1.8.0.jar!/tla2sany/StandardModules/Sequences.tla)
Parsing file /tmp/tlc-286104623679766949/TLCExt.tla (jar:file:/home/experiment/.cache/specula-lite/tla2tools-1.8.0.jar!/tla2sany/StandardModules/TLCExt.tla)
Parsing file /tmp/tlc-286104623679766949/Json.tla (jar:file:/home/experiment/.cache/specula-lite/tla2tools-1.8.0.jar!/tla2sany/StandardModules/Json.tla)
Parsing file /tmp/tlc-286104623679766949/Integers.tla (jar:file:/home/experiment/.cache/specula-lite/tla2tools-1.8.0.jar!/tla2sany/StandardModules/Integers.tla)
Semantic processing of module Naturals
Semantic processing of module Sequences
Semantic processing of module FiniteSets
Semantic processing of module TLC
Semantic processing of module base
Semantic processing of module Integers
Semantic processing of module TLCExt
Semantic processing of module Json
Semantic processing of module _JsonTrace
Semantic processing of module _TLCTrace
Semantic processing of module MC
Linting of module base
Linting of module TLCExt
Linting of module Json
Linting of module _JsonTrace
Linting of module _TLCTrace
Linting of module MC
Starting... (2026-09-25 05:39:07)
Computing initial states...
Finished computing initial states: 1 distinct state generated at 2026-09-25 05:39:08.
Error: Invariant TerminalStatusStable is violated.
Error: The behavior up to this point is:
State 1: <Initial predicate>
/\ tagged = {}
/\ delPc = (j1 :> "idle" @@ j2 :> "idle")
/\ comp = (j1 :> "none" @@ j2 :> "none")
/\ running = {}
/\ hasPending = (j1 :> FALSE @@ j2 :> FALSE)
/\ cj = ( <<c1, j1>> :> "none" @@
  <<c1, j2>> :> "none" @@
  <<c2, j1>> :> "none" @@
  <<c2, j2>> :> "none" )
/\ scheduled = {}
/\ abortPc = (j1 :> "idle" @@ j2 :> "idle")
/\ runProc = {}
/\ sjAbortReq = {}
/\ launchAfterAck = (j1 :> FALSE @@ j2 :> FALSE)
/\ wasTerminal = (j1 :> FALSE @@ j2 :> FALSE)
/\ pendingSet = (j1 :> {} @@ j2 :> {})
/\ stRep = ( <<c1, j1>> :> "none" @@
  <<c1, j2>> :> "none" @@
  <<c2, j1>> :> "none" @@
  <<c2, j2>> :> "none" )
/\ stReq = (c1 :> {} @@ c2 :> {})
/\ rn = [ pc |-> "idle",
  detail |-> FALSE,
  jobId |-> FALSE,
  why |-> "none",
  job |-> NoJob,
  listed |-> {},
  cands |-> {},
  clients |-> {},
  snap |-> "SUBMITTED" ]
/\ sj = (j1 :> "none" @@ j2 :> "none")
/\ excCode = (j1 :> "none" @@ j2 :> "none")
/\ cjCode = ( <<c1, j1>> :> "none" @@
  <<c1, j2>> :> "none" @@
  <<c2, j1>> :> "none" @@
  <<c2, j2>> :> "none" )
/\ runAborted = (j1 :> FALSE @@ j2 :> FALSE)
/\ abortAck = (j1 :> FALSE @@ j2 :> FALSE)
/\ participants = (j1 :> {} @@ j2 :> {})
/\ delSnap = (j1 :> "SUBMITTED" @@ j2 :> "SUBMITTED")
/\ status = (j1 :> "SUBMITTED" @@ j2 :> "SUBMITTED")
/\ cjAbortReq = {}
/\ abortSnap = (j1 :> "SUBMITTED" @@ j2 :> "SUBMITTED")
/\ flt = [ nr |-> 0,
  sdf |-> 0,
  cdf |-> 0,
  slf |-> 0,
  se |-> 0,
  st |-> 0,
  sef |-> 0,
  cef |-> 0,
  rl |-> 0,
  od |-> 0 ]

State 2: <W_RunnerScanList line 33, col 21 to line 33, col 42 of module MC>
/\ tagged = {}
/\ delPc = (j1 :> "idle" @@ j2 :> "idle")
/\ comp = (j1 :> "none" @@ j2 :> "none")
/\ running = {}
/\ hasPending = (j1 :> FALSE @@ j2 :> FALSE)
/\ cj = ( <<c1, j1>> :> "none" @@
  <<c1, j2>> :> "none" @@
  <<c2, j1>> :> "none" @@
  <<c2, j2>> :> "none" )
/\ scheduled = {}
/\ abortPc = (j1 :> "idle" @@ j2 :> "idle")
/\ runProc = {}
/\ sjAbortReq = {}
/\ launchAfterAck = (j1 :> FALSE @@ j2 :> FALSE)
/\ wasTerminal = (j1 :> FALSE @@ j2 :> FALSE)
/\ pendingSet = (j1 :> {} @@ j2 :> {})
/\ stRep = ( <<c1, j1>> :> "none" @@
  <<c1, j2>> :> "none" @@
  <<c2, j1>> :> "none" @@
  <<c2, j2>> :> "none" )
/\ stReq = (c1 :> {} @@ c2 :> {})
/\ rn = [ pc |-> "listed",
  detail |-> FALSE,
  jobId |-> FALSE,
  why |-> "none",
  job |-> NoJob,
  listed |-> {j1, j2},
  cands |-> {},
  clients |-> {},
  snap |-> "SUBMITTED" ]
/\ sj = (j1 :> "none" @@ j2 :> "none")
/\ excCode = (j1 :> "none" @@ j2 :> "none")
/\ cjCode = ( <<c1, j1>> :> "none" @@
  <<c1, j2>> :> "none" @@
  <<c2, j1>> :> "none" @@
  <<c2, j2>> :> "none" )
/\ runAborted = (j1 :> FALSE @@ j2 :> FALSE)
/\ abortAck = (j1 :> FALSE @@ j2 :> FALSE)
/\ participants = (j1 :> {} @@ j2 :> {})
/\ delSnap = (j1 :> "SUBMITTED" @@ j2 :> "SUBMITTED")
/\ status = (j1 :> "SUBMITTED" @@ j2 :> "SUBMITTED")
/\ cjAbortReq = {}
/\ abortSnap = (j1 :> "SUBMITTED" @@ j2 :> "SUBMITTED")
/\ flt = [ nr |-> 0,
  sdf |-> 0,
  cdf |-> 0,
  slf |-> 0,
  se |-> 0,
  st |-> 0,
  sef |-> 0,
  cef |-> 0,
  rl |-> 0,
  od |-> 0 ]

State 3: <W_RunnerScanRead line 34, col 21 to line 34, col 42 of module MC>
/\ tagged = {}
/\ delPc = (j1 :> "idle" @@ j2 :> "idle")
/\ comp = (j1 :> "none" @@ j2 :> "none")
/\ running = {}
/\ hasPending = (j1 :> FALSE @@ j2 :> FALSE)
/\ cj = ( <<c1, j1>> :> "none" @@
  <<c1, j2>> :> "none" @@
  <<c2, j1>> :> "none" @@
  <<c2, j2>> :> "none" )
/\ scheduled = {}
/\ abortPc = (j1 :> "idle" @@ j2 :> "idle")
/\ runProc = {}
/\ sjAbortReq = {}
/\ launchAfterAck = (j1 :> FALSE @@ j2 :> FALSE)
/\ wasTerminal = (j1 :> FALSE @@ j2 :> FALSE)
/\ pendingSet = (j1 :> {} @@ j2 :> {})
/\ stRep = ( <<c1, j1>> :> "none" @@
  <<c1, j2>> :> "none" @@
  <<c2, j1>> :> "none" @@
  <<c2, j2>> :> "none" )
/\ stReq = (c1 :> {} @@ c2 :> {})
/\ rn = [ pc |-> "sched",
  detail |-> FALSE,
  jobId |-> FALSE,
  why |-> "none",
  job |-> NoJob,
  listed |-> {j1, j2},
  cands |-> {j1, j2},
  clients |-> {},
  snap |-> "SUBMITTED" ]
/\ sj = (j1 :> "none" @@ j2 :> "none")
/\ excCode = (j1 :> "none" @@ j2 :> "none")
/\ cjCode = ( <<c1, j1>> :> "none" @@
  <<c1, j2>> :> "none" @@
  <<c2, j1>> :> "none" @@
  <<c2, j2>> :> "none" )
/\ runAborted = (j1 :> FALSE @@ j2 :> FALSE)
/\ abortAck = (j1 :> FALSE @@ j2 :> FALSE)
/\ participants = (j1 :> {} @@ j2 :> {})
/\ delSnap = (j1 :> "SUBMITTED" @@ j2 :> "SUBMITTED")
/\ status = (j1 :> "SUBMITTED" @@ j2 :> "SUBMITTED")
/\ cjAbortReq = {}
/\ abortSnap = (j1 :> "SUBMITTED" @@ j2 :> "SUBMITTED")
/\ flt = [ nr |-> 0,
  sdf |-> 0,
  cdf |-> 0,
  slf |-> 0,
  se |-> 0,
  st |-> 0,
  sef |-> 0,
  cef |-> 0,
  rl |-> 0,
  od |-> 0 ]

State 4: <W_RunnerSchedule line 35, col 21 to line 35, col 42 of module MC>
/\ tagged = {}
/\ delPc = (j1 :> "idle" @@ j2 :> "idle")
/\ comp = (j1 :> "none" @@ j2 :> "none")
/\ running = {}
/\ hasPending = (j1 :> FALSE @@ j2 :> FALSE)
/\ cj = ( <<c1, j1>> :> "none" @@
  <<c1, j2>> :> "none" @@
  <<c2, j1>> :> "none" @@
  <<c2, j2>> :> "none" )
/\ scheduled = {}
/\ abortPc = (j1 :> "idle" @@ j2 :> "idle")
/\ runProc = {}
/\ sjAbortReq = {}
/\ launchAfterAck = (j1 :> FALSE @@ j2 :> FALSE)
/\ wasTerminal = (j1 :> FALSE @@ j2 :> FALSE)
/\ pendingSet = (j1 :> {} @@ j2 :> {})
/\ stRep = ( <<c1, j1>> :> "none" @@
  <<c1, j2>> :> "none" @@
  <<c2, j1>> :> "none" @@
  <<c2, j2>> :> "none" )
/\ stReq = (c1 :> {} @@ c2 :> {})
/\ rn = [ pc |-> "stat1",
  detail |-> FALSE,
  jobId |-> FALSE,
  why |-> "none",
  job |-> j2,
  listed |-> {j1, j2},
  cands |-> {j1, j2},
  clients |-> {c1},
  snap |-> "SUBMITTED" ]
/\ sj = (j1 :> "none" @@ j2 :> "none")
/\ excCode = (j1 :> "none" @@ j2 :> "none")
/\ cjCode = ( <<c1, j1>> :> "none" @@
  <<c1, j2>> :> "none" @@
  <<c2, j1>> :> "none" @@
  <<c2, j2>> :> "none" )
/\ runAborted = (j1 :> FALSE @@ j2 :> FALSE)
/\ abortAck = (j1 :> FALSE @@ j2 :> FALSE)
/\ participants = (j1 :> {} @@ j2 :> {})
/\ delSnap = (j1 :> "SUBMITTED" @@ j2 :> "SUBMITTED")
/\ status = (j1 :> "SUBMITTED" @@ j2 :> "SUBMITTED")
/\ cjAbortReq = {}
/\ abortSnap = (j1 :> "SUBMITTED" @@ j2 :> "SUBMITTED")
/\ flt = [ nr |-> 0,
  sdf |-> 0,
  cdf |-> 0,
  slf |-> 0,
  se |-> 0,
  st |-> 0,
  sef |-> 0,
  cef |-> 0,
  rl |-> 0,
  od |-> 0 ]

State 5: <W_RunnerCheckSubmitted line 37, col 27 to line 37, col 54 of module MC>
/\ tagged = {}
/\ delPc = (j1 :> "idle" @@ j2 :> "idle")
/\ comp = (j1 :> "none" @@ j2 :> "none")
/\ running = {}
/\ hasPending = (j1 :> FALSE @@ j2 :> FALSE)
/\ cj = ( <<c1, j1>> :> "none" @@
  <<c1, j2>> :> "none" @@
  <<c2, j1>> :> "none" @@
  <<c2, j2>> :> "none" )
/\ scheduled = {}
/\ abortPc = (j1 :> "idle" @@ j2 :> "idle")
/\ runProc = {}
/\ sjAbortReq = {}
/\ launchAfterAck = (j1 :> FALSE @@ j2 :> FALSE)
/\ wasTerminal = (j1 :> FALSE @@ j2 :> FALSE)
/\ pendingSet = (j1 :> {} @@ j2 :> {})
/\ stRep = ( <<c1, j1>> :> "none" @@
  <<c1, j2>> :> "none" @@
  <<c2, j1>> :> "none" @@
  <<c2, j2>> :> "none" )
/\ stReq = (c1 :> {} @@ c2 :> {})
/\ rn = [ pc |-> "deploy",
  detail |-> FALSE,
  jobId |-> FALSE,
  why |-> "none",
  job |-> j2,
  listed |-> {j1, j2},
  cands |-> {j1, j2},
  clients |-> {c1},
  snap |-> "SUBMITTED" ]
/\ sj = (j1 :> "none" @@ j2 :> "none")
/\ excCode = (j1 :> "none" @@ j2 :> "none")
/\ cjCode = ( <<c1, j1>> :> "none" @@
  <<c1, j2>> :> "none" @@
  <<c2, j1>> :> "none" @@
  <<c2, j2>> :> "none" )
/\ runAborted = (j1 :> FALSE @@ j2 :> FALSE)
/\ abortAck = (j1 :> FALSE @@ j2 :> FALSE)
/\ participants = (j1 :> {} @@ j2 :> {})
/\ delSnap = (j1 :> "SUBMITTED" @@ j2 :> "SUBMITTED")
/\ status = (j1 :> "SUBMITTED" @@ j2 :> "SUBMITTED")
/\ cjAbortReq = {}
/\ abortSnap = (j1 :> "SUBMITTED" @@ j2 :> "SUBMITTED")
/\ flt = [ nr |-> 0,
  sdf |-> 0,
  cdf |-> 0,
  slf |-> 0,
  se |-> 0,
  st |-> 0,
  sef |-> 0,
  cef |-> 0,
  rl |-> 0,
  od |-> 0 ]

State 6: <W_RunnerDeploy line 38, col 19 to line 38, col 38 of module MC>
/\ tagged = {}
/\ delPc = (j1 :> "idle" @@ j2 :> "idle")
/\ comp = (j1 :> "none" @@ j2 :> "none")
/\ running = {}
/\ hasPending = (j1 :> FALSE @@ j2 :> FALSE)
/\ cj = ( <<c1, j1>> :> "none" @@
  <<c1, j2>> :> "none" @@
  <<c2, j1>> :> "none" @@
  <<c2, j2>> :> "none" )
/\ scheduled = {}
/\ abortPc = (j1 :> "idle" @@ j2 :> "idle")
/\ runProc = {}
/\ sjAbortReq = {}
/\ launchAfterAck = (j1 :> FALSE @@ j2 :> FALSE)
/\ wasTerminal = (j1 :> FALSE @@ j2 :> FALSE)
/\ pendingSet = (j1 :> {} @@ j2 :> {})
/\ stRep = ( <<c1, j1>> :> "none" @@
  <<c1, j2>> :> "none" @@
  <<c2, j1>> :> "none" @@
  <<c2, j2>> :> "none" )
/\ stReq = (c1 :> {} @@ c2 :> {})
/\ rn = [ pc |-> "setDisp",
  detail |-> TRUE,
  jobId |-> TRUE,
  why |-> "none",
  job |-> j2,
  listed |-> {j1, j2},
  cands |-> {j1, j2},
  clients |-> {c1},
  snap |-> "SUBMITTED" ]
/\ sj = (j1 :> "none" @@ j2 :> "none")
/\ excCode = (j1 :> "none" @@ j2 :> "none")
/\ cjCode = ( <<c1, j1>> :> "none" @@
  <<c1, j2>> :> "none" @@
  <<c2, j1>> :> "none" @@
  <<c2, j2>> :> "none" )
/\ runAborted = (j1 :> FALSE @@ j2 :> FALSE)
/\ abortAck = (j1 :> FALSE @@ j2 :> FALSE)
/\ participants = (j1 :> {} @@ j2 :> {})
/\ delSnap = (j1 :> "SUBMITTED" @@ j2 :> "SUBMITTED")
/\ status = (j1 :> "SUBMITTED" @@ j2 :> "SUBMITTED")
/\ cjAbortReq = {}
/\ abortSnap = (j1 :> "SUBMITTED" @@ j2 :> "SUBMITTED")
/\ flt = [ nr |-> 0,
  sdf |-> 0,
  cdf |-> 0,
  slf |-> 0,
  se |-> 0,
  st |-> 0,
  sef |-> 0,
  cef |-> 0,
  rl |-> 0,
  od |-> 0 ]

State 7: <W_RunnerSetDispatched line 39, col 26 to line 39, col 52 of module MC>
/\ tagged = {}
/\ delPc = (j1 :> "idle" @@ j2 :> "idle")
/\ comp = (j1 :> "none" @@ j2 :> "none")
/\ running = {}
/\ hasPending = (j1 :> FALSE @@ j2 :> FALSE)
/\ cj = ( <<c1, j1>> :> "none" @@
  <<c1, j2>> :> "none" @@
  <<c2, j1>> :> "none" @@
  <<c2, j2>> :> "none" )
/\ scheduled = {}
/\ abortPc = (j1 :> "idle" @@ j2 :> "idle")
/\ runProc = {}
/\ sjAbortReq = {}
/\ launchAfterAck = (j1 :> FALSE @@ j2 :> FALSE)
/\ wasTerminal = (j1 :> FALSE @@ j2 :> FALSE)
/\ pendingSet = (j1 :> {} @@ j2 :> {})
/\ stRep = ( <<c1, j1>> :> "none" @@
  <<c1, j2>> :> "none" @@
  <<c2, j1>> :> "none" @@
  <<c2, j2>> :> "none" )
/\ stReq = (c1 :> {} @@ c2 :> {})
/\ rn = [ pc |-> "umRead",
  detail |-> TRUE,
  jobId |-> TRUE,
  why |-> "none",
  job |-> j2,
  listed |-> {j1, j2},
  cands |-> {j1, j2},
  clients |-> {c1},
  snap |-> "SUBMITTED" ]
/\ sj = (j1 :> "none" @@ j2 :> "none")
/\ excCode = (j1 :> "none" @@ j2 :> "none")
/\ cjCode = ( <<c1, j1>> :> "none" @@
  <<c1, j2>> :> "none" @@
  <<c2, j1>> :> "none" @@
  <<c2, j2>> :> "none" )
/\ runAborted = (j1 :> FALSE @@ j2 :> FALSE)
/\ abortAck = (j1 :> FALSE @@ j2 :> FALSE)
/\ participants = (j1 :> {} @@ j2 :> {})
/\ delSnap = (j1 :> "SUBMITTED" @@ j2 :> "SUBMITTED")
/\ status = (j1 :> "SUBMITTED" @@ j2 :> "DISPATCHED")
/\ cjAbortReq = {}
/\ abortSnap = (j1 :> "SUBMITTED" @@ j2 :> "SUBMITTED")
/\ flt = [ nr |-> 0,
  sdf |-> 0,
  cdf |-> 0,
  slf |-> 0,
  se |-> 0,
  st |-> 0,
  sef |-> 0,
  cef |-> 0,
  rl |-> 0,
  od |-> 0 ]

State 8: <W_RunnerUpdateMetaRead line 40, col 27 to line 40, col 54 of module MC>
/\ tagged = {}
/\ delPc = (j1 :> "idle" @@ j2 :> "idle")
/\ comp = (j1 :> "none" @@ j2 :> "none")
/\ running = {}
/\ hasPending = (j1 :> FALSE @@ j2 :> FALSE)
/\ cj = ( <<c1, j1>> :> "none" @@
  <<c1, j2>> :> "none" @@
  <<c2, j1>> :> "none" @@
  <<c2, j2>> :> "none" )
/\ scheduled = {}
/\ abortPc = (j1 :> "idle" @@ j2 :> "idle")
/\ runProc = {}
/\ sjAbortReq = {}
/\ launchAfterAck = (j1 :> FALSE @@ j2 :> FALSE)
/\ wasTerminal = (j1 :> FALSE @@ j2 :> FALSE)
/\ pendingSet = (j1 :> {} @@ j2 :> {})
/\ stRep = ( <<c1, j1>> :> "none" @@
  <<c1, j2>> :> "none" @@
  <<c2, j1>> :> "none" @@
  <<c2, j2>> :> "none" )
/\ stReq = (c1 :> {} @@ c2 :> {})
/\ rn = [ pc |-> "umWrite",
  detail |-> TRUE,
  jobId |-> TRUE,
  why |-> "none",
  job |-> j2,
  listed |-> {j1, j2},
  cands |-> {j1, j2},
  clients |-> {c1},
  snap |-> "DISPATCHED" ]
/\ sj = (j1 :> "none" @@ j2 :> "none")
/\ excCode = (j1 :> "none" @@ j2 :> "none")
/\ cjCode = ( <<c1, j1>> :> "none" @@
  <<c1, j2>> :> "none" @@
  <<c2, j1>> :> "none" @@
  <<c2, j2>> :> "none" )
/\ runAborted = (j1 :> FALSE @@ j2 :> FALSE)
/\ abortAck = (j1 :> FALSE @@ j2 :> FALSE)
/\ participants = (j1 :> {} @@ j2 :> {})
/\ delSnap = (j1 :> "SUBMITTED" @@ j2 :> "SUBMITTED")
/\ status = (j1 :> "SUBMITTED" @@ j2 :> "DISPATCHED")
/\ cjAbortReq = {}
/\ abortSnap = (j1 :> "SUBMITTED" @@ j2 :> "SUBMITTED")
/\ flt = [ nr |-> 0,
  sdf |-> 0,
  cdf |-> 0,
  slf |-> 0,
  se |-> 0,
  st |-> 0,
  sef |-> 0,
  cef |-> 0,
  rl |-> 0,
  od |-> 0 ]

State 9: <W_RunnerUpdateMetaWrite line 41, col 28 to line 41, col 56 of module MC>
/\ tagged = {}
/\ delPc = (j1 :> "idle" @@ j2 :> "idle")
/\ comp = (j1 :> "none" @@ j2 :> "none")
/\ running = {}
/\ hasPending = (j1 :> FALSE @@ j2 :> FALSE)
/\ cj = ( <<c1, j1>> :> "none" @@
  <<c1, j2>> :> "none" @@
  <<c2, j1>> :> "none" @@
  <<c2, j2>> :> "none" )
/\ scheduled = {}
/\ abortPc = (j1 :> "idle" @@ j2 :> "idle")
/\ runProc = {}
/\ sjAbortReq = {}
/\ launchAfterAck = (j1 :> FALSE @@ j2 :> FALSE)
/\ wasTerminal = (j1 :> FALSE @@ j2 :> FALSE)
/\ pendingSet = (j1 :> {} @@ j2 :> {})
/\ stRep = ( <<c1, j1>> :> "none" @@
  <<c1, j2>> :> "none" @@
  <<c2, j1>> :> "none" @@
  <<c2, j2>> :> "none" )
/\ stReq = (c1 :> {} @@ c2 :> {})
/\ rn = [ pc |-> "stat2",
  detail |-> TRUE,
  jobId |-> TRUE,
  why |-> "none",
  job |-> j2,
  listed |-> {j1, j2},
  cands |-> {j1, j2},
  clients |-> {c1},
  snap |-> "DISPATCHED" ]
/\ sj = (j1 :> "none" @@ j2 :> "none")
/\ excCode = (j1 :> "none" @@ j2 :> "none")
/\ cjCode = ( <<c1, j1>> :> "none" @@
  <<c1, j2>> :> "none" @@
  <<c2, j1>> :> "none" @@
  <<c2, j2>> :> "none" )
/\ runAborted = (j1 :> FALSE @@ j2 :> FALSE)
/\ abortAck = (j1 :> FALSE @@ j2 :> FALSE)
/\ participants = (j1 :> {} @@ j2 :> {})
/\ delSnap = (j1 :> "SUBMITTED" @@ j2 :> "SUBMITTED")
/\ status = (j1 :> "SUBMITTED" @@ j2 :> "DISPATCHED")
/\ cjAbortReq = {}
/\ abortSnap = (j1 :> "SUBMITTED" @@ j2 :> "SUBMITTED")
/\ flt = [ nr |-> 0,
  sdf |-> 0,
  cdf |-> 0,
  slf |-> 0,
  se |-> 0,
  st |-> 0,
  sef |-> 0,
  cef |-> 0,
  rl |-> 0,
  od |-> 0 ]

State 10: <W_RunnerCheckDispatched line 42, col 28 to line 42, col 56 of module MC>
/\ tagged = {}
/\ delPc = (j1 :> "idle" @@ j2 :> "idle")
/\ comp = (j1 :> "none" @@ j2 :> "none")
/\ running = {}
/\ hasPending = (j1 :> FALSE @@ j2 :> FALSE)
/\ cj = ( <<c1, j1>> :> "none" @@
  <<c1, j2>> :> "none" @@
  <<c2, j1>> :> "none" @@
  <<c2, j2>> :> "none" )
/\ scheduled = {}
/\ abortPc = (j1 :> "idle" @@ j2 :> "idle")
/\ runProc = {}
/\ sjAbortReq = {}
/\ launchAfterAck = (j1 :> FALSE @@ j2 :> FALSE)
/\ wasTerminal = (j1 :> FALSE @@ j2 :> FALSE)
/\ pendingSet = (j1 :> {} @@ j2 :> {})
/\ stRep = ( <<c1, j1>> :> "none" @@
  <<c1, j2>> :> "none" @@
  <<c2, j1>> :> "none" @@
  <<c2, j2>> :> "none" )
/\ stReq = (c1 :> {} @@ c2 :> {})
/\ rn = [ pc |-> "startSJ",
  detail |-> TRUE,
  jobId |-> TRUE,
  why |-> "none",
  job |-> j2,
  listed |-> {j1, j2},
  cands |-> {j1, j2},
  clients |-> {c1},
  snap |-> "DISPATCHED" ]
/\ sj = (j1 :> "none" @@ j2 :> "none")
/\ excCode = (j1 :> "none" @@ j2 :> "none")
/\ cjCode = ( <<c1, j1>> :> "none" @@
  <<c1, j2>> :> "none" @@
  <<c2, j1>> :> "none" @@
  <<c2, j2>> :> "none" )
/\ runAborted = (j1 :> FALSE @@ j2 :> FALSE)
/\ abortAck = (j1 :> FALSE @@ j2 :> FALSE)
/\ participants = (j1 :> {} @@ j2 :> {})
/\ delSnap = (j1 :> "SUBMITTED" @@ j2 :> "SUBMITTED")
/\ status = (j1 :> "SUBMITTED" @@ j2 :> "DISPATCHED")
/\ cjAbortReq = {}
/\ abortSnap = (j1 :> "SUBMITTED" @@ j2 :> "SUBMITTED")
/\ flt = [ nr |-> 0,
  sdf |-> 0,
  cdf |-> 0,
  slf |-> 0,
  se |-> 0,
  st |-> 0,
  sef |-> 0,
  cef |-> 0,
  rl |-> 0,
  od |-> 0 ]

State 11: <W_RunnerStartSJ line 43, col 20 to line 43, col 40 of module MC>
/\ tagged = {}
/\ delPc = (j1 :> "idle" @@ j2 :> "idle")
/\ comp = (j1 :> "none" @@ j2 :> "none")
/\ running = {}
/\ hasPending = (j1 :> FALSE @@ j2 :> TRUE)
/\ cj = ( <<c1, j1>> :> "none" @@
  <<c1, j2>> :> "none" @@
  <<c2, j1>> :> "none" @@
  <<c2, j2>> :> "none" )
/\ scheduled = {}
/\ abortPc = (j1 :> "idle" @@ j2 :> "idle")
/\ runProc = {j2}
/\ sjAbortReq = {}
/\ launchAfterAck = (j1 :> FALSE @@ j2 :> FALSE)
/\ wasTerminal = (j1 :> FALSE @@ j2 :> FALSE)
/\ pendingSet = (j1 :> {} @@ j2 :> {c1})
/\ stRep = ( <<c1, j1>> :> "none" @@
  <<c1, j2>> :> "none" @@
  <<c2, j1>> :> "none" @@
  <<c2, j2>> :> "none" )
/\ stReq = (c1 :> {j2} @@ c2 :> {})
/\ rn = [ pc |-> "stWait",
  detail |-> TRUE,
  jobId |-> TRUE,
  why |-> "none",
  job |-> j2,
  listed |-> {j1, j2},
  cands |-> {j1, j2},
  clients |-> {c1},
  snap |-> "DISPATCHED" ]
/\ sj = (j1 :> "none" @@ j2 :> "running")
/\ excCode = (j1 :> "none" @@ j2 :> "none")
/\ cjCode = ( <<c1, j1>> :> "none" @@
  <<c1, j2>> :> "none" @@
  <<c2, j1>> :> "none" @@
  <<c2, j2>> :> "none" )
/\ runAborted = (j1 :> FALSE @@ j2 :> FALSE)
/\ abortAck = (j1 :> FALSE @@ j2 :> FALSE)
/\ participants = (j1 :> {} @@ j2 :> {c1})
/\ delSnap = (j1 :> "SUBMITTED" @@ j2 :> "SUBMITTED")
/\ status = (j1 :> "SUBMITTED" @@ j2 :> "DISPATCHED")
/\ cjAbortReq = {}
/\ abortSnap = (j1 :> "SUBMITTED" @@ j2 :> "SUBMITTED")
/\ flt = [ nr |-> 0,
  sdf |-> 0,
  cdf |-> 0,
  slf |-> 0,
  se |-> 0,
  st |-> 0,
  sef |-> 0,
  cef |-> 0,
  rl |-> 0,
  od |-> 0 ]

State 12: <F_RunnerCollectStartTimeout line 54, col 32 to line 54, col 97 of module MC>
/\ tagged = {}
/\ delPc = (j1 :> "idle" @@ j2 :> "idle")
/\ comp = (j1 :> "none" @@ j2 :> "none")
/\ running = {}
/\ hasPending = (j1 :> FALSE @@ j2 :> TRUE)
/\ cj = ( <<c1, j1>> :> "none" @@
  <<c1, j2>> :> "none" @@
  <<c2, j1>> :> "none" @@
  <<c2, j2>> :> "none" )
/\ scheduled = {j2}
/\ abortPc = (j1 :> "idle" @@ j2 :> "idle")
/\ runProc = {j2}
/\ sjAbortReq = {}
/\ launchAfterAck = (j1 :> FALSE @@ j2 :> FALSE)
/\ wasTerminal = (j1 :> FALSE @@ j2 :> FALSE)
/\ pendingSet = (j1 :> {} @@ j2 :> {})
/\ stRep = ( <<c1, j1>> :> "none" @@
  <<c1, j2>> :> "none" @@
  <<c2, j1>> :> "none" @@
  <<c2, j2>> :> "none" )
/\ stReq = (c1 :> {j2} @@ c2 :> {})
/\ rn = [ pc |-> "addRun",
  detail |-> TRUE,
  jobId |-> TRUE,
  why |-> "none",
  job |-> j2,
  listed |-> {j1, j2},
  cands |-> {j1, j2},
  clients |-> {c1},
  snap |-> "DISPATCHED" ]
/\ sj = (j1 :> "none" @@ j2 :> "running")
/\ excCode = (j1 :> "none" @@ j2 :> "none")
/\ cjCode = ( <<c1, j1>> :> "none" @@
  <<c1, j2>> :> "none" @@
  <<c2, j1>> :> "none" @@
  <<c2, j2>> :> "none" )
/\ runAborted = (j1 :> FALSE @@ j2 :> FALSE)
/\ abortAck = (j1 :> FALSE @@ j2 :> FALSE)
/\ participants = (j1 :> {} @@ j2 :> {c1})
/\ delSnap = (j1 :> "SUBMITTED" @@ j2 :> "SUBMITTED")
/\ status = (j1 :> "SUBMITTED" @@ j2 :> "DISPATCHED")
/\ cjAbortReq = {}
/\ abortSnap = (j1 :> "SUBMITTED" @@ j2 :> "SUBMITTED")
/\ flt = [ nr |-> 0,
  sdf |-> 0,
  cdf |-> 0,
  slf |-> 0,
  se |-> 0,
  st |-> 1,
  sef |-> 0,
  cef |-> 0,
  rl |-> 0,
  od |-> 0 ]

State 13: <W_RunnerAddRunning line 45, col 23 to line 45, col 46 of module MC>
/\ tagged = {}
/\ delPc = (j1 :> "idle" @@ j2 :> "idle")
/\ comp = (j1 :> "none" @@ j2 :> "none")
/\ running = {j2}
/\ hasPending = (j1 :> FALSE @@ j2 :> TRUE)
/\ cj = ( <<c1, j1>> :> "none" @@
  <<c1, j2>> :> "none" @@
  <<c2, j1>> :> "none" @@
  <<c2, j2>> :> "none" )
/\ scheduled = {j2}
/\ abortPc = (j1 :> "idle" @@ j2 :> "idle")
/\ runProc = {j2}
/\ sjAbortReq = {}
/\ launchAfterAck = (j1 :> FALSE @@ j2 :> FALSE)
/\ wasTerminal = (j1 :> FALSE @@ j2 :> FALSE)
/\ pendingSet = (j1 :> {} @@ j2 :> {})
/\ stRep = ( <<c1, j1>> :> "none" @@
  <<c1, j2>> :> "none" @@
  <<c2, j1>> :> "none" @@
  <<c2, j2>> :> "none" )
/\ stReq = (c1 :> {j2} @@ c2 :> {})
/\ rn = [ pc |-> "setRun",
  detail |-> TRUE,
  jobId |-> TRUE,
  why |-> "none",
  job |-> j2,
  listed |-> {j1, j2},
  cands |-> {j1, j2},
  clients |-> {c1},
  snap |-> "DISPATCHED" ]
/\ sj = (j1 :> "none" @@ j2 :> "running")
/\ excCode = (j1 :> "none" @@ j2 :> "none")
/\ cjCode = ( <<c1, j1>> :> "none" @@
  <<c1, j2>> :> "none" @@
  <<c2, j1>> :> "none" @@
  <<c2, j2>> :> "none" )
/\ runAborted = (j1 :> FALSE @@ j2 :> FALSE)
/\ abortAck = (j1 :> FALSE @@ j2 :> FALSE)
/\ participants = (j1 :> {} @@ j2 :> {c1})
/\ delSnap = (j1 :> "SUBMITTED" @@ j2 :> "SUBMITTED")
/\ status = (j1 :> "SUBMITTED" @@ j2 :> "DISPATCHED")
/\ cjAbortReq = {}
/\ abortSnap = (j1 :> "SUBMITTED" @@ j2 :> "SUBMITTED")
/\ flt = [ nr |-> 0,
  sdf |-> 0,
  cdf |-> 0,
  slf |-> 0,
  se |-> 0,
  st |-> 1,
  sef |-> 0,
  cef |-> 0,
  rl |-> 0,
  od |-> 0 ]

State 14: <W_SJExitNormal(j2) line 58, col 22 to line 58, col 44 of module MC>
/\ tagged = {}
/\ delPc = (j1 :> "idle" @@ j2 :> "idle")
/\ comp = (j1 :> "none" @@ j2 :> "none")
/\ running = {j2}
/\ hasPending = (j1 :> FALSE @@ j2 :> TRUE)
/\ cj = ( <<c1, j1>> :> "none" @@
  <<c1, j2>> :> "none" @@
  <<c2, j1>> :> "none" @@
  <<c2, j2>> :> "none" )
/\ scheduled = {j2}
/\ abortPc = (j1 :> "idle" @@ j2 :> "idle")
/\ runProc = {}
/\ sjAbortReq = {}
/\ launchAfterAck = (j1 :> FALSE @@ j2 :> FALSE)
/\ wasTerminal = (j1 :> FALSE @@ j2 :> FALSE)
/\ pendingSet = (j1 :> {} @@ j2 :> {})
/\ stRep = ( <<c1, j1>> :> "none" @@
  <<c1, j2>> :> "none" @@
  <<c2, j1>> :> "none" @@
  <<c2, j2>> :> "none" )
/\ stReq = (c1 :> {j2} @@ c2 :> {})
/\ rn = [ pc |-> "setRun",
  detail |-> TRUE,
  jobId |-> TRUE,
  why |-> "none",
  job |-> j2,
  listed |-> {j1, j2},
  cands |-> {j1, j2},
  clients |-> {c1},
  snap |-> "DISPATCHED" ]
/\ sj = (j1 :> "none" @@ j2 :> "gone")
/\ excCode = (j1 :> "none" @@ j2 :> "none")
/\ cjCode = ( <<c1, j1>> :> "none" @@
  <<c1, j2>> :> "none" @@
  <<c2, j1>> :> "none" @@
  <<c2, j2>> :> "none" )
/\ runAborted = (j1 :> FALSE @@ j2 :> FALSE)
/\ abortAck = (j1 :> FALSE @@ j2 :> FALSE)
/\ participants = (j1 :> {} @@ j2 :> {c1})
/\ delSnap = (j1 :> "SUBMITTED" @@ j2 :> "SUBMITTED")
/\ status = (j1 :> "SUBMITTED" @@ j2 :> "DISPATCHED")
/\ cjAbortReq = {}
/\ abortSnap = (j1 :> "SUBMITTED" @@ j2 :> "SUBMITTED")
/\ flt = [ nr |-> 0,
  sdf |-> 0,
  cdf |-> 0,
  slf |-> 0,
  se |-> 0,
  st |-> 1,
  sef |-> 0,
  cef |-> 0,
  rl |-> 0,
  od |-> 0 ]

State 15: <W_CompleteClassify(j2) line 55, col 26 to line 55, col 52 of module MC>
/\ tagged = {}
/\ delPc = (j1 :> "idle" @@ j2 :> "idle")
/\ comp = (j1 :> "none" @@ j2 :> "COMPLETED")
/\ running = {j2}
/\ hasPending = (j1 :> FALSE @@ j2 :> TRUE)
/\ cj = ( <<c1, j1>> :> "none" @@
  <<c1, j2>> :> "none" @@
  <<c2, j1>> :> "none" @@
  <<c2, j2>> :> "none" )
/\ scheduled = {j2}
/\ abortPc = (j1 :> "idle" @@ j2 :> "idle")
/\ runProc = {}
/\ sjAbortReq = {}
/\ launchAfterAck = (j1 :> FALSE @@ j2 :> FALSE)
/\ wasTerminal = (j1 :> FALSE @@ j2 :> FALSE)
/\ pendingSet = (j1 :> {} @@ j2 :> {})
/\ stRep = ( <<c1, j1>> :> "none" @@
  <<c1, j2>> :> "none" @@
  <<c2, j1>> :> "none" @@
  <<c2, j2>> :> "none" )
/\ stReq = (c1 :> {j2} @@ c2 :> {})
/\ rn = [ pc |-> "setRun",
  detail |-> TRUE,
  jobId |-> TRUE,
  why |-> "none",
  job |-> j2,
  listed |-> {j1, j2},
  cands |-> {j1, j2},
  clients |-> {c1},
  snap |-> "DISPATCHED" ]
/\ sj = (j1 :> "none" @@ j2 :> "gone")
/\ excCode = (j1 :> "none" @@ j2 :> "none")
/\ cjCode = ( <<c1, j1>> :> "none" @@
  <<c1, j2>> :> "none" @@
  <<c2, j1>> :> "none" @@
  <<c2, j2>> :> "none" )
/\ runAborted = (j1 :> FALSE @@ j2 :> FALSE)
/\ abortAck = (j1 :> FALSE @@ j2 :> FALSE)
/\ participants = (j1 :> {} @@ j2 :> {c1})
/\ delSnap = (j1 :> "SUBMITTED" @@ j2 :> "SUBMITTED")
/\ status = (j1 :> "SUBMITTED" @@ j2 :> "DISPATCHED")
/\ cjAbortReq = {}
/\ abortSnap = (j1 :> "SUBMITTED" @@ j2 :> "SUBMITTED")
/\ flt = [ nr |-> 0,
  sdf |-> 0,
  cdf |-> 0,
  slf |-> 0,
  se |-> 0,
  st |-> 1,
  sef |-> 0,
  cef |-> 0,
  rl |-> 0,
  od |-> 0 ]

State 16: <W_CompletePublish(j2) line 56, col 25 to line 56, col 50 of module MC>
/\ tagged = {}
/\ delPc = (j1 :> "idle" @@ j2 :> "idle")
/\ comp = (j1 :> "none" @@ j2 :> "none")
/\ running = {}
/\ hasPending = (j1 :> FALSE @@ j2 :> FALSE)
/\ cj = ( <<c1, j1>> :> "none" @@
  <<c1, j2>> :> "none" @@
  <<c2, j1>> :> "none" @@
  <<c2, j2>> :> "none" )
/\ scheduled = {}
/\ abortPc = (j1 :> "idle" @@ j2 :> "idle")
/\ runProc = {}
/\ sjAbortReq = {}
/\ launchAfterAck = (j1 :> FALSE @@ j2 :> FALSE)
/\ wasTerminal = (j1 :> FALSE @@ j2 :> TRUE)
/\ pendingSet = (j1 :> {} @@ j2 :> {})
/\ stRep = ( <<c1, j1>> :> "none" @@
  <<c1, j2>> :> "none" @@
  <<c2, j1>> :> "none" @@
  <<c2, j2>> :> "none" )
/\ stReq = (c1 :> {j2} @@ c2 :> {})
/\ rn = [ pc |-> "setRun",
  detail |-> TRUE,
  jobId |-> TRUE,
  why |-> "none",
  job |-> j2,
  listed |-> {j1, j2},
  cands |-> {j1, j2},
  clients |-> {c1},
  snap |-> "DISPATCHED" ]
/\ sj = (j1 :> "none" @@ j2 :> "gone")
/\ excCode = (j1 :> "none" @@ j2 :> "none")
/\ cjCode = ( <<c1, j1>> :> "none" @@
  <<c1, j2>> :> "none" @@
  <<c2, j1>> :> "none" @@
  <<c2, j2>> :> "none" )
/\ runAborted = (j1 :> FALSE @@ j2 :> FALSE)
/\ abortAck = (j1 :> FALSE @@ j2 :> FALSE)
/\ participants = (j1 :> {} @@ j2 :> {c1})
/\ delSnap = (j1 :> "SUBMITTED" @@ j2 :> "SUBMITTED")
/\ status = (j1 :> "SUBMITTED" @@ j2 :> "COMPLETED")
/\ cjAbortReq = {}
/\ abortSnap = (j1 :> "SUBMITTED" @@ j2 :> "SUBMITTED")
/\ flt = [ nr |-> 0,
  sdf |-> 0,
  cdf |-> 0,
  slf |-> 0,
  se |-> 0,
  st |-> 1,
  sef |-> 0,
  cef |-> 0,
  rl |-> 0,
  od |-> 0 ]

State 17: <W_RunnerSetRunning line 46, col 23 to line 46, col 46 of module MC>
/\ tagged = {}
/\ delPc = (j1 :> "idle" @@ j2 :> "idle")
/\ comp = (j1 :> "none" @@ j2 :> "none")
/\ running = {}
/\ hasPending = (j1 :> FALSE @@ j2 :> FALSE)
/\ cj = ( <<c1, j1>> :> "none" @@
  <<c1, j2>> :> "none" @@
  <<c2, j1>> :> "none" @@
  <<c2, j2>> :> "none" )
/\ scheduled = {}
/\ abortPc = (j1 :> "idle" @@ j2 :> "idle")
/\ runProc = {}
/\ sjAbortReq = {}
/\ launchAfterAck = (j1 :> FALSE @@ j2 :> FALSE)
/\ wasTerminal = (j1 :> FALSE @@ j2 :> TRUE)
/\ pendingSet = (j1 :> {} @@ j2 :> {})
/\ stRep = ( <<c1, j1>> :> "none" @@
  <<c1, j2>> :> "none" @@
  <<c2, j1>> :> "none" @@
  <<c2, j2>> :> "none" )
/\ stReq = (c1 :> {j2} @@ c2 :> {})
/\ rn = [ pc |-> "idle",
  detail |-> TRUE,
  jobId |-> TRUE,
  why |-> "none",
  job |-> j2,
  listed |-> {j1, j2},
  cands |-> {j1, j2},
  clients |-> {c1},
  snap |-> "DISPATCHED" ]
/\ sj = (j1 :> "none" @@ j2 :> "gone")
/\ excCode = (j1 :> "none" @@ j2 :> "none")
/\ cjCode = ( <<c1, j1>> :> "none" @@
  <<c1, j2>> :> "none" @@
  <<c2, j1>> :> "none" @@
  <<c2, j2>> :> "none" )
/\ runAborted = (j1 :> FALSE @@ j2 :> FALSE)
/\ abortAck = (j1 :> FALSE @@ j2 :> FALSE)
/\ participants = (j1 :> {} @@ j2 :> {c1})
/\ delSnap = (j1 :> "SUBMITTED" @@ j2 :> "SUBMITTED")
/\ status = (j1 :> "SUBMITTED" @@ j2 :> "RUNNING")
/\ cjAbortReq = {}
/\ abortSnap = (j1 :> "SUBMITTED" @@ j2 :> "SUBMITTED")
/\ flt = [ nr |-> 0,
  sdf |-> 0,
  cdf |-> 0,
  slf |-> 0,
  se |-> 0,
  st |-> 1,
  sef |-> 0,
  cef |-> 0,
  rl |-> 0,
  od |-> 0 ]

"CounterExample written: /home/experiment/runs/specula/nvflare-lite-full-opus55-20260925/lite/source/.specula-lite/job-lifecycle-20260925/models/lifecycle/output/mc_2.log.trace.json"
2565 states generated, 1493 distinct states found, 718 states left on queue.
The depth of the complete state graph search is 17.
Finished in 00s at (2026-09-25 05:39:08)
Trace exploration spec path: ./MC_TTrace_1790314747.tla
