TLC2 Version 2026.09.23.154203 (rev: 4260e47)
Warning: Please run the Java VM, which executes TLC with a throughput optimized garbage collector, by passing the "-XX:+UseParallelGC" property.
(Use the -nowarning option to disable this warning.)
Running breadth-first search Model-Checking with fp 17 and seed -6847932818611452999 with 12 workers on 16 cores with 24576MB heap and 64MB offheap memory [pid: 3810240] (Linux 6.8.0-1044-azure amd64, Ubuntu 21.0.11 64bit, MSBDiskFPSet, DiskStateQueue).
Parsing file /home/experiment/runs/specula/nvflare-lite-full-opus55-20260925/lite/source/.specula-lite/job-lifecycle-20260925/models/lifecycle/MC.tla
Parsing file /home/experiment/runs/specula/nvflare-lite-full-opus55-20260925/lite/source/.specula-lite/job-lifecycle-20260925/models/lifecycle/base.tla
Parsing file /tmp/tlc-637987386391385796/_JsonTrace.tla (jar:file:/home/experiment/.cache/specula-lite/tla2tools-1.8.0.jar!/tla2sany/StandardModules/_JsonTrace.tla)
Parsing file /tmp/tlc-637987386391385796/_TLCTrace.tla (jar:file:/home/experiment/.cache/specula-lite/tla2tools-1.8.0.jar!/tla2sany/StandardModules/_TLCTrace.tla)
Parsing file /tmp/tlc-637987386391385796/Naturals.tla (jar:file:/home/experiment/.cache/specula-lite/tla2tools-1.8.0.jar!/tla2sany/StandardModules/Naturals.tla)
Parsing file /tmp/tlc-637987386391385796/FiniteSets.tla (jar:file:/home/experiment/.cache/specula-lite/tla2tools-1.8.0.jar!/tla2sany/StandardModules/FiniteSets.tla)
Parsing file /tmp/tlc-637987386391385796/TLC.tla (jar:file:/home/experiment/.cache/specula-lite/tla2tools-1.8.0.jar!/tla2sany/StandardModules/TLC.tla)
Parsing file /tmp/tlc-637987386391385796/Sequences.tla (jar:file:/home/experiment/.cache/specula-lite/tla2tools-1.8.0.jar!/tla2sany/StandardModules/Sequences.tla)
Parsing file /tmp/tlc-637987386391385796/TLCExt.tla (jar:file:/home/experiment/.cache/specula-lite/tla2tools-1.8.0.jar!/tla2sany/StandardModules/TLCExt.tla)
Parsing file /tmp/tlc-637987386391385796/Json.tla (jar:file:/home/experiment/.cache/specula-lite/tla2tools-1.8.0.jar!/tla2sany/StandardModules/Json.tla)
Parsing file /tmp/tlc-637987386391385796/Integers.tla (jar:file:/home/experiment/.cache/specula-lite/tla2tools-1.8.0.jar!/tla2sany/StandardModules/Integers.tla)
Semantic processing of module Naturals
Semantic processing of module Sequences
Semantic processing of module FiniteSets
Semantic processing of module TLC
Semantic processing of module base
Semantic processing of module Integers
Semantic processing of module TLCExt
Semantic processing of module Json
Semantic processing of module _JsonTrace
Semantic processing of module _TLCTrace
Semantic processing of module MC
Linting of module base
Linting of module TLCExt
Linting of module Json
Linting of module _JsonTrace
Linting of module _TLCTrace
Linting of module MC
Starting... (2026-09-25 05:54:06)
Computing initial states...
Finished computing initial states: 1 distinct state generated at 2026-09-25 05:54:07.
Progress(35) at 2026-09-25 05:54:10: 2,914,434 states generated (2,914,434 s/min), 766,148 distinct states found (766,148 ds/min), 221,726 states left on queue.
Progress(42) at 2026-09-25 05:55:10: 86,793,423 states generated (83,878,989 s/min), 15,712,455 distinct states found (14,946,307 ds/min), 4,508,962 states left on queue.
Progress(45) at 2026-09-25 05:56:10: 170,642,992 states generated (83,849,569 s/min), 28,554,949 distinct states found (12,842,494 ds/min), 5,743,279 states left on queue.
Progress(47) at 2026-09-25 05:57:10: 253,605,447 states generated (82,962,455 s/min), 40,280,063 distinct states found (11,725,114 ds/min), 4,603,182 states left on queue.
Model checking completed. No error has been found.
  Estimates of the probability that TLC did not check all reachable states
  because two distinct states had the same fingerprint:
  calculated (optimistic):  val = 7.4E-4
  based on the actual fingerprints:  val = 7.6E-5
325553741 states generated, 49563357 distinct states found, 0 states left on queue.
The depth of the complete state graph search is 55.
The average outdegree of the complete state graph is 1 (minimum is 0, the maximum 16 and the 95th percentile is 3).
Finished in 04min 00s at (2026-09-25 05:58:07)
