TLC2 Version 2026.09.23.154203 (rev: 4260e47)
Warning: Please run the Java VM, which executes TLC with a throughput optimized garbage collector, by passing the "-XX:+UseParallelGC" property.
(Use the -nowarning option to disable this warning.)
Running breadth-first search Model-Checking with fp 58 and seed -8083758808343751549 with 8 workers on 16 cores with 16384MB heap and 64MB offheap memory [pid: 3791357] (Linux 6.8.0-1044-azure amd64, Ubuntu 21.0.11 64bit, MSBDiskFPSet, DiskStateQueue).
Parsing file /home/experiment/runs/specula/nvflare-lite-full-opus55-20260925/lite/source/.specula-lite/job-lifecycle-20260925/models/lifecycle/MC.tla
Parsing file /home/experiment/runs/specula/nvflare-lite-full-opus55-20260925/lite/source/.specula-lite/job-lifecycle-20260925/models/lifecycle/base.tla
Parsing file /tmp/tlc-8712453158956088274/_JsonTrace.tla (jar:file:/home/experiment/.cache/specula-lite/tla2tools-1.8.0.jar!/tla2sany/StandardModules/_JsonTrace.tla)
Parsing file /tmp/tlc-8712453158956088274/_TLCTrace.tla (jar:file:/home/experiment/.cache/specula-lite/tla2tools-1.8.0.jar!/tla2sany/StandardModules/_TLCTrace.tla)
Parsing file /tmp/tlc-8712453158956088274/Naturals.tla (jar:file:/home/experiment/.cache/specula-lite/tla2tools-1.8.0.jar!/tla2sany/StandardModules/Naturals.tla)
Parsing file /tmp/tlc-8712453158956088274/FiniteSets.tla (jar:file:/home/experiment/.cache/specula-lite/tla2tools-1.8.0.jar!/tla2sany/StandardModules/FiniteSets.tla)
Parsing file /tmp/tlc-8712453158956088274/TLC.tla (jar:file:/home/experiment/.cache/specula-lite/tla2tools-1.8.0.jar!/tla2sany/StandardModules/TLC.tla)
Parsing file /tmp/tlc-8712453158956088274/Sequences.tla (jar:file:/home/experiment/.cache/specula-lite/tla2tools-1.8.0.jar!/tla2sany/StandardModules/Sequences.tla)
Parsing file /tmp/tlc-8712453158956088274/TLCExt.tla (jar:file:/home/experiment/.cache/specula-lite/tla2tools-1.8.0.jar!/tla2sany/StandardModules/TLCExt.tla)
Parsing file /tmp/tlc-8712453158956088274/Json.tla (jar:file:/home/experiment/.cache/specula-lite/tla2tools-1.8.0.jar!/tla2sany/StandardModules/Json.tla)
Parsing file /tmp/tlc-8712453158956088274/Integers.tla (jar:file:/home/experiment/.cache/specula-lite/tla2tools-1.8.0.jar!/tla2sany/StandardModules/Integers.tla)
Semantic processing of module Naturals
Semantic processing of module Sequences
Semantic processing of module FiniteSets
Semantic processing of module TLC
Semantic processing of module base
Semantic processing of module Integers
Semantic processing of module TLCExt
Semantic processing of module Json
Semantic processing of module _JsonTrace
Semantic processing of module _TLCTrace
Semantic processing of module MC
Linting of module base
Linting of module TLCExt
Linting of module Json
Linting of module _JsonTrace
Linting of module _TLCTrace
Linting of module MC
Starting... (2026-09-25 05:40:35)
Computing initial states...
Finished computing initial states: 1 distinct state generated at 2026-09-25 05:40:35.
Progress(30) at 2026-09-25 05:40:38: 1,555,336 states generated (1,555,336 s/min), 496,101 distinct states found (496,101 ds/min), 140,544 states left on queue.
Progress(39) at 2026-09-25 05:41:38: 45,490,547 states generated (43,935,211 s/min), 11,517,124 distinct states found (11,021,023 ds/min), 4,095,976 states left on queue.
Progress(40) at 2026-09-25 05:42:38: 90,978,220 states generated (45,487,673 s/min), 21,404,428 distinct states found (9,887,304 ds/min), 7,198,388 states left on queue.
Progress(41) at 2026-09-25 05:43:38: 137,534,146 states generated (46,555,926 s/min), 30,988,350 distinct states found (9,583,922 ds/min), 9,940,505 states left on queue.
Progress(42) at 2026-09-25 05:44:38: 184,959,848 states generated (47,425,702 s/min), 40,092,112 distinct states found (9,103,762 ds/min), 12,285,479 states left on queue.
Progress(42) at 2026-09-25 05:45:38: 232,015,449 states generated (47,055,601 s/min), 48,987,086 distinct states found (8,894,974 ds/min), 14,230,020 states left on queue.
Progress(43) at 2026-09-25 05:46:38: 279,212,507 states generated (47,197,058 s/min), 57,836,860 distinct states found (8,849,774 ds/min), 16,075,252 states left on queue.
Progress(43) at 2026-09-25 05:47:38: 327,200,020 states generated (47,987,513 s/min), 66,294,993 distinct states found (8,458,133 ds/min), 17,551,845 states left on queue.
Progress(44) at 2026-09-25 05:48:38: 375,409,585 states generated (48,209,565 s/min), 74,771,097 distinct states found (8,476,104 ds/min), 19,032,754 states left on queue.
Progress(44) at 2026-09-25 05:49:38: 422,804,620 states generated (47,395,035 s/min), 82,827,539 distinct states found (8,056,442 ds/min), 19,845,142 states left on queue.
Progress(44) at 2026-09-25 05:50:38: 470,356,514 states generated (47,551,894 s/min), 91,259,164 distinct states found (8,431,625 ds/min), 21,147,356 states left on queue.
