TLC2 Version 2026.09.23.154203 (rev: 4260e47)
Warning: Please run the Java VM, which executes TLC with a throughput optimized garbage collector, by passing the "-XX:+UseParallelGC" property.
(Use the -nowarning option to disable this warning.)
Running Random Simulation with seed -3564397869826309215 with 8 workers on 16 cores with 16384MB heap and 64MB offheap memory [pid: 3816409] (Linux 6.8.0-1044-azure amd64, Ubuntu 21.0.11 64bit).
Parsing file /home/experiment/runs/specula/nvflare-lite-full-opus55-20260925/lite/source/.specula-lite/job-lifecycle-20260925/models/lifecycle/MC.tla
Parsing file /home/experiment/runs/specula/nvflare-lite-full-opus55-20260925/lite/source/.specula-lite/job-lifecycle-20260925/models/lifecycle/base.tla
Parsing file /tmp/tlc-7229884155724603233/_JsonTrace.tla (jar:file:/home/experiment/.cache/specula-lite/tla2tools-1.8.0.jar!/tla2sany/StandardModules/_JsonTrace.tla)
Parsing file /tmp/tlc-7229884155724603233/_TLCTrace.tla (jar:file:/home/experiment/.cache/specula-lite/tla2tools-1.8.0.jar!/tla2sany/StandardModules/_TLCTrace.tla)
Parsing file /tmp/tlc-7229884155724603233/Naturals.tla (jar:file:/home/experiment/.cache/specula-lite/tla2tools-1.8.0.jar!/tla2sany/StandardModules/Naturals.tla)
Parsing file /tmp/tlc-7229884155724603233/FiniteSets.tla (jar:file:/home/experiment/.cache/specula-lite/tla2tools-1.8.0.jar!/tla2sany/StandardModules/FiniteSets.tla)
Parsing file /tmp/tlc-7229884155724603233/TLC.tla (jar:file:/home/experiment/.cache/specula-lite/tla2tools-1.8.0.jar!/tla2sany/StandardModules/TLC.tla)
Parsing file /tmp/tlc-7229884155724603233/Sequences.tla (jar:file:/home/experiment/.cache/specula-lite/tla2tools-1.8.0.jar!/tla2sany/StandardModules/Sequences.tla)
Parsing file /tmp/tlc-7229884155724603233/TLCExt.tla (jar:file:/home/experiment/.cache/specula-lite/tla2tools-1.8.0.jar!/tla2sany/StandardModules/TLCExt.tla)
Parsing file /tmp/tlc-7229884155724603233/Json.tla (jar:file:/home/experiment/.cache/specula-lite/tla2tools-1.8.0.jar!/tla2sany/StandardModules/Json.tla)
Parsing file /tmp/tlc-7229884155724603233/Integers.tla (jar:file:/home/experiment/.cache/specula-lite/tla2tools-1.8.0.jar!/tla2sany/StandardModules/Integers.tla)
Semantic processing of module Naturals
Semantic processing of module Sequences
Semantic processing of module FiniteSets
Semantic processing of module TLC
Semantic processing of module base
Semantic processing of module Integers
Semantic processing of module TLCExt
Semantic processing of module Json
Semantic processing of module _JsonTrace
Semantic processing of module _TLCTrace
Semantic processing of module MC
Linting of module base
Linting of module TLCExt
Linting of module Json
Linting of module _JsonTrace
Linting of module _TLCTrace
Linting of module MC
Starting... (2026-09-25 05:58:32)
Computed 1 initial states...
Finished computing initial states: 1 distinct state generated at 2026-09-25 05:58:32.
Progress: 34083459 states checked, 268119 traces generated (trace length: mean=88, var(x)=1024, sd=32)
Progress: 68750662 states checked, 540836 traces generated (trace length: mean=88, var(x)=1024, sd=32)
Progress: 103662219 states checked, 815483 traces generated (trace length: mean=88, var(x)=1024, sd=32)
Progress: 138535552 states checked, 1089828 traces generated (trace length: mean=88, var(x)=1024, sd=32)
Progress: 173926542 states checked, 1368237 traces generated (trace length: mean=88, var(x)=1024, sd=32)
Progress: 209171463 states checked, 1645485 traces generated (trace length: mean=88, var(x)=1024, sd=32)
Progress: 243982833 states checked, 1919337 traces generated (trace length: mean=88, var(x)=1024, sd=32)
Progress: 278879584 states checked, 2193852 traces generated (trace length: mean=88, var(x)=1024, sd=32)
Progress: 313810367 states checked, 2468642 traces generated (trace length: mean=88, var(x)=1024, sd=32)
Progress: 348469623 states checked, 2741292 traces generated (trace length: mean=88, var(x)=1024, sd=32)
Progress: 383266334 states checked, 3015026 traces generated (trace length: mean=88, var(x)=1024, sd=32)
Progress: 417780535 states checked, 3286551 traces generated (trace length: mean=88, var(x)=1024, sd=32)
Progress: 452506259 states checked, 3559741 traces generated (trace length: mean=88, var(x)=1024, sd=32)
Progress: 487123981 states checked, 3832065 traces generated (trace length: mean=88, var(x)=1024, sd=32)
Progress: 521979529 states checked, 4106263 traces generated (trace length: mean=88, var(x)=1024, sd=32)
Progress: 556945083 states checked, 4381323 traces generated (trace length: mean=88, var(x)=44, sd=7)
Progress: 591885568 states checked, 4656192 traces generated (trace length: mean=88, var(x)=102, sd=10)
Progress: 626704796 states checked, 4930102 traces generated (trace length: mean=88, var(x)=153, sd=12)
Progress: 661651305 states checked, 5205018 traces generated (trace length: mean=88, var(x)=199, sd=14)
Progress: 696674890 states checked, 5480525 traces generated (trace length: mean=88, var(x)=240, sd=16)
Progress: 731546358 states checked, 5754843 traces generated (trace length: mean=88, var(x)=278, sd=17)
Progress: 766222375 states checked, 6027622 traces generated (trace length: mean=88, var(x)=311, sd=18)
Progress: 801102474 states checked, 6302006 traces generated (trace length: mean=88, var(x)=342, sd=19)
Progress: 836060727 states checked, 6577032 traces generated (trace length: mean=88, var(x)=371, sd=19)
Progress: 870901386 states checked, 6851124 traces generated (trace length: mean=88, var(x)=397, sd=20)
Progress: 905563118 states checked, 7123802 traces generated (trace length: mean=88, var(x)=421, sd=21)
Progress: 940445649 states checked, 7398210 traces generated (trace length: mean=88, var(x)=443, sd=21)
Progress: 975353574 states checked, 7672811 traces generated (trace length: mean=88, var(x)=464, sd=22)
Progress: 1010029728 states checked, 7945591 traces generated (trace length: mean=88, var(x)=483, sd=22)
Progress: 1045041514 states checked, 8221027 traces generated (trace length: mean=88, var(x)=502, sd=22)
Progress: 1080902318 states checked, 8503135 traces generated (trace length: mean=88, var(x)=14, sd=4)
Progress: 1116679644 states checked, 8784579 traces generated (trace length: mean=88, var(x)=46, sd=7)
Progress: 1152407018 states checked, 9065620 traces generated (trace length: mean=88, var(x)=76, sd=9)
Progress: 1188294583 states checked, 9347943 traces generated (trace length: mean=88, var(x)=105, sd=10)
Progress: 1224061923 states checked, 9629311 traces generated (trace length: mean=88, var(x)=132, sd=11)
Progress: 1259613097 states checked, 9908974 traces generated (trace length: mean=88, var(x)=157, sd=13)
Progress: 1295148099 states checked, 10188522 traces generated (trace length: mean=88, var(x)=181, sd=13)
Progress: 1330814483 states checked, 10469090 traces generated (trace length: mean=88, var(x)=204, sd=14)
Progress: 1366611545 states checked, 10750700 traces generated (trace length: mean=88, var(x)=225, sd=15)
Progress: 1402445930 states checked, 11032579 traces generated (trace length: mean=88, var(x)=245, sd=16)
Progress: 1438284065 states checked, 11314492 traces generated (trace length: mean=88, var(x)=265, sd=16)
Progress: 1473863802 states checked, 11594405 traces generated (trace length: mean=88, var(x)=283, sd=17)
Progress: 1509562313 states checked, 11875240 traces generated (trace length: mean=88, var(x)=301, sd=17)
Progress: 1545147953 states checked, 12155185 traces generated (trace length: mean=88, var(x)=317, sd=18)
Progress: 1580038962 states checked, 12429657 traces generated (trace length: mean=88, var(x)=333, sd=18)
Progress: 1615738102 states checked, 12710493 traces generated (trace length: mean=88, var(x)=10, sd=3)
Progress: 1651441190 states checked, 12991355 traces generated (trace length: mean=88, var(x)=32, sd=6)
Progress: 1687110867 states checked, 13271949 traces generated (trace length: mean=88, var(x)=53, sd=7)
Progress: 1722856644 states checked, 13553151 traces generated (trace length: mean=88, var(x)=73, sd=9)
