[0;32m================================[0m
[0;32mTLC Model Checking Mode[0m
[0;32m================================[0m
Spec File:       MC.tla
Config File:     MC_hunt_family1_conflicts.cfg
Memory Limit:    16G
Off-heap Memory: 40G
Workers:         8
Timeout:         30 minutes
[0;34m--- Model Checking Settings ---[0m
Depth Limit:     0
Checkpoint:      10 minutes
Deadlock Check:  enabled
Log File:        output/MC_hunt_family1_conflicts_fullbounds_bfs.inner.log
[0;32m================================[0m
[1;33mExecuting Command:[0m
java -XX:+UseParallelGC -Dtlc2.tool.fp.FPSet.impl=tlc2.tool.fp.OffHeapDiskFPSet -XX:MaxDirectMemorySize=40G -Xmx16G -Xms16G -cp <specula-tools>/CommunityModules-deps.jar:<specula-tools>/tla2tools.jar tlc2.TLC -config MC_hunt_family1_conflicts.cfg MC.tla -workers 8 -checkpoint 10 -dumptrace json output/MC_hunt_family1_conflicts_fullbounds_bfs_counterexample.json -metadir <temporary-directory>/tlc-states-dh1mjn

TLC resource budget (Specula run byom-slatedb-complete-20260903):
  memory source: user config (64G)
  external memory use: not included in this configured run bound
  memory limit: 64 GiB
  active TLC reserved before request: 0 bytes (this agent: 0 bytes)
  this request: 56 GiB (heap 16 GiB + off-heap 40 GiB)
  remaining before request: 64 GiB
  remaining after admission: 8 GiB
  worker limit: 8
  active TLC workers before request: 0 (this agent: 0)
  this request workers: 8 (8)
  remaining workers before request: 8
  remaining workers after admission: 0
  result: admitted
TLC2 Version 2026.09.01.002747 (rev: 95b800c)
Running breadth-first search Model-Checking with fp 55 and seed 7116080910906257538 with 8 workers on 96 cores with 15701MB heap and 40960MB offheap memory [pid: 802925] (Linux 6.8.0-1044-azure amd64, Ubuntu 21.0.11 64bit, OffHeapDiskFPSet, DiskStateQueue).
Parsing file <run-output>/spec/MC.tla
Parsing file <run-output>/spec/base.tla
Parsing file <tlc-temporary-directory>/_JsonTrace.tla (jar:file:<specula-tools>/tla2tools.jar!/tla2sany/StandardModules/_JsonTrace.tla)
Parsing file <tlc-temporary-directory>/_TLCTrace.tla (jar:file:<specula-tools>/tla2tools.jar!/tla2sany/StandardModules/_TLCTrace.tla)
Parsing file <tlc-temporary-directory>/Integers.tla (jar:file:<specula-tools>/tla2tools.jar!/tla2sany/StandardModules/Integers.tla)
Parsing file <tlc-temporary-directory>/FiniteSets.tla (jar:file:<specula-tools>/tla2tools.jar!/tla2sany/StandardModules/FiniteSets.tla)
Parsing file <tlc-temporary-directory>/Sequences.tla (jar:file:<specula-tools>/tla2tools.jar!/tla2sany/StandardModules/Sequences.tla)
Parsing file <tlc-temporary-directory>/TLC.tla (jar:file:<specula-tools>/tla2tools.jar!/tla2sany/StandardModules/TLC.tla)
Parsing file <tlc-temporary-directory>/Naturals.tla (jar:file:<specula-tools>/tla2tools.jar!/tla2sany/StandardModules/Naturals.tla)
Parsing file <tlc-temporary-directory>/TLCExt.tla (jar:file:<specula-tools>/tla2tools.jar!/tla2sany/StandardModules/TLCExt.tla)
Parsing file <tlc-temporary-directory>/Json.tla (jar:file:<specula-tools>/tla2tools.jar!/tla2sany/StandardModules/Json.tla)
Semantic processing of module Naturals
Semantic processing of module Integers
Semantic processing of module Sequences
Semantic processing of module FiniteSets
Semantic processing of module TLC
Semantic processing of module base
Semantic processing of module TLCExt
Semantic processing of module Json
Semantic processing of module _JsonTrace
Semantic processing of module _TLCTrace
Semantic processing of module MC
Linting of module base
Linting of module TLCExt
Linting of module Json
Linting of module _JsonTrace
Linting of module _TLCTrace
Linting of module MC
Starting... (2026-09-03 17:09:18)
Computing initial states...
Finished computing initial states: 1 distinct state generated at 2026-09-03 17:09:20.
Error: Invariant NoConflictingActiveCompactions is violated.
Error: The behavior up to this point is:
State 1: <Initial predicate>
/\ coordManifestRefs = {"s0", "s2"}
/\ bufferedCtx = (w1 :> {} @@ w2 :> {})
/\ checkpointRefs = [j1 |-> {}, j2 |-> {}, j3 |-> {}]
/\ manifestVersion = 1
/\ coordSeenManifestVersion = 0
/\ durJob = [ j1 |->
      [ status |-> "Absent",
        worker |-> "Nil",
        lastHb |-> 0,
        origin |-> "NoOrigin",
        retry |-> "NoRetry",
        ctx |-> FALSE,
        output |-> FALSE,
        submittedTs |-> 0 ],
  j2 |->
      [ status |-> "Absent",
        worker |-> "Nil",
        lastHb |-> 0,
        origin |-> "NoOrigin",
        retry |-> "NoRetry",
        ctx |-> FALSE,
        output |-> FALSE,
        submittedTs |-> 0 ],
  j3 |->
      [ status |-> "Absent",
        worker |-> "Nil",
        lastHb |-> 0,
        origin |-> "NoOrigin",
        retry |-> "NoRetry",
        ctx |-> FALSE,
        output |-> FALSE,
        submittedTs |-> 0 ] ]
/\ coordSeenCompactionsVersion = 0
/\ coordTime = 0
/\ compactionsExists = FALSE
/\ presentSsts = {"s0", "s2"}
/\ localExecuting = (w1 :> {} @@ w2 :> {})
/\ coordCheckpointActive = [j1 |-> FALSE, j2 |-> FALSE, j3 |-> FALSE]
/\ checkpointActive = [j1 |-> FALSE, j2 |-> FALSE, j3 |-> FALSE]
/\ compactionsVersion = 0
/\ manifestRefs = {"s0", "s2"}
/\ coordUp = FALSE
/\ coordCheckpointRefs = [j1 |-> {}, j2 |-> {}, j3 |-> {}]
/\ retryCount = [j1 |-> 0, j2 |-> 0, j3 |-> 0]
/\ compactionsEpoch = 0
/\ workerTime = (w1 :> 0 @@ w2 :> 0)
/\ coordJob = [ j1 |->
      [ status |-> "Absent",
        worker |-> "Nil",
        lastHb |-> 0,
        origin |-> "NoOrigin",
        retry |-> "NoRetry",
        ctx |-> FALSE,
        output |-> FALSE,
        submittedTs |-> 0 ],
  j2 |->
      [ status |-> "Absent",
        worker |-> "Nil",
        lastHb |-> 0,
        origin |-> "NoOrigin",
        retry |-> "NoRetry",
        ctx |-> FALSE,
        output |-> FALSE,
        submittedTs |-> 0 ],
  j3 |->
      [ status |-> "Absent",
        worker |-> "Nil",
        lastHb |-> 0,
        origin |-> "NoOrigin",
        retry |-> "NoRetry",
        ctx |-> FALSE,
        output |-> FALSE,
        submittedTs |-> 0 ] ]
/\ publishCount = [j1 |-> 0, j2 |-> 0, j3 |-> 0]
/\ faultCounters = [ localSubmit |-> 0,
  remoteSubmit |-> 0,
  crash |-> 0,
  coordClock |-> 0,
  workerClock |-> 0,
  execError |-> 0,
  gcSweep |-> 0,
  checkpointRefresh |-> 0 ]
/\ coordCheckpointExpire = [j1 |-> 0, j2 |-> 0, j3 |-> 0]
/\ checkpointExpire = [j1 |-> 0, j2 |-> 0, j3 |-> 0]
/\ deletedSsts = {}
/\ outputTs = [o0 |-> 0, o1 |-> 0, o2 |-> 0]
/\ manifestEpoch = 0

State 2: <MCStartCoordinator line 88, col 5 to line 89, col 26 of module MC>
/\ coordManifestRefs = {"s0", "s2"}
/\ bufferedCtx = (w1 :> {} @@ w2 :> {})
/\ checkpointRefs = [j1 |-> {}, j2 |-> {}, j3 |-> {}]
/\ manifestVersion = 1
/\ coordSeenManifestVersion = 1
/\ durJob = [ j1 |->
      [ status |-> "Absent",
        worker |-> "Nil",
        lastHb |-> 0,
        origin |-> "NoOrigin",
        retry |-> "NoRetry",
        ctx |-> FALSE,
        output |-> FALSE,
        submittedTs |-> 0 ],
  j2 |->
      [ status |-> "Absent",
        worker |-> "Nil",
        lastHb |-> 0,
        origin |-> "NoOrigin",
        retry |-> "NoRetry",
        ctx |-> FALSE,
        output |-> FALSE,
        submittedTs |-> 0 ],
  j3 |->
      [ status |-> "Absent",
        worker |-> "Nil",
        lastHb |-> 0,
        origin |-> "NoOrigin",
        retry |-> "NoRetry",
        ctx |-> FALSE,
        output |-> FALSE,
        submittedTs |-> 0 ] ]
/\ coordSeenCompactionsVersion = 1
/\ coordTime = 0
/\ compactionsExists = TRUE
/\ presentSsts = {"s0", "s2"}
/\ localExecuting = (w1 :> {} @@ w2 :> {})
/\ coordCheckpointActive = [j1 |-> FALSE, j2 |-> FALSE, j3 |-> FALSE]
/\ checkpointActive = [j1 |-> FALSE, j2 |-> FALSE, j3 |-> FALSE]
/\ compactionsVersion = 1
/\ manifestRefs = {"s0", "s2"}
/\ coordUp = TRUE
/\ coordCheckpointRefs = [j1 |-> {}, j2 |-> {}, j3 |-> {}]
/\ retryCount = [j1 |-> 0, j2 |-> 0, j3 |-> 0]
/\ compactionsEpoch = 1
/\ workerTime = (w1 :> 0 @@ w2 :> 0)
/\ coordJob = [ j1 |->
      [ status |-> "Absent",
        worker |-> "Nil",
        lastHb |-> 0,
        origin |-> "NoOrigin",
        retry |-> "NoRetry",
        ctx |-> FALSE,
        output |-> FALSE,
        submittedTs |-> 0 ],
  j2 |->
      [ status |-> "Absent",
        worker |-> "Nil",
        lastHb |-> 0,
        origin |-> "NoOrigin",
        retry |-> "NoRetry",
        ctx |-> FALSE,
        output |-> FALSE,
        submittedTs |-> 0 ],
  j3 |->
      [ status |-> "Absent",
        worker |-> "Nil",
        lastHb |-> 0,
        origin |-> "NoOrigin",
        retry |-> "NoRetry",
        ctx |-> FALSE,
        output |-> FALSE,
        submittedTs |-> 0 ] ]
/\ publishCount = [j1 |-> 0, j2 |-> 0, j3 |-> 0]
/\ faultCounters = [ localSubmit |-> 0,
  remoteSubmit |-> 0,
  crash |-> 0,
  coordClock |-> 0,
  workerClock |-> 0,
  execError |-> 0,
  gcSweep |-> 0,
  checkpointRefresh |-> 0 ]
/\ coordCheckpointExpire = [j1 |-> 0, j2 |-> 0, j3 |-> 0]
/\ checkpointExpire = [j1 |-> 0, j2 |-> 0, j3 |-> 0]
/\ deletedSsts = {}
/\ outputTs = [o0 |-> 0, o1 |-> 0, o2 |-> 0]
/\ manifestEpoch = 1

State 3: <MCMaybeScheduleCompactions("j1") line 44, col 5 to line 46, col 68 of module MC>
/\ coordManifestRefs = {"s0", "s2"}
/\ bufferedCtx = (w1 :> {} @@ w2 :> {})
/\ checkpointRefs = [j1 |-> {}, j2 |-> {}, j3 |-> {}]
/\ manifestVersion = 1
/\ coordSeenManifestVersion = 1
/\ durJob = [ j1 |->
      [ status |-> "Submitted",
        worker |-> "Nil",
        lastHb |-> 0,
        origin |-> "LocalOrigin",
        retry |-> "NoRetry",
        ctx |-> FALSE,
        output |-> FALSE,
        submittedTs |-> 0 ],
  j2 |->
      [ status |-> "Absent",
        worker |-> "Nil",
        lastHb |-> 0,
        origin |-> "NoOrigin",
        retry |-> "NoRetry",
        ctx |-> FALSE,
        output |-> FALSE,
        submittedTs |-> 0 ],
  j3 |->
      [ status |-> "Absent",
        worker |-> "Nil",
        lastHb |-> 0,
        origin |-> "NoOrigin",
        retry |-> "NoRetry",
        ctx |-> FALSE,
        output |-> FALSE,
        submittedTs |-> 0 ] ]
/\ coordSeenCompactionsVersion = 2
/\ coordTime = 0
/\ compactionsExists = TRUE
/\ presentSsts = {"s0", "s2"}
/\ localExecuting = (w1 :> {} @@ w2 :> {})
/\ coordCheckpointActive = [j1 |-> FALSE, j2 |-> FALSE, j3 |-> FALSE]
/\ checkpointActive = [j1 |-> FALSE, j2 |-> FALSE, j3 |-> FALSE]
/\ compactionsVersion = 2
/\ manifestRefs = {"s0", "s2"}
/\ coordUp = TRUE
/\ coordCheckpointRefs = [j1 |-> {}, j2 |-> {}, j3 |-> {}]
/\ retryCount = [j1 |-> 0, j2 |-> 0, j3 |-> 0]
/\ compactionsEpoch = 1
/\ workerTime = (w1 :> 0 @@ w2 :> 0)
/\ coordJob = [ j1 |->
      [ status |-> "Submitted",
        worker |-> "Nil",
        lastHb |-> 0,
        origin |-> "LocalOrigin",
        retry |-> "NoRetry",
        ctx |-> FALSE,
        output |-> FALSE,
        submittedTs |-> 0 ],
  j2 |->
      [ status |-> "Absent",
        worker |-> "Nil",
        lastHb |-> 0,
        origin |-> "NoOrigin",
        retry |-> "NoRetry",
        ctx |-> FALSE,
        output |-> FALSE,
        submittedTs |-> 0 ],
  j3 |->
      [ status |-> "Absent",
        worker |-> "Nil",
        lastHb |-> 0,
        origin |-> "NoOrigin",
        retry |-> "NoRetry",
        ctx |-> FALSE,
        output |-> FALSE,
        submittedTs |-> 0 ] ]
/\ publishCount = [j1 |-> 0, j2 |-> 0, j3 |-> 0]
/\ faultCounters = [ localSubmit |-> 1,
  remoteSubmit |-> 0,
  crash |-> 0,
  coordClock |-> 0,
  workerClock |-> 0,
  execError |-> 0,
  gcSweep |-> 0,
  checkpointRefresh |-> 0 ]
/\ coordCheckpointExpire = [j1 |-> 0, j2 |-> 0, j3 |-> 0]
/\ checkpointExpire = [j1 |-> 0, j2 |-> 0, j3 |-> 0]
/\ deletedSsts = {}
/\ outputTs = [o0 |-> 0, o1 |-> 0, o2 |-> 0]
/\ manifestEpoch = 1

State 4: <MCExternalSubmit("j2") line 49, col 5 to line 51, col 69 of module MC>
/\ coordManifestRefs = {"s0", "s2"}
/\ bufferedCtx = (w1 :> {} @@ w2 :> {})
/\ checkpointRefs = [j1 |-> {}, j2 |-> {}, j3 |-> {}]
/\ manifestVersion = 1
/\ coordSeenManifestVersion = 1
/\ durJob = [ j1 |->
      [ status |-> "Submitted",
        worker |-> "Nil",
        lastHb |-> 0,
        origin |-> "LocalOrigin",
        retry |-> "NoRetry",
        ctx |-> FALSE,
        output |-> FALSE,
        submittedTs |-> 0 ],
  j2 |->
      [ status |-> "Submitted",
        worker |-> "Nil",
        lastHb |-> 0,
        origin |-> "RemoteOrigin",
        retry |-> "NoRetry",
        ctx |-> FALSE,
        output |-> FALSE,
        submittedTs |-> 0 ],
  j3 |->
      [ status |-> "Absent",
        worker |-> "Nil",
        lastHb |-> 0,
        origin |-> "NoOrigin",
        retry |-> "NoRetry",
        ctx |-> FALSE,
        output |-> FALSE,
        submittedTs |-> 0 ] ]
/\ coordSeenCompactionsVersion = 2
/\ coordTime = 0
/\ compactionsExists = TRUE
/\ presentSsts = {"s0", "s2"}
/\ localExecuting = (w1 :> {} @@ w2 :> {})
/\ coordCheckpointActive = [j1 |-> FALSE, j2 |-> FALSE, j3 |-> FALSE]
/\ checkpointActive = [j1 |-> FALSE, j2 |-> FALSE, j3 |-> FALSE]
/\ compactionsVersion = 3
/\ manifestRefs = {"s0", "s2"}
/\ coordUp = TRUE
/\ coordCheckpointRefs = [j1 |-> {}, j2 |-> {}, j3 |-> {}]
/\ retryCount = [j1 |-> 0, j2 |-> 0, j3 |-> 0]
/\ compactionsEpoch = 1
/\ workerTime = (w1 :> 0 @@ w2 :> 0)
/\ coordJob = [ j1 |->
      [ status |-> "Submitted",
        worker |-> "Nil",
        lastHb |-> 0,
        origin |-> "LocalOrigin",
        retry |-> "NoRetry",
        ctx |-> FALSE,
        output |-> FALSE,
        submittedTs |-> 0 ],
  j2 |->
      [ status |-> "Absent",
        worker |-> "Nil",
        lastHb |-> 0,
        origin |-> "NoOrigin",
        retry |-> "NoRetry",
        ctx |-> FALSE,
        output |-> FALSE,
        submittedTs |-> 0 ],
  j3 |->
      [ status |-> "Absent",
        worker |-> "Nil",
        lastHb |-> 0,
        origin |-> "NoOrigin",
        retry |-> "NoRetry",
        ctx |-> FALSE,
        output |-> FALSE,
        submittedTs |-> 0 ] ]
/\ publishCount = [j1 |-> 0, j2 |-> 0, j3 |-> 0]
/\ faultCounters = [ localSubmit |-> 1,
  remoteSubmit |-> 1,
  crash |-> 0,
  coordClock |-> 0,
  workerClock |-> 0,
  execError |-> 0,
  gcSweep |-> 0,
  checkpointRefresh |-> 0 ]
/\ coordCheckpointExpire = [j1 |-> 0, j2 |-> 0, j3 |-> 0]
/\ checkpointExpire = [j1 |-> 0, j2 |-> 0, j3 |-> 0]
/\ deletedSsts = {}
/\ outputTs = [o0 |-> 0, o1 |-> 0, o2 |-> 0]
/\ manifestEpoch = 1

State 5: <MCCoordinatorRefreshCompactions line 92, col 5 to line 93, col 26 of module MC>
/\ coordManifestRefs = {"s0", "s2"}
/\ bufferedCtx = (w1 :> {} @@ w2 :> {})
/\ checkpointRefs = [j1 |-> {}, j2 |-> {}, j3 |-> {}]
/\ manifestVersion = 1
/\ coordSeenManifestVersion = 1
/\ durJob = [ j1 |->
      [ status |-> "Submitted",
        worker |-> "Nil",
        lastHb |-> 0,
        origin |-> "LocalOrigin",
        retry |-> "NoRetry",
        ctx |-> FALSE,
        output |-> FALSE,
        submittedTs |-> 0 ],
  j2 |->
      [ status |-> "Submitted",
        worker |-> "Nil",
        lastHb |-> 0,
        origin |-> "RemoteOrigin",
        retry |-> "NoRetry",
        ctx |-> FALSE,
        output |-> FALSE,
        submittedTs |-> 0 ],
  j3 |->
      [ status |-> "Absent",
        worker |-> "Nil",
        lastHb |-> 0,
        origin |-> "NoOrigin",
        retry |-> "NoRetry",
        ctx |-> FALSE,
        output |-> FALSE,
        submittedTs |-> 0 ] ]
/\ coordSeenCompactionsVersion = 3
/\ coordTime = 0
/\ compactionsExists = TRUE
/\ presentSsts = {"s0", "s2"}
/\ localExecuting = (w1 :> {} @@ w2 :> {})
/\ coordCheckpointActive = [j1 |-> FALSE, j2 |-> FALSE, j3 |-> FALSE]
/\ checkpointActive = [j1 |-> FALSE, j2 |-> FALSE, j3 |-> FALSE]
/\ compactionsVersion = 3
/\ manifestRefs = {"s0", "s2"}
/\ coordUp = TRUE
/\ coordCheckpointRefs = [j1 |-> {}, j2 |-> {}, j3 |-> {}]
/\ retryCount = [j1 |-> 0, j2 |-> 0, j3 |-> 0]
/\ compactionsEpoch = 1
/\ workerTime = (w1 :> 0 @@ w2 :> 0)
/\ coordJob = [ j1 |->
      [ status |-> "Submitted",
        worker |-> "Nil",
        lastHb |-> 0,
        origin |-> "LocalOrigin",
        retry |-> "NoRetry",
        ctx |-> FALSE,
        output |-> FALSE,
        submittedTs |-> 0 ],
  j2 |->
      [ status |-> "Submitted",
        worker |-> "Nil",
        lastHb |-> 0,
        origin |-> "RemoteOrigin",
        retry |-> "NoRetry",
        ctx |-> FALSE,
        output |-> FALSE,
        submittedTs |-> 0 ],
  j3 |->
      [ status |-> "Absent",
        worker |-> "Nil",
        lastHb |-> 0,
        origin |-> "NoOrigin",
        retry |-> "NoRetry",
        ctx |-> FALSE,
        output |-> FALSE,
        submittedTs |-> 0 ] ]
/\ publishCount = [j1 |-> 0, j2 |-> 0, j3 |-> 0]
/\ faultCounters = [ localSubmit |-> 1,
  remoteSubmit |-> 1,
  crash |-> 0,
  coordClock |-> 0,
  workerClock |-> 0,
  execError |-> 0,
  gcSweep |-> 0,
  checkpointRefresh |-> 0 ]
/\ coordCheckpointExpire = [j1 |-> 0, j2 |-> 0, j3 |-> 0]
/\ checkpointExpire = [j1 |-> 0, j2 |-> 0, j3 |-> 0]
/\ deletedSsts = {}
/\ outputTs = [o0 |-> 0, o1 |-> 0, o2 |-> 0]
/\ manifestEpoch = 1

State 6: <MCMaybeValidateSubmittedSchedule("j1") line 104, col 5 to line 105, col 26 of module MC>
/\ coordManifestRefs = {"s0", "s2"}
/\ bufferedCtx = (w1 :> {} @@ w2 :> {})
/\ checkpointRefs = [j1 |-> {}, j2 |-> {}, j3 |-> {}]
/\ manifestVersion = 1
/\ coordSeenManifestVersion = 1
/\ durJob = [ j1 |->
      [ status |-> "Scheduled",
        worker |-> "Nil",
        lastHb |-> 0,
        origin |-> "LocalOrigin",
        retry |-> "NoRetry",
        ctx |-> FALSE,
        output |-> FALSE,
        submittedTs |-> 0 ],
  j2 |->
      [ status |-> "Submitted",
        worker |-> "Nil",
        lastHb |-> 0,
        origin |-> "RemoteOrigin",
        retry |-> "NoRetry",
        ctx |-> FALSE,
        output |-> FALSE,
        submittedTs |-> 0 ],
  j3 |->
      [ status |-> "Absent",
        worker |-> "Nil",
        lastHb |-> 0,
        origin |-> "NoOrigin",
        retry |-> "NoRetry",
        ctx |-> FALSE,
        output |-> FALSE,
        submittedTs |-> 0 ] ]
/\ coordSeenCompactionsVersion = 4
/\ coordTime = 0
/\ compactionsExists = TRUE
/\ presentSsts = {"s0", "s2"}
/\ localExecuting = (w1 :> {} @@ w2 :> {})
/\ coordCheckpointActive = [j1 |-> FALSE, j2 |-> FALSE, j3 |-> FALSE]
/\ checkpointActive = [j1 |-> FALSE, j2 |-> FALSE, j3 |-> FALSE]
/\ compactionsVersion = 4
/\ manifestRefs = {"s0", "s2"}
/\ coordUp = TRUE
/\ coordCheckpointRefs = [j1 |-> {}, j2 |-> {}, j3 |-> {}]
/\ retryCount = [j1 |-> 0, j2 |-> 0, j3 |-> 0]
/\ compactionsEpoch = 1
/\ workerTime = (w1 :> 0 @@ w2 :> 0)
/\ coordJob = [ j1 |->
      [ status |-> "Scheduled",
        worker |-> "Nil",
        lastHb |-> 0,
        origin |-> "LocalOrigin",
        retry |-> "NoRetry",
        ctx |-> FALSE,
        output |-> FALSE,
        submittedTs |-> 0 ],
  j2 |->
      [ status |-> "Submitted",
        worker |-> "Nil",
        lastHb |-> 0,
        origin |-> "RemoteOrigin",
        retry |-> "NoRetry",
        ctx |-> FALSE,
        output |-> FALSE,
        submittedTs |-> 0 ],
  j3 |->
      [ status |-> "Absent",
        worker |-> "Nil",
        lastHb |-> 0,
        origin |-> "NoOrigin",
        retry |-> "NoRetry",
        ctx |-> FALSE,
        output |-> FALSE,
        submittedTs |-> 0 ] ]
/\ publishCount = [j1 |-> 0, j2 |-> 0, j3 |-> 0]
/\ faultCounters = [ localSubmit |-> 1,
  remoteSubmit |-> 1,
  crash |-> 0,
  coordClock |-> 0,
  workerClock |-> 0,
  execError |-> 0,
  gcSweep |-> 0,
  checkpointRefresh |-> 0 ]
/\ coordCheckpointExpire = [j1 |-> 0, j2 |-> 0, j3 |-> 0]
/\ checkpointExpire = [j1 |-> 0, j2 |-> 0, j3 |-> 0]
/\ deletedSsts = {}
/\ outputTs = [o0 |-> 0, o1 |-> 0, o2 |-> 0]
/\ manifestEpoch = 1

State 7: <MCMaybeValidateSubmittedSchedule("j2") line 104, col 5 to line 105, col 26 of module MC>
/\ coordManifestRefs = {"s0", "s2"}
/\ bufferedCtx = (w1 :> {} @@ w2 :> {})
/\ checkpointRefs = [j1 |-> {}, j2 |-> {}, j3 |-> {}]
/\ manifestVersion = 1
/\ coordSeenManifestVersion = 1
/\ durJob = [ j1 |->
      [ status |-> "Scheduled",
        worker |-> "Nil",
        lastHb |-> 0,
        origin |-> "LocalOrigin",
        retry |-> "NoRetry",
        ctx |-> FALSE,
        output |-> FALSE,
        submittedTs |-> 0 ],
  j2 |->
      [ status |-> "Scheduled",
        worker |-> "Nil",
        lastHb |-> 0,
        origin |-> "RemoteOrigin",
        retry |-> "NoRetry",
        ctx |-> FALSE,
        output |-> FALSE,
        submittedTs |-> 0 ],
  j3 |->
      [ status |-> "Absent",
        worker |-> "Nil",
        lastHb |-> 0,
        origin |-> "NoOrigin",
        retry |-> "NoRetry",
        ctx |-> FALSE,
        output |-> FALSE,
        submittedTs |-> 0 ] ]
/\ coordSeenCompactionsVersion = 5
/\ coordTime = 0
/\ compactionsExists = TRUE
/\ presentSsts = {"s0", "s2"}
/\ localExecuting = (w1 :> {} @@ w2 :> {})
/\ coordCheckpointActive = [j1 |-> FALSE, j2 |-> FALSE, j3 |-> FALSE]
/\ checkpointActive = [j1 |-> FALSE, j2 |-> FALSE, j3 |-> FALSE]
/\ compactionsVersion = 5
/\ manifestRefs = {"s0", "s2"}
/\ coordUp = TRUE
/\ coordCheckpointRefs = [j1 |-> {}, j2 |-> {}, j3 |-> {}]
/\ retryCount = [j1 |-> 0, j2 |-> 0, j3 |-> 0]
/\ compactionsEpoch = 1
/\ workerTime = (w1 :> 0 @@ w2 :> 0)
/\ coordJob = [ j1 |->
      [ status |-> "Scheduled",
        worker |-> "Nil",
        lastHb |-> 0,
        origin |-> "LocalOrigin",
        retry |-> "NoRetry",
        ctx |-> FALSE,
        output |-> FALSE,
        submittedTs |-> 0 ],
  j2 |->
      [ status |-> "Scheduled",
        worker |-> "Nil",
        lastHb |-> 0,
        origin |-> "RemoteOrigin",
        retry |-> "NoRetry",
        ctx |-> FALSE,
        output |-> FALSE,
        submittedTs |-> 0 ],
  j3 |->
      [ status |-> "Absent",
        worker |-> "Nil",
        lastHb |-> 0,
        origin |-> "NoOrigin",
        retry |-> "NoRetry",
        ctx |-> FALSE,
        output |-> FALSE,
        submittedTs |-> 0 ] ]
/\ publishCount = [j1 |-> 0, j2 |-> 0, j3 |-> 0]
/\ faultCounters = [ localSubmit |-> 1,
  remoteSubmit |-> 1,
  crash |-> 0,
  coordClock |-> 0,
  workerClock |-> 0,
  execError |-> 0,
  gcSweep |-> 0,
  checkpointRefresh |-> 0 ]
/\ coordCheckpointExpire = [j1 |-> 0, j2 |-> 0, j3 |-> 0]
/\ checkpointExpire = [j1 |-> 0, j2 |-> 0, j3 |-> 0]
/\ deletedSsts = {}
/\ outputTs = [o0 |-> 0, o1 |-> 0, o2 |-> 0]
/\ manifestEpoch = 1

"CounterExample written: output/MC_hunt_family1_conflicts_fullbounds_bfs_counterexample.json"
460 states generated, 243 distinct states found, 175 states left on queue.
The depth of the complete state graph search is 7.
Checkpointing of run <temporary-directory>/tlc-states-dh1mjn/26-09-03-17-09-18.433
Checkpointing completed at (2026-09-03 17:09:20)
Finished in 01s at (2026-09-03 17:09:20)
Trace exploration spec path: ./MC_TTrace_1788455358.tla

[0;32m================================[0m
[1;33m⚠ Invariant violation found![0m
[1;33mPlease check log: output/MC_hunt_family1_conflicts_fullbounds_bfs.inner.log[0m
[0;32m================================[0m
