TLC2 Version 2026.09.23.154203 (rev: 4260e47)
Running breadth-first search Model-Checking with fp 61 and seed -4333826711675987927 with 4 workers on 96 cores with 3925MB heap and 12288MB offheap memory [pid: 1468500] (Linux 6.8.0-1044-azure amd64, Ubuntu 21.0.11 64bit, OffHeapDiskFPSet, DiskStateQueue).
Parsing file /home/ubuntu/specula-nvflare-gpt-continuation-20260926/framework/runs/gpt-continuation/nvflare-job/.specula-output/spec/output/continuation-H4b-live_finalize/MC.tla
Parsing file /home/ubuntu/specula-nvflare-gpt-continuation-20260926/framework/runs/gpt-continuation/nvflare-job/.specula-output/spec/output/continuation-H4b-live_finalize/base.tla
Parsing file /tmp/tlc-7208409080929690839/_JsonTrace.tla (jar:file:/home/ubuntu/specula-nvflare-gpt-continuation-20260926/framework/lib/tla2tools.jar!/tla2sany/StandardModules/_JsonTrace.tla)
Parsing file /tmp/tlc-7208409080929690839/_TLCTrace.tla (jar:file:/home/ubuntu/specula-nvflare-gpt-continuation-20260926/framework/lib/tla2tools.jar!/tla2sany/StandardModules/_TLCTrace.tla)
Parsing file /tmp/tlc-7208409080929690839/Integers.tla (jar:file:/home/ubuntu/specula-nvflare-gpt-continuation-20260926/framework/lib/tla2tools.jar!/tla2sany/StandardModules/Integers.tla)
Parsing file /tmp/tlc-7208409080929690839/Sequences.tla (jar:file:/home/ubuntu/specula-nvflare-gpt-continuation-20260926/framework/lib/tla2tools.jar!/tla2sany/StandardModules/Sequences.tla)
Parsing file /tmp/tlc-7208409080929690839/FiniteSets.tla (jar:file:/home/ubuntu/specula-nvflare-gpt-continuation-20260926/framework/lib/tla2tools.jar!/tla2sany/StandardModules/FiniteSets.tla)
Parsing file /tmp/tlc-7208409080929690839/TLC.tla (jar:file:/home/ubuntu/specula-nvflare-gpt-continuation-20260926/framework/lib/tla2tools.jar!/tla2sany/StandardModules/TLC.tla)
Parsing file /tmp/tlc-7208409080929690839/Naturals.tla (jar:file:/home/ubuntu/specula-nvflare-gpt-continuation-20260926/framework/lib/tla2tools.jar!/tla2sany/StandardModules/Naturals.tla)
Parsing file /tmp/tlc-7208409080929690839/TLCExt.tla (jar:file:/home/ubuntu/specula-nvflare-gpt-continuation-20260926/framework/lib/tla2tools.jar!/tla2sany/StandardModules/TLCExt.tla)
Parsing file /tmp/tlc-7208409080929690839/Json.tla (jar:file:/home/ubuntu/specula-nvflare-gpt-continuation-20260926/framework/lib/tla2tools.jar!/tla2sany/StandardModules/Json.tla)
Semantic processing of module Naturals
Semantic processing of module Integers
Semantic processing of module Sequences
Semantic processing of module FiniteSets
Semantic processing of module TLC
Semantic processing of module base
Semantic processing of module TLCExt
Semantic processing of module Json
Semantic processing of module _JsonTrace
Semantic processing of module _TLCTrace
Semantic processing of module MC
Linting of module base
Linting of module TLCExt
Linting of module Json
Linting of module _JsonTrace
Linting of module _TLCTrace
Linting of module MC
Starting... (2026-09-27 06:34:25)
Implied-temporal checking--satisfiability problem has 1 branches.
Computing initial states...
Finished computing initial states: 1 distinct state generated at 2026-09-27 06:34:26.
Checking temporal properties for the current state space with 10297 total distinct states at (2026-09-27 06:34:29)
Finished checking temporal properties in 00s at 2026-09-27 06:34:29
Progress(23) at 2026-09-27 06:34:29: 31,981 states generated (31,981 s/min), 10,297 distinct states found (10,297 ds/min), 3,213 states left on queue.
Checking temporal properties for the current state space with 294333 total distinct states at (2026-09-27 06:35:29)
Finished checking temporal properties in 02s at 2026-09-27 06:35:31
Progress(33) at 2026-09-27 06:35:31: 1,081,217 states generated (1,049,236 s/min), 294,334 distinct states found (284,037 ds/min), 95,142 states left on queue.
Checking temporal properties for the current state space with 537015 total distinct states at (2026-09-27 06:36:31)
Finished checking temporal properties in 04s at 2026-09-27 06:36:35
Progress(34) at 2026-09-27 06:36:35: 2,051,395 states generated (970,178 s/min), 537,015 distinct states found (242,681 ds/min), 186,485 states left on queue.
Checking temporal properties for the current state space with 763789 total distinct states at (2026-09-27 06:37:35)
Finished checking temporal properties in 06s at 2026-09-27 06:37:41
Progress(35) at 2026-09-27 06:37:41: 2,975,120 states generated (923,725 s/min), 763,792 distinct states found (226,777 ds/min), 276,684 states left on queue.
Checking temporal properties for the current state space with 983320 total distinct states at (2026-09-27 06:38:41)
Finished checking temporal properties in 08s at 2026-09-27 06:38:49
Progress(36) at 2026-09-27 06:38:49: 3,884,363 states generated (909,243 s/min), 983,320 distinct states found (219,528 ds/min), 362,248 states left on queue.
Checking temporal properties for the current state space with 1188281 total distinct states at (2026-09-27 06:39:49)
Finished checking temporal properties in 09s at 2026-09-27 06:39:59
Progress(36) at 2026-09-27 06:39:59: 4,760,004 states generated (875,641 s/min), 1,188,281 distinct states found (204,961 ds/min), 454,502 states left on queue.
Checking temporal properties for the current state space with 1390501 total distinct states at (2026-09-27 06:40:59)
Finished checking temporal properties in 11s at 2026-09-27 06:41:11
Progress(36) at 2026-09-27 06:41:11: 5,630,149 states generated (870,145 s/min), 1,390,501 distinct states found (202,220 ds/min), 538,822 states left on queue.
Checking temporal properties for the current state space with 1598650 total distinct states at (2026-09-27 06:42:11)
Finished checking temporal properties in 13s at 2026-09-27 06:42:25
Progress(37) at 2026-09-27 06:42:25: 6,501,059 states generated (870,910 s/min), 1,598,654 distinct states found (208,153 ds/min), 621,777 states left on queue.
Checking temporal properties for the current state space with 1782362 total distinct states at (2026-09-27 06:43:25)
Finished checking temporal properties in 15s at 2026-09-27 06:43:40
Progress(37) at 2026-09-27 06:43:40: 7,343,011 states generated (841,952 s/min), 1,782,362 distinct states found (183,708 ds/min), 706,732 states left on queue.
Checking temporal properties for the current state space with 1984271 total distinct states at (2026-09-27 06:44:40)
Finished checking temporal properties in 15s at 2026-09-27 06:44:56
Checkpointing of run /home/ubuntu/specula-nvflare-gpt-continuation-20260926/framework/runs/gpt-continuation/nvflare-job/.specula-output/.tlc-state/tlc-states-kluqEL/26-09-27-06-34-24.870
Checkpointing completed at (2026-09-27 06:44:56)
Progress(37) at 2026-09-27 06:44:56: 8,211,555 states generated (868,544 s/min), 1,984,356 distinct states found (201,994 ds/min), 793,228 states left on queue.
Progress(37) at 2026-09-27 06:45:56: 9,082,680 states generated (871,125 s/min), 2,178,951 distinct states found (194,595 ds/min), 871,275 states left on queue.
Checking temporal properties for the current state space with 2368963 total distinct states at (2026-09-27 06:46:56)
Finished checking temporal properties in 20s at 2026-09-27 06:47:17
Progress(37) at 2026-09-27 06:47:17: 9,951,309 states generated (868,629 s/min), 2,368,963 distinct states found (190,012 ds/min), 945,582 states left on queue.
Progress(38) at 2026-09-27 06:48:17: 10,805,719 states generated (854,410 s/min), 2,556,780 distinct states found (187,817 ds/min), 1,023,350 states left on queue.
Checking temporal properties for the current state space with 2763524 total distinct states at (2026-09-27 06:49:17)
Finished checking temporal properties in 22s at 2026-09-27 06:49:39
Progress(38) at 2026-09-27 06:49:39: 11,657,076 states generated (851,357 s/min), 2,763,524 distinct states found (206,744 ds/min), 1,110,735 states left on queue.
Progress(38) at 2026-09-27 06:50:39: 12,485,449 states generated (828,373 s/min), 2,930,464 distinct states found (166,940 ds/min), 1,186,211 states left on queue.
Checking temporal properties for the current state space with 3100085 total distinct states at (2026-09-27 06:51:39)
Finished checking temporal properties in 26s at 2026-09-27 06:52:06
Progress(38) at 2026-09-27 06:52:06: 13,327,893 states generated (842,444 s/min), 3,100,085 distinct states found (169,621 ds/min), 1,256,960 states left on queue.
Progress(38) at 2026-09-27 06:53:06: 14,181,514 states generated (853,621 s/min), 3,302,223 distinct states found (202,138 ds/min), 1,341,012 states left on queue.
Checking temporal properties for the current state space with 3492272 total distinct states at (2026-09-27 06:54:06)
Finished checking temporal properties in 28s at 2026-09-27 06:54:34
Progress(38) at 2026-09-27 06:54:34: 15,020,540 states generated (839,026 s/min), 3,492,272 distinct states found (190,049 ds/min), 1,423,193 states left on queue.
Checkpointing of run /home/ubuntu/specula-nvflare-gpt-continuation-20260926/framework/runs/gpt-continuation/nvflare-job/.specula-output/.tlc-state/tlc-states-kluqEL/26-09-27-06-34-24.870
Checkpointing completed at (2026-09-27 06:55:34)
Progress(38) at 2026-09-27 06:55:34: 15,909,530 states generated (888,990 s/min), 3,668,378 distinct states found (176,106 ds/min), 1,477,529 states left on queue.
Checking temporal properties for the current state space with 3845688 total distinct states at (2026-09-27 06:56:34)
Finished checking temporal properties in 36s at 2026-09-27 06:57:11
Progress(38) at 2026-09-27 06:57:11: 16,765,994 states generated (856,464 s/min), 3,845,688 distinct states found (177,310 ds/min), 1,542,836 states left on queue.
Progress(38) at 2026-09-27 06:58:11: 17,577,657 states generated (811,663 s/min), 4,012,080 distinct states found (166,392 ds/min), 1,604,147 states left on queue.
Progress(38) at 2026-09-27 06:59:11: 18,311,292 states generated (733,635 s/min), 4,166,711 distinct states found (154,631 ds/min), 1,666,416 states left on queue.
Checking temporal properties for the current state space with 4358925 total distinct states at (2026-09-27 07:00:11)
Finished checking temporal properties in 37s at 2026-09-27 07:00:48
Progress(39) at 2026-09-27 07:00:48: 19,159,364 states generated (848,072 s/min), 4,358,925 distinct states found (192,214 ds/min), 1,742,562 states left on queue.
Progress(39) at 2026-09-27 07:01:48: 19,960,728 states generated (801,364 s/min), 4,553,312 distinct states found (194,387 ds/min), 1,832,713 states left on queue.
Progress(39) at 2026-09-27 07:02:48: 20,786,066 states generated (825,338 s/min), 4,717,707 distinct states found (164,395 ds/min), 1,900,789 states left on queue.
Checking temporal properties for the current state space with 4880964 total distinct states at (2026-09-27 07:03:48)
