[0;32m================================[0m
[0;32mTLC Model Checking Mode[0m
[0;32m================================[0m
Spec File:       MC.tla
Config File:     MC_hunt_s2_identity_history.cfg
Memory Limit:    4G
Off-heap Memory: 6G
Workers:         3
Timeout:         30 minutes
[0;34m--- Model Checking Settings ---[0m
Depth Limit:     0
Checkpoint:      10 minutes
Log File:        tlc.out
[0;32m================================[0m
[1;33mExecuting Command:[0m
java -XX:+UseParallelGC -Dtlc2.tool.fp.FPSet.impl=tlc2.tool.fp.OffHeapDiskFPSet -XX:MaxDirectMemorySize=6G -Xmx4G -Xms4G -cp /home/ubuntu/nvflare-runs-20260913/specula/lib/CommunityModules-deps.jar:/home/ubuntu/nvflare-runs-20260913/specula/lib/tla2tools.jar tlc2.TLC -config MC_hunt_s2_identity_history.cfg MC.tla -workers 3 -deadlock -checkpoint 10 -dumptrace json counterexample.json -metadir /home/ubuntu/nvflare-runs-20260913/scratch/fedavg/tlc/tlc-states-eCXvkl 

TLC resource budget (Specula run nvflare-fedavg-20260913):
  memory source: user config (128G)
  external memory use: not included in this configured run bound
  memory limit: 128 GiB
  active TLC reserved before request: 20 GiB (this agent: 20 GiB)
  this request: 10 GiB (heap 4 GiB + off-heap 6 GiB)
  remaining before request: 108 GiB
  remaining after admission: 98 GiB
  worker limit: 40
  active TLC workers before request: 6 (this agent: 6)
  this request workers: 3 (3)
  remaining workers before request: 34
  remaining workers after admission: 31
  result: admitted
Picked up JAVA_TOOL_OPTIONS: -Djava.io.tmpdir=/home/ubuntu/nvflare-runs-20260913/scratch/fedavg/tmp
TLC2 Version 2.20 of Day Month 20?? (rev: ${git.shortRevision})
Running breadth-first search Model-Checking with fp 88 and seed -5337853185781496144 with 3 workers on 80 cores with 3925MB heap and 6144MB offheap memory [pid: 4114895] (Linux 6.8.0-1044-azure amd64, Ubuntu 21.0.11 x86_64, OffHeapDiskFPSet, DiskStateQueue).
Parsing file /home/ubuntu/nvflare-runs-20260913/specula/runs/nvflare-fedavg-20260913/nvflare-fedavg/.specula-output/spec/output/hunt-bfs/MC_hunt_s2_identity_history/MC.tla
Parsing file /home/ubuntu/nvflare-runs-20260913/specula/runs/nvflare-fedavg-20260913/nvflare-fedavg/.specula-output/spec/output/hunt-bfs/MC_hunt_s2_identity_history/base.tla
Parsing file /home/ubuntu/nvflare-runs-20260913/scratch/fedavg/tmp/tlc-10049127248914048036/_JsonTrace.tla (jar:file:/home/ubuntu/nvflare-runs-20260913/specula/lib/tla2tools.jar!/tla2sany/StandardModules/_JsonTrace.tla)
Parsing file /home/ubuntu/nvflare-runs-20260913/scratch/fedavg/tmp/tlc-10049127248914048036/_TLCTrace.tla (jar:file:/home/ubuntu/nvflare-runs-20260913/specula/lib/tla2tools.jar!/tla2sany/StandardModules/_TLCTrace.tla)
Parsing file /home/ubuntu/nvflare-runs-20260913/scratch/fedavg/tmp/tlc-10049127248914048036/Naturals.tla (jar:file:/home/ubuntu/nvflare-runs-20260913/specula/lib/tla2tools.jar!/tla2sany/StandardModules/Naturals.tla)
Parsing file /home/ubuntu/nvflare-runs-20260913/scratch/fedavg/tmp/tlc-10049127248914048036/Integers.tla (jar:file:/home/ubuntu/nvflare-runs-20260913/specula/lib/tla2tools.jar!/tla2sany/StandardModules/Integers.tla)
Parsing file /home/ubuntu/nvflare-runs-20260913/scratch/fedavg/tmp/tlc-10049127248914048036/Sequences.tla (jar:file:/home/ubuntu/nvflare-runs-20260913/specula/lib/tla2tools.jar!/tla2sany/StandardModules/Sequences.tla)
Parsing file /home/ubuntu/nvflare-runs-20260913/scratch/fedavg/tmp/tlc-10049127248914048036/FiniteSets.tla (jar:file:/home/ubuntu/nvflare-runs-20260913/specula/lib/tla2tools.jar!/tla2sany/StandardModules/FiniteSets.tla)
Parsing file /home/ubuntu/nvflare-runs-20260913/scratch/fedavg/tmp/tlc-10049127248914048036/TLC.tla (jar:file:/home/ubuntu/nvflare-runs-20260913/specula/lib/tla2tools.jar!/tla2sany/StandardModules/TLC.tla)
Parsing file /home/ubuntu/nvflare-runs-20260913/scratch/fedavg/tmp/tlc-10049127248914048036/TLCExt.tla (jar:file:/home/ubuntu/nvflare-runs-20260913/specula/lib/tla2tools.jar!/tla2sany/StandardModules/TLCExt.tla)
Parsing file /home/ubuntu/nvflare-runs-20260913/scratch/fedavg/tmp/tlc-10049127248914048036/Json.tla (jar:file:/home/ubuntu/nvflare-runs-20260913/specula/lib/tla2tools.jar!/tla2sany/StandardModules/Json.tla)
Semantic processing of module Naturals
Semantic processing of module Integers
Semantic processing of module Sequences
Semantic processing of module FiniteSets
Semantic processing of module TLC
Semantic processing of module base
Semantic processing of module TLCExt
Semantic processing of module Json
Semantic processing of module _JsonTrace
Semantic processing of module _TLCTrace
Semantic processing of module MC
Linting of module base
Linting of module TLCExt
Linting of module Json
Linting of module _JsonTrace
Linting of module _TLCTrace
Linting of module MC
Starting... (2026-09-13 12:05:07)
Computing initial states...
Finished computing initial states: 1 distinct state generated at 2026-09-13 12:05:08.
Progress(40) at 2026-09-13 12:05:11: 111,846 states generated (111,846 s/min), 25,680 distinct states found (25,680 ds/min), 1,885 states left on queue.
Progress(112) at 2026-09-13 12:06:11: 4,297,959 states generated (4,186,113 s/min), 987,905 distinct states found (962,225 ds/min), 78,299 states left on queue.
Progress(121) at 2026-09-13 12:07:11: 8,575,849 states generated (4,277,890 s/min), 1,940,885 distinct states found (952,980 ds/min), 117,850 states left on queue.
Progress(129) at 2026-09-13 12:08:11: 12,827,819 states generated (4,251,970 s/min), 2,872,348 distinct states found (931,463 ds/min), 133,726 states left on queue.
Progress(136) at 2026-09-13 12:09:11: 17,004,657 states generated (4,176,838 s/min), 3,772,872 distinct states found (900,524 ds/min), 121,488 states left on queue.
Progress(144) at 2026-09-13 12:10:11: 21,149,657 states generated (4,145,000 s/min), 4,653,903 distinct states found (881,031 ds/min), 85,359 states left on queue.
Progress(156) at 2026-09-13 12:11:11: 25,143,152 states generated (3,993,495 s/min), 5,521,589 distinct states found (867,686 ds/min), 60,823 states left on queue.
Progress(172) at 2026-09-13 12:12:11: 28,999,753 states generated (3,856,601 s/min), 6,403,680 distinct states found (882,091 ds/min), 49,329 states left on queue.
Model checking completed. No error has been found.
  Estimates of the probability that TLC did not check all reachable states
  because two distinct states had the same fingerprint:
  calculated (optimistic):  val = 9.2E-6
  based on the actual fingerprints:  val = 3.1E-6
31470045 states generated, 6957871 distinct states found, 0 states left on queue.
The depth of the complete state graph search is 199.
The average outdegree of the complete state graph is 1 (minimum is 0, the maximum 5 and the 95th percentile is 2).
Finished in 07min 47s at (2026-09-13 12:12:54)

[0;32m================================[0m
[0;32m✓ Completed successfully[0m
[0;32mNo errors found[0m
[0;32m================================[0m
