Picked up JAVA_TOOL_OPTIONS: -Djava.io.tmpdir=/home/ubuntu/nvflare-runs-20260913/scratch/fedavg/tmp
TLC2 Version 2.20 of Day Month 20?? (rev: ${git.shortRevision})
Running breadth-first search Model-Checking with fp 86 and seed -334596402975320504 with 3 workers on 80 cores with 3925MB heap and 6144MB offheap memory [pid: 4176756] (Linux 6.8.0-1044-azure amd64, Ubuntu 21.0.11 x86_64, OffHeapDiskFPSet, DiskStateQueue).
Parsing file /home/ubuntu/nvflare-runs-20260913/specula/runs/nvflare-fedavg-20260913/nvflare-fedavg/.specula-output/spec/output/hunt-revised-bfs/MC_hunt_s5_dead_policy/MC.tla
Parsing file /home/ubuntu/nvflare-runs-20260913/specula/runs/nvflare-fedavg-20260913/nvflare-fedavg/.specula-output/spec/output/hunt-revised-bfs/MC_hunt_s5_dead_policy/base.tla
Parsing file /home/ubuntu/nvflare-runs-20260913/scratch/fedavg/tmp/tlc-5792273128944215805/_JsonTrace.tla (jar:file:/home/ubuntu/nvflare-runs-20260913/specula/lib/tla2tools.jar!/tla2sany/StandardModules/_JsonTrace.tla)
Parsing file /home/ubuntu/nvflare-runs-20260913/scratch/fedavg/tmp/tlc-5792273128944215805/_TLCTrace.tla (jar:file:/home/ubuntu/nvflare-runs-20260913/specula/lib/tla2tools.jar!/tla2sany/StandardModules/_TLCTrace.tla)
Parsing file /home/ubuntu/nvflare-runs-20260913/scratch/fedavg/tmp/tlc-5792273128944215805/Naturals.tla (jar:file:/home/ubuntu/nvflare-runs-20260913/specula/lib/tla2tools.jar!/tla2sany/StandardModules/Naturals.tla)
Parsing file /home/ubuntu/nvflare-runs-20260913/scratch/fedavg/tmp/tlc-5792273128944215805/Integers.tla (jar:file:/home/ubuntu/nvflare-runs-20260913/specula/lib/tla2tools.jar!/tla2sany/StandardModules/Integers.tla)
Parsing file /home/ubuntu/nvflare-runs-20260913/scratch/fedavg/tmp/tlc-5792273128944215805/Sequences.tla (jar:file:/home/ubuntu/nvflare-runs-20260913/specula/lib/tla2tools.jar!/tla2sany/StandardModules/Sequences.tla)
Parsing file /home/ubuntu/nvflare-runs-20260913/scratch/fedavg/tmp/tlc-5792273128944215805/FiniteSets.tla (jar:file:/home/ubuntu/nvflare-runs-20260913/specula/lib/tla2tools.jar!/tla2sany/StandardModules/FiniteSets.tla)
Parsing file /home/ubuntu/nvflare-runs-20260913/scratch/fedavg/tmp/tlc-5792273128944215805/TLC.tla (jar:file:/home/ubuntu/nvflare-runs-20260913/specula/lib/tla2tools.jar!/tla2sany/StandardModules/TLC.tla)
Parsing file /home/ubuntu/nvflare-runs-20260913/scratch/fedavg/tmp/tlc-5792273128944215805/TLCExt.tla (jar:file:/home/ubuntu/nvflare-runs-20260913/specula/lib/tla2tools.jar!/tla2sany/StandardModules/TLCExt.tla)
Parsing file /home/ubuntu/nvflare-runs-20260913/scratch/fedavg/tmp/tlc-5792273128944215805/Json.tla (jar:file:/home/ubuntu/nvflare-runs-20260913/specula/lib/tla2tools.jar!/tla2sany/StandardModules/Json.tla)
Semantic processing of module Naturals
Semantic processing of module Integers
Semantic processing of module Sequences
Semantic processing of module FiniteSets
Semantic processing of module TLC
Semantic processing of module base
Semantic processing of module TLCExt
Semantic processing of module Json
Semantic processing of module _JsonTrace
Semantic processing of module _TLCTrace
Semantic processing of module MC
Linting of module base
Linting of module TLCExt
Linting of module Json
Linting of module _JsonTrace
Linting of module _TLCTrace
Linting of module MC
Starting... (2026-09-13 12:10:25)
Computing initial states...
Finished computing initial states: 1 distinct state generated at 2026-09-13 12:10:25.
Progress(22) at 2026-09-13 12:10:28: 139,470 states generated (139,470 s/min), 32,576 distinct states found (32,576 ds/min), 5,380 states left on queue.
Progress(90) at 2026-09-13 12:11:28: 4,423,209 states generated (4,283,739 s/min), 885,870 distinct states found (853,294 ds/min), 14,178 states left on queue.
Progress(113) at 2026-09-13 12:12:28: 8,284,847 states generated (3,861,638 s/min), 1,692,112 distinct states found (806,242 ds/min), 67,243 states left on queue.
Progress(122) at 2026-09-13 12:13:28: 11,974,608 states generated (3,689,761 s/min), 2,434,059 distinct states found (741,947 ds/min), 103,867 states left on queue.
Progress(128) at 2026-09-13 12:14:28: 15,719,765 states generated (3,745,157 s/min), 3,178,376 distinct states found (744,317 ds/min), 131,199 states left on queue.
Progress(133) at 2026-09-13 12:15:28: 19,452,335 states generated (3,732,570 s/min), 3,915,008 distinct states found (736,632 ds/min), 133,143 states left on queue.
Progress(139) at 2026-09-13 12:16:28: 23,174,386 states generated (3,722,051 s/min), 4,640,361 distinct states found (725,353 ds/min), 115,325 states left on queue.
Progress(148) at 2026-09-13 12:17:28: 26,882,853 states generated (3,708,467 s/min), 5,332,894 distinct states found (692,533 ds/min), 55,014 states left on queue.
Progress(165) at 2026-09-13 12:18:28: 30,538,630 states generated (3,655,777 s/min), 6,048,337 distinct states found (715,443 ds/min), 38,279 states left on queue.
Model checking completed. No error has been found.
  Estimates of the probability that TLC did not check all reachable states
  because two distinct states had the same fingerprint:
  calculated (optimistic):  val = 9.8E-6
  based on the actual fingerprints:  val = 4.5E-6
33724453 states generated, 6690779 distinct states found, 0 states left on queue.
The depth of the complete state graph search is 198.
The average outdegree of the complete state graph is 1 (minimum is 0, the maximum 8 and the 95th percentile is 3).
Finished in 09min 01s at (2026-09-13 12:19:26)
