{
  "scenario": "delete_during_scan",
  "root": "/home/ubuntu/specula-nvflare-gpt-continuation-20260926/framework/runs/gpt-continuation/nvflare-job/.specula-output/harness/build/work/delete_during_scan",
  "nvflare": "/home/ubuntu/specula-nvflare-gpt-continuation-20260926/framework/runs/gpt-continuation/nvflare-job/.specula-output/harness/build/nvflare_src/nvflare/__init__.py",
  "python": "/home/ubuntu/specula-nvflare-gpt-continuation-20260926/nvflare-venv/bin/python",
  "python_version": "3.12.3 (main, Jun 19 2026, 12:46:00) [GCC 13.3.0]",
  "command": [
    "/home/ubuntu/specula-nvflare-gpt-continuation-20260926/nvflare-venv/bin/python",
    "/home/ubuntu/specula-nvflare-gpt-continuation-20260926/framework/runs/gpt-continuation/nvflare-job/.specula-output/harness/src/run_scenario.py",
    "delete_during_scan",
    "--out",
    "/home/ubuntu/specula-nvflare-gpt-continuation-20260926/framework/runs/gpt-continuation/nvflare-job/.specula-output/traces/delete_during_scan.ndjson",
    "--root",
    "/home/ubuntu/specula-nvflare-gpt-continuation-20260926/framework/runs/gpt-continuation/nvflare-job/.specula-output/harness/build/work/delete_during_scan",
    "--report",
    "/home/ubuntu/specula-nvflare-gpt-continuation-20260926/framework/runs/gpt-continuation/nvflare-job/.specula-output/harness/build/reports/delete_during_scan.json"
  ],
  "started_ns": 1790392766592421499,
  "build_provenance": "source=/home/ubuntu/specula-nvflare-gpt-continuation-20260926/source\ncommit=53ba7ee567468ea7971dad4faccef13c6cb35dc2\npatch_sha256=88bca0d3e2a27d68d352ded202911dccddc4afae851b9bfe0b4c79bf0cbaadb1\ntla_hooks_sha256=b01ea3c23995cc136c7a5c0f4b8d280aa31a01beb6bd5d7172e5195d08b095df\nbuilt=2026-09-26T03:18:33Z\n",
  "harness_sha256": {
    "apply.sh": "b194cbd571020552fe50d0140ea5052bd115348fe35e2aa2fe664b83bb46be50",
    "clean.sh": "7d9e526b9a70e66ca3c3d077eace1d1066642cf6218231613447975f9aee1b8d",
    "make_patch.sh": "3849ec71fdc02a019a769f13a73ccc76a8206796e7697b0649f10085521ea0f9",
    "patches/instrumentation.patch": "88bca0d3e2a27d68d352ded202911dccddc4afae851b9bfe0b4c79bf0cbaadb1",
    "paths.sh": "652d9113520373ee41346dacd14e6bf3d19c947cd1c733e3bd840a544213d349",
    "run.sh": "5de1135e8a29e89f09e1b8ea2bf7848e141c767f23d0213f96ee3d077489c32d",
    "src/nvf_env.py": "3259ba17d10b616fb2777864723ff79c0080d9552e9c190b8fad8b0fc286fbef",
    "src/nvf_scenarios.py": "29d1b09bb1d26bbacad1bb8f91366a94cd12e03890a53bf1f824f13b60d7b91d",
    "src/nvf_tracer.py": "f4eff4279dc3f41c1a563567f8643b55f482b111c8a9a0599655b029cca05b1d",
    "src/resource_observer.py": "5a738f4aa0098aaeb0c62bb5dfcb8dc1241c359de91caa9307bd979286e762a1",
    "src/run_scenario.py": "3dc495194be97bd277b6631e7563124bd04f254fcd41355b14a2e5e658f09ebc",
    "src/tla_hooks.py": "b01ea3c23995cc136c7a5c0f4b8d280aa31a01beb6bd5d7172e5195d08b095df",
    "src/trace_contract.py": "492bed5ba2319d4d1a6f3617e63d4289e70887c9bdd6df1e382e37747fbb98f0",
    "src/trace_inspect.py": "c1b7c74ced5c8b54c57a02ea8d15a75366ccda6d269f0b7d80fa6b045214a7c9",
    "src/validate_traces.py": "2276f1901859f4fba700304c9fcf8400b215b2dc8a7b92883fd81e642b9ec740",
    "stress.sh": "14bed7ace4797001dd757da87f74b78468473fe221514d2981a4bd6982668e92",
    "validate.sh": "a3806be3290e7148d32e271c60fd705f280f7894c2463134cb4f714e8e4cbfb0"
  },
  "result": "ok",
  "seconds": 1.09,
  "network_quiesced": true,
  "events": 5,
  "harness_errors": [],
  "thread_deaths": [],
  "runner_exception": "StorageException: object /home/ubuntu/specula-nvflare-gpt-continuation-20260926/framework/runs/gpt-continuation/nvflare-job/.specula-output/harness/build/work/delete_during_scan/jobs-storage/jobs/cd51ab60-01f5-4e5b-b17c-b89ba3726e51 does not exist",
  "expected_runner_exception": "StorageException:",
  "assertion_errors": [],
  "resource_observation": {
    "checks": 20,
    "mismatches": [],
    "calls": []
  },
  "scenario_config": {
    "clients": [
      "site-1",
      "site-2"
    ],
    "units": [
      0,
      1
    ],
    "need": 1,
    "max_jobs": 1,
    "max_schedule_count": 10,
    "expiry": 3,
    "min_schedule_interval": 0.0,
    "client_outcome_wait_timeout": 900.0,
    "scenario": "delete_during_scan"
  },
  "network_observation": [],
  "final_status": {
    "j1": "DELETED",
    "j2": "SUBMITTED"
  },
  "traced_prefix_end": "after scenario assertions and network drain; not global shutdown",
  "event_counts": {
    "RunnerScanList": 1,
    "AdminDeleteAuthorize": 1,
    "AdminDeleteExec": 1,
    "RunnerScanReadDeleted": 1,
    "Heartbeat": 1
  },
  "trace_sha256": "1d703c0d6244ab8d04bfc848e8b351a35bc9fda3b90c77b2681589442bc5d1c5",
  "finished_ns": 1790392767680421424,
  "exit_code": 0
}
