{
  "scenario": "running_after_terminal",
  "root": "/home/ubuntu/specula-nvflare-gpt-continuation-20260926/framework/runs/gpt-continuation/nvflare-job/.specula-output/harness/build/work/running_after_terminal",
  "nvflare": "/home/ubuntu/specula-nvflare-gpt-continuation-20260926/framework/runs/gpt-continuation/nvflare-job/.specula-output/harness/build/nvflare_src/nvflare/__init__.py",
  "python": "/home/ubuntu/specula-nvflare-gpt-continuation-20260926/nvflare-venv/bin/python",
  "python_version": "3.12.3 (main, Jun 19 2026, 12:46:00) [GCC 13.3.0]",
  "command": [
    "/home/ubuntu/specula-nvflare-gpt-continuation-20260926/nvflare-venv/bin/python",
    "/home/ubuntu/specula-nvflare-gpt-continuation-20260926/framework/runs/gpt-continuation/nvflare-job/.specula-output/harness/src/run_scenario.py",
    "running_after_terminal",
    "--out",
    "/home/ubuntu/specula-nvflare-gpt-continuation-20260926/framework/runs/gpt-continuation/nvflare-job/.specula-output/traces/running_after_terminal.ndjson",
    "--root",
    "/home/ubuntu/specula-nvflare-gpt-continuation-20260926/framework/runs/gpt-continuation/nvflare-job/.specula-output/harness/build/work/running_after_terminal",
    "--report",
    "/home/ubuntu/specula-nvflare-gpt-continuation-20260926/framework/runs/gpt-continuation/nvflare-job/.specula-output/harness/build/reports/running_after_terminal.json"
  ],
  "started_ns": 1790392778892663083,
  "build_provenance": "source=/home/ubuntu/specula-nvflare-gpt-continuation-20260926/source\ncommit=53ba7ee567468ea7971dad4faccef13c6cb35dc2\npatch_sha256=88bca0d3e2a27d68d352ded202911dccddc4afae851b9bfe0b4c79bf0cbaadb1\ntla_hooks_sha256=b01ea3c23995cc136c7a5c0f4b8d280aa31a01beb6bd5d7172e5195d08b095df\nbuilt=2026-09-26T03:18:33Z\n",
  "harness_sha256": {
    "apply.sh": "b194cbd571020552fe50d0140ea5052bd115348fe35e2aa2fe664b83bb46be50",
    "clean.sh": "7d9e526b9a70e66ca3c3d077eace1d1066642cf6218231613447975f9aee1b8d",
    "make_patch.sh": "3849ec71fdc02a019a769f13a73ccc76a8206796e7697b0649f10085521ea0f9",
    "patches/instrumentation.patch": "88bca0d3e2a27d68d352ded202911dccddc4afae851b9bfe0b4c79bf0cbaadb1",
    "paths.sh": "652d9113520373ee41346dacd14e6bf3d19c947cd1c733e3bd840a544213d349",
    "run.sh": "5de1135e8a29e89f09e1b8ea2bf7848e141c767f23d0213f96ee3d077489c32d",
    "src/nvf_env.py": "3259ba17d10b616fb2777864723ff79c0080d9552e9c190b8fad8b0fc286fbef",
    "src/nvf_scenarios.py": "29d1b09bb1d26bbacad1bb8f91366a94cd12e03890a53bf1f824f13b60d7b91d",
    "src/nvf_tracer.py": "f4eff4279dc3f41c1a563567f8643b55f482b111c8a9a0599655b029cca05b1d",
    "src/pytest_import_control.py": "255706046254ccf758cbf66c3488639de26095d5c73dfa975a57bca41f499771",
    "src/resource_observer.py": "5a738f4aa0098aaeb0c62bb5dfcb8dc1241c359de91caa9307bd979286e762a1",
    "src/run_scenario.py": "3dc495194be97bd277b6631e7563124bd04f254fcd41355b14a2e5e658f09ebc",
    "src/run_unit_controls.py": "d43cf5048930183aaa6deb4c15aab6fff3d4db363e5bb6a077a793c20367cd51",
    "src/tla_hooks.py": "b01ea3c23995cc136c7a5c0f4b8d280aa31a01beb6bd5d7172e5195d08b095df",
    "src/trace_contract.py": "492bed5ba2319d4d1a6f3617e63d4289e70887c9bdd6df1e382e37747fbb98f0",
    "src/trace_inspect.py": "c1b7c74ced5c8b54c57a02ea8d15a75366ccda6d269f0b7d80fa6b045214a7c9",
    "src/validate_traces.py": "2276f1901859f4fba700304c9fcf8400b215b2dc8a7b92883fd81e642b9ec740",
    "stress.sh": "14bed7ace4797001dd757da87f74b78468473fe221514d2981a4bd6982668e92",
    "validate.sh": "a3806be3290e7148d32e271c60fd705f280f7894c2463134cb4f714e8e4cbfb0"
  },
  "result": "ok",
  "seconds": 5.06,
  "network_quiesced": true,
  "events": 43,
  "harness_errors": [],
  "thread_deaths": [],
  "runner_exception": null,
  "expected_runner_exception": null,
  "assertion_errors": [],
  "resource_observation": {
    "checks": 86,
    "mismatches": [],
    "calls": [
      {
        "operation": "allocate_resources",
        "client": "site-1",
        "ts": 1790392779957258380,
        "thread": "cp-site-1-start_job",
        "caller": "/home/ubuntu/specula-nvflare-gpt-continuation-20260926/framework/runs/gpt-continuation/nvflare-job/.specula-output/harness/build/nvflare_src/nvflare/private/fed/client/scheduler_cmds.py:125",
        "arguments": {
          "resource_requirement": {
            "gpu": 1
          },
          "token": "76505ef2-20c2-40ec-a550-7b488819d390"
        },
        "free_before": [
          1
        ],
        "return": {
          "gpu": [
            0
          ]
        },
        "free_after": [
          1
        ]
      },
      {
        "operation": "allocate_resources",
        "client": "site-2",
        "ts": 1790392779958511791,
        "thread": "cp-site-2-start_job",
        "caller": "/home/ubuntu/specula-nvflare-gpt-continuation-20260926/framework/runs/gpt-continuation/nvflare-job/.specula-output/harness/build/nvflare_src/nvflare/private/fed/client/scheduler_cmds.py:125",
        "arguments": {
          "resource_requirement": {
            "gpu": 1
          },
          "token": "822d293e-1c4b-44b4-8f03-cedff732eae7"
        },
        "free_before": [
          1
        ],
        "return": {
          "gpu": [
            0
          ]
        },
        "free_after": [
          1
        ]
      },
      {
        "operation": "free_resources",
        "client": "site-1",
        "ts": 1790392782985944848,
        "thread": "Thread-5 (_wait_child_process_finish)",
        "caller": "/home/ubuntu/specula-nvflare-gpt-continuation-20260926/framework/runs/gpt-continuation/nvflare-job/.specula-output/harness/build/nvflare_src/nvflare/private/fed/client/client_executor.py:699",
        "arguments": {
          "resources": {
            "gpu": [
              0
            ]
          },
          "token": "76505ef2-20c2-40ec-a550-7b488819d390"
        },
        "free_before": [
          1
        ],
        "return": null,
        "free_after": [
          0,
          1
        ]
      },
      {
        "operation": "free_resources",
        "client": "site-2",
        "ts": 1790392782988891503,
        "thread": "Thread-6 (_wait_child_process_finish)",
        "caller": "/home/ubuntu/specula-nvflare-gpt-continuation-20260926/framework/runs/gpt-continuation/nvflare-job/.specula-output/harness/build/nvflare_src/nvflare/private/fed/client/client_executor.py:699",
        "arguments": {
          "resources": {
            "gpu": [
              0
            ]
          },
          "token": "822d293e-1c4b-44b4-8f03-cedff732eae7"
        },
        "free_before": [
          1
        ],
        "return": null,
        "free_after": [
          0,
          1
        ]
      }
    ]
  },
  "scenario_config": {
    "clients": [
      "site-1",
      "site-2"
    ],
    "units": [
      0,
      1
    ],
    "need": 1,
    "max_jobs": 1,
    "max_schedule_count": 10,
    "expiry": 3,
    "min_schedule_interval": 0.0,
    "client_outcome_wait_timeout": 900.0,
    "scenario": "running_after_terminal"
  },
  "network_observation": [
    {
      "operation": "admin_route",
      "ts": 1790392779931375016,
      "identity": {
        "type": "CHECK",
        "job": "j1",
        "cl": "c1",
        "att": 1,
        "ok": false,
        "code": 0,
        "flag": false,
        "_to": "site-1"
      },
      "policy": "deliver"
    },
    {
      "operation": "admin_route",
      "ts": 1790392779932032665,
      "identity": {
        "type": "CHECK",
        "job": "j1",
        "cl": "c2",
        "att": 1,
        "ok": false,
        "code": 0,
        "flag": false,
        "_to": "site-2"
      },
      "policy": "deliver"
    },
    {
      "operation": "admin_reply",
      "ts": 1790392779933031556,
      "topic": "scheduler.check_resource",
      "client": "site-1",
      "reply_retained": true
    },
    {
      "operation": "admin_reply",
      "ts": 1790392779934091236,
      "topic": "scheduler.check_resource",
      "client": "site-2",
      "reply_retained": true
    },
    {
      "operation": "admin_wait",
      "ts": 1790392779934148811,
      "requested_timeout_seconds": 15,
      "elapsed_seconds": 0.002790609374642372,
      "deferred_by_trace_lock": false,
      "replies": [
        true,
        true
      ]
    },
    {
      "operation": "admin_route",
      "ts": 1790392779939976003,
      "identity": {
        "type": "DEPLOY",
        "job": "j1",
        "cl": "c1",
        "_to": "site-1"
      },
      "policy": "deliver"
    },
    {
      "operation": "admin_route",
      "ts": 1790392779940170269,
      "identity": {
        "type": "DEPLOY",
        "job": "j1",
        "cl": "c2",
        "_to": "site-2"
      },
      "policy": "deliver"
    },
    {
      "operation": "admin_reply",
      "ts": 1790392779945304300,
      "topic": "train.deploy",
      "client": "site-2",
      "reply_retained": true
    },
    {
      "operation": "admin_reply",
      "ts": 1790392779945623810,
      "topic": "train.deploy",
      "client": "site-1",
      "reply_retained": true
    },
    {
      "operation": "admin_wait",
      "ts": 1790392779945683118,
      "requested_timeout_seconds": 5.0,
      "elapsed_seconds": 0.005715436302125454,
      "deferred_by_trace_lock": false,
      "replies": [
        true,
        true
      ]
    },
    {
      "operation": "admin_route",
      "ts": 1790392779956928559,
      "identity": {
        "type": "START",
        "job": "j1",
        "cl": "c1",
        "att": 1,
        "ok": false,
        "code": 0,
        "flag": false,
        "_to": "site-1"
      },
      "policy": "deliver"
    },
    {
      "operation": "admin_route",
      "ts": 1790392779957376679,
      "identity": {
        "type": "START",
        "job": "j1",
        "cl": "c2",
        "att": 1,
        "ok": false,
        "code": 0,
        "flag": false,
        "_to": "site-2"
      },
      "policy": "deliver"
    },
    {
      "operation": "admin_reply",
      "ts": 1790392779963034867,
      "topic": "train.start_job",
      "client": "site-1",
      "reply_retained": true
    },
    {
      "operation": "admin_reply",
      "ts": 1790392779964680265,
      "topic": "train.start_job",
      "client": "site-2",
      "reply_retained": true
    },
    {
      "operation": "admin_wait",
      "ts": 1790392779964730500,
      "requested_timeout_seconds": 20,
      "elapsed_seconds": 0.007810322567820549,
      "deferred_by_trace_lock": false,
      "replies": [
        true,
        true
      ]
    },
    {
      "operation": "admin_wait",
      "ts": 1790392782926167172,
      "requested_timeout_seconds": 2.0,
      "elapsed_seconds": 1.9408762454986572e-05,
      "deferred_by_trace_lock": true,
      "replies": [
        false,
        false
      ]
    },
    {
      "operation": "admin_route",
      "ts": 1790392782927014850,
      "identity": {
        "type": "ABORT",
        "job": "j1",
        "cl": "c1",
        "att": 0,
        "ok": false,
        "code": 0,
        "flag": false,
        "_to": "site-1"
      },
      "policy": "deliver"
    },
    {
      "operation": "admin_route",
      "ts": 1790392782928631721,
      "identity": {
        "type": "ABORT",
        "job": "j1",
        "cl": "c2",
        "att": 0,
        "ok": false,
        "code": 0,
        "flag": false,
        "_to": "site-2"
      },
      "policy": "deliver"
    },
    {
      "operation": "report_send",
      "ts": 1790392782985805383,
      "identity": {
        "type": "REPORT",
        "job": "j1",
        "cl": "c1",
        "att": 0,
        "ok": false,
        "code": 0,
        "flag": false
      },
      "stub_result": "immediate injected timeout",
      "deferred_by_trace_lock": true
    },
    {
      "operation": "report_route",
      "ts": 1790392782986777334,
      "identity": {
        "type": "REPORT",
        "job": "j1",
        "cl": "c1",
        "att": 0,
        "ok": false,
        "code": 0,
        "flag": false
      },
      "policy": "deliver"
    },
    {
      "operation": "report_send",
      "ts": 1790392782988816132,
      "identity": {
        "type": "REPORT",
        "job": "j1",
        "cl": "c2",
        "att": 0,
        "ok": false,
        "code": 0,
        "flag": false
      },
      "stub_result": "immediate injected timeout",
      "deferred_by_trace_lock": true
    },
    {
      "operation": "report_route",
      "ts": 1790392782989553538,
      "identity": {
        "type": "REPORT",
        "job": "j1",
        "cl": "c2",
        "att": 0,
        "ok": false,
        "code": 0,
        "flag": false
      },
      "policy": "deliver"
    },
    {
      "operation": "admin_reply",
      "ts": 1790392783031904915,
      "topic": "train.abort",
      "client": "site-1",
      "reply_retained": false
    },
    {
      "operation": "admin_reply",
      "ts": 1790392783036639753,
      "topic": "train.abort",
      "client": "site-2",
      "reply_retained": false
    }
  ],
  "final_status": {
    "j1": "RUNNING"
  },
  "traced_prefix_end": "after scenario assertions and network drain; not global shutdown",
  "event_counts": {
    "RunnerScanList": 2,
    "RunnerScanRead": 2,
    "RunnerTryNext": 1,
    "CpCheckResource": 2,
    "RunnerCheckCollect": 1,
    "RunnerCheckSubmitted": 1,
    "RunnerDeployJob": 1,
    "RunnerSetDispatched": 1,
    "RunnerMetaRead": 1,
    "RunnerMetaWrite": 1,
    "RunnerCheckDispatched": 1,
    "RunnerStartServerApp": 1,
    "CpStartAllocate": 2,
    "CpStartRegister": 2,
    "CpStartLaunch": 2,
    "RunnerStartCollect": 1,
    "RunnerInsertRunning": 1,
    "CjNotifyStarted": 2,
    "SjCrash": 1,
    "SpWaitForComplete": 1,
    "CmpFinalizeBegin": 1,
    "CpAbortApp": 2,
    "CjHandleAbort": 2,
    "CmpPublish": 1,
    "CmpRemove": 1,
    "RunnerSetRunning": 1,
    "CjExit": 2,
    "CpChildFinished": 2,
    "SpProcessJobFailure": 2,
    "CpTerminateJob": 2
  },
  "trace_sha256": "fecabd67b4515d4ec00ba4aae2d6a00daecfe25cd88e2fe9c42b75d61adc71b6",
  "finished_ns": 1790392783953678395,
  "exit_code": 0
}
