[0;32m================================[0m
[0;32mTLC Simulation Mode[0m
[0;32m================================[0m
Spec File:       MC.tla
Config File:     MC_hunt_probe_cant_schedule.cfg
Memory Limit:    4G
Off-heap Memory: 12G
Workers:         4
Timeout:         30 minutes
[0;34m--- Simulation Settings ---[0m
Trace Count:     999999999
Trace File:      (not saved)
Sim Depth:       100
Log File:        /home/ubuntu/specula-nvflare-gpt-continuation-20260926/framework/runs/gpt-continuation/nvflare-job/.specula-output/.tlc-tasks/jobs/53f582512d7846ecbab6d55e6f68ea07/tlc.log
[0;32m================================[0m
[1;33mExecuting Command:[0m
java -XX:+UseParallelGC -Dtlc2.tool.fp.FPSet.impl=tlc2.tool.fp.OffHeapDiskFPSet -XX:MaxDirectMemorySize=12G -Xmx4G -Xms4G -cp /home/ubuntu/specula-nvflare-gpt-continuation-20260926/framework/lib/CommunityModules-deps.jar:/home/ubuntu/specula-nvflare-gpt-continuation-20260926/framework/lib/tla2tools.jar tlc2.TLC -config MC_hunt_probe_cant_schedule.cfg MC.tla -workers 4 -deadlock -simulate num=999999999 -depth 100 -dumptrace json /home/ubuntu/specula-nvflare-gpt-continuation-20260926/framework/runs/gpt-continuation/nvflare-job/.specula-output/spec/output/continuation-H4-sim-probe_cant_schedule/counterexample.json -metadir /home/ubuntu/specula-nvflare-gpt-continuation-20260926/framework/runs/gpt-continuation/nvflare-job/.specula-output/.tlc-state/tlc-states-quKLnt 

TLC resource budget (Specula run gpt-continuation):
  memory source: user config (64G)
  external memory use: not included in this configured run bound
  memory limit: 64 GiB
  active TLC reserved before request: 48 GiB (this agent: 48 GiB)
  this request: 16 GiB (heap 4 GiB + off-heap 12 GiB)
  remaining before request: 16 GiB
  remaining after admission: 0 bytes
  worker limit: 16
  active TLC workers before request: 12 (this agent: 12)
  this request workers: 4 (4)
  remaining workers before request: 4
  remaining workers after admission: 0
  result: admitted
TLC2 Version 2026.09.23.154203 (rev: 4260e47)
Running Random Simulation with seed -2462750662791086967 with 4 workers on 96 cores with 3925MB heap and 12288MB offheap memory [pid: 380161] (Linux 6.8.0-1044-azure amd64, Ubuntu 21.0.11 64bit).
Parsing file /home/ubuntu/specula-nvflare-gpt-continuation-20260926/framework/runs/gpt-continuation/nvflare-job/.specula-output/spec/output/continuation-H4-sim-probe_cant_schedule/MC.tla
Parsing file /home/ubuntu/specula-nvflare-gpt-continuation-20260926/framework/runs/gpt-continuation/nvflare-job/.specula-output/spec/output/continuation-H4-sim-probe_cant_schedule/base.tla
Parsing file /tmp/tlc-10622521638166859768/_JsonTrace.tla (jar:file:/home/ubuntu/specula-nvflare-gpt-continuation-20260926/framework/lib/tla2tools.jar!/tla2sany/StandardModules/_JsonTrace.tla)
Parsing file /tmp/tlc-10622521638166859768/_TLCTrace.tla (jar:file:/home/ubuntu/specula-nvflare-gpt-continuation-20260926/framework/lib/tla2tools.jar!/tla2sany/StandardModules/_TLCTrace.tla)
Parsing file /tmp/tlc-10622521638166859768/Integers.tla (jar:file:/home/ubuntu/specula-nvflare-gpt-continuation-20260926/framework/lib/tla2tools.jar!/tla2sany/StandardModules/Integers.tla)
Parsing file /tmp/tlc-10622521638166859768/Sequences.tla (jar:file:/home/ubuntu/specula-nvflare-gpt-continuation-20260926/framework/lib/tla2tools.jar!/tla2sany/StandardModules/Sequences.tla)
Parsing file /tmp/tlc-10622521638166859768/FiniteSets.tla (jar:file:/home/ubuntu/specula-nvflare-gpt-continuation-20260926/framework/lib/tla2tools.jar!/tla2sany/StandardModules/FiniteSets.tla)
Parsing file /tmp/tlc-10622521638166859768/TLC.tla (jar:file:/home/ubuntu/specula-nvflare-gpt-continuation-20260926/framework/lib/tla2tools.jar!/tla2sany/StandardModules/TLC.tla)
Parsing file /tmp/tlc-10622521638166859768/Naturals.tla (jar:file:/home/ubuntu/specula-nvflare-gpt-continuation-20260926/framework/lib/tla2tools.jar!/tla2sany/StandardModules/Naturals.tla)
Parsing file /tmp/tlc-10622521638166859768/TLCExt.tla (jar:file:/home/ubuntu/specula-nvflare-gpt-continuation-20260926/framework/lib/tla2tools.jar!/tla2sany/StandardModules/TLCExt.tla)
Parsing file /tmp/tlc-10622521638166859768/Json.tla (jar:file:/home/ubuntu/specula-nvflare-gpt-continuation-20260926/framework/lib/tla2tools.jar!/tla2sany/StandardModules/Json.tla)
Semantic processing of module Naturals
Semantic processing of module Integers
Semantic processing of module Sequences
Semantic processing of module FiniteSets
Semantic processing of module TLC
Semantic processing of module base
Semantic processing of module TLCExt
Semantic processing of module Json
Semantic processing of module _JsonTrace
Semantic processing of module _TLCTrace
Semantic processing of module MC
Linting of module base
Linting of module TLCExt
Linting of module Json
Linting of module _JsonTrace
Linting of module _TLCTrace
Linting of module MC
Starting... (2026-09-26 17:59:52)
Warning: The set p@@q has been defined to be a symmetry set but contains less than two elements.
(Use the -nowarning option to disable this warning.)
Computed 1 initial states...
Finished computing initial states: 1 distinct state generated at 2026-09-26 17:59:52.
Progress: 2703902 states checked, 27041 traces generated (trace length: mean=81, var(x)=362, sd=19)
Progress: 5473844 states checked, 54741 traces generated (trace length: mean=81, var(x)=361, sd=19)
Progress: 8208881 states checked, 82091 traces generated (trace length: mean=81, var(x)=361, sd=19)
Progress: 10985305 states checked, 109855 traces generated (trace length: mean=81, var(x)=361, sd=19)
