TLC2 Version 2026.08.11.125311 (rev: 0894c34)
Running breadth-first search Model-Checking with fp 23 and seed 6048220426758529823 with 1 worker on 96 cores with 981MB heap and 64MB offheap memory [pid: 3096474] (Linux 6.8.0-1044-azure amd64, Ubuntu 21.0.11 64bit, MSBDiskFPSet, DiskStateQueue).
Parsing file /home/ubuntu/specula-vsr-runner-20260905/runs/vsr-rs-gpt6astra-ultra-20260905/vsr-rs/.specula-output/spec/checks/Fixture.tla
Parsing file /home/ubuntu/specula-vsr-runner-20260905/runs/vsr-rs-gpt6astra-ultra-20260905/vsr-rs/.specula-output/spec/Trace.tla
Parsing file /home/ubuntu/specula-vsr-runner-20260905/runs/vsr-rs-gpt6astra-ultra-20260905/vsr-rs/.specula-output/spec/base.tla
Parsing file /tmp/tlc-298858870282531054/Json.tla (jar:file:/home/ubuntu/Specula-incremental-dataset-20260815/tools/tla2tools.jar!/tla2sany/StandardModules/Json.tla)
Parsing file /tmp/tlc-298858870282531054/IOUtils.tla (jar:file:/home/ubuntu/Specula-incremental-dataset-20260815/tools/CommunityModules-deps.jar!/IOUtils.tla)
Parsing file /tmp/tlc-298858870282531054/Naturals.tla (jar:file:/home/ubuntu/Specula-incremental-dataset-20260815/tools/tla2tools.jar!/tla2sany/StandardModules/Naturals.tla)
Parsing file /tmp/tlc-298858870282531054/Integers.tla (jar:file:/home/ubuntu/Specula-incremental-dataset-20260815/tools/tla2tools.jar!/tla2sany/StandardModules/Integers.tla)
Parsing file /tmp/tlc-298858870282531054/Sequences.tla (jar:file:/home/ubuntu/Specula-incremental-dataset-20260815/tools/tla2tools.jar!/tla2sany/StandardModules/Sequences.tla)
Parsing file /tmp/tlc-298858870282531054/FiniteSets.tla (jar:file:/home/ubuntu/Specula-incremental-dataset-20260815/tools/tla2tools.jar!/tla2sany/StandardModules/FiniteSets.tla)
Parsing file /tmp/tlc-298858870282531054/Bags.tla (jar:file:/home/ubuntu/Specula-incremental-dataset-20260815/tools/tla2tools.jar!/tla2sany/StandardModules/Bags.tla)
Parsing file /tmp/tlc-298858870282531054/TLC.tla (jar:file:/home/ubuntu/Specula-incremental-dataset-20260815/tools/tla2tools.jar!/tla2sany/StandardModules/TLC.tla)
Semantic processing of module Naturals
Semantic processing of module Integers
Semantic processing of module Sequences
Semantic processing of module FiniteSets
Semantic processing of module TLC
Semantic processing of module Bags
Semantic processing of module base
Semantic processing of module Json
Semantic processing of module IOUtils
Semantic processing of module Trace
Semantic processing of module Fixture
Linting of module base
Linting of module Json
Linting of module IOUtils
Linting of module Trace
Linting of module Fixture
Starting... (2026-09-05 11:48:09)
Implied-temporal checking--satisfiability problem has 1 branches.
Computing initial states...
Finished computing initial states: 1 distinct state generated at 2026-09-05 11:48:09.
Progress(135) at 2026-09-05 11:48:11: 135 states generated, 135 distinct states found, 0 states left on queue.
Checking temporal properties for the complete state space with 135 total distinct states at (2026-09-05 11:48:11)
Finished checking temporal properties in 00s at 2026-09-05 11:48:11
Model checking completed. No error has been found.
  Estimates of the probability that TLC did not check all reachable states
  because two distinct states had the same fingerprint:
  calculated (optimistic):  val = 0.0
135 states generated, 135 distinct states found, 0 states left on queue.
The depth of the complete state graph search is 135.
The average outdegree of the complete state graph is 1 (minimum is 0, the maximum 1 and the 95th percentile is 1).
Finished in 01s at (2026-09-05 11:48:11)
