TLC2 Version 2026.08.11.125311 (rev: 0894c34)
Running breadth-first search Model-Checking with fp 66 and seed 4415484826527407088 with 1 worker on 96 cores with 981MB heap and 64MB offheap memory [pid: 3083400] (Linux 6.8.0-1044-azure amd64, Ubuntu 21.0.11 64bit, MSBDiskFPSet, DiskStateQueue).
Parsing file /home/ubuntu/specula-vsr-runner-20260905/runs/vsr-rs-gpt6astra-ultra-20260905/vsr-rs/.specula-output/spec/MC.tla
Parsing file /home/ubuntu/specula-vsr-runner-20260905/runs/vsr-rs-gpt6astra-ultra-20260905/vsr-rs/.specula-output/spec/base.tla
Parsing file /tmp/tlc-14158169013197546095/Naturals.tla (jar:file:/home/ubuntu/Specula-incremental-dataset-20260815/tools/tla2tools.jar!/tla2sany/StandardModules/Naturals.tla)
Parsing file /tmp/tlc-14158169013197546095/Integers.tla (jar:file:/home/ubuntu/Specula-incremental-dataset-20260815/tools/tla2tools.jar!/tla2sany/StandardModules/Integers.tla)
Parsing file /tmp/tlc-14158169013197546095/Sequences.tla (jar:file:/home/ubuntu/Specula-incremental-dataset-20260815/tools/tla2tools.jar!/tla2sany/StandardModules/Sequences.tla)
Parsing file /tmp/tlc-14158169013197546095/FiniteSets.tla (jar:file:/home/ubuntu/Specula-incremental-dataset-20260815/tools/tla2tools.jar!/tla2sany/StandardModules/FiniteSets.tla)
Parsing file /tmp/tlc-14158169013197546095/Bags.tla (jar:file:/home/ubuntu/Specula-incremental-dataset-20260815/tools/tla2tools.jar!/tla2sany/StandardModules/Bags.tla)
Parsing file /tmp/tlc-14158169013197546095/TLC.tla (jar:file:/home/ubuntu/Specula-incremental-dataset-20260815/tools/tla2tools.jar!/tla2sany/StandardModules/TLC.tla)
Semantic processing of module Naturals
Semantic processing of module Integers
Semantic processing of module Sequences
Semantic processing of module FiniteSets
Semantic processing of module TLC
Semantic processing of module Bags
Semantic processing of module base
Semantic processing of module MC
Linting of module base
Linting of module MC
Starting... (2026-09-05 11:46:39)
Computing initial states...
Finished computing initial states: 1 distinct state generated at 2026-09-05 11:46:39.
Model checking completed. No error has been found.
  Estimates of the probability that TLC did not check all reachable states
  because two distinct states had the same fingerprint:
  calculated (optimistic):  val = 2.9E-15
473 states generated, 289 distinct states found, 0 states left on queue.
The depth of the complete state graph search is 19.
The average outdegree of the complete state graph is 1 (minimum is 0, the maximum 4 and the 95th percentile is 2).
Finished in 00s at (2026-09-05 11:46:39)
