base-sany: PASS
MC-sany: PASS
Trace-sany: PASS
MC-tiny: PASS
MC-smoke: PASS
scenario1_five-smoke: PASS
scenario1-smoke: PASS
scenario2-smoke: PASS
scenario3_recovery-smoke: PASS
scenario3_requests-smoke: PASS
scenario3_recovery_five-smoke: PASS
fixture-build: PASS
trace-positive: PASS
trace-negative-postcommit: PASS
trace-negative-apply-result: PASS
trace-negative-packet-opn: PASS
trace-negative-omitted-persist: PASS
trace-negative-first-event: PASS
TypeOK: MC_hunt_scenario1.cfg
CommitBounds: MC_hunt_scenario1.cfg, MC_hunt_scenario1_five.cfg, MC_hunt_scenario2.cfg, MC_hunt_scenario3_recovery.cfg, MC_hunt_scenario3_recovery_five.cfg, MC_hunt_scenario3_requests.cfg
PrimaryForView: MC_hunt_scenario1.cfg, MC_hunt_scenario1_five.cfg, MC_hunt_scenario2.cfg, MC_hunt_scenario3_recovery.cfg, MC_hunt_scenario3_recovery_five.cfg, MC_hunt_scenario3_requests.cfg
HistoricalPrefixAgreement: MC_hunt_scenario1.cfg, MC_hunt_scenario1_five.cfg, MC_hunt_scenario2.cfg, MC_hunt_scenario3_recovery.cfg, MC_hunt_scenario3_recovery_five.cfg, MC_hunt_scenario3_requests.cfg
ProtectedPrefixSurvives: MC_hunt_scenario1.cfg, MC_hunt_scenario1_five.cfg, MC_hunt_scenario3_recovery_five.cfg
ApplicationMatchesHistory: MC_hunt_scenario1.cfg, MC_hunt_scenario2.cfg
LogicalRequestOnce: MC_hunt_scenario2.cfg
ReplySoundness: MC_hunt_scenario2.cfg, MC_hunt_scenario3_requests.cfg
