TLC2 Version 2026.08.11.125311 (rev: 0894c34)
Running Random Simulation with seed 20260905 with 1 worker on 96 cores with 981MB heap and 64MB offheap memory [pid: 3083448] (Linux 6.8.0-1044-azure amd64, Ubuntu 21.0.11 64bit).
Parsing file /home/ubuntu/specula-vsr-runner-20260905/runs/vsr-rs-gpt6astra-ultra-20260905/vsr-rs/.specula-output/spec/MC.tla
Parsing file /home/ubuntu/specula-vsr-runner-20260905/runs/vsr-rs-gpt6astra-ultra-20260905/vsr-rs/.specula-output/spec/base.tla
Parsing file /tmp/tlc-755197089314843254/Naturals.tla (jar:file:/home/ubuntu/Specula-incremental-dataset-20260815/tools/tla2tools.jar!/tla2sany/StandardModules/Naturals.tla)
Parsing file /tmp/tlc-755197089314843254/Integers.tla (jar:file:/home/ubuntu/Specula-incremental-dataset-20260815/tools/tla2tools.jar!/tla2sany/StandardModules/Integers.tla)
Parsing file /tmp/tlc-755197089314843254/Sequences.tla (jar:file:/home/ubuntu/Specula-incremental-dataset-20260815/tools/tla2tools.jar!/tla2sany/StandardModules/Sequences.tla)
Parsing file /tmp/tlc-755197089314843254/FiniteSets.tla (jar:file:/home/ubuntu/Specula-incremental-dataset-20260815/tools/tla2tools.jar!/tla2sany/StandardModules/FiniteSets.tla)
Parsing file /tmp/tlc-755197089314843254/Bags.tla (jar:file:/home/ubuntu/Specula-incremental-dataset-20260815/tools/tla2tools.jar!/tla2sany/StandardModules/Bags.tla)
Parsing file /tmp/tlc-755197089314843254/TLC.tla (jar:file:/home/ubuntu/Specula-incremental-dataset-20260815/tools/tla2tools.jar!/tla2sany/StandardModules/TLC.tla)
Semantic processing of module Naturals
Semantic processing of module Integers
Semantic processing of module Sequences
Semantic processing of module FiniteSets
Semantic processing of module TLC
Semantic processing of module Bags
Semantic processing of module base
Semantic processing of module MC
Linting of module base
Linting of module MC
Starting... (2026-09-05 11:46:40)
Computed 1 initial states...
Finished computing initial states: 1 distinct state generated at 2026-09-05 11:46:40.
Progress: 3630 states checked, 20 traces generated (trace length: mean=145, var(x)=42, sd=7)
The number of states generated: 3630
Simulation using seed 20260905 and aril 0
Finished in 00s at (2026-09-05 11:46:40)
