TLC2 Version 2026.08.11.125311 (rev: 0894c34)
Running Random Simulation with seed 20260905 with 1 worker on 96 cores with 981MB heap and 64MB offheap memory [pid: 3083835] (Linux 6.8.0-1044-azure amd64, Ubuntu 21.0.11 64bit).
Parsing file /home/ubuntu/specula-vsr-runner-20260905/runs/vsr-rs-gpt6astra-ultra-20260905/vsr-rs/.specula-output/spec/MC.tla
Parsing file /home/ubuntu/specula-vsr-runner-20260905/runs/vsr-rs-gpt6astra-ultra-20260905/vsr-rs/.specula-output/spec/base.tla
Parsing file /tmp/tlc-42254532113374714/Naturals.tla (jar:file:/home/ubuntu/Specula-incremental-dataset-20260815/tools/tla2tools.jar!/tla2sany/StandardModules/Naturals.tla)
Parsing file /tmp/tlc-42254532113374714/Integers.tla (jar:file:/home/ubuntu/Specula-incremental-dataset-20260815/tools/tla2tools.jar!/tla2sany/StandardModules/Integers.tla)
Parsing file /tmp/tlc-42254532113374714/Sequences.tla (jar:file:/home/ubuntu/Specula-incremental-dataset-20260815/tools/tla2tools.jar!/tla2sany/StandardModules/Sequences.tla)
Parsing file /tmp/tlc-42254532113374714/FiniteSets.tla (jar:file:/home/ubuntu/Specula-incremental-dataset-20260815/tools/tla2tools.jar!/tla2sany/StandardModules/FiniteSets.tla)
Parsing file /tmp/tlc-42254532113374714/Bags.tla (jar:file:/home/ubuntu/Specula-incremental-dataset-20260815/tools/tla2tools.jar!/tla2sany/StandardModules/Bags.tla)
Parsing file /tmp/tlc-42254532113374714/TLC.tla (jar:file:/home/ubuntu/Specula-incremental-dataset-20260815/tools/tla2tools.jar!/tla2sany/StandardModules/TLC.tla)
Semantic processing of module Naturals
Semantic processing of module Integers
Semantic processing of module Sequences
Semantic processing of module FiniteSets
Semantic processing of module TLC
Semantic processing of module Bags
Semantic processing of module base
Semantic processing of module MC
Linting of module base
Linting of module MC
Starting... (2026-09-05 11:46:41)
Implied-temporal checking--satisfiability problem has 160 branches.
Computed 1 initial states...
Finished computing initial states: 1 distinct state generated at 2026-09-05 11:46:41.
Progress: 2129 states checked, 14 traces generated (trace length: mean=150, var(x)=0, sd=0)
Progress: 3041 states checked, 20 traces generated (trace length: mean=150, var(x)=0, sd=0)
The number of states generated: 3041
Simulation using seed 20260905 and aril 0
Finished in 01min 27s at (2026-09-05 11:48:09)
