TLC2 Version 2026.08.11.125311 (rev: 0894c34)
Running breadth-first search Model-Checking with fp 11 and seed 5776380334274226759 with 1 worker on 96 cores with 981MB heap and 64MB offheap memory [pid: 3096722] (Linux 6.8.0-1044-azure amd64, Ubuntu 21.0.11 64bit, MSBDiskFPSet, DiskStateQueue).
Parsing file /home/ubuntu/specula-vsr-runner-20260905/runs/vsr-rs-gpt6astra-ultra-20260905/vsr-rs/.specula-output/spec/Trace.tla
Parsing file /home/ubuntu/specula-vsr-runner-20260905/runs/vsr-rs-gpt6astra-ultra-20260905/vsr-rs/.specula-output/spec/base.tla
Parsing file /tmp/tlc-1140743528223925146/Json.tla (jar:file:/home/ubuntu/Specula-incremental-dataset-20260815/tools/tla2tools.jar!/tla2sany/StandardModules/Json.tla)
Parsing file /tmp/tlc-1140743528223925146/IOUtils.tla (jar:file:/home/ubuntu/Specula-incremental-dataset-20260815/tools/CommunityModules-deps.jar!/IOUtils.tla)
Parsing file /tmp/tlc-1140743528223925146/Naturals.tla (jar:file:/home/ubuntu/Specula-incremental-dataset-20260815/tools/tla2tools.jar!/tla2sany/StandardModules/Naturals.tla)
Parsing file /tmp/tlc-1140743528223925146/Integers.tla (jar:file:/home/ubuntu/Specula-incremental-dataset-20260815/tools/tla2tools.jar!/tla2sany/StandardModules/Integers.tla)
Parsing file /tmp/tlc-1140743528223925146/Sequences.tla (jar:file:/home/ubuntu/Specula-incremental-dataset-20260815/tools/tla2tools.jar!/tla2sany/StandardModules/Sequences.tla)
Parsing file /tmp/tlc-1140743528223925146/FiniteSets.tla (jar:file:/home/ubuntu/Specula-incremental-dataset-20260815/tools/tla2tools.jar!/tla2sany/StandardModules/FiniteSets.tla)
Parsing file /tmp/tlc-1140743528223925146/Bags.tla (jar:file:/home/ubuntu/Specula-incremental-dataset-20260815/tools/tla2tools.jar!/tla2sany/StandardModules/Bags.tla)
Parsing file /tmp/tlc-1140743528223925146/TLC.tla (jar:file:/home/ubuntu/Specula-incremental-dataset-20260815/tools/tla2tools.jar!/tla2sany/StandardModules/TLC.tla)
Semantic processing of module Naturals
Semantic processing of module Integers
Semantic processing of module Sequences
Semantic processing of module FiniteSets
Semantic processing of module TLC
Semantic processing of module Bags
Semantic processing of module base
Semantic processing of module Json
Semantic processing of module IOUtils
Semantic processing of module Trace
Linting of module base
Linting of module Json
Linting of module IOUtils
Linting of module Trace
Starting... (2026-09-05 11:48:11)
Implied-temporal checking--satisfiability problem has 1 branches.
Computing initial states...
Finished computing initial states: 1 distinct state generated at 2026-09-05 11:48:11.
Progress(134) at 2026-09-05 11:48:12: 135 states generated, 134 distinct states found, 0 states left on queue.
Checking temporal properties for the complete state space with 134 total distinct states at (2026-09-05 11:48:12)
Finished checking temporal properties in 00s at 2026-09-05 11:48:12
Model checking completed. No error has been found.
  Estimates of the probability that TLC did not check all reachable states
  because two distinct states had the same fingerprint:
  calculated (optimistic):  val = 7.3E-18
135 states generated, 134 distinct states found, 0 states left on queue.
The depth of the complete state graph search is 134.
The average outdegree of the complete state graph is 1 (minimum is 0, the maximum 1 and the 95th percentile is 1).
Finished in 00s at (2026-09-05 11:48:12)
