TLC2 Version 2026.08.11.125311 (rev: 0894c34)
Running breadth-first search Model-Checking with fp 34 and seed 3633636498123640971 with 1 worker on 96 cores with 981MB heap and 64MB offheap memory [pid: 3097703] (Linux 6.8.0-1044-azure amd64, Ubuntu 21.0.11 64bit, MSBDiskFPSet, DiskStateQueue).
Parsing file /home/ubuntu/specula-vsr-runner-20260905/runs/vsr-rs-gpt6astra-ultra-20260905/vsr-rs/.specula-output/spec/Trace.tla
Parsing file /home/ubuntu/specula-vsr-runner-20260905/runs/vsr-rs-gpt6astra-ultra-20260905/vsr-rs/.specula-output/spec/base.tla
Parsing file /tmp/tlc-16920665681259575626/Json.tla (jar:file:/home/ubuntu/Specula-incremental-dataset-20260815/tools/tla2tools.jar!/tla2sany/StandardModules/Json.tla)
Parsing file /tmp/tlc-16920665681259575626/IOUtils.tla (jar:file:/home/ubuntu/Specula-incremental-dataset-20260815/tools/CommunityModules-deps.jar!/IOUtils.tla)
Parsing file /tmp/tlc-16920665681259575626/Naturals.tla (jar:file:/home/ubuntu/Specula-incremental-dataset-20260815/tools/tla2tools.jar!/tla2sany/StandardModules/Naturals.tla)
Parsing file /tmp/tlc-16920665681259575626/Integers.tla (jar:file:/home/ubuntu/Specula-incremental-dataset-20260815/tools/tla2tools.jar!/tla2sany/StandardModules/Integers.tla)
Parsing file /tmp/tlc-16920665681259575626/Sequences.tla (jar:file:/home/ubuntu/Specula-incremental-dataset-20260815/tools/tla2tools.jar!/tla2sany/StandardModules/Sequences.tla)
Parsing file /tmp/tlc-16920665681259575626/FiniteSets.tla (jar:file:/home/ubuntu/Specula-incremental-dataset-20260815/tools/tla2tools.jar!/tla2sany/StandardModules/FiniteSets.tla)
Parsing file /tmp/tlc-16920665681259575626/Bags.tla (jar:file:/home/ubuntu/Specula-incremental-dataset-20260815/tools/tla2tools.jar!/tla2sany/StandardModules/Bags.tla)
Parsing file /tmp/tlc-16920665681259575626/TLC.tla (jar:file:/home/ubuntu/Specula-incremental-dataset-20260815/tools/tla2tools.jar!/tla2sany/StandardModules/TLC.tla)
Semantic processing of module Naturals
Semantic processing of module Integers
Semantic processing of module Sequences
Semantic processing of module FiniteSets
Semantic processing of module TLC
Semantic processing of module Bags
Semantic processing of module base
Semantic processing of module Json
Semantic processing of module IOUtils
Semantic processing of module Trace
Linting of module base
Linting of module Json
Linting of module IOUtils
Linting of module Trace
Starting... (2026-09-05 11:48:16)
Implied-temporal checking--satisfiability problem has 1 branches.
Computing initial states...
Finished computing initial states: 1 distinct state generated at 2026-09-05 11:48:16.
Progress(1) at 2026-09-05 11:48:16: 1 states generated, 1 distinct states found, 0 states left on queue.
Checking temporal properties for the complete state space with 1 total distinct states at (2026-09-05 11:48:16)
Error: Temporal property TraceMatched was violated.

Error: The following behavior constitutes a counter-example:

State 1: <Initial predicate>
/\ durableView = (0 :> 0 @@ 1 :> 0 @@ 2 :> 0)
/\ quorumHistory = {}
/\ l = 1
/\ r = ( 0 :>
      [ status |-> "Normal",
        view |-> 0,
        lastNormal |-> 0,
        commit |-> 0,
        log |-> <<>>,
        acks |-> <<>>,
        table |-> <<>>,
        heard |-> TRUE,
        waiting |-> 0,
        attempts |-> 0,
        stable |-> 0,
        svc |-> {},
        dvcSent |-> FALSE,
        dvc |-> <<>>,
        catching |-> FALSE,
        nonce |-> 0,
        responses |-> <<>>,
        out |-> <<>>,
        replies |-> <<>>,
        app |-> 0,
        applied |-> <<>>,
        results |-> <<>>,
        incarnation |-> 0,
        assertionFailed |-> FALSE,
        evidence |-> <<>>,
        selfMarks |-> {},
        quorumMarks |-> {},
        installMarks |-> {},
        acceptMarks |-> {} ] @@
  1 :>
      [ status |-> "Normal",
        view |-> 0,
        lastNormal |-> 0,
        commit |-> 0,
        log |-> <<>>,
        acks |-> <<>>,
        table |-> <<>>,
        heard |-> TRUE,
        waiting |-> 0,
        attempts |-> 0,
        stable |-> 0,
        svc |-> {},
        dvcSent |-> FALSE,
        dvc |-> <<>>,
        catching |-> FALSE,
        nonce |-> 0,
        responses |-> <<>>,
        out |-> <<>>,
        replies |-> <<>>,
        app |-> 0,
        applied |-> <<>>,
        results |-> <<>>,
        incarnation |-> 0,
        assertionFailed |-> FALSE,
        evidence |-> <<>>,
        selfMarks |-> {},
        quorumMarks |-> {},
        installMarks |-> {},
        acceptMarks |-> {} ] @@
  2 :>
      [ status |-> "Normal",
        view |-> 0,
        lastNormal |-> 0,
        commit |-> 0,
        log |-> <<>>,
        acks |-> <<>>,
        table |-> <<>>,
        heard |-> TRUE,
        waiting |-> 0,
        attempts |-> 0,
        stable |-> 0,
        svc |-> {},
        dvcSent |-> FALSE,
        dvc |-> <<>>,
        catching |-> FALSE,
        nonce |-> 0,
        responses |-> <<>>,
        out |-> <<>>,
        replies |-> <<>>,
        app |-> 0,
        applied |-> <<>>,
        results |-> <<>>,
        incarnation |-> 0,
        assertionFailed |-> FALSE,
        evidence |-> <<>>,
        selfMarks |-> {},
        quorumMarks |-> {},
        installMarks |-> {},
        acceptMarks |-> {} ] )
/\ retiredClients = {}
/\ acceptanceHistory = {}
/\ incarnation = (0 :> 0 @@ 1 :> 0 @@ 2 :> 0)
/\ appliedByIncarnation = (<<0, 0>> :> <<>> @@ <<1, 0>> :> <<>> @@ <<2, 0>> :> <<>>)
/\ historicalPrefixes = {<<>>}
/\ released = {}
/\ phase = (0 :> "Release" @@ 1 :> "Release" @@ 2 :> "Release")
/\ installedViewHistory = {}
/\ logicalHistory = <<>>
/\ life = (0 :> "Running" @@ 1 :> "Running" @@ 2 :> "Running")
/\ clients = ( 3 :> [view |-> 0, out |-> <<>>, next |-> 0, pending |-> Nil] @@
  4 :> [view |-> 0, out |-> <<>>, next |-> 0, pending |-> Nil] )
/\ primaryHistory = {}
/\ acceptedReplies = {}
/\ ackHistory = {}
/\ replyChannel = <<>>
/\ requestInput = <<>>
/\ network = <<>>

State 2: Stuttering
Finished checking temporal properties in 00s at 2026-09-05 11:48:16
1 states generated, 1 distinct states found, 0 states left on queue.
The depth of the complete state graph search is 1.
Finished in 00s at (2026-09-05 11:48:16)
