[0;32m================================[0m
[0;32mTLC Model Checking Mode[0m
[0;32m================================[0m
Spec File:       MC.tla
Config File:     MC_seed_F1.cfg
Memory Limit:    8G
Off-heap Memory: 16G
Workers:         8
Timeout:         30 minutes
[0;34m--- Model Checking Settings ---[0m
Depth Limit:     0
Checkpoint:      10 minutes
Log File:        /home/ubuntu/specula-nvflare-gpt-continuation-20260926/framework/runs/gpt-continuation/nvflare-job/.specula-output/.tlc-tasks/jobs/816a14bc4252479b9d3fbbf48a9628e9/tlc.log
[0;32m================================[0m
[1;33mExecuting Command:[0m
java -XX:+UseParallelGC -Dtlc2.tool.fp.FPSet.impl=tlc2.tool.fp.OffHeapDiskFPSet -XX:MaxDirectMemorySize=16G -Xmx8G -Xms8G -cp /home/ubuntu/specula-nvflare-gpt-continuation-20260926/framework/lib/CommunityModules-deps.jar:/home/ubuntu/specula-nvflare-gpt-continuation-20260926/framework/lib/tla2tools.jar tlc2.TLC -config MC_seed_F1.cfg MC.tla -workers 8 -deadlock -checkpoint 10 -dumptrace json /home/ubuntu/specula-nvflare-gpt-continuation-20260926/framework/runs/gpt-continuation/nvflare-job/.specula-output/spec/output/continuation-S-F1/counterexample.json -metadir /home/ubuntu/specula-nvflare-gpt-continuation-20260926/framework/runs/gpt-continuation/nvflare-job/.specula-output/.tlc-state/tlc-states-2q8Ckc 

TLC resource budget (Specula run gpt-continuation):
  memory source: user config (64G)
  external memory use: not included in this configured run bound
  memory limit: 64 GiB
  active TLC reserved before request: 0 bytes (this agent: 0 bytes)
  this request: 24 GiB (heap 8 GiB + off-heap 16 GiB)
  remaining before request: 64 GiB
  remaining after admission: 40 GiB
  worker limit: 16
  active TLC workers before request: 0 (this agent: 0)
  this request workers: 8 (8)
  remaining workers before request: 16
  remaining workers after admission: 8
  result: admitted
TLC2 Version 2026.09.23.154203 (rev: 4260e47)
Running breadth-first search Model-Checking with fp 0 and seed 6747829650364460524 with 8 workers on 16 cores with 7851MB heap and 16384MB offheap memory [pid: 2275930] (Linux 6.8.0-1044-azure amd64, Ubuntu 21.0.11 64bit, OffHeapDiskFPSet, DiskStateQueue).
Parsing file /home/ubuntu/specula-nvflare-gpt-continuation-20260926/framework/runs/gpt-continuation/nvflare-job/.specula-output/spec/output/continuation-S-F1/MC.tla
Parsing file /home/ubuntu/specula-nvflare-gpt-continuation-20260926/framework/runs/gpt-continuation/nvflare-job/.specula-output/spec/output/continuation-S-F1/base.tla
Parsing file /tmp/tlc-185353157191680239/_JsonTrace.tla (jar:file:/home/ubuntu/specula-nvflare-gpt-continuation-20260926/framework/lib/tla2tools.jar!/tla2sany/StandardModules/_JsonTrace.tla)
Parsing file /tmp/tlc-185353157191680239/_TLCTrace.tla (jar:file:/home/ubuntu/specula-nvflare-gpt-continuation-20260926/framework/lib/tla2tools.jar!/tla2sany/StandardModules/_TLCTrace.tla)
Parsing file /tmp/tlc-185353157191680239/Integers.tla (jar:file:/home/ubuntu/specula-nvflare-gpt-continuation-20260926/framework/lib/tla2tools.jar!/tla2sany/StandardModules/Integers.tla)
Parsing file /tmp/tlc-185353157191680239/Sequences.tla (jar:file:/home/ubuntu/specula-nvflare-gpt-continuation-20260926/framework/lib/tla2tools.jar!/tla2sany/StandardModules/Sequences.tla)
Parsing file /tmp/tlc-185353157191680239/FiniteSets.tla (jar:file:/home/ubuntu/specula-nvflare-gpt-continuation-20260926/framework/lib/tla2tools.jar!/tla2sany/StandardModules/FiniteSets.tla)
Parsing file /tmp/tlc-185353157191680239/TLC.tla (jar:file:/home/ubuntu/specula-nvflare-gpt-continuation-20260926/framework/lib/tla2tools.jar!/tla2sany/StandardModules/TLC.tla)
Parsing file /tmp/tlc-185353157191680239/Naturals.tla (jar:file:/home/ubuntu/specula-nvflare-gpt-continuation-20260926/framework/lib/tla2tools.jar!/tla2sany/StandardModules/Naturals.tla)
Parsing file /tmp/tlc-185353157191680239/TLCExt.tla (jar:file:/home/ubuntu/specula-nvflare-gpt-continuation-20260926/framework/lib/tla2tools.jar!/tla2sany/StandardModules/TLCExt.tla)
Parsing file /tmp/tlc-185353157191680239/Json.tla (jar:file:/home/ubuntu/specula-nvflare-gpt-continuation-20260926/framework/lib/tla2tools.jar!/tla2sany/StandardModules/Json.tla)
Semantic processing of module Naturals
Semantic processing of module Integers
Semantic processing of module Sequences
Semantic processing of module FiniteSets
Semantic processing of module TLC
Semantic processing of module base
Semantic processing of module TLCExt
Semantic processing of module Json
Semantic processing of module _JsonTrace
Semantic processing of module _TLCTrace
Semantic processing of module MC
Linting of module base
Linting of module TLCExt
Linting of module Json
Linting of module _JsonTrace
Linting of module _TLCTrace
Linting of module MC
Starting... (2026-09-26 04:58:19)
Warning: The set p@@q has been defined to be a symmetry set but contains less than two elements.
(Use the -nowarning option to disable this warning.)
Computing initial states...
Finished computing initial states: 1 distinct state generated at 2026-09-26 04:58:20.
Error: Invariant AbortHonored is violated.
Error: The behavior up to this point is:
State 1: <Initial predicate>
/\ cpAlive = (c1 :> TRUE)
/\ failAccepted = [j1 |-> FALSE]
/\ free = (c1 :> <<>>)
/\ using = (c1 :> [j1 |-> {}])
/\ cjAbortMsg = (c1 :> [j1 |-> 0])
/\ resv = (c1 :> {})
/\ fc = [ hb |-> 0,
  lose |-> 0,
  chkTO |-> 0,
  stTO |-> 0,
  depFail |-> 0,
  sjLaunchFail |-> 0,
  backoff |-> 0,
  sjError |-> 0,
  sjCrash |-> 0,
  cjError |-> 0,
  cjUnsafe |-> 0,
  cjDesc |-> 0,
  cpLaunchFail |-> 0,
  crash |-> 0,
  abort |-> 0,
  delete |-> 0,
  disable |-> 0,
  appMissing |-> 0 ]
/\ abortDropped = (c1 :> [j1 |-> FALSE])
/\ ackInWindow = [j1 |-> FALSE]
/\ nextAtt = 1
/\ endedEv = [j1 |-> FALSE]
/\ micro = [ wfcRead |-> [j1 |-> FALSE],
  wfcHad |-> [j1 |-> FALSE],
  reaped |-> (c1 :> [j1 |-> FALSE]),
  removals |-> [j1 |-> 0],
  sjBooted |-> [j1 |-> FALSE],
  delAdm |-> [j1 |-> [pc |-> "Idle", snap |-> None]],
  reports |-> (c1 :> [j1 |-> [pc |-> "Idle", accepted |-> FALSE]]) ]
/\ cjReg = (c1 :> [j1 |-> None])
/\ alloc = (c1 :> [j1 |-> {}])
/\ ackStop = [j1 |-> FALSE]
/\ cpc = [ job |-> None,
  pc |-> "Idle",
  failed |-> FALSE,
  aborted |-> FALSE,
  hadExc |-> FALSE ]
/\ termP = (c1 :> [j1 |-> 0])
/\ waiter = (c1 :> [j1 |-> FALSE])
/\ postAckLaunch = [j1 |-> FALSE]
/\ sessions = {c1}
/\ rp = [j1 |-> None]
/\ cst = (c1 :> [j1 |-> None])
/\ sj = [j1 |-> "None"]
/\ sweeper = [cl |-> None, pc |-> "Idle", snap |-> 0, blocking |-> FALSE]
/\ cjRC = (c1 :> [j1 |-> 0])
/\ startedEv = [j1 |-> FALSE]
/\ exeErrRec = [j1 |-> FALSE]
/\ launches = [j1 |-> 0]
/\ pending = [j1 |-> None]
/\ sjAbortHandled = [j1 |-> FALSE]
/\ cjProc = (c1 :> [j1 |-> "None"])
/\ latchInStopWin = [j1 |-> FALSE]
/\ msgs = <<>>
/\ wfc = [j1 |-> FALSE]
/\ tagged = {}
/\ rmp = [j1 |-> 0]
/\ shared = [j1 |-> FALSE]
/\ disabled = {}
/\ sjErr = [j1 |-> FALSE]
/\ latched = [j1 |-> None]
/\ rpc = [ ready |-> None,
  job |-> None,
  att |-> 0,
  pc |-> "Scan",
  listed |-> {},
  queue |-> <<>>,
  cnt |-> [j1 |-> 0],
  chk |-> {},
  failed |-> <<>>,
  blocked |-> <<>>,
  fb |-> <<>>,
  disp |-> {},
  dep |-> {},
  jid |-> FALSE,
  snap |-> None,
  sreq |-> {} ]
/\ exc = [j1 |-> None]
/\ runningJobs = {}
/\ failRunRec = [j1 |-> FALSE]
/\ startFailCause = [j1 |-> "none"]
/\ adm = [j1 |-> [pc |-> "Idle", snap |-> None]]
/\ slots = {}
/\ termHb = (c1 :> [j1 |-> 0])
/\ grp = (c1 :> [j1 |-> FALSE])
/\ wfcStale = [j1 |-> None]
/\ pCount = [j1 |-> 0]
/\ status = [j1 |-> "SUBMITTED"]
/\ ovw = {}
/\ firstTerm = [j1 |-> None]
/\ ackAbort = [j1 |-> FALSE]
/\ sjRC = [j1 |-> 0]
/\ runAborted = [j1 |-> FALSE]

State 2: <MCRunnerScanList line 102, col 28 to line 102, col 66 of module MC>
/\ cpAlive = (c1 :> TRUE)
/\ failAccepted = [j1 |-> FALSE]
/\ free = (c1 :> <<>>)
/\ using = (c1 :> [j1 |-> {}])
/\ cjAbortMsg = (c1 :> [j1 |-> 0])
/\ resv = (c1 :> {})
/\ fc = [ hb |-> 0,
  lose |-> 0,
  chkTO |-> 0,
  stTO |-> 0,
  depFail |-> 0,
  sjLaunchFail |-> 0,
  backoff |-> 0,
  sjError |-> 0,
  sjCrash |-> 0,
  cjError |-> 0,
  cjUnsafe |-> 0,
  cjDesc |-> 0,
  cpLaunchFail |-> 0,
  crash |-> 0,
  abort |-> 0,
  delete |-> 0,
  disable |-> 0,
  appMissing |-> 0 ]
/\ abortDropped = (c1 :> [j1 |-> FALSE])
/\ ackInWindow = [j1 |-> FALSE]
/\ nextAtt = 1
/\ endedEv = [j1 |-> FALSE]
/\ micro = [ wfcRead |-> [j1 |-> FALSE],
  wfcHad |-> [j1 |-> FALSE],
  reaped |-> (c1 :> [j1 |-> FALSE]),
  removals |-> [j1 |-> 0],
  sjBooted |-> [j1 |-> FALSE],
  delAdm |-> [j1 |-> [pc |-> "Idle", snap |-> None]],
  reports |-> (c1 :> [j1 |-> [pc |-> "Idle", accepted |-> FALSE]]) ]
/\ cjReg = (c1 :> [j1 |-> None])
/\ alloc = (c1 :> [j1 |-> {}])
/\ ackStop = [j1 |-> FALSE]
/\ cpc = [ job |-> None,
  pc |-> "Idle",
  failed |-> FALSE,
  aborted |-> FALSE,
  hadExc |-> FALSE ]
/\ termP = (c1 :> [j1 |-> 0])
/\ waiter = (c1 :> [j1 |-> FALSE])
/\ postAckLaunch = [j1 |-> FALSE]
/\ sessions = {c1}
/\ rp = [j1 |-> None]
/\ cst = (c1 :> [j1 |-> None])
/\ sj = [j1 |-> "None"]
/\ sweeper = [cl |-> None, pc |-> "Idle", snap |-> 0, blocking |-> FALSE]
/\ cjRC = (c1 :> [j1 |-> 0])
/\ startedEv = [j1 |-> FALSE]
/\ exeErrRec = [j1 |-> FALSE]
/\ launches = [j1 |-> 0]
/\ pending = [j1 |-> None]
/\ sjAbortHandled = [j1 |-> FALSE]
/\ cjProc = (c1 :> [j1 |-> "None"])
/\ latchInStopWin = [j1 |-> FALSE]
/\ msgs = <<>>
/\ wfc = [j1 |-> FALSE]
/\ tagged = {}
/\ rmp = [j1 |-> 0]
/\ shared = [j1 |-> FALSE]
/\ disabled = {}
/\ sjErr = [j1 |-> FALSE]
/\ latched = [j1 |-> None]
/\ rpc = [ ready |-> None,
  job |-> None,
  att |-> 0,
  pc |-> "ScanRead",
  listed |-> {"j1"},
  queue |-> <<>>,
  cnt |-> [j1 |-> 0],
  chk |-> {},
  failed |-> <<>>,
  blocked |-> <<>>,
  fb |-> <<>>,
  disp |-> {},
  dep |-> {},
  jid |-> FALSE,
  snap |-> None,
  sreq |-> {} ]
/\ exc = [j1 |-> None]
/\ runningJobs = {}
/\ failRunRec = [j1 |-> FALSE]
/\ startFailCause = [j1 |-> "none"]
/\ adm = [j1 |-> [pc |-> "Idle", snap |-> None]]
/\ slots = {}
/\ termHb = (c1 :> [j1 |-> 0])
/\ grp = (c1 :> [j1 |-> FALSE])
/\ wfcStale = [j1 |-> None]
/\ pCount = [j1 |-> 0]
/\ status = [j1 |-> "SUBMITTED"]
/\ ovw = {}
/\ firstTerm = [j1 |-> None]
/\ ackAbort = [j1 |-> FALSE]
/\ sjRC = [j1 |-> 0]
/\ runAborted = [j1 |-> FALSE]

State 3: <MCRunnerScanReadOne("j1") line 164, col 27 to line 164, col 71 of module MC>
/\ cpAlive = (c1 :> TRUE)
/\ failAccepted = [j1 |-> FALSE]
/\ free = (c1 :> <<>>)
/\ using = (c1 :> [j1 |-> {}])
/\ cjAbortMsg = (c1 :> [j1 |-> 0])
/\ resv = (c1 :> {})
/\ fc = [ hb |-> 0,
  lose |-> 0,
  chkTO |-> 0,
  stTO |-> 0,
  depFail |-> 0,
  sjLaunchFail |-> 0,
  backoff |-> 0,
  sjError |-> 0,
  sjCrash |-> 0,
  cjError |-> 0,
  cjUnsafe |-> 0,
  cjDesc |-> 0,
  cpLaunchFail |-> 0,
  crash |-> 0,
  abort |-> 0,
  delete |-> 0,
  disable |-> 0,
  appMissing |-> 0 ]
/\ abortDropped = (c1 :> [j1 |-> FALSE])
/\ ackInWindow = [j1 |-> FALSE]
/\ nextAtt = 1
/\ endedEv = [j1 |-> FALSE]
/\ micro = [ wfcRead |-> [j1 |-> FALSE],
  wfcHad |-> [j1 |-> FALSE],
  reaped |-> (c1 :> [j1 |-> FALSE]),
  removals |-> [j1 |-> 0],
  sjBooted |-> [j1 |-> FALSE],
  delAdm |-> [j1 |-> [pc |-> "Idle", snap |-> None]],
  reports |-> (c1 :> [j1 |-> [pc |-> "Idle", accepted |-> FALSE]]) ]
/\ cjReg = (c1 :> [j1 |-> None])
/\ alloc = (c1 :> [j1 |-> {}])
/\ ackStop = [j1 |-> FALSE]
/\ cpc = [ job |-> None,
  pc |-> "Idle",
  failed |-> FALSE,
  aborted |-> FALSE,
  hadExc |-> FALSE ]
/\ termP = (c1 :> [j1 |-> 0])
/\ waiter = (c1 :> [j1 |-> FALSE])
/\ postAckLaunch = [j1 |-> FALSE]
/\ sessions = {c1}
/\ rp = [j1 |-> None]
/\ cst = (c1 :> [j1 |-> None])
/\ sj = [j1 |-> "None"]
/\ sweeper = [cl |-> None, pc |-> "Idle", snap |-> 0, blocking |-> FALSE]
/\ cjRC = (c1 :> [j1 |-> 0])
/\ startedEv = [j1 |-> FALSE]
/\ exeErrRec = [j1 |-> FALSE]
/\ launches = [j1 |-> 0]
/\ pending = [j1 |-> None]
/\ sjAbortHandled = [j1 |-> FALSE]
/\ cjProc = (c1 :> [j1 |-> "None"])
/\ latchInStopWin = [j1 |-> FALSE]
/\ msgs = <<>>
/\ wfc = [j1 |-> FALSE]
/\ tagged = {}
/\ rmp = [j1 |-> 0]
/\ shared = [j1 |-> FALSE]
/\ disabled = {}
/\ sjErr = [j1 |-> FALSE]
/\ latched = [j1 |-> None]
/\ rpc = [ ready |-> None,
  job |-> None,
  att |-> 0,
  pc |-> "ScanRead",
  listed |-> {},
  queue |-> <<"j1">>,
  cnt |-> [j1 |-> 0],
  chk |-> {},
  failed |-> <<>>,
  blocked |-> <<>>,
  fb |-> <<>>,
  disp |-> {},
  dep |-> {},
  jid |-> FALSE,
  snap |-> None,
  sreq |-> {} ]
/\ exc = [j1 |-> None]
/\ runningJobs = {}
/\ failRunRec = [j1 |-> FALSE]
/\ startFailCause = [j1 |-> "none"]
/\ adm = [j1 |-> [pc |-> "Idle", snap |-> None]]
/\ slots = {}
/\ termHb = (c1 :> [j1 |-> 0])
/\ grp = (c1 :> [j1 |-> FALSE])
/\ wfcStale = [j1 |-> None]
/\ pCount = [j1 |-> 0]
/\ status = [j1 |-> "SUBMITTED"]
/\ ovw = {}
/\ firstTerm = [j1 |-> None]
/\ ackAbort = [j1 |-> FALSE]
/\ sjRC = [j1 |-> 0]
/\ runAborted = [j1 |-> FALSE]

State 4: <MCRunnerScanRead line 104, col 28 to line 104, col 66 of module MC>
/\ cpAlive = (c1 :> TRUE)
/\ failAccepted = [j1 |-> FALSE]
/\ free = (c1 :> <<>>)
/\ using = (c1 :> [j1 |-> {}])
/\ cjAbortMsg = (c1 :> [j1 |-> 0])
/\ resv = (c1 :> {})
/\ fc = [ hb |-> 0,
  lose |-> 0,
  chkTO |-> 0,
  stTO |-> 0,
  depFail |-> 0,
  sjLaunchFail |-> 0,
  backoff |-> 0,
  sjError |-> 0,
  sjCrash |-> 0,
  cjError |-> 0,
  cjUnsafe |-> 0,
  cjDesc |-> 0,
  cpLaunchFail |-> 0,
  crash |-> 0,
  abort |-> 0,
  delete |-> 0,
  disable |-> 0,
  appMissing |-> 0 ]
/\ abortDropped = (c1 :> [j1 |-> FALSE])
/\ ackInWindow = [j1 |-> FALSE]
/\ nextAtt = 1
/\ endedEv = [j1 |-> FALSE]
/\ micro = [ wfcRead |-> [j1 |-> FALSE],
  wfcHad |-> [j1 |-> FALSE],
  reaped |-> (c1 :> [j1 |-> FALSE]),
  removals |-> [j1 |-> 0],
  sjBooted |-> [j1 |-> FALSE],
  delAdm |-> [j1 |-> [pc |-> "Idle", snap |-> None]],
  reports |-> (c1 :> [j1 |-> [pc |-> "Idle", accepted |-> FALSE]]) ]
/\ cjReg = (c1 :> [j1 |-> None])
/\ alloc = (c1 :> [j1 |-> {}])
/\ ackStop = [j1 |-> FALSE]
/\ cpc = [ job |-> None,
  pc |-> "Idle",
  failed |-> FALSE,
  aborted |-> FALSE,
  hadExc |-> FALSE ]
/\ termP = (c1 :> [j1 |-> 0])
/\ waiter = (c1 :> [j1 |-> FALSE])
/\ postAckLaunch = [j1 |-> FALSE]
/\ sessions = {c1}
/\ rp = [j1 |-> None]
/\ cst = (c1 :> [j1 |-> None])
/\ sj = [j1 |-> "None"]
/\ sweeper = [cl |-> None, pc |-> "Idle", snap |-> 0, blocking |-> FALSE]
/\ cjRC = (c1 :> [j1 |-> 0])
/\ startedEv = [j1 |-> FALSE]
/\ exeErrRec = [j1 |-> FALSE]
/\ launches = [j1 |-> 0]
/\ pending = [j1 |-> None]
/\ sjAbortHandled = [j1 |-> FALSE]
/\ cjProc = (c1 :> [j1 |-> "None"])
/\ latchInStopWin = [j1 |-> FALSE]
/\ msgs = <<>>
/\ wfc = [j1 |-> FALSE]
/\ tagged = {}
/\ rmp = [j1 |-> 0]
/\ shared = [j1 |-> FALSE]
/\ disabled = {}
/\ sjErr = [j1 |-> FALSE]
/\ latched = [j1 |-> None]
/\ rpc = [ ready |-> None,
  job |-> None,
  att |-> 0,
  pc |-> "TryNext",
  listed |-> {},
  queue |-> <<"j1">>,
  cnt |-> [j1 |-> 0],
  chk |-> {},
  failed |-> <<>>,
  blocked |-> <<>>,
  fb |-> <<>>,
  disp |-> {},
  dep |-> {},
  jid |-> FALSE,
  snap |-> None,
  sreq |-> {} ]
/\ exc = [j1 |-> None]
/\ runningJobs = {}
/\ failRunRec = [j1 |-> FALSE]
/\ startFailCause = [j1 |-> "none"]
/\ adm = [j1 |-> [pc |-> "Idle", snap |-> None]]
/\ slots = {}
/\ termHb = (c1 :> [j1 |-> 0])
/\ grp = (c1 :> [j1 |-> FALSE])
/\ wfcStale = [j1 |-> None]
/\ pCount = [j1 |-> 0]
/\ status = [j1 |-> "SUBMITTED"]
/\ ovw = {}
/\ firstTerm = [j1 |-> None]
/\ ackAbort = [j1 |-> FALSE]
/\ sjRC = [j1 |-> 0]
/\ runAborted = [j1 |-> FALSE]

State 5: <MCRunnerTryNext line 105, col 28 to line 105, col 65 of module MC>
/\ cpAlive = (c1 :> TRUE)
/\ failAccepted = [j1 |-> FALSE]
/\ free = (c1 :> <<>>)
/\ using = (c1 :> [j1 |-> {}])
/\ cjAbortMsg = (c1 :> [j1 |-> 0])
/\ resv = (c1 :> {})
/\ fc = [ hb |-> 0,
  lose |-> 0,
  chkTO |-> 0,
  stTO |-> 0,
  depFail |-> 0,
  sjLaunchFail |-> 0,
  backoff |-> 0,
  sjError |-> 0,
  sjCrash |-> 0,
  cjError |-> 0,
  cjUnsafe |-> 0,
  cjDesc |-> 0,
  cpLaunchFail |-> 0,
  crash |-> 0,
  abort |-> 0,
  delete |-> 0,
  disable |-> 0,
  appMissing |-> 0 ]
/\ abortDropped = (c1 :> [j1 |-> FALSE])
/\ ackInWindow = [j1 |-> FALSE]
/\ nextAtt = 2
/\ endedEv = [j1 |-> FALSE]
/\ micro = [ wfcRead |-> [j1 |-> FALSE],
  wfcHad |-> [j1 |-> FALSE],
  reaped |-> (c1 :> [j1 |-> FALSE]),
  removals |-> [j1 |-> 0],
  sjBooted |-> [j1 |-> FALSE],
  delAdm |-> [j1 |-> [pc |-> "Idle", snap |-> None]],
  reports |-> (c1 :> [j1 |-> [pc |-> "Idle", accepted |-> FALSE]]) ]
/\ cjReg = (c1 :> [j1 |-> None])
/\ alloc = (c1 :> [j1 |-> {}])
/\ ackStop = [j1 |-> FALSE]
/\ cpc = [ job |-> None,
  pc |-> "Idle",
  failed |-> FALSE,
  aborted |-> FALSE,
  hadExc |-> FALSE ]
/\ termP = (c1 :> [j1 |-> 0])
/\ waiter = (c1 :> [j1 |-> FALSE])
/\ postAckLaunch = [j1 |-> FALSE]
/\ sessions = {c1}
/\ rp = [j1 |-> None]
/\ cst = (c1 :> [j1 |-> None])
/\ sj = [j1 |-> "None"]
/\ sweeper = [cl |-> None, pc |-> "Idle", snap |-> 0, blocking |-> FALSE]
/\ cjRC = (c1 :> [j1 |-> 0])
/\ startedEv = [j1 |-> FALSE]
/\ exeErrRec = [j1 |-> FALSE]
/\ launches = [j1 |-> 0]
/\ pending = [j1 |-> None]
/\ sjAbortHandled = [j1 |-> FALSE]
/\ cjProc = (c1 :> [j1 |-> "None"])
/\ latchInStopWin = [j1 |-> FALSE]
/\ msgs = ( [ ok |-> FALSE,
    code |-> 0,
    flag |-> FALSE,
    type |-> "CHECK",
    job |-> "j1",
    cl |-> c1,
    att |-> 1 ] :>
      1 )
/\ wfc = [j1 |-> FALSE]
/\ tagged = {}
/\ rmp = [j1 |-> 0]
/\ shared = [j1 |-> FALSE]
/\ disabled = {}
/\ sjErr = [j1 |-> FALSE]
/\ latched = [j1 |-> None]
/\ rpc = [ ready |-> None,
  job |-> "j1",
  att |-> 1,
  pc |-> "CheckWait",
  listed |-> {},
  queue |-> <<>>,
  cnt |-> [j1 |-> 0],
  chk |-> {c1},
  failed |-> <<>>,
  blocked |-> <<>>,
  fb |-> <<>>,
  disp |-> {},
  dep |-> {},
  jid |-> FALSE,
  snap |-> None,
  sreq |-> {} ]
/\ exc = [j1 |-> None]
/\ runningJobs = {}
/\ failRunRec = [j1 |-> FALSE]
/\ startFailCause = [j1 |-> "none"]
/\ adm = [j1 |-> [pc |-> "Idle", snap |-> None]]
/\ slots = {}
/\ termHb = (c1 :> [j1 |-> 0])
/\ grp = (c1 :> [j1 |-> FALSE])
/\ wfcStale = [j1 |-> None]
/\ pCount = [j1 |-> 0]
/\ status = [j1 |-> "SUBMITTED"]
/\ ovw = {}
/\ firstTerm = [j1 |-> None]
/\ ackAbort = [j1 |-> FALSE]
/\ sjRC = [j1 |-> 0]
/\ runAborted = [j1 |-> FALSE]

State 6: <MsgCheckResource line 156, col 31 to line 156, col 73 of module MC>
/\ cpAlive = (c1 :> TRUE)
/\ failAccepted = [j1 |-> FALSE]
/\ free = (c1 :> <<>>)
/\ using = (c1 :> [j1 |-> {}])
/\ cjAbortMsg = (c1 :> [j1 |-> 0])
/\ resv = (c1 :> {[job |-> "j1", tok |-> 1, units |-> {}, ttl |-> 1]})
/\ fc = [ hb |-> 0,
  lose |-> 0,
  chkTO |-> 0,
  stTO |-> 0,
  depFail |-> 0,
  sjLaunchFail |-> 0,
  backoff |-> 0,
  sjError |-> 0,
  sjCrash |-> 0,
  cjError |-> 0,
  cjUnsafe |-> 0,
  cjDesc |-> 0,
  cpLaunchFail |-> 0,
  crash |-> 0,
  abort |-> 0,
  delete |-> 0,
  disable |-> 0,
  appMissing |-> 0 ]
/\ abortDropped = (c1 :> [j1 |-> FALSE])
/\ ackInWindow = [j1 |-> FALSE]
/\ nextAtt = 2
/\ endedEv = [j1 |-> FALSE]
/\ micro = [ wfcRead |-> [j1 |-> FALSE],
  wfcHad |-> [j1 |-> FALSE],
  reaped |-> (c1 :> [j1 |-> FALSE]),
  removals |-> [j1 |-> 0],
  sjBooted |-> [j1 |-> FALSE],
  delAdm |-> [j1 |-> [pc |-> "Idle", snap |-> None]],
  reports |-> (c1 :> [j1 |-> [pc |-> "Idle", accepted |-> FALSE]]) ]
/\ cjReg = (c1 :> [j1 |-> None])
/\ alloc = (c1 :> [j1 |-> {}])
/\ ackStop = [j1 |-> FALSE]
/\ cpc = [ job |-> None,
  pc |-> "Idle",
  failed |-> FALSE,
  aborted |-> FALSE,
  hadExc |-> FALSE ]
/\ termP = (c1 :> [j1 |-> 0])
/\ waiter = (c1 :> [j1 |-> FALSE])
/\ postAckLaunch = [j1 |-> FALSE]
/\ sessions = {c1}
/\ rp = [j1 |-> None]
/\ cst = (c1 :> [j1 |-> None])
/\ sj = [j1 |-> "None"]
/\ sweeper = [cl |-> None, pc |-> "Idle", snap |-> 0, blocking |-> FALSE]
/\ cjRC = (c1 :> [j1 |-> 0])
/\ startedEv = [j1 |-> FALSE]
/\ exeErrRec = [j1 |-> FALSE]
/\ launches = [j1 |-> 0]
/\ pending = [j1 |-> None]
/\ sjAbortHandled = [j1 |-> FALSE]
/\ cjProc = (c1 :> [j1 |-> "None"])
/\ latchInStopWin = [j1 |-> FALSE]
/\ msgs = ( [ ok |-> TRUE,
    code |-> 0,
    flag |-> FALSE,
    type |-> "CHECK_REP",
    job |-> "j1",
    cl |-> c1,
    att |-> 1 ] :>
      1 )
/\ wfc = [j1 |-> FALSE]
/\ tagged = {}
/\ rmp = [j1 |-> 0]
/\ shared = [j1 |-> FALSE]
/\ disabled = {}
/\ sjErr = [j1 |-> FALSE]
/\ latched = [j1 |-> None]
/\ rpc = [ ready |-> None,
  job |-> "j1",
  att |-> 1,
  pc |-> "CheckWait",
  listed |-> {},
  queue |-> <<>>,
  cnt |-> [j1 |-> 0],
  chk |-> {c1},
  failed |-> <<>>,
  blocked |-> <<>>,
  fb |-> <<>>,
  disp |-> {},
  dep |-> {},
  jid |-> FALSE,
  snap |-> None,
  sreq |-> {} ]
/\ exc = [j1 |-> None]
/\ runningJobs = {}
/\ failRunRec = [j1 |-> FALSE]
/\ startFailCause = [j1 |-> "none"]
/\ adm = [j1 |-> [pc |-> "Idle", snap |-> None]]
/\ slots = {}
/\ termHb = (c1 :> [j1 |-> 0])
/\ grp = (c1 :> [j1 |-> FALSE])
/\ wfcStale = [j1 |-> None]
/\ pCount = [j1 |-> 0]
/\ status = [j1 |-> "SUBMITTED"]
/\ ovw = {}
/\ firstTerm = [j1 |-> None]
/\ ackAbort = [j1 |-> FALSE]
/\ sjRC = [j1 |-> 0]
/\ runAborted = [j1 |-> FALSE]

State 7: <MCRunnerCheckCollect line 107, col 28 to line 107, col 70 of module MC>
/\ cpAlive = (c1 :> TRUE)
/\ failAccepted = [j1 |-> FALSE]
/\ free = (c1 :> <<>>)
/\ using = (c1 :> [j1 |-> {}])
/\ cjAbortMsg = (c1 :> [j1 |-> 0])
/\ resv = (c1 :> {[job |-> "j1", tok |-> 1, units |-> {}, ttl |-> 1]})
/\ fc = [ hb |-> 0,
  lose |-> 0,
  chkTO |-> 0,
  stTO |-> 0,
  depFail |-> 0,
  sjLaunchFail |-> 0,
  backoff |-> 0,
  sjError |-> 0,
  sjCrash |-> 0,
  cjError |-> 0,
  cjUnsafe |-> 0,
  cjDesc |-> 0,
  cpLaunchFail |-> 0,
  crash |-> 0,
  abort |-> 0,
  delete |-> 0,
  disable |-> 0,
  appMissing |-> 0 ]
/\ abortDropped = (c1 :> [j1 |-> FALSE])
/\ ackInWindow = [j1 |-> FALSE]
/\ nextAtt = 2
/\ endedEv = [j1 |-> FALSE]
/\ micro = [ wfcRead |-> [j1 |-> FALSE],
  wfcHad |-> [j1 |-> FALSE],
  reaped |-> (c1 :> [j1 |-> FALSE]),
  removals |-> [j1 |-> 0],
  sjBooted |-> [j1 |-> FALSE],
  delAdm |-> [j1 |-> [pc |-> "Idle", snap |-> None]],
  reports |-> (c1 :> [j1 |-> [pc |-> "Idle", accepted |-> FALSE]]) ]
/\ cjReg = (c1 :> [j1 |-> None])
/\ alloc = (c1 :> [j1 |-> {}])
/\ ackStop = [j1 |-> FALSE]
/\ cpc = [ job |-> None,
  pc |-> "Idle",
  failed |-> FALSE,
  aborted |-> FALSE,
  hadExc |-> FALSE ]
/\ termP = (c1 :> [j1 |-> 0])
/\ waiter = (c1 :> [j1 |-> FALSE])
/\ postAckLaunch = [j1 |-> FALSE]
/\ sessions = {c1}
/\ rp = [j1 |-> None]
/\ cst = (c1 :> [j1 |-> None])
/\ sj = [j1 |-> "None"]
/\ sweeper = [cl |-> None, pc |-> "Idle", snap |-> 0, blocking |-> FALSE]
/\ cjRC = (c1 :> [j1 |-> 0])
/\ startedEv = [j1 |-> FALSE]
/\ exeErrRec = [j1 |-> FALSE]
/\ launches = [j1 |-> 0]
/\ pending = [j1 |-> None]
/\ sjAbortHandled = [j1 |-> FALSE]
/\ cjProc = (c1 :> [j1 |-> "None"])
/\ latchInStopWin = [j1 |-> FALSE]
/\ msgs = <<>>
/\ wfc = [j1 |-> FALSE]
/\ tagged = {}
/\ rmp = [j1 |-> 0]
/\ shared = [j1 |-> FALSE]
/\ disabled = {}
/\ sjErr = [j1 |-> FALSE]
/\ latched = [j1 |-> None]
/\ rpc = [ ready |-> "j1",
  job |-> None,
  att |-> 1,
  pc |-> "ChkSubmitted",
  listed |-> {},
  queue |-> <<>>,
  cnt |-> [j1 |-> 1],
  chk |-> {},
  failed |-> <<>>,
  blocked |-> <<>>,
  fb |-> <<>>,
  disp |-> {c1},
  dep |-> {},
  jid |-> FALSE,
  snap |-> None,
  sreq |-> {} ]
/\ exc = [j1 |-> None]
/\ runningJobs = {}
/\ failRunRec = [j1 |-> FALSE]
/\ startFailCause = [j1 |-> "none"]
/\ adm = [j1 |-> [pc |-> "Idle", snap |-> None]]
/\ slots = {}
/\ termHb = (c1 :> [j1 |-> 0])
/\ grp = (c1 :> [j1 |-> FALSE])
/\ wfcStale = [j1 |-> None]
/\ pCount = [j1 |-> 0]
/\ status = [j1 |-> "SUBMITTED"]
/\ ovw = {}
/\ firstTerm = [j1 |-> None]
/\ ackAbort = [j1 |-> FALSE]
/\ sjRC = [j1 |-> 0]
/\ runAborted = [j1 |-> FALSE]

State 8: <MCRunnerCheckSubmitted line 111, col 28 to line 111, col 72 of module MC>
/\ cpAlive = (c1 :> TRUE)
/\ failAccepted = [j1 |-> FALSE]
/\ free = (c1 :> <<>>)
/\ using = (c1 :> [j1 |-> {}])
/\ cjAbortMsg = (c1 :> [j1 |-> 0])
/\ resv = (c1 :> {[job |-> "j1", tok |-> 1, units |-> {}, ttl |-> 1]})
/\ fc = [ hb |-> 0,
  lose |-> 0,
  chkTO |-> 0,
  stTO |-> 0,
  depFail |-> 0,
  sjLaunchFail |-> 0,
  backoff |-> 0,
  sjError |-> 0,
  sjCrash |-> 0,
  cjError |-> 0,
  cjUnsafe |-> 0,
  cjDesc |-> 0,
  cpLaunchFail |-> 0,
  crash |-> 0,
  abort |-> 0,
  delete |-> 0,
  disable |-> 0,
  appMissing |-> 0 ]
/\ abortDropped = (c1 :> [j1 |-> FALSE])
/\ ackInWindow = [j1 |-> FALSE]
/\ nextAtt = 2
/\ endedEv = [j1 |-> FALSE]
/\ micro = [ wfcRead |-> [j1 |-> FALSE],
  wfcHad |-> [j1 |-> FALSE],
  reaped |-> (c1 :> [j1 |-> FALSE]),
  removals |-> [j1 |-> 0],
  sjBooted |-> [j1 |-> FALSE],
  delAdm |-> [j1 |-> [pc |-> "Idle", snap |-> None]],
  reports |-> (c1 :> [j1 |-> [pc |-> "Idle", accepted |-> FALSE]]) ]
/\ cjReg = (c1 :> [j1 |-> None])
/\ alloc = (c1 :> [j1 |-> {}])
/\ ackStop = [j1 |-> FALSE]
/\ cpc = [ job |-> None,
  pc |-> "Idle",
  failed |-> FALSE,
  aborted |-> FALSE,
  hadExc |-> FALSE ]
/\ termP = (c1 :> [j1 |-> 0])
/\ waiter = (c1 :> [j1 |-> FALSE])
/\ postAckLaunch = [j1 |-> FALSE]
/\ sessions = {c1}
/\ rp = [j1 |-> None]
/\ cst = (c1 :> [j1 |-> None])
/\ sj = [j1 |-> "None"]
/\ sweeper = [cl |-> None, pc |-> "Idle", snap |-> 0, blocking |-> FALSE]
/\ cjRC = (c1 :> [j1 |-> 0])
/\ startedEv = [j1 |-> FALSE]
/\ exeErrRec = [j1 |-> FALSE]
/\ launches = [j1 |-> 0]
/\ pending = [j1 |-> None]
/\ sjAbortHandled = [j1 |-> FALSE]
/\ cjProc = (c1 :> [j1 |-> "None"])
/\ latchInStopWin = [j1 |-> FALSE]
/\ msgs = <<>>
/\ wfc = [j1 |-> FALSE]
/\ tagged = {}
/\ rmp = [j1 |-> 0]
/\ shared = [j1 |-> FALSE]
/\ disabled = {}
/\ sjErr = [j1 |-> FALSE]
/\ latched = [j1 |-> None]
/\ rpc = [ ready |-> "j1",
  job |-> None,
  att |-> 1,
  pc |-> "Deploy",
  listed |-> {},
  queue |-> <<>>,
  cnt |-> [j1 |-> 1],
  chk |-> {},
  failed |-> <<>>,
  blocked |-> <<>>,
  fb |-> <<>>,
  disp |-> {c1},
  dep |-> {},
  jid |-> FALSE,
  snap |-> None,
  sreq |-> {} ]
/\ exc = [j1 |-> None]
/\ runningJobs = {}
/\ failRunRec = [j1 |-> FALSE]
/\ startFailCause = [j1 |-> "none"]
/\ adm = [j1 |-> [pc |-> "Idle", snap |-> None]]
/\ slots = {}
/\ termHb = (c1 :> [j1 |-> 0])
/\ grp = (c1 :> [j1 |-> FALSE])
/\ wfcStale = [j1 |-> None]
/\ pCount = [j1 |-> 0]
/\ status = [j1 |-> "SUBMITTED"]
/\ ovw = {}
/\ firstTerm = [j1 |-> None]
/\ ackAbort = [j1 |-> FALSE]
/\ sjRC = [j1 |-> 0]
/\ runAborted = [j1 |-> FALSE]

State 9: <MCRunnerDeployJob({}) line 69, col 5 to line 71, col 83 of module MC>
/\ cpAlive = (c1 :> TRUE)
/\ failAccepted = [j1 |-> FALSE]
/\ free = (c1 :> <<>>)
/\ using = (c1 :> [j1 |-> {}])
/\ cjAbortMsg = (c1 :> [j1 |-> 0])
/\ resv = (c1 :> {[job |-> "j1", tok |-> 1, units |-> {}, ttl |-> 1]})
/\ fc = [ hb |-> 0,
  lose |-> 0,
  chkTO |-> 0,
  stTO |-> 0,
  depFail |-> 0,
  sjLaunchFail |-> 0,
  backoff |-> 0,
  sjError |-> 0,
  sjCrash |-> 0,
  cjError |-> 0,
  cjUnsafe |-> 0,
  cjDesc |-> 0,
  cpLaunchFail |-> 0,
  crash |-> 0,
  abort |-> 0,
  delete |-> 0,
  disable |-> 0,
  appMissing |-> 0 ]
/\ abortDropped = (c1 :> [j1 |-> FALSE])
/\ ackInWindow = [j1 |-> FALSE]
/\ nextAtt = 2
/\ endedEv = [j1 |-> FALSE]
/\ micro = [ wfcRead |-> [j1 |-> FALSE],
  wfcHad |-> [j1 |-> FALSE],
  reaped |-> (c1 :> [j1 |-> FALSE]),
  removals |-> [j1 |-> 0],
  sjBooted |-> [j1 |-> FALSE],
  delAdm |-> [j1 |-> [pc |-> "Idle", snap |-> None]],
  reports |-> (c1 :> [j1 |-> [pc |-> "Idle", accepted |-> FALSE]]) ]
/\ cjReg = (c1 :> [j1 |-> None])
/\ alloc = (c1 :> [j1 |-> {}])
/\ ackStop = [j1 |-> FALSE]
/\ cpc = [ job |-> None,
  pc |-> "Idle",
  failed |-> FALSE,
  aborted |-> FALSE,
  hadExc |-> FALSE ]
/\ termP = (c1 :> [j1 |-> 0])
/\ waiter = (c1 :> [j1 |-> FALSE])
/\ postAckLaunch = [j1 |-> FALSE]
/\ sessions = {c1}
/\ rp = [j1 |-> None]
/\ cst = (c1 :> [j1 |-> None])
/\ sj = [j1 |-> "None"]
/\ sweeper = [cl |-> None, pc |-> "Idle", snap |-> 0, blocking |-> FALSE]
/\ cjRC = (c1 :> [j1 |-> 0])
/\ startedEv = [j1 |-> FALSE]
/\ exeErrRec = [j1 |-> FALSE]
/\ launches = [j1 |-> 0]
/\ pending = [j1 |-> None]
/\ sjAbortHandled = [j1 |-> FALSE]
/\ cjProc = (c1 :> [j1 |-> "None"])
/\ latchInStopWin = [j1 |-> FALSE]
/\ msgs = <<>>
/\ wfc = [j1 |-> FALSE]
/\ tagged = {}
/\ rmp = [j1 |-> 0]
/\ shared = [j1 |-> FALSE]
/\ disabled = {}
/\ sjErr = [j1 |-> FALSE]
/\ latched = [j1 |-> None]
/\ rpc = [ ready |-> "j1",
  job |-> None,
  att |-> 1,
  pc |-> "SetDispatched",
  listed |-> {},
  queue |-> <<>>,
  cnt |-> [j1 |-> 1],
  chk |-> {},
  failed |-> <<>>,
  blocked |-> <<>>,
  fb |-> <<>>,
  disp |-> {c1},
  dep |-> {c1},
  jid |-> TRUE,
  snap |-> None,
  sreq |-> {} ]
/\ exc = [j1 |-> None]
/\ runningJobs = {}
/\ failRunRec = [j1 |-> FALSE]
/\ startFailCause = [j1 |-> "none"]
/\ adm = [j1 |-> [pc |-> "Idle", snap |-> None]]
/\ slots = {}
/\ termHb = (c1 :> [j1 |-> 0])
/\ grp = (c1 :> [j1 |-> FALSE])
/\ wfcStale = [j1 |-> None]
/\ pCount = [j1 |-> 0]
/\ status = [j1 |-> "SUBMITTED"]
/\ ovw = {}
/\ firstTerm = [j1 |-> None]
/\ ackAbort = [j1 |-> FALSE]
/\ sjRC = [j1 |-> 0]
/\ runAborted = [j1 |-> FALSE]

State 10: <MCAdminAbortBegin("j1") line 92, col 25 to line 92, col 89 of module MC>
/\ cpAlive = (c1 :> TRUE)
/\ failAccepted = [j1 |-> FALSE]
/\ free = (c1 :> <<>>)
/\ using = (c1 :> [j1 |-> {}])
/\ cjAbortMsg = (c1 :> [j1 |-> 0])
/\ resv = (c1 :> {[job |-> "j1", tok |-> 1, units |-> {}, ttl |-> 1]})
/\ fc = [ hb |-> 0,
  lose |-> 0,
  chkTO |-> 0,
  stTO |-> 0,
  depFail |-> 0,
  sjLaunchFail |-> 0,
  backoff |-> 0,
  sjError |-> 0,
  sjCrash |-> 0,
  cjError |-> 0,
  cjUnsafe |-> 0,
  cjDesc |-> 0,
  cpLaunchFail |-> 0,
  crash |-> 0,
  abort |-> 1,
  delete |-> 0,
  disable |-> 0,
  appMissing |-> 0 ]
/\ abortDropped = (c1 :> [j1 |-> FALSE])
/\ ackInWindow = [j1 |-> FALSE]
/\ nextAtt = 2
/\ endedEv = [j1 |-> FALSE]
/\ micro = [ wfcRead |-> [j1 |-> FALSE],
  wfcHad |-> [j1 |-> FALSE],
  reaped |-> (c1 :> [j1 |-> FALSE]),
  removals |-> [j1 |-> 0],
  sjBooted |-> [j1 |-> FALSE],
  delAdm |-> [j1 |-> [pc |-> "Idle", snap |-> None]],
  reports |-> (c1 :> [j1 |-> [pc |-> "Idle", accepted |-> FALSE]]) ]
/\ cjReg = (c1 :> [j1 |-> None])
/\ alloc = (c1 :> [j1 |-> {}])
/\ ackStop = [j1 |-> FALSE]
/\ cpc = [ job |-> None,
  pc |-> "Idle",
  failed |-> FALSE,
  aborted |-> FALSE,
  hadExc |-> FALSE ]
/\ termP = (c1 :> [j1 |-> 0])
/\ waiter = (c1 :> [j1 |-> FALSE])
/\ postAckLaunch = [j1 |-> FALSE]
/\ sessions = {c1}
/\ rp = [j1 |-> None]
/\ cst = (c1 :> [j1 |-> None])
/\ sj = [j1 |-> "None"]
/\ sweeper = [cl |-> None, pc |-> "Idle", snap |-> 0, blocking |-> FALSE]
/\ cjRC = (c1 :> [j1 |-> 0])
/\ startedEv = [j1 |-> FALSE]
/\ exeErrRec = [j1 |-> FALSE]
/\ launches = [j1 |-> 0]
/\ pending = [j1 |-> None]
/\ sjAbortHandled = [j1 |-> FALSE]
/\ cjProc = (c1 :> [j1 |-> "None"])
/\ latchInStopWin = [j1 |-> FALSE]
/\ msgs = <<>>
/\ wfc = [j1 |-> FALSE]
/\ tagged = {}
/\ rmp = [j1 |-> 0]
/\ shared = [j1 |-> FALSE]
/\ disabled = {}
/\ sjErr = [j1 |-> FALSE]
/\ latched = [j1 |-> None]
/\ rpc = [ ready |-> "j1",
  job |-> None,
  att |-> 1,
  pc |-> "SetDispatched",
  listed |-> {},
  queue |-> <<>>,
  cnt |-> [j1 |-> 1],
  chk |-> {},
  failed |-> <<>>,
  blocked |-> <<>>,
  fb |-> <<>>,
  disp |-> {c1},
  dep |-> {c1},
  jid |-> TRUE,
  snap |-> None,
  sreq |-> {} ]
/\ exc = [j1 |-> None]
/\ runningJobs = {}
/\ failRunRec = [j1 |-> FALSE]
/\ startFailCause = [j1 |-> "none"]
/\ adm = [j1 |-> [pc |-> "AbortWrite", snap |-> "SUBMITTED"]]
/\ slots = {}
/\ termHb = (c1 :> [j1 |-> 0])
/\ grp = (c1 :> [j1 |-> FALSE])
/\ wfcStale = [j1 |-> None]
/\ pCount = [j1 |-> 0]
/\ status = [j1 |-> "SUBMITTED"]
/\ ovw = {}
/\ firstTerm = [j1 |-> None]
/\ ackAbort = [j1 |-> FALSE]
/\ sjRC = [j1 |-> 0]
/\ runAborted = [j1 |-> FALSE]

State 11: <MCAdminAbortWrite("j1") line 127, col 28 to line 127, col 70 of module MC>
/\ cpAlive = (c1 :> TRUE)
/\ failAccepted = [j1 |-> FALSE]
/\ free = (c1 :> <<>>)
/\ using = (c1 :> [j1 |-> {}])
/\ cjAbortMsg = (c1 :> [j1 |-> 0])
/\ resv = (c1 :> {[job |-> "j1", tok |-> 1, units |-> {}, ttl |-> 1]})
/\ fc = [ hb |-> 0,
  lose |-> 0,
  chkTO |-> 0,
  stTO |-> 0,
  depFail |-> 0,
  sjLaunchFail |-> 0,
  backoff |-> 0,
  sjError |-> 0,
  sjCrash |-> 0,
  cjError |-> 0,
  cjUnsafe |-> 0,
  cjDesc |-> 0,
  cpLaunchFail |-> 0,
  crash |-> 0,
  abort |-> 1,
  delete |-> 0,
  disable |-> 0,
  appMissing |-> 0 ]
/\ abortDropped = (c1 :> [j1 |-> FALSE])
/\ ackInWindow = [j1 |-> TRUE]
/\ nextAtt = 2
/\ endedEv = [j1 |-> FALSE]
/\ micro = [ wfcRead |-> [j1 |-> FALSE],
  wfcHad |-> [j1 |-> FALSE],
  reaped |-> (c1 :> [j1 |-> FALSE]),
  removals |-> [j1 |-> 0],
  sjBooted |-> [j1 |-> FALSE],
  delAdm |-> [j1 |-> [pc |-> "Idle", snap |-> None]],
  reports |-> (c1 :> [j1 |-> [pc |-> "Idle", accepted |-> FALSE]]) ]
/\ cjReg = (c1 :> [j1 |-> None])
/\ alloc = (c1 :> [j1 |-> {}])
/\ ackStop = [j1 |-> FALSE]
/\ cpc = [ job |-> None,
  pc |-> "Idle",
  failed |-> FALSE,
  aborted |-> FALSE,
  hadExc |-> FALSE ]
/\ termP = (c1 :> [j1 |-> 0])
/\ waiter = (c1 :> [j1 |-> FALSE])
/\ postAckLaunch = [j1 |-> FALSE]
/\ sessions = {c1}
/\ rp = [j1 |-> None]
/\ cst = (c1 :> [j1 |-> None])
/\ sj = [j1 |-> "None"]
/\ sweeper = [cl |-> None, pc |-> "Idle", snap |-> 0, blocking |-> FALSE]
/\ cjRC = (c1 :> [j1 |-> 0])
/\ startedEv = [j1 |-> FALSE]
/\ exeErrRec = [j1 |-> FALSE]
/\ launches = [j1 |-> 0]
/\ pending = [j1 |-> None]
/\ sjAbortHandled = [j1 |-> FALSE]
/\ cjProc = (c1 :> [j1 |-> "None"])
/\ latchInStopWin = [j1 |-> FALSE]
/\ msgs = <<>>
/\ wfc = [j1 |-> FALSE]
/\ tagged = {}
/\ rmp = [j1 |-> 0]
/\ shared = [j1 |-> FALSE]
/\ disabled = {}
/\ sjErr = [j1 |-> FALSE]
/\ latched = [j1 |-> None]
/\ rpc = [ ready |-> "j1",
  job |-> None,
  att |-> 1,
  pc |-> "SetDispatched",
  listed |-> {},
  queue |-> <<>>,
  cnt |-> [j1 |-> 1],
  chk |-> {},
  failed |-> <<>>,
  blocked |-> <<>>,
  fb |-> <<>>,
  disp |-> {c1},
  dep |-> {c1},
  jid |-> TRUE,
  snap |-> None,
  sreq |-> {} ]
/\ exc = [j1 |-> None]
/\ runningJobs = {}
/\ failRunRec = [j1 |-> FALSE]
/\ startFailCause = [j1 |-> "none"]
/\ adm = [j1 |-> [pc |-> "Idle", snap |-> None]]
/\ slots = {}
/\ termHb = (c1 :> [j1 |-> 0])
/\ grp = (c1 :> [j1 |-> FALSE])
/\ wfcStale = [j1 |-> None]
/\ pCount = [j1 |-> 0]
/\ status = [j1 |-> "FINISHED:ABORTED"]
/\ ovw = {}
/\ firstTerm = [j1 |-> "FINISHED:ABORTED"]
/\ ackAbort = [j1 |-> TRUE]
/\ sjRC = [j1 |-> 0]
/\ runAborted = [j1 |-> FALSE]

State 12: <MCRunnerSetDispatched line 112, col 28 to line 112, col 71 of module MC>
/\ cpAlive = (c1 :> TRUE)
/\ failAccepted = [j1 |-> FALSE]
/\ free = (c1 :> <<>>)
/\ using = (c1 :> [j1 |-> {}])
/\ cjAbortMsg = (c1 :> [j1 |-> 0])
/\ resv = (c1 :> {[job |-> "j1", tok |-> 1, units |-> {}, ttl |-> 1]})
/\ fc = [ hb |-> 0,
  lose |-> 0,
  chkTO |-> 0,
  stTO |-> 0,
  depFail |-> 0,
  sjLaunchFail |-> 0,
  backoff |-> 0,
  sjError |-> 0,
  sjCrash |-> 0,
  cjError |-> 0,
  cjUnsafe |-> 0,
  cjDesc |-> 0,
  cpLaunchFail |-> 0,
  crash |-> 0,
  abort |-> 1,
  delete |-> 0,
  disable |-> 0,
  appMissing |-> 0 ]
/\ abortDropped = (c1 :> [j1 |-> FALSE])
/\ ackInWindow = [j1 |-> TRUE]
/\ nextAtt = 2
/\ endedEv = [j1 |-> FALSE]
/\ micro = [ wfcRead |-> [j1 |-> FALSE],
  wfcHad |-> [j1 |-> FALSE],
  reaped |-> (c1 :> [j1 |-> FALSE]),
  removals |-> [j1 |-> 0],
  sjBooted |-> [j1 |-> FALSE],
  delAdm |-> [j1 |-> [pc |-> "Idle", snap |-> None]],
  reports |-> (c1 :> [j1 |-> [pc |-> "Idle", accepted |-> FALSE]]) ]
/\ cjReg = (c1 :> [j1 |-> None])
/\ alloc = (c1 :> [j1 |-> {}])
/\ ackStop = [j1 |-> FALSE]
/\ cpc = [ job |-> None,
  pc |-> "Idle",
  failed |-> FALSE,
  aborted |-> FALSE,
  hadExc |-> FALSE ]
/\ termP = (c1 :> [j1 |-> 0])
/\ waiter = (c1 :> [j1 |-> FALSE])
/\ postAckLaunch = [j1 |-> FALSE]
/\ sessions = {c1}
/\ rp = [j1 |-> None]
/\ cst = (c1 :> [j1 |-> None])
/\ sj = [j1 |-> "None"]
/\ sweeper = [cl |-> None, pc |-> "Idle", snap |-> 0, blocking |-> FALSE]
/\ cjRC = (c1 :> [j1 |-> 0])
/\ startedEv = [j1 |-> FALSE]
/\ exeErrRec = [j1 |-> FALSE]
/\ launches = [j1 |-> 0]
/\ pending = [j1 |-> None]
/\ sjAbortHandled = [j1 |-> FALSE]
/\ cjProc = (c1 :> [j1 |-> "None"])
/\ latchInStopWin = [j1 |-> FALSE]
/\ msgs = <<>>
/\ wfc = [j1 |-> FALSE]
/\ tagged = {}
/\ rmp = [j1 |-> 0]
/\ shared = [j1 |-> FALSE]
/\ disabled = {}
/\ sjErr = [j1 |-> FALSE]
/\ latched = [j1 |-> None]
/\ rpc = [ ready |-> "j1",
  job |-> None,
  att |-> 1,
  pc |-> "MetaRead",
  listed |-> {},
  queue |-> <<>>,
  cnt |-> [j1 |-> 1],
  chk |-> {},
  failed |-> <<>>,
  blocked |-> <<>>,
  fb |-> <<>>,
  disp |-> {c1},
  dep |-> {c1},
  jid |-> TRUE,
  snap |-> None,
  sreq |-> {} ]
/\ exc = [j1 |-> None]
/\ runningJobs = {}
/\ failRunRec = [j1 |-> FALSE]
/\ startFailCause = [j1 |-> "none"]
/\ adm = [j1 |-> [pc |-> "Idle", snap |-> None]]
/\ slots = {}
/\ termHb = (c1 :> [j1 |-> 0])
/\ grp = (c1 :> [j1 |-> FALSE])
/\ wfcStale = [j1 |-> None]
/\ pCount = [j1 |-> 0]
/\ status = [j1 |-> "DISPATCHED"]
/\ ovw = { [ j |-> "j1",
    w |-> "SetDispatched",
    from |-> "FINISHED:ABORTED",
    to |-> "DISPATCHED" ] }
/\ firstTerm = [j1 |-> "FINISHED:ABORTED"]
/\ ackAbort = [j1 |-> TRUE]
/\ sjRC = [j1 |-> 0]
/\ runAborted = [j1 |-> FALSE]

"CounterExample written: /home/ubuntu/specula-nvflare-gpt-continuation-20260926/framework/runs/gpt-continuation/nvflare-job/.specula-output/spec/output/continuation-S-F1/counterexample.json"
303 states generated, 123 distinct states found, 17 states left on queue.
The depth of the complete state graph search is 17.
Checkpointing of run /home/ubuntu/specula-nvflare-gpt-continuation-20260926/framework/runs/gpt-continuation/nvflare-job/.specula-output/.tlc-state/tlc-states-2q8Ckc/26-09-26-04-58-18.984
Checkpointing completed at (2026-09-26 04:58:20)
Finished in 01s at (2026-09-26 04:58:20)
Trace exploration spec path: ./MC_TTrace_1790398698.tla

[0;32m================================[0m
[1;33m⚠ Invariant violation found![0m
[1;33mPlease check log: /home/ubuntu/specula-nvflare-gpt-continuation-20260926/framework/runs/gpt-continuation/nvflare-job/.specula-output/.tlc-tasks/jobs/816a14bc4252479b9d3fbbf48a9628e9/tlc.log[0m
[0;32m================================[0m
