[0;32m================================[0m
[0;32mTLC Model Checking Mode[0m
[0;32m================================[0m
Spec File:       MC.tla
Config File:     MC.cfg
Memory Limit:    16G
Off-heap Memory: 48G
Workers:         40
Timeout:         30 minutes
[0;34m--- Model Checking Settings ---[0m
Depth Limit:     0
Checkpoint:      10 minutes
Log File:        output/MC_round1_bfs_retry.out
[0;32m================================[0m
[1;33mExecuting Command:[0m
java -XX:+UseParallelGC -Dtlc2.tool.fp.FPSet.impl=tlc2.tool.fp.OffHeapDiskFPSet -XX:MaxDirectMemorySize=48G -Xmx16G -Xms16G -cp /home/ubuntu/nvflare-runs-20260913/specula/lib/CommunityModules-deps.jar:/home/ubuntu/nvflare-runs-20260913/specula/lib/tla2tools.jar tlc2.TLC -config MC.cfg MC.tla -workers 40 -deadlock -checkpoint 10 -dumptrace json output/MC_round1_bfs_retry.json -metadir /home/ubuntu/nvflare-runs-20260913/scratch/fedavg/tlc/tlc-states-IcLuwn 

TLC resource budget (Specula run nvflare-fedavg-20260913):
  memory source: user config (128G)
  external memory use: not included in this configured run bound
  memory limit: 128 GiB
  active TLC reserved before request: 0 bytes (this agent: 0 bytes)
  this request: 64 GiB (heap 16 GiB + off-heap 48 GiB)
  remaining before request: 128 GiB
  remaining after admission: 64 GiB
  worker limit: 40
  active TLC workers before request: 0 (this agent: 0)
  this request workers: 40 (40)
  remaining workers before request: 40
  remaining workers after admission: 0
  result: admitted
Picked up JAVA_TOOL_OPTIONS: -Djava.io.tmpdir=/home/ubuntu/nvflare-runs-20260913/scratch/fedavg/tmp
TLC2 Version 2.20 of Day Month 20?? (rev: ${git.shortRevision})
Running breadth-first search Model-Checking with fp 67 and seed -3094950089323524795 with 40 workers on 80 cores with 15701MB heap and 49152MB offheap memory [pid: 3991171] (Linux 6.8.0-1044-azure amd64, Ubuntu 21.0.11 x86_64, OffHeapDiskFPSet, DiskStateQueue).
Parsing file /home/ubuntu/nvflare-runs-20260913/specula/runs/nvflare-fedavg-20260913/nvflare-fedavg/.specula-output/spec/MC.tla
Parsing file /home/ubuntu/nvflare-runs-20260913/specula/runs/nvflare-fedavg-20260913/nvflare-fedavg/.specula-output/spec/base.tla
Parsing file /home/ubuntu/nvflare-runs-20260913/scratch/fedavg/tmp/tlc-18147331099202127877/_JsonTrace.tla (jar:file:/home/ubuntu/nvflare-runs-20260913/specula/lib/tla2tools.jar!/tla2sany/StandardModules/_JsonTrace.tla)
Parsing file /home/ubuntu/nvflare-runs-20260913/scratch/fedavg/tmp/tlc-18147331099202127877/_TLCTrace.tla (jar:file:/home/ubuntu/nvflare-runs-20260913/specula/lib/tla2tools.jar!/tla2sany/StandardModules/_TLCTrace.tla)
Parsing file /home/ubuntu/nvflare-runs-20260913/scratch/fedavg/tmp/tlc-18147331099202127877/Naturals.tla (jar:file:/home/ubuntu/nvflare-runs-20260913/specula/lib/tla2tools.jar!/tla2sany/StandardModules/Naturals.tla)
Parsing file /home/ubuntu/nvflare-runs-20260913/scratch/fedavg/tmp/tlc-18147331099202127877/Integers.tla (jar:file:/home/ubuntu/nvflare-runs-20260913/specula/lib/tla2tools.jar!/tla2sany/StandardModules/Integers.tla)
Parsing file /home/ubuntu/nvflare-runs-20260913/scratch/fedavg/tmp/tlc-18147331099202127877/Sequences.tla (jar:file:/home/ubuntu/nvflare-runs-20260913/specula/lib/tla2tools.jar!/tla2sany/StandardModules/Sequences.tla)
Parsing file /home/ubuntu/nvflare-runs-20260913/scratch/fedavg/tmp/tlc-18147331099202127877/FiniteSets.tla (jar:file:/home/ubuntu/nvflare-runs-20260913/specula/lib/tla2tools.jar!/tla2sany/StandardModules/FiniteSets.tla)
Parsing file /home/ubuntu/nvflare-runs-20260913/scratch/fedavg/tmp/tlc-18147331099202127877/TLC.tla (jar:file:/home/ubuntu/nvflare-runs-20260913/specula/lib/tla2tools.jar!/tla2sany/StandardModules/TLC.tla)
Parsing file /home/ubuntu/nvflare-runs-20260913/scratch/fedavg/tmp/tlc-18147331099202127877/TLCExt.tla (jar:file:/home/ubuntu/nvflare-runs-20260913/specula/lib/tla2tools.jar!/tla2sany/StandardModules/TLCExt.tla)
Parsing file /home/ubuntu/nvflare-runs-20260913/scratch/fedavg/tmp/tlc-18147331099202127877/Json.tla (jar:file:/home/ubuntu/nvflare-runs-20260913/specula/lib/tla2tools.jar!/tla2sany/StandardModules/Json.tla)
Semantic processing of module Naturals
Semantic processing of module Integers
Semantic processing of module Sequences
Semantic processing of module FiniteSets
Semantic processing of module TLC
Semantic processing of module base
Semantic processing of module TLCExt
Semantic processing of module Json
Semantic processing of module _JsonTrace
Semantic processing of module _TLCTrace
Semantic processing of module MC
Linting of module base
Linting of module TLCExt
Linting of module Json
Linting of module _JsonTrace
Linting of module _TLCTrace
Linting of module MC
Starting... (2026-09-13 11:34:05)
Computing initial states...
Finished computing initial states: 1 distinct state generated at 2026-09-13 11:34:06.
Progress(32) at 2026-09-13 11:34:09: 1,629,231 states generated (1,629,231 s/min), 366,921 distinct states found (366,921 ds/min), 71,375 states left on queue.
Progress(53) at 2026-09-13 11:35:09: 49,771,790 states generated (48,142,559 s/min), 10,941,409 distinct states found (10,574,488 ds/min), 1,353,266 states left on queue.
Progress(58) at 2026-09-13 11:36:09: 98,501,168 states generated (48,729,378 s/min), 21,610,486 distinct states found (10,669,077 ds/min), 2,392,397 states left on queue.
Progress(62) at 2026-09-13 11:37:09: 146,363,971 states generated (47,862,803 s/min), 32,011,381 distinct states found (10,400,895 ds/min), 3,275,641 states left on queue.
Progress(64) at 2026-09-13 11:38:09: 191,104,082 states generated (44,740,111 s/min), 41,776,376 distinct states found (9,764,995 ds/min), 4,054,325 states left on queue.
Progress(66) at 2026-09-13 11:39:09: 237,068,005 states generated (45,963,923 s/min), 51,750,379 distinct states found (9,974,003 ds/min), 4,869,615 states left on queue.
Progress(68) at 2026-09-13 11:40:09: 280,369,409 states generated (43,301,404 s/min), 61,135,608 distinct states found (9,385,229 ds/min), 5,574,181 states left on queue.
Progress(70) at 2026-09-13 11:41:09: 325,058,191 states generated (44,688,782 s/min), 70,771,879 distinct states found (9,636,271 ds/min), 6,277,898 states left on queue.
Progress(71) at 2026-09-13 11:42:09: 370,005,669 states generated (44,947,478 s/min), 80,586,786 distinct states found (9,814,907 ds/min), 6,993,385 states left on queue.
Progress(72) at 2026-09-13 11:43:09: 414,679,967 states generated (44,674,298 s/min), 90,335,485 distinct states found (9,748,699 ds/min), 7,723,598 states left on queue.
Checkpointing of run /home/ubuntu/nvflare-runs-20260913/scratch/fedavg/tlc/tlc-states-IcLuwn/26-09-13-11-34-05.386
Checkpointing completed at (2026-09-13 11:44:09)
Progress(74) at 2026-09-13 11:44:09: 459,201,056 states generated (44,521,089 s/min), 100,044,919 distinct states found (9,709,434 ds/min), 8,438,018 states left on queue.
Progress(75) at 2026-09-13 11:45:09: 504,947,720 states generated (45,746,664 s/min), 110,021,434 distinct states found (9,976,515 ds/min), 9,217,039 states left on queue.
Progress(76) at 2026-09-13 11:46:09: 549,598,337 states generated (44,650,617 s/min), 119,803,778 distinct states found (9,782,344 ds/min), 10,032,565 states left on queue.
Progress(77) at 2026-09-13 11:47:09: 595,376,169 states generated (45,777,832 s/min), 129,864,677 distinct states found (10,060,899 ds/min), 10,907,183 states left on queue.
Progress(77) at 2026-09-13 11:48:09: 640,642,894 states generated (45,266,725 s/min), 139,808,686 distinct states found (9,944,009 ds/min), 11,783,908 states left on queue.
Progress(78) at 2026-09-13 11:49:09: 685,259,937 states generated (44,617,043 s/min), 149,612,892 distinct states found (9,804,206 ds/min), 12,663,646 states left on queue.
Progress(79) at 2026-09-13 11:50:09: 729,668,091 states generated (44,408,154 s/min), 159,282,525 distinct states found (9,669,633 ds/min), 13,447,783 states left on queue.
Progress(80) at 2026-09-13 11:51:09: 775,675,645 states generated (46,007,554 s/min), 169,347,086 distinct states found (10,064,561 ds/min), 14,312,474 states left on queue.
Progress(80) at 2026-09-13 11:52:09: 820,576,287 states generated (44,900,642 s/min), 179,259,280 distinct states found (9,912,194 ds/min), 15,164,237 states left on queue.
Progress(81) at 2026-09-13 11:53:09: 866,371,396 states generated (45,795,109 s/min), 189,244,705 distinct states found (9,985,425 ds/min), 15,932,449 states left on queue.
Checkpointing of run /home/ubuntu/nvflare-runs-20260913/scratch/fedavg/tlc/tlc-states-IcLuwn/26-09-13-11-34-05.386
Checkpointing completed at (2026-09-13 11:54:19)
Progress(82) at 2026-09-13 11:54:19: 921,112,928 states generated (54,741,532 s/min), 201,248,391 distinct states found (12,003,686 ds/min), 16,874,131 states left on queue.
Progress(82) at 2026-09-13 11:55:19: 967,891,574 states generated (46,778,646 s/min), 211,601,018 distinct states found (10,352,627 ds/min), 17,768,844 states left on queue.
Progress(83) at 2026-09-13 11:56:19: 1,014,765,215 states generated (46,873,641 s/min), 221,729,740 distinct states found (10,128,722 ds/min), 18,488,332 states left on queue.
Progress(83) at 2026-09-13 11:57:19: 1,059,729,435 states generated (44,964,220 s/min), 231,812,823 distinct states found (10,083,083 ds/min), 19,413,516 states left on queue.
Progress(84) at 2026-09-13 11:58:19: 1,106,510,606 states generated (46,781,171 s/min), 241,886,427 distinct states found (10,073,604 ds/min), 20,089,851 states left on queue.
Progress(84) at 2026-09-13 11:59:19: 1,153,161,448 states generated (46,650,842 s/min), 252,369,953 distinct states found (10,483,526 ds/min), 21,064,700 states left on queue.
Progress(85) at 2026-09-13 12:00:19: 1,199,767,138 states generated (46,605,690 s/min), 262,456,783 distinct states found (10,086,830 ds/min), 21,777,347 states left on queue.
Progress(85) at 2026-09-13 12:01:19: 1,244,432,155 states generated (44,665,017 s/min), 272,329,577 distinct states found (9,872,794 ds/min), 22,524,518 states left on queue.
Progress(85) at 2026-09-13 12:02:19: 1,289,851,994 states generated (45,419,839 s/min), 282,346,374 distinct states found (10,016,797 ds/min), 23,459,903 states left on queue.
Progress(86) at 2026-09-13 12:03:19: 1,334,981,180 states generated (45,129,186 s/min), 292,238,651 distinct states found (9,892,277 ds/min), 24,216,269 states left on queue.

[0;32m================================[0m
[1;33m⚠ Timed out[0m
[0;32m================================[0m
