[0;32m================================[0m
[0;32mTLC Model Checking Mode[0m
[0;32m================================[0m
Spec File:       MC.tla
Config File:     MC.cfg
Memory Limit:    16G
Off-heap Memory: 32G
Workers:         16
Timeout:         30 minutes
[0;34m--- Model Checking Settings ---[0m
Depth Limit:     0
Checkpoint:      10 minutes
Log File:        /home/ubuntu/specula-nvflare-gpt-continuation-20260926/framework/runs/gpt-continuation/nvflare-job/.specula-output/.tlc-tasks/jobs/516f96f2be6e4ec4bc47f19106690ca5/tlc.log
[0;32m================================[0m
[1;33mExecuting Command:[0m
java -XX:+UseParallelGC -Dtlc2.tool.fp.FPSet.impl=tlc2.tool.fp.OffHeapDiskFPSet -XX:MaxDirectMemorySize=32G -Xmx16G -Xms16G -cp /home/ubuntu/specula-nvflare-gpt-continuation-20260926/framework/lib/CommunityModules-deps.jar:/home/ubuntu/specula-nvflare-gpt-continuation-20260926/framework/lib/tla2tools.jar tlc2.TLC -config MC.cfg MC.tla -workers 16 -deadlock -checkpoint 10 -dumptrace json /home/ubuntu/specula-nvflare-gpt-continuation-20260926/framework/runs/gpt-continuation/nvflare-job/.specula-output/spec/output/continuation-C7-MC-resume/counterexample.json -metadir /home/ubuntu/specula-nvflare-gpt-continuation-20260926/framework/runs/gpt-continuation/nvflare-job/.specula-output/.tlc-state/tlc-states-1v9HIF 

TLC resource budget (Specula run gpt-continuation):
  memory source: user config (64G)
  external memory use: not included in this configured run bound
  memory limit: 64 GiB
  active TLC reserved before request: 0 bytes (this agent: 0 bytes)
  this request: 48 GiB (heap 16 GiB + off-heap 32 GiB)
  remaining before request: 64 GiB
  remaining after admission: 16 GiB
  worker limit: 16
  active TLC workers before request: 0 (this agent: 0)
  this request workers: 16 (16)
  remaining workers before request: 16
  remaining workers after admission: 0
  result: admitted
TLC2 Version 2026.09.23.154203 (rev: 4260e47)
Running breadth-first search Model-Checking with fp 44 and seed -4600302994250187267 with 16 workers on 16 cores with 15701MB heap and 32768MB offheap memory [pid: 3147778] (Linux 6.8.0-1044-azure amd64, Ubuntu 21.0.11 64bit, OffHeapDiskFPSet, DiskStateQueue).
Parsing file /home/ubuntu/specula-nvflare-gpt-continuation-20260926/framework/runs/gpt-continuation/nvflare-job/.specula-output/spec/output/continuation-C7-MC-resume/MC.tla
Parsing file /home/ubuntu/specula-nvflare-gpt-continuation-20260926/framework/runs/gpt-continuation/nvflare-job/.specula-output/spec/output/continuation-C7-MC-resume/base.tla
Parsing file /tmp/tlc-3218149338292295103/_JsonTrace.tla (jar:file:/home/ubuntu/specula-nvflare-gpt-continuation-20260926/framework/lib/tla2tools.jar!/tla2sany/StandardModules/_JsonTrace.tla)
Parsing file /tmp/tlc-3218149338292295103/_TLCTrace.tla (jar:file:/home/ubuntu/specula-nvflare-gpt-continuation-20260926/framework/lib/tla2tools.jar!/tla2sany/StandardModules/_TLCTrace.tla)
Parsing file /tmp/tlc-3218149338292295103/Integers.tla (jar:file:/home/ubuntu/specula-nvflare-gpt-continuation-20260926/framework/lib/tla2tools.jar!/tla2sany/StandardModules/Integers.tla)
Parsing file /tmp/tlc-3218149338292295103/Sequences.tla (jar:file:/home/ubuntu/specula-nvflare-gpt-continuation-20260926/framework/lib/tla2tools.jar!/tla2sany/StandardModules/Sequences.tla)
Parsing file /tmp/tlc-3218149338292295103/FiniteSets.tla (jar:file:/home/ubuntu/specula-nvflare-gpt-continuation-20260926/framework/lib/tla2tools.jar!/tla2sany/StandardModules/FiniteSets.tla)
Parsing file /tmp/tlc-3218149338292295103/TLC.tla (jar:file:/home/ubuntu/specula-nvflare-gpt-continuation-20260926/framework/lib/tla2tools.jar!/tla2sany/StandardModules/TLC.tla)
Parsing file /tmp/tlc-3218149338292295103/Naturals.tla (jar:file:/home/ubuntu/specula-nvflare-gpt-continuation-20260926/framework/lib/tla2tools.jar!/tla2sany/StandardModules/Naturals.tla)
Parsing file /tmp/tlc-3218149338292295103/TLCExt.tla (jar:file:/home/ubuntu/specula-nvflare-gpt-continuation-20260926/framework/lib/tla2tools.jar!/tla2sany/StandardModules/TLCExt.tla)
Parsing file /tmp/tlc-3218149338292295103/Json.tla (jar:file:/home/ubuntu/specula-nvflare-gpt-continuation-20260926/framework/lib/tla2tools.jar!/tla2sany/StandardModules/Json.tla)
Semantic processing of module Naturals
Semantic processing of module Integers
Semantic processing of module Sequences
Semantic processing of module FiniteSets
Semantic processing of module TLC
Semantic processing of module base
Semantic processing of module TLCExt
Semantic processing of module Json
Semantic processing of module _JsonTrace
Semantic processing of module _TLCTrace
Semantic processing of module MC
Linting of module base
Linting of module TLCExt
Linting of module Json
Linting of module _JsonTrace
Linting of module _TLCTrace
Linting of module MC
Starting... (2026-09-26 12:18:38)
Computing initial states...
Finished computing initial states: 1 distinct state generated at 2026-09-26 12:18:39.
Progress(27) at 2026-09-26 12:18:42: 402,086 states generated (402,086 s/min), 89,168 distinct states found (89,168 ds/min), 29,363 states left on queue.
Progress(34) at 2026-09-26 12:19:42: 14,040,527 states generated (13,638,441 s/min), 2,877,376 distinct states found (2,788,208 ds/min), 1,200,201 states left on queue.
Progress(35) at 2026-09-26 12:20:42: 27,969,512 states generated (13,928,985 s/min), 5,613,063 distinct states found (2,735,687 ds/min), 2,400,560 states left on queue.
Progress(36) at 2026-09-26 12:21:42: 41,722,778 states generated (13,753,266 s/min), 8,304,191 distinct states found (2,691,128 ds/min), 3,578,493 states left on queue.
Progress(36) at 2026-09-26 12:22:42: 55,747,551 states generated (14,024,773 s/min), 11,033,515 distinct states found (2,729,324 ds/min), 4,792,258 states left on queue.
Progress(37) at 2026-09-26 12:23:42: 70,329,591 states generated (14,582,040 s/min), 13,720,543 distinct states found (2,687,028 ds/min), 5,992,400 states left on queue.
Progress(37) at 2026-09-26 12:24:42: 84,259,037 states generated (13,929,446 s/min), 16,481,283 distinct states found (2,760,740 ds/min), 7,274,573 states left on queue.
Progress(37) at 2026-09-26 12:25:42: 98,680,329 states generated (14,421,292 s/min), 19,146,691 distinct states found (2,665,408 ds/min), 8,438,369 states left on queue.
Progress(37) at 2026-09-26 12:26:42: 113,191,288 states generated (14,510,959 s/min), 21,807,877 distinct states found (2,661,186 ds/min), 9,613,075 states left on queue.
Progress(38) at 2026-09-26 12:27:42: 127,823,233 states generated (14,631,945 s/min), 24,427,243 distinct states found (2,619,366 ds/min), 10,755,048 states left on queue.
Checkpointing of run /home/ubuntu/specula-nvflare-gpt-continuation-20260926/framework/runs/gpt-continuation/nvflare-job/.specula-output/.tlc-state/tlc-states-1v9HIF/26-09-26-12-18-38.094
Checkpointing completed at (2026-09-26 12:28:42)
Progress(38) at 2026-09-26 12:28:42: 141,939,502 states generated (14,116,269 s/min), 27,173,147 distinct states found (2,745,904 ds/min), 12,040,771 states left on queue.
Progress(38) at 2026-09-26 12:29:42: 156,171,279 states generated (14,231,777 s/min), 29,902,410 distinct states found (2,729,263 ds/min), 13,323,658 states left on queue.
Progress(38) at 2026-09-26 12:30:42: 171,018,382 states generated (14,847,103 s/min), 32,476,000 distinct states found (2,573,590 ds/min), 14,456,413 states left on queue.
Progress(38) at 2026-09-26 12:31:42: 184,960,366 states generated (13,941,984 s/min), 35,068,653 distinct states found (2,592,653 ds/min), 15,514,345 states left on queue.
Progress(38) at 2026-09-26 12:32:42: 199,308,448 states generated (14,348,082 s/min), 37,649,465 distinct states found (2,580,812 ds/min), 16,644,683 states left on queue.
Progress(38) at 2026-09-26 12:33:42: 214,716,807 states generated (15,408,359 s/min), 40,172,537 distinct states found (2,523,072 ds/min), 17,681,818 states left on queue.
Progress(38) at 2026-09-26 12:34:42: 229,432,855 states generated (14,716,048 s/min), 42,723,812 distinct states found (2,551,275 ds/min), 18,787,219 states left on queue.
Progress(39) at 2026-09-26 12:35:42: 243,385,894 states generated (13,953,039 s/min), 45,474,300 distinct states found (2,750,488 ds/min), 20,097,725 states left on queue.
Progress(39) at 2026-09-26 12:36:42: 257,483,253 states generated (14,097,359 s/min), 48,161,885 distinct states found (2,687,585 ds/min), 21,335,456 states left on queue.
Progress(39) at 2026-09-26 12:37:42: 271,292,624 states generated (13,809,371 s/min), 50,779,285 distinct states found (2,617,400 ds/min), 22,485,433 states left on queue.
Checkpointing of run /home/ubuntu/specula-nvflare-gpt-continuation-20260926/framework/runs/gpt-continuation/nvflare-job/.specula-output/.tlc-state/tlc-states-1v9HIF/26-09-26-12-18-38.094
Checkpointing completed at (2026-09-26 12:38:44)
Progress(39) at 2026-09-26 12:38:44: 286,287,656 states generated (14,995,032 s/min), 53,408,254 distinct states found (2,628,969 ds/min), 23,777,558 states left on queue.
Progress(39) at 2026-09-26 12:39:44: 301,248,310 states generated (14,960,654 s/min), 55,978,191 distinct states found (2,569,937 ds/min), 24,952,884 states left on queue.
Progress(39) at 2026-09-26 12:40:44: 316,366,870 states generated (15,118,560 s/min), 58,498,098 distinct states found (2,519,907 ds/min), 25,970,667 states left on queue.
Progress(39) at 2026-09-26 12:41:44: 330,578,992 states generated (14,212,122 s/min), 61,021,303 distinct states found (2,523,205 ds/min), 26,980,950 states left on queue.
Progress(39) at 2026-09-26 12:42:44: 344,577,186 states generated (13,998,194 s/min), 63,615,544 distinct states found (2,594,241 ds/min), 28,029,864 states left on queue.
Progress(39) at 2026-09-26 12:43:44: 358,774,793 states generated (14,197,607 s/min), 66,135,055 distinct states found (2,519,511 ds/min), 29,150,196 states left on queue.
Progress(39) at 2026-09-26 12:44:44: 374,451,687 states generated (15,676,894 s/min), 68,612,313 distinct states found (2,477,258 ds/min), 30,124,984 states left on queue.
Progress(39) at 2026-09-26 12:45:44: 389,978,704 states generated (15,527,017 s/min), 71,094,844 distinct states found (2,482,531 ds/min), 31,130,120 states left on queue.
Progress(39) at 2026-09-26 12:46:44: 405,257,354 states generated (15,278,650 s/min), 73,502,738 distinct states found (2,407,894 ds/min), 32,062,259 states left on queue.
Progress(40) at 2026-09-26 12:47:44: 419,928,659 states generated (14,671,305 s/min), 76,111,186 distinct states found (2,608,448 ds/min), 33,238,676 states left on queue.

[0;32m================================[0m
[1;33m⚠ Timed out[0m
[0;32m================================[0m
