[0;32m================================[0m
[0;32mTLC Model Checking Mode[0m
[0;32m================================[0m
Spec File:       MC.tla
Config File:     MC_hunt_s4_budgets.cfg
Memory Limit:    16G
Off-heap Memory: 48G
Workers:         28
Timeout:         30 minutes
[0;34m--- Model Checking Settings ---[0m
Depth Limit:     0
Checkpoint:      10 minutes
Log File:        /home/ubuntu/nvflare-runs-20260913/specula/runs/nvflare-transfer-20260913/nvflare-transfer/.specula-output/.tlc-tasks/jobs/09af1af5eef94da8a6891976bd9c5d76/tlc.log
[0;32m================================[0m
[1;33mExecuting Command:[0m
java -XX:+UseParallelGC -Dtlc2.tool.fp.FPSet.impl=tlc2.tool.fp.OffHeapDiskFPSet -XX:MaxDirectMemorySize=48G -Xmx16G -Xms16G -cp /home/ubuntu/nvflare-runs-20260913/specula/lib/CommunityModules-deps.jar:/home/ubuntu/nvflare-runs-20260913/specula/lib/tla2tools.jar tlc2.TLC -config MC_hunt_s4_budgets.cfg MC.tla -workers 28 -deadlock -checkpoint 10 -dumptrace json /home/ubuntu/nvflare-runs-20260913/specula/runs/nvflare-transfer-20260913/nvflare-transfer/.specula-output/spec/output/MC_hunt_s4_budgets_bfs_counterexample.json -metadir /home/ubuntu/nvflare-runs-20260913/scratch/transfer/tlc/tlc-states-9v9d2a 

TLC resource budget (Specula run nvflare-transfer-20260913):
  memory source: user config (128G)
  external memory use: not included in this configured run bound
  memory limit: 128 GiB
  active TLC reserved before request: 36 GiB (this agent: 36 GiB)
  this request: 64 GiB (heap 16 GiB + off-heap 48 GiB)
  remaining before request: 92 GiB
  remaining after admission: 28 GiB
  worker limit: 40
  active TLC workers before request: 12 (this agent: 12)
  this request workers: 28 (28)
  remaining workers before request: 28
  remaining workers after admission: 0
  result: admitted
Picked up JAVA_TOOL_OPTIONS: -Djava.io.tmpdir=/home/ubuntu/nvflare-runs-20260913/scratch/transfer/tmp
TLC2 Version 2.20 of Day Month 20?? (rev: ${git.shortRevision})
Running breadth-first search Model-Checking with fp 113 and seed 5753664228775633580 with 28 workers on 80 cores with 15701MB heap and 49152MB offheap memory [pid: 800836] (Linux 6.8.0-1044-azure amd64, Ubuntu 21.0.11 x86_64, OffHeapDiskFPSet, DiskStateQueue).
Parsing file /home/ubuntu/nvflare-runs-20260913/specula/runs/nvflare-transfer-20260913/nvflare-transfer/.specula-output/spec/MC.tla (file:/home/ubuntu/nvflare-runs-20260913/specula/runs/nvflare-transfer-20260913/nvflare-transfer/.specula-output/spec/output/hunts/MC_hunt_s4_budgets/MC.tla)
Parsing file /home/ubuntu/nvflare-runs-20260913/specula/runs/nvflare-transfer-20260913/nvflare-transfer/.specula-output/spec/base.tla (file:/home/ubuntu/nvflare-runs-20260913/specula/runs/nvflare-transfer-20260913/nvflare-transfer/.specula-output/spec/output/hunts/MC_hunt_s4_budgets/base.tla)
Parsing file /home/ubuntu/nvflare-runs-20260913/scratch/transfer/tmp/tlc-5625999977659806332/_JsonTrace.tla (jar:file:/home/ubuntu/nvflare-runs-20260913/specula/lib/tla2tools.jar!/tla2sany/StandardModules/_JsonTrace.tla)
Parsing file /home/ubuntu/nvflare-runs-20260913/scratch/transfer/tmp/tlc-5625999977659806332/_TLCTrace.tla (jar:file:/home/ubuntu/nvflare-runs-20260913/specula/lib/tla2tools.jar!/tla2sany/StandardModules/_TLCTrace.tla)
Parsing file /home/ubuntu/nvflare-runs-20260913/scratch/transfer/tmp/tlc-5625999977659806332/Naturals.tla (jar:file:/home/ubuntu/nvflare-runs-20260913/specula/lib/tla2tools.jar!/tla2sany/StandardModules/Naturals.tla)
Parsing file /home/ubuntu/nvflare-runs-20260913/scratch/transfer/tmp/tlc-5625999977659806332/Integers.tla (jar:file:/home/ubuntu/nvflare-runs-20260913/specula/lib/tla2tools.jar!/tla2sany/StandardModules/Integers.tla)
Parsing file /home/ubuntu/nvflare-runs-20260913/scratch/transfer/tmp/tlc-5625999977659806332/FiniteSets.tla (jar:file:/home/ubuntu/nvflare-runs-20260913/specula/lib/tla2tools.jar!/tla2sany/StandardModules/FiniteSets.tla)
Parsing file /home/ubuntu/nvflare-runs-20260913/scratch/transfer/tmp/tlc-5625999977659806332/Sequences.tla (jar:file:/home/ubuntu/nvflare-runs-20260913/specula/lib/tla2tools.jar!/tla2sany/StandardModules/Sequences.tla)
Parsing file /home/ubuntu/nvflare-runs-20260913/scratch/transfer/tmp/tlc-5625999977659806332/TLC.tla (jar:file:/home/ubuntu/nvflare-runs-20260913/specula/lib/tla2tools.jar!/tla2sany/StandardModules/TLC.tla)
Parsing file /home/ubuntu/nvflare-runs-20260913/scratch/transfer/tmp/tlc-5625999977659806332/TLCExt.tla (jar:file:/home/ubuntu/nvflare-runs-20260913/specula/lib/tla2tools.jar!/tla2sany/StandardModules/TLCExt.tla)
Parsing file /home/ubuntu/nvflare-runs-20260913/scratch/transfer/tmp/tlc-5625999977659806332/Json.tla (jar:file:/home/ubuntu/nvflare-runs-20260913/specula/lib/tla2tools.jar!/tla2sany/StandardModules/Json.tla)
Semantic processing of module Naturals
Semantic processing of module Integers
Semantic processing of module Sequences
Semantic processing of module FiniteSets
Semantic processing of module TLC
Semantic processing of module base
Semantic processing of module TLCExt
Semantic processing of module Json
Semantic processing of module _JsonTrace
Semantic processing of module _TLCTrace
Semantic processing of module MC
Linting of module base
Linting of module TLCExt
Linting of module Json
Linting of module _JsonTrace
Linting of module _TLCTrace
Linting of module MC
Starting... (2026-09-13 16:12:06)
Computing initial states...
Finished computing initial states: 1 distinct state generated at 2026-09-13 16:12:08.
Progress(13) at 2026-09-13 16:12:11: 456,900 states generated (456,900 s/min), 154,127 distinct states found (154,127 ds/min), 99,378 states left on queue.
Progress(17) at 2026-09-13 16:13:11: 21,911,674 states generated (21,454,774 s/min), 6,341,837 distinct states found (6,187,710 ds/min), 3,735,670 states left on queue.
Progress(18) at 2026-09-13 16:14:11: 43,480,611 states generated (21,568,937 s/min), 12,243,911 distinct states found (5,902,074 ds/min), 7,073,702 states left on queue.
Progress(18) at 2026-09-13 16:15:11: 65,344,495 states generated (21,863,884 s/min), 17,963,924 distinct states found (5,720,013 ds/min), 10,209,068 states left on queue.
Progress(19) at 2026-09-13 16:16:11: 87,059,126 states generated (21,714,631 s/min), 23,913,085 distinct states found (5,949,161 ds/min), 13,559,676 states left on queue.
Progress(19) at 2026-09-13 16:17:11: 108,917,281 states generated (21,858,155 s/min), 29,651,634 distinct states found (5,738,549 ds/min), 16,713,380 states left on queue.
Progress(19) at 2026-09-13 16:18:11: 130,811,507 states generated (21,894,226 s/min), 35,389,837 distinct states found (5,738,203 ds/min), 19,846,866 states left on queue.
Progress(19) at 2026-09-13 16:19:11: 153,199,925 states generated (22,388,418 s/min), 40,665,718 distinct states found (5,275,881 ds/min), 22,476,742 states left on queue.
Progress(20) at 2026-09-13 16:20:11: 175,380,495 states generated (22,180,570 s/min), 46,272,723 distinct states found (5,607,005 ds/min), 25,445,453 states left on queue.
Progress(20) at 2026-09-13 16:21:11: 196,854,103 states generated (21,473,608 s/min), 52,463,685 distinct states found (6,190,962 ds/min), 29,047,013 states left on queue.
Checkpointing of run /home/ubuntu/nvflare-runs-20260913/scratch/transfer/tlc/tlc-states-9v9d2a/26-09-13-16-12-06.419
Checkpointing completed at (2026-09-13 16:22:11)
Progress(20) at 2026-09-13 16:22:11: 218,915,191 states generated (22,061,088 s/min), 58,010,371 distinct states found (5,546,686 ds/min), 31,962,487 states left on queue.
Progress(20) at 2026-09-13 16:23:11: 240,891,225 states generated (21,976,034 s/min), 63,501,065 distinct states found (5,490,694 ds/min), 34,840,143 states left on queue.
Progress(20) at 2026-09-13 16:24:11: 262,716,700 states generated (21,825,475 s/min), 69,281,493 distinct states found (5,780,428 ds/min), 38,043,013 states left on queue.
Progress(20) at 2026-09-13 16:25:11: 284,871,952 states generated (22,155,252 s/min), 74,718,395 distinct states found (5,436,902 ds/min), 40,855,529 states left on queue.
Progress(20) at 2026-09-13 16:26:11: 307,356,273 states generated (22,484,321 s/min), 79,883,920 distinct states found (5,165,525 ds/min), 43,345,416 states left on queue.
Progress(20) at 2026-09-13 16:27:11: 330,062,557 states generated (22,706,284 s/min), 85,261,214 distinct states found (5,377,294 ds/min), 46,026,991 states left on queue.
Progress(20) at 2026-09-13 16:28:11: 353,240,132 states generated (23,177,575 s/min), 90,071,725 distinct states found (4,810,511 ds/min), 48,096,383 states left on queue.
Progress(21) at 2026-09-13 16:29:11: 375,810,205 states generated (22,570,073 s/min), 95,811,735 distinct states found (5,740,010 ds/min), 51,141,965 states left on queue.
Progress(21) at 2026-09-13 16:30:11: 397,825,982 states generated (22,015,777 s/min), 102,058,275 distinct states found (6,246,540 ds/min), 54,748,319 states left on queue.
Progress(21) at 2026-09-13 16:31:11: 419,909,775 states generated (22,083,793 s/min), 108,155,982 distinct states found (6,097,707 ds/min), 58,199,152 states left on queue.
Checkpointing of run /home/ubuntu/nvflare-runs-20260913/scratch/transfer/tlc/tlc-states-9v9d2a/26-09-13-16-12-06.419
Checkpointing completed at (2026-09-13 16:32:15)
Progress(21) at 2026-09-13 16:32:15: 443,268,388 states generated (23,358,613 s/min), 114,572,949 distinct states found (6,416,967 ds/min), 61,764,551 states left on queue.
Progress(21) at 2026-09-13 16:33:15: 465,905,638 states generated (22,637,250 s/min), 120,051,392 distinct states found (5,478,443 ds/min), 64,512,677 states left on queue.
Progress(21) at 2026-09-13 16:34:15: 488,524,491 states generated (22,618,853 s/min), 125,386,733 distinct states found (5,335,341 ds/min), 67,164,239 states left on queue.
Progress(21) at 2026-09-13 16:35:15: 511,157,434 states generated (22,632,943 s/min), 130,833,276 distinct states found (5,446,543 ds/min), 69,877,109 states left on queue.
Progress(21) at 2026-09-13 16:36:15: 533,934,120 states generated (22,776,686 s/min), 136,177,721 distinct states found (5,344,445 ds/min), 72,535,891 states left on queue.
Progress(21) at 2026-09-13 16:37:15: 556,399,394 states generated (22,465,274 s/min), 142,030,795 distinct states found (5,853,074 ds/min), 75,748,810 states left on queue.
Progress(21) at 2026-09-13 16:38:15: 578,744,764 states generated (22,345,370 s/min), 147,735,020 distinct states found (5,704,225 ds/min), 78,787,719 states left on queue.
Progress(21) at 2026-09-13 16:39:15: 601,266,723 states generated (22,521,959 s/min), 153,039,989 distinct states found (5,304,969 ds/min), 81,405,040 states left on queue.
Progress(21) at 2026-09-13 16:40:15: 623,983,642 states generated (22,716,919 s/min), 158,362,156 distinct states found (5,322,167 ds/min), 84,052,083 states left on queue.
Progress(21) at 2026-09-13 16:41:15: 646,515,586 states generated (22,531,944 s/min), 163,706,943 distinct states found (5,344,787 ds/min), 86,654,088 states left on queue.

[0;32m================================[0m
[1;33m⚠ Timed out[0m
[0;32m================================[0m
