[0;32m================================[0m
[0;32mTLC Model Checking Mode[0m
[0;32m================================[0m
Spec File:       MC.tla
Config File:     MC.cfg
Memory Limit:    16G
Off-heap Memory: 48G
Workers:         40
Timeout:         30 minutes
[0;34m--- Model Checking Settings ---[0m
Depth Limit:     0
Checkpoint:      10 minutes
Log File:        /home/ubuntu/nvflare-runs-20260913/specula/runs/nvflare-transfer-20260913/nvflare-transfer/.specula-output/.tlc-tasks/jobs/4c9dcdd22c6e4dbea826f46a7147297b/tlc.log
[0;32m================================[0m
[1;33mExecuting Command:[0m
java -XX:+UseParallelGC -Dtlc2.tool.fp.FPSet.impl=tlc2.tool.fp.OffHeapDiskFPSet -XX:MaxDirectMemorySize=48G -Xmx16G -Xms16G -cp /home/ubuntu/nvflare-runs-20260913/specula/lib/CommunityModules-deps.jar:/home/ubuntu/nvflare-runs-20260913/specula/lib/tla2tools.jar tlc2.TLC -config MC.cfg MC.tla -workers 40 -deadlock -checkpoint 10 -dumptrace json output/MC_round1_counterexample.json -metadir /home/ubuntu/nvflare-runs-20260913/scratch/transfer/tlc/tlc-states-DxIHXa 

TLC resource budget (Specula run nvflare-transfer-20260913):
  memory source: user config (128G)
  external memory use: not included in this configured run bound
  memory limit: 128 GiB
  active TLC reserved before request: 0 bytes (this agent: 0 bytes)
  this request: 64 GiB (heap 16 GiB + off-heap 48 GiB)
  remaining before request: 128 GiB
  remaining after admission: 64 GiB
  worker limit: 40
  active TLC workers before request: 0 (this agent: 0)
  this request workers: 40 (40)
  remaining workers before request: 40
  remaining workers after admission: 0
  result: admitted
Picked up JAVA_TOOL_OPTIONS: -Djava.io.tmpdir=/home/ubuntu/nvflare-runs-20260913/scratch/transfer/tmp
TLC2 Version 2.20 of Day Month 20?? (rev: ${git.shortRevision})
Running breadth-first search Model-Checking with fp 22 and seed 7384619052118937528 with 40 workers on 80 cores with 15701MB heap and 49152MB offheap memory [pid: 680377] (Linux 6.8.0-1044-azure amd64, Ubuntu 21.0.11 x86_64, OffHeapDiskFPSet, DiskStateQueue).
Parsing file /home/ubuntu/nvflare-runs-20260913/specula/runs/nvflare-transfer-20260913/nvflare-transfer/.specula-output/spec/MC.tla
Parsing file /home/ubuntu/nvflare-runs-20260913/specula/runs/nvflare-transfer-20260913/nvflare-transfer/.specula-output/spec/base.tla
Parsing file /home/ubuntu/nvflare-runs-20260913/scratch/transfer/tmp/tlc-16828603104012523284/_JsonTrace.tla (jar:file:/home/ubuntu/nvflare-runs-20260913/specula/lib/tla2tools.jar!/tla2sany/StandardModules/_JsonTrace.tla)
Parsing file /home/ubuntu/nvflare-runs-20260913/scratch/transfer/tmp/tlc-16828603104012523284/_TLCTrace.tla (jar:file:/home/ubuntu/nvflare-runs-20260913/specula/lib/tla2tools.jar!/tla2sany/StandardModules/_TLCTrace.tla)
Parsing file /home/ubuntu/nvflare-runs-20260913/scratch/transfer/tmp/tlc-16828603104012523284/Naturals.tla (jar:file:/home/ubuntu/nvflare-runs-20260913/specula/lib/tla2tools.jar!/tla2sany/StandardModules/Naturals.tla)
Parsing file /home/ubuntu/nvflare-runs-20260913/scratch/transfer/tmp/tlc-16828603104012523284/Integers.tla (jar:file:/home/ubuntu/nvflare-runs-20260913/specula/lib/tla2tools.jar!/tla2sany/StandardModules/Integers.tla)
Parsing file /home/ubuntu/nvflare-runs-20260913/scratch/transfer/tmp/tlc-16828603104012523284/FiniteSets.tla (jar:file:/home/ubuntu/nvflare-runs-20260913/specula/lib/tla2tools.jar!/tla2sany/StandardModules/FiniteSets.tla)
Parsing file /home/ubuntu/nvflare-runs-20260913/scratch/transfer/tmp/tlc-16828603104012523284/Sequences.tla (jar:file:/home/ubuntu/nvflare-runs-20260913/specula/lib/tla2tools.jar!/tla2sany/StandardModules/Sequences.tla)
Parsing file /home/ubuntu/nvflare-runs-20260913/scratch/transfer/tmp/tlc-16828603104012523284/TLC.tla (jar:file:/home/ubuntu/nvflare-runs-20260913/specula/lib/tla2tools.jar!/tla2sany/StandardModules/TLC.tla)
Parsing file /home/ubuntu/nvflare-runs-20260913/scratch/transfer/tmp/tlc-16828603104012523284/TLCExt.tla (jar:file:/home/ubuntu/nvflare-runs-20260913/specula/lib/tla2tools.jar!/tla2sany/StandardModules/TLCExt.tla)
Parsing file /home/ubuntu/nvflare-runs-20260913/scratch/transfer/tmp/tlc-16828603104012523284/Json.tla (jar:file:/home/ubuntu/nvflare-runs-20260913/specula/lib/tla2tools.jar!/tla2sany/StandardModules/Json.tla)
Semantic processing of module Naturals
Semantic processing of module Integers
Semantic processing of module Sequences
Semantic processing of module FiniteSets
Semantic processing of module TLC
Semantic processing of module base
Semantic processing of module TLCExt
Semantic processing of module Json
Semantic processing of module _JsonTrace
Semantic processing of module _TLCTrace
Semantic processing of module MC
Linting of module base
Linting of module TLCExt
Linting of module Json
Linting of module _JsonTrace
Linting of module _TLCTrace
Linting of module MC
Starting... (2026-09-13 15:40:44)
Computing initial states...
Finished computing initial states: 1 distinct state generated at 2026-09-13 15:40:45.
Progress(13) at 2026-09-13 15:40:48: 421,698 states generated (421,698 s/min), 142,709 distinct states found (142,709 ds/min), 92,140 states left on queue.
Progress(18) at 2026-09-13 15:41:48: 24,811,792 states generated (24,390,094 s/min), 7,168,633 distinct states found (7,025,924 ds/min), 4,225,756 states left on queue.
Progress(18) at 2026-09-13 15:42:48: 49,126,723 states generated (24,314,931 s/min), 13,896,651 distinct states found (6,728,018 ds/min), 8,077,678 states left on queue.
Progress(19) at 2026-09-13 15:43:48: 73,579,752 states generated (24,453,029 s/min), 20,604,938 distinct states found (6,708,287 ds/min), 11,912,549 states left on queue.
Progress(19) at 2026-09-13 15:44:48: 98,165,723 states generated (24,585,971 s/min), 27,165,764 distinct states found (6,560,826 ds/min), 15,572,990 states left on queue.
Progress(19) at 2026-09-13 15:45:48: 122,635,842 states generated (24,470,119 s/min), 33,765,584 distinct states found (6,599,820 ds/min), 19,289,589 states left on queue.
Progress(20) at 2026-09-13 15:46:48: 147,453,266 states generated (24,817,424 s/min), 40,394,325 distinct states found (6,628,741 ds/min), 23,017,663 states left on queue.
Progress(20) at 2026-09-13 15:47:48: 172,055,678 states generated (24,602,412 s/min), 46,935,889 distinct states found (6,541,564 ds/min), 26,675,787 states left on queue.
Progress(20) at 2026-09-13 15:48:48: 196,778,823 states generated (24,723,145 s/min), 53,547,091 distinct states found (6,611,202 ds/min), 30,380,314 states left on queue.
Progress(20) at 2026-09-13 15:49:48: 221,682,851 states generated (24,904,028 s/min), 59,900,206 distinct states found (6,353,115 ds/min), 33,808,689 states left on queue.
Checkpointing of run /home/ubuntu/nvflare-runs-20260913/scratch/transfer/tlc/tlc-states-DxIHXa/26-09-13-15-40-44.211
Checkpointing completed at (2026-09-13 15:50:48)
Progress(20) at 2026-09-13 15:50:48: 246,810,604 states generated (25,127,753 s/min), 66,222,127 distinct states found (6,321,921 ds/min), 37,156,942 states left on queue.
Progress(20) at 2026-09-13 15:51:48: 271,774,015 states generated (24,963,411 s/min), 72,830,884 distinct states found (6,608,757 ds/min), 40,840,882 states left on queue.
Progress(20) at 2026-09-13 15:52:48: 296,573,249 states generated (24,799,234 s/min), 79,385,602 distinct states found (6,554,718 ds/min), 44,490,456 states left on queue.
Progress(20) at 2026-09-13 15:53:48: 321,870,303 states generated (25,297,054 s/min), 85,812,540 distinct states found (6,426,938 ds/min), 47,962,258 states left on queue.
Progress(21) at 2026-09-13 15:54:48: 346,886,880 states generated (25,016,577 s/min), 92,581,780 distinct states found (6,769,240 ds/min), 51,802,258 states left on queue.
Progress(21) at 2026-09-13 15:55:48: 371,870,775 states generated (24,983,895 s/min), 99,161,207 distinct states found (6,579,427 ds/min), 55,460,554 states left on queue.
Progress(21) at 2026-09-13 15:56:48: 396,952,040 states generated (25,081,265 s/min), 105,602,179 distinct states found (6,440,972 ds/min), 58,994,254 states left on queue.
Progress(21) at 2026-09-13 15:57:48: 421,840,618 states generated (24,888,578 s/min), 112,232,716 distinct states found (6,630,537 ds/min), 62,670,331 states left on queue.
Progress(21) at 2026-09-13 15:58:48: 446,920,773 states generated (25,080,155 s/min), 118,490,736 distinct states found (6,258,020 ds/min), 66,005,633 states left on queue.
Progress(21) at 2026-09-13 15:59:48: 471,706,850 states generated (24,786,077 s/min), 125,011,682 distinct states found (6,520,946 ds/min), 69,601,074 states left on queue.
Checkpointing of run /home/ubuntu/nvflare-runs-20260913/scratch/transfer/tlc/tlc-states-DxIHXa/26-09-13-15-40-44.211
Checkpointing completed at (2026-09-13 16:00:52)
Progress(21) at 2026-09-13 16:00:52: 498,807,978 states generated (27,101,128 s/min), 131,499,870 distinct states found (6,488,188 ds/min), 72,959,250 states left on queue.
Progress(21) at 2026-09-13 16:01:52: 523,962,485 states generated (25,154,507 s/min), 137,673,716 distinct states found (6,173,846 ds/min), 76,131,774 states left on queue.
Progress(21) at 2026-09-13 16:02:52: 549,263,646 states generated (25,301,161 s/min), 143,907,736 distinct states found (6,234,020 ds/min), 79,354,226 states left on queue.
Progress(21) at 2026-09-13 16:03:52: 575,158,891 states generated (25,895,245 s/min), 149,964,723 distinct states found (6,056,987 ds/min), 82,411,254 states left on queue.
Progress(21) at 2026-09-13 16:04:52: 600,378,383 states generated (25,219,492 s/min), 156,542,957 distinct states found (6,578,234 ds/min), 86,051,829 states left on queue.
Progress(21) at 2026-09-13 16:05:52: 625,036,972 states generated (24,658,589 s/min), 163,201,006 distinct states found (6,658,049 ds/min), 89,760,502 states left on queue.
Progress(21) at 2026-09-13 16:06:52: 650,369,406 states generated (25,332,434 s/min), 169,681,964 distinct states found (6,480,958 ds/min), 93,300,321 states left on queue.
Progress(21) at 2026-09-13 16:07:52: 675,796,004 states generated (25,426,598 s/min), 176,017,603 distinct states found (6,335,639 ds/min), 96,693,125 states left on queue.
Progress(21) at 2026-09-13 16:08:52: 700,943,418 states generated (25,147,414 s/min), 182,290,689 distinct states found (6,273,086 ds/min), 100,043,797 states left on queue.
Progress(21) at 2026-09-13 16:09:52: 726,661,713 states generated (25,718,295 s/min), 188,559,267 distinct states found (6,268,578 ds/min), 103,310,511 states left on queue.

[0;32m================================[0m
[1;33m⚠ Timed out[0m
[0;32m================================[0m
