[0;32m================================[0m
[0;32mTLC Model Checking Mode[0m
[0;32m================================[0m
Spec File:       MC.tla
Config File:     MC.cfg
Memory Limit:    16G
Off-heap Memory: 32G
Workers:         16
Timeout:         30 minutes
[0;34m--- Model Checking Settings ---[0m
Depth Limit:     0
Checkpoint:      10 minutes
Log File:        /home/ubuntu/specula-nvflare-gpt-continuation-20260926/framework/runs/gpt-continuation/nvflare-job/.specula-output/.tlc-tasks/jobs/baed9af9c7c048a8b58774f7c382d4a4/tlc.log
[0;32m================================[0m
[1;33mExecuting Command:[0m
java -XX:+UseParallelGC -Dtlc2.tool.fp.FPSet.impl=tlc2.tool.fp.OffHeapDiskFPSet -XX:MaxDirectMemorySize=32G -Xmx16G -Xms16G -cp /home/ubuntu/specula-nvflare-gpt-continuation-20260926/framework/lib/CommunityModules-deps.jar:/home/ubuntu/specula-nvflare-gpt-continuation-20260926/framework/lib/tla2tools.jar tlc2.TLC -config MC.cfg MC.tla -workers 16 -deadlock -checkpoint 10 -dumptrace json /home/ubuntu/specula-nvflare-gpt-continuation-20260926/framework/runs/gpt-continuation/nvflare-job/.specula-output/spec/output/continuation-C5-MC/counterexample.json -metadir /home/ubuntu/specula-nvflare-gpt-continuation-20260926/framework/runs/gpt-continuation/nvflare-job/.specula-output/.tlc-state/tlc-states-YRvixC 

TLC resource budget (Specula run gpt-continuation):
  memory source: user config (64G)
  external memory use: not included in this configured run bound
  memory limit: 64 GiB
  active TLC reserved before request: 0 bytes (this agent: 0 bytes)
  this request: 48 GiB (heap 16 GiB + off-heap 32 GiB)
  remaining before request: 64 GiB
  remaining after admission: 16 GiB
  worker limit: 16
  active TLC workers before request: 0 (this agent: 0)
  this request workers: 16 (16)
  remaining workers before request: 16
  remaining workers after admission: 0
  result: admitted
TLC2 Version 2026.09.23.154203 (rev: 4260e47)
Running breadth-first search Model-Checking with fp 92 and seed 4391795932735827112 with 16 workers on 16 cores with 15701MB heap and 32768MB offheap memory [pid: 2394072] (Linux 6.8.0-1044-azure amd64, Ubuntu 21.0.11 64bit, OffHeapDiskFPSet, DiskStateQueue).
Parsing file /home/ubuntu/specula-nvflare-gpt-continuation-20260926/framework/runs/gpt-continuation/nvflare-job/.specula-output/spec/output/continuation-C5-MC/MC.tla
Parsing file /home/ubuntu/specula-nvflare-gpt-continuation-20260926/framework/runs/gpt-continuation/nvflare-job/.specula-output/spec/output/continuation-C5-MC/base.tla
Parsing file /tmp/tlc-5104478472820998713/_JsonTrace.tla (jar:file:/home/ubuntu/specula-nvflare-gpt-continuation-20260926/framework/lib/tla2tools.jar!/tla2sany/StandardModules/_JsonTrace.tla)
Parsing file /tmp/tlc-5104478472820998713/_TLCTrace.tla (jar:file:/home/ubuntu/specula-nvflare-gpt-continuation-20260926/framework/lib/tla2tools.jar!/tla2sany/StandardModules/_TLCTrace.tla)
Parsing file /tmp/tlc-5104478472820998713/Integers.tla (jar:file:/home/ubuntu/specula-nvflare-gpt-continuation-20260926/framework/lib/tla2tools.jar!/tla2sany/StandardModules/Integers.tla)
Parsing file /tmp/tlc-5104478472820998713/Sequences.tla (jar:file:/home/ubuntu/specula-nvflare-gpt-continuation-20260926/framework/lib/tla2tools.jar!/tla2sany/StandardModules/Sequences.tla)
Parsing file /tmp/tlc-5104478472820998713/FiniteSets.tla (jar:file:/home/ubuntu/specula-nvflare-gpt-continuation-20260926/framework/lib/tla2tools.jar!/tla2sany/StandardModules/FiniteSets.tla)
Parsing file /tmp/tlc-5104478472820998713/TLC.tla (jar:file:/home/ubuntu/specula-nvflare-gpt-continuation-20260926/framework/lib/tla2tools.jar!/tla2sany/StandardModules/TLC.tla)
Parsing file /tmp/tlc-5104478472820998713/Naturals.tla (jar:file:/home/ubuntu/specula-nvflare-gpt-continuation-20260926/framework/lib/tla2tools.jar!/tla2sany/StandardModules/Naturals.tla)
Parsing file /tmp/tlc-5104478472820998713/TLCExt.tla (jar:file:/home/ubuntu/specula-nvflare-gpt-continuation-20260926/framework/lib/tla2tools.jar!/tla2sany/StandardModules/TLCExt.tla)
Parsing file /tmp/tlc-5104478472820998713/Json.tla (jar:file:/home/ubuntu/specula-nvflare-gpt-continuation-20260926/framework/lib/tla2tools.jar!/tla2sany/StandardModules/Json.tla)
Semantic processing of module Naturals
Semantic processing of module Integers
Semantic processing of module Sequences
Semantic processing of module FiniteSets
Semantic processing of module TLC
Semantic processing of module base
Semantic processing of module TLCExt
Semantic processing of module Json
Semantic processing of module _JsonTrace
Semantic processing of module _TLCTrace
Semantic processing of module MC
Linting of module base
Linting of module TLCExt
Linting of module Json
Linting of module _JsonTrace
Linting of module _TLCTrace
Linting of module MC
Starting... (2026-09-26 05:29:15)
Computing initial states...
Finished computing initial states: 1 distinct state generated at 2026-09-26 05:29:16.
Progress(26) at 2026-09-26 05:29:19: 374,811 states generated (374,811 s/min), 83,958 distinct states found (83,958 ds/min), 29,427 states left on queue.
Progress(33) at 2026-09-26 05:30:19: 12,749,673 states generated (12,374,862 s/min), 2,597,173 distinct states found (2,513,215 ds/min), 1,063,502 states left on queue.
Progress(34) at 2026-09-26 05:31:19: 25,240,507 states generated (12,490,834 s/min), 5,061,720 distinct states found (2,464,547 ds/min), 2,090,018 states left on queue.
Progress(35) at 2026-09-26 05:32:19: 38,175,886 states generated (12,935,379 s/min), 7,506,027 distinct states found (2,444,307 ds/min), 3,126,282 states left on queue.
Progress(36) at 2026-09-26 05:33:19: 51,075,011 states generated (12,899,125 s/min), 9,952,880 distinct states found (2,446,853 ds/min), 4,152,729 states left on queue.
Progress(36) at 2026-09-26 05:34:19: 64,269,519 states generated (13,194,508 s/min), 12,386,345 distinct states found (2,433,465 ds/min), 5,208,486 states left on queue.
Progress(36) at 2026-09-26 05:35:19: 76,727,808 states generated (12,458,289 s/min), 14,847,203 distinct states found (2,460,858 ds/min), 6,254,234 states left on queue.
Progress(37) at 2026-09-26 05:36:19: 90,318,170 states generated (13,590,362 s/min), 17,264,187 distinct states found (2,416,984 ds/min), 7,254,869 states left on queue.
Progress(37) at 2026-09-26 05:37:19: 103,721,757 states generated (13,403,587 s/min), 19,694,569 distinct states found (2,430,382 ds/min), 8,342,920 states left on queue.
Progress(37) at 2026-09-26 05:38:19: 116,995,173 states generated (13,273,416 s/min), 22,060,295 distinct states found (2,365,726 ds/min), 9,297,174 states left on queue.
Checkpointing of run /home/ubuntu/specula-nvflare-gpt-continuation-20260926/framework/runs/gpt-continuation/nvflare-job/.specula-output/.tlc-state/tlc-states-YRvixC/26-09-26-05-29-14.909
Checkpointing completed at (2026-09-26 05:39:19)
Progress(37) at 2026-09-26 05:39:19: 129,988,361 states generated (12,993,188 s/min), 24,628,010 distinct states found (2,567,715 ds/min), 10,419,354 states left on queue.
Progress(37) at 2026-09-26 05:40:19: 143,854,542 states generated (13,866,181 s/min), 27,065,937 distinct states found (2,437,927 ds/min), 11,432,367 states left on queue.
Progress(38) at 2026-09-26 05:41:19: 157,787,107 states generated (13,932,565 s/min), 29,466,132 distinct states found (2,400,195 ds/min), 12,407,920 states left on queue.
Progress(38) at 2026-09-26 05:42:19: 171,354,920 states generated (13,567,813 s/min), 31,914,302 distinct states found (2,448,170 ds/min), 13,458,881 states left on queue.
Progress(38) at 2026-09-26 05:43:19: 185,690,298 states generated (14,335,378 s/min), 34,375,864 distinct states found (2,461,562 ds/min), 14,564,771 states left on queue.
Progress(38) at 2026-09-26 05:44:19: 199,667,774 states generated (13,977,476 s/min), 36,771,313 distinct states found (2,395,449 ds/min), 15,539,872 states left on queue.
Progress(38) at 2026-09-26 05:45:19: 213,036,830 states generated (13,369,056 s/min), 39,304,049 distinct states found (2,532,736 ds/min), 16,622,905 states left on queue.
Progress(38) at 2026-09-26 05:46:19: 226,336,403 states generated (13,299,573 s/min), 41,769,075 distinct states found (2,465,026 ds/min), 17,637,396 states left on queue.
Progress(38) at 2026-09-26 05:47:19: 239,244,970 states generated (12,908,567 s/min), 44,171,620 distinct states found (2,402,545 ds/min), 18,652,575 states left on queue.
Progress(38) at 2026-09-26 05:48:19: 253,839,433 states generated (14,594,463 s/min), 46,609,848 distinct states found (2,438,228 ds/min), 19,630,014 states left on queue.
Checkpointing of run /home/ubuntu/specula-nvflare-gpt-continuation-20260926/framework/runs/gpt-continuation/nvflare-job/.specula-output/.tlc-state/tlc-states-YRvixC/26-09-26-05-29-14.909
Checkpointing completed at (2026-09-26 05:49:21)
Progress(39) at 2026-09-26 05:49:21: 268,698,878 states generated (14,859,445 s/min), 48,992,267 distinct states found (2,382,419 ds/min), 20,539,825 states left on queue.
Progress(39) at 2026-09-26 05:50:21: 282,159,034 states generated (13,460,156 s/min), 51,441,716 distinct states found (2,449,449 ds/min), 21,573,464 states left on queue.
Progress(39) at 2026-09-26 05:51:21: 296,042,253 states generated (13,883,219 s/min), 53,843,853 distinct states found (2,402,137 ds/min), 22,619,716 states left on queue.
Progress(39) at 2026-09-26 05:52:21: 309,735,187 states generated (13,692,934 s/min), 56,160,821 distinct states found (2,316,968 ds/min), 23,576,082 states left on queue.
Progress(39) at 2026-09-26 05:53:21: 324,390,972 states generated (14,655,785 s/min), 58,691,131 distinct states found (2,530,310 ds/min), 24,763,929 states left on queue.
Progress(39) at 2026-09-26 05:54:21: 339,224,290 states generated (14,833,318 s/min), 61,024,615 distinct states found (2,333,484 ds/min), 25,774,775 states left on queue.
Progress(39) at 2026-09-26 05:55:21: 353,169,495 states generated (13,945,205 s/min), 63,382,841 distinct states found (2,358,226 ds/min), 26,644,174 states left on queue.
Progress(39) at 2026-09-26 05:56:21: 366,611,438 states generated (13,441,943 s/min), 65,770,934 distinct states found (2,388,093 ds/min), 27,534,517 states left on queue.
Progress(39) at 2026-09-26 05:57:21: 380,138,966 states generated (13,527,528 s/min), 68,307,349 distinct states found (2,536,415 ds/min), 28,706,317 states left on queue.
Progress(39) at 2026-09-26 05:58:21: 393,659,474 states generated (13,520,508 s/min), 70,746,280 distinct states found (2,438,931 ds/min), 29,716,718 states left on queue.

[0;32m================================[0m
[1;33m⚠ Timed out[0m
[0;32m================================[0m
