raft2026/09/14 04:20:32 INFO: 1 became follower at term 0
raft2026/09/14 04:20:32 INFO: newRaft 1 [peers: [], term: 0, commit: 0, applied: 0, lastindex: 0, lastterm: 0]
raft2026/09/14 04:20:32 INFO: 1 became follower at term 1
raft2026/09/14 04:20:32 INFO: 1 switched to configuration voters=(1)
bootstrap: ready entries=1 committed=1 mustSync=true
raft2026/09/14 04:20:32 INFO: 1 switched to configuration voters=(1)
applied confchange index=1 type=ConfChangeAddNode node=1 -> voters=[1] learners=[]
raft2026/09/14 04:20:32 INFO: 1 is starting a new election at term 1
raft2026/09/14 04:20:32 INFO: 1 became candidate at term 2
raft2026/09/14 04:20:32 INFO: 1 received MsgVoteResp from 1 at term 2
raft2026/09/14 04:20:32 INFO: 1 became leader at term 2
raft2026/09/14 04:20:32 INFO: raft.node: 1 elected leader 1 at term 2
campaign: ready entries=1 committed=1 mustSync=true
first-confchange: ready entries=1 committed=1 mustSync=true
first confchange committed at index=3 for node=2; intentionally delaying ApplyConfChange
called Advance for first confchange Ready before ApplyConfChange
second-confchange: ready entries=1 committed=1 mustSync=true
BUG: second confchange committed at index=4 for node=3 before first ApplyConfChange ran
raft2026/09/14 04:20:32 INFO: 1 switched to configuration voters=(1 2)
applied confchange index=3 type=ConfChangeAddNode node=2 -> voters=[1 2] learners=[]
raft2026/09/14 04:20:32 INFO: 1 switched to configuration voters=(1 2 3)
applied confchange index=4 type=ConfChangeAddNode node=3 -> voters=[1 2 3] learners=[]
REPRODUCED: raft accepted and committed two membership changes while only released, not applied, progress separated them
