raft2026/09/14 04:18:05 INFO: 1 became follower at term 0
raft2026/09/14 04:18:05 INFO: newRaft 1 [peers: [], term: 0, commit: 0, applied: 0, lastindex: 0, lastterm: 0]
raft2026/09/14 04:18:05 INFO: 1 became follower at term 1
raft2026/09/14 04:18:05 INFO: 1 switched to configuration voters=(1)
raft2026/09/14 04:18:05 INFO: 1 switched to configuration voters=(1 2)
raft2026/09/14 04:18:05 INFO: 1 switched to configuration voters=(1 2 3)
raft2026/09/14 04:18:05 INFO: 2 became follower at term 0
raft2026/09/14 04:18:05 INFO: newRaft 2 [peers: [], term: 0, commit: 0, applied: 0, lastindex: 0, lastterm: 0]
raft2026/09/14 04:18:05 INFO: 2 became follower at term 1
raft2026/09/14 04:18:05 INFO: 2 switched to configuration voters=(1)
raft2026/09/14 04:18:05 INFO: 2 switched to configuration voters=(1 2)
raft2026/09/14 04:18:05 INFO: 2 switched to configuration voters=(1 2 3)
raft2026/09/14 04:18:05 INFO: 3 became follower at term 0
raft2026/09/14 04:18:05 INFO: newRaft 3 [peers: [], term: 0, commit: 0, applied: 0, lastindex: 0, lastterm: 0]
raft2026/09/14 04:18:05 INFO: 3 became follower at term 1
raft2026/09/14 04:18:05 INFO: 3 switched to configuration voters=(1)
raft2026/09/14 04:18:05 INFO: 3 switched to configuration voters=(1 2)
raft2026/09/14 04:18:05 INFO: 3 switched to configuration voters=(1 2 3)
raft2026/09/14 04:18:05 INFO: 1 switched to configuration voters=(1 2 3)
raft2026/09/14 04:18:05 INFO: 1 switched to configuration voters=(1 2 3)
raft2026/09/14 04:18:05 INFO: 1 switched to configuration voters=(1 2 3)
raft2026/09/14 04:18:05 INFO: 2 switched to configuration voters=(1 2 3)
raft2026/09/14 04:18:05 INFO: 2 switched to configuration voters=(1 2 3)
raft2026/09/14 04:18:05 INFO: 2 switched to configuration voters=(1 2 3)
raft2026/09/14 04:18:05 INFO: 3 switched to configuration voters=(1 2 3)
raft2026/09/14 04:18:05 INFO: 3 switched to configuration voters=(1 2 3)
raft2026/09/14 04:18:05 INFO: 3 switched to configuration voters=(1 2 3)
raft2026/09/14 04:18:05 INFO: 1 is starting a new election at term 1
raft2026/09/14 04:18:05 INFO: 1 became candidate at term 2
raft2026/09/14 04:18:05 INFO: 1 received MsgVoteResp from 1 at term 2
raft2026/09/14 04:18:05 INFO: 1 [logterm: 1, index: 3] sent MsgVote request to 2 at term 2
raft2026/09/14 04:18:05 INFO: 1 [logterm: 1, index: 3] sent MsgVote request to 3 at term 2
raft2026/09/14 04:18:05 INFO: 2 [term: 1] received a MsgVote message with higher term from 1 [term: 2]
raft2026/09/14 04:18:05 INFO: 2 became follower at term 2
raft2026/09/14 04:18:05 INFO: 2 [logterm: 1, index: 3, vote: 0] cast MsgVote for 1 [logterm: 1, index: 3] at term 2
raft2026/09/14 04:18:05 INFO: 3 [term: 1] received a MsgVote message with higher term from 1 [term: 2]
raft2026/09/14 04:18:05 INFO: 3 became follower at term 2
raft2026/09/14 04:18:05 INFO: 3 [logterm: 1, index: 3, vote: 0] cast MsgVote for 1 [logterm: 1, index: 3] at term 2
raft2026/09/14 04:18:05 INFO: 1 received MsgVoteResp from 2 at term 2
raft2026/09/14 04:18:05 INFO: 1 has received 2 MsgVoteResp votes and 0 vote rejections
raft2026/09/14 04:18:05 INFO: 1 became leader at term 2
raft2026/09/14 04:18:05 INFO: 1 switched to configuration voters=(1 2 4)&&(1 2 3)
raft2026/09/14 04:18:05 INFO: 2 switched to configuration voters=(1 2 4)&&(1 2 3)
raft2026/09/14 04:18:05 INFO: 3 switched to configuration voters=(1 2 4)&&(1 2 3)
joint configuration persisted: incoming=[1 2 4] outgoing=[1 2 3]
raft2026/09/14 04:18:05 INFO: 1 switched to configuration voters=(1)
raft2026/09/14 04:18:05 INFO: 1 switched to configuration voters=(1 2)
raft2026/09/14 04:18:05 INFO: 1 switched to configuration voters=(1 2 4)
raft2026/09/14 04:18:05 INFO: 1 became follower at term 0
raft2026/09/14 04:18:05 INFO: newRaft 1 [peers: [1,2,4], term: 0, commit: 5, applied: 5, lastindex: 5, lastterm: 2]
raft2026/09/14 04:18:05 INFO: 4 switched to configuration voters=(1)
raft2026/09/14 04:18:05 INFO: 4 switched to configuration voters=(1 2)
raft2026/09/14 04:18:05 INFO: 4 switched to configuration voters=(1 2 4)
raft2026/09/14 04:18:05 INFO: 4 became follower at term 0
raft2026/09/14 04:18:05 INFO: newRaft 4 [peers: [1,2,4], term: 0, commit: 5, applied: 5, lastindex: 5, lastterm: 2]
restart exposed only incoming voters: [1 2 4]; outgoing voter 3 was lost
raft2026/09/14 04:18:05 INFO: 1 is starting a new election at term 0
raft2026/09/14 04:18:05 INFO: 1 became candidate at term 1
raft2026/09/14 04:18:05 INFO: 1 received MsgVoteResp from 1 at term 1
raft2026/09/14 04:18:05 INFO: 1 [logterm: 2, index: 5] sent MsgVote request to 2 at term 1
raft2026/09/14 04:18:05 INFO: 1 [logterm: 2, index: 5] sent MsgVote request to 4 at term 1
raft2026/09/14 04:18:05 INFO: 4 [term: 0] received a MsgVote message with higher term from 1 [term: 1]
raft2026/09/14 04:18:05 INFO: 4 became follower at term 1
raft2026/09/14 04:18:05 INFO: 4 [logterm: 2, index: 5, vote: 0] cast MsgVote for 1 [logterm: 2, index: 5] at term 1
raft2026/09/14 04:18:05 INFO: 1 received MsgVoteResp from 4 at term 1
raft2026/09/14 04:18:05 INFO: 1 has received 2 MsgVoteResp votes and 0 vote rejections
raft2026/09/14 04:18:05 INFO: 1 became leader at term 1
BUG REPRODUCED: a valid joint snapshot was restored as only its incoming configuration, so votes {1,4} elected a leader although they lack a majority of the persisted outgoing voters {1,2,3}.
