raft2026/09/16 02:14:52 INFO: 1 switched to configuration voters=()
raft2026/09/16 02:14:52 INFO: 1 became follower at term 0
raft2026/09/16 02:14:52 INFO: newRaft 1 [peers: [], term: 0, commit: 0, applied: 0, lastindex: 0, lastterm: 0]
raft2026/09/16 02:14:52 INFO: 1 became follower at term 1
raft2026/09/16 02:14:52 INFO: 1 switched to configuration voters=(1)
bootstrap: entries=1 committed=1
raft2026/09/16 02:14:52 INFO: 1 switched to configuration voters=(1)
applied index=1 node=1 voters=[1]
raft2026/09/16 02:14:52 INFO: 1 is starting a new election at term 1
raft2026/09/16 02:14:52 INFO: 1 became candidate at term 2
raft2026/09/16 02:14:52 INFO: 1 received MsgVoteResp from 1 at term 2
raft2026/09/16 02:14:52 INFO: 1 became leader at term 2
raft2026/09/16 02:14:52 INFO: raft.node: 1 elected leader 1 at term 2
campaign: entries=1 committed=1
first-change: entries=1 committed=1
first change committed at index=3; application intentionally deferred
second-change: entries=1 committed=1
CONDITION OBSERVED: second change committed at index=4 before ApplyConfChange for index=3
raft2026/09/16 02:14:52 INFO: 1 switched to configuration voters=(1 2)
applied index=3 node=2 voters=[1 2]
raft2026/09/16 02:14:52 INFO: 1 switched to configuration voters=(1 2 3)
applied index=4 node=3 voters=[1 2 3]
