TLC2 Version 2026.09.23.154203 (rev: 4260e47)
Running breadth-first search Model-Checking with fp 44 and seed 5667391063677006048 with 8 workers on 16 cores with 7851MB heap and 16384MB offheap memory [pid: 2283206] (Linux 6.8.0-1044-azure amd64, Ubuntu 21.0.11 64bit, OffHeapDiskFPSet, DiskStateQueue).
Parsing file /home/ubuntu/specula-nvflare-gpt-continuation-20260926/framework/runs/gpt-continuation/nvflare-job/.specula-output/spec/output/continuation-H-s1_status/MC.tla
Parsing file /home/ubuntu/specula-nvflare-gpt-continuation-20260926/framework/runs/gpt-continuation/nvflare-job/.specula-output/spec/output/continuation-H-s1_status/base.tla
Parsing file /tmp/tlc-7369421660813752170/_JsonTrace.tla (jar:file:/home/ubuntu/specula-nvflare-gpt-continuation-20260926/framework/lib/tla2tools.jar!/tla2sany/StandardModules/_JsonTrace.tla)
Parsing file /tmp/tlc-7369421660813752170/_TLCTrace.tla (jar:file:/home/ubuntu/specula-nvflare-gpt-continuation-20260926/framework/lib/tla2tools.jar!/tla2sany/StandardModules/_TLCTrace.tla)
Parsing file /tmp/tlc-7369421660813752170/Integers.tla (jar:file:/home/ubuntu/specula-nvflare-gpt-continuation-20260926/framework/lib/tla2tools.jar!/tla2sany/StandardModules/Integers.tla)
Parsing file /tmp/tlc-7369421660813752170/Sequences.tla (jar:file:/home/ubuntu/specula-nvflare-gpt-continuation-20260926/framework/lib/tla2tools.jar!/tla2sany/StandardModules/Sequences.tla)
Parsing file /tmp/tlc-7369421660813752170/FiniteSets.tla (jar:file:/home/ubuntu/specula-nvflare-gpt-continuation-20260926/framework/lib/tla2tools.jar!/tla2sany/StandardModules/FiniteSets.tla)
Parsing file /tmp/tlc-7369421660813752170/TLC.tla (jar:file:/home/ubuntu/specula-nvflare-gpt-continuation-20260926/framework/lib/tla2tools.jar!/tla2sany/StandardModules/TLC.tla)
Parsing file /tmp/tlc-7369421660813752170/Naturals.tla (jar:file:/home/ubuntu/specula-nvflare-gpt-continuation-20260926/framework/lib/tla2tools.jar!/tla2sany/StandardModules/Naturals.tla)
Parsing file /tmp/tlc-7369421660813752170/TLCExt.tla (jar:file:/home/ubuntu/specula-nvflare-gpt-continuation-20260926/framework/lib/tla2tools.jar!/tla2sany/StandardModules/TLCExt.tla)
Parsing file /tmp/tlc-7369421660813752170/Json.tla (jar:file:/home/ubuntu/specula-nvflare-gpt-continuation-20260926/framework/lib/tla2tools.jar!/tla2sany/StandardModules/Json.tla)
Semantic processing of module Naturals
Semantic processing of module Integers
Semantic processing of module Sequences
Semantic processing of module FiniteSets
Semantic processing of module TLC
Semantic processing of module base
Semantic processing of module TLCExt
Semantic processing of module Json
Semantic processing of module _JsonTrace
Semantic processing of module _TLCTrace
Semantic processing of module MC
Linting of module base
Linting of module TLCExt
Linting of module Json
Linting of module _JsonTrace
Linting of module _TLCTrace
Linting of module MC
Starting... (2026-09-26 05:01:52)
Warning: The set p@@q has been defined to be a symmetry set but contains less than two elements.
(Use the -nowarning option to disable this warning.)
Computing initial states...
Finished computing initial states: 1 distinct state generated at 2026-09-26 05:01:53.
Progress(26) at 2026-09-26 05:01:56: 242,502 states generated (242,502 s/min), 63,745 distinct states found (63,745 ds/min), 22,410 states left on queue.
Progress(34) at 2026-09-26 05:02:56: 9,150,399 states generated (8,907,897 s/min), 2,206,999 distinct states found (2,143,254 ds/min), 886,761 states left on queue.
Progress(35) at 2026-09-26 05:03:56: 18,290,419 states generated (9,140,020 s/min), 4,303,274 distinct states found (2,096,275 ds/min), 1,762,841 states left on queue.
Progress(36) at 2026-09-26 05:04:56: 26,995,930 states generated (8,705,511 s/min), 6,287,566 distinct states found (1,984,292 ds/min), 2,587,905 states left on queue.
Progress(36) at 2026-09-26 05:05:56: 35,818,538 states generated (8,822,608 s/min), 8,178,739 distinct states found (1,891,173 ds/min), 3,414,488 states left on queue.
Progress(37) at 2026-09-26 05:06:56: 44,221,591 states generated (8,403,053 s/min), 10,107,356 distinct states found (1,928,617 ds/min), 4,219,000 states left on queue.
Progress(37) at 2026-09-26 05:07:56: 52,926,552 states generated (8,704,961 s/min), 11,955,006 distinct states found (1,847,650 ds/min), 4,981,642 states left on queue.
Progress(37) at 2026-09-26 05:08:56: 61,893,704 states generated (8,967,152 s/min), 13,843,177 distinct states found (1,888,171 ds/min), 5,815,369 states left on queue.
Progress(37) at 2026-09-26 05:09:56: 71,214,245 states generated (9,320,541 s/min), 15,820,984 distinct states found (1,977,807 ds/min), 6,654,705 states left on queue.
Progress(38) at 2026-09-26 05:10:56: 80,333,820 states generated (9,119,575 s/min), 17,918,877 distinct states found (2,097,893 ds/min), 7,510,377 states left on queue.
Checkpointing of run /home/ubuntu/specula-nvflare-gpt-continuation-20260926/framework/runs/gpt-continuation/nvflare-job/.specula-output/.tlc-state/tlc-states-pX7MEn/26-09-26-05-01-52.005
Checkpointing completed at (2026-09-26 05:11:56)
Progress(38) at 2026-09-26 05:11:56: 90,039,432 states generated (9,705,612 s/min), 19,895,066 distinct states found (1,976,189 ds/min), 8,335,765 states left on queue.
Progress(38) at 2026-09-26 05:12:56: 99,743,227 states generated (9,703,795 s/min), 21,921,147 distinct states found (2,026,081 ds/min), 9,202,751 states left on queue.
Progress(38) at 2026-09-26 05:13:56: 109,889,037 states generated (10,145,810 s/min), 23,943,589 distinct states found (2,022,442 ds/min), 10,095,079 states left on queue.
Progress(38) at 2026-09-26 05:14:56: 120,333,069 states generated (10,444,032 s/min), 25,921,026 distinct states found (1,977,437 ds/min), 10,960,055 states left on queue.
Progress(39) at 2026-09-26 05:15:56: 129,303,269 states generated (8,970,200 s/min), 28,025,839 distinct states found (2,104,813 ds/min), 11,824,284 states left on queue.
