CR2_REPRO: repo=/home/ubuntu/temporal-investigation-20260909/overnight-20260909/specula-engine/runs/temporal-matching-20260910/temporal-matching/.specula-output/confirmation/CR-2/worktree
CR2_REPRO: head=0c010ce5fe8c0180aa7573c72fe8fc87c6df7025
CR2_REPRO: dirty_entries=18
LEVEL0: public API enqueue/poll
=== RUN   TestBugCR2Level0PublicWorkflowAddPollNoSkip
    logger.go:146: 2026-09-11T08:57:11.148Z	warn	watchMembership found non-routing matching client	{"logging-call-at": "/home/ubuntu/temporal-investigation-20260909/overnight-20260909/specula-engine/runs/temporal-matching-20260910/temporal-matching/.specula-output/confirmation/CR-2/worktree/service/matching/matching_engine.go:385"}
    logger.go:146: 2026-09-11T08:57:11.148Z	info	loaded user data from db	{"timestamp": "1970-01-01T00:00:00.000Z", "user-data-version": 0, "wf-namespace": "matching-test", "wf-task-queue-name": "bug-cr2-level0", "wf-task-queue-type": "Workflow", "logging-call-at": "/home/ubuntu/temporal-investigation-20260909/overnight-20260909/specula-engine/runs/temporal-matching-20260910/temporal-matching/.specula-output/confirmation/CR-2/worktree/service/matching/user_data_manager.go:871"}
    logger.go:146: 2026-09-11T08:57:11.149Z	info	Started physicalTaskQueueManager	{"backlog": "priority", "cause": "Task", "lifecycle": "Started", "wf-namespace": "matching-test", "wf-task-queue-name": "bug-cr2-level0", "wf-task-queue-type": "Workflow", "worker-version": "_unversioned_", "logging-call-at": "/home/ubuntu/temporal-investigation-20260909/overnight-20260909/specula-engine/runs/temporal-matching-20260910/temporal-matching/.specula-output/confirmation/CR-2/worktree/service/matching/physical_task_queue_manager.go:312"}
    logger.go:146: 2026-09-11T08:57:11.149Z	info	Starting draining	{"backlog": "fairness-drain", "wf-namespace": "matching-test", "wf-task-queue-name": "bug-cr2-level0", "wf-task-queue-type": "Workflow", "worker-version": "_unversioned_", "logging-call-at": "/home/ubuntu/temporal-investigation-20260909/overnight-20260909/specula-engine/runs/temporal-matching-20260910/temporal-matching/.specula-output/confirmation/CR-2/worktree/service/matching/physical_task_queue_manager.go:432"}
    logger.go:146: 2026-09-11T08:57:11.149Z	debug	testTaskManager.GetTasks	{"value": {"NamespaceID":"b373d80e-d371-4e61-bac2-a4378a59cc5b","TaskQueue":"bug-cr2-level0","TaskType":1,"InclusiveMinPass":1,"InclusiveMinTaskID":1,"ExclusiveMaxTaskID":9223372036854775807,"Subqueue":0,"PageSize":1000,"UseLimit":true,"NextPageToken":null}, "logging-call-at": "/home/ubuntu/temporal-investigation-20260909/overnight-20260909/specula-engine/runs/temporal-matching-20260910/temporal-matching/.specula-output/confirmation/CR-2/worktree/service/matching/matching_engine_test.go:5679"}
    logger.go:146: 2026-09-11T08:57:11.149Z	debug	testTaskManager.CreateTask	{"shard-range-id": 1, "queue-task-key": "<0,1>", "value": "namespace_id:\"b373d80e-d371-4e61-bac2-a4378a59cc5b\" workflow_id:\"bug-cr2-workflow\" run_id:\"5ef381d8-63db-4400-bdb6-04c817cf519c\" scheduled_event_id:11 create_time:{seconds:1789117031 nanos:149582470} expiry_time:{seconds:1789117091 nanos:149582470}", "logging-call-at": "/home/ubuntu/temporal-investigation-20260909/overnight-20260909/specula-engine/runs/temporal-matching-20260910/temporal-matching/.specula-output/confirmation/CR-2/worktree/service/matching/matching_engine_test.go:5644"}
    logger.go:146: 2026-09-11T08:57:11.149Z	debug	error setting partition count trailer	{"error": "rpc error: code = Internal desc = grpc: failed to fetch the stream from the context context.Background", "wf-namespace": "matching-test", "wf-task-queue-name": "bug-cr2-level0", "wf-task-queue-type": "Workflow", "logging-call-at": "/home/ubuntu/temporal-investigation-20260909/overnight-20260909/specula-engine/runs/temporal-matching-20260910/temporal-matching/.specula-output/confirmation/CR-2/worktree/service/matching/task_queue_partition_manager.go:467"}
    logger.go:146: 2026-09-11T08:57:11.149Z	debug	testTaskManager.GetTasks	{"value": {"NamespaceID":"b373d80e-d371-4e61-bac2-a4378a59cc5b","TaskQueue":"bug-cr2-level0","TaskType":1,"InclusiveMinPass":0,"InclusiveMinTaskID":1,"ExclusiveMaxTaskID":2,"Subqueue":0,"PageSize":1000,"UseLimit":false,"NextPageToken":null}, "logging-call-at": "/home/ubuntu/temporal-investigation-20260909/overnight-20260909/specula-engine/runs/temporal-matching-20260910/temporal-matching/.specula-output/confirmation/CR-2/worktree/service/matching/matching_engine_test.go:5679"}
    logger.go:146: 2026-09-11T08:57:11.150Z	debug	error setting partition count trailer	{"error": "rpc error: code = Internal desc = grpc: failed to fetch the stream from the context context.Background.WithDeadline(2026-09-11 08:57:16.150016068 +0000 UTC m=+5.021764671 [4.999883878s]).WithValue(matching.pollerIDCtxKey, ).WithValue(matching.identityCtxKey, bug-cr2-worker).WithDeadline(2026-09-11 08:57:11.250023419 +0000 UTC m=+0.121772022 [99.889387ms])", "wf-namespace": "matching-test", "wf-task-queue-name": "bug-cr2-level0", "wf-task-queue-type": "Workflow", "logging-call-at": "/home/ubuntu/temporal-investigation-20260909/overnight-20260909/specula-engine/runs/temporal-matching-20260910/temporal-matching/.specula-output/confirmation/CR-2/worktree/service/matching/task_queue_partition_manager.go:467"}
LEVEL0_RESULT: public AddWorkflowTask/PollWorkflowTaskQueue delivered scheduled_event_id=11 workflow_id=bug-cr2-workflow
    logger.go:146: 2026-09-11T08:57:11.150Z	info	Stopped physicalTaskQueueManager	{"backlog": "priority", "cause": "ShuttingDown", "lifecycle": "Stopped", "wf-namespace": "matching-test", "wf-task-queue-name": "bug-cr2-level0", "wf-task-queue-type": "Workflow", "worker-version": "_unversioned_", "logging-call-at": "/home/ubuntu/temporal-investigation-20260909/overnight-20260909/specula-engine/runs/temporal-matching-20260910/temporal-matching/.specula-output/confirmation/CR-2/worktree/service/matching/physical_task_queue_manager.go:343"}
--- PASS: TestBugCR2Level0PublicWorkflowAddPollNoSkip (0.00s)
PASS
ok  	go.temporal.io/server/service/matching	0.030s
LEVEL1: real bypass plus stale-gap schedule
=== RUN   TestBugCR2Level1RealBypassStaleGapSafety
    logger.go:146: 2026-09-11T08:57:13.550Z	debug	testTaskManager.CreateTask	{"shard-range-id": 1, "queue-task-key": "<0,1>", "value": "create_time:{seconds:1789117033 nanos:550086558} expiry_time:{seconds:1789120033 nanos:550086628}", "logging-call-at": "/home/ubuntu/temporal-investigation-20260909/overnight-20260909/specula-engine/runs/temporal-matching-20260910/temporal-matching/.specula-output/confirmation/CR-2/worktree/service/matching/matching_engine_test.go:5644"}
    logger.go:146: 2026-09-11T08:57:13.551Z	debug	testTaskManager.CreateTask	{"shard-range-id": 1, "queue-task-key": "<0,2>", "value": "create_time:{seconds:1789117033 nanos:550086909} expiry_time:{seconds:1789120033 nanos:550087049}", "logging-call-at": "/home/ubuntu/temporal-investigation-20260909/overnight-20260909/specula-engine/runs/temporal-matching-20260910/temporal-matching/.specula-output/confirmation/CR-2/worktree/service/matching/matching_engine_test.go:5644"}
    logger.go:146: 2026-09-11T08:57:13.551Z	debug	testTaskManager.GetTasks	{"value": {"NamespaceID":"","TaskQueue":"test-queue","TaskType":1,"InclusiveMinPass":0,"InclusiveMinTaskID":1,"ExclusiveMaxTaskID":3,"Subqueue":0,"PageSize":10,"UseLimit":false,"NextPageToken":null}, "logging-call-at": "/home/ubuntu/temporal-investigation-20260909/overnight-20260909/specula-engine/runs/temporal-matching-20260910/temporal-matching/.specula-output/confirmation/CR-2/worktree/service/matching/matching_engine_test.go:5679"}
LEVEL1_RESULT: bypass_deliveries=2 read_before_gap=2 ack_before_gap=0 stale_gap=1 read_after_gap=2 ack_after_gap=0 durable_task_ids=[1 2]
--- PASS: TestBugCR2Level1RealBypassStaleGapSafety (0.00s)
PASS
ok  	go.temporal.io/server/service/matching	0.033s
LEVEL2: injected empty nonterminal GetTasks diagnostic
=== RUN   TestBugCR2Level2InjectedEmptyNonterminalPageDiagnostic
    logger.go:146: 2026-09-11T08:57:15.987Z	debug	testTaskManager.CreateTask	{"shard-range-id": 1, "queue-task-key": "<0,1>", "value": "create_time:{seconds:1789117035 nanos:987035437} expiry_time:{seconds:1789120035 nanos:987035507}", "logging-call-at": "/home/ubuntu/temporal-investigation-20260909/overnight-20260909/specula-engine/runs/temporal-matching-20260910/temporal-matching/.specula-output/confirmation/CR-2/worktree/service/matching/matching_engine_test.go:5644"}
LEVEL2_INJECTION: returned tasks=0 next_page_token=true min=1 max=2 page_size=1000
LEVEL2_DIAGNOSTIC: getTaskBatch tasks=0 read_level=1 batch_done=true token_was_ignored=true
    logger.go:146: 2026-09-11T08:57:15.987Z	debug	testTaskManager.GetTasks	{"value": {"NamespaceID":"","TaskQueue":"test-queue","TaskType":1,"InclusiveMinPass":0,"InclusiveMinTaskID":1,"ExclusiveMaxTaskID":2,"Subqueue":0,"PageSize":10,"UseLimit":false,"NextPageToken":null}, "logging-call-at": "/home/ubuntu/temporal-investigation-20260909/overnight-20260909/specula-engine/runs/temporal-matching-20260910/temporal-matching/.specula-output/confirmation/CR-2/worktree/service/matching/matching_engine_test.go:5679"}
LEVEL2_DIAGNOSTIC: after_gap read_level=1 ack_level=1 captured_deliveries=0 durable_task_ids=[1]
--- PASS: TestBugCR2Level2InjectedEmptyNonterminalPageDiagnostic (0.00s)
PASS
ok  	go.temporal.io/server/service/matching	0.028s
SQLITE_PROBE: real sqlite task-store paging
=== RUN   TestBugCR2SQLiteNoEmptyNonterminalTaskPage
SQLITE_PAGE: page=1 tasks=1 next_page_token=true ids=[1]
SQLITE_PAGE: page=2 tasks=1 next_page_token=true ids=[2]
SQLITE_PAGE: page=3 tasks=1 next_page_token=false ids=[3]
SQLITE_PROBE: pages=3 got_tasks=3 empty_nonterminal_page=false
--- PASS: TestBugCR2SQLiteNoEmptyNonterminalTaskPage (0.01s)
PASS
ok  	go.temporal.io/server/common/persistence/tests	0.043s
CASSANDRA_PREFLIGHT: checking local Cassandra availability
CASSANDRA_PROBE: skipped; no listener on 127.0.0.1:9042
CASSANDRA_PROBE: no local cassandra:5.0 image available
CR2_REPRO_DONE
