TLC2 Version 2026.09.23.154203 (rev: 4260e47)
Running breadth-first search Model-Checking with fp 39 and seed 775997697787475066 with 4 workers on 96 cores with 3925MB heap and 12288MB offheap memory [pid: 1468566] (Linux 6.8.0-1044-azure amd64, Ubuntu 21.0.11 64bit, OffHeapDiskFPSet, DiskStateQueue).
Parsing file /home/ubuntu/specula-nvflare-gpt-continuation-20260926/framework/runs/gpt-continuation/nvflare-job/.specula-output/spec/output/continuation-H4b-s3_promptcancel/MC.tla
Parsing file /home/ubuntu/specula-nvflare-gpt-continuation-20260926/framework/runs/gpt-continuation/nvflare-job/.specula-output/spec/output/continuation-H4b-s3_promptcancel/base.tla
Parsing file /tmp/tlc-1226043776910805105/_JsonTrace.tla (jar:file:/home/ubuntu/specula-nvflare-gpt-continuation-20260926/framework/lib/tla2tools.jar!/tla2sany/StandardModules/_JsonTrace.tla)
Parsing file /tmp/tlc-1226043776910805105/_TLCTrace.tla (jar:file:/home/ubuntu/specula-nvflare-gpt-continuation-20260926/framework/lib/tla2tools.jar!/tla2sany/StandardModules/_TLCTrace.tla)
Parsing file /tmp/tlc-1226043776910805105/Integers.tla (jar:file:/home/ubuntu/specula-nvflare-gpt-continuation-20260926/framework/lib/tla2tools.jar!/tla2sany/StandardModules/Integers.tla)
Parsing file /tmp/tlc-1226043776910805105/Sequences.tla (jar:file:/home/ubuntu/specula-nvflare-gpt-continuation-20260926/framework/lib/tla2tools.jar!/tla2sany/StandardModules/Sequences.tla)
Parsing file /tmp/tlc-1226043776910805105/FiniteSets.tla (jar:file:/home/ubuntu/specula-nvflare-gpt-continuation-20260926/framework/lib/tla2tools.jar!/tla2sany/StandardModules/FiniteSets.tla)
Parsing file /tmp/tlc-1226043776910805105/TLC.tla (jar:file:/home/ubuntu/specula-nvflare-gpt-continuation-20260926/framework/lib/tla2tools.jar!/tla2sany/StandardModules/TLC.tla)
Parsing file /tmp/tlc-1226043776910805105/Naturals.tla (jar:file:/home/ubuntu/specula-nvflare-gpt-continuation-20260926/framework/lib/tla2tools.jar!/tla2sany/StandardModules/Naturals.tla)
Parsing file /tmp/tlc-1226043776910805105/TLCExt.tla (jar:file:/home/ubuntu/specula-nvflare-gpt-continuation-20260926/framework/lib/tla2tools.jar!/tla2sany/StandardModules/TLCExt.tla)
Parsing file /tmp/tlc-1226043776910805105/Json.tla (jar:file:/home/ubuntu/specula-nvflare-gpt-continuation-20260926/framework/lib/tla2tools.jar!/tla2sany/StandardModules/Json.tla)
Semantic processing of module Naturals
Semantic processing of module Integers
Semantic processing of module Sequences
Semantic processing of module FiniteSets
Semantic processing of module TLC
Semantic processing of module base
Semantic processing of module TLCExt
Semantic processing of module Json
Semantic processing of module _JsonTrace
Semantic processing of module _TLCTrace
Semantic processing of module MC
Linting of module base
Linting of module TLCExt
Linting of module Json
Linting of module _JsonTrace
Linting of module _TLCTrace
Linting of module MC
Starting... (2026-09-27 06:34:25)
Implied-temporal checking--satisfiability problem has 1 branches.
Computing initial states...
Finished computing initial states: 1 distinct state generated at 2026-09-27 06:34:26.
Checking temporal properties for the current state space with 9534 total distinct states at (2026-09-27 06:34:29)
Finished checking temporal properties in 00s at 2026-09-27 06:34:29
Progress(29) at 2026-09-27 06:34:29: 30,998 states generated (30,998 s/min), 9,534 distinct states found (9,534 ds/min), 1,796 states left on queue.
Checking temporal properties for the current state space with 216768 total distinct states at (2026-09-27 06:35:29)
Finished checking temporal properties in 01s at 2026-09-27 06:35:31
Progress(38) at 2026-09-27 06:35:31: 849,349 states generated (818,351 s/min), 216,768 distinct states found (207,234 ds/min), 79,598 states left on queue.
Checking temporal properties for the current state space with 401876 total distinct states at (2026-09-27 06:36:31)
Finished checking temporal properties in 03s at 2026-09-27 06:36:35
Progress(39) at 2026-09-27 06:36:35: 1,618,947 states generated (769,598 s/min), 401,876 distinct states found (185,108 ds/min), 157,237 states left on queue.
Checking temporal properties for the current state space with 574138 total distinct states at (2026-09-27 06:37:35)
Finished checking temporal properties in 04s at 2026-09-27 06:37:39
Progress(40) at 2026-09-27 06:37:39: 2,381,476 states generated (762,529 s/min), 574,138 distinct states found (172,262 ds/min), 227,475 states left on queue.
Checking temporal properties for the current state space with 740352 total distinct states at (2026-09-27 06:38:39)
Finished checking temporal properties in 06s at 2026-09-27 06:38:45
Progress(40) at 2026-09-27 06:38:45: 3,129,618 states generated (748,142 s/min), 740,352 distinct states found (166,214 ds/min), 295,229 states left on queue.
Checking temporal properties for the current state space with 905681 total distinct states at (2026-09-27 06:39:45)
Finished checking temporal properties in 07s at 2026-09-27 06:39:53
Progress(41) at 2026-09-27 06:39:53: 3,888,000 states generated (758,382 s/min), 905,681 distinct states found (165,329 ds/min), 362,994 states left on queue.
Checking temporal properties for the current state space with 1070594 total distinct states at (2026-09-27 06:40:53)
Finished checking temporal properties in 09s at 2026-09-27 06:41:03
Progress(41) at 2026-09-27 06:41:03: 4,623,308 states generated (735,308 s/min), 1,070,594 distinct states found (164,913 ds/min), 430,710 states left on queue.
Checking temporal properties for the current state space with 1228178 total distinct states at (2026-09-27 06:42:03)
Finished checking temporal properties in 11s at 2026-09-27 06:42:14
Progress(41) at 2026-09-27 06:42:14: 5,389,297 states generated (765,989 s/min), 1,228,178 distinct states found (157,584 ds/min), 487,726 states left on queue.
Checking temporal properties for the current state space with 1387482 total distinct states at (2026-09-27 06:43:14)
Finished checking temporal properties in 12s at 2026-09-27 06:43:26
Progress(41) at 2026-09-27 06:43:26: 6,152,792 states generated (763,495 s/min), 1,387,482 distinct states found (159,304 ds/min), 552,364 states left on queue.
Checking temporal properties for the current state space with 1549878 total distinct states at (2026-09-27 06:44:26)
Finished checking temporal properties in 13s at 2026-09-27 06:44:40
Checkpointing of run /home/ubuntu/specula-nvflare-gpt-continuation-20260926/framework/runs/gpt-continuation/nvflare-job/.specula-output/.tlc-state/tlc-states-lma8B4/26-09-27-06-34-25.078
Checkpointing completed at (2026-09-27 06:44:40)
Progress(42) at 2026-09-27 06:44:40: 6,898,737 states generated (745,945 s/min), 1,549,894 distinct states found (162,412 ds/min), 613,912 states left on queue.
Checking temporal properties for the current state space with 1707397 total distinct states at (2026-09-27 06:45:40)
Finished checking temporal properties in 15s at 2026-09-27 06:45:55
Progress(42) at 2026-09-27 06:45:55: 7,614,547 states generated (715,810 s/min), 1,707,397 distinct states found (157,503 ds/min), 681,801 states left on queue.
Progress(42) at 2026-09-27 06:46:55: 8,377,704 states generated (763,157 s/min), 1,864,600 distinct states found (157,203 ds/min), 734,713 states left on queue.
Checking temporal properties for the current state space with 2006854 total distinct states at (2026-09-27 06:47:55)
Finished checking temporal properties in 18s at 2026-09-27 06:48:13
Progress(42) at 2026-09-27 06:48:13: 9,136,012 states generated (758,308 s/min), 2,006,854 distinct states found (142,254 ds/min), 784,667 states left on queue.
Progress(42) at 2026-09-27 06:49:13: 9,884,799 states generated (748,787 s/min), 2,162,331 distinct states found (155,477 ds/min), 847,388 states left on queue.
Checking temporal properties for the current state space with 2311443 total distinct states at (2026-09-27 06:50:13)
Finished checking temporal properties in 21s at 2026-09-27 06:50:35
Progress(42) at 2026-09-27 06:50:35: 10,652,881 states generated (768,082 s/min), 2,311,443 distinct states found (149,112 ds/min), 900,731 states left on queue.
Progress(43) at 2026-09-27 06:51:35: 11,405,383 states generated (752,502 s/min), 2,461,675 distinct states found (150,232 ds/min), 952,267 states left on queue.
Checking temporal properties for the current state space with 2631316 total distinct states at (2026-09-27 06:52:35)
Finished checking temporal properties in 23s at 2026-09-27 06:52:58
Progress(43) at 2026-09-27 06:52:58: 12,138,402 states generated (733,019 s/min), 2,631,316 distinct states found (169,641 ds/min), 1,024,524 states left on queue.
Progress(43) at 2026-09-27 06:53:58: 12,824,396 states generated (685,994 s/min), 2,771,340 distinct states found (140,024 ds/min), 1,085,723 states left on queue.
Checking temporal properties for the current state space with 2913641 total distinct states at (2026-09-27 06:54:58)
Finished checking temporal properties in 26s at 2026-09-27 06:55:24
Checkpointing of run /home/ubuntu/specula-nvflare-gpt-continuation-20260926/framework/runs/gpt-continuation/nvflare-job/.specula-output/.tlc-state/tlc-states-lma8B4/26-09-27-06-34-25.078
Checkpointing completed at (2026-09-27 06:55:25)
Progress(43) at 2026-09-27 06:55:25: 13,570,922 states generated (746,526 s/min), 2,913,799 distinct states found (142,459 ds/min), 1,129,714 states left on queue.
Progress(43) at 2026-09-27 06:56:25: 14,333,807 states generated (762,885 s/min), 3,059,719 distinct states found (145,920 ds/min), 1,173,004 states left on queue.
Progress(43) at 2026-09-27 06:57:25: 15,030,736 states generated (696,929 s/min), 3,188,525 distinct states found (128,806 ds/min), 1,215,784 states left on queue.
Checking temporal properties for the current state space with 3306816 total distinct states at (2026-09-27 06:58:25)
Finished checking temporal properties in 35s at 2026-09-27 06:59:01
Progress(43) at 2026-09-27 06:59:01: 15,711,530 states generated (680,794 s/min), 3,306,816 distinct states found (118,291 ds/min), 1,256,205 states left on queue.
Progress(43) at 2026-09-27 07:00:01: 16,453,644 states generated (742,114 s/min), 3,468,602 distinct states found (161,786 ds/min), 1,322,233 states left on queue.
Progress(43) at 2026-09-27 07:01:01: 17,227,308 states generated (773,664 s/min), 3,608,122 distinct states found (139,520 ds/min), 1,366,649 states left on queue.
Checking temporal properties for the current state space with 3754818 total distinct states at (2026-09-27 07:02:01)
Finished checking temporal properties in 35s at 2026-09-27 07:02:36
Progress(43) at 2026-09-27 07:02:36: 17,978,114 states generated (750,806 s/min), 3,754,818 distinct states found (146,696 ds/min), 1,417,407 states left on queue.
Progress(44) at 2026-09-27 07:03:36: 18,743,438 states generated (765,324 s/min), 3,897,036 distinct states found (142,218 ds/min), 1,459,473 states left on queue.
