[0;32m================================[0m
[0;32mTLC Model Checking Mode[0m
[0;32m================================[0m
Spec File:       MC.tla
Config File:     MC_hunt_startup_failure.cfg
Memory Limit:    4G
Off-heap Memory: 12G
Workers:         4
Timeout:         30 minutes
[0;34m--- Model Checking Settings ---[0m
Depth Limit:     0
Checkpoint:      10 minutes
Log File:        /home/ubuntu/specula-nvflare-gpt-continuation-20260926/framework/runs/gpt-continuation/nvflare-job/.specula-output/.tlc-tasks/jobs/df86176eb7f04ddd87261896a819d9b5/tlc.log
[0;32m================================[0m
[1;33mExecuting Command:[0m
java -XX:+UseParallelGC -Dtlc2.tool.fp.FPSet.impl=tlc2.tool.fp.OffHeapDiskFPSet -XX:MaxDirectMemorySize=12G -Xmx4G -Xms4G -cp /home/ubuntu/specula-nvflare-gpt-continuation-20260926/framework/lib/CommunityModules-deps.jar:/home/ubuntu/specula-nvflare-gpt-continuation-20260926/framework/lib/tla2tools.jar tlc2.TLC -config MC_hunt_startup_failure.cfg MC.tla -workers 4 -deadlock -checkpoint 10 -dumptrace json /home/ubuntu/specula-nvflare-gpt-continuation-20260926/framework/runs/gpt-continuation/nvflare-job/.specula-output/spec/output/continuation-H4-startup_failure/counterexample.json -metadir /home/ubuntu/specula-nvflare-gpt-continuation-20260926/framework/runs/gpt-continuation/nvflare-job/.specula-output/.tlc-state/tlc-states-UV6DXl 

TLC resource budget (Specula run gpt-continuation):
  memory source: user config (64G)
  external memory use: not included in this configured run bound
  memory limit: 64 GiB
  active TLC reserved before request: 48 GiB (this agent: 48 GiB)
  this request: 16 GiB (heap 4 GiB + off-heap 12 GiB)
  remaining before request: 16 GiB
  remaining after admission: 0 bytes
  worker limit: 16
  active TLC workers before request: 12 (this agent: 12)
  this request workers: 4 (4)
  remaining workers before request: 4
  remaining workers after admission: 0
  result: admitted
TLC2 Version 2026.09.23.154203 (rev: 4260e47)
Running breadth-first search Model-Checking with fp 122 and seed 5492701345103957952 with 4 workers on 96 cores with 3925MB heap and 12288MB offheap memory [pid: 1919331] (Linux 6.8.0-1044-azure amd64, Ubuntu 21.0.11 64bit, OffHeapDiskFPSet, DiskStateQueue).
Parsing file /home/ubuntu/specula-nvflare-gpt-continuation-20260926/framework/runs/gpt-continuation/nvflare-job/.specula-output/spec/output/continuation-H4-startup_failure/MC.tla
Parsing file /home/ubuntu/specula-nvflare-gpt-continuation-20260926/framework/runs/gpt-continuation/nvflare-job/.specula-output/spec/output/continuation-H4-startup_failure/base.tla
Parsing file /tmp/tlc-150480019556602541/_JsonTrace.tla (jar:file:/home/ubuntu/specula-nvflare-gpt-continuation-20260926/framework/lib/tla2tools.jar!/tla2sany/StandardModules/_JsonTrace.tla)
Parsing file /tmp/tlc-150480019556602541/_TLCTrace.tla (jar:file:/home/ubuntu/specula-nvflare-gpt-continuation-20260926/framework/lib/tla2tools.jar!/tla2sany/StandardModules/_TLCTrace.tla)
Parsing file /tmp/tlc-150480019556602541/Integers.tla (jar:file:/home/ubuntu/specula-nvflare-gpt-continuation-20260926/framework/lib/tla2tools.jar!/tla2sany/StandardModules/Integers.tla)
Parsing file /tmp/tlc-150480019556602541/Sequences.tla (jar:file:/home/ubuntu/specula-nvflare-gpt-continuation-20260926/framework/lib/tla2tools.jar!/tla2sany/StandardModules/Sequences.tla)
Parsing file /tmp/tlc-150480019556602541/FiniteSets.tla (jar:file:/home/ubuntu/specula-nvflare-gpt-continuation-20260926/framework/lib/tla2tools.jar!/tla2sany/StandardModules/FiniteSets.tla)
Parsing file /tmp/tlc-150480019556602541/TLC.tla (jar:file:/home/ubuntu/specula-nvflare-gpt-continuation-20260926/framework/lib/tla2tools.jar!/tla2sany/StandardModules/TLC.tla)
Parsing file /tmp/tlc-150480019556602541/Naturals.tla (jar:file:/home/ubuntu/specula-nvflare-gpt-continuation-20260926/framework/lib/tla2tools.jar!/tla2sany/StandardModules/Naturals.tla)
Parsing file /tmp/tlc-150480019556602541/TLCExt.tla (jar:file:/home/ubuntu/specula-nvflare-gpt-continuation-20260926/framework/lib/tla2tools.jar!/tla2sany/StandardModules/TLCExt.tla)
Parsing file /tmp/tlc-150480019556602541/Json.tla (jar:file:/home/ubuntu/specula-nvflare-gpt-continuation-20260926/framework/lib/tla2tools.jar!/tla2sany/StandardModules/Json.tla)
Semantic processing of module Naturals
Semantic processing of module Integers
Semantic processing of module Sequences
Semantic processing of module FiniteSets
Semantic processing of module TLC
Semantic processing of module base
Semantic processing of module TLCExt
Semantic processing of module Json
Semantic processing of module _JsonTrace
Semantic processing of module _TLCTrace
Semantic processing of module MC
Linting of module base
Linting of module TLCExt
Linting of module Json
Linting of module _JsonTrace
Linting of module _TLCTrace
Linting of module MC
Starting... (2026-09-27 07:09:07)
Computing initial states...
Finished computing initial states: 1 distinct state generated at 2026-09-27 07:09:08.
Progress(23) at 2026-09-27 07:09:11: 98,785 states generated (98,785 s/min), 22,785 distinct states found (22,785 ds/min), 6,635 states left on queue.
Progress(31) at 2026-09-27 07:10:11: 3,240,902 states generated (3,142,117 s/min), 682,772 distinct states found (659,987 ds/min), 264,546 states left on queue.
Progress(32) at 2026-09-27 07:11:11: 6,292,119 states generated (3,051,217 s/min), 1,310,073 distinct states found (627,301 ds/min), 529,980 states left on queue.
Progress(33) at 2026-09-27 07:12:11: 9,578,243 states generated (3,286,124 s/min), 1,970,868 distinct states found (660,795 ds/min), 810,122 states left on queue.
Progress(33) at 2026-09-27 07:13:11: 12,860,173 states generated (3,281,930 s/min), 2,632,040 distinct states found (661,172 ds/min), 1,090,492 states left on queue.
Progress(34) at 2026-09-27 07:14:11: 16,176,247 states generated (3,316,074 s/min), 3,278,295 distinct states found (646,255 ds/min), 1,373,511 states left on queue.
Progress(34) at 2026-09-27 07:15:11: 19,391,351 states generated (3,215,104 s/min), 3,929,871 distinct states found (651,576 ds/min), 1,654,490 states left on queue.
Progress(34) at 2026-09-27 07:16:11: 22,831,819 states generated (3,440,468 s/min), 4,600,298 distinct states found (670,427 ds/min), 1,942,716 states left on queue.
Progress(34) at 2026-09-27 07:17:11: 26,381,392 states generated (3,549,573 s/min), 5,270,041 distinct states found (669,743 ds/min), 2,251,103 states left on queue.
Progress(35) at 2026-09-27 07:18:11: 29,615,666 states generated (3,234,274 s/min), 5,919,842 distinct states found (649,801 ds/min), 2,528,631 states left on queue.
Checkpointing of run /home/ubuntu/specula-nvflare-gpt-continuation-20260926/framework/runs/gpt-continuation/nvflare-job/.specula-output/.tlc-state/tlc-states-UV6DXl/26-09-27-07-09-07.214
Checkpointing completed at (2026-09-27 07:19:11)
Progress(35) at 2026-09-27 07:19:11: 32,987,578 states generated (3,371,912 s/min), 6,575,686 distinct states found (655,844 ds/min), 2,823,851 states left on queue.
Progress(35) at 2026-09-27 07:20:11: 36,148,129 states generated (3,160,551 s/min), 7,256,920 distinct states found (681,234 ds/min), 3,116,070 states left on queue.
Progress(35) at 2026-09-27 07:21:11: 39,734,544 states generated (3,586,415 s/min), 7,911,221 distinct states found (654,301 ds/min), 3,401,310 states left on queue.
Progress(35) at 2026-09-27 07:22:11: 43,394,240 states generated (3,659,696 s/min), 8,570,383 distinct states found (659,162 ds/min), 3,714,262 states left on queue.
Progress(35) at 2026-09-27 07:23:11: 46,952,785 states generated (3,558,545 s/min), 9,230,535 distinct states found (660,152 ds/min), 4,018,649 states left on queue.
Progress(36) at 2026-09-27 07:24:11: 50,144,645 states generated (3,191,860 s/min), 9,882,635 distinct states found (652,100 ds/min), 4,301,481 states left on queue.
Progress(36) at 2026-09-27 07:25:11: 53,454,599 states generated (3,309,954 s/min), 10,523,386 distinct states found (640,751 ds/min), 4,583,255 states left on queue.
Progress(36) at 2026-09-27 07:26:11: 56,817,600 states generated (3,363,001 s/min), 11,176,297 distinct states found (652,911 ds/min), 4,872,660 states left on queue.
Progress(36) at 2026-09-27 07:27:11: 60,282,342 states generated (3,464,742 s/min), 11,838,420 distinct states found (662,123 ds/min), 5,188,913 states left on queue.
Progress(36) at 2026-09-27 07:28:11: 63,513,330 states generated (3,230,988 s/min), 12,520,875 distinct states found (682,455 ds/min), 5,487,704 states left on queue.
Checkpointing of run /home/ubuntu/specula-nvflare-gpt-continuation-20260926/framework/runs/gpt-continuation/nvflare-job/.specula-output/.tlc-state/tlc-states-UV6DXl/26-09-27-07-09-07.214
Checkpointing completed at (2026-09-27 07:29:11)
Progress(36) at 2026-09-27 07:29:11: 66,845,828 states generated (3,332,498 s/min), 13,200,281 distinct states found (679,406 ds/min), 5,786,994 states left on queue.
Progress(36) at 2026-09-27 07:30:11: 70,522,348 states generated (3,676,520 s/min), 13,866,717 distinct states found (666,436 ds/min), 6,080,954 states left on queue.
Progress(36) at 2026-09-27 07:31:11: 74,243,611 states generated (3,721,263 s/min), 14,494,821 distinct states found (628,104 ds/min), 6,351,362 states left on queue.
Progress(36) at 2026-09-27 07:32:12: 77,967,505 states generated (3,723,894 s/min), 15,156,876 distinct states found (662,055 ds/min), 6,673,086 states left on queue.
Progress(36) at 2026-09-27 07:33:12: 81,659,958 states generated (3,692,453 s/min), 15,815,121 distinct states found (658,245 ds/min), 6,995,264 states left on queue.
Progress(36) at 2026-09-27 07:34:12: 85,233,222 states generated (3,573,264 s/min), 16,472,941 distinct states found (657,820 ds/min), 7,285,045 states left on queue.
Progress(37) at 2026-09-27 07:35:12: 88,466,469 states generated (3,233,247 s/min), 17,147,039 distinct states found (674,098 ds/min), 7,575,928 states left on queue.
Progress(37) at 2026-09-27 07:36:12: 91,867,924 states generated (3,401,455 s/min), 17,797,221 distinct states found (650,182 ds/min), 7,864,789 states left on queue.
Progress(37) at 2026-09-27 07:37:12: 95,307,230 states generated (3,439,306 s/min), 18,422,236 distinct states found (625,015 ds/min), 8,137,509 states left on queue.
Progress(37) at 2026-09-27 07:38:12: 98,823,566 states generated (3,516,336 s/min), 19,097,576 distinct states found (675,340 ds/min), 8,426,654 states left on queue.

[0;32m================================[0m
[1;33m⚠ Timed out[0m
[0;32m================================[0m
