TLC2 Version 2026.09.23.154203 (rev: 4260e47)
Running breadth-first search Model-Checking with fp 67 and seed 1073049162958412153 with 4 workers on 96 cores with 3925MB heap and 12288MB offheap memory [pid: 1883783] (Linux 6.8.0-1044-azure amd64, Ubuntu 21.0.11 64bit, OffHeapDiskFPSet, DiskStateQueue).
Parsing file /home/ubuntu/specula-nvflare-gpt-continuation-20260926/framework/runs/gpt-continuation/nvflare-job/.specula-output/spec/output/continuation-H4-s1_status/MC.tla
Parsing file /home/ubuntu/specula-nvflare-gpt-continuation-20260926/framework/runs/gpt-continuation/nvflare-job/.specula-output/spec/output/continuation-H4-s1_status/base.tla
Parsing file /tmp/tlc-3282616106240552070/_JsonTrace.tla (jar:file:/home/ubuntu/specula-nvflare-gpt-continuation-20260926/framework/lib/tla2tools.jar!/tla2sany/StandardModules/_JsonTrace.tla)
Parsing file /tmp/tlc-3282616106240552070/_TLCTrace.tla (jar:file:/home/ubuntu/specula-nvflare-gpt-continuation-20260926/framework/lib/tla2tools.jar!/tla2sany/StandardModules/_TLCTrace.tla)
Parsing file /tmp/tlc-3282616106240552070/Integers.tla (jar:file:/home/ubuntu/specula-nvflare-gpt-continuation-20260926/framework/lib/tla2tools.jar!/tla2sany/StandardModules/Integers.tla)
Parsing file /tmp/tlc-3282616106240552070/Sequences.tla (jar:file:/home/ubuntu/specula-nvflare-gpt-continuation-20260926/framework/lib/tla2tools.jar!/tla2sany/StandardModules/Sequences.tla)
Parsing file /tmp/tlc-3282616106240552070/FiniteSets.tla (jar:file:/home/ubuntu/specula-nvflare-gpt-continuation-20260926/framework/lib/tla2tools.jar!/tla2sany/StandardModules/FiniteSets.tla)
Parsing file /tmp/tlc-3282616106240552070/TLC.tla (jar:file:/home/ubuntu/specula-nvflare-gpt-continuation-20260926/framework/lib/tla2tools.jar!/tla2sany/StandardModules/TLC.tla)
Parsing file /tmp/tlc-3282616106240552070/Naturals.tla (jar:file:/home/ubuntu/specula-nvflare-gpt-continuation-20260926/framework/lib/tla2tools.jar!/tla2sany/StandardModules/Naturals.tla)
Parsing file /tmp/tlc-3282616106240552070/TLCExt.tla (jar:file:/home/ubuntu/specula-nvflare-gpt-continuation-20260926/framework/lib/tla2tools.jar!/tla2sany/StandardModules/TLCExt.tla)
Parsing file /tmp/tlc-3282616106240552070/Json.tla (jar:file:/home/ubuntu/specula-nvflare-gpt-continuation-20260926/framework/lib/tla2tools.jar!/tla2sany/StandardModules/Json.tla)
Semantic processing of module Naturals
Semantic processing of module Integers
Semantic processing of module Sequences
Semantic processing of module FiniteSets
Semantic processing of module TLC
Semantic processing of module base
Semantic processing of module TLCExt
Semantic processing of module Json
Semantic processing of module _JsonTrace
Semantic processing of module _TLCTrace
Semantic processing of module MC
Linting of module base
Linting of module TLCExt
Linting of module Json
Linting of module _JsonTrace
Linting of module _TLCTrace
Linting of module MC
Starting... (2026-09-27 07:05:35)
Warning: The set p@@q has been defined to be a symmetry set but contains less than two elements.
(Use the -nowarning option to disable this warning.)
Computing initial states...
Finished computing initial states: 1 distinct state generated at 2026-09-27 07:05:36.
Progress(25) at 2026-09-27 07:05:39: 144,828 states generated (144,828 s/min), 39,955 distinct states found (39,955 ds/min), 14,006 states left on queue.
Progress(33) at 2026-09-27 07:06:39: 4,277,532 states generated (4,132,704 s/min), 1,078,213 distinct states found (1,038,258 ds/min), 440,690 states left on queue.
Progress(34) at 2026-09-27 07:07:39: 8,611,469 states generated (4,333,937 s/min), 2,117,294 distinct states found (1,039,081 ds/min), 903,645 states left on queue.
Progress(35) at 2026-09-27 07:08:39: 12,985,797 states generated (4,374,328 s/min), 3,175,214 distinct states found (1,057,920 ds/min), 1,369,457 states left on queue.
Progress(35) at 2026-09-27 07:09:39: 17,493,655 states generated (4,507,858 s/min), 4,231,047 distinct states found (1,055,833 ds/min), 1,857,297 states left on queue.
Progress(36) at 2026-09-27 07:10:39: 21,846,154 states generated (4,352,499 s/min), 5,282,086 distinct states found (1,051,039 ds/min), 2,330,810 states left on queue.
Progress(36) at 2026-09-27 07:11:39: 26,164,859 states generated (4,318,705 s/min), 6,278,579 distinct states found (996,493 ds/min), 2,803,922 states left on queue.
Progress(36) at 2026-09-27 07:12:39: 30,977,090 states generated (4,812,231 s/min), 7,304,605 distinct states found (1,026,026 ds/min), 3,290,751 states left on queue.
Progress(37) at 2026-09-27 07:13:39: 35,138,414 states generated (4,161,324 s/min), 8,361,644 distinct states found (1,057,039 ds/min), 3,756,103 states left on queue.
Progress(37) at 2026-09-27 07:14:39: 39,553,752 states generated (4,415,338 s/min), 9,392,033 distinct states found (1,030,389 ds/min), 4,235,145 states left on queue.
Checkpointing of run /home/ubuntu/specula-nvflare-gpt-continuation-20260926/framework/runs/gpt-continuation/nvflare-job/.specula-output/.tlc-state/tlc-states-W5Ov0j/26-09-27-07-05-35.058
Checkpointing completed at (2026-09-27 07:15:39)
Progress(37) at 2026-09-27 07:15:39: 44,243,727 states generated (4,689,975 s/min), 10,411,968 distinct states found (1,019,935 ds/min), 4,715,123 states left on queue.
Progress(37) at 2026-09-27 07:16:39: 48,916,701 states generated (4,672,974 s/min), 11,479,087 distinct states found (1,067,119 ds/min), 5,229,165 states left on queue.
Progress(37) at 2026-09-27 07:17:39: 53,840,413 states generated (4,923,712 s/min), 12,490,402 distinct states found (1,011,315 ds/min), 5,708,922 states left on queue.
Progress(37) at 2026-09-27 07:18:39: 58,704,102 states generated (4,863,689 s/min), 13,501,993 distinct states found (1,011,591 ds/min), 6,181,537 states left on queue.
Progress(38) at 2026-09-27 07:19:39: 63,012,058 states generated (4,307,956 s/min), 14,584,586 distinct states found (1,082,593 ds/min), 6,679,004 states left on queue.
Progress(38) at 2026-09-27 07:20:39: 67,338,284 states generated (4,326,226 s/min), 15,632,827 distinct states found (1,048,241 ds/min), 7,148,760 states left on queue.
Progress(38) at 2026-09-27 07:21:39: 71,983,601 states generated (4,645,317 s/min), 16,639,379 distinct states found (1,006,552 ds/min), 7,603,751 states left on queue.
Progress(38) at 2026-09-27 07:22:39: 76,599,724 states generated (4,616,123 s/min), 17,693,246 distinct states found (1,053,867 ds/min), 8,105,805 states left on queue.
Progress(38) at 2026-09-27 07:23:39: 81,412,387 states generated (4,812,663 s/min), 18,688,256 distinct states found (995,010 ds/min), 8,562,736 states left on queue.
Progress(38) at 2026-09-27 07:24:39: 86,130,292 states generated (4,717,905 s/min), 19,716,260 distinct states found (1,028,004 ds/min), 9,042,000 states left on queue.
Checkpointing of run /home/ubuntu/specula-nvflare-gpt-continuation-20260926/framework/runs/gpt-continuation/nvflare-job/.specula-output/.tlc-state/tlc-states-W5Ov0j/26-09-27-07-05-35.058
Checkpointing completed at (2026-09-27 07:25:40)
Progress(38) at 2026-09-27 07:25:40: 90,929,108 states generated (4,798,816 s/min), 20,762,053 distinct states found (1,045,793 ds/min), 9,533,411 states left on queue.
Progress(38) at 2026-09-27 07:26:40: 95,764,756 states generated (4,835,648 s/min), 21,779,419 distinct states found (1,017,366 ds/min), 10,010,317 states left on queue.
Progress(38) at 2026-09-27 07:27:40: 100,758,744 states generated (4,993,988 s/min), 22,765,154 distinct states found (985,735 ds/min), 10,468,345 states left on queue.
Progress(38) at 2026-09-27 07:28:40: 105,917,383 states generated (5,158,639 s/min), 23,746,307 distinct states found (981,153 ds/min), 10,934,777 states left on queue.
Progress(38) at 2026-09-27 07:29:40: 110,835,438 states generated (4,918,055 s/min), 24,740,571 distinct states found (994,264 ds/min), 11,389,415 states left on queue.
Progress(38) at 2026-09-27 07:30:40: 115,148,118 states generated (4,312,680 s/min), 25,808,816 distinct states found (1,068,245 ds/min), 11,875,607 states left on queue.
Progress(39) at 2026-09-27 07:31:40: 119,620,611 states generated (4,472,493 s/min), 26,869,996 distinct states found (1,061,180 ds/min), 12,370,181 states left on queue.
Progress(39) at 2026-09-27 07:32:40: 123,995,535 states generated (4,374,924 s/min), 27,918,189 distinct states found (1,048,193 ds/min), 12,842,785 states left on queue.
Progress(39) at 2026-09-27 07:33:40: 128,472,769 states generated (4,477,234 s/min), 28,939,761 distinct states found (1,021,572 ds/min), 13,293,642 states left on queue.
Progress(39) at 2026-09-27 07:34:40: 133,238,176 states generated (4,765,407 s/min), 29,885,311 distinct states found (945,550 ds/min), 13,693,983 states left on queue.
