[0;32m================================[0m
[0;32mTLC Model Checking Mode[0m
[0;32m================================[0m
Spec File:       MC.tla
Config File:     MC_hunt_s5_policy.cfg
Memory Limit:    4G
Off-heap Memory: 12G
Workers:         4
Timeout:         30 minutes
[0;34m--- Model Checking Settings ---[0m
Depth Limit:     0
Checkpoint:      10 minutes
Log File:        /home/ubuntu/specula-nvflare-gpt-continuation-20260926/framework/runs/gpt-continuation/nvflare-job/.specula-output/.tlc-tasks/jobs/11fef758be86489e84fd7705a7cb323a/tlc.log
[0;32m================================[0m
[1;33mExecuting Command:[0m
java -XX:+UseParallelGC -Dtlc2.tool.fp.FPSet.impl=tlc2.tool.fp.OffHeapDiskFPSet -XX:MaxDirectMemorySize=12G -Xmx4G -Xms4G -cp /home/ubuntu/specula-nvflare-gpt-continuation-20260926/framework/lib/CommunityModules-deps.jar:/home/ubuntu/specula-nvflare-gpt-continuation-20260926/framework/lib/tla2tools.jar tlc2.TLC -config MC_hunt_s5_policy.cfg MC.tla -workers 4 -deadlock -checkpoint 10 -dumptrace json /home/ubuntu/specula-nvflare-gpt-continuation-20260926/framework/runs/gpt-continuation/nvflare-job/.specula-output/spec/output/continuation-H4-s5_policy/counterexample.json -metadir /home/ubuntu/specula-nvflare-gpt-continuation-20260926/framework/runs/gpt-continuation/nvflare-job/.specula-output/.tlc-state/tlc-states-UA4DLg 

TLC resource budget (Specula run gpt-continuation):
  memory source: user config (64G)
  external memory use: not included in this configured run bound
  memory limit: 64 GiB
  active TLC reserved before request: 16 GiB (this agent: 16 GiB)
  this request: 16 GiB (heap 4 GiB + off-heap 12 GiB)
  remaining before request: 48 GiB
  remaining after admission: 32 GiB
  worker limit: 16
  active TLC workers before request: 4 (this agent: 4)
  this request workers: 4 (4)
  remaining workers before request: 12
  remaining workers after admission: 8
  result: admitted
TLC2 Version 2026.09.23.154203 (rev: 4260e47)
Running breadth-first search Model-Checking with fp 80 and seed 2023798944356135255 with 4 workers on 96 cores with 3925MB heap and 12288MB offheap memory [pid: 4128621] (Linux 6.8.0-1044-azure amd64, Ubuntu 21.0.11 64bit, OffHeapDiskFPSet, DiskStateQueue).
Parsing file /home/ubuntu/specula-nvflare-gpt-continuation-20260926/framework/runs/gpt-continuation/nvflare-job/.specula-output/spec/output/continuation-H4-s5_policy/MC.tla
Parsing file /home/ubuntu/specula-nvflare-gpt-continuation-20260926/framework/runs/gpt-continuation/nvflare-job/.specula-output/spec/output/continuation-H4-s5_policy/base.tla
Parsing file /tmp/tlc-4484446517592448446/_JsonTrace.tla (jar:file:/home/ubuntu/specula-nvflare-gpt-continuation-20260926/framework/lib/tla2tools.jar!/tla2sany/StandardModules/_JsonTrace.tla)
Parsing file /tmp/tlc-4484446517592448446/_TLCTrace.tla (jar:file:/home/ubuntu/specula-nvflare-gpt-continuation-20260926/framework/lib/tla2tools.jar!/tla2sany/StandardModules/_TLCTrace.tla)
Parsing file /tmp/tlc-4484446517592448446/Integers.tla (jar:file:/home/ubuntu/specula-nvflare-gpt-continuation-20260926/framework/lib/tla2tools.jar!/tla2sany/StandardModules/Integers.tla)
Parsing file /tmp/tlc-4484446517592448446/Sequences.tla (jar:file:/home/ubuntu/specula-nvflare-gpt-continuation-20260926/framework/lib/tla2tools.jar!/tla2sany/StandardModules/Sequences.tla)
Parsing file /tmp/tlc-4484446517592448446/FiniteSets.tla (jar:file:/home/ubuntu/specula-nvflare-gpt-continuation-20260926/framework/lib/tla2tools.jar!/tla2sany/StandardModules/FiniteSets.tla)
Parsing file /tmp/tlc-4484446517592448446/TLC.tla (jar:file:/home/ubuntu/specula-nvflare-gpt-continuation-20260926/framework/lib/tla2tools.jar!/tla2sany/StandardModules/TLC.tla)
Parsing file /tmp/tlc-4484446517592448446/Naturals.tla (jar:file:/home/ubuntu/specula-nvflare-gpt-continuation-20260926/framework/lib/tla2tools.jar!/tla2sany/StandardModules/Naturals.tla)
Parsing file /tmp/tlc-4484446517592448446/TLCExt.tla (jar:file:/home/ubuntu/specula-nvflare-gpt-continuation-20260926/framework/lib/tla2tools.jar!/tla2sany/StandardModules/TLCExt.tla)
Parsing file /tmp/tlc-4484446517592448446/Json.tla (jar:file:/home/ubuntu/specula-nvflare-gpt-continuation-20260926/framework/lib/tla2tools.jar!/tla2sany/StandardModules/Json.tla)
Semantic processing of module Naturals
Semantic processing of module Integers
Semantic processing of module Sequences
Semantic processing of module FiniteSets
Semantic processing of module TLC
Semantic processing of module base
Semantic processing of module TLCExt
Semantic processing of module Json
Semantic processing of module _JsonTrace
Semantic processing of module _TLCTrace
Semantic processing of module MC
Linting of module base
Linting of module TLCExt
Linting of module Json
Linting of module _JsonTrace
Linting of module _TLCTrace
Linting of module MC
Starting... (2026-09-26 17:15:00)
Computing initial states...
Finished computing initial states: 1 distinct state generated at 2026-09-26 17:15:01.
Progress(30) at 2026-09-26 17:15:04: 177,425 states generated (177,425 s/min), 47,053 distinct states found (47,053 ds/min), 19,349 states left on queue.
Progress(36) at 2026-09-26 17:16:04: 4,882,573 states generated (4,705,148 s/min), 1,082,862 distinct states found (1,035,809 ds/min), 409,233 states left on queue.
Progress(38) at 2026-09-26 17:17:04: 9,563,179 states generated (4,680,606 s/min), 2,075,059 distinct states found (992,197 ds/min), 778,496 states left on queue.
Progress(38) at 2026-09-26 17:18:04: 14,417,021 states generated (4,853,842 s/min), 3,035,341 distinct states found (960,282 ds/min), 1,134,912 states left on queue.
Progress(39) at 2026-09-26 17:19:04: 19,370,336 states generated (4,953,315 s/min), 4,014,398 distinct states found (979,057 ds/min), 1,533,810 states left on queue.
Progress(40) at 2026-09-26 17:20:04: 24,272,729 states generated (4,902,393 s/min), 4,947,137 distinct states found (932,739 ds/min), 1,817,409 states left on queue.
Progress(40) at 2026-09-26 17:21:04: 29,279,416 states generated (5,006,687 s/min), 5,936,172 distinct states found (989,035 ds/min), 2,224,822 states left on queue.
Progress(40) at 2026-09-26 17:22:04: 34,302,397 states generated (5,022,981 s/min), 6,827,591 distinct states found (891,419 ds/min), 2,526,299 states left on queue.
Progress(41) at 2026-09-26 17:23:04: 39,210,837 states generated (4,908,440 s/min), 7,717,112 distinct states found (889,521 ds/min), 2,758,926 states left on queue.
Progress(41) at 2026-09-26 17:24:04: 44,141,654 states generated (4,930,817 s/min), 8,707,152 distinct states found (990,040 ds/min), 3,172,294 states left on queue.
Checkpointing of run /home/ubuntu/specula-nvflare-gpt-continuation-20260926/framework/runs/gpt-continuation/nvflare-job/.specula-output/.tlc-state/tlc-states-UA4DLg/26-09-26-17-14-59.804
Checkpointing completed at (2026-09-26 17:25:04)
Progress(41) at 2026-09-26 17:25:04: 49,292,467 states generated (5,150,813 s/min), 9,595,898 distinct states found (888,746 ds/min), 3,503,076 states left on queue.
Progress(41) at 2026-09-26 17:26:04: 54,426,551 states generated (5,134,084 s/min), 10,446,833 distinct states found (850,935 ds/min), 3,777,178 states left on queue.
Progress(41) at 2026-09-26 17:27:04: 59,250,758 states generated (4,824,207 s/min), 11,280,427 distinct states found (833,594 ds/min), 3,941,808 states left on queue.
Progress(42) at 2026-09-26 17:28:04: 64,135,609 states generated (4,884,851 s/min), 12,192,915 distinct states found (912,488 ds/min), 4,199,983 states left on queue.
Progress(42) at 2026-09-26 17:29:04: 69,230,532 states generated (5,094,923 s/min), 13,194,146 distinct states found (1,001,231 ds/min), 4,662,502 states left on queue.
Progress(42) at 2026-09-26 17:30:04: 74,428,797 states generated (5,198,265 s/min), 14,094,661 distinct states found (900,515 ds/min), 5,041,519 states left on queue.
Progress(42) at 2026-09-26 17:31:04: 79,606,929 states generated (5,178,132 s/min), 14,922,596 distinct states found (827,935 ds/min), 5,294,568 states left on queue.
Progress(42) at 2026-09-26 17:32:04: 84,803,701 states generated (5,196,772 s/min), 15,745,263 distinct states found (822,667 ds/min), 5,544,383 states left on queue.
Progress(42) at 2026-09-26 17:33:04: 89,748,930 states generated (4,945,229 s/min), 16,569,606 distinct states found (824,343 ds/min), 5,717,130 states left on queue.
Progress(42) at 2026-09-26 17:34:04: 94,716,914 states generated (4,967,984 s/min), 17,356,555 distinct states found (786,949 ds/min), 5,842,123 states left on queue.
Checkpointing of run /home/ubuntu/specula-nvflare-gpt-continuation-20260926/framework/runs/gpt-continuation/nvflare-job/.specula-output/.tlc-state/tlc-states-UA4DLg/26-09-26-17-14-59.804
Checkpointing completed at (2026-09-26 17:35:04)
Progress(43) at 2026-09-26 17:35:04: 99,691,839 states generated (4,974,925 s/min), 18,259,067 distinct states found (902,512 ds/min), 6,092,620 states left on queue.
Progress(43) at 2026-09-26 17:36:04: 104,783,610 states generated (5,091,771 s/min), 19,255,003 distinct states found (995,936 ds/min), 6,539,498 states left on queue.
Progress(43) at 2026-09-26 17:37:04: 110,005,276 states generated (5,221,666 s/min), 20,206,798 distinct states found (951,795 ds/min), 6,970,820 states left on queue.
Progress(43) at 2026-09-26 17:38:04: 115,276,569 states generated (5,271,293 s/min), 21,075,426 distinct states found (868,628 ds/min), 7,346,480 states left on queue.
Progress(43) at 2026-09-26 17:39:04: 120,450,458 states generated (5,173,889 s/min), 21,967,885 distinct states found (892,459 ds/min), 7,687,778 states left on queue.
Progress(43) at 2026-09-26 17:40:04: 125,643,947 states generated (5,193,489 s/min), 22,743,309 distinct states found (775,424 ds/min), 7,895,818 states left on queue.
Progress(43) at 2026-09-26 17:41:04: 130,810,193 states generated (5,166,246 s/min), 23,514,339 distinct states found (771,030 ds/min), 8,113,953 states left on queue.
Progress(43) at 2026-09-26 17:42:04: 135,959,494 states generated (5,149,301 s/min), 24,260,113 distinct states found (745,774 ds/min), 8,293,389 states left on queue.
Progress(43) at 2026-09-26 17:43:04: 140,735,580 states generated (4,776,086 s/min), 25,045,911 distinct states found (785,798 ds/min), 8,393,940 states left on queue.
Progress(43) at 2026-09-26 17:44:04: 145,675,919 states generated (4,940,339 s/min), 25,801,699 distinct states found (755,788 ds/min), 8,485,496 states left on queue.

[0;32m================================[0m
[1;33m⚠ Timed out[0m
[0;32m================================[0m
