COMMAND: timeout 10m env RESET_SCANNER_MODE=start RESET_SCANNER_AGE=0 RESET_SCANNER_OUTPUT=/home/ubuntu/temporal-investigation-20260909/overnight-20260909/specula-engine/runs/temporal-reset-20260909-restart-1600/temporal-reset/.specula-output/confirmation/MC-1/repro-logs/script-20260910T012303Z /home/ubuntu/temporal-investigation-20260909/overnight-20260909/specula-engine/runs/temporal-reset-20260909-restart-1600/temporal-reset/.specula-output/harness/build/reset-trace.test -test.run '^TestWorkflowResetTestSuite/TestValidationScannerAge$' -test.v -test.count=1
CASE mode=start age=0 go_test_rc=1 log=/home/ubuntu/temporal-investigation-20260909/overnight-20260909/specula-engine/runs/temporal-reset-20260909-restart-1600/temporal-reset/.specula-output/confirmation/MC-1/repro-logs/script-20260910T012303Z/start-0.log
    reset_scanner_validation_test.go:163: SCANNER_OBSERVATION mode=start minAge=0s branchAge=2.24683ms eligible=true acknowledged=01a088e9-437c-7bad-825c-cfd042855213 persistedNext=3 historyEvents=0 historyError=Workflow execution history not found.
    reset_scanner_validation_test.go:179: SCANNER_RECOVERY startRetry=run_id:"01a088e9-437c-7bad-825c-cfd042855213"  first_execution_run_id:"01a088e9-437c-7bad-825c-cfd042855213"  started:true  status:WORKFLOW_EXECUTION_STATUS_RUNNING  link:{workflow_event:{namespace:"TestWorkflowResetTestSuite-TestValidationScannerAge-a421db00-a9c0-40a5-90df-11052c8fb125"  workflow_id:"TestWorkflowResetTestSuite/TestValidationScannerAge_workflow_id"  run_id:"01a088e9-437c-7bad-825c-cfd042855213"  event_ref:{event_id:1  event_type:EVENT_TYPE_WORKFLOW_EXECUTION_STARTED}}} error=<nil>
EVIDENCE: short age deleted/invalidated history for acknowledged start run: historyEvents=0 expected=2 historyError=Workflow execution history not found.
COMMAND: timeout 10m env RESET_SCANNER_MODE=reset RESET_SCANNER_AGE=0 RESET_SCANNER_OUTPUT=/home/ubuntu/temporal-investigation-20260909/overnight-20260909/specula-engine/runs/temporal-reset-20260909-restart-1600/temporal-reset/.specula-output/confirmation/MC-1/repro-logs/script-20260910T012303Z /home/ubuntu/temporal-investigation-20260909/overnight-20260909/specula-engine/runs/temporal-reset-20260909-restart-1600/temporal-reset/.specula-output/harness/build/reset-trace.test -test.run '^TestWorkflowResetTestSuite/TestValidationScannerAge$' -test.v -test.count=1
CASE mode=reset age=0 go_test_rc=1 log=/home/ubuntu/temporal-investigation-20260909/overnight-20260909/specula-engine/runs/temporal-reset-20260909-restart-1600/temporal-reset/.specula-output/confirmation/MC-1/repro-logs/script-20260910T012303Z/reset-0.log
    reset_scanner_validation_test.go:163: SCANNER_OBSERVATION mode=reset minAge=0s branchAge=4.262693ms eligible=true acknowledged=a11a7081-fe25-4e6e-a82f-a4dd0435c858 persistedNext=6 historyEvents=3 historyError=<nil>
    reset_scanner_validation_test.go:160: SCANNER_EXPECTED_ASSERTIONS count=1
    reset_scanner_validation_test.go:173: SCANNER_RECOVERY resetRetry=run_id:"85fabd06-dc15-47e8-b92d-e40987f6c2c3" error=<nil>
    reset_scanner_validation_test.go:60: SCANNER_WORKER_COMPLETE run=85fabd06-dc15-47e8-b92d-e40987f6c2c3 status=Completed
EVIDENCE: short age deleted/invalidated history for acknowledged reset run: historyEvents=3 expected=5 historyError=<nil>
COMMAND: timeout 10m env RESET_SCANNER_MODE=start RESET_SCANNER_AGE=60d RESET_SCANNER_OUTPUT=/home/ubuntu/temporal-investigation-20260909/overnight-20260909/specula-engine/runs/temporal-reset-20260909-restart-1600/temporal-reset/.specula-output/confirmation/MC-1/repro-logs/script-20260910T012303Z /home/ubuntu/temporal-investigation-20260909/overnight-20260909/specula-engine/runs/temporal-reset-20260909-restart-1600/temporal-reset/.specula-output/harness/build/reset-trace.test -test.run '^TestWorkflowResetTestSuite/TestValidationScannerAge$' -test.v -test.count=1
CASE mode=start age=60d go_test_rc=1 log=/home/ubuntu/temporal-investigation-20260909/overnight-20260909/specula-engine/runs/temporal-reset-20260909-restart-1600/temporal-reset/.specula-output/confirmation/MC-1/repro-logs/script-20260910T012303Z/start-60d.log
    reset_scanner_validation_test.go:163: SCANNER_OBSERVATION mode=start minAge=1440h0m0s branchAge=4.567032ms eligible=false acknowledged=01a088e9-44e2-74d0-8911-664231c5624b persistedNext=3 historyEvents=2 historyError=<nil>
    reset_scanner_validation_test.go:60: SCANNER_WORKER_COMPLETE run=01a088e9-44e2-74d0-8911-664231c5624b status=Completed
CONTROL: default age preserved acknowledged start run history: historyEvents=2 expected=2
COMMAND: timeout 10m env RESET_SCANNER_MODE=reset RESET_SCANNER_AGE=60d RESET_SCANNER_OUTPUT=/home/ubuntu/temporal-investigation-20260909/overnight-20260909/specula-engine/runs/temporal-reset-20260909-restart-1600/temporal-reset/.specula-output/confirmation/MC-1/repro-logs/script-20260910T012303Z /home/ubuntu/temporal-investigation-20260909/overnight-20260909/specula-engine/runs/temporal-reset-20260909-restart-1600/temporal-reset/.specula-output/harness/build/reset-trace.test -test.run '^TestWorkflowResetTestSuite/TestValidationScannerAge$' -test.v -test.count=1
CASE mode=reset age=60d go_test_rc=1 log=/home/ubuntu/temporal-investigation-20260909/overnight-20260909/specula-engine/runs/temporal-reset-20260909-restart-1600/temporal-reset/.specula-output/confirmation/MC-1/repro-logs/script-20260910T012303Z/reset-60d.log
    reset_scanner_validation_test.go:163: SCANNER_OBSERVATION mode=reset minAge=1440h0m0s branchAge=3.559075ms eligible=false acknowledged=0f8cd6a0-0476-4902-9c05-8c4c9009c0ac persistedNext=6 historyEvents=5 historyError=<nil>
    reset_scanner_validation_test.go:60: SCANNER_WORKER_COMPLETE run=0f8cd6a0-0476-4902-9c05-8c4c9009c0ac status=Completed
CONTROL: default age preserved acknowledged reset run history: historyEvents=5 expected=5
REPRO_RESULT PASS: MC-1 scanner-age sensitivity reproduced with public Start/Reset handlers and controlled by 60-day minimum age
