[0;32m================================[0m
[0;32mTLC Model Checking Mode[0m
[0;32m================================[0m
Spec File:       MC.tla
Config File:     MC.cfg
Memory Limit:    16G
Off-heap Memory: 64G
Workers:         32
Timeout:         30 minutes
[0;34m--- Model Checking Settings ---[0m
Depth Limit:     0
Checkpoint:      10 minutes
Log File:        output/MC_round1_bfs_retry.out
[0;32m================================[0m
[1;33mExecuting Command:[0m
java -XX:+UseParallelGC -Dtlc2.tool.fp.FPSet.impl=tlc2.tool.fp.OffHeapDiskFPSet -XX:MaxDirectMemorySize=64G -Xmx16G -Xms16G -cp /home/ubuntu/specula-vsr-runner-20260905/lib/CommunityModules-deps.jar:/home/ubuntu/specula-vsr-runner-20260905/lib/tla2tools.jar tlc2.TLC -config MC.cfg MC.tla -workers 32 -deadlock -checkpoint 10 -dumptrace json output/MC_round1_bfs_retry.json -metadir /tmp/tlc-states-Hsnhpn 

TLC resource budget (Specula run vsr-rs-gpt6astra-ultra-20260905):
  memory source: user config (128G)
  external memory use: not included in this configured run bound
  memory limit: 128 GiB
  active TLC reserved before request: 0 bytes (this agent: 0 bytes)
  this request: 80 GiB (heap 16 GiB + off-heap 64 GiB)
  remaining before request: 128 GiB
  remaining after admission: 48 GiB
  worker limit: 32
  active TLC workers before request: 0 (this agent: 0)
  this request workers: 32 (32)
  remaining workers before request: 32
  remaining workers after admission: 0
  result: admitted
TLC2 Version 2026.09.04.170753 (rev: b123b22)
Running breadth-first search Model-Checking with fp 62 and seed -6775952001995300111 with 32 workers on 96 cores with 15701MB heap and 65536MB offheap memory [pid: 4049989] (Linux 6.8.0-1044-azure amd64, Ubuntu 21.0.11 64bit, OffHeapDiskFPSet, DiskStateQueue).
Parsing file /home/ubuntu/specula-vsr-runner-20260905/runs/vsr-rs-gpt6astra-ultra-20260905/vsr-rs/.specula-output/spec/MC.tla
Parsing file /home/ubuntu/specula-vsr-runner-20260905/runs/vsr-rs-gpt6astra-ultra-20260905/vsr-rs/.specula-output/spec/base.tla
Parsing file /tmp/tlc-210253478849752314/_JsonTrace.tla (jar:file:/home/ubuntu/specula-vsr-runner-20260905/lib/tla2tools.jar!/tla2sany/StandardModules/_JsonTrace.tla)
Parsing file /tmp/tlc-210253478849752314/_TLCTrace.tla (jar:file:/home/ubuntu/specula-vsr-runner-20260905/lib/tla2tools.jar!/tla2sany/StandardModules/_TLCTrace.tla)
Parsing file /tmp/tlc-210253478849752314/Naturals.tla (jar:file:/home/ubuntu/specula-vsr-runner-20260905/lib/tla2tools.jar!/tla2sany/StandardModules/Naturals.tla)
Parsing file /tmp/tlc-210253478849752314/Integers.tla (jar:file:/home/ubuntu/specula-vsr-runner-20260905/lib/tla2tools.jar!/tla2sany/StandardModules/Integers.tla)
Parsing file /tmp/tlc-210253478849752314/Sequences.tla (jar:file:/home/ubuntu/specula-vsr-runner-20260905/lib/tla2tools.jar!/tla2sany/StandardModules/Sequences.tla)
Parsing file /tmp/tlc-210253478849752314/FiniteSets.tla (jar:file:/home/ubuntu/specula-vsr-runner-20260905/lib/tla2tools.jar!/tla2sany/StandardModules/FiniteSets.tla)
Parsing file /tmp/tlc-210253478849752314/Bags.tla (jar:file:/home/ubuntu/specula-vsr-runner-20260905/lib/tla2tools.jar!/tla2sany/StandardModules/Bags.tla)
Parsing file /tmp/tlc-210253478849752314/TLC.tla (jar:file:/home/ubuntu/specula-vsr-runner-20260905/lib/tla2tools.jar!/tla2sany/StandardModules/TLC.tla)
Parsing file /tmp/tlc-210253478849752314/TLCExt.tla (jar:file:/home/ubuntu/specula-vsr-runner-20260905/lib/tla2tools.jar!/tla2sany/StandardModules/TLCExt.tla)
Parsing file /tmp/tlc-210253478849752314/Json.tla (jar:file:/home/ubuntu/specula-vsr-runner-20260905/lib/tla2tools.jar!/tla2sany/StandardModules/Json.tla)
Semantic processing of module Naturals
Semantic processing of module Integers
Semantic processing of module Sequences
Semantic processing of module FiniteSets
Semantic processing of module TLC
Semantic processing of module Bags
Semantic processing of module base
Semantic processing of module TLCExt
Semantic processing of module Json
Semantic processing of module _JsonTrace
Semantic processing of module _TLCTrace
Semantic processing of module MC
Linting of module base
Linting of module TLCExt
Linting of module Json
Linting of module _JsonTrace
Linting of module _TLCTrace
Linting of module MC
Starting... (2026-09-05 14:03:18)
Computing initial states...
Finished computing initial states: 1 distinct state generated at 2026-09-05 14:03:19.
Progress(12) at 2026-09-05 14:03:22: 1,620,825 states generated (1,620,825 s/min), 435,805 distinct states found (435,805 ds/min), 292,155 states left on queue.
Progress(15) at 2026-09-05 14:04:22: 48,577,448 states generated (46,956,623 s/min), 10,333,410 distinct states found (9,897,605 ds/min), 6,315,547 states left on queue.

[0;32m================================[0m
[1;33m⚠ Exited abnormally (exit code: 143)[0m
[0;32m================================[0m
