TLC2 Version 2026.09.04.170753 (rev: b123b22)
Running breadth-first search Model-Checking with fp 81 and seed 4879234374004907458 with 32 workers on 96 cores with 15701MB heap and 65536MB offheap memory [pid: 4064231] (Linux 6.8.0-1044-azure amd64, Ubuntu 21.0.11 64bit, OffHeapDiskFPSet, DiskStateQueue).
Parsing file /home/ubuntu/specula-vsr-runner-20260905/runs/vsr-rs-gpt6astra-ultra-20260905/vsr-rs/.specula-output/spec/MC.tla
Parsing file /home/ubuntu/specula-vsr-runner-20260905/runs/vsr-rs-gpt6astra-ultra-20260905/vsr-rs/.specula-output/spec/base.tla
Parsing file /tmp/tlc-5053109645751014214/_JsonTrace.tla (jar:file:/home/ubuntu/specula-vsr-runner-20260905/lib/tla2tools.jar!/tla2sany/StandardModules/_JsonTrace.tla)
Parsing file /tmp/tlc-5053109645751014214/_TLCTrace.tla (jar:file:/home/ubuntu/specula-vsr-runner-20260905/lib/tla2tools.jar!/tla2sany/StandardModules/_TLCTrace.tla)
Parsing file /tmp/tlc-5053109645751014214/Naturals.tla (jar:file:/home/ubuntu/specula-vsr-runner-20260905/lib/tla2tools.jar!/tla2sany/StandardModules/Naturals.tla)
Parsing file /tmp/tlc-5053109645751014214/Integers.tla (jar:file:/home/ubuntu/specula-vsr-runner-20260905/lib/tla2tools.jar!/tla2sany/StandardModules/Integers.tla)
Parsing file /tmp/tlc-5053109645751014214/Sequences.tla (jar:file:/home/ubuntu/specula-vsr-runner-20260905/lib/tla2tools.jar!/tla2sany/StandardModules/Sequences.tla)
Parsing file /tmp/tlc-5053109645751014214/FiniteSets.tla (jar:file:/home/ubuntu/specula-vsr-runner-20260905/lib/tla2tools.jar!/tla2sany/StandardModules/FiniteSets.tla)
Parsing file /tmp/tlc-5053109645751014214/Bags.tla (jar:file:/home/ubuntu/specula-vsr-runner-20260905/lib/tla2tools.jar!/tla2sany/StandardModules/Bags.tla)
Parsing file /tmp/tlc-5053109645751014214/TLC.tla (jar:file:/home/ubuntu/specula-vsr-runner-20260905/lib/tla2tools.jar!/tla2sany/StandardModules/TLC.tla)
Parsing file /tmp/tlc-5053109645751014214/TLCExt.tla (jar:file:/home/ubuntu/specula-vsr-runner-20260905/lib/tla2tools.jar!/tla2sany/StandardModules/TLCExt.tla)
Parsing file /tmp/tlc-5053109645751014214/Json.tla (jar:file:/home/ubuntu/specula-vsr-runner-20260905/lib/tla2tools.jar!/tla2sany/StandardModules/Json.tla)
Semantic processing of module Naturals
Semantic processing of module Integers
Semantic processing of module Sequences
Semantic processing of module FiniteSets
Semantic processing of module TLC
Semantic processing of module Bags
Semantic processing of module base
Semantic processing of module TLCExt
Semantic processing of module Json
Semantic processing of module _JsonTrace
Semantic processing of module _TLCTrace
Semantic processing of module MC
Linting of module base
Linting of module TLCExt
Linting of module Json
Linting of module _JsonTrace
Linting of module _TLCTrace
Linting of module MC
Starting... (2026-09-05 14:04:51)
Computing initial states...
Finished computing initial states: 1 distinct state generated at 2026-09-05 14:04:53.
Progress(12) at 2026-09-05 14:04:56: 1,697,851 states generated (1,697,851 s/min), 454,624 distinct states found (454,624 ds/min), 303,635 states left on queue.
Progress(15) at 2026-09-05 14:05:56: 48,273,477 states generated (46,575,626 s/min), 10,291,288 distinct states found (9,836,664 ds/min), 6,277,634 states left on queue.
Progress(16) at 2026-09-05 14:06:56: 94,187,399 states generated (45,913,922 s/min), 19,292,949 distinct states found (9,001,661 ds/min), 11,505,570 states left on queue.
Progress(16) at 2026-09-05 14:07:56: 140,873,139 states generated (46,685,740 s/min), 28,111,088 distinct states found (8,818,139 ds/min), 16,607,492 states left on queue.
Progress(17) at 2026-09-05 14:08:56: 185,606,032 states generated (44,732,893 s/min), 36,457,066 distinct states found (8,345,978 ds/min), 21,356,297 states left on queue.
Progress(17) at 2026-09-05 14:09:56: 230,464,185 states generated (44,858,153 s/min), 44,952,406 distinct states found (8,495,340 ds/min), 26,093,105 states left on queue.
Progress(17) at 2026-09-05 14:10:56: 274,842,599 states generated (44,378,414 s/min), 53,329,611 distinct states found (8,377,205 ds/min), 30,812,228 states left on queue.
Progress(17) at 2026-09-05 14:11:56: 321,663,533 states generated (46,820,934 s/min), 61,562,756 distinct states found (8,233,145 ds/min), 35,528,290 states left on queue.
Progress(17) at 2026-09-05 14:12:56: 366,960,128 states generated (45,296,595 s/min), 69,568,198 distinct states found (8,005,442 ds/min), 40,029,429 states left on queue.
Progress(17) at 2026-09-05 14:13:56: 409,927,439 states generated (42,967,311 s/min), 77,082,141 distinct states found (7,513,943 ds/min), 44,248,244 states left on queue.
Checkpointing of run /home/ubuntu/specula-vsr-runner-20260905/runs/vsr-rs-gpt6astra-ultra-20260905/vsr-rs/.specula-output/spec/output/tlc-tmp/tlc-states-tNQAuq/26-09-05-14-04-51.528
Checkpointing completed at (2026-09-05 14:14:56)
Progress(18) at 2026-09-05 14:14:56: 454,282,488 states generated (44,355,049 s/min), 85,229,324 distinct states found (8,147,183 ds/min), 48,682,879 states left on queue.
Progress(18) at 2026-09-05 14:15:56: 497,740,741 states generated (43,458,253 s/min), 93,088,998 distinct states found (7,859,674 ds/min), 52,984,122 states left on queue.
Progress(18) at 2026-09-05 14:16:56: 542,219,838 states generated (44,479,097 s/min), 100,946,022 distinct states found (7,857,024 ds/min), 57,107,002 states left on queue.
Progress(18) at 2026-09-05 14:17:56: 586,867,019 states generated (44,647,181 s/min), 109,294,432 distinct states found (8,348,410 ds/min), 61,951,166 states left on queue.
Progress(18) at 2026-09-05 14:18:56: 632,575,948 states generated (45,708,929 s/min), 117,556,109 distinct states found (8,261,677 ds/min), 66,341,640 states left on queue.
Progress(18) at 2026-09-05 14:19:56: 677,986,094 states generated (45,410,146 s/min), 125,538,153 distinct states found (7,982,044 ds/min), 70,705,186 states left on queue.
Progress(18) at 2026-09-05 14:20:56: 724,962,578 states generated (46,976,484 s/min), 133,690,517 distinct states found (8,152,364 ds/min), 75,357,501 states left on queue.
Progress(18) at 2026-09-05 14:21:56: 769,912,406 states generated (44,949,828 s/min), 141,010,813 distinct states found (7,320,296 ds/min), 79,346,624 states left on queue.
Progress(18) at 2026-09-05 14:22:56: 815,111,307 states generated (45,198,901 s/min), 148,567,167 distinct states found (7,556,354 ds/min), 83,376,988 states left on queue.
Progress(18) at 2026-09-05 14:23:56: 858,872,238 states generated (43,760,931 s/min), 156,235,169 distinct states found (7,668,002 ds/min), 87,686,196 states left on queue.
Checkpointing of run /home/ubuntu/specula-vsr-runner-20260905/runs/vsr-rs-gpt6astra-ultra-20260905/vsr-rs/.specula-output/spec/output/tlc-tmp/tlc-states-tNQAuq/26-09-05-14-04-51.528
Checkpointing completed at (2026-09-05 14:24:58)
Progress(18) at 2026-09-05 14:24:58: 903,283,741 states generated (44,411,503 s/min), 163,745,683 distinct states found (7,510,514 ds/min), 91,884,826 states left on queue.
Progress(18) at 2026-09-05 14:25:58: 946,747,146 states generated (43,463,405 s/min), 171,052,594 distinct states found (7,306,911 ds/min), 95,928,419 states left on queue.
Progress(19) at 2026-09-05 14:26:58: 989,790,334 states generated (43,043,188 s/min), 178,500,041 distinct states found (7,447,447 ds/min), 99,928,152 states left on queue.
Progress(19) at 2026-09-05 14:27:58: 1,033,920,884 states generated (44,130,550 s/min), 186,421,878 distinct states found (7,921,837 ds/min), 104,157,557 states left on queue.
Progress(19) at 2026-09-05 14:28:58: 1,079,138,824 states generated (45,217,940 s/min), 194,176,500 distinct states found (7,754,622 ds/min), 108,241,266 states left on queue.
Progress(19) at 2026-09-05 14:29:58: 1,123,177,816 states generated (44,038,992 s/min), 201,752,304 distinct states found (7,575,804 ds/min), 112,305,995 states left on queue.
Progress(19) at 2026-09-05 14:30:58: 1,165,835,082 states generated (42,657,266 s/min), 209,254,022 distinct states found (7,501,718 ds/min), 116,282,697 states left on queue.
Progress(19) at 2026-09-05 14:31:58: 1,208,647,594 states generated (42,812,512 s/min), 216,599,275 distinct states found (7,345,253 ds/min), 120,045,735 states left on queue.
Progress(19) at 2026-09-05 14:32:58: 1,253,626,295 states generated (44,978,701 s/min), 224,100,178 distinct states found (7,500,903 ds/min), 123,848,391 states left on queue.
Progress(19) at 2026-09-05 14:33:58: 1,299,398,606 states generated (45,772,311 s/min), 232,574,619 distinct states found (8,474,441 ds/min), 128,644,184 states left on queue.
