TLC2 Version 2026.09.04.170753 (rev: b123b22)
Running breadth-first search Model-Checking with fp 62 and seed -6775952001995300111 with 32 workers on 96 cores with 15701MB heap and 65536MB offheap memory [pid: 4049989] (Linux 6.8.0-1044-azure amd64, Ubuntu 21.0.11 64bit, OffHeapDiskFPSet, DiskStateQueue).
Parsing file /home/ubuntu/specula-vsr-runner-20260905/runs/vsr-rs-gpt6astra-ultra-20260905/vsr-rs/.specula-output/spec/MC.tla
Parsing file /home/ubuntu/specula-vsr-runner-20260905/runs/vsr-rs-gpt6astra-ultra-20260905/vsr-rs/.specula-output/spec/base.tla
Parsing file /tmp/tlc-210253478849752314/_JsonTrace.tla (jar:file:/home/ubuntu/specula-vsr-runner-20260905/lib/tla2tools.jar!/tla2sany/StandardModules/_JsonTrace.tla)
Parsing file /tmp/tlc-210253478849752314/_TLCTrace.tla (jar:file:/home/ubuntu/specula-vsr-runner-20260905/lib/tla2tools.jar!/tla2sany/StandardModules/_TLCTrace.tla)
Parsing file /tmp/tlc-210253478849752314/Naturals.tla (jar:file:/home/ubuntu/specula-vsr-runner-20260905/lib/tla2tools.jar!/tla2sany/StandardModules/Naturals.tla)
Parsing file /tmp/tlc-210253478849752314/Integers.tla (jar:file:/home/ubuntu/specula-vsr-runner-20260905/lib/tla2tools.jar!/tla2sany/StandardModules/Integers.tla)
Parsing file /tmp/tlc-210253478849752314/Sequences.tla (jar:file:/home/ubuntu/specula-vsr-runner-20260905/lib/tla2tools.jar!/tla2sany/StandardModules/Sequences.tla)
Parsing file /tmp/tlc-210253478849752314/FiniteSets.tla (jar:file:/home/ubuntu/specula-vsr-runner-20260905/lib/tla2tools.jar!/tla2sany/StandardModules/FiniteSets.tla)
Parsing file /tmp/tlc-210253478849752314/Bags.tla (jar:file:/home/ubuntu/specula-vsr-runner-20260905/lib/tla2tools.jar!/tla2sany/StandardModules/Bags.tla)
Parsing file /tmp/tlc-210253478849752314/TLC.tla (jar:file:/home/ubuntu/specula-vsr-runner-20260905/lib/tla2tools.jar!/tla2sany/StandardModules/TLC.tla)
Parsing file /tmp/tlc-210253478849752314/TLCExt.tla (jar:file:/home/ubuntu/specula-vsr-runner-20260905/lib/tla2tools.jar!/tla2sany/StandardModules/TLCExt.tla)
Parsing file /tmp/tlc-210253478849752314/Json.tla (jar:file:/home/ubuntu/specula-vsr-runner-20260905/lib/tla2tools.jar!/tla2sany/StandardModules/Json.tla)
Semantic processing of module Naturals
Semantic processing of module Integers
Semantic processing of module Sequences
Semantic processing of module FiniteSets
Semantic processing of module TLC
Semantic processing of module Bags
Semantic processing of module base
Semantic processing of module TLCExt
Semantic processing of module Json
Semantic processing of module _JsonTrace
Semantic processing of module _TLCTrace
Semantic processing of module MC
Linting of module base
Linting of module TLCExt
Linting of module Json
Linting of module _JsonTrace
Linting of module _TLCTrace
Linting of module MC
Starting... (2026-09-05 14:03:18)
Computing initial states...
Finished computing initial states: 1 distinct state generated at 2026-09-05 14:03:19.
Progress(12) at 2026-09-05 14:03:22: 1,620,825 states generated (1,620,825 s/min), 435,805 distinct states found (435,805 ds/min), 292,155 states left on queue.
Progress(15) at 2026-09-05 14:04:22: 48,577,448 states generated (46,956,623 s/min), 10,333,410 distinct states found (9,897,605 ds/min), 6,315,547 states left on queue.
