[0;32m================================[0m
[0;32mTLC Model Checking Mode[0m
[0;32m================================[0m
Spec File:       MC.tla
Config File:     MC_hunt_s4_cancel_overlap.cfg
Memory Limit:    4G
Off-heap Memory: 6G
Workers:         3
Timeout:         30 minutes
[0;34m--- Model Checking Settings ---[0m
Depth Limit:     0
Checkpoint:      10 minutes
Log File:        tlc.out
[0;32m================================[0m
[1;33mExecuting Command:[0m
java -XX:+UseParallelGC -Dtlc2.tool.fp.FPSet.impl=tlc2.tool.fp.OffHeapDiskFPSet -XX:MaxDirectMemorySize=6G -Xmx4G -Xms4G -cp /home/ubuntu/nvflare-runs-20260913/specula/lib/CommunityModules-deps.jar:/home/ubuntu/nvflare-runs-20260913/specula/lib/tla2tools.jar tlc2.TLC -config MC_hunt_s4_cancel_overlap.cfg MC.tla -workers 3 -deadlock -checkpoint 10 -dumptrace json counterexample.json -metadir /home/ubuntu/nvflare-runs-20260913/scratch/fedavg/tlc/tlc-states-4LyOA0 

TLC resource budget (Specula run nvflare-fedavg-20260913):
  memory source: user config (128G)
  external memory use: not included in this configured run bound
  memory limit: 128 GiB
  active TLC reserved before request: 30 GiB (this agent: 30 GiB)
  this request: 10 GiB (heap 4 GiB + off-heap 6 GiB)
  remaining before request: 98 GiB
  remaining after admission: 88 GiB
  worker limit: 40
  active TLC workers before request: 9 (this agent: 9)
  this request workers: 3 (3)
  remaining workers before request: 31
  remaining workers after admission: 28
  result: admitted
Picked up JAVA_TOOL_OPTIONS: -Djava.io.tmpdir=/home/ubuntu/nvflare-runs-20260913/scratch/fedavg/tmp
TLC2 Version 2.20 of Day Month 20?? (rev: ${git.shortRevision})
Running breadth-first search Model-Checking with fp 80 and seed -5484065454442705721 with 3 workers on 80 cores with 3925MB heap and 6144MB offheap memory [pid: 4176737] (Linux 6.8.0-1044-azure amd64, Ubuntu 21.0.11 x86_64, OffHeapDiskFPSet, DiskStateQueue).
Parsing file /home/ubuntu/nvflare-runs-20260913/specula/runs/nvflare-fedavg-20260913/nvflare-fedavg/.specula-output/spec/output/hunt-revised-bfs/MC_hunt_s4_cancel_overlap/MC.tla
Parsing file /home/ubuntu/nvflare-runs-20260913/specula/runs/nvflare-fedavg-20260913/nvflare-fedavg/.specula-output/spec/output/hunt-revised-bfs/MC_hunt_s4_cancel_overlap/base.tla
Parsing file /home/ubuntu/nvflare-runs-20260913/scratch/fedavg/tmp/tlc-5344134314774073887/_JsonTrace.tla (jar:file:/home/ubuntu/nvflare-runs-20260913/specula/lib/tla2tools.jar!/tla2sany/StandardModules/_JsonTrace.tla)
Parsing file /home/ubuntu/nvflare-runs-20260913/scratch/fedavg/tmp/tlc-5344134314774073887/_TLCTrace.tla (jar:file:/home/ubuntu/nvflare-runs-20260913/specula/lib/tla2tools.jar!/tla2sany/StandardModules/_TLCTrace.tla)
Parsing file /home/ubuntu/nvflare-runs-20260913/scratch/fedavg/tmp/tlc-5344134314774073887/Naturals.tla (jar:file:/home/ubuntu/nvflare-runs-20260913/specula/lib/tla2tools.jar!/tla2sany/StandardModules/Naturals.tla)
Parsing file /home/ubuntu/nvflare-runs-20260913/scratch/fedavg/tmp/tlc-5344134314774073887/Integers.tla (jar:file:/home/ubuntu/nvflare-runs-20260913/specula/lib/tla2tools.jar!/tla2sany/StandardModules/Integers.tla)
Parsing file /home/ubuntu/nvflare-runs-20260913/scratch/fedavg/tmp/tlc-5344134314774073887/Sequences.tla (jar:file:/home/ubuntu/nvflare-runs-20260913/specula/lib/tla2tools.jar!/tla2sany/StandardModules/Sequences.tla)
Parsing file /home/ubuntu/nvflare-runs-20260913/scratch/fedavg/tmp/tlc-5344134314774073887/FiniteSets.tla (jar:file:/home/ubuntu/nvflare-runs-20260913/specula/lib/tla2tools.jar!/tla2sany/StandardModules/FiniteSets.tla)
Parsing file /home/ubuntu/nvflare-runs-20260913/scratch/fedavg/tmp/tlc-5344134314774073887/TLC.tla (jar:file:/home/ubuntu/nvflare-runs-20260913/specula/lib/tla2tools.jar!/tla2sany/StandardModules/TLC.tla)
Parsing file /home/ubuntu/nvflare-runs-20260913/scratch/fedavg/tmp/tlc-5344134314774073887/TLCExt.tla (jar:file:/home/ubuntu/nvflare-runs-20260913/specula/lib/tla2tools.jar!/tla2sany/StandardModules/TLCExt.tla)
Parsing file /home/ubuntu/nvflare-runs-20260913/scratch/fedavg/tmp/tlc-5344134314774073887/Json.tla (jar:file:/home/ubuntu/nvflare-runs-20260913/specula/lib/tla2tools.jar!/tla2sany/StandardModules/Json.tla)
Semantic processing of module Naturals
Semantic processing of module Integers
Semantic processing of module Sequences
Semantic processing of module FiniteSets
Semantic processing of module TLC
Semantic processing of module base
Semantic processing of module TLCExt
Semantic processing of module Json
Semantic processing of module _JsonTrace
Semantic processing of module _TLCTrace
Semantic processing of module MC
Linting of module base
Linting of module TLCExt
Linting of module Json
Linting of module _JsonTrace
Linting of module _TLCTrace
Linting of module MC
Starting... (2026-09-13 12:10:25)
Computing initial states...
Finished computing initial states: 1 distinct state generated at 2026-09-13 12:10:26.
Progress(64) at 2026-09-13 12:10:29: 135,337 states generated (135,337 s/min), 29,818 distinct states found (29,818 ds/min), 1,281 states left on queue.
Progress(144) at 2026-09-13 12:11:29: 4,079,710 states generated (3,944,373 s/min), 889,402 distinct states found (859,584 ds/min), 9,511 states left on queue.
Model checking completed. No error has been found.
  Estimates of the probability that TLC did not check all reachable states
  because two distinct states had the same fingerprint:
  calculated (optimistic):  val = 2.8E-7
  based on the actual fingerprints:  val = 1.2E-7
5536521 states generated, 1216029 distinct states found, 0 states left on queue.
The depth of the complete state graph search is 190.
The average outdegree of the complete state graph is 1 (minimum is 0, the maximum 5 and the 95th percentile is 2).
Finished in 01min 30s at (2026-09-13 12:11:55)

[0;32m================================[0m
[0;32m✓ Completed successfully[0m
[0;32mNo errors found[0m
[0;32m================================[0m
