[0;32m================================[0m
[0;32mTLC Model Checking Mode[0m
[0;32m================================[0m
Spec File:       MC.tla
Config File:     MC_hunt_scenario1_five.cfg
Memory Limit:    4G
Off-heap Memory: 16G
Workers:         5
Timeout:         30 minutes
[0;34m--- Model Checking Settings ---[0m
Depth Limit:     0
Checkpoint:      10 minutes
Log File:        tlc.out
[0;32m================================[0m
[1;33mExecuting Command:[0m
java -XX:+UseParallelGC -Dtlc2.tool.fp.FPSet.impl=tlc2.tool.fp.OffHeapDiskFPSet -XX:MaxDirectMemorySize=16G -Xmx4G -Xms4G -cp /home/ubuntu/specula-vsr-runner-20260905/lib/CommunityModules-deps.jar:/home/ubuntu/specula-vsr-runner-20260905/lib/tla2tools.jar tlc2.TLC -config MC_hunt_scenario1_five.cfg MC.tla -workers 5 -deadlock -checkpoint 10 -dumptrace json counterexample.json -metadir /home/ubuntu/specula-vsr-runner-20260905/runs/vsr-rs-gpt6astra-ultra-20260905/vsr-rs/.specula-output/spec/output/tlc-tmp/tlc-states-Q3B97T 

TLC resource budget (Specula run vsr-rs-gpt6astra-ultra-20260905):
  memory source: user config (128G)
  external memory use: not included in this configured run bound
  memory limit: 128 GiB
  active TLC reserved before request: 0 bytes (this agent: 0 bytes)
  this request: 20 GiB (heap 4 GiB + off-heap 16 GiB)
  remaining before request: 128 GiB
  remaining after admission: 108 GiB
  worker limit: 32
  active TLC workers before request: 0 (this agent: 0)
  this request workers: 5 (5)
  remaining workers before request: 32
  remaining workers after admission: 27
  result: admitted
TLC2 Version 2026.09.04.170753 (rev: b123b22)
Running breadth-first search Model-Checking with fp 29 and seed 1901114119129334574 with 5 workers on 96 cores with 3925MB heap and 16384MB offheap memory [pid: 163440] (Linux 6.8.0-1044-azure amd64, Ubuntu 21.0.11 64bit, OffHeapDiskFPSet, DiskStateQueue).
Parsing file /home/ubuntu/specula-vsr-runner-20260905/runs/vsr-rs-gpt6astra-ultra-20260905/vsr-rs/.specula-output/spec/output/MC_hunt_scenario1_five_bfs/MC.tla
Parsing file /home/ubuntu/specula-vsr-runner-20260905/runs/vsr-rs-gpt6astra-ultra-20260905/vsr-rs/.specula-output/spec/output/MC_hunt_scenario1_five_bfs/base.tla
Parsing file /tmp/tlc-9961163437439025138/_JsonTrace.tla (jar:file:/home/ubuntu/specula-vsr-runner-20260905/lib/tla2tools.jar!/tla2sany/StandardModules/_JsonTrace.tla)
Parsing file /tmp/tlc-9961163437439025138/_TLCTrace.tla (jar:file:/home/ubuntu/specula-vsr-runner-20260905/lib/tla2tools.jar!/tla2sany/StandardModules/_TLCTrace.tla)
Parsing file /tmp/tlc-9961163437439025138/Naturals.tla (jar:file:/home/ubuntu/specula-vsr-runner-20260905/lib/tla2tools.jar!/tla2sany/StandardModules/Naturals.tla)
Parsing file /tmp/tlc-9961163437439025138/Integers.tla (jar:file:/home/ubuntu/specula-vsr-runner-20260905/lib/tla2tools.jar!/tla2sany/StandardModules/Integers.tla)
Parsing file /tmp/tlc-9961163437439025138/Sequences.tla (jar:file:/home/ubuntu/specula-vsr-runner-20260905/lib/tla2tools.jar!/tla2sany/StandardModules/Sequences.tla)
Parsing file /tmp/tlc-9961163437439025138/FiniteSets.tla (jar:file:/home/ubuntu/specula-vsr-runner-20260905/lib/tla2tools.jar!/tla2sany/StandardModules/FiniteSets.tla)
Parsing file /tmp/tlc-9961163437439025138/Bags.tla (jar:file:/home/ubuntu/specula-vsr-runner-20260905/lib/tla2tools.jar!/tla2sany/StandardModules/Bags.tla)
Parsing file /tmp/tlc-9961163437439025138/TLC.tla (jar:file:/home/ubuntu/specula-vsr-runner-20260905/lib/tla2tools.jar!/tla2sany/StandardModules/TLC.tla)
Parsing file /tmp/tlc-9961163437439025138/TLCExt.tla (jar:file:/home/ubuntu/specula-vsr-runner-20260905/lib/tla2tools.jar!/tla2sany/StandardModules/TLCExt.tla)
Parsing file /tmp/tlc-9961163437439025138/Json.tla (jar:file:/home/ubuntu/specula-vsr-runner-20260905/lib/tla2tools.jar!/tla2sany/StandardModules/Json.tla)
Semantic processing of module Naturals
Semantic processing of module Integers
Semantic processing of module Sequences
Semantic processing of module FiniteSets
Semantic processing of module TLC
Semantic processing of module Bags
Semantic processing of module base
Semantic processing of module TLCExt
Semantic processing of module Json
Semantic processing of module _JsonTrace
Semantic processing of module _TLCTrace
Semantic processing of module MC
Linting of module base
Linting of module TLCExt
Linting of module Json
Linting of module _JsonTrace
Linting of module _TLCTrace
Linting of module MC
Starting... (2026-09-05 14:36:00)
Computing initial states...
Finished computing initial states: 1 distinct state generated at 2026-09-05 14:36:01.
Progress(9) at 2026-09-05 14:36:04: 231,762 states generated (231,762 s/min), 63,985 distinct states found (63,985 ds/min), 48,402 states left on queue.
Progress(11) at 2026-09-05 14:37:04: 6,550,057 states generated (6,318,295 s/min), 1,465,311 distinct states found (1,401,326 ds/min), 1,026,456 states left on queue.
Progress(12) at 2026-09-05 14:38:04: 12,497,692 states generated (5,947,635 s/min), 2,664,557 distinct states found (1,199,246 ds/min), 1,812,048 states left on queue.
Progress(12) at 2026-09-05 14:39:04: 18,723,973 states generated (6,226,281 s/min), 3,955,832 distinct states found (1,291,275 ds/min), 2,670,537 states left on queue.
Progress(12) at 2026-09-05 14:40:04: 24,938,882 states generated (6,214,909 s/min), 5,121,788 distinct states found (1,165,956 ds/min), 3,465,401 states left on queue.
Progress(12) at 2026-09-05 14:41:04: 30,814,792 states generated (5,875,910 s/min), 6,219,071 distinct states found (1,097,283 ds/min), 4,129,171 states left on queue.
Progress(13) at 2026-09-05 14:42:04: 36,711,280 states generated (5,896,488 s/min), 7,343,908 distinct states found (1,124,837 ds/min), 4,869,316 states left on queue.
Progress(13) at 2026-09-05 14:43:04: 42,830,862 states generated (6,119,582 s/min), 8,567,645 distinct states found (1,223,737 ds/min), 5,662,239 states left on queue.
Progress(13) at 2026-09-05 14:44:04: 48,755,184 states generated (5,924,322 s/min), 9,681,651 distinct states found (1,114,006 ds/min), 6,329,496 states left on queue.
Progress(13) at 2026-09-05 14:45:04: 55,009,256 states generated (6,254,072 s/min), 10,946,557 distinct states found (1,264,906 ds/min), 7,163,445 states left on queue.
Checkpointing of run /home/ubuntu/specula-vsr-runner-20260905/runs/vsr-rs-gpt6astra-ultra-20260905/vsr-rs/.specula-output/spec/output/tlc-tmp/tlc-states-Q3B97T/26-09-05-14-35-59.978
Checkpointing completed at (2026-09-05 14:46:05)
Progress(13) at 2026-09-05 14:46:05: 61,334,156 states generated (6,324,900 s/min), 12,154,060 distinct states found (1,207,503 ds/min), 8,035,038 states left on queue.
Progress(13) at 2026-09-05 14:47:05: 67,456,828 states generated (6,122,672 s/min), 13,217,893 distinct states found (1,063,833 ds/min), 8,742,863 states left on queue.
Progress(13) at 2026-09-05 14:48:05: 73,532,695 states generated (6,075,867 s/min), 14,296,783 distinct states found (1,078,890 ds/min), 9,423,603 states left on queue.
Progress(13) at 2026-09-05 14:49:05: 79,258,261 states generated (5,725,566 s/min), 15,266,830 distinct states found (970,047 ds/min), 10,028,036 states left on queue.
Progress(13) at 2026-09-05 14:50:05: 85,241,823 states generated (5,983,562 s/min), 16,355,740 distinct states found (1,088,910 ds/min), 10,664,576 states left on queue.
Progress(13) at 2026-09-05 14:51:05: 90,907,488 states generated (5,665,665 s/min), 17,374,939 distinct states found (1,019,199 ds/min), 11,270,751 states left on queue.
Progress(13) at 2026-09-05 14:52:05: 96,554,071 states generated (5,646,583 s/min), 18,339,673 distinct states found (964,734 ds/min), 11,843,869 states left on queue.
Progress(14) at 2026-09-05 14:53:05: 102,526,412 states generated (5,972,341 s/min), 19,521,973 distinct states found (1,182,300 ds/min), 12,639,515 states left on queue.
Progress(14) at 2026-09-05 14:54:05: 108,298,304 states generated (5,771,892 s/min), 20,543,680 distinct states found (1,021,707 ds/min), 13,322,087 states left on queue.
Progress(14) at 2026-09-05 14:55:05: 113,877,943 states generated (5,579,639 s/min), 21,575,587 distinct states found (1,031,907 ds/min), 13,966,382 states left on queue.
Checkpointing of run /home/ubuntu/specula-vsr-runner-20260905/runs/vsr-rs-gpt6astra-ultra-20260905/vsr-rs/.specula-output/spec/output/tlc-tmp/tlc-states-Q3B97T/26-09-05-14-35-59.978
Checkpointing completed at (2026-09-05 14:56:05)
Progress(14) at 2026-09-05 14:56:05: 120,198,327 states generated (6,320,384 s/min), 22,860,084 distinct states found (1,284,497 ds/min), 14,828,176 states left on queue.
Progress(14) at 2026-09-05 14:57:05: 126,442,663 states generated (6,244,336 s/min), 23,982,341 distinct states found (1,122,257 ds/min), 15,498,009 states left on queue.
Progress(14) at 2026-09-05 14:58:05: 132,436,161 states generated (5,993,498 s/min), 25,101,836 distinct states found (1,119,495 ds/min), 16,179,798 states left on queue.
Progress(14) at 2026-09-05 14:59:05: 138,394,952 states generated (5,958,791 s/min), 26,181,498 distinct states found (1,079,662 ds/min), 16,804,468 states left on queue.
Progress(14) at 2026-09-05 15:00:05: 144,260,854 states generated (5,865,902 s/min), 27,259,067 distinct states found (1,077,569 ds/min), 17,457,301 states left on queue.
Progress(14) at 2026-09-05 15:01:05: 150,527,963 states generated (6,267,109 s/min), 28,448,152 distinct states found (1,189,085 ds/min), 18,232,079 states left on queue.
Progress(14) at 2026-09-05 15:02:05: 156,764,041 states generated (6,236,078 s/min), 29,631,615 distinct states found (1,183,463 ds/min), 18,959,925 states left on queue.
Progress(14) at 2026-09-05 15:03:05: 162,976,688 states generated (6,212,647 s/min), 30,772,114 distinct states found (1,140,499 ds/min), 19,695,551 states left on queue.
Progress(14) at 2026-09-05 15:04:05: 169,286,131 states generated (6,309,443 s/min), 31,931,510 distinct states found (1,159,396 ds/min), 20,509,382 states left on queue.
Progress(14) at 2026-09-05 15:05:05: 175,536,147 states generated (6,250,016 s/min), 33,041,202 distinct states found (1,109,692 ds/min), 21,296,373 states left on queue.

[0;32m================================[0m
[1;33m⚠ Timed out[0m
[0;32m================================[0m
