TLC2 Version 2.20 of Day Month 20?? (rev: ${git.shortRevision})
Running breadth-first search Model-Checking with fp 46 and seed -3399634355452432152 with 1 worker on 96 cores with 981MB heap and 64MB offheap memory [pid: 858943] (Linux 6.8.0-1044-azure amd64, Ubuntu 21.0.11 x86_64, MSBDiskFPSet, DiskStateQueue).
Parsing file /home/ubuntu/specula-vsr-runner-20260905/runs/vsr-rs-gpt6astra-ultra-round3-guided-20260906/vsr-rs/.specula-output/spec/output/specgen-review-_3bj7u3a/MC.tla
Parsing file /home/ubuntu/specula-vsr-runner-20260905/runs/vsr-rs-gpt6astra-ultra-round3-guided-20260906/vsr-rs/.specula-output/spec/output/specgen-review-_3bj7u3a/base.tla
Parsing file /home/ubuntu/specula-vsr-runner-20260905/runs/vsr-rs-gpt6astra-ultra-round3-guided-20260906/vsr-rs/.specula-output/spec/output/specgen-review-_3bj7u3a/tmp/tlc-5134985800095353640/Integers.tla (jar:file:/home/ubuntu/Specula-incremental-skill-canary-20260901/cases/051-nuraft-core-step02/attempt-001/lib/tla2tools.jar!/tla2sany/StandardModules/Integers.tla)
Parsing file /home/ubuntu/specula-vsr-runner-20260905/runs/vsr-rs-gpt6astra-ultra-round3-guided-20260906/vsr-rs/.specula-output/spec/output/specgen-review-_3bj7u3a/tmp/tlc-5134985800095353640/Sequences.tla (jar:file:/home/ubuntu/Specula-incremental-skill-canary-20260901/cases/051-nuraft-core-step02/attempt-001/lib/tla2tools.jar!/tla2sany/StandardModules/Sequences.tla)
Parsing file /home/ubuntu/specula-vsr-runner-20260905/runs/vsr-rs-gpt6astra-ultra-round3-guided-20260906/vsr-rs/.specula-output/spec/output/specgen-review-_3bj7u3a/tmp/tlc-5134985800095353640/FiniteSets.tla (jar:file:/home/ubuntu/Specula-incremental-skill-canary-20260901/cases/051-nuraft-core-step02/attempt-001/lib/tla2tools.jar!/tla2sany/StandardModules/FiniteSets.tla)
Parsing file /home/ubuntu/specula-vsr-runner-20260905/runs/vsr-rs-gpt6astra-ultra-round3-guided-20260906/vsr-rs/.specula-output/spec/output/specgen-review-_3bj7u3a/tmp/tlc-5134985800095353640/TLC.tla (jar:file:/home/ubuntu/Specula-incremental-skill-canary-20260901/cases/051-nuraft-core-step02/attempt-001/lib/tla2tools.jar!/tla2sany/StandardModules/TLC.tla)
Parsing file /home/ubuntu/specula-vsr-runner-20260905/runs/vsr-rs-gpt6astra-ultra-round3-guided-20260906/vsr-rs/.specula-output/spec/output/specgen-review-_3bj7u3a/tmp/tlc-5134985800095353640/Naturals.tla (jar:file:/home/ubuntu/Specula-incremental-skill-canary-20260901/cases/051-nuraft-core-step02/attempt-001/lib/tla2tools.jar!/tla2sany/StandardModules/Naturals.tla)
Semantic processing of module Naturals
Semantic processing of module Integers
Semantic processing of module Sequences
Semantic processing of module FiniteSets
Semantic processing of module TLC
Semantic processing of module base
Semantic processing of module MC
Linting of module base
Linting of module MC
Starting... (2026-09-06 09:29:54)
Computing initial states...
Finished computing initial states: 1 distinct state generated at 2026-09-06 09:29:54.
Model checking completed. No error has been found.
  Estimates of the probability that TLC did not check all reachable states
  because two distinct states had the same fingerprint:
  calculated (optimistic):  val = 2.2E-15
409 states generated, 237 distinct states found, 0 states left on queue.
The depth of the complete state graph search is 18.
The average outdegree of the complete state graph is 1 (minimum is 0, the maximum 4 and the 95th percentile is 2).
Finished in 00s at (2026-09-06 09:29:54)
