TLC2 Version 2.20 of Day Month 20?? (rev: ${git.shortRevision})
Running breadth-first search Model-Checking with fp 91 and seed 3080074007699948065 with 1 worker on 96 cores with 981MB heap and 64MB offheap memory [pid: 858974] (Linux 6.8.0-1044-azure amd64, Ubuntu 21.0.11 x86_64, MSBDiskFPSet, DiskStateQueue).
Parsing file /home/ubuntu/specula-vsr-runner-20260905/runs/vsr-rs-gpt6astra-ultra-round3-guided-20260906/vsr-rs/.specula-output/spec/output/specgen-review-_3bj7u3a/Trace.tla
Parsing file /home/ubuntu/specula-vsr-runner-20260905/runs/vsr-rs-gpt6astra-ultra-round3-guided-20260906/vsr-rs/.specula-output/spec/output/specgen-review-_3bj7u3a/base.tla
Parsing file /home/ubuntu/specula-vsr-runner-20260905/runs/vsr-rs-gpt6astra-ultra-round3-guided-20260906/vsr-rs/.specula-output/spec/output/specgen-review-_3bj7u3a/tmp/tlc-13091426003905512224/Json.tla (jar:file:/home/ubuntu/Specula-incremental-skill-canary-20260901/cases/051-nuraft-core-step02/attempt-001/lib/tla2tools.jar!/tla2sany/StandardModules/Json.tla)
Parsing file /home/ubuntu/specula-vsr-runner-20260905/runs/vsr-rs-gpt6astra-ultra-round3-guided-20260906/vsr-rs/.specula-output/spec/output/specgen-review-_3bj7u3a/tmp/tlc-13091426003905512224/IOUtils.tla (jar:file:/home/ubuntu/Specula-incremental-skill-canary-20260901/cases/051-nuraft-core-step02/attempt-001/lib/CommunityModules-deps.jar!/IOUtils.tla)
Parsing file /home/ubuntu/specula-vsr-runner-20260905/runs/vsr-rs-gpt6astra-ultra-round3-guided-20260906/vsr-rs/.specula-output/spec/output/specgen-review-_3bj7u3a/tmp/tlc-13091426003905512224/Integers.tla (jar:file:/home/ubuntu/Specula-incremental-skill-canary-20260901/cases/051-nuraft-core-step02/attempt-001/lib/tla2tools.jar!/tla2sany/StandardModules/Integers.tla)
Parsing file /home/ubuntu/specula-vsr-runner-20260905/runs/vsr-rs-gpt6astra-ultra-round3-guided-20260906/vsr-rs/.specula-output/spec/output/specgen-review-_3bj7u3a/tmp/tlc-13091426003905512224/Sequences.tla (jar:file:/home/ubuntu/Specula-incremental-skill-canary-20260901/cases/051-nuraft-core-step02/attempt-001/lib/tla2tools.jar!/tla2sany/StandardModules/Sequences.tla)
Parsing file /home/ubuntu/specula-vsr-runner-20260905/runs/vsr-rs-gpt6astra-ultra-round3-guided-20260906/vsr-rs/.specula-output/spec/output/specgen-review-_3bj7u3a/tmp/tlc-13091426003905512224/FiniteSets.tla (jar:file:/home/ubuntu/Specula-incremental-skill-canary-20260901/cases/051-nuraft-core-step02/attempt-001/lib/tla2tools.jar!/tla2sany/StandardModules/FiniteSets.tla)
Parsing file /home/ubuntu/specula-vsr-runner-20260905/runs/vsr-rs-gpt6astra-ultra-round3-guided-20260906/vsr-rs/.specula-output/spec/output/specgen-review-_3bj7u3a/tmp/tlc-13091426003905512224/TLC.tla (jar:file:/home/ubuntu/Specula-incremental-skill-canary-20260901/cases/051-nuraft-core-step02/attempt-001/lib/tla2tools.jar!/tla2sany/StandardModules/TLC.tla)
Parsing file /home/ubuntu/specula-vsr-runner-20260905/runs/vsr-rs-gpt6astra-ultra-round3-guided-20260906/vsr-rs/.specula-output/spec/output/specgen-review-_3bj7u3a/tmp/tlc-13091426003905512224/Naturals.tla (jar:file:/home/ubuntu/Specula-incremental-skill-canary-20260901/cases/051-nuraft-core-step02/attempt-001/lib/tla2tools.jar!/tla2sany/StandardModules/Naturals.tla)
Parsing file /home/ubuntu/specula-vsr-runner-20260905/runs/vsr-rs-gpt6astra-ultra-round3-guided-20260906/vsr-rs/.specula-output/spec/output/specgen-review-_3bj7u3a/tmp/tlc-13091426003905512224/SequencesExt.tla (jar:file:/home/ubuntu/Specula-incremental-skill-canary-20260901/cases/051-nuraft-core-step02/attempt-001/lib/CommunityModules-deps.jar!/SequencesExt.tla)
Parsing file /home/ubuntu/specula-vsr-runner-20260905/runs/vsr-rs-gpt6astra-ultra-round3-guided-20260906/vsr-rs/.specula-output/spec/output/specgen-review-_3bj7u3a/tmp/tlc-13091426003905512224/FiniteSetsExt.tla (jar:file:/home/ubuntu/Specula-incremental-skill-canary-20260901/cases/051-nuraft-core-step02/attempt-001/lib/CommunityModules-deps.jar!/FiniteSetsExt.tla)
Parsing file /home/ubuntu/specula-vsr-runner-20260905/runs/vsr-rs-gpt6astra-ultra-round3-guided-20260906/vsr-rs/.specula-output/spec/output/specgen-review-_3bj7u3a/tmp/tlc-13091426003905512224/Folds.tla (jar:file:/home/ubuntu/Specula-incremental-skill-canary-20260901/cases/051-nuraft-core-step02/attempt-001/lib/CommunityModules-deps.jar!/Folds.tla)
Parsing file /home/ubuntu/specula-vsr-runner-20260905/runs/vsr-rs-gpt6astra-ultra-round3-guided-20260906/vsr-rs/.specula-output/spec/output/specgen-review-_3bj7u3a/tmp/tlc-13091426003905512224/Functions.tla (jar:file:/home/ubuntu/Specula-incremental-skill-canary-20260901/cases/051-nuraft-core-step02/attempt-001/lib/CommunityModules-deps.jar!/Functions.tla)
Semantic processing of module Naturals
Semantic processing of module Integers
Semantic processing of module Sequences
Semantic processing of module FiniteSets
Semantic processing of module TLC
Semantic processing of module base
Semantic processing of module Json
Semantic processing of module Folds
Semantic processing of module Functions
Semantic processing of module FiniteSetsExt
Semantic processing of module SequencesExt
Semantic processing of module IOUtils
Semantic processing of module Trace
Linting of module base
Linting of module Json
Linting of module Folds
Linting of module Functions
Linting of module FiniteSetsExt
Linting of module SequencesExt
Linting of module IOUtils
Linting of module Trace
Starting... (2026-09-06 09:29:54)
Implied-temporal checking--satisfiability problem has 1 branches.
Computing initial states...
Finished computing initial states: 1 distinct state generated at 2026-09-06 09:29:54.
Progress(13) at 2026-09-06 09:29:54: 14 states generated, 13 distinct states found, 0 states left on queue.
Checking temporal properties for the complete state space with 13 total distinct states at (2026-09-06 09:29:54)
Finished checking temporal properties in 00s at 2026-09-06 09:29:54
Model checking completed. No error has been found.
  Estimates of the probability that TLC did not check all reachable states
  because two distinct states had the same fingerprint:
  calculated (optimistic):  val = 7.0E-19
14 states generated, 13 distinct states found, 0 states left on queue.
The depth of the complete state graph search is 13.
The average outdegree of the complete state graph is 1 (minimum is 0, the maximum 1 and the 95th percentile is 1).
Finished in 00s at (2026-09-06 09:29:54)
