TLC2 Version 2.20 of Day Month 20?? (rev: ${git.shortRevision})
Running breadth-first search Model-Checking with fp 26 and seed 1211567979459268402 with 1 worker on 96 cores with 981MB heap and 64MB offheap memory [pid: 859006] (Linux 6.8.0-1044-azure amd64, Ubuntu 21.0.11 x86_64, MSBDiskFPSet, DiskStateQueue).
Parsing file /home/ubuntu/specula-vsr-runner-20260905/runs/vsr-rs-gpt6astra-ultra-round3-guided-20260906/vsr-rs/.specula-output/spec/output/specgen-review-_3bj7u3a/Trace.tla
Parsing file /home/ubuntu/specula-vsr-runner-20260905/runs/vsr-rs-gpt6astra-ultra-round3-guided-20260906/vsr-rs/.specula-output/spec/output/specgen-review-_3bj7u3a/base.tla
Parsing file /home/ubuntu/specula-vsr-runner-20260905/runs/vsr-rs-gpt6astra-ultra-round3-guided-20260906/vsr-rs/.specula-output/spec/output/specgen-review-_3bj7u3a/tmp/tlc-7643289577569891248/Json.tla (jar:file:/home/ubuntu/Specula-incremental-skill-canary-20260901/cases/051-nuraft-core-step02/attempt-001/lib/tla2tools.jar!/tla2sany/StandardModules/Json.tla)
Parsing file /home/ubuntu/specula-vsr-runner-20260905/runs/vsr-rs-gpt6astra-ultra-round3-guided-20260906/vsr-rs/.specula-output/spec/output/specgen-review-_3bj7u3a/tmp/tlc-7643289577569891248/IOUtils.tla (jar:file:/home/ubuntu/Specula-incremental-skill-canary-20260901/cases/051-nuraft-core-step02/attempt-001/lib/CommunityModules-deps.jar!/IOUtils.tla)
Parsing file /home/ubuntu/specula-vsr-runner-20260905/runs/vsr-rs-gpt6astra-ultra-round3-guided-20260906/vsr-rs/.specula-output/spec/output/specgen-review-_3bj7u3a/tmp/tlc-7643289577569891248/Integers.tla (jar:file:/home/ubuntu/Specula-incremental-skill-canary-20260901/cases/051-nuraft-core-step02/attempt-001/lib/tla2tools.jar!/tla2sany/StandardModules/Integers.tla)
Parsing file /home/ubuntu/specula-vsr-runner-20260905/runs/vsr-rs-gpt6astra-ultra-round3-guided-20260906/vsr-rs/.specula-output/spec/output/specgen-review-_3bj7u3a/tmp/tlc-7643289577569891248/Sequences.tla (jar:file:/home/ubuntu/Specula-incremental-skill-canary-20260901/cases/051-nuraft-core-step02/attempt-001/lib/tla2tools.jar!/tla2sany/StandardModules/Sequences.tla)
Parsing file /home/ubuntu/specula-vsr-runner-20260905/runs/vsr-rs-gpt6astra-ultra-round3-guided-20260906/vsr-rs/.specula-output/spec/output/specgen-review-_3bj7u3a/tmp/tlc-7643289577569891248/FiniteSets.tla (jar:file:/home/ubuntu/Specula-incremental-skill-canary-20260901/cases/051-nuraft-core-step02/attempt-001/lib/tla2tools.jar!/tla2sany/StandardModules/FiniteSets.tla)
Parsing file /home/ubuntu/specula-vsr-runner-20260905/runs/vsr-rs-gpt6astra-ultra-round3-guided-20260906/vsr-rs/.specula-output/spec/output/specgen-review-_3bj7u3a/tmp/tlc-7643289577569891248/TLC.tla (jar:file:/home/ubuntu/Specula-incremental-skill-canary-20260901/cases/051-nuraft-core-step02/attempt-001/lib/tla2tools.jar!/tla2sany/StandardModules/TLC.tla)
Parsing file /home/ubuntu/specula-vsr-runner-20260905/runs/vsr-rs-gpt6astra-ultra-round3-guided-20260906/vsr-rs/.specula-output/spec/output/specgen-review-_3bj7u3a/tmp/tlc-7643289577569891248/Naturals.tla (jar:file:/home/ubuntu/Specula-incremental-skill-canary-20260901/cases/051-nuraft-core-step02/attempt-001/lib/tla2tools.jar!/tla2sany/StandardModules/Naturals.tla)
Parsing file /home/ubuntu/specula-vsr-runner-20260905/runs/vsr-rs-gpt6astra-ultra-round3-guided-20260906/vsr-rs/.specula-output/spec/output/specgen-review-_3bj7u3a/tmp/tlc-7643289577569891248/SequencesExt.tla (jar:file:/home/ubuntu/Specula-incremental-skill-canary-20260901/cases/051-nuraft-core-step02/attempt-001/lib/CommunityModules-deps.jar!/SequencesExt.tla)
Parsing file /home/ubuntu/specula-vsr-runner-20260905/runs/vsr-rs-gpt6astra-ultra-round3-guided-20260906/vsr-rs/.specula-output/spec/output/specgen-review-_3bj7u3a/tmp/tlc-7643289577569891248/FiniteSetsExt.tla (jar:file:/home/ubuntu/Specula-incremental-skill-canary-20260901/cases/051-nuraft-core-step02/attempt-001/lib/CommunityModules-deps.jar!/FiniteSetsExt.tla)
Parsing file /home/ubuntu/specula-vsr-runner-20260905/runs/vsr-rs-gpt6astra-ultra-round3-guided-20260906/vsr-rs/.specula-output/spec/output/specgen-review-_3bj7u3a/tmp/tlc-7643289577569891248/Folds.tla (jar:file:/home/ubuntu/Specula-incremental-skill-canary-20260901/cases/051-nuraft-core-step02/attempt-001/lib/CommunityModules-deps.jar!/Folds.tla)
Parsing file /home/ubuntu/specula-vsr-runner-20260905/runs/vsr-rs-gpt6astra-ultra-round3-guided-20260906/vsr-rs/.specula-output/spec/output/specgen-review-_3bj7u3a/tmp/tlc-7643289577569891248/Functions.tla (jar:file:/home/ubuntu/Specula-incremental-skill-canary-20260901/cases/051-nuraft-core-step02/attempt-001/lib/CommunityModules-deps.jar!/Functions.tla)
Semantic processing of module Naturals
Semantic processing of module Integers
Semantic processing of module Sequences
Semantic processing of module FiniteSets
Semantic processing of module TLC
Semantic processing of module base
Semantic processing of module Json
Semantic processing of module Folds
Semantic processing of module Functions
Semantic processing of module FiniteSetsExt
Semantic processing of module SequencesExt
Semantic processing of module IOUtils
Semantic processing of module Trace
Linting of module base
Linting of module Json
Linting of module Folds
Linting of module Functions
Linting of module FiniteSetsExt
Linting of module SequencesExt
Linting of module IOUtils
Linting of module Trace
Starting... (2026-09-06 09:29:54)
Implied-temporal checking--satisfiability problem has 1 branches.
Computing initial states...
Finished computing initial states: 1 distinct state generated at 2026-09-06 09:29:54.
Progress(3) at 2026-09-06 09:29:54: 3 states generated, 3 distinct states found, 0 states left on queue.
Checking temporal properties for the complete state space with 3 total distinct states at (2026-09-06 09:29:54)
Error: Temporal properties were violated.

Error: The following behavior constitutes a counter-example:

State 1: <Initial predicate>
/\ durableView = (0 :> 0 @@ 1 :> 0 @@ 2 :> 0)
/\ committedHistory = {}
/\ l = 2
/\ nextFrame = 0
/\ incarnation = (0 :> 0 @@ 1 :> 0 @@ 2 :> 0)
/\ replica = ( 0 :>
      [ status |-> "Normal",
        view |-> 0,
        lastNormal |-> 0,
        log |-> <<>>,
        commit |-> 0,
        acks |-> <<>>,
        table |-> <<>>,
        heard |-> TRUE,
        waiting |-> 0,
        attempts |-> 0,
        stable |-> 0,
        svc |-> {},
        dvcSent |-> FALSE,
        dvc |-> <<>>,
        catching |-> FALSE,
        nonce |-> 0,
        responses |-> <<>>,
        messages |-> <<>>,
        replies |-> <<>>,
        app |-> "nil",
        executed |-> <<>>,
        install |-> [view |-> 0, log |-> <<>>, kind |-> "none"],
        error |-> "" ] @@
  1 :>
      [ status |-> "Normal",
        view |-> 0,
        lastNormal |-> 0,
        log |-> <<>>,
        commit |-> 0,
        acks |-> <<>>,
        table |-> <<>>,
        heard |-> TRUE,
        waiting |-> 0,
        attempts |-> 0,
        stable |-> 0,
        svc |-> {},
        dvcSent |-> FALSE,
        dvc |-> <<>>,
        catching |-> FALSE,
        nonce |-> 0,
        responses |-> <<>>,
        messages |-> <<>>,
        replies |-> <<>>,
        app |-> "nil",
        executed |-> <<>>,
        install |-> [view |-> 0, log |-> <<>>, kind |-> "none"],
        error |-> "" ] @@
  2 :>
      [ status |-> "Normal",
        view |-> 0,
        lastNormal |-> 0,
        log |-> <<>>,
        commit |-> 0,
        acks |-> <<>>,
        table |-> <<>>,
        heard |-> TRUE,
        waiting |-> 0,
        attempts |-> 0,
        stable |-> 0,
        svc |-> {},
        dvcSent |-> FALSE,
        dvc |-> <<>>,
        catching |-> FALSE,
        nonce |-> 0,
        responses |-> <<>>,
        messages |-> <<>>,
        replies |-> <<>>,
        app |-> "nil",
        executed |-> <<>>,
        install |-> [view |-> 0, log |-> <<>>, kind |-> "none"],
        error |-> "" ] )
/\ healthySet = {0, 1, 2}
/\ phase = "faults"
/\ historyViolation = FALSE
/\ invocations = <<>>
/\ client = ( 100 :>
      [ view |-> 0,
        next |-> 0,
        pending |-> FALSE,
        entry |->
            [ client |-> -1,
              request |-> -1,
              op |-> [kind |-> "Get", value |-> "nil"] ] ] @@
  101 :>
      [ view |-> 0,
        next |-> 0,
        pending |-> FALSE,
        entry |->
            [ client |-> -1,
              request |-> -1,
              op |-> [kind |-> "Get", value |-> "nil"] ] ] )
/\ publicationViolation = FALSE
/\ owner = (0 :> "ready" @@ 1 :> "ready" @@ 2 :> "ready")
/\ tx = <<>>
/\ responses = <<>>
/\ network = {}
/\ happensBefore = {}

State 2: <TraceNext line 143, col 5 to line 176, col 28 of module Trace>
/\ durableView = (0 :> 0 @@ 1 :> 0 @@ 2 :> 0)
/\ committedHistory = {}
/\ l = 3
/\ nextFrame = 0
/\ incarnation = (0 :> 0 @@ 1 :> 0 @@ 2 :> 0)
/\ replica = ( 0 :>
      [ status |-> "Normal",
        view |-> 0,
        lastNormal |-> 0,
        log |-> <<>>,
        commit |-> 0,
        acks |-> <<>>,
        table |-> <<>>,
        heard |-> TRUE,
        waiting |-> 0,
        attempts |-> 0,
        stable |-> 0,
        svc |-> {},
        dvcSent |-> FALSE,
        dvc |-> <<>>,
        catching |-> FALSE,
        nonce |-> 0,
        responses |-> <<>>,
        messages |-> <<>>,
        replies |-> <<>>,
        app |-> "nil",
        executed |-> <<>>,
        install |-> [view |-> 0, log |-> <<>>, kind |-> "none"],
        error |-> "" ] @@
  1 :>
      [ status |-> "Normal",
        view |-> 0,
        lastNormal |-> 0,
        log |-> <<>>,
        commit |-> 0,
        acks |-> <<>>,
        table |-> <<>>,
        heard |-> TRUE,
        waiting |-> 0,
        attempts |-> 0,
        stable |-> 0,
        svc |-> {},
        dvcSent |-> FALSE,
        dvc |-> <<>>,
        catching |-> FALSE,
        nonce |-> 0,
        responses |-> <<>>,
        messages |-> <<>>,
        replies |-> <<>>,
        app |-> "nil",
        executed |-> <<>>,
        install |-> [view |-> 0, log |-> <<>>, kind |-> "none"],
        error |-> "" ] @@
  2 :>
      [ status |-> "Normal",
        view |-> 0,
        lastNormal |-> 0,
        log |-> <<>>,
        commit |-> 0,
        acks |-> <<>>,
        table |-> <<>>,
        heard |-> TRUE,
        waiting |-> 0,
        attempts |-> 0,
        stable |-> 0,
        svc |-> {},
        dvcSent |-> FALSE,
        dvc |-> <<>>,
        catching |-> FALSE,
        nonce |-> 0,
        responses |-> <<>>,
        messages |-> <<>>,
        replies |-> <<>>,
        app |-> "nil",
        executed |-> <<>>,
        install |-> [view |-> 0, log |-> <<>>, kind |-> "none"],
        error |-> "" ] )
/\ healthySet = {0, 1, 2}
/\ phase = "faults"
/\ historyViolation = FALSE
/\ invocations = ( <<100, 0>> :>
      [client |-> 100, request |-> 0, op |-> [kind |-> "Put", value |-> "AA"]] )
/\ client = ( 100 :>
      [ view |-> 0,
        next |-> 1,
        pending |-> TRUE,
        entry |->
            [ client |-> 100,
              request |-> 0,
              op |-> [kind |-> "Put", value |-> "AA"] ] ] @@
  101 :>
      [ view |-> 0,
        next |-> 0,
        pending |-> FALSE,
        entry |->
            [ client |-> -1,
              request |-> -1,
              op |-> [kind |-> "Get", value |-> "nil"] ] ] )
/\ publicationViolation = FALSE
/\ owner = (0 :> "ready" @@ 1 :> "ready" @@ 2 :> "ready")
/\ tx = <<>>
/\ responses = <<>>
/\ network = { [ src |-> 100,
    opnum |-> 0,
    result |-> "nil",
    view |-> 0,
    lastNormal |-> 0,
    log |-> <<>>,
    commit |-> 0,
    nonce |-> 0,
    entry |->
        [ client |-> 100,
          request |-> 0,
          op |-> [kind |-> "Put", value |-> "AA"] ],
    kind |-> "Request",
    dst |-> 0,
    start |-> 0,
    hasState |-> FALSE ] }
/\ happensBefore = {}

State 3: <TraceNext line 143, col 5 to line 176, col 28 of module Trace>
/\ durableView = (0 :> 0 @@ 1 :> 0 @@ 2 :> 0)
/\ committedHistory = {}
/\ l = 4
/\ nextFrame = 0
/\ incarnation = (0 :> 0 @@ 1 :> 0 @@ 2 :> 0)
/\ replica = ( 0 :>
      [ status |-> "Normal",
        view |-> 0,
        lastNormal |-> 0,
        log |->
            << [ client |-> 100,
                 request |-> 0,
                 op |-> [kind |-> "Put", value |-> "AA"] ] >>,
        commit |-> 0,
        acks |-> <<{0}>>,
        table |->
            (100 :> [request |-> 0, hasReply |-> FALSE, result |-> "nil"]),
        heard |-> TRUE,
        waiting |-> 0,
        attempts |-> 0,
        stable |-> 0,
        svc |-> {},
        dvcSent |-> FALSE,
        dvc |-> <<>>,
        catching |-> FALSE,
        nonce |-> 0,
        responses |-> <<>>,
        messages |->
            << [ src |-> 0,
                 opnum |-> 1,
                 result |-> "nil",
                 view |-> 0,
                 lastNormal |-> 0,
                 log |-> <<>>,
                 commit |-> 0,
                 nonce |-> 0,
                 entry |->
                     [ client |-> 100,
                       request |-> 0,
                       op |-> [kind |-> "Put", value |-> "AA"] ],
                 kind |-> "Prepare",
                 dst |-> 1,
                 start |-> 0,
                 hasState |-> FALSE ],
               [ src |-> 0,
                 opnum |-> 1,
                 result |-> "nil",
                 view |-> 0,
                 lastNormal |-> 0,
                 log |-> <<>>,
                 commit |-> 0,
                 nonce |-> 0,
                 entry |->
                     [ client |-> 100,
                       request |-> 0,
                       op |-> [kind |-> "Put", value |-> "AA"] ],
                 kind |-> "Prepare",
                 dst |-> 2,
                 start |-> 0,
                 hasState |-> FALSE ] >>,
        replies |-> <<>>,
        app |-> "nil",
        executed |-> <<>>,
        install |-> [view |-> 0, log |-> <<>>, kind |-> "none"],
        error |-> "" ] @@
  1 :>
      [ status |-> "Normal",
        view |-> 0,
        lastNormal |-> 0,
        log |-> <<>>,
        commit |-> 0,
        acks |-> <<>>,
        table |-> <<>>,
        heard |-> TRUE,
        waiting |-> 0,
        attempts |-> 0,
        stable |-> 0,
        svc |-> {},
        dvcSent |-> FALSE,
        dvc |-> <<>>,
        catching |-> FALSE,
        nonce |-> 0,
        responses |-> <<>>,
        messages |-> <<>>,
        replies |-> <<>>,
        app |-> "nil",
        executed |-> <<>>,
        install |-> [view |-> 0, log |-> <<>>, kind |-> "none"],
        error |-> "" ] @@
  2 :>
      [ status |-> "Normal",
        view |-> 0,
        lastNormal |-> 0,
        log |-> <<>>,
        commit |-> 0,
        acks |-> <<>>,
        table |-> <<>>,
        heard |-> TRUE,
        waiting |-> 0,
        attempts |-> 0,
        stable |-> 0,
        svc |-> {},
        dvcSent |-> FALSE,
        dvc |-> <<>>,
        catching |-> FALSE,
        nonce |-> 0,
        responses |-> <<>>,
        messages |-> <<>>,
        replies |-> <<>>,
        app |-> "nil",
        executed |-> <<>>,
        install |-> [view |-> 0, log |-> <<>>, kind |-> "none"],
        error |-> "" ] )
/\ healthySet = {0, 1, 2}
/\ phase = "faults"
/\ historyViolation = FALSE
/\ invocations = ( <<100, 0>> :>
      [client |-> 100, request |-> 0, op |-> [kind |-> "Put", value |-> "AA"]] )
/\ client = ( 100 :>
      [ view |-> 0,
        next |-> 1,
        pending |-> TRUE,
        entry |->
            [ client |-> 100,
              request |-> 0,
              op |-> [kind |-> "Put", value |-> "AA"] ] ] @@
  101 :>
      [ view |-> 0,
        next |-> 0,
        pending |-> FALSE,
        entry |->
            [ client |-> -1,
              request |-> -1,
              op |-> [kind |-> "Get", value |-> "nil"] ] ] )
/\ publicationViolation = FALSE
/\ owner = (0 :> "persist" @@ 1 :> "ready" @@ 2 :> "ready")
/\ tx = <<>>
/\ responses = <<>>
/\ network = {}
/\ happensBefore = {}

State 4: Stuttering
Finished checking temporal properties in 00s at 2026-09-06 09:29:54
3 states generated, 3 distinct states found, 0 states left on queue.
The depth of the complete state graph search is 3.
Finished in 00s at (2026-09-06 09:29:54)
