TLC2 Version 2.20 of Day Month 20?? (rev: ${git.shortRevision})
Running breadth-first search Model-Checking with fp 110 and seed 2840318663886747073 with 1 worker on 96 cores with 981MB heap and 64MB offheap memory [pid: 859136] (Linux 6.8.0-1044-azure amd64, Ubuntu 21.0.11 x86_64, MSBDiskFPSet, DiskStateQueue).
Parsing file /home/ubuntu/specula-vsr-runner-20260905/runs/vsr-rs-gpt6astra-ultra-round3-guided-20260906/vsr-rs/.specula-output/spec/output/specgen-review-_3bj7u3a/Trace.tla
Parsing file /home/ubuntu/specula-vsr-runner-20260905/runs/vsr-rs-gpt6astra-ultra-round3-guided-20260906/vsr-rs/.specula-output/spec/output/specgen-review-_3bj7u3a/base.tla
Parsing file /home/ubuntu/specula-vsr-runner-20260905/runs/vsr-rs-gpt6astra-ultra-round3-guided-20260906/vsr-rs/.specula-output/spec/output/specgen-review-_3bj7u3a/tmp/tlc-7082986041962315375/Json.tla (jar:file:/home/ubuntu/Specula-incremental-skill-canary-20260901/cases/051-nuraft-core-step02/attempt-001/lib/tla2tools.jar!/tla2sany/StandardModules/Json.tla)
Parsing file /home/ubuntu/specula-vsr-runner-20260905/runs/vsr-rs-gpt6astra-ultra-round3-guided-20260906/vsr-rs/.specula-output/spec/output/specgen-review-_3bj7u3a/tmp/tlc-7082986041962315375/IOUtils.tla (jar:file:/home/ubuntu/Specula-incremental-skill-canary-20260901/cases/051-nuraft-core-step02/attempt-001/lib/CommunityModules-deps.jar!/IOUtils.tla)
Parsing file /home/ubuntu/specula-vsr-runner-20260905/runs/vsr-rs-gpt6astra-ultra-round3-guided-20260906/vsr-rs/.specula-output/spec/output/specgen-review-_3bj7u3a/tmp/tlc-7082986041962315375/Integers.tla (jar:file:/home/ubuntu/Specula-incremental-skill-canary-20260901/cases/051-nuraft-core-step02/attempt-001/lib/tla2tools.jar!/tla2sany/StandardModules/Integers.tla)
Parsing file /home/ubuntu/specula-vsr-runner-20260905/runs/vsr-rs-gpt6astra-ultra-round3-guided-20260906/vsr-rs/.specula-output/spec/output/specgen-review-_3bj7u3a/tmp/tlc-7082986041962315375/Sequences.tla (jar:file:/home/ubuntu/Specula-incremental-skill-canary-20260901/cases/051-nuraft-core-step02/attempt-001/lib/tla2tools.jar!/tla2sany/StandardModules/Sequences.tla)
Parsing file /home/ubuntu/specula-vsr-runner-20260905/runs/vsr-rs-gpt6astra-ultra-round3-guided-20260906/vsr-rs/.specula-output/spec/output/specgen-review-_3bj7u3a/tmp/tlc-7082986041962315375/FiniteSets.tla (jar:file:/home/ubuntu/Specula-incremental-skill-canary-20260901/cases/051-nuraft-core-step02/attempt-001/lib/tla2tools.jar!/tla2sany/StandardModules/FiniteSets.tla)
Parsing file /home/ubuntu/specula-vsr-runner-20260905/runs/vsr-rs-gpt6astra-ultra-round3-guided-20260906/vsr-rs/.specula-output/spec/output/specgen-review-_3bj7u3a/tmp/tlc-7082986041962315375/TLC.tla (jar:file:/home/ubuntu/Specula-incremental-skill-canary-20260901/cases/051-nuraft-core-step02/attempt-001/lib/tla2tools.jar!/tla2sany/StandardModules/TLC.tla)
Parsing file /home/ubuntu/specula-vsr-runner-20260905/runs/vsr-rs-gpt6astra-ultra-round3-guided-20260906/vsr-rs/.specula-output/spec/output/specgen-review-_3bj7u3a/tmp/tlc-7082986041962315375/Naturals.tla (jar:file:/home/ubuntu/Specula-incremental-skill-canary-20260901/cases/051-nuraft-core-step02/attempt-001/lib/tla2tools.jar!/tla2sany/StandardModules/Naturals.tla)
Parsing file /home/ubuntu/specula-vsr-runner-20260905/runs/vsr-rs-gpt6astra-ultra-round3-guided-20260906/vsr-rs/.specula-output/spec/output/specgen-review-_3bj7u3a/tmp/tlc-7082986041962315375/SequencesExt.tla (jar:file:/home/ubuntu/Specula-incremental-skill-canary-20260901/cases/051-nuraft-core-step02/attempt-001/lib/CommunityModules-deps.jar!/SequencesExt.tla)
Parsing file /home/ubuntu/specula-vsr-runner-20260905/runs/vsr-rs-gpt6astra-ultra-round3-guided-20260906/vsr-rs/.specula-output/spec/output/specgen-review-_3bj7u3a/tmp/tlc-7082986041962315375/FiniteSetsExt.tla (jar:file:/home/ubuntu/Specula-incremental-skill-canary-20260901/cases/051-nuraft-core-step02/attempt-001/lib/CommunityModules-deps.jar!/FiniteSetsExt.tla)
Parsing file /home/ubuntu/specula-vsr-runner-20260905/runs/vsr-rs-gpt6astra-ultra-round3-guided-20260906/vsr-rs/.specula-output/spec/output/specgen-review-_3bj7u3a/tmp/tlc-7082986041962315375/Folds.tla (jar:file:/home/ubuntu/Specula-incremental-skill-canary-20260901/cases/051-nuraft-core-step02/attempt-001/lib/CommunityModules-deps.jar!/Folds.tla)
Parsing file /home/ubuntu/specula-vsr-runner-20260905/runs/vsr-rs-gpt6astra-ultra-round3-guided-20260906/vsr-rs/.specula-output/spec/output/specgen-review-_3bj7u3a/tmp/tlc-7082986041962315375/Functions.tla (jar:file:/home/ubuntu/Specula-incremental-skill-canary-20260901/cases/051-nuraft-core-step02/attempt-001/lib/CommunityModules-deps.jar!/Functions.tla)
Semantic processing of module Naturals
Semantic processing of module Integers
Semantic processing of module Sequences
Semantic processing of module FiniteSets
Semantic processing of module TLC
Semantic processing of module base
Semantic processing of module Json
Semantic processing of module Folds
Semantic processing of module Functions
Semantic processing of module FiniteSetsExt
Semantic processing of module SequencesExt
Semantic processing of module IOUtils
Semantic processing of module Trace
Linting of module base
Linting of module Json
Linting of module Folds
Linting of module Functions
Linting of module FiniteSetsExt
Linting of module SequencesExt
Linting of module IOUtils
Linting of module Trace
Starting... (2026-09-06 09:29:55)
Implied-temporal checking--satisfiability problem has 1 branches.
Computing initial states...
Finished computing initial states: 1 distinct state generated at 2026-09-06 09:29:55.
Progress(12) at 2026-09-06 09:29:55: 12 states generated, 12 distinct states found, 0 states left on queue.
Checking temporal properties for the complete state space with 12 total distinct states at (2026-09-06 09:29:55)
Error: Temporal properties were violated.

Error: The following behavior constitutes a counter-example:

State 1: <Initial predicate>
/\ durableView = (0 :> 0 @@ 1 :> 0 @@ 2 :> 0)
/\ committedHistory = {}
/\ l = 2
/\ nextFrame = 0
/\ incarnation = (0 :> 0 @@ 1 :> 0 @@ 2 :> 0)
/\ replica = ( 0 :>
      [ status |-> "Normal",
        view |-> 0,
        lastNormal |-> 0,
        log |-> <<>>,
        commit |-> 0,
        acks |-> <<>>,
        table |-> <<>>,
        heard |-> TRUE,
        waiting |-> 0,
        attempts |-> 0,
        stable |-> 0,
        svc |-> {},
        dvcSent |-> FALSE,
        dvc |-> <<>>,
        catching |-> FALSE,
        nonce |-> 0,
        responses |-> <<>>,
        messages |-> <<>>,
        replies |-> <<>>,
        app |-> "nil",
        executed |-> <<>>,
        install |-> [view |-> 0, log |-> <<>>, kind |-> "none"],
        error |-> "" ] @@
  1 :>
      [ status |-> "Normal",
        view |-> 0,
        lastNormal |-> 0,
        log |-> <<>>,
        commit |-> 0,
        acks |-> <<>>,
        table |-> <<>>,
        heard |-> TRUE,
        waiting |-> 0,
        attempts |-> 0,
        stable |-> 0,
        svc |-> {},
        dvcSent |-> FALSE,
        dvc |-> <<>>,
        catching |-> FALSE,
        nonce |-> 0,
        responses |-> <<>>,
        messages |-> <<>>,
        replies |-> <<>>,
        app |-> "nil",
        executed |-> <<>>,
        install |-> [view |-> 0, log |-> <<>>, kind |-> "none"],
        error |-> "" ] @@
  2 :>
      [ status |-> "Normal",
        view |-> 0,
        lastNormal |-> 0,
        log |-> <<>>,
        commit |-> 0,
        acks |-> <<>>,
        table |-> <<>>,
        heard |-> TRUE,
        waiting |-> 0,
        attempts |-> 0,
        stable |-> 0,
        svc |-> {},
        dvcSent |-> FALSE,
        dvc |-> <<>>,
        catching |-> FALSE,
        nonce |-> 0,
        responses |-> <<>>,
        messages |-> <<>>,
        replies |-> <<>>,
        app |-> "nil",
        executed |-> <<>>,
        install |-> [view |-> 0, log |-> <<>>, kind |-> "none"],
        error |-> "" ] )
/\ healthySet = {0, 1, 2}
/\ phase = "faults"
/\ historyViolation = FALSE
/\ invocations = <<>>
/\ client = ( 100 :>
      [ view |-> 0,
        next |-> 0,
        pending |-> FALSE,
        entry |->
            [ client |-> -1,
              request |-> -1,
              op |-> [kind |-> "Get", value |-> "nil"] ] ] @@
  101 :>
      [ view |-> 0,
        next |-> 0,
        pending |-> FALSE,
        entry |->
            [ client |-> -1,
              request |-> -1,
              op |-> [kind |-> "Get", value |-> "nil"] ] ] )
/\ publicationViolation = FALSE
/\ owner = (0 :> "ready" @@ 1 :> "ready" @@ 2 :> "ready")
/\ tx = <<>>
/\ responses = <<>>
/\ network = {}
/\ happensBefore = {}

State 2: <TraceNext line 143, col 5 to line 176, col 28 of module Trace>
/\ durableView = (0 :> 0 @@ 1 :> 0 @@ 2 :> 0)
/\ committedHistory = {}
/\ l = 3
/\ nextFrame = 0
/\ incarnation = (0 :> 0 @@ 1 :> 0 @@ 2 :> 0)
/\ replica = ( 0 :>
      [ status |-> "Normal",
        view |-> 0,
        lastNormal |-> 0,
        log |-> <<>>,
        commit |-> 0,
        acks |-> <<>>,
        table |-> <<>>,
        heard |-> TRUE,
        waiting |-> 0,
        attempts |-> 0,
        stable |-> 0,
        svc |-> {},
        dvcSent |-> FALSE,
        dvc |-> <<>>,
        catching |-> FALSE,
        nonce |-> 0,
        responses |-> <<>>,
        messages |-> <<>>,
        replies |-> <<>>,
        app |-> "nil",
        executed |-> <<>>,
        install |-> [view |-> 0, log |-> <<>>, kind |-> "none"],
        error |-> "" ] @@
  1 :>
      [ status |-> "Normal",
        view |-> 0,
        lastNormal |-> 0,
        log |-> <<>>,
        commit |-> 0,
        acks |-> <<>>,
        table |-> <<>>,
        heard |-> TRUE,
        waiting |-> 0,
        attempts |-> 0,
        stable |-> 0,
        svc |-> {},
        dvcSent |-> FALSE,
        dvc |-> <<>>,
        catching |-> FALSE,
        nonce |-> 0,
        responses |-> <<>>,
        messages |-> <<>>,
        replies |-> <<>>,
        app |-> "nil",
        executed |-> <<>>,
        install |-> [view |-> 0, log |-> <<>>, kind |-> "none"],
        error |-> "" ] @@
  2 :>
      [ status |-> "Normal",
        view |-> 0,
        lastNormal |-> 0,
        log |-> <<>>,
        commit |-> 0,
        acks |-> <<>>,
        table |-> <<>>,
        heard |-> TRUE,
        waiting |-> 0,
        attempts |-> 0,
        stable |-> 0,
        svc |-> {},
        dvcSent |-> FALSE,
        dvc |-> <<>>,
        catching |-> FALSE,
        nonce |-> 0,
        responses |-> <<>>,
        messages |-> <<>>,
        replies |-> <<>>,
        app |-> "nil",
        executed |-> <<>>,
        install |-> [view |-> 0, log |-> <<>>, kind |-> "none"],
        error |-> "" ] )
/\ healthySet = {0, 1, 2}
/\ phase = "faults"
/\ historyViolation = FALSE
/\ invocations = ( <<100, 0>> :>
      [client |-> 100, request |-> 0, op |-> [kind |-> "Put", value |-> "AA"]] )
/\ client = ( 100 :>
      [ view |-> 0,
        next |-> 1,
        pending |-> TRUE,
        entry |->
            [ client |-> 100,
              request |-> 0,
              op |-> [kind |-> "Put", value |-> "AA"] ] ] @@
  101 :>
      [ view |-> 0,
        next |-> 0,
        pending |-> FALSE,
        entry |->
            [ client |-> -1,
              request |-> -1,
              op |-> [kind |-> "Get", value |-> "nil"] ] ] )
/\ publicationViolation = FALSE
/\ owner = (0 :> "ready" @@ 1 :> "ready" @@ 2 :> "ready")
/\ tx = <<>>
/\ responses = <<>>
/\ network = { [ src |-> 100,
    opnum |-> 0,
    result |-> "nil",
    view |-> 0,
    lastNormal |-> 0,
    log |-> <<>>,
    commit |-> 0,
    nonce |-> 0,
    entry |->
        [ client |-> 100,
          request |-> 0,
          op |-> [kind |-> "Put", value |-> "AA"] ],
    kind |-> "Request",
    dst |-> 0,
    start |-> 0,
    hasState |-> FALSE ] }
/\ happensBefore = {}

State 3: <TraceNext line 143, col 5 to line 176, col 28 of module Trace>
/\ durableView = (0 :> 0 @@ 1 :> 0 @@ 2 :> 0)
/\ committedHistory = {}
/\ l = 4
/\ nextFrame = 0
/\ incarnation = (0 :> 0 @@ 1 :> 0 @@ 2 :> 0)
/\ replica = ( 0 :>
      [ status |-> "Normal",
        view |-> 0,
        lastNormal |-> 0,
        log |->
            << [ client |-> 100,
                 request |-> 0,
                 op |-> [kind |-> "Put", value |-> "AA"] ] >>,
        commit |-> 0,
        acks |-> <<{0}>>,
        table |->
            (100 :> [request |-> 0, hasReply |-> FALSE, result |-> "nil"]),
        heard |-> TRUE,
        waiting |-> 0,
        attempts |-> 0,
        stable |-> 0,
        svc |-> {},
        dvcSent |-> FALSE,
        dvc |-> <<>>,
        catching |-> FALSE,
        nonce |-> 0,
        responses |-> <<>>,
        messages |->
            << [ src |-> 0,
                 opnum |-> 1,
                 result |-> "nil",
                 view |-> 0,
                 lastNormal |-> 0,
                 log |-> <<>>,
                 commit |-> 0,
                 nonce |-> 0,
                 entry |->
                     [ client |-> 100,
                       request |-> 0,
                       op |-> [kind |-> "Put", value |-> "AA"] ],
                 kind |-> "Prepare",
                 dst |-> 1,
                 start |-> 0,
                 hasState |-> FALSE ],
               [ src |-> 0,
                 opnum |-> 1,
                 result |-> "nil",
                 view |-> 0,
                 lastNormal |-> 0,
                 log |-> <<>>,
                 commit |-> 0,
                 nonce |-> 0,
                 entry |->
                     [ client |-> 100,
                       request |-> 0,
                       op |-> [kind |-> "Put", value |-> "AA"] ],
                 kind |-> "Prepare",
                 dst |-> 2,
                 start |-> 0,
                 hasState |-> FALSE ] >>,
        replies |-> <<>>,
        app |-> "nil",
        executed |-> <<>>,
        install |-> [view |-> 0, log |-> <<>>, kind |-> "none"],
        error |-> "" ] @@
  1 :>
      [ status |-> "Normal",
        view |-> 0,
        lastNormal |-> 0,
        log |-> <<>>,
        commit |-> 0,
        acks |-> <<>>,
        table |-> <<>>,
        heard |-> TRUE,
        waiting |-> 0,
        attempts |-> 0,
        stable |-> 0,
        svc |-> {},
        dvcSent |-> FALSE,
        dvc |-> <<>>,
        catching |-> FALSE,
        nonce |-> 0,
        responses |-> <<>>,
        messages |-> <<>>,
        replies |-> <<>>,
        app |-> "nil",
        executed |-> <<>>,
        install |-> [view |-> 0, log |-> <<>>, kind |-> "none"],
        error |-> "" ] @@
  2 :>
      [ status |-> "Normal",
        view |-> 0,
        lastNormal |-> 0,
        log |-> <<>>,
        commit |-> 0,
        acks |-> <<>>,
        table |-> <<>>,
        heard |-> TRUE,
        waiting |-> 0,
        attempts |-> 0,
        stable |-> 0,
        svc |-> {},
        dvcSent |-> FALSE,
        dvc |-> <<>>,
        catching |-> FALSE,
        nonce |-> 0,
        responses |-> <<>>,
        messages |-> <<>>,
        replies |-> <<>>,
        app |-> "nil",
        executed |-> <<>>,
        install |-> [view |-> 0, log |-> <<>>, kind |-> "none"],
        error |-> "" ] )
/\ healthySet = {0, 1, 2}
/\ phase = "faults"
/\ historyViolation = FALSE
/\ invocations = ( <<100, 0>> :>
      [client |-> 100, request |-> 0, op |-> [kind |-> "Put", value |-> "AA"]] )
/\ client = ( 100 :>
      [ view |-> 0,
        next |-> 1,
        pending |-> TRUE,
        entry |->
            [ client |-> 100,
              request |-> 0,
              op |-> [kind |-> "Put", value |-> "AA"] ] ] @@
  101 :>
      [ view |-> 0,
        next |-> 0,
        pending |-> FALSE,
        entry |->
            [ client |-> -1,
              request |-> -1,
              op |-> [kind |-> "Get", value |-> "nil"] ] ] )
/\ publicationViolation = FALSE
/\ owner = (0 :> "persist" @@ 1 :> "ready" @@ 2 :> "ready")
/\ tx = <<>>
/\ responses = <<>>
/\ network = {}
/\ happensBefore = {}

State 4: <TraceNext line 143, col 5 to line 176, col 28 of module Trace>
/\ durableView = (0 :> 0 @@ 1 :> 0 @@ 2 :> 0)
/\ committedHistory = {}
/\ l = 5
/\ nextFrame = 0
/\ incarnation = (0 :> 0 @@ 1 :> 0 @@ 2 :> 0)
/\ replica = ( 0 :>
      [ status |-> "Normal",
        view |-> 0,
        lastNormal |-> 0,
        log |->
            << [ client |-> 100,
                 request |-> 0,
                 op |-> [kind |-> "Put", value |-> "AA"] ] >>,
        commit |-> 0,
        acks |-> <<{0}>>,
        table |->
            (100 :> [request |-> 0, hasReply |-> FALSE, result |-> "nil"]),
        heard |-> TRUE,
        waiting |-> 0,
        attempts |-> 0,
        stable |-> 0,
        svc |-> {},
        dvcSent |-> FALSE,
        dvc |-> <<>>,
        catching |-> FALSE,
        nonce |-> 0,
        responses |-> <<>>,
        messages |->
            << [ src |-> 0,
                 opnum |-> 1,
                 result |-> "nil",
                 view |-> 0,
                 lastNormal |-> 0,
                 log |-> <<>>,
                 commit |-> 0,
                 nonce |-> 0,
                 entry |->
                     [ client |-> 100,
                       request |-> 0,
                       op |-> [kind |-> "Put", value |-> "AA"] ],
                 kind |-> "Prepare",
                 dst |-> 1,
                 start |-> 0,
                 hasState |-> FALSE ],
               [ src |-> 0,
                 opnum |-> 1,
                 result |-> "nil",
                 view |-> 0,
                 lastNormal |-> 0,
                 log |-> <<>>,
                 commit |-> 0,
                 nonce |-> 0,
                 entry |->
                     [ client |-> 100,
                       request |-> 0,
                       op |-> [kind |-> "Put", value |-> "AA"] ],
                 kind |-> "Prepare",
                 dst |-> 2,
                 start |-> 0,
                 hasState |-> FALSE ] >>,
        replies |-> <<>>,
        app |-> "nil",
        executed |-> <<>>,
        install |-> [view |-> 0, log |-> <<>>, kind |-> "none"],
        error |-> "" ] @@
  1 :>
      [ status |-> "Normal",
        view |-> 0,
        lastNormal |-> 0,
        log |-> <<>>,
        commit |-> 0,
        acks |-> <<>>,
        table |-> <<>>,
        heard |-> TRUE,
        waiting |-> 0,
        attempts |-> 0,
        stable |-> 0,
        svc |-> {},
        dvcSent |-> FALSE,
        dvc |-> <<>>,
        catching |-> FALSE,
        nonce |-> 0,
        responses |-> <<>>,
        messages |-> <<>>,
        replies |-> <<>>,
        app |-> "nil",
        executed |-> <<>>,
        install |-> [view |-> 0, log |-> <<>>, kind |-> "none"],
        error |-> "" ] @@
  2 :>
      [ status |-> "Normal",
        view |-> 0,
        lastNormal |-> 0,
        log |-> <<>>,
        commit |-> 0,
        acks |-> <<>>,
        table |-> <<>>,
        heard |-> TRUE,
        waiting |-> 0,
        attempts |-> 0,
        stable |-> 0,
        svc |-> {},
        dvcSent |-> FALSE,
        dvc |-> <<>>,
        catching |-> FALSE,
        nonce |-> 0,
        responses |-> <<>>,
        messages |-> <<>>,
        replies |-> <<>>,
        app |-> "nil",
        executed |-> <<>>,
        install |-> [view |-> 0, log |-> <<>>, kind |-> "none"],
        error |-> "" ] )
/\ healthySet = {0, 1, 2}
/\ phase = "faults"
/\ historyViolation = FALSE
/\ invocations = ( <<100, 0>> :>
      [client |-> 100, request |-> 0, op |-> [kind |-> "Put", value |-> "AA"]] )
/\ client = ( 100 :>
      [ view |-> 0,
        next |-> 1,
        pending |-> TRUE,
        entry |->
            [ client |-> 100,
              request |-> 0,
              op |-> [kind |-> "Put", value |-> "AA"] ] ] @@
  101 :>
      [ view |-> 0,
        next |-> 0,
        pending |-> FALSE,
        entry |->
            [ client |-> -1,
              request |-> -1,
              op |-> [kind |-> "Get", value |-> "nil"] ] ] )
/\ publicationViolation = FALSE
/\ owner = (0 :> "publish" @@ 1 :> "ready" @@ 2 :> "ready")
/\ tx = <<>>
/\ responses = <<>>
/\ network = {}
/\ happensBefore = {}

State 5: <TraceNext line 143, col 5 to line 176, col 28 of module Trace>
/\ durableView = (0 :> 0 @@ 1 :> 0 @@ 2 :> 0)
/\ committedHistory = {}
/\ l = 6
/\ nextFrame = 0
/\ incarnation = (0 :> 0 @@ 1 :> 0 @@ 2 :> 0)
/\ replica = ( 0 :>
      [ status |-> "Normal",
        view |-> 0,
        lastNormal |-> 0,
        log |->
            << [ client |-> 100,
                 request |-> 0,
                 op |-> [kind |-> "Put", value |-> "AA"] ] >>,
        commit |-> 0,
        acks |-> <<{0}>>,
        table |->
            (100 :> [request |-> 0, hasReply |-> FALSE, result |-> "nil"]),
        heard |-> TRUE,
        waiting |-> 0,
        attempts |-> 0,
        stable |-> 0,
        svc |-> {},
        dvcSent |-> FALSE,
        dvc |-> <<>>,
        catching |-> FALSE,
        nonce |-> 0,
        responses |-> <<>>,
        messages |->
            << [ src |-> 0,
                 opnum |-> 1,
                 result |-> "nil",
                 view |-> 0,
                 lastNormal |-> 0,
                 log |-> <<>>,
                 commit |-> 0,
                 nonce |-> 0,
                 entry |->
                     [ client |-> 100,
                       request |-> 0,
                       op |-> [kind |-> "Put", value |-> "AA"] ],
                 kind |-> "Prepare",
                 dst |-> 2,
                 start |-> 0,
                 hasState |-> FALSE ] >>,
        replies |-> <<>>,
        app |-> "nil",
        executed |-> <<>>,
        install |-> [view |-> 0, log |-> <<>>, kind |-> "none"],
        error |-> "" ] @@
  1 :>
      [ status |-> "Normal",
        view |-> 0,
        lastNormal |-> 0,
        log |-> <<>>,
        commit |-> 0,
        acks |-> <<>>,
        table |-> <<>>,
        heard |-> TRUE,
        waiting |-> 0,
        attempts |-> 0,
        stable |-> 0,
        svc |-> {},
        dvcSent |-> FALSE,
        dvc |-> <<>>,
        catching |-> FALSE,
        nonce |-> 0,
        responses |-> <<>>,
        messages |-> <<>>,
        replies |-> <<>>,
        app |-> "nil",
        executed |-> <<>>,
        install |-> [view |-> 0, log |-> <<>>, kind |-> "none"],
        error |-> "" ] @@
  2 :>
      [ status |-> "Normal",
        view |-> 0,
        lastNormal |-> 0,
        log |-> <<>>,
        commit |-> 0,
        acks |-> <<>>,
        table |-> <<>>,
        heard |-> TRUE,
        waiting |-> 0,
        attempts |-> 0,
        stable |-> 0,
        svc |-> {},
        dvcSent |-> FALSE,
        dvc |-> <<>>,
        catching |-> FALSE,
        nonce |-> 0,
        responses |-> <<>>,
        messages |-> <<>>,
        replies |-> <<>>,
        app |-> "nil",
        executed |-> <<>>,
        install |-> [view |-> 0, log |-> <<>>, kind |-> "none"],
        error |-> "" ] )
/\ healthySet = {0, 1, 2}
/\ phase = "faults"
/\ historyViolation = FALSE
/\ invocations = ( <<100, 0>> :>
      [client |-> 100, request |-> 0, op |-> [kind |-> "Put", value |-> "AA"]] )
/\ client = ( 100 :>
      [ view |-> 0,
        next |-> 1,
        pending |-> TRUE,
        entry |->
            [ client |-> 100,
              request |-> 0,
              op |-> [kind |-> "Put", value |-> "AA"] ] ] @@
  101 :>
      [ view |-> 0,
        next |-> 0,
        pending |-> FALSE,
        entry |->
            [ client |-> -1,
              request |-> -1,
              op |-> [kind |-> "Get", value |-> "nil"] ] ] )
/\ publicationViolation = FALSE
/\ owner = (0 :> "publish" @@ 1 :> "ready" @@ 2 :> "ready")
/\ tx = <<>>
/\ responses = <<>>
/\ network = { [ src |-> 0,
    opnum |-> 1,
    result |-> "nil",
    view |-> 0,
    lastNormal |-> 0,
    log |-> <<>>,
    commit |-> 0,
    nonce |-> 0,
    entry |->
        [ client |-> 100,
          request |-> 0,
          op |-> [kind |-> "Put", value |-> "AA"] ],
    kind |-> "Prepare",
    dst |-> 1,
    start |-> 0,
    hasState |-> FALSE ] }
/\ happensBefore = {}

State 6: <TraceNext line 143, col 5 to line 176, col 28 of module Trace>
/\ durableView = (0 :> 0 @@ 1 :> 0 @@ 2 :> 0)
/\ committedHistory = {}
/\ l = 7
/\ nextFrame = 0
/\ incarnation = (0 :> 0 @@ 1 :> 0 @@ 2 :> 0)
/\ replica = ( 0 :>
      [ status |-> "Normal",
        view |-> 0,
        lastNormal |-> 0,
        log |->
            << [ client |-> 100,
                 request |-> 0,
                 op |-> [kind |-> "Put", value |-> "AA"] ] >>,
        commit |-> 0,
        acks |-> <<{0}>>,
        table |->
            (100 :> [request |-> 0, hasReply |-> FALSE, result |-> "nil"]),
        heard |-> TRUE,
        waiting |-> 0,
        attempts |-> 0,
        stable |-> 0,
        svc |-> {},
        dvcSent |-> FALSE,
        dvc |-> <<>>,
        catching |-> FALSE,
        nonce |-> 0,
        responses |-> <<>>,
        messages |-> <<>>,
        replies |-> <<>>,
        app |-> "nil",
        executed |-> <<>>,
        install |-> [view |-> 0, log |-> <<>>, kind |-> "none"],
        error |-> "" ] @@
  1 :>
      [ status |-> "Normal",
        view |-> 0,
        lastNormal |-> 0,
        log |-> <<>>,
        commit |-> 0,
        acks |-> <<>>,
        table |-> <<>>,
        heard |-> TRUE,
        waiting |-> 0,
        attempts |-> 0,
        stable |-> 0,
        svc |-> {},
        dvcSent |-> FALSE,
        dvc |-> <<>>,
        catching |-> FALSE,
        nonce |-> 0,
        responses |-> <<>>,
        messages |-> <<>>,
        replies |-> <<>>,
        app |-> "nil",
        executed |-> <<>>,
        install |-> [view |-> 0, log |-> <<>>, kind |-> "none"],
        error |-> "" ] @@
  2 :>
      [ status |-> "Normal",
        view |-> 0,
        lastNormal |-> 0,
        log |-> <<>>,
        commit |-> 0,
        acks |-> <<>>,
        table |-> <<>>,
        heard |-> TRUE,
        waiting |-> 0,
        attempts |-> 0,
        stable |-> 0,
        svc |-> {},
        dvcSent |-> FALSE,
        dvc |-> <<>>,
        catching |-> FALSE,
        nonce |-> 0,
        responses |-> <<>>,
        messages |-> <<>>,
        replies |-> <<>>,
        app |-> "nil",
        executed |-> <<>>,
        install |-> [view |-> 0, log |-> <<>>, kind |-> "none"],
        error |-> "" ] )
/\ healthySet = {0, 1, 2}
/\ phase = "faults"
/\ historyViolation = FALSE
/\ invocations = ( <<100, 0>> :>
      [client |-> 100, request |-> 0, op |-> [kind |-> "Put", value |-> "AA"]] )
/\ client = ( 100 :>
      [ view |-> 0,
        next |-> 1,
        pending |-> TRUE,
        entry |->
            [ client |-> 100,
              request |-> 0,
              op |-> [kind |-> "Put", value |-> "AA"] ] ] @@
  101 :>
      [ view |-> 0,
        next |-> 0,
        pending |-> FALSE,
        entry |->
            [ client |-> -1,
              request |-> -1,
              op |-> [kind |-> "Get", value |-> "nil"] ] ] )
/\ publicationViolation = FALSE
/\ owner = (0 :> "ready" @@ 1 :> "ready" @@ 2 :> "ready")
/\ tx = <<>>
/\ responses = <<>>
/\ network = { [ src |-> 0,
    opnum |-> 1,
    result |-> "nil",
    view |-> 0,
    lastNormal |-> 0,
    log |-> <<>>,
    commit |-> 0,
    nonce |-> 0,
    entry |->
        [ client |-> 100,
          request |-> 0,
          op |-> [kind |-> "Put", value |-> "AA"] ],
    kind |-> "Prepare",
    dst |-> 1,
    start |-> 0,
    hasState |-> FALSE ],
  [ src |-> 0,
    opnum |-> 1,
    result |-> "nil",
    view |-> 0,
    lastNormal |-> 0,
    log |-> <<>>,
    commit |-> 0,
    nonce |-> 0,
    entry |->
        [ client |-> 100,
          request |-> 0,
          op |-> [kind |-> "Put", value |-> "AA"] ],
    kind |-> "Prepare",
    dst |-> 2,
    start |-> 0,
    hasState |-> FALSE ] }
/\ happensBefore = {}

State 7: <TraceNext line 143, col 5 to line 176, col 28 of module Trace>
/\ durableView = (0 :> 0 @@ 1 :> 0 @@ 2 :> 0)
/\ committedHistory = {}
/\ l = 8
/\ nextFrame = 0
/\ incarnation = (0 :> 0 @@ 1 :> 0 @@ 2 :> 0)
/\ replica = ( 0 :>
      [ status |-> "Normal",
        view |-> 0,
        lastNormal |-> 0,
        log |->
            << [ client |-> 100,
                 request |-> 0,
                 op |-> [kind |-> "Put", value |-> "AA"] ] >>,
        commit |-> 0,
        acks |-> <<{0}>>,
        table |->
            (100 :> [request |-> 0, hasReply |-> FALSE, result |-> "nil"]),
        heard |-> TRUE,
        waiting |-> 0,
        attempts |-> 0,
        stable |-> 0,
        svc |-> {},
        dvcSent |-> FALSE,
        dvc |-> <<>>,
        catching |-> FALSE,
        nonce |-> 0,
        responses |-> <<>>,
        messages |-> <<>>,
        replies |-> <<>>,
        app |-> "nil",
        executed |-> <<>>,
        install |-> [view |-> 0, log |-> <<>>, kind |-> "none"],
        error |-> "" ] @@
  1 :>
      [ status |-> "Normal",
        view |-> 0,
        lastNormal |-> 0,
        log |->
            << [ client |-> 100,
                 request |-> 0,
                 op |-> [kind |-> "Put", value |-> "AA"] ] >>,
        commit |-> 0,
        acks |-> <<>>,
        table |->
            (100 :> [request |-> 0, hasReply |-> FALSE, result |-> "nil"]),
        heard |-> TRUE,
        waiting |-> 0,
        attempts |-> 0,
        stable |-> 0,
        svc |-> {},
        dvcSent |-> FALSE,
        dvc |-> <<>>,
        catching |-> FALSE,
        nonce |-> 0,
        responses |-> <<>>,
        messages |->
            << [ src |-> 1,
                 opnum |-> 1,
                 result |-> "nil",
                 view |-> 0,
                 lastNormal |-> 0,
                 log |-> <<>>,
                 commit |-> 0,
                 nonce |-> 0,
                 entry |->
                     [ client |-> -1,
                       request |-> -1,
                       op |-> [kind |-> "Get", value |-> "nil"] ],
                 kind |-> "PrepareOk",
                 dst |-> 0,
                 start |-> 0,
                 hasState |-> FALSE ] >>,
        replies |-> <<>>,
        app |-> "nil",
        executed |-> <<>>,
        install |-> [view |-> 0, log |-> <<>>, kind |-> "none"],
        error |-> "" ] @@
  2 :>
      [ status |-> "Normal",
        view |-> 0,
        lastNormal |-> 0,
        log |-> <<>>,
        commit |-> 0,
        acks |-> <<>>,
        table |-> <<>>,
        heard |-> TRUE,
        waiting |-> 0,
        attempts |-> 0,
        stable |-> 0,
        svc |-> {},
        dvcSent |-> FALSE,
        dvc |-> <<>>,
        catching |-> FALSE,
        nonce |-> 0,
        responses |-> <<>>,
        messages |-> <<>>,
        replies |-> <<>>,
        app |-> "nil",
        executed |-> <<>>,
        install |-> [view |-> 0, log |-> <<>>, kind |-> "none"],
        error |-> "" ] )
/\ healthySet = {0, 1, 2}
/\ phase = "faults"
/\ historyViolation = FALSE
/\ invocations = ( <<100, 0>> :>
      [client |-> 100, request |-> 0, op |-> [kind |-> "Put", value |-> "AA"]] )
/\ client = ( 100 :>
      [ view |-> 0,
        next |-> 1,
        pending |-> TRUE,
        entry |->
            [ client |-> 100,
              request |-> 0,
              op |-> [kind |-> "Put", value |-> "AA"] ] ] @@
  101 :>
      [ view |-> 0,
        next |-> 0,
        pending |-> FALSE,
        entry |->
            [ client |-> -1,
              request |-> -1,
              op |-> [kind |-> "Get", value |-> "nil"] ] ] )
/\ publicationViolation = FALSE
/\ owner = (0 :> "ready" @@ 1 :> "persist" @@ 2 :> "ready")
/\ tx = <<>>
/\ responses = <<>>
/\ network = { [ src |-> 0,
    opnum |-> 1,
    result |-> "nil",
    view |-> 0,
    lastNormal |-> 0,
    log |-> <<>>,
    commit |-> 0,
    nonce |-> 0,
    entry |->
        [ client |-> 100,
          request |-> 0,
          op |-> [kind |-> "Put", value |-> "AA"] ],
    kind |-> "Prepare",
    dst |-> 2,
    start |-> 0,
    hasState |-> FALSE ] }
/\ happensBefore = {}

State 8: <TraceNext line 143, col 5 to line 176, col 28 of module Trace>
/\ durableView = (0 :> 0 @@ 1 :> 0 @@ 2 :> 0)
/\ committedHistory = {}
/\ l = 9
/\ nextFrame = 0
/\ incarnation = (0 :> 0 @@ 1 :> 0 @@ 2 :> 0)
/\ replica = ( 0 :>
      [ status |-> "Normal",
        view |-> 0,
        lastNormal |-> 0,
        log |->
            << [ client |-> 100,
                 request |-> 0,
                 op |-> [kind |-> "Put", value |-> "AA"] ] >>,
        commit |-> 0,
        acks |-> <<{0}>>,
        table |->
            (100 :> [request |-> 0, hasReply |-> FALSE, result |-> "nil"]),
        heard |-> TRUE,
        waiting |-> 0,
        attempts |-> 0,
        stable |-> 0,
        svc |-> {},
        dvcSent |-> FALSE,
        dvc |-> <<>>,
        catching |-> FALSE,
        nonce |-> 0,
        responses |-> <<>>,
        messages |-> <<>>,
        replies |-> <<>>,
        app |-> "nil",
        executed |-> <<>>,
        install |-> [view |-> 0, log |-> <<>>, kind |-> "none"],
        error |-> "" ] @@
  1 :>
      [ status |-> "Normal",
        view |-> 0,
        lastNormal |-> 0,
        log |->
            << [ client |-> 100,
                 request |-> 0,
                 op |-> [kind |-> "Put", value |-> "AA"] ] >>,
        commit |-> 0,
        acks |-> <<>>,
        table |->
            (100 :> [request |-> 0, hasReply |-> FALSE, result |-> "nil"]),
        heard |-> TRUE,
        waiting |-> 0,
        attempts |-> 0,
        stable |-> 0,
        svc |-> {},
        dvcSent |-> FALSE,
        dvc |-> <<>>,
        catching |-> FALSE,
        nonce |-> 0,
        responses |-> <<>>,
        messages |->
            << [ src |-> 1,
                 opnum |-> 1,
                 result |-> "nil",
                 view |-> 0,
                 lastNormal |-> 0,
                 log |-> <<>>,
                 commit |-> 0,
                 nonce |-> 0,
                 entry |->
                     [ client |-> -1,
                       request |-> -1,
                       op |-> [kind |-> "Get", value |-> "nil"] ],
                 kind |-> "PrepareOk",
                 dst |-> 0,
                 start |-> 0,
                 hasState |-> FALSE ] >>,
        replies |-> <<>>,
        app |-> "nil",
        executed |-> <<>>,
        install |-> [view |-> 0, log |-> <<>>, kind |-> "none"],
        error |-> "" ] @@
  2 :>
      [ status |-> "Normal",
        view |-> 0,
        lastNormal |-> 0,
        log |-> <<>>,
        commit |-> 0,
        acks |-> <<>>,
        table |-> <<>>,
        heard |-> TRUE,
        waiting |-> 0,
        attempts |-> 0,
        stable |-> 0,
        svc |-> {},
        dvcSent |-> FALSE,
        dvc |-> <<>>,
        catching |-> FALSE,
        nonce |-> 0,
        responses |-> <<>>,
        messages |-> <<>>,
        replies |-> <<>>,
        app |-> "nil",
        executed |-> <<>>,
        install |-> [view |-> 0, log |-> <<>>, kind |-> "none"],
        error |-> "" ] )
/\ healthySet = {0, 1, 2}
/\ phase = "faults"
/\ historyViolation = FALSE
/\ invocations = ( <<100, 0>> :>
      [client |-> 100, request |-> 0, op |-> [kind |-> "Put", value |-> "AA"]] )
/\ client = ( 100 :>
      [ view |-> 0,
        next |-> 1,
        pending |-> TRUE,
        entry |->
            [ client |-> 100,
              request |-> 0,
              op |-> [kind |-> "Put", value |-> "AA"] ] ] @@
  101 :>
      [ view |-> 0,
        next |-> 0,
        pending |-> FALSE,
        entry |->
            [ client |-> -1,
              request |-> -1,
              op |-> [kind |-> "Get", value |-> "nil"] ] ] )
/\ publicationViolation = FALSE
/\ owner = (0 :> "ready" @@ 1 :> "publish" @@ 2 :> "ready")
/\ tx = <<>>
/\ responses = <<>>
/\ network = { [ src |-> 0,
    opnum |-> 1,
    result |-> "nil",
    view |-> 0,
    lastNormal |-> 0,
    log |-> <<>>,
    commit |-> 0,
    nonce |-> 0,
    entry |->
        [ client |-> 100,
          request |-> 0,
          op |-> [kind |-> "Put", value |-> "AA"] ],
    kind |-> "Prepare",
    dst |-> 2,
    start |-> 0,
    hasState |-> FALSE ] }
/\ happensBefore = {}

State 9: <TraceNext line 143, col 5 to line 176, col 28 of module Trace>
/\ durableView = (0 :> 0 @@ 1 :> 0 @@ 2 :> 0)
/\ committedHistory = {}
/\ l = 10
/\ nextFrame = 0
/\ incarnation = (0 :> 0 @@ 1 :> 0 @@ 2 :> 0)
/\ replica = ( 0 :>
      [ status |-> "Normal",
        view |-> 0,
        lastNormal |-> 0,
        log |->
            << [ client |-> 100,
                 request |-> 0,
                 op |-> [kind |-> "Put", value |-> "AA"] ] >>,
        commit |-> 0,
        acks |-> <<{0}>>,
        table |->
            (100 :> [request |-> 0, hasReply |-> FALSE, result |-> "nil"]),
        heard |-> TRUE,
        waiting |-> 0,
        attempts |-> 0,
        stable |-> 0,
        svc |-> {},
        dvcSent |-> FALSE,
        dvc |-> <<>>,
        catching |-> FALSE,
        nonce |-> 0,
        responses |-> <<>>,
        messages |-> <<>>,
        replies |-> <<>>,
        app |-> "nil",
        executed |-> <<>>,
        install |-> [view |-> 0, log |-> <<>>, kind |-> "none"],
        error |-> "" ] @@
  1 :>
      [ status |-> "Normal",
        view |-> 0,
        lastNormal |-> 0,
        log |->
            << [ client |-> 100,
                 request |-> 0,
                 op |-> [kind |-> "Put", value |-> "AA"] ] >>,
        commit |-> 0,
        acks |-> <<>>,
        table |->
            (100 :> [request |-> 0, hasReply |-> FALSE, result |-> "nil"]),
        heard |-> TRUE,
        waiting |-> 0,
        attempts |-> 0,
        stable |-> 0,
        svc |-> {},
        dvcSent |-> FALSE,
        dvc |-> <<>>,
        catching |-> FALSE,
        nonce |-> 0,
        responses |-> <<>>,
        messages |-> <<>>,
        replies |-> <<>>,
        app |-> "nil",
        executed |-> <<>>,
        install |-> [view |-> 0, log |-> <<>>, kind |-> "none"],
        error |-> "" ] @@
  2 :>
      [ status |-> "Normal",
        view |-> 0,
        lastNormal |-> 0,
        log |-> <<>>,
        commit |-> 0,
        acks |-> <<>>,
        table |-> <<>>,
        heard |-> TRUE,
        waiting |-> 0,
        attempts |-> 0,
        stable |-> 0,
        svc |-> {},
        dvcSent |-> FALSE,
        dvc |-> <<>>,
        catching |-> FALSE,
        nonce |-> 0,
        responses |-> <<>>,
        messages |-> <<>>,
        replies |-> <<>>,
        app |-> "nil",
        executed |-> <<>>,
        install |-> [view |-> 0, log |-> <<>>, kind |-> "none"],
        error |-> "" ] )
/\ healthySet = {0, 1, 2}
/\ phase = "faults"
/\ historyViolation = FALSE
/\ invocations = ( <<100, 0>> :>
      [client |-> 100, request |-> 0, op |-> [kind |-> "Put", value |-> "AA"]] )
/\ client = ( 100 :>
      [ view |-> 0,
        next |-> 1,
        pending |-> TRUE,
        entry |->
            [ client |-> 100,
              request |-> 0,
              op |-> [kind |-> "Put", value |-> "AA"] ] ] @@
  101 :>
      [ view |-> 0,
        next |-> 0,
        pending |-> FALSE,
        entry |->
            [ client |-> -1,
              request |-> -1,
              op |-> [kind |-> "Get", value |-> "nil"] ] ] )
/\ publicationViolation = FALSE
/\ owner = (0 :> "ready" @@ 1 :> "ready" @@ 2 :> "ready")
/\ tx = <<>>
/\ responses = <<>>
/\ network = { [ src |-> 0,
    opnum |-> 1,
    result |-> "nil",
    view |-> 0,
    lastNormal |-> 0,
    log |-> <<>>,
    commit |-> 0,
    nonce |-> 0,
    entry |->
        [ client |-> 100,
          request |-> 0,
          op |-> [kind |-> "Put", value |-> "AA"] ],
    kind |-> "Prepare",
    dst |-> 2,
    start |-> 0,
    hasState |-> FALSE ],
  [ src |-> 1,
    opnum |-> 1,
    result |-> "nil",
    view |-> 0,
    lastNormal |-> 0,
    log |-> <<>>,
    commit |-> 0,
    nonce |-> 0,
    entry |->
        [ client |-> -1,
          request |-> -1,
          op |-> [kind |-> "Get", value |-> "nil"] ],
    kind |-> "PrepareOk",
    dst |-> 0,
    start |-> 0,
    hasState |-> FALSE ] }
/\ happensBefore = {}

State 10: <TraceNext line 143, col 5 to line 176, col 28 of module Trace>
/\ durableView = (0 :> 0 @@ 1 :> 0 @@ 2 :> 0)
/\ committedHistory = { [ result |-> "nil",
    view |-> 0,
    entry |->
        [ client |-> 100,
          request |-> 0,
          op |-> [kind |-> "Put", value |-> "AA"] ],
    pos |-> 1 ] }
/\ l = 11
/\ nextFrame = 0
/\ incarnation = (0 :> 0 @@ 1 :> 0 @@ 2 :> 0)
/\ replica = ( 0 :>
      [ status |-> "Normal",
        view |-> 0,
        lastNormal |-> 0,
        log |->
            << [ client |-> 100,
                 request |-> 0,
                 op |-> [kind |-> "Put", value |-> "AA"] ] >>,
        commit |-> 1,
        acks |-> <<>>,
        table |-> (100 :> [request |-> 0, hasReply |-> TRUE, result |-> "nil"]),
        heard |-> TRUE,
        waiting |-> 0,
        attempts |-> 0,
        stable |-> 0,
        svc |-> {},
        dvcSent |-> FALSE,
        dvc |-> <<>>,
        catching |-> FALSE,
        nonce |-> 0,
        responses |-> <<>>,
        messages |-> <<>>,
        replies |->
            << [ src |-> 0,
                 opnum |-> 0,
                 result |-> "nil",
                 view |-> 0,
                 lastNormal |-> 0,
                 log |-> <<>>,
                 commit |-> 0,
                 nonce |-> 0,
                 entry |->
                     [ client |-> 100,
                       request |-> 0,
                       op |-> [kind |-> "Get", value |-> "nil"] ],
                 kind |-> "Reply",
                 dst |-> 100,
                 start |-> 0,
                 hasState |-> FALSE ] >>,
        app |-> "AA",
        executed |->
            << [ result |-> "nil",
                 view |-> 0,
                 entry |->
                     [ client |-> 100,
                       request |-> 0,
                       op |-> [kind |-> "Put", value |-> "AA"] ],
                 pos |-> 1 ] >>,
        install |-> [view |-> 0, log |-> <<>>, kind |-> "none"],
        error |-> "" ] @@
  1 :>
      [ status |-> "Normal",
        view |-> 0,
        lastNormal |-> 0,
        log |->
            << [ client |-> 100,
                 request |-> 0,
                 op |-> [kind |-> "Put", value |-> "AA"] ] >>,
        commit |-> 0,
        acks |-> <<>>,
        table |->
            (100 :> [request |-> 0, hasReply |-> FALSE, result |-> "nil"]),
        heard |-> TRUE,
        waiting |-> 0,
        attempts |-> 0,
        stable |-> 0,
        svc |-> {},
        dvcSent |-> FALSE,
        dvc |-> <<>>,
        catching |-> FALSE,
        nonce |-> 0,
        responses |-> <<>>,
        messages |-> <<>>,
        replies |-> <<>>,
        app |-> "nil",
        executed |-> <<>>,
        install |-> [view |-> 0, log |-> <<>>, kind |-> "none"],
        error |-> "" ] @@
  2 :>
      [ status |-> "Normal",
        view |-> 0,
        lastNormal |-> 0,
        log |-> <<>>,
        commit |-> 0,
        acks |-> <<>>,
        table |-> <<>>,
        heard |-> TRUE,
        waiting |-> 0,
        attempts |-> 0,
        stable |-> 0,
        svc |-> {},
        dvcSent |-> FALSE,
        dvc |-> <<>>,
        catching |-> FALSE,
        nonce |-> 0,
        responses |-> <<>>,
        messages |-> <<>>,
        replies |-> <<>>,
        app |-> "nil",
        executed |-> <<>>,
        install |-> [view |-> 0, log |-> <<>>, kind |-> "none"],
        error |-> "" ] )
/\ healthySet = {0, 1, 2}
/\ phase = "faults"
/\ historyViolation = FALSE
/\ invocations = ( <<100, 0>> :>
      [client |-> 100, request |-> 0, op |-> [kind |-> "Put", value |-> "AA"]] )
/\ client = ( 100 :>
      [ view |-> 0,
        next |-> 1,
        pending |-> TRUE,
        entry |->
            [ client |-> 100,
              request |-> 0,
              op |-> [kind |-> "Put", value |-> "AA"] ] ] @@
  101 :>
      [ view |-> 0,
        next |-> 0,
        pending |-> FALSE,
        entry |->
            [ client |-> -1,
              request |-> -1,
              op |-> [kind |-> "Get", value |-> "nil"] ] ] )
/\ publicationViolation = FALSE
/\ owner = (0 :> "persist" @@ 1 :> "ready" @@ 2 :> "ready")
/\ tx = <<>>
/\ responses = <<>>
/\ network = { [ src |-> 0,
    opnum |-> 1,
    result |-> "nil",
    view |-> 0,
    lastNormal |-> 0,
    log |-> <<>>,
    commit |-> 0,
    nonce |-> 0,
    entry |->
        [ client |-> 100,
          request |-> 0,
          op |-> [kind |-> "Put", value |-> "AA"] ],
    kind |-> "Prepare",
    dst |-> 2,
    start |-> 0,
    hasState |-> FALSE ] }
/\ happensBefore = {}

State 11: <TraceNext line 143, col 5 to line 176, col 28 of module Trace>
/\ durableView = (0 :> 0 @@ 1 :> 0 @@ 2 :> 0)
/\ committedHistory = { [ result |-> "nil",
    view |-> 0,
    entry |->
        [ client |-> 100,
          request |-> 0,
          op |-> [kind |-> "Put", value |-> "AA"] ],
    pos |-> 1 ] }
/\ l = 12
/\ nextFrame = 0
/\ incarnation = (0 :> 0 @@ 1 :> 0 @@ 2 :> 0)
/\ replica = ( 0 :>
      [ status |-> "Normal",
        view |-> 0,
        lastNormal |-> 0,
        log |->
            << [ client |-> 100,
                 request |-> 0,
                 op |-> [kind |-> "Put", value |-> "AA"] ] >>,
        commit |-> 1,
        acks |-> <<>>,
        table |-> (100 :> [request |-> 0, hasReply |-> TRUE, result |-> "nil"]),
        heard |-> TRUE,
        waiting |-> 0,
        attempts |-> 0,
        stable |-> 0,
        svc |-> {},
        dvcSent |-> FALSE,
        dvc |-> <<>>,
        catching |-> FALSE,
        nonce |-> 0,
        responses |-> <<>>,
        messages |-> <<>>,
        replies |->
            << [ src |-> 0,
                 opnum |-> 0,
                 result |-> "nil",
                 view |-> 0,
                 lastNormal |-> 0,
                 log |-> <<>>,
                 commit |-> 0,
                 nonce |-> 0,
                 entry |->
                     [ client |-> 100,
                       request |-> 0,
                       op |-> [kind |-> "Get", value |-> "nil"] ],
                 kind |-> "Reply",
                 dst |-> 100,
                 start |-> 0,
                 hasState |-> FALSE ] >>,
        app |-> "AA",
        executed |->
            << [ result |-> "nil",
                 view |-> 0,
                 entry |->
                     [ client |-> 100,
                       request |-> 0,
                       op |-> [kind |-> "Put", value |-> "AA"] ],
                 pos |-> 1 ] >>,
        install |-> [view |-> 0, log |-> <<>>, kind |-> "none"],
        error |-> "" ] @@
  1 :>
      [ status |-> "Normal",
        view |-> 0,
        lastNormal |-> 0,
        log |->
            << [ client |-> 100,
                 request |-> 0,
                 op |-> [kind |-> "Put", value |-> "AA"] ] >>,
        commit |-> 0,
        acks |-> <<>>,
        table |->
            (100 :> [request |-> 0, hasReply |-> FALSE, result |-> "nil"]),
        heard |-> TRUE,
        waiting |-> 0,
        attempts |-> 0,
        stable |-> 0,
        svc |-> {},
        dvcSent |-> FALSE,
        dvc |-> <<>>,
        catching |-> FALSE,
        nonce |-> 0,
        responses |-> <<>>,
        messages |-> <<>>,
        replies |-> <<>>,
        app |-> "nil",
        executed |-> <<>>,
        install |-> [view |-> 0, log |-> <<>>, kind |-> "none"],
        error |-> "" ] @@
  2 :>
      [ status |-> "Normal",
        view |-> 0,
        lastNormal |-> 0,
        log |-> <<>>,
        commit |-> 0,
        acks |-> <<>>,
        table |-> <<>>,
        heard |-> TRUE,
        waiting |-> 0,
        attempts |-> 0,
        stable |-> 0,
        svc |-> {},
        dvcSent |-> FALSE,
        dvc |-> <<>>,
        catching |-> FALSE,
        nonce |-> 0,
        responses |-> <<>>,
        messages |-> <<>>,
        replies |-> <<>>,
        app |-> "nil",
        executed |-> <<>>,
        install |-> [view |-> 0, log |-> <<>>, kind |-> "none"],
        error |-> "" ] )
/\ healthySet = {0, 1, 2}
/\ phase = "faults"
/\ historyViolation = FALSE
/\ invocations = ( <<100, 0>> :>
      [client |-> 100, request |-> 0, op |-> [kind |-> "Put", value |-> "AA"]] )
/\ client = ( 100 :>
      [ view |-> 0,
        next |-> 1,
        pending |-> TRUE,
        entry |->
            [ client |-> 100,
              request |-> 0,
              op |-> [kind |-> "Put", value |-> "AA"] ] ] @@
  101 :>
      [ view |-> 0,
        next |-> 0,
        pending |-> FALSE,
        entry |->
            [ client |-> -1,
              request |-> -1,
              op |-> [kind |-> "Get", value |-> "nil"] ] ] )
/\ publicationViolation = FALSE
/\ owner = (0 :> "publish" @@ 1 :> "ready" @@ 2 :> "ready")
/\ tx = <<>>
/\ responses = <<>>
/\ network = { [ src |-> 0,
    opnum |-> 1,
    result |-> "nil",
    view |-> 0,
    lastNormal |-> 0,
    log |-> <<>>,
    commit |-> 0,
    nonce |-> 0,
    entry |->
        [ client |-> 100,
          request |-> 0,
          op |-> [kind |-> "Put", value |-> "AA"] ],
    kind |-> "Prepare",
    dst |-> 2,
    start |-> 0,
    hasState |-> FALSE ] }
/\ happensBefore = {}

State 12: <TraceNext line 143, col 5 to line 176, col 28 of module Trace>
/\ durableView = (0 :> 0 @@ 1 :> 0 @@ 2 :> 0)
/\ committedHistory = { [ result |-> "nil",
    view |-> 0,
    entry |->
        [ client |-> 100,
          request |-> 0,
          op |-> [kind |-> "Put", value |-> "AA"] ],
    pos |-> 1 ] }
/\ l = 13
/\ nextFrame = 0
/\ incarnation = (0 :> 0 @@ 1 :> 0 @@ 2 :> 0)
/\ replica = ( 0 :>
      [ status |-> "Normal",
        view |-> 0,
        lastNormal |-> 0,
        log |->
            << [ client |-> 100,
                 request |-> 0,
                 op |-> [kind |-> "Put", value |-> "AA"] ] >>,
        commit |-> 1,
        acks |-> <<>>,
        table |-> (100 :> [request |-> 0, hasReply |-> TRUE, result |-> "nil"]),
        heard |-> TRUE,
        waiting |-> 0,
        attempts |-> 0,
        stable |-> 0,
        svc |-> {},
        dvcSent |-> FALSE,
        dvc |-> <<>>,
        catching |-> FALSE,
        nonce |-> 0,
        responses |-> <<>>,
        messages |-> <<>>,
        replies |-> <<>>,
        app |-> "AA",
        executed |->
            << [ result |-> "nil",
                 view |-> 0,
                 entry |->
                     [ client |-> 100,
                       request |-> 0,
                       op |-> [kind |-> "Put", value |-> "AA"] ],
                 pos |-> 1 ] >>,
        install |-> [view |-> 0, log |-> <<>>, kind |-> "none"],
        error |-> "" ] @@
  1 :>
      [ status |-> "Normal",
        view |-> 0,
        lastNormal |-> 0,
        log |->
            << [ client |-> 100,
                 request |-> 0,
                 op |-> [kind |-> "Put", value |-> "AA"] ] >>,
        commit |-> 0,
        acks |-> <<>>,
        table |->
            (100 :> [request |-> 0, hasReply |-> FALSE, result |-> "nil"]),
        heard |-> TRUE,
        waiting |-> 0,
        attempts |-> 0,
        stable |-> 0,
        svc |-> {},
        dvcSent |-> FALSE,
        dvc |-> <<>>,
        catching |-> FALSE,
        nonce |-> 0,
        responses |-> <<>>,
        messages |-> <<>>,
        replies |-> <<>>,
        app |-> "nil",
        executed |-> <<>>,
        install |-> [view |-> 0, log |-> <<>>, kind |-> "none"],
        error |-> "" ] @@
  2 :>
      [ status |-> "Normal",
        view |-> 0,
        lastNormal |-> 0,
        log |-> <<>>,
        commit |-> 0,
        acks |-> <<>>,
        table |-> <<>>,
        heard |-> TRUE,
        waiting |-> 0,
        attempts |-> 0,
        stable |-> 0,
        svc |-> {},
        dvcSent |-> FALSE,
        dvc |-> <<>>,
        catching |-> FALSE,
        nonce |-> 0,
        responses |-> <<>>,
        messages |-> <<>>,
        replies |-> <<>>,
        app |-> "nil",
        executed |-> <<>>,
        install |-> [view |-> 0, log |-> <<>>, kind |-> "none"],
        error |-> "" ] )
/\ healthySet = {0, 1, 2}
/\ phase = "faults"
/\ historyViolation = FALSE
/\ invocations = ( <<100, 0>> :>
      [client |-> 100, request |-> 0, op |-> [kind |-> "Put", value |-> "AA"]] )
/\ client = ( 100 :>
      [ view |-> 0,
        next |-> 1,
        pending |-> TRUE,
        entry |->
            [ client |-> 100,
              request |-> 0,
              op |-> [kind |-> "Put", value |-> "AA"] ] ] @@
  101 :>
      [ view |-> 0,
        next |-> 0,
        pending |-> FALSE,
        entry |->
            [ client |-> -1,
              request |-> -1,
              op |-> [kind |-> "Get", value |-> "nil"] ] ] )
/\ publicationViolation = FALSE
/\ owner = (0 :> "ready" @@ 1 :> "ready" @@ 2 :> "ready")
/\ tx = <<>>
/\ responses = <<>>
/\ network = { [ src |-> 0,
    opnum |-> 0,
    result |-> "nil",
    view |-> 0,
    lastNormal |-> 0,
    log |-> <<>>,
    commit |-> 0,
    nonce |-> 0,
    entry |->
        [ client |-> 100,
          request |-> 0,
          op |-> [kind |-> "Get", value |-> "nil"] ],
    kind |-> "Reply",
    dst |-> 100,
    start |-> 0,
    hasState |-> FALSE ],
  [ src |-> 0,
    opnum |-> 1,
    result |-> "nil",
    view |-> 0,
    lastNormal |-> 0,
    log |-> <<>>,
    commit |-> 0,
    nonce |-> 0,
    entry |->
        [ client |-> 100,
          request |-> 0,
          op |-> [kind |-> "Put", value |-> "AA"] ],
    kind |-> "Prepare",
    dst |-> 2,
    start |-> 0,
    hasState |-> FALSE ] }
/\ happensBefore = {}

State 13: Stuttering
Finished checking temporal properties in 00s at 2026-09-06 09:29:55
12 states generated, 12 distinct states found, 0 states left on queue.
The depth of the complete state graph search is 12.
Finished in 00s at (2026-09-06 09:29:55)
