[0;32m================================[0m
[0;32mTLC Simulation Mode[0m
[0;32m================================[0m
Spec File:       MC.tla
Config File:     MC.cfg
Memory Limit:    2G
Off-heap Memory: 1G
Workers:         2
Timeout:         1 minutes
[0;34m--- Simulation Settings ---[0m
Trace Count:     25
Trace File:      (not saved)
Sim Depth:       300
Log File:        /home/ubuntu/nvflare-runs-20260913/specula/runs/nvflare-fedavg-20260913/nvflare-fedavg/.specula-output/.tlc-tasks/jobs/ea1da36529bc49469747bbe8508fbe9f/tlc.log
[0;32m================================[0m
[1;33mExecuting Command:[0m
java -XX:+UseParallelGC -Dtlc2.tool.fp.FPSet.impl=tlc2.tool.fp.OffHeapDiskFPSet -XX:MaxDirectMemorySize=1G -Xmx2G -Xms2G -cp /home/ubuntu/nvflare-runs-20260913/specula/lib/CommunityModules-deps.jar:/home/ubuntu/nvflare-runs-20260913/specula/lib/tla2tools.jar tlc2.TLC -config MC.cfg MC.tla -workers 2 -deadlock -simulate num=25 -depth 300 -metadir /home/ubuntu/nvflare-runs-20260913/scratch/fedavg/tlc/tlc-states-0jmLE4 

TLC resource budget (Specula run nvflare-fedavg-20260913):
  memory source: user config (128G)
  external memory use: not included in this configured run bound
  memory limit: 128 GiB
  active TLC reserved before request: 0 bytes (this agent: 0 bytes)
  this request: 3 GiB (heap 2 GiB + off-heap 1 GiB)
  remaining before request: 128 GiB
  remaining after admission: 125 GiB
  worker limit: 40
  active TLC workers before request: 0 (this agent: 0)
  this request workers: 2 (2)
  remaining workers before request: 40
  remaining workers after admission: 38
  result: admitted
Picked up JAVA_TOOL_OPTIONS: -Djava.io.tmpdir=/home/ubuntu/nvflare-runs-20260913/scratch/fedavg/tmp
TLC2 Version 2.20 of Day Month 20?? (rev: ${git.shortRevision})
Running Random Simulation with seed 4573700352766985477 with 2 workers on 80 cores with 1963MB heap and 1024MB offheap memory [pid: 3904283] (Linux 6.8.0-1044-azure amd64, Ubuntu 21.0.11 x86_64).
Parsing file /home/ubuntu/nvflare-runs-20260913/specula/runs/nvflare-fedavg-20260913/nvflare-fedavg/.specula-output/spec/MC.tla
Parsing file /home/ubuntu/nvflare-runs-20260913/specula/runs/nvflare-fedavg-20260913/nvflare-fedavg/.specula-output/spec/base.tla
Parsing file /home/ubuntu/nvflare-runs-20260913/scratch/fedavg/tmp/tlc-4094212338054371155/_TLCTrace.tla (jar:file:/home/ubuntu/nvflare-runs-20260913/specula/lib/tla2tools.jar!/tla2sany/StandardModules/_TLCTrace.tla)
Parsing file /home/ubuntu/nvflare-runs-20260913/scratch/fedavg/tmp/tlc-4094212338054371155/Naturals.tla (jar:file:/home/ubuntu/nvflare-runs-20260913/specula/lib/tla2tools.jar!/tla2sany/StandardModules/Naturals.tla)
Parsing file /home/ubuntu/nvflare-runs-20260913/scratch/fedavg/tmp/tlc-4094212338054371155/Integers.tla (jar:file:/home/ubuntu/nvflare-runs-20260913/specula/lib/tla2tools.jar!/tla2sany/StandardModules/Integers.tla)
Parsing file /home/ubuntu/nvflare-runs-20260913/scratch/fedavg/tmp/tlc-4094212338054371155/Sequences.tla (jar:file:/home/ubuntu/nvflare-runs-20260913/specula/lib/tla2tools.jar!/tla2sany/StandardModules/Sequences.tla)
Parsing file /home/ubuntu/nvflare-runs-20260913/scratch/fedavg/tmp/tlc-4094212338054371155/FiniteSets.tla (jar:file:/home/ubuntu/nvflare-runs-20260913/specula/lib/tla2tools.jar!/tla2sany/StandardModules/FiniteSets.tla)
Parsing file /home/ubuntu/nvflare-runs-20260913/scratch/fedavg/tmp/tlc-4094212338054371155/TLC.tla (jar:file:/home/ubuntu/nvflare-runs-20260913/specula/lib/tla2tools.jar!/tla2sany/StandardModules/TLC.tla)
Parsing file /home/ubuntu/nvflare-runs-20260913/scratch/fedavg/tmp/tlc-4094212338054371155/TLCExt.tla (jar:file:/home/ubuntu/nvflare-runs-20260913/specula/lib/tla2tools.jar!/tla2sany/StandardModules/TLCExt.tla)
Semantic processing of module Naturals
Semantic processing of module Integers
Semantic processing of module Sequences
Semantic processing of module FiniteSets
Semantic processing of module TLC
Semantic processing of module base
Semantic processing of module TLCExt
Semantic processing of module _TLCTrace
Semantic processing of module MC
Linting of module base
Linting of module TLCExt
Linting of module _TLCTrace
Linting of module MC
Starting... (2026-09-13 10:49:14)
Computed 1 initial states...
Finished computing initial states: 1 distinct state generated at 2026-09-13 10:49:14.
Progress: 49429 states checked, 50 traces generated (trace length: mean=251, var(x)=3017, sd=55)
The number of states generated: 49429
Simulation using seed 4573700352766985477 and aril 0
Finished in 02s at (2026-09-13 10:49:16)

[0;32m================================[0m
[0;32m✓ Completed successfully[0m
[0;32mTraces generated at: *[0m
[0;32m================================[0m
