Picked up JAVA_TOOL_OPTIONS: -Djava.io.tmpdir=/home/ubuntu/specula-ci-acceptance-20260906-Ccbuxg/tmp
TLC2 Version 2026.09.04.170753 (rev: b123b22)
Running breadth-first search Model-Checking with fp 61 and seed 1757519946242753922 with 8 workers on 96 cores with 7851MB heap and 24576MB offheap memory [pid: 369647] (Linux 6.8.0-1044-azure amd64, Ubuntu 21.0.11 64bit, OffHeapDiskFPSet, DiskStateQueue).
Parsing file /home/ubuntu/specula-ci-acceptance-20260906-Ccbuxg/ci/runs/20260907-022134-7ad4/openraft/.specula-output/spec/MC.tla
Parsing file /home/ubuntu/specula-ci-acceptance-20260906-Ccbuxg/ci/runs/20260907-022134-7ad4/openraft/.specula-output/spec/base.tla
Parsing file /home/ubuntu/specula-ci-acceptance-20260906-Ccbuxg/tmp/tlc-12679463090411925486/_JsonTrace.tla (jar:file:/home/ubuntu/specula-ci-acceptance-20260906-Ccbuxg/Specula/lib/tla2tools.jar!/tla2sany/StandardModules/_JsonTrace.tla)
Parsing file /home/ubuntu/specula-ci-acceptance-20260906-Ccbuxg/tmp/tlc-12679463090411925486/_TLCTrace.tla (jar:file:/home/ubuntu/specula-ci-acceptance-20260906-Ccbuxg/Specula/lib/tla2tools.jar!/tla2sany/StandardModules/_TLCTrace.tla)
Parsing file /home/ubuntu/specula-ci-acceptance-20260906-Ccbuxg/tmp/tlc-12679463090411925486/Integers.tla (jar:file:/home/ubuntu/specula-ci-acceptance-20260906-Ccbuxg/Specula/lib/tla2tools.jar!/tla2sany/StandardModules/Integers.tla)
Parsing file /home/ubuntu/specula-ci-acceptance-20260906-Ccbuxg/tmp/tlc-12679463090411925486/Naturals.tla (jar:file:/home/ubuntu/specula-ci-acceptance-20260906-Ccbuxg/Specula/lib/tla2tools.jar!/tla2sany/StandardModules/Naturals.tla)
Parsing file /home/ubuntu/specula-ci-acceptance-20260906-Ccbuxg/tmp/tlc-12679463090411925486/Sequences.tla (jar:file:/home/ubuntu/specula-ci-acceptance-20260906-Ccbuxg/Specula/lib/tla2tools.jar!/tla2sany/StandardModules/Sequences.tla)
Parsing file /home/ubuntu/specula-ci-acceptance-20260906-Ccbuxg/tmp/tlc-12679463090411925486/FiniteSets.tla (jar:file:/home/ubuntu/specula-ci-acceptance-20260906-Ccbuxg/Specula/lib/tla2tools.jar!/tla2sany/StandardModules/FiniteSets.tla)
Parsing file /home/ubuntu/specula-ci-acceptance-20260906-Ccbuxg/tmp/tlc-12679463090411925486/TLC.tla (jar:file:/home/ubuntu/specula-ci-acceptance-20260906-Ccbuxg/Specula/lib/tla2tools.jar!/tla2sany/StandardModules/TLC.tla)
Parsing file /home/ubuntu/specula-ci-acceptance-20260906-Ccbuxg/tmp/tlc-12679463090411925486/TLCExt.tla (jar:file:/home/ubuntu/specula-ci-acceptance-20260906-Ccbuxg/Specula/lib/tla2tools.jar!/tla2sany/StandardModules/TLCExt.tla)
Parsing file /home/ubuntu/specula-ci-acceptance-20260906-Ccbuxg/tmp/tlc-12679463090411925486/Json.tla (jar:file:/home/ubuntu/specula-ci-acceptance-20260906-Ccbuxg/Specula/lib/tla2tools.jar!/tla2sany/StandardModules/Json.tla)
Semantic processing of module Naturals
Semantic processing of module Integers
Semantic processing of module Sequences
Semantic processing of module FiniteSets
Semantic processing of module TLC
Semantic processing of module base
Semantic processing of module TLCExt
Semantic processing of module Json
Semantic processing of module _JsonTrace
Semantic processing of module _TLCTrace
Semantic processing of module MC
Linting of module base
Linting of module TLCExt
Linting of module Json
Linting of module _JsonTrace
Linting of module _TLCTrace
Linting of module MC
Starting... (2026-09-07 03:58:21)
Computing initial states...
Finished computing initial states: 1 distinct state generated at 2026-09-07 03:58:22.
Progress(9) at 2026-09-07 03:58:25: 125,053 states generated (125,053 s/min), 44,010 distinct states found (44,010 ds/min), 31,494 states left on queue.
Progress(12) at 2026-09-07 03:59:25: 3,076,227 states generated (2,951,174 s/min), 845,793 distinct states found (801,783 ds/min), 498,916 states left on queue.
Progress(13) at 2026-09-07 04:00:25: 5,976,533 states generated (2,900,306 s/min), 1,564,398 distinct states found (718,605 ds/min), 868,802 states left on queue.
Progress(14) at 2026-09-07 04:01:25: 8,865,322 states generated (2,888,789 s/min), 2,253,061 distinct states found (688,663 ds/min), 1,207,438 states left on queue.
Progress(14) at 2026-09-07 04:02:25: 11,700,166 states generated (2,834,844 s/min), 2,898,938 distinct states found (645,877 ds/min), 1,494,251 states left on queue.
Progress(14) at 2026-09-07 04:03:25: 14,522,507 states generated (2,822,341 s/min), 3,507,979 distinct states found (609,041 ds/min), 1,742,776 states left on queue.
Progress(14) at 2026-09-07 04:04:25: 17,407,815 states generated (2,885,308 s/min), 4,161,598 distinct states found (653,619 ds/min), 2,040,225 states left on queue.
Progress(15) at 2026-09-07 04:05:25: 20,213,227 states generated (2,805,412 s/min), 4,764,163 distinct states found (602,565 ds/min), 2,273,553 states left on queue.
Progress(15) at 2026-09-07 04:06:25: 23,034,458 states generated (2,821,231 s/min), 5,366,997 distinct states found (602,834 ds/min), 2,507,447 states left on queue.
Progress(15) at 2026-09-07 04:07:25: 25,849,284 states generated (2,814,826 s/min), 5,948,593 distinct states found (581,596 ds/min), 2,713,520 states left on queue.
Checkpointing of run /home/ubuntu/specula-ci-acceptance-20260906-Ccbuxg/tlc-states/tlc-states-Fg0oAL/26-09-07-03-58-21.489
Checkpointing completed at (2026-09-07 04:08:25)
Progress(15) at 2026-09-07 04:08:25: 28,673,917 states generated (2,824,633 s/min), 6,520,152 distinct states found (571,559 ds/min), 2,914,201 states left on queue.
Progress(15) at 2026-09-07 04:09:25: 31,496,157 states generated (2,822,240 s/min), 7,114,532 distinct states found (594,380 ds/min), 3,138,913 states left on queue.
Progress(16) at 2026-09-07 04:10:25: 34,411,060 states generated (2,914,903 s/min), 7,748,997 distinct states found (634,465 ds/min), 3,418,030 states left on queue.
Progress(16) at 2026-09-07 04:11:25: 37,182,609 states generated (2,771,549 s/min), 8,300,626 distinct states found (551,629 ds/min), 3,589,940 states left on queue.
Progress(16) at 2026-09-07 04:12:25: 39,948,369 states generated (2,765,760 s/min), 8,863,194 distinct states found (562,568 ds/min), 3,776,554 states left on queue.
Progress(16) at 2026-09-07 04:13:25: 42,734,276 states generated (2,785,907 s/min), 9,427,152 distinct states found (563,958 ds/min), 3,970,187 states left on queue.
Progress(16) at 2026-09-07 04:14:25: 45,507,924 states generated (2,773,648 s/min), 9,974,954 distinct states found (547,802 ds/min), 4,140,648 states left on queue.
Progress(16) at 2026-09-07 04:15:25: 48,297,317 states generated (2,789,393 s/min), 10,511,681 distinct states found (536,727 ds/min), 4,301,160 states left on queue.
Progress(16) at 2026-09-07 04:16:25: 51,120,144 states generated (2,822,827 s/min), 11,062,555 distinct states found (550,874 ds/min), 4,473,504 states left on queue.
Progress(16) at 2026-09-07 04:17:25: 53,936,611 states generated (2,816,467 s/min), 11,620,785 distinct states found (558,230 ds/min), 4,653,796 states left on queue.
Checkpointing of run /home/ubuntu/specula-ci-acceptance-20260906-Ccbuxg/tlc-states/tlc-states-Fg0oAL/26-09-07-03-58-21.489
Checkpointing completed at (2026-09-07 04:18:25)
Progress(16) at 2026-09-07 04:18:25: 56,810,591 states generated (2,873,980 s/min), 12,222,331 distinct states found (601,546 ds/min), 4,888,545 states left on queue.
Progress(17) at 2026-09-07 04:19:25: 59,744,021 states generated (2,933,430 s/min), 12,813,950 distinct states found (591,619 ds/min), 5,124,201 states left on queue.
Progress(17) at 2026-09-07 04:20:25: 62,501,038 states generated (2,757,017 s/min), 13,358,161 distinct states found (544,211 ds/min), 5,287,579 states left on queue.
Progress(17) at 2026-09-07 04:21:25: 65,288,568 states generated (2,787,530 s/min), 13,899,310 distinct states found (541,149 ds/min), 5,450,103 states left on queue.
Progress(17) at 2026-09-07 04:22:25: 68,041,096 states generated (2,752,528 s/min), 14,429,647 distinct states found (530,337 ds/min), 5,594,684 states left on queue.
Progress(17) at 2026-09-07 04:23:25: 70,874,643 states generated (2,833,547 s/min), 14,975,834 distinct states found (546,187 ds/min), 5,766,163 states left on queue.
Progress(17) at 2026-09-07 04:24:25: 73,635,862 states generated (2,761,219 s/min), 15,510,054 distinct states found (534,220 ds/min), 5,914,098 states left on queue.
Progress(17) at 2026-09-07 04:25:25: 76,447,280 states generated (2,811,418 s/min), 16,052,023 distinct states found (541,969 ds/min), 6,075,135 states left on queue.
Progress(17) at 2026-09-07 04:26:25: 79,274,918 states generated (2,827,638 s/min), 16,575,367 distinct states found (523,344 ds/min), 6,220,698 states left on queue.
Progress(17) at 2026-09-07 04:27:25: 82,076,855 states generated (2,801,937 s/min), 17,112,556 distinct states found (537,189 ds/min), 6,379,765 states left on queue.
