TLC2 Version 2026.09.23.154203 (rev: 4260e47)
Running breadth-first search Model-Checking with fp 129 and seed -985959888808250227 with 4 workers on 16 cores with 3925MB heap and 12288MB offheap memory [pid: 3308604] (Linux 6.8.0-1044-azure amd64, Ubuntu 21.0.11 64bit, OffHeapDiskFPSet, DiskStateQueue).
Parsing file /home/ubuntu/specula-nvflare-gpt-continuation-20260926/framework/runs/gpt-continuation/nvflare-job/.specula-output/spec/output/continuation-H3-s5_policy/MC.tla
Parsing file /home/ubuntu/specula-nvflare-gpt-continuation-20260926/framework/runs/gpt-continuation/nvflare-job/.specula-output/spec/output/continuation-H3-s5_policy/base.tla
Parsing file /tmp/tlc-3613122119118026108/_JsonTrace.tla (jar:file:/home/ubuntu/specula-nvflare-gpt-continuation-20260926/framework/lib/tla2tools.jar!/tla2sany/StandardModules/_JsonTrace.tla)
Parsing file /tmp/tlc-3613122119118026108/_TLCTrace.tla (jar:file:/home/ubuntu/specula-nvflare-gpt-continuation-20260926/framework/lib/tla2tools.jar!/tla2sany/StandardModules/_TLCTrace.tla)
Parsing file /tmp/tlc-3613122119118026108/Integers.tla (jar:file:/home/ubuntu/specula-nvflare-gpt-continuation-20260926/framework/lib/tla2tools.jar!/tla2sany/StandardModules/Integers.tla)
Parsing file /tmp/tlc-3613122119118026108/Sequences.tla (jar:file:/home/ubuntu/specula-nvflare-gpt-continuation-20260926/framework/lib/tla2tools.jar!/tla2sany/StandardModules/Sequences.tla)
Parsing file /tmp/tlc-3613122119118026108/FiniteSets.tla (jar:file:/home/ubuntu/specula-nvflare-gpt-continuation-20260926/framework/lib/tla2tools.jar!/tla2sany/StandardModules/FiniteSets.tla)
Parsing file /tmp/tlc-3613122119118026108/TLC.tla (jar:file:/home/ubuntu/specula-nvflare-gpt-continuation-20260926/framework/lib/tla2tools.jar!/tla2sany/StandardModules/TLC.tla)
Parsing file /tmp/tlc-3613122119118026108/Naturals.tla (jar:file:/home/ubuntu/specula-nvflare-gpt-continuation-20260926/framework/lib/tla2tools.jar!/tla2sany/StandardModules/Naturals.tla)
Parsing file /tmp/tlc-3613122119118026108/TLCExt.tla (jar:file:/home/ubuntu/specula-nvflare-gpt-continuation-20260926/framework/lib/tla2tools.jar!/tla2sany/StandardModules/TLCExt.tla)
Parsing file /tmp/tlc-3613122119118026108/Json.tla (jar:file:/home/ubuntu/specula-nvflare-gpt-continuation-20260926/framework/lib/tla2tools.jar!/tla2sany/StandardModules/Json.tla)
Semantic processing of module Naturals
Semantic processing of module Integers
Semantic processing of module Sequences
Semantic processing of module FiniteSets
Semantic processing of module TLC
Semantic processing of module base
Semantic processing of module TLCExt
Semantic processing of module Json
Semantic processing of module _JsonTrace
Semantic processing of module _TLCTrace
Semantic processing of module MC
Linting of module base
Linting of module TLCExt
Linting of module Json
Linting of module _JsonTrace
Linting of module _TLCTrace
Linting of module MC
Starting... (2026-09-26 12:49:08)
Computing initial states...
Finished computing initial states: 1 distinct state generated at 2026-09-26 12:49:10.
Progress(30) at 2026-09-26 12:49:13: 178,784 states generated (178,784 s/min), 47,360 distinct states found (47,360 ds/min), 19,357 states left on queue.
Progress(37) at 2026-09-26 12:50:13: 5,159,639 states generated (4,980,855 s/min), 1,142,993 distinct states found (1,095,633 ds/min), 428,931 states left on queue.
Progress(38) at 2026-09-26 12:51:13: 9,646,722 states generated (4,487,083 s/min), 2,072,736 distinct states found (929,743 ds/min), 779,052 states left on queue.
Progress(39) at 2026-09-26 12:52:13: 14,342,083 states generated (4,695,361 s/min), 3,033,000 distinct states found (960,264 ds/min), 1,143,759 states left on queue.
Progress(39) at 2026-09-26 12:53:13: 18,842,875 states generated (4,500,792 s/min), 3,895,596 distinct states found (862,596 ds/min), 1,435,516 states left on queue.
Progress(40) at 2026-09-26 12:54:13: 23,688,104 states generated (4,845,229 s/min), 4,844,631 distinct states found (949,035 ds/min), 1,790,101 states left on queue.
Progress(40) at 2026-09-26 12:55:13: 28,824,243 states generated (5,136,139 s/min), 5,780,668 distinct states found (936,037 ds/min), 2,078,907 states left on queue.
Progress(41) at 2026-09-26 12:56:13: 33,280,260 states generated (4,456,017 s/min), 6,664,429 distinct states found (883,761 ds/min), 2,411,541 states left on queue.
Progress(41) at 2026-09-26 12:57:13: 37,928,958 states generated (4,648,698 s/min), 7,497,689 distinct states found (833,260 ds/min), 2,705,627 states left on queue.
Progress(41) at 2026-09-26 12:58:13: 42,797,233 states generated (4,868,275 s/min), 8,332,981 distinct states found (835,292 ds/min), 2,945,110 states left on queue.
Checkpointing of run /home/ubuntu/specula-nvflare-gpt-continuation-20260926/framework/runs/gpt-continuation/nvflare-job/.specula-output/.tlc-state/tlc-states-XRK1Dm/26-09-26-12-49-08.177
Checkpointing completed at (2026-09-26 12:59:13)
Progress(41) at 2026-09-26 12:59:13: 47,904,331 states generated (5,107,098 s/min), 9,232,286 distinct states found (899,305 ds/min), 3,199,143 states left on queue.
Progress(42) at 2026-09-26 13:00:13: 52,419,836 states generated (4,515,505 s/min), 10,130,499 distinct states found (898,213 ds/min), 3,538,164 states left on queue.
Progress(42) at 2026-09-26 13:01:13: 57,176,809 states generated (4,756,973 s/min), 10,975,048 distinct states found (844,549 ds/min), 3,885,950 states left on queue.
Progress(42) at 2026-09-26 13:02:13: 62,313,486 states generated (5,136,677 s/min), 11,812,629 distinct states found (837,581 ds/min), 4,079,712 states left on queue.
Progress(42) at 2026-09-26 13:03:13: 67,679,315 states generated (5,365,829 s/min), 12,695,400 distinct states found (882,771 ds/min), 4,318,341 states left on queue.
Progress(42) at 2026-09-26 13:04:13: 72,900,527 states generated (5,221,212 s/min), 13,547,457 distinct states found (852,057 ds/min), 4,524,251 states left on queue.
Progress(43) at 2026-09-26 13:05:13: 78,033,117 states generated (5,132,590 s/min), 14,481,304 distinct states found (933,847 ds/min), 4,769,010 states left on queue.
Progress(43) at 2026-09-26 13:06:13: 83,600,181 states generated (5,567,064 s/min), 15,552,185 distinct states found (1,070,881 ds/min), 5,281,266 states left on queue.
Progress(43) at 2026-09-26 13:07:13: 89,180,062 states generated (5,579,881 s/min), 16,514,277 distinct states found (962,092 ds/min), 5,667,221 states left on queue.
Progress(43) at 2026-09-26 13:08:13: 94,756,831 states generated (5,576,769 s/min), 17,386,397 distinct states found (872,120 ds/min), 5,878,685 states left on queue.
Checkpointing of run /home/ubuntu/specula-nvflare-gpt-continuation-20260926/framework/runs/gpt-continuation/nvflare-job/.specula-output/.tlc-state/tlc-states-XRK1Dm/26-09-26-12-49-08.177
Checkpointing completed at (2026-09-26 13:09:14)
Progress(43) at 2026-09-26 13:09:14: 100,279,063 states generated (5,522,232 s/min), 18,239,606 distinct states found (853,209 ds/min), 6,050,840 states left on queue.
Progress(43) at 2026-09-26 13:10:14: 105,533,124 states generated (5,254,061 s/min), 19,053,965 distinct states found (814,359 ds/min), 6,222,167 states left on queue.
Progress(43) at 2026-09-26 13:11:14: 110,936,932 states generated (5,403,808 s/min), 19,896,931 distinct states found (842,966 ds/min), 6,414,989 states left on queue.
Progress(44) at 2026-09-26 13:12:14: 116,276,065 states generated (5,339,133 s/min), 20,747,315 distinct states found (850,384 ds/min), 6,583,272 states left on queue.
Progress(44) at 2026-09-26 13:13:14: 121,549,355 states generated (5,273,290 s/min), 21,789,398 distinct states found (1,042,083 ds/min), 6,990,661 states left on queue.
Progress(44) at 2026-09-26 13:14:14: 127,071,319 states generated (5,521,964 s/min), 22,832,216 distinct states found (1,042,818 ds/min), 7,497,505 states left on queue.
Progress(44) at 2026-09-26 13:15:14: 132,731,519 states generated (5,660,200 s/min), 23,808,670 distinct states found (976,454 ds/min), 7,951,035 states left on queue.
Progress(44) at 2026-09-26 13:16:14: 138,243,812 states generated (5,512,293 s/min), 24,718,802 distinct states found (910,132 ds/min), 8,281,651 states left on queue.
Progress(44) at 2026-09-26 13:17:14: 143,288,327 states generated (5,044,515 s/min), 25,474,965 distinct states found (756,163 ds/min), 8,483,457 states left on queue.
Progress(44) at 2026-09-26 13:18:14: 148,606,499 states generated (5,318,172 s/min), 26,255,438 distinct states found (780,473 ds/min), 8,589,400 states left on queue.
