TLC2 Version 2.20 of Day Month 20?? (rev: ${git.shortRevision})
Running breadth-first search Model-Checking with fp 80 and seed -4471200778986290130 with 2 workers on 32 cores with 1963MB heap and 64MB offheap memory [pid: 1841689] (Linux 6.8.0-1044-azure amd64, Ubuntu 21.0.11 x86_64, MSBDiskFPSet, DiskStateQueue).
Parsing file /home/ubuntu/temporal-investigation-20260909/overnight-20260909/specula-engine/runs/temporal-history-queue-20260911/temporal-history-queue/.specula-output/spec/MC.tla
Parsing file /home/ubuntu/temporal-investigation-20260909/overnight-20260909/specula-engine/runs/temporal-history-queue-20260911/temporal-history-queue/.specula-output/spec/base.tla
Parsing file /tmp/tlc-13025401483076337134/_TLCTrace.tla (jar:file:/home/ubuntu/Specula/tools/tlaplus/tlatools/org.lamport.tlatools/dist/tla2tools.jar!/tla2sany/StandardModules/_TLCTrace.tla)
Parsing file /tmp/tlc-13025401483076337134/Integers.tla (jar:file:/home/ubuntu/Specula/tools/tlaplus/tlatools/org.lamport.tlatools/dist/tla2tools.jar!/tla2sany/StandardModules/Integers.tla)
Parsing file /tmp/tlc-13025401483076337134/Naturals.tla (jar:file:/home/ubuntu/Specula/tools/tlaplus/tlatools/org.lamport.tlatools/dist/tla2tools.jar!/tla2sany/StandardModules/Naturals.tla)
Parsing file /tmp/tlc-13025401483076337134/Sequences.tla (jar:file:/home/ubuntu/Specula/tools/tlaplus/tlatools/org.lamport.tlatools/dist/tla2tools.jar!/tla2sany/StandardModules/Sequences.tla)
Parsing file /tmp/tlc-13025401483076337134/FiniteSets.tla (jar:file:/home/ubuntu/Specula/tools/tlaplus/tlatools/org.lamport.tlatools/dist/tla2tools.jar!/tla2sany/StandardModules/FiniteSets.tla)
Parsing file /tmp/tlc-13025401483076337134/TLC.tla (jar:file:/home/ubuntu/Specula/tools/tlaplus/tlatools/org.lamport.tlatools/dist/tla2tools.jar!/tla2sany/StandardModules/TLC.tla)
Parsing file /tmp/tlc-13025401483076337134/TLCExt.tla (jar:file:/home/ubuntu/Specula/tools/tlaplus/tlatools/org.lamport.tlatools/dist/tla2tools.jar!/tla2sany/StandardModules/TLCExt.tla)
Semantic processing of module Naturals
Semantic processing of module Integers
Semantic processing of module Sequences
Semantic processing of module FiniteSets
Semantic processing of module TLC
Semantic processing of module base
Semantic processing of module TLCExt
Semantic processing of module _TLCTrace
Semantic processing of module MC
Linting of module base
Linting of module TLCExt
Linting of module _TLCTrace
Linting of module MC
Starting... (2026-09-11 18:03:13)
Computing initial states...
Finished computing initial states: 1 distinct state generated at 2026-09-11 18:03:13.
Progress(27) at 2026-09-11 18:03:16: 192,409 states generated (192,409 s/min), 45,237 distinct states found (45,237 ds/min), 7,249 states left on queue.
Model checking completed. No error has been found.
  Estimates of the probability that TLC did not check all reachable states
  because two distinct states had the same fingerprint:
  calculated (optimistic):  val = 5.2E-8
  based on the actual fingerprints:  val = 2.3E-8
2453945 states generated, 490091 distinct states found, 0 states left on queue.
The depth of the complete state graph search is 71.
The average outdegree of the complete state graph is 1 (minimum is 0, the maximum 6 and the 95th percentile is 3).
Finished in 33s at (2026-09-11 18:03:46)
