TLC2 Version 2.20 of Day Month 20?? (rev: ${git.shortRevision})
Warning: Please run the Java VM, which executes TLC with a throughput optimized garbage collector, by passing the "-XX:+UseParallelGC" property.
(Use the -nowarning option to disable this warning.)
Running breadth-first search Model-Checking with fp 79 and seed -3410423649493213405 with 2 workers on 32 cores with 2048MB heap and 64MB offheap memory [pid: 1823552] (Linux 6.8.0-1044-azure amd64, Ubuntu 21.0.11 x86_64, MSBDiskFPSet, DiskStateQueue).
Parsing file /home/ubuntu/temporal-investigation-20260909/overnight-20260909/specula-engine/runs/temporal-history-queue-20260911/temporal-history-queue/.specula-output/spec/MC.tla
Parsing file /home/ubuntu/temporal-investigation-20260909/overnight-20260909/specula-engine/runs/temporal-history-queue-20260911/temporal-history-queue/.specula-output/spec/base.tla
Parsing file /tmp/tlc-5024412760489303485/_TLCTrace.tla (jar:file:/home/ubuntu/Specula/tools/tlaplus/tlatools/org.lamport.tlatools/dist/tla2tools.jar!/tla2sany/StandardModules/_TLCTrace.tla)
Parsing file /tmp/tlc-5024412760489303485/Integers.tla (jar:file:/home/ubuntu/Specula/tools/tlaplus/tlatools/org.lamport.tlatools/dist/tla2tools.jar!/tla2sany/StandardModules/Integers.tla)
Parsing file /tmp/tlc-5024412760489303485/Naturals.tla (jar:file:/home/ubuntu/Specula/tools/tlaplus/tlatools/org.lamport.tlatools/dist/tla2tools.jar!/tla2sany/StandardModules/Naturals.tla)
Parsing file /tmp/tlc-5024412760489303485/Sequences.tla (jar:file:/home/ubuntu/Specula/tools/tlaplus/tlatools/org.lamport.tlatools/dist/tla2tools.jar!/tla2sany/StandardModules/Sequences.tla)
Parsing file /tmp/tlc-5024412760489303485/FiniteSets.tla (jar:file:/home/ubuntu/Specula/tools/tlaplus/tlatools/org.lamport.tlatools/dist/tla2tools.jar!/tla2sany/StandardModules/FiniteSets.tla)
Parsing file /tmp/tlc-5024412760489303485/TLC.tla (jar:file:/home/ubuntu/Specula/tools/tlaplus/tlatools/org.lamport.tlatools/dist/tla2tools.jar!/tla2sany/StandardModules/TLC.tla)
Parsing file /tmp/tlc-5024412760489303485/TLCExt.tla (jar:file:/home/ubuntu/Specula/tools/tlaplus/tlatools/org.lamport.tlatools/dist/tla2tools.jar!/tla2sany/StandardModules/TLCExt.tla)
Semantic processing of module Naturals
Semantic processing of module Integers
Semantic processing of module Sequences
Semantic processing of module FiniteSets
Semantic processing of module TLC
Semantic processing of module base
Semantic processing of module TLCExt
Semantic processing of module _TLCTrace
Semantic processing of module MC
Linting of module base
Linting of module TLCExt
Linting of module _TLCTrace
Linting of module MC
Starting... (2026-09-11 17:51:46)
Computing initial states...
Finished computing initial states: 1 distinct state generated at 2026-09-11 17:51:46.
Progress(17) at 2026-09-11 17:51:49: 92,245 states generated (92,245 s/min), 26,064 distinct states found (26,064 ds/min), 9,835 states left on queue.
Progress(27) at 2026-09-11 17:52:49: 2,849,904 states generated (2,757,659 s/min), 618,502 distinct states found (592,438 ds/min), 121,701 states left on queue.
Progress(30) at 2026-09-11 17:53:49: 5,667,014 states generated (2,817,110 s/min), 1,205,564 distinct states found (587,062 ds/min), 227,228 states left on queue.
Progress(32) at 2026-09-11 17:54:49: 8,542,753 states generated (2,875,739 s/min), 1,779,832 distinct states found (574,268 ds/min), 309,519 states left on queue.
Progress(33) at 2026-09-11 17:55:49: 11,459,058 states generated (2,916,305 s/min), 2,346,494 distinct states found (566,662 ds/min), 369,485 states left on queue.
Progress(35) at 2026-09-11 17:56:49: 14,379,510 states generated (2,920,452 s/min), 2,908,416 distinct states found (561,922 ds/min), 420,537 states left on queue.
