PASS: 65 actions, matching trace wrappers/instrumentation entries; 7 brief safety properties enabled in actual hunts; 11 MC configs
SANY: four modules PASS
contract-verified PASS 0
witness-cursor PASS 0
trace-cursor PASS 0
witness-healthy PASS 0
trace-healthy PASS 0
witness-recovery PASS 0
trace-recovery PASS 0
witness-publication PASS 0
trace-publication PASS 0
witness-checkpoint PASS 0
trace-checkpoint PASS 0
witness-late_dlq PASS 0
trace-late_dlq PASS 0
false-ack 13 True
omitted-pending-row 13 True
wrong-predicate 13 True
wrong-cursor 13 True
false-durable-checkpoint 13 True
missing-endpoint 75 True
missing-intermediate-reply 13 True
init-MC PASS 0
init-MC_contract PASS 0
init-MC_hunt_s1_publication PASS 0
init-MC_hunt_s2_coverage PASS 0
init-MC_hunt_s2_cursor PASS 0
init-MC_hunt_s2_progress PASS 0
init-MC_hunt_s3_checkpoint PASS 0
init-MC_hunt_s3_cleanup PASS 0
init-MC_hunt_s4_ownership PASS 0
init-MC_hunt_s5_responsibility PASS 0
init-MC_hunt_s5_terminal_contract PASS 0
ALL GENERATION CHECKS PASS; implementation traces and broad hunt exhaustion remain pending
