TLC2 Version 2.20 of Day Month 20?? (rev: ${git.shortRevision})
Running breadth-first search Model-Checking with fp 118 and seed -4759984452004526917 with 1 worker on 32 cores with 491MB heap and 64MB offheap memory [pid: 1862378] (Linux 6.8.0-1044-azure amd64, Ubuntu 21.0.11 x86_64, MSBDiskFPSet, DiskStateQueue).
Parsing file /home/ubuntu/temporal-investigation-20260909/overnight-20260909/specula-engine/runs/temporal-history-queue-20260911/temporal-history-queue/.specula-output/spec/Trace.tla
Parsing file /home/ubuntu/temporal-investigation-20260909/overnight-20260909/specula-engine/runs/temporal-history-queue-20260911/temporal-history-queue/.specula-output/spec/base.tla
Parsing file /tmp/tlc-7658242562811406515/Json.tla (jar:file:/home/ubuntu/Specula/tools/tlaplus/tlatools/org.lamport.tlatools/dist/tla2tools.jar!/tla2sany/StandardModules/Json.tla)
Parsing file /tmp/tlc-7658242562811406515/IOUtils.tla (jar:file:/home/ubuntu/Specula/tools/tlaplus/tlatools/org.lamport.tlatools/lib/CommunityModules.jar!/IOUtils.tla)
Parsing file /tmp/tlc-7658242562811406515/Integers.tla (jar:file:/home/ubuntu/Specula/tools/tlaplus/tlatools/org.lamport.tlatools/dist/tla2tools.jar!/tla2sany/StandardModules/Integers.tla)
Parsing file /tmp/tlc-7658242562811406515/Naturals.tla (jar:file:/home/ubuntu/Specula/tools/tlaplus/tlatools/org.lamport.tlatools/dist/tla2tools.jar!/tla2sany/StandardModules/Naturals.tla)
Parsing file /tmp/tlc-7658242562811406515/Sequences.tla (jar:file:/home/ubuntu/Specula/tools/tlaplus/tlatools/org.lamport.tlatools/dist/tla2tools.jar!/tla2sany/StandardModules/Sequences.tla)
Parsing file /tmp/tlc-7658242562811406515/FiniteSets.tla (jar:file:/home/ubuntu/Specula/tools/tlaplus/tlatools/org.lamport.tlatools/dist/tla2tools.jar!/tla2sany/StandardModules/FiniteSets.tla)
Parsing file /tmp/tlc-7658242562811406515/TLC.tla (jar:file:/home/ubuntu/Specula/tools/tlaplus/tlatools/org.lamport.tlatools/dist/tla2tools.jar!/tla2sany/StandardModules/TLC.tla)
Semantic processing of module Naturals
Semantic processing of module Integers
Semantic processing of module Sequences
Semantic processing of module FiniteSets
Semantic processing of module TLC
Semantic processing of module base
Semantic processing of module Json
Semantic processing of module IOUtils
Semantic processing of module Trace
Linting of module base
Linting of module Json
Linting of module IOUtils
Linting of module Trace
Starting... (2026-09-11 18:13:09)
Implied-temporal checking--satisfiability problem has 1 branches.
Computing initial states...
Finished computing initial states: 1 distinct state generated at 2026-09-11 18:13:09.
Progress(3) at 2026-09-11 18:13:09: 3 states generated, 3 distinct states found, 0 states left on queue.
Checking temporal properties for the complete state space with 3 total distinct states at (2026-09-11 18:13:09)
Error: Temporal properties were violated.

Error: The following behavior constitutes a counter-example:

State 1: <Initial predicate>
/\ l = 2
/\ s = [ db |->
      [ rows |-> {},
        workflow |-> {},
        published |-> {},
        matching |-> {},
        started |-> {},
        obsolete |-> {},
        terminal |-> {},
        dlq |-> {},
        completed |-> {},
        deleted |-> {},
        acked |-> {},
        protected |-> {},
        queue |-> [readers |-> (0 :> <<>> @@ 1 :> <<>>), high |-> 5],
        range |-> 1,
        owner |-> 1 ],
  own |->
      << [ renewData |-> [readers |-> (0 :> <<>> @@ 1 :> <<>>), high |-> 5],
           fresh |-> FALSE,
           epoch |-> 1,
           mode |-> "active",
           next |-> 5,
           renewPC |-> "idle",
           expected |-> 0 ],
         [ renewData |-> [readers |-> (0 :> <<>> @@ 1 :> <<>>), high |-> 5],
           fresh |-> FALSE,
           epoch |-> 0,
           mode |-> "absent",
           next |-> 0,
           renewPC |-> "idle",
           expected |-> 0 ] >>,
  q |->
      << [ lists |-> (0 :> <<>> @@ 1 :> <<>>),
           cursor |-> (0 :> 0 @@ 1 :> 0),
           detached |->
               ( 0 :>
                     [ pred |-> {},
                       iters |-> {},
                       tracked |-> {},
                       id |-> 0,
                       lo |-> 0,
                       hi |-> 0 ] @@
                 1 :>
                     [ pred |-> {},
                       iters |-> {},
                       tracked |-> {},
                       id |-> 0,
                       lo |-> 0,
                       hi |-> 0 ] ),
           captured |-> [readers |-> (0 :> <<>> @@ 1 :> <<>>), high |-> 5],
           memory |-> [readers |-> (0 :> <<>> @@ 1 :> <<>>), high |-> 5],
           moveGroups |-> {},
           moved |-> <<>>,
           cancelTodo |-> {},
           high |-> 5,
           pc |-> "idle",
           deleteMin |-> 5,
           lastRange |-> 0,
           deleteResult |-> "none",
           clearReader |-> 0,
           clearID |-> 0 ],
         [ lists |-> (0 :> <<>> @@ 1 :> <<>>),
           cursor |-> (0 :> 0 @@ 1 :> 0),
           detached |->
               ( 0 :>
                     [ pred |-> {},
                       iters |-> {},
                       tracked |-> {},
                       id |-> 0,
                       lo |-> 0,
                       hi |-> 0 ] @@
                 1 :>
                     [ pred |-> {},
                       iters |-> {},
                       tracked |-> {},
                       id |-> 0,
                       lo |-> 0,
                       hi |-> 0 ] ),
           captured |-> [readers |-> (0 :> <<>> @@ 1 :> <<>>), high |-> 5],
           memory |-> [readers |-> (0 :> <<>> @@ 1 :> <<>>), high |-> 5],
           moveGroups |-> {},
           moved |-> <<>>,
           cancelTodo |-> {},
           high |-> 5,
           pc |-> "idle",
           deleteMin |-> 5,
           lastRange |-> 0,
           deleteResult |-> "none",
           clearReader |-> 0,
           clearID |-> 0 ] >>,
  snaps |->
      << [ data |-> [readers |-> (0 :> <<>> @@ 1 :> <<>>), high |-> 5],
           owner |-> 0,
           epoch |-> 0,
           phase |-> "free",
           caller |-> "other" ],
         [ data |-> [readers |-> (0 :> <<>> @@ 1 :> <<>>), high |-> 5],
           owner |-> 0,
           epoch |-> 0,
           phase |-> "free",
           caller |-> "other" ] >>,
  pub |->
      << [ owner |-> 0,
           epoch |-> 0,
           key |-> 0,
           group |-> "none",
           kind |-> "none",
           phase |-> "unused",
           reply |-> "none",
           pending |-> FALSE ],
         [ owner |-> 0,
           epoch |-> 0,
           key |-> 0,
           group |-> "none",
           kind |-> "none",
           phase |-> "unused",
           reply |-> "none",
           pending |-> FALSE ],
         [ owner |-> 0,
           epoch |-> 0,
           key |-> 0,
           group |-> "none",
           kind |-> "none",
           phase |-> "unused",
           reply |-> "none",
           pending |-> FALSE ] >>,
  ex |->
      << [ terminal |-> FALSE,
           owner |-> 0,
           task |-> 0,
           state |-> "free",
           pc |-> "idle",
           unexpected |-> 0,
           result |-> "none" ],
         [ terminal |-> FALSE,
           owner |-> 0,
           task |-> 0,
           state |-> "free",
           pc |-> "idle",
           unexpected |-> 0,
           result |-> "none" ],
         [ terminal |-> FALSE,
           owner |-> 0,
           task |-> 0,
           state |-> "free",
           pc |-> "idle",
           unexpected |-> 0,
           result |-> "none" ],
         [ terminal |-> FALSE,
           owner |-> 0,
           task |-> 0,
           state |-> "free",
           pc |-> "idle",
           unexpected |-> 0,
           result |-> "none" ],
         [ terminal |-> FALSE,
           owner |-> 0,
           task |-> 0,
           state |-> "free",
           pc |-> "idle",
           unexpected |-> 0,
           result |-> "none" ],
         [ terminal |-> FALSE,
           owner |-> 0,
           task |-> 0,
           state |-> "free",
           pc |-> "idle",
           unexpected |-> 0,
           result |-> "none" ] >>,
  notice |-> <<FALSE, FALSE>> ]

State 2: <TraceNext line 529, col 14 to line 529, col 47 of module Trace>
/\ l = 3
/\ s = [ db |->
      [ rows |-> {},
        workflow |-> {},
        published |-> {},
        matching |-> {},
        started |-> {},
        obsolete |-> {},
        terminal |-> {},
        dlq |-> {},
        completed |-> {},
        deleted |-> {},
        acked |-> {},
        protected |-> {},
        queue |-> [readers |-> (0 :> <<>> @@ 1 :> <<>>), high |-> 5],
        range |-> 1,
        owner |-> 1 ],
  own |->
      << [ renewData |-> [readers |-> (0 :> <<>> @@ 1 :> <<>>), high |-> 5],
           fresh |-> FALSE,
           epoch |-> 1,
           mode |-> "active",
           next |-> 6,
           renewPC |-> "idle",
           expected |-> 0 ],
         [ renewData |-> [readers |-> (0 :> <<>> @@ 1 :> <<>>), high |-> 5],
           fresh |-> FALSE,
           epoch |-> 0,
           mode |-> "absent",
           next |-> 0,
           renewPC |-> "idle",
           expected |-> 0 ] >>,
  q |->
      << [ lists |-> (0 :> <<>> @@ 1 :> <<>>),
           cursor |-> (0 :> 0 @@ 1 :> 0),
           detached |->
               ( 0 :>
                     [ pred |-> {},
                       iters |-> {},
                       tracked |-> {},
                       id |-> 0,
                       lo |-> 0,
                       hi |-> 0 ] @@
                 1 :>
                     [ pred |-> {},
                       iters |-> {},
                       tracked |-> {},
                       id |-> 0,
                       lo |-> 0,
                       hi |-> 0 ] ),
           captured |-> [readers |-> (0 :> <<>> @@ 1 :> <<>>), high |-> 5],
           memory |-> [readers |-> (0 :> <<>> @@ 1 :> <<>>), high |-> 5],
           moveGroups |-> {},
           moved |-> <<>>,
           cancelTodo |-> {},
           high |-> 5,
           pc |-> "idle",
           deleteMin |-> 5,
           lastRange |-> 0,
           deleteResult |-> "none",
           clearReader |-> 0,
           clearID |-> 0 ],
         [ lists |-> (0 :> <<>> @@ 1 :> <<>>),
           cursor |-> (0 :> 0 @@ 1 :> 0),
           detached |->
               ( 0 :>
                     [ pred |-> {},
                       iters |-> {},
                       tracked |-> {},
                       id |-> 0,
                       lo |-> 0,
                       hi |-> 0 ] @@
                 1 :>
                     [ pred |-> {},
                       iters |-> {},
                       tracked |-> {},
                       id |-> 0,
                       lo |-> 0,
                       hi |-> 0 ] ),
           captured |-> [readers |-> (0 :> <<>> @@ 1 :> <<>>), high |-> 5],
           memory |-> [readers |-> (0 :> <<>> @@ 1 :> <<>>), high |-> 5],
           moveGroups |-> {},
           moved |-> <<>>,
           cancelTodo |-> {},
           high |-> 5,
           pc |-> "idle",
           deleteMin |-> 5,
           lastRange |-> 0,
           deleteResult |-> "none",
           clearReader |-> 0,
           clearID |-> 0 ] >>,
  snaps |->
      << [ data |-> [readers |-> (0 :> <<>> @@ 1 :> <<>>), high |-> 5],
           owner |-> 0,
           epoch |-> 0,
           phase |-> "free",
           caller |-> "other" ],
         [ data |-> [readers |-> (0 :> <<>> @@ 1 :> <<>>), high |-> 5],
           owner |-> 0,
           epoch |-> 0,
           phase |-> "free",
           caller |-> "other" ] >>,
  pub |->
      << [ owner |-> 1,
           epoch |-> 1,
           key |-> 5,
           group |-> "g1",
           kind |-> "Workflow",
           phase |-> "allocated",
           reply |-> "none",
           pending |-> TRUE ],
         [ owner |-> 0,
           epoch |-> 0,
           key |-> 0,
           group |-> "none",
           kind |-> "none",
           phase |-> "unused",
           reply |-> "none",
           pending |-> FALSE ],
         [ owner |-> 0,
           epoch |-> 0,
           key |-> 0,
           group |-> "none",
           kind |-> "none",
           phase |-> "unused",
           reply |-> "none",
           pending |-> FALSE ] >>,
  ex |->
      << [ terminal |-> FALSE,
           owner |-> 0,
           task |-> 0,
           state |-> "free",
           pc |-> "idle",
           unexpected |-> 0,
           result |-> "none" ],
         [ terminal |-> FALSE,
           owner |-> 0,
           task |-> 0,
           state |-> "free",
           pc |-> "idle",
           unexpected |-> 0,
           result |-> "none" ],
         [ terminal |-> FALSE,
           owner |-> 0,
           task |-> 0,
           state |-> "free",
           pc |-> "idle",
           unexpected |-> 0,
           result |-> "none" ],
         [ terminal |-> FALSE,
           owner |-> 0,
           task |-> 0,
           state |-> "free",
           pc |-> "idle",
           unexpected |-> 0,
           result |-> "none" ],
         [ terminal |-> FALSE,
           owner |-> 0,
           task |-> 0,
           state |-> "free",
           pc |-> "idle",
           unexpected |-> 0,
           result |-> "none" ],
         [ terminal |-> FALSE,
           owner |-> 0,
           task |-> 0,
           state |-> "free",
           pc |-> "idle",
           unexpected |-> 0,
           result |-> "none" ] >>,
  notice |-> <<FALSE, FALSE>> ]

State 3: <TraceNext line 529, col 14 to line 529, col 47 of module Trace>
/\ l = 4
/\ s = [ db |->
      [ rows |-> {},
        workflow |-> {},
        published |-> {},
        matching |-> {},
        started |-> {},
        obsolete |-> {},
        terminal |-> {},
        dlq |-> {},
        completed |-> {},
        deleted |-> {},
        acked |-> {},
        protected |-> {},
        queue |-> [readers |-> (0 :> <<>> @@ 1 :> <<>>), high |-> 5],
        range |-> 1,
        owner |-> 1 ],
  own |->
      << [ renewData |-> [readers |-> (0 :> <<>> @@ 1 :> <<>>), high |-> 5],
           fresh |-> FALSE,
           epoch |-> 1,
           mode |-> "active",
           next |-> 6,
           renewPC |-> "idle",
           expected |-> 0 ],
         [ renewData |-> [readers |-> (0 :> <<>> @@ 1 :> <<>>), high |-> 5],
           fresh |-> FALSE,
           epoch |-> 0,
           mode |-> "absent",
           next |-> 0,
           renewPC |-> "idle",
           expected |-> 0 ] >>,
  q |->
      << [ lists |-> (0 :> <<>> @@ 1 :> <<>>),
           cursor |-> (0 :> 0 @@ 1 :> 0),
           detached |->
               ( 0 :>
                     [ pred |-> {},
                       iters |-> {},
                       tracked |-> {},
                       id |-> 0,
                       lo |-> 0,
                       hi |-> 0 ] @@
                 1 :>
                     [ pred |-> {},
                       iters |-> {},
                       tracked |-> {},
                       id |-> 0,
                       lo |-> 0,
                       hi |-> 0 ] ),
           captured |-> [readers |-> (0 :> <<>> @@ 1 :> <<>>), high |-> 5],
           memory |-> [readers |-> (0 :> <<>> @@ 1 :> <<>>), high |-> 5],
           moveGroups |-> {},
           moved |-> <<>>,
           cancelTodo |-> {},
           high |-> 5,
           pc |-> "idle",
           deleteMin |-> 5,
           lastRange |-> 0,
           deleteResult |-> "none",
           clearReader |-> 0,
           clearID |-> 0 ],
         [ lists |-> (0 :> <<>> @@ 1 :> <<>>),
           cursor |-> (0 :> 0 @@ 1 :> 0),
           detached |->
               ( 0 :>
                     [ pred |-> {},
                       iters |-> {},
                       tracked |-> {},
                       id |-> 0,
                       lo |-> 0,
                       hi |-> 0 ] @@
                 1 :>
                     [ pred |-> {},
                       iters |-> {},
                       tracked |-> {},
                       id |-> 0,
                       lo |-> 0,
                       hi |-> 0 ] ),
           captured |-> [readers |-> (0 :> <<>> @@ 1 :> <<>>), high |-> 5],
           memory |-> [readers |-> (0 :> <<>> @@ 1 :> <<>>), high |-> 5],
           moveGroups |-> {},
           moved |-> <<>>,
           cancelTodo |-> {},
           high |-> 5,
           pc |-> "idle",
           deleteMin |-> 5,
           lastRange |-> 0,
           deleteResult |-> "none",
           clearReader |-> 0,
           clearID |-> 0 ] >>,
  snaps |->
      << [ data |-> [readers |-> (0 :> <<>> @@ 1 :> <<>>), high |-> 5],
           owner |-> 0,
           epoch |-> 0,
           phase |-> "free",
           caller |-> "other" ],
         [ data |-> [readers |-> (0 :> <<>> @@ 1 :> <<>>), high |-> 5],
           owner |-> 0,
           epoch |-> 0,
           phase |-> "free",
           caller |-> "other" ] >>,
  pub |->
      << [ owner |-> 1,
           epoch |-> 1,
           key |-> 5,
           group |-> "g1",
           kind |-> "Workflow",
           phase |-> "appended",
           reply |-> "none",
           pending |-> TRUE ],
         [ owner |-> 0,
           epoch |-> 0,
           key |-> 0,
           group |-> "none",
           kind |-> "none",
           phase |-> "unused",
           reply |-> "none",
           pending |-> FALSE ],
         [ owner |-> 0,
           epoch |-> 0,
           key |-> 0,
           group |-> "none",
           kind |-> "none",
           phase |-> "unused",
           reply |-> "none",
           pending |-> FALSE ] >>,
  ex |->
      << [ terminal |-> FALSE,
           owner |-> 0,
           task |-> 0,
           state |-> "free",
           pc |-> "idle",
           unexpected |-> 0,
           result |-> "none" ],
         [ terminal |-> FALSE,
           owner |-> 0,
           task |-> 0,
           state |-> "free",
           pc |-> "idle",
           unexpected |-> 0,
           result |-> "none" ],
         [ terminal |-> FALSE,
           owner |-> 0,
           task |-> 0,
           state |-> "free",
           pc |-> "idle",
           unexpected |-> 0,
           result |-> "none" ],
         [ terminal |-> FALSE,
           owner |-> 0,
           task |-> 0,
           state |-> "free",
           pc |-> "idle",
           unexpected |-> 0,
           result |-> "none" ],
         [ terminal |-> FALSE,
           owner |-> 0,
           task |-> 0,
           state |-> "free",
           pc |-> "idle",
           unexpected |-> 0,
           result |-> "none" ],
         [ terminal |-> FALSE,
           owner |-> 0,
           task |-> 0,
           state |-> "free",
           pc |-> "idle",
           unexpected |-> 0,
           result |-> "none" ] >>,
  notice |-> <<FALSE, FALSE>> ]

State 4: Stuttering
Finished checking temporal properties in 00s at 2026-09-11 18:13:10
3 states generated, 3 distinct states found, 0 states left on queue.
The depth of the complete state graph search is 3.
Finished in 00s at (2026-09-11 18:13:10)
