TLC2 Version 2.20 of Day Month 20?? (rev: ${git.shortRevision})
Running breadth-first search Model-Checking with fp 92 and seed -4916524714254004303 with 1 worker on 32 cores with 491MB heap and 64MB offheap memory [pid: 1862609] (Linux 6.8.0-1044-azure amd64, Ubuntu 21.0.11 x86_64, MSBDiskFPSet, DiskStateQueue).
Parsing file /home/ubuntu/temporal-investigation-20260909/overnight-20260909/specula-engine/runs/temporal-history-queue-20260911/temporal-history-queue/.specula-output/spec/Trace.tla
Parsing file /home/ubuntu/temporal-investigation-20260909/overnight-20260909/specula-engine/runs/temporal-history-queue-20260911/temporal-history-queue/.specula-output/spec/base.tla
Parsing file /tmp/tlc-4615541470253506068/Json.tla (jar:file:/home/ubuntu/Specula/tools/tlaplus/tlatools/org.lamport.tlatools/dist/tla2tools.jar!/tla2sany/StandardModules/Json.tla)
Parsing file /tmp/tlc-4615541470253506068/IOUtils.tla (jar:file:/home/ubuntu/Specula/tools/tlaplus/tlatools/org.lamport.tlatools/lib/CommunityModules.jar!/IOUtils.tla)
Parsing file /tmp/tlc-4615541470253506068/Integers.tla (jar:file:/home/ubuntu/Specula/tools/tlaplus/tlatools/org.lamport.tlatools/dist/tla2tools.jar!/tla2sany/StandardModules/Integers.tla)
Parsing file /tmp/tlc-4615541470253506068/Naturals.tla (jar:file:/home/ubuntu/Specula/tools/tlaplus/tlatools/org.lamport.tlatools/dist/tla2tools.jar!/tla2sany/StandardModules/Naturals.tla)
Parsing file /tmp/tlc-4615541470253506068/Sequences.tla (jar:file:/home/ubuntu/Specula/tools/tlaplus/tlatools/org.lamport.tlatools/dist/tla2tools.jar!/tla2sany/StandardModules/Sequences.tla)
Parsing file /tmp/tlc-4615541470253506068/FiniteSets.tla (jar:file:/home/ubuntu/Specula/tools/tlaplus/tlatools/org.lamport.tlatools/dist/tla2tools.jar!/tla2sany/StandardModules/FiniteSets.tla)
Parsing file /tmp/tlc-4615541470253506068/TLC.tla (jar:file:/home/ubuntu/Specula/tools/tlaplus/tlatools/org.lamport.tlatools/dist/tla2tools.jar!/tla2sany/StandardModules/TLC.tla)
Semantic processing of module Naturals
Semantic processing of module Integers
Semantic processing of module Sequences
Semantic processing of module FiniteSets
Semantic processing of module TLC
Semantic processing of module base
Semantic processing of module Json
Semantic processing of module IOUtils
Semantic processing of module Trace
Linting of module base
Linting of module Json
Linting of module IOUtils
Linting of module Trace
Starting... (2026-09-11 18:13:13)
Implied-temporal checking--satisfiability problem has 1 branches.
Computing initial states...
Error: The first argument of Assert evaluated to FALSE; the second argument was:
"missing complete Endpoint"
Error: The error occurred when TLC was evaluating the nested
expressions at the following positions:
0. Line 49, column 3 to line 56, column 55 in Trace
1. Line 49, column 6 to line 49, column 67 in Trace
2. Line 50, column 6 to line 50, column 84 in Trace


0 states generated, 0 distinct states found, 0 states left on queue.
The depth of the complete state graph search is 0.
Finished in 00s at (2026-09-11 18:13:13)
