TLC2 Version 2026.09.23.154203 (rev: 4260e47)
Running breadth-first search Model-Checking with fp 21 and seed -8485042668301354797 with 4 workers on 16 cores with 3925MB heap and 12288MB offheap memory [pid: 3568181] (Linux 6.8.0-1044-azure amd64, Ubuntu 21.0.11 64bit, OffHeapDiskFPSet, DiskStateQueue).
Parsing file /home/ubuntu/specula-nvflare-gpt-continuation-20260926/framework/runs/gpt-continuation/nvflare-job/.specula-output/spec/output/continuation-H3-live_cleanup/MC.tla
Parsing file /home/ubuntu/specula-nvflare-gpt-continuation-20260926/framework/runs/gpt-continuation/nvflare-job/.specula-output/spec/output/continuation-H3-live_cleanup/base.tla
Parsing file /tmp/tlc-15897097850510805863/_JsonTrace.tla (jar:file:/home/ubuntu/specula-nvflare-gpt-continuation-20260926/framework/lib/tla2tools.jar!/tla2sany/StandardModules/_JsonTrace.tla)
Parsing file /tmp/tlc-15897097850510805863/_TLCTrace.tla (jar:file:/home/ubuntu/specula-nvflare-gpt-continuation-20260926/framework/lib/tla2tools.jar!/tla2sany/StandardModules/_TLCTrace.tla)
Parsing file /tmp/tlc-15897097850510805863/Integers.tla (jar:file:/home/ubuntu/specula-nvflare-gpt-continuation-20260926/framework/lib/tla2tools.jar!/tla2sany/StandardModules/Integers.tla)
Parsing file /tmp/tlc-15897097850510805863/Sequences.tla (jar:file:/home/ubuntu/specula-nvflare-gpt-continuation-20260926/framework/lib/tla2tools.jar!/tla2sany/StandardModules/Sequences.tla)
Parsing file /tmp/tlc-15897097850510805863/FiniteSets.tla (jar:file:/home/ubuntu/specula-nvflare-gpt-continuation-20260926/framework/lib/tla2tools.jar!/tla2sany/StandardModules/FiniteSets.tla)
Parsing file /tmp/tlc-15897097850510805863/TLC.tla (jar:file:/home/ubuntu/specula-nvflare-gpt-continuation-20260926/framework/lib/tla2tools.jar!/tla2sany/StandardModules/TLC.tla)
Parsing file /tmp/tlc-15897097850510805863/Naturals.tla (jar:file:/home/ubuntu/specula-nvflare-gpt-continuation-20260926/framework/lib/tla2tools.jar!/tla2sany/StandardModules/Naturals.tla)
Parsing file /tmp/tlc-15897097850510805863/TLCExt.tla (jar:file:/home/ubuntu/specula-nvflare-gpt-continuation-20260926/framework/lib/tla2tools.jar!/tla2sany/StandardModules/TLCExt.tla)
Parsing file /tmp/tlc-15897097850510805863/Json.tla (jar:file:/home/ubuntu/specula-nvflare-gpt-continuation-20260926/framework/lib/tla2tools.jar!/tla2sany/StandardModules/Json.tla)
Semantic processing of module Naturals
Semantic processing of module Integers
Semantic processing of module Sequences
Semantic processing of module FiniteSets
Semantic processing of module TLC
Semantic processing of module base
Semantic processing of module TLCExt
Semantic processing of module Json
Semantic processing of module _JsonTrace
Semantic processing of module _TLCTrace
Semantic processing of module MC
Linting of module base
Linting of module TLCExt
Linting of module Json
Linting of module _JsonTrace
Linting of module _TLCTrace
Linting of module MC
Starting... (2026-09-26 13:19:24)
Implied-temporal checking--satisfiability problem has 1 branches.
Computing initial states...
Finished computing initial states: 1 distinct state generated at 2026-09-26 13:19:25.
Checking temporal properties for the current state space with 9400 total distinct states at (2026-09-26 13:19:28)
Finished checking temporal properties in 00s at 2026-09-26 13:19:28
Progress(29) at 2026-09-26 13:19:28: 31,414 states generated (31,414 s/min), 9,400 distinct states found (9,400 ds/min), 3,422 states left on queue.
Checking temporal properties for the current state space with 229048 total distinct states at (2026-09-26 13:20:28)
Finished checking temporal properties in 01s at 2026-09-26 13:20:30
Progress(36) at 2026-09-26 13:20:30: 960,749 states generated (929,335 s/min), 229,048 distinct states found (219,648 ds/min), 93,112 states left on queue.
Checking temporal properties for the current state space with 401066 total distinct states at (2026-09-26 13:21:30)
Finished checking temporal properties in 03s at 2026-09-26 13:21:33
Progress(38) at 2026-09-26 13:21:33: 1,737,955 states generated (777,206 s/min), 401,066 distinct states found (172,018 ds/min), 166,605 states left on queue.
Checking temporal properties for the current state space with 565100 total distinct states at (2026-09-26 13:22:33)
Finished checking temporal properties in 04s at 2026-09-26 13:22:37
Progress(38) at 2026-09-26 13:22:37: 2,527,479 states generated (789,524 s/min), 565,102 distinct states found (164,036 ds/min), 235,089 states left on queue.
Checking temporal properties for the current state space with 728899 total distinct states at (2026-09-26 13:23:37)
Finished checking temporal properties in 05s at 2026-09-26 13:23:43
Progress(39) at 2026-09-26 13:23:43: 3,288,404 states generated (760,925 s/min), 728,899 distinct states found (163,797 ds/min), 301,758 states left on queue.
Checking temporal properties for the current state space with 880594 total distinct states at (2026-09-26 13:24:43)
Finished checking temporal properties in 07s at 2026-09-26 13:24:51
Progress(39) at 2026-09-26 13:24:51: 4,076,942 states generated (788,538 s/min), 880,594 distinct states found (151,695 ds/min), 360,535 states left on queue.
Checking temporal properties for the current state space with 1045276 total distinct states at (2026-09-26 13:25:51)
Finished checking temporal properties in 08s at 2026-09-26 13:25:59
Progress(39) at 2026-09-26 13:25:59: 4,887,259 states generated (810,317 s/min), 1,045,276 distinct states found (164,682 ds/min), 423,777 states left on queue.
Checking temporal properties for the current state space with 1196891 total distinct states at (2026-09-26 13:26:59)
Finished checking temporal properties in 10s at 2026-09-26 13:27:10
Progress(40) at 2026-09-26 13:27:10: 5,636,879 states generated (749,620 s/min), 1,196,892 distinct states found (151,616 ds/min), 481,335 states left on queue.
Checking temporal properties for the current state space with 1339827 total distinct states at (2026-09-26 13:28:10)
Finished checking temporal properties in 12s at 2026-09-26 13:28:22
Progress(40) at 2026-09-26 13:28:22: 6,407,160 states generated (770,281 s/min), 1,339,827 distinct states found (142,935 ds/min), 533,866 states left on queue.
Checking temporal properties for the current state space with 1489851 total distinct states at (2026-09-26 13:29:22)
