provision at /home/ubuntu/nvflare-job-lifecycle-20260914/scratch/harness/competition-1789391585190654969/poc for 2 clients with /home/ubuntu/nvflare-job-lifecycle-20260914/scratch/harness/competition-1789391585190654969/project-input.yml
INFO: Root CA validity: NotBefore=2026-09-14T13:13:05+00:00, NotAfter=2027-09-09T13:13:05+00:00
INFO: Generated results can be found under /home/ubuntu/nvflare-job-lifecycle-20260914/scratch/harness/competition-1789391585190654969/poc/example_project/prod_00. 
link job directory from /home/ubuntu/nvflare-job-lifecycle-20260914/source/examples to /home/ubuntu/nvflare-job-lifecycle-20260914/scratch/harness/competition-1789391585190654969/poc/example_project/prod_00/admin@nvidia.com/transfer
Connecting to FLARE ...
.provision at /home/ubuntu/nvflare-job-lifecycle-20260914/scratch/harness/delayed_start-1789391644867778391/poc for 2 clients with /home/ubuntu/nvflare-job-lifecycle-20260914/scratch/harness/delayed_start-1789391644867778391/project-input.yml
INFO: Root CA validity: NotBefore=2026-09-14T13:14:04+00:00, NotAfter=2027-09-09T13:14:04+00:00
INFO: Generated results can be found under /home/ubuntu/nvflare-job-lifecycle-20260914/scratch/harness/delayed_start-1789391644867778391/poc/example_project/prod_00. 
link job directory from /home/ubuntu/nvflare-job-lifecycle-20260914/source/examples to /home/ubuntu/nvflare-job-lifecycle-20260914/scratch/harness/delayed_start-1789391644867778391/poc/example_project/prod_00/admin@nvidia.com/transfer
Connecting to FLARE ...
.provision at /home/ubuntu/nvflare-job-lifecycle-20260914/scratch/harness/admission_exception-1789391722281673258/poc for 2 clients with /home/ubuntu/nvflare-job-lifecycle-20260914/scratch/harness/admission_exception-1789391722281673258/project-input.yml
INFO: Root CA validity: NotBefore=2026-09-14T13:15:22+00:00, NotAfter=2027-09-09T13:15:22+00:00
INFO: Generated results can be found under /home/ubuntu/nvflare-job-lifecycle-20260914/scratch/harness/admission_exception-1789391722281673258/poc/example_project/prod_00. 
link job directory from /home/ubuntu/nvflare-job-lifecycle-20260914/source/examples to /home/ubuntu/nvflare-job-lifecycle-20260914/scratch/harness/admission_exception-1789391722281673258/poc/example_project/prod_00/admin@nvidia.com/transfer
Connecting to FLARE ...
.provision at /home/ubuntu/nvflare-job-lifecycle-20260914/scratch/harness/abort_completion-1789391831929097750/poc for 2 clients with /home/ubuntu/nvflare-job-lifecycle-20260914/scratch/harness/abort_completion-1789391831929097750/project-input.yml
INFO: Root CA validity: NotBefore=2026-09-14T13:17:11+00:00, NotAfter=2027-09-09T13:17:11+00:00
INFO: Generated results can be found under /home/ubuntu/nvflare-job-lifecycle-20260914/scratch/harness/abort_completion-1789391831929097750/poc/example_project/prod_00. 
link job directory from /home/ubuntu/nvflare-job-lifecycle-20260914/source/examples to /home/ubuntu/nvflare-job-lifecycle-20260914/scratch/harness/abort_completion-1789391831929097750/poc/example_project/prod_00/admin@nvidia.com/transfer
Connecting to FLARE ...
.
=============================== warnings summary ===============================
runs/nvflare-job-lifecycle-20260914/nvflare-job-lifecycle/.specula-output/harness/src/lifecycle_test.py::test_lifecycle[competition]
runs/nvflare-job-lifecycle-20260914/nvflare-job-lifecycle/.specula-output/harness/src/lifecycle_test.py::test_lifecycle[competition]
runs/nvflare-job-lifecycle-20260914/nvflare-job-lifecycle/.specula-output/harness/src/lifecycle_test.py::test_lifecycle[delayed_start]
runs/nvflare-job-lifecycle-20260914/nvflare-job-lifecycle/.specula-output/harness/src/lifecycle_test.py::test_lifecycle[delayed_start]
runs/nvflare-job-lifecycle-20260914/nvflare-job-lifecycle/.specula-output/harness/src/lifecycle_test.py::test_lifecycle[admission_exception]
runs/nvflare-job-lifecycle-20260914/nvflare-job-lifecycle/.specula-output/harness/src/lifecycle_test.py::test_lifecycle[admission_exception]
runs/nvflare-job-lifecycle-20260914/nvflare-job-lifecycle/.specula-output/harness/src/lifecycle_test.py::test_lifecycle[abort_completion]
runs/nvflare-job-lifecycle-20260914/nvflare-job-lifecycle/.specula-output/harness/src/lifecycle_test.py::test_lifecycle[abort_completion]
  /home/ubuntu/nvflare-job-lifecycle-20260914/venv/lib/python3.14/site-packages/aiohttp/client.py:1693: DeprecationWarning: ssl_context is deprecated, use ssl=context instead
    self._resp: _RetType_co = await self._coro

-- Docs: https://docs.pytest.org/en/stable/how-to/capture-warnings.html
4 passed, 8 warnings in 308.50s (0:05:08)
