[0;32m================================[0m
[0;32mTLC Model Checking Mode[0m
[0;32m================================[0m
Spec File:       MC.tla
Config File:     MC_hunt_s5_progress.cfg
Memory Limit:    4G
Off-heap Memory: 6G
Workers:         3
Timeout:         30 minutes
[0;34m--- Model Checking Settings ---[0m
Depth Limit:     0
Checkpoint:      10 minutes
Log File:        tlc.out
[0;32m================================[0m
[1;33mExecuting Command:[0m
java -XX:+UseParallelGC -Dtlc2.tool.fp.FPSet.impl=tlc2.tool.fp.OffHeapDiskFPSet -XX:MaxDirectMemorySize=6G -Xmx4G -Xms4G -cp /home/ubuntu/nvflare-runs-20260913/specula/lib/CommunityModules-deps.jar:/home/ubuntu/nvflare-runs-20260913/specula/lib/tla2tools.jar tlc2.TLC -config MC_hunt_s5_progress.cfg MC.tla -workers 3 -deadlock -checkpoint 10 -dumptrace json counterexample.json -metadir /home/ubuntu/nvflare-runs-20260913/scratch/fedavg/tlc/tlc-states-IadjE4 

TLC resource budget (Specula run nvflare-fedavg-20260913):
  memory source: user config (128G)
  external memory use: not included in this configured run bound
  memory limit: 128 GiB
  active TLC reserved before request: 80 GiB (this agent: 80 GiB)
  this request: 10 GiB (heap 4 GiB + off-heap 6 GiB)
  remaining before request: 48 GiB
  remaining after admission: 38 GiB
  worker limit: 40
  active TLC workers before request: 24 (this agent: 24)
  this request workers: 3 (3)
  remaining workers before request: 16
  remaining workers after admission: 13
  result: admitted
Picked up JAVA_TOOL_OPTIONS: -Djava.io.tmpdir=/home/ubuntu/nvflare-runs-20260913/scratch/fedavg/tmp
TLC2 Version 2.20 of Day Month 20?? (rev: ${git.shortRevision})
Running breadth-first search Model-Checking with fp 43 and seed -3272840996636026448 with 3 workers on 80 cores with 3925MB heap and 6144MB offheap memory [pid: 4114971] (Linux 6.8.0-1044-azure amd64, Ubuntu 21.0.11 x86_64, OffHeapDiskFPSet, DiskStateQueue).
Parsing file /home/ubuntu/nvflare-runs-20260913/specula/runs/nvflare-fedavg-20260913/nvflare-fedavg/.specula-output/spec/output/hunt-bfs/MC_hunt_s5_progress/MC.tla
Parsing file /home/ubuntu/nvflare-runs-20260913/specula/runs/nvflare-fedavg-20260913/nvflare-fedavg/.specula-output/spec/output/hunt-bfs/MC_hunt_s5_progress/base.tla
Parsing file /home/ubuntu/nvflare-runs-20260913/scratch/fedavg/tmp/tlc-17278042183513620484/_JsonTrace.tla (jar:file:/home/ubuntu/nvflare-runs-20260913/specula/lib/tla2tools.jar!/tla2sany/StandardModules/_JsonTrace.tla)
Parsing file /home/ubuntu/nvflare-runs-20260913/scratch/fedavg/tmp/tlc-17278042183513620484/_TLCTrace.tla (jar:file:/home/ubuntu/nvflare-runs-20260913/specula/lib/tla2tools.jar!/tla2sany/StandardModules/_TLCTrace.tla)
Parsing file /home/ubuntu/nvflare-runs-20260913/scratch/fedavg/tmp/tlc-17278042183513620484/Naturals.tla (jar:file:/home/ubuntu/nvflare-runs-20260913/specula/lib/tla2tools.jar!/tla2sany/StandardModules/Naturals.tla)
Parsing file /home/ubuntu/nvflare-runs-20260913/scratch/fedavg/tmp/tlc-17278042183513620484/Integers.tla (jar:file:/home/ubuntu/nvflare-runs-20260913/specula/lib/tla2tools.jar!/tla2sany/StandardModules/Integers.tla)
Parsing file /home/ubuntu/nvflare-runs-20260913/scratch/fedavg/tmp/tlc-17278042183513620484/Sequences.tla (jar:file:/home/ubuntu/nvflare-runs-20260913/specula/lib/tla2tools.jar!/tla2sany/StandardModules/Sequences.tla)
Parsing file /home/ubuntu/nvflare-runs-20260913/scratch/fedavg/tmp/tlc-17278042183513620484/FiniteSets.tla (jar:file:/home/ubuntu/nvflare-runs-20260913/specula/lib/tla2tools.jar!/tla2sany/StandardModules/FiniteSets.tla)
Parsing file /home/ubuntu/nvflare-runs-20260913/scratch/fedavg/tmp/tlc-17278042183513620484/TLC.tla (jar:file:/home/ubuntu/nvflare-runs-20260913/specula/lib/tla2tools.jar!/tla2sany/StandardModules/TLC.tla)
Parsing file /home/ubuntu/nvflare-runs-20260913/scratch/fedavg/tmp/tlc-17278042183513620484/TLCExt.tla (jar:file:/home/ubuntu/nvflare-runs-20260913/specula/lib/tla2tools.jar!/tla2sany/StandardModules/TLCExt.tla)
Parsing file /home/ubuntu/nvflare-runs-20260913/scratch/fedavg/tmp/tlc-17278042183513620484/Json.tla (jar:file:/home/ubuntu/nvflare-runs-20260913/specula/lib/tla2tools.jar!/tla2sany/StandardModules/Json.tla)
Semantic processing of module Naturals
Semantic processing of module Integers
Semantic processing of module Sequences
Semantic processing of module FiniteSets
Semantic processing of module TLC
Semantic processing of module base
Semantic processing of module TLCExt
Semantic processing of module Json
Semantic processing of module _JsonTrace
Semantic processing of module _TLCTrace
Semantic processing of module MC
Linting of module base
Linting of module TLCExt
Linting of module Json
Linting of module _JsonTrace
Linting of module _TLCTrace
Linting of module MC
Starting... (2026-09-13 12:05:07)
Implied-temporal checking--satisfiability problem has 1 branches.
Computing initial states...
Finished computing initial states: 1 distinct state generated at 2026-09-13 12:05:09.
Checking temporal properties for the current state space with 12194 total distinct states at (2026-09-13 12:05:12)
Finished checking temporal properties in 02min 03s at 2026-09-13 12:07:15
Progress(15) at 2026-09-13 12:07:15: 46,542 states generated (46,542 s/min), 12,194 distinct states found (12,194 ds/min), 3,340 states left on queue.
Progress(27) at 2026-09-13 12:08:15: 1,817,521 states generated (1,770,979 s/min), 418,560 distinct states found (406,366 ds/min), 94,575 states left on queue.
Progress(29) at 2026-09-13 12:09:15: 3,587,752 states generated (1,770,231 s/min), 819,303 distinct states found (400,743 ds/min), 177,912 states left on queue.
Progress(31) at 2026-09-13 12:10:15: 5,337,043 states generated (1,749,291 s/min), 1,212,366 distinct states found (393,063 ds/min), 260,989 states left on queue.
Progress(32) at 2026-09-13 12:11:15: 7,011,993 states generated (1,674,950 s/min), 1,584,652 distinct states found (372,286 ds/min), 334,505 states left on queue.
Progress(33) at 2026-09-13 12:12:15: 8,745,468 states generated (1,733,475 s/min), 1,964,664 distinct states found (380,012 ds/min), 408,780 states left on queue.
Progress(34) at 2026-09-13 12:13:15: 10,421,387 states generated (1,675,919 s/min), 2,324,365 distinct states found (359,701 ds/min), 479,403 states left on queue.
Progress(35) at 2026-09-13 12:14:15: 12,137,906 states generated (1,716,519 s/min), 2,696,503 distinct states found (372,138 ds/min), 546,262 states left on queue.
Checkpointing of run /home/ubuntu/nvflare-runs-20260913/scratch/fedavg/tlc/tlc-states-IadjE4/26-09-13-12-05-07.318
Checkpointing completed at (2026-09-13 12:15:15)
Progress(35) at 2026-09-13 12:15:15: 13,920,813 states generated (1,782,907 s/min), 3,078,473 distinct states found (381,970 ds/min), 613,167 states left on queue.
Progress(36) at 2026-09-13 12:16:15: 15,691,622 states generated (1,770,809 s/min), 3,459,013 distinct states found (380,540 ds/min), 682,842 states left on queue.
Checking temporal properties for the current state space with 3844441 total distinct states at (2026-09-13 12:17:15)

[0;32m================================[0m
[1;33m⚠ Timed out[0m
[0;32m================================[0m
