[0;32m================================[0m
[0;32mTLC Model Checking Mode[0m
[0;32m================================[0m
Spec File:       MC.tla
Config File:     MC_hunt_live_cleanup.cfg
Memory Limit:    4G
Off-heap Memory: 12G
Workers:         4
Timeout:         30 minutes
[0;34m--- Model Checking Settings ---[0m
Depth Limit:     0
Checkpoint:      10 minutes
Log File:        /home/ubuntu/specula-nvflare-gpt-continuation-20260926/framework/runs/gpt-continuation/nvflare-job/.specula-output/.tlc-tasks/jobs/43da29fe87164002b0e1d3d59d03f748/tlc.log
[0;32m================================[0m
[1;33mExecuting Command:[0m
java -XX:+UseParallelGC -Dtlc2.tool.fp.FPSet.impl=tlc2.tool.fp.OffHeapDiskFPSet -XX:MaxDirectMemorySize=12G -Xmx4G -Xms4G -cp /home/ubuntu/specula-nvflare-gpt-continuation-20260926/framework/lib/CommunityModules-deps.jar:/home/ubuntu/specula-nvflare-gpt-continuation-20260926/framework/lib/tla2tools.jar tlc2.TLC -config MC_hunt_live_cleanup.cfg MC.tla -workers 4 -deadlock -checkpoint 10 -dumptrace json /home/ubuntu/specula-nvflare-gpt-continuation-20260926/framework/runs/gpt-continuation/nvflare-job/.specula-output/spec/output/continuation-H4-live_cleanup/counterexample.json -metadir /home/ubuntu/specula-nvflare-gpt-continuation-20260926/framework/runs/gpt-continuation/nvflare-job/.specula-output/.tlc-state/tlc-states-1nLUK8 

TLC resource budget (Specula run gpt-continuation):
  memory source: user config (64G)
  external memory use: not included in this configured run bound
  memory limit: 64 GiB
  active TLC reserved before request: 48 GiB (this agent: 48 GiB)
  this request: 16 GiB (heap 4 GiB + off-heap 12 GiB)
  remaining before request: 16 GiB
  remaining after admission: 0 bytes
  worker limit: 16
  active TLC workers before request: 12 (this agent: 12)
  this request workers: 4 (4)
  remaining workers before request: 4
  remaining workers after admission: 0
  result: admitted
TLC2 Version 2026.09.23.154203 (rev: 4260e47)
Running breadth-first search Model-Checking with fp 76 and seed 4674362227328317908 with 4 workers on 96 cores with 3925MB heap and 12288MB offheap memory [pid: 151922] (Linux 6.8.0-1044-azure amd64, Ubuntu 21.0.11 64bit, OffHeapDiskFPSet, DiskStateQueue).
Parsing file /home/ubuntu/specula-nvflare-gpt-continuation-20260926/framework/runs/gpt-continuation/nvflare-job/.specula-output/spec/output/continuation-H4-live_cleanup/MC.tla
Parsing file /home/ubuntu/specula-nvflare-gpt-continuation-20260926/framework/runs/gpt-continuation/nvflare-job/.specula-output/spec/output/continuation-H4-live_cleanup/base.tla
Parsing file /tmp/tlc-3509247366312280765/_JsonTrace.tla (jar:file:/home/ubuntu/specula-nvflare-gpt-continuation-20260926/framework/lib/tla2tools.jar!/tla2sany/StandardModules/_JsonTrace.tla)
Parsing file /tmp/tlc-3509247366312280765/_TLCTrace.tla (jar:file:/home/ubuntu/specula-nvflare-gpt-continuation-20260926/framework/lib/tla2tools.jar!/tla2sany/StandardModules/_TLCTrace.tla)
Parsing file /tmp/tlc-3509247366312280765/Integers.tla (jar:file:/home/ubuntu/specula-nvflare-gpt-continuation-20260926/framework/lib/tla2tools.jar!/tla2sany/StandardModules/Integers.tla)
Parsing file /tmp/tlc-3509247366312280765/Sequences.tla (jar:file:/home/ubuntu/specula-nvflare-gpt-continuation-20260926/framework/lib/tla2tools.jar!/tla2sany/StandardModules/Sequences.tla)
Parsing file /tmp/tlc-3509247366312280765/FiniteSets.tla (jar:file:/home/ubuntu/specula-nvflare-gpt-continuation-20260926/framework/lib/tla2tools.jar!/tla2sany/StandardModules/FiniteSets.tla)
Parsing file /tmp/tlc-3509247366312280765/TLC.tla (jar:file:/home/ubuntu/specula-nvflare-gpt-continuation-20260926/framework/lib/tla2tools.jar!/tla2sany/StandardModules/TLC.tla)
Parsing file /tmp/tlc-3509247366312280765/Naturals.tla (jar:file:/home/ubuntu/specula-nvflare-gpt-continuation-20260926/framework/lib/tla2tools.jar!/tla2sany/StandardModules/Naturals.tla)
Parsing file /tmp/tlc-3509247366312280765/TLCExt.tla (jar:file:/home/ubuntu/specula-nvflare-gpt-continuation-20260926/framework/lib/tla2tools.jar!/tla2sany/StandardModules/TLCExt.tla)
Parsing file /tmp/tlc-3509247366312280765/Json.tla (jar:file:/home/ubuntu/specula-nvflare-gpt-continuation-20260926/framework/lib/tla2tools.jar!/tla2sany/StandardModules/Json.tla)
Semantic processing of module Naturals
Semantic processing of module Integers
Semantic processing of module Sequences
Semantic processing of module FiniteSets
Semantic processing of module TLC
Semantic processing of module base
Semantic processing of module TLCExt
Semantic processing of module Json
Semantic processing of module _JsonTrace
Semantic processing of module _TLCTrace
Semantic processing of module MC
Linting of module base
Linting of module TLCExt
Linting of module Json
Linting of module _JsonTrace
Linting of module _TLCTrace
Linting of module MC
Starting... (2026-09-26 17:39:20)
Implied-temporal checking--satisfiability problem has 1 branches.
Computing initial states...
Finished computing initial states: 1 distinct state generated at 2026-09-26 17:39:21.
Checking temporal properties for the current state space with 10930 total distinct states at (2026-09-26 17:39:24)
Finished checking temporal properties in 00s at 2026-09-26 17:39:24
Progress(30) at 2026-09-26 17:39:24: 36,918 states generated (36,918 s/min), 10,930 distinct states found (10,930 ds/min), 3,988 states left on queue.
Checking temporal properties for the current state space with 230999 total distinct states at (2026-09-26 17:40:24)
Finished checking temporal properties in 01s at 2026-09-26 17:40:25
Progress(37) at 2026-09-26 17:40:25: 968,485 states generated (931,567 s/min), 231,002 distinct states found (220,072 ds/min), 93,794 states left on queue.
Checking temporal properties for the current state space with 422468 total distinct states at (2026-09-26 17:41:25)
Finished checking temporal properties in 03s at 2026-09-26 17:41:29
Progress(38) at 2026-09-26 17:41:29: 1,829,717 states generated (861,232 s/min), 422,468 distinct states found (191,466 ds/min), 176,392 states left on queue.
Checking temporal properties for the current state space with 601566 total distinct states at (2026-09-26 17:42:29)
Finished checking temporal properties in 04s at 2026-09-26 17:42:34
Progress(38) at 2026-09-26 17:42:34: 2,693,945 states generated (864,228 s/min), 601,567 distinct states found (179,099 ds/min), 249,724 states left on queue.
Checking temporal properties for the current state space with 777658 total distinct states at (2026-09-26 17:43:34)
Finished checking temporal properties in 07s at 2026-09-26 17:43:41
Progress(39) at 2026-09-26 17:43:41: 3,528,945 states generated (835,000 s/min), 777,660 distinct states found (176,093 ds/min), 320,720 states left on queue.
Checking temporal properties for the current state space with 943143 total distinct states at (2026-09-26 17:44:41)
Finished checking temporal properties in 08s at 2026-09-26 17:44:50
Progress(39) at 2026-09-26 17:44:50: 4,392,190 states generated (863,245 s/min), 943,143 distinct states found (165,483 ds/min), 383,674 states left on queue.
Checking temporal properties for the current state space with 1121300 total distinct states at (2026-09-26 17:45:50)
Finished checking temporal properties in 09s at 2026-09-26 17:45:59
Progress(39) at 2026-09-26 17:45:59: 5,274,658 states generated (882,468 s/min), 1,121,300 distinct states found (178,157 ds/min), 452,271 states left on queue.
Checking temporal properties for the current state space with 1281900 total distinct states at (2026-09-26 17:46:59)
Finished checking temporal properties in 12s at 2026-09-26 17:47:12
Progress(40) at 2026-09-26 17:47:12: 6,089,755 states generated (815,097 s/min), 1,281,900 distinct states found (160,600 ds/min), 512,002 states left on queue.
Checking temporal properties for the current state space with 1436950 total distinct states at (2026-09-26 17:48:12)
Finished checking temporal properties in 14s at 2026-09-26 17:48:26
Progress(40) at 2026-09-26 17:48:26: 6,946,447 states generated (856,692 s/min), 1,436,950 distinct states found (155,050 ds/min), 565,737 states left on queue.
Checking temporal properties for the current state space with 1606363 total distinct states at (2026-09-26 17:49:26)
Finished checking temporal properties in 15s at 2026-09-26 17:49:42
Checkpointing of run /home/ubuntu/specula-nvflare-gpt-continuation-20260926/framework/runs/gpt-continuation/nvflare-job/.specula-output/.tlc-state/tlc-states-1nLUK8/26-09-26-17-39-19.764
Checkpointing completed at (2026-09-26 17:49:42)
Progress(40) at 2026-09-26 17:49:42: 7,824,245 states generated (877,798 s/min), 1,606,408 distinct states found (169,458 ds/min), 631,217 states left on queue.
Checking temporal properties for the current state space with 1776345 total distinct states at (2026-09-26 17:50:42)
Finished checking temporal properties in 17s at 2026-09-26 17:51:00
Progress(40) at 2026-09-26 17:51:00: 8,701,585 states generated (877,340 s/min), 1,776,345 distinct states found (169,937 ds/min), 693,286 states left on queue.
Progress(41) at 2026-09-26 17:52:00: 9,545,641 states generated (844,056 s/min), 1,934,687 distinct states found (158,342 ds/min), 745,183 states left on queue.
Checking temporal properties for the current state space with 2080449 total distinct states at (2026-09-26 17:53:00)
Finished checking temporal properties in 20s at 2026-09-26 17:53:20
Progress(41) at 2026-09-26 17:53:20: 10,365,201 states generated (819,560 s/min), 2,080,449 distinct states found (145,762 ds/min), 793,135 states left on queue.
Progress(41) at 2026-09-26 17:54:20: 11,226,851 states generated (861,650 s/min), 2,236,785 distinct states found (156,336 ds/min), 846,423 states left on queue.
Checking temporal properties for the current state space with 2371805 total distinct states at (2026-09-26 17:55:20)
Finished checking temporal properties in 24s at 2026-09-26 17:55:45
Progress(41) at 2026-09-26 17:55:45: 12,079,508 states generated (852,657 s/min), 2,371,805 distinct states found (135,020 ds/min), 887,497 states left on queue.
Progress(41) at 2026-09-26 17:56:45: 12,964,511 states generated (885,003 s/min), 2,545,539 distinct states found (173,734 ds/min), 954,213 states left on queue.
Checking temporal properties for the current state space with 2708667 total distinct states at (2026-09-26 17:57:45)
Finished checking temporal properties in 28s at 2026-09-26 17:58:13
Progress(41) at 2026-09-26 17:58:13: 13,865,347 states generated (900,836 s/min), 2,708,667 distinct states found (163,128 ds/min), 1,007,415 states left on queue.
Progress(41) at 2026-09-26 17:59:13: 14,730,267 states generated (864,920 s/min), 2,865,707 distinct states found (157,040 ds/min), 1,058,770 states left on queue.
Checking temporal properties for the current state space with 3018595 total distinct states at (2026-09-26 18:00:13)
Finished checking temporal properties in 33s at 2026-09-26 18:00:47
Checkpointing of run /home/ubuntu/specula-nvflare-gpt-continuation-20260926/framework/runs/gpt-continuation/nvflare-job/.specula-output/.tlc-state/tlc-states-1nLUK8/26-09-26-17-39-19.764
Checkpointing completed at (2026-09-26 18:00:47)
Progress(42) at 2026-09-26 18:00:47: 15,577,524 states generated (847,257 s/min), 3,018,793 distinct states found (153,086 ds/min), 1,103,418 states left on queue.
Progress(42) at 2026-09-26 18:01:47: 16,380,890 states generated (803,366 s/min), 3,146,778 distinct states found (127,985 ds/min), 1,141,036 states left on queue.
Progress(42) at 2026-09-26 18:02:47: 17,223,836 states generated (842,946 s/min), 3,290,773 distinct states found (143,995 ds/min), 1,181,282 states left on queue.
Checking temporal properties for the current state space with 3444355 total distinct states at (2026-09-26 18:03:47)
Finished checking temporal properties in 37s at 2026-09-26 18:04:24
Progress(42) at 2026-09-26 18:04:24: 18,094,715 states generated (870,879 s/min), 3,444,355 distinct states found (153,582 ds/min), 1,229,488 states left on queue.
