[0;32m================================[0m
[0;32mTLC Model Checking Mode[0m
[0;32m================================[0m
Spec File:       MC.tla
Config File:     MC_hunt_s4_groundtruth.cfg
Memory Limit:    4G
Off-heap Memory: 12G
Workers:         4
Timeout:         30 minutes
[0;34m--- Model Checking Settings ---[0m
Depth Limit:     0
Checkpoint:      10 minutes
Log File:        /home/ubuntu/specula-nvflare-gpt-continuation-20260926/framework/runs/gpt-continuation/nvflare-job/.specula-output/.tlc-tasks/jobs/d5599a702c8a4b59b434ec2b8e4da0d0/tlc.log
[0;32m================================[0m
[1;33mExecuting Command:[0m
java -XX:+UseParallelGC -Dtlc2.tool.fp.FPSet.impl=tlc2.tool.fp.OffHeapDiskFPSet -XX:MaxDirectMemorySize=12G -Xmx4G -Xms4G -cp /home/ubuntu/specula-nvflare-gpt-continuation-20260926/framework/lib/CommunityModules-deps.jar:/home/ubuntu/specula-nvflare-gpt-continuation-20260926/framework/lib/tla2tools.jar tlc2.TLC -config MC_hunt_s4_groundtruth.cfg MC.tla -workers 4 -deadlock -checkpoint 10 -dumptrace json /home/ubuntu/specula-nvflare-gpt-continuation-20260926/framework/runs/gpt-continuation/nvflare-job/.specula-output/spec/output/continuation-H3-s4_groundtruth/counterexample.json -metadir /home/ubuntu/specula-nvflare-gpt-continuation-20260926/framework/runs/gpt-continuation/nvflare-job/.specula-output/.tlc-state/tlc-states-8N4FwO 

TLC resource budget (Specula run gpt-continuation):
  memory source: user config (64G)
  external memory use: not included in this configured run bound
  memory limit: 64 GiB
  active TLC reserved before request: 32 GiB (this agent: 32 GiB)
  this request: 16 GiB (heap 4 GiB + off-heap 12 GiB)
  remaining before request: 32 GiB
  remaining after admission: 16 GiB
  worker limit: 16
  active TLC workers before request: 8 (this agent: 8)
  this request workers: 4 (4)
  remaining workers before request: 8
  remaining workers after admission: 4
  result: admitted
TLC2 Version 2026.09.23.154203 (rev: 4260e47)
Running breadth-first search Model-Checking with fp 78 and seed 2363983587026243078 with 4 workers on 16 cores with 3925MB heap and 12288MB offheap memory [pid: 3308525] (Linux 6.8.0-1044-azure amd64, Ubuntu 21.0.11 64bit, OffHeapDiskFPSet, DiskStateQueue).
Parsing file /home/ubuntu/specula-nvflare-gpt-continuation-20260926/framework/runs/gpt-continuation/nvflare-job/.specula-output/spec/output/continuation-H3-s4_groundtruth/MC.tla
Parsing file /home/ubuntu/specula-nvflare-gpt-continuation-20260926/framework/runs/gpt-continuation/nvflare-job/.specula-output/spec/output/continuation-H3-s4_groundtruth/base.tla
Parsing file /tmp/tlc-6794071621497816925/_JsonTrace.tla (jar:file:/home/ubuntu/specula-nvflare-gpt-continuation-20260926/framework/lib/tla2tools.jar!/tla2sany/StandardModules/_JsonTrace.tla)
Parsing file /tmp/tlc-6794071621497816925/_TLCTrace.tla (jar:file:/home/ubuntu/specula-nvflare-gpt-continuation-20260926/framework/lib/tla2tools.jar!/tla2sany/StandardModules/_TLCTrace.tla)
Parsing file /tmp/tlc-6794071621497816925/Integers.tla (jar:file:/home/ubuntu/specula-nvflare-gpt-continuation-20260926/framework/lib/tla2tools.jar!/tla2sany/StandardModules/Integers.tla)
Parsing file /tmp/tlc-6794071621497816925/Sequences.tla (jar:file:/home/ubuntu/specula-nvflare-gpt-continuation-20260926/framework/lib/tla2tools.jar!/tla2sany/StandardModules/Sequences.tla)
Parsing file /tmp/tlc-6794071621497816925/FiniteSets.tla (jar:file:/home/ubuntu/specula-nvflare-gpt-continuation-20260926/framework/lib/tla2tools.jar!/tla2sany/StandardModules/FiniteSets.tla)
Parsing file /tmp/tlc-6794071621497816925/TLC.tla (jar:file:/home/ubuntu/specula-nvflare-gpt-continuation-20260926/framework/lib/tla2tools.jar!/tla2sany/StandardModules/TLC.tla)
Parsing file /tmp/tlc-6794071621497816925/Naturals.tla (jar:file:/home/ubuntu/specula-nvflare-gpt-continuation-20260926/framework/lib/tla2tools.jar!/tla2sany/StandardModules/Naturals.tla)
Parsing file /tmp/tlc-6794071621497816925/TLCExt.tla (jar:file:/home/ubuntu/specula-nvflare-gpt-continuation-20260926/framework/lib/tla2tools.jar!/tla2sany/StandardModules/TLCExt.tla)
Parsing file /tmp/tlc-6794071621497816925/Json.tla (jar:file:/home/ubuntu/specula-nvflare-gpt-continuation-20260926/framework/lib/tla2tools.jar!/tla2sany/StandardModules/Json.tla)
Semantic processing of module Naturals
Semantic processing of module Integers
Semantic processing of module Sequences
Semantic processing of module FiniteSets
Semantic processing of module TLC
Semantic processing of module base
Semantic processing of module TLCExt
Semantic processing of module Json
Semantic processing of module _JsonTrace
Semantic processing of module _TLCTrace
Semantic processing of module MC
Linting of module base
Linting of module TLCExt
Linting of module Json
Linting of module _JsonTrace
Linting of module _TLCTrace
Linting of module MC
Starting... (2026-09-26 12:49:08)
Warning: The set p@@q has been defined to be a symmetry set but contains less than two elements.
(Use the -nowarning option to disable this warning.)
Computing initial states...
Finished computing initial states: 1 distinct state generated at 2026-09-26 12:49:10.
Progress(31) at 2026-09-26 12:49:13: 178,717 states generated (178,717 s/min), 49,529 distinct states found (49,529 ds/min), 18,337 states left on queue.
Progress(37) at 2026-09-26 12:50:13: 5,773,881 states generated (5,595,164 s/min), 1,338,582 distinct states found (1,289,053 ds/min), 552,592 states left on queue.
Progress(38) at 2026-09-26 12:51:13: 10,909,597 states generated (5,135,716 s/min), 2,398,345 distinct states found (1,059,763 ds/min), 967,595 states left on queue.
Progress(39) at 2026-09-26 12:52:13: 16,305,307 states generated (5,395,710 s/min), 3,456,827 distinct states found (1,058,482 ds/min), 1,350,660 states left on queue.
Progress(40) at 2026-09-26 12:53:13: 21,534,031 states generated (5,228,724 s/min), 4,462,680 distinct states found (1,005,853 ds/min), 1,719,027 states left on queue.
Progress(40) at 2026-09-26 12:54:13: 27,102,151 states generated (5,568,120 s/min), 5,478,854 distinct states found (1,016,174 ds/min), 2,052,848 states left on queue.
Progress(40) at 2026-09-26 12:55:13: 33,247,955 states generated (6,145,804 s/min), 6,606,144 distinct states found (1,127,290 ds/min), 2,449,733 states left on queue.
Progress(41) at 2026-09-26 12:56:13: 38,519,816 states generated (5,271,861 s/min), 7,550,988 distinct states found (944,844 ds/min), 2,742,442 states left on queue.
Progress(41) at 2026-09-26 12:57:13: 43,899,930 states generated (5,380,114 s/min), 8,465,473 distinct states found (914,485 ds/min), 3,013,918 states left on queue.
Progress(41) at 2026-09-26 12:58:13: 49,705,312 states generated (5,805,382 s/min), 9,525,205 distinct states found (1,059,732 ds/min), 3,383,752 states left on queue.
Checkpointing of run /home/ubuntu/specula-nvflare-gpt-continuation-20260926/framework/runs/gpt-continuation/nvflare-job/.specula-output/.tlc-state/tlc-states-8N4FwO/26-09-26-12-49-07.874
Checkpointing completed at (2026-09-26 12:59:13)
Progress(41) at 2026-09-26 12:59:13: 55,836,966 states generated (6,131,654 s/min), 10,563,321 distinct states found (1,038,116 ds/min), 3,697,164 states left on queue.
Progress(42) at 2026-09-26 13:00:13: 61,086,136 states generated (5,249,170 s/min), 11,453,504 distinct states found (890,183 ds/min), 3,934,927 states left on queue.
Progress(42) at 2026-09-26 13:01:13: 66,477,373 states generated (5,391,237 s/min), 12,291,857 distinct states found (838,353 ds/min), 4,142,622 states left on queue.
Progress(42) at 2026-09-26 13:02:13: 72,393,205 states generated (5,915,832 s/min), 13,301,996 distinct states found (1,010,139 ds/min), 4,456,725 states left on queue.
Progress(42) at 2026-09-26 13:03:13: 78,825,115 states generated (6,431,910 s/min), 14,429,557 distinct states found (1,127,561 ds/min), 4,815,872 states left on queue.
Progress(42) at 2026-09-26 13:04:13: 85,058,578 states generated (6,233,463 s/min), 15,426,438 distinct states found (996,881 ds/min), 5,095,292 states left on queue.
Progress(43) at 2026-09-26 13:05:13: 91,256,160 states generated (6,197,582 s/min), 16,440,159 distinct states found (1,013,721 ds/min), 5,352,111 states left on queue.
Progress(43) at 2026-09-26 13:06:13: 97,540,915 states generated (6,284,755 s/min), 17,384,005 distinct states found (943,846 ds/min), 5,526,916 states left on queue.
Progress(43) at 2026-09-26 13:07:13: 103,967,736 states generated (6,426,821 s/min), 18,403,603 distinct states found (1,019,598 ds/min), 5,811,556 states left on queue.
Progress(43) at 2026-09-26 13:08:13: 110,341,587 states generated (6,373,851 s/min), 19,458,996 distinct states found (1,055,393 ds/min), 6,119,529 states left on queue.
Checkpointing of run /home/ubuntu/specula-nvflare-gpt-continuation-20260926/framework/runs/gpt-continuation/nvflare-job/.specula-output/.tlc-state/tlc-states-8N4FwO/26-09-26-12-49-07.874
Checkpointing completed at (2026-09-26 13:09:13)
Progress(43) at 2026-09-26 13:09:13: 116,903,770 states generated (6,562,183 s/min), 20,569,936 distinct states found (1,110,940 ds/min), 6,459,631 states left on queue.
Progress(43) at 2026-09-26 13:10:13: 123,133,227 states generated (6,229,457 s/min), 21,556,750 distinct states found (986,814 ds/min), 6,694,784 states left on queue.
Progress(43) at 2026-09-26 13:11:13: 129,537,780 states generated (6,404,553 s/min), 22,528,956 distinct states found (972,206 ds/min), 6,940,987 states left on queue.
Progress(44) at 2026-09-26 13:12:13: 135,800,238 states generated (6,262,458 s/min), 23,518,505 distinct states found (989,549 ds/min), 7,161,249 states left on queue.
Progress(44) at 2026-09-26 13:13:13: 142,075,843 states generated (6,275,605 s/min), 24,431,461 distinct states found (912,956 ds/min), 7,311,614 states left on queue.
Progress(44) at 2026-09-26 13:14:13: 148,500,459 states generated (6,424,616 s/min), 25,359,487 distinct states found (928,026 ds/min), 7,493,962 states left on queue.
Progress(44) at 2026-09-26 13:15:13: 154,962,178 states generated (6,461,719 s/min), 26,377,106 distinct states found (1,017,619 ds/min), 7,761,517 states left on queue.
Progress(44) at 2026-09-26 13:16:13: 161,363,041 states generated (6,400,863 s/min), 27,377,121 distinct states found (1,000,015 ds/min), 8,031,281 states left on queue.
Progress(44) at 2026-09-26 13:17:13: 167,151,372 states generated (5,788,331 s/min), 28,361,488 distinct states found (984,367 ds/min), 8,330,124 states left on queue.
Progress(44) at 2026-09-26 13:18:13: 173,296,896 states generated (6,145,524 s/min), 29,313,388 distinct states found (951,900 ds/min), 8,558,314 states left on queue.

[0;32m================================[0m
[1;33m⚠ Timed out[0m
[0;32m================================[0m
