Pinned source: 53ba7ee567468ea7971dad4faccef13c6cb35dc2; relocated source: /home/ubuntu/tmp/nvflare-component-zfiyj3f9/source
CASE control_real_threads
  forced_child_first=False
  returned_before_asked_to_stop=True
  engine_status_before_asked_to_stop=MachineStatus.STOPPED
  returned_after_asked_to_stop=True
  final_engine_status=MachineStatus.STOPPED
  result={'returned': True, 'error': None}
  events_before_stop=['_start_run', '_start_workflow', '_end_workflow', '_about_to_end_run', '_check_end_run_readiness', '_end_run']
  messages_before_stop=heartbeats:1 update_run_status:0
  messages_total=heartbeats:1 update_run_status:0

CASE forced_child_finishes_before_parent_started_write
  forced_child_first=True
  returned_before_asked_to_stop=False
  engine_status_before_asked_to_stop=MachineStatus.STARTED
  returned_after_asked_to_stop=True
  final_engine_status=MachineStatus.STOPPED
  result={'returned': True, 'error': None}
  events_before_stop=['_start_run', '_start_workflow', '_end_workflow', '_about_to_end_run', '_check_end_run_readiness', '_end_run']
  messages_before_stop=heartbeats:20 update_run_status:0
  messages_total=heartbeats:21 update_run_status:0

ASSERTIONS
  control_completed_after_cleanup=True
  forced_interleaving_stuck_until_asked_to_stop=True
  expected_correct_behavior=forced case should return once run_engine set STOPPED
