Parsing file /home/ubuntu/nvflare-runs-20260913/specula/runs/nvflare-transfer-20260913/nvflare-transfer/.specula-output/spec/MC.tla
Parsing file /home/ubuntu/nvflare-runs-20260913/specula/runs/nvflare-transfer-20260913/nvflare-transfer/.specula-output/spec/base.tla
Parsing file /home/ubuntu/nvflare-runs-20260913/scratch/transfer/tmp/tlc-4982544965823290938/Naturals.tla (jar:file:/home/ubuntu/nvflare-runs-20260913/specula/lib/tla2tools.jar!/tla2sany/StandardModules/Naturals.tla)
Parsing file /home/ubuntu/nvflare-runs-20260913/scratch/transfer/tmp/tlc-4982544965823290938/Integers.tla (jar:file:/home/ubuntu/nvflare-runs-20260913/specula/lib/tla2tools.jar!/tla2sany/StandardModules/Integers.tla)
Parsing file /home/ubuntu/nvflare-runs-20260913/scratch/transfer/tmp/tlc-4982544965823290938/FiniteSets.tla (jar:file:/home/ubuntu/nvflare-runs-20260913/specula/lib/tla2tools.jar!/tla2sany/StandardModules/FiniteSets.tla)
Parsing file /home/ubuntu/nvflare-runs-20260913/scratch/transfer/tmp/tlc-4982544965823290938/Sequences.tla (jar:file:/home/ubuntu/nvflare-runs-20260913/specula/lib/tla2tools.jar!/tla2sany/StandardModules/Sequences.tla)
Parsing file /home/ubuntu/nvflare-runs-20260913/scratch/transfer/tmp/tlc-4982544965823290938/TLC.tla (jar:file:/home/ubuntu/nvflare-runs-20260913/specula/lib/tla2tools.jar!/tla2sany/StandardModules/TLC.tla)
Semantic processing of module Naturals
Semantic processing of module Integers
Semantic processing of module Sequences
Semantic processing of module FiniteSets
Semantic processing of module TLC
Semantic processing of module base
Semantic processing of module MC
Linting of module base
Linting of module MC
Starting... (2026-09-13 14:46:07)
Warning: The set Receivers has been defined to be a symmetry set but contains less than two elements.
(Use the -nowarning option to disable this warning.)
CONFIG_INIT_OK MC_hunt_s3_settlement.cfg invariants=7 initial_states=1 first_successors=3 max_depth=1
Picked up JAVA_TOOL_OPTIONS: -Djava.io.tmpdir=/home/ubuntu/nvflare-runs-20260913/scratch/transfer/tmp
