
****** SANY2 Version 2.2 created 08 July 2020

Parsing file /home/ubuntu/nvflare-runs-20260913/specula/runs/nvflare-transfer-20260913/nvflare-transfer/.specula-output/spec/Trace.tla
Parsing file /home/ubuntu/nvflare-runs-20260913/specula/runs/nvflare-transfer-20260913/nvflare-transfer/.specula-output/spec/base.tla
Parsing file /home/ubuntu/nvflare-runs-20260913/scratch/transfer/tmp/tlc-11687738535573780305/Json.tla (jar:file:/home/ubuntu/nvflare-runs-20260913/specula/lib/tla2tools.jar!/tla2sany/StandardModules/Json.tla)
Parsing file /home/ubuntu/nvflare-runs-20260913/scratch/transfer/tmp/tlc-11687738535573780305/IOUtils.tla (jar:file:/home/ubuntu/nvflare-runs-20260913/specula/lib/CommunityModules-deps.jar!/IOUtils.tla)
Parsing file /home/ubuntu/nvflare-runs-20260913/scratch/transfer/tmp/tlc-11687738535573780305/Naturals.tla (jar:file:/home/ubuntu/nvflare-runs-20260913/specula/lib/tla2tools.jar!/tla2sany/StandardModules/Naturals.tla)
Parsing file /home/ubuntu/nvflare-runs-20260913/scratch/transfer/tmp/tlc-11687738535573780305/Integers.tla (jar:file:/home/ubuntu/nvflare-runs-20260913/specula/lib/tla2tools.jar!/tla2sany/StandardModules/Integers.tla)
Parsing file /home/ubuntu/nvflare-runs-20260913/scratch/transfer/tmp/tlc-11687738535573780305/FiniteSets.tla (jar:file:/home/ubuntu/nvflare-runs-20260913/specula/lib/tla2tools.jar!/tla2sany/StandardModules/FiniteSets.tla)
Parsing file /home/ubuntu/nvflare-runs-20260913/scratch/transfer/tmp/tlc-11687738535573780305/Sequences.tla (jar:file:/home/ubuntu/nvflare-runs-20260913/specula/lib/tla2tools.jar!/tla2sany/StandardModules/Sequences.tla)
Parsing file /home/ubuntu/nvflare-runs-20260913/scratch/transfer/tmp/tlc-11687738535573780305/TLC.tla (jar:file:/home/ubuntu/nvflare-runs-20260913/specula/lib/tla2tools.jar!/tla2sany/StandardModules/TLC.tla)
Parsing file /home/ubuntu/nvflare-runs-20260913/scratch/transfer/tmp/tlc-11687738535573780305/SequencesExt.tla (jar:file:/home/ubuntu/nvflare-runs-20260913/specula/lib/CommunityModules-deps.jar!/SequencesExt.tla)
Parsing file /home/ubuntu/nvflare-runs-20260913/scratch/transfer/tmp/tlc-11687738535573780305/FiniteSetsExt.tla (jar:file:/home/ubuntu/nvflare-runs-20260913/specula/lib/CommunityModules-deps.jar!/FiniteSetsExt.tla)
Parsing file /home/ubuntu/nvflare-runs-20260913/scratch/transfer/tmp/tlc-11687738535573780305/Folds.tla (jar:file:/home/ubuntu/nvflare-runs-20260913/specula/lib/CommunityModules-deps.jar!/Folds.tla)
Parsing file /home/ubuntu/nvflare-runs-20260913/scratch/transfer/tmp/tlc-11687738535573780305/Functions.tla (jar:file:/home/ubuntu/nvflare-runs-20260913/specula/lib/CommunityModules-deps.jar!/Functions.tla)
Semantic processing of module Naturals
Semantic processing of module Integers
Semantic processing of module Sequences
Semantic processing of module FiniteSets
Semantic processing of module TLC
Semantic processing of module base
Semantic processing of module Json
Semantic processing of module Folds
Semantic processing of module Functions
Semantic processing of module FiniteSetsExt
Semantic processing of module SequencesExt
Semantic processing of module IOUtils
Semantic processing of module Trace
Linting of module base
Linting of module Json
Linting of module Folds
Linting of module Functions
Linting of module FiniteSetsExt
Linting of module SequencesExt
Linting of module IOUtils
Linting of module Trace
Picked up JAVA_TOOL_OPTIONS: -Djava.io.tmpdir=/home/ubuntu/nvflare-runs-20260913/scratch/transfer/tmp
