WORKTREE=/home/ubuntu/specula-nvflare-gpt-continuation-20260926/framework/runs/gpt-continuation/nvflare-job/.specula-output/confirmation/MC-1/worktree
ESCALATION=Level 1 timing-controlled harness; no state injection; no product source patch
CONTROL abort-before-schedule
  abort_reply=['Aborted the job mc1-control before running it.']
  status_history=FINISHED:ABORTED
  final_status=FINISHED:ABORTED
  jobs_to_schedule_after_abort=0
  control_ok=True
SCENARIO abort-during-deploy
  abort_reply=['Aborted the job mc1-deploy before running it.']
  abort_errors=[]
  status_history=FINISHED:ABORTED -> DISPATCHED -> RUNNING
  final_status=RUNNING
  started_after_ack=True
  run_aborted=False
  bug_triggered=True
SCENARIO abort-during-start
  abort_reply=['Aborted the job mc1-start before running it.']
  abort_errors=[]
  status_history=DISPATCHED -> FINISHED:ABORTED -> RUNNING
  final_status=RUNNING
  started_after_ack=True
  run_aborted=False
  bug_triggered=True
RESULT: BUG REPRODUCED - acknowledged queued abort was overwritten and the job started RUNNING
