TLC2 Version 2.20 of Day Month 20?? (rev: ${git.shortRevision})
Running Random Simulation with seed 20260909 with 1 worker on 64 cores with 1963MB heap and 64MB offheap memory [pid: 1247315] (Linux 6.8.0-1044-azure amd64, Ubuntu 21.0.11 x86_64).
Parsing file /home/ubuntu/temporal-investigation-20260909/overnight-20260909/specula-engine/runs/temporal-update-20260909-restart-1600/temporal-update/.specula-output/spec/MC.tla
Parsing file /home/ubuntu/temporal-investigation-20260909/overnight-20260909/specula-engine/runs/temporal-update-20260909-restart-1600/temporal-update/.specula-output/spec/base.tla
Parsing file /tmp/tlc-6044847764582206983/_TLCTrace.tla (jar:file:/home/ubuntu/Specula/tools/tlaplus/tlatools/org.lamport.tlatools/dist/tla2tools.jar!/tla2sany/StandardModules/_TLCTrace.tla)
Parsing file /tmp/tlc-6044847764582206983/Naturals.tla (jar:file:/home/ubuntu/Specula/tools/tlaplus/tlatools/org.lamport.tlatools/dist/tla2tools.jar!/tla2sany/StandardModules/Naturals.tla)
Parsing file /tmp/tlc-6044847764582206983/Sequences.tla (jar:file:/home/ubuntu/Specula/tools/tlaplus/tlatools/org.lamport.tlatools/dist/tla2tools.jar!/tla2sany/StandardModules/Sequences.tla)
Parsing file /tmp/tlc-6044847764582206983/FiniteSets.tla (jar:file:/home/ubuntu/Specula/tools/tlaplus/tlatools/org.lamport.tlatools/dist/tla2tools.jar!/tla2sany/StandardModules/FiniteSets.tla)
Parsing file /tmp/tlc-6044847764582206983/TLC.tla (jar:file:/home/ubuntu/Specula/tools/tlaplus/tlatools/org.lamport.tlatools/dist/tla2tools.jar!/tla2sany/StandardModules/TLC.tla)
Parsing file /tmp/tlc-6044847764582206983/TLCExt.tla (jar:file:/home/ubuntu/Specula/tools/tlaplus/tlatools/org.lamport.tlatools/dist/tla2tools.jar!/tla2sany/StandardModules/TLCExt.tla)
Parsing file /tmp/tlc-6044847764582206983/Integers.tla (jar:file:/home/ubuntu/Specula/tools/tlaplus/tlatools/org.lamport.tlatools/dist/tla2tools.jar!/tla2sany/StandardModules/Integers.tla)
Semantic processing of module Naturals
Semantic processing of module Sequences
Semantic processing of module FiniteSets
Semantic processing of module TLC
Semantic processing of module base
Semantic processing of module Integers
Semantic processing of module TLCExt
Semantic processing of module _TLCTrace
Semantic processing of module MC
Linting of module base
Linting of module TLCExt
Linting of module _TLCTrace
Linting of module MC
Starting... (2026-09-09 18:10:14)
Computed 1 initial states...
Finished computing initial states: 1 distinct state generated at 2026-09-09 18:10:14.
Progress: 5851 states checked, 50 traces generated (trace length: mean=105, var(x)=1092, sd=33)
The number of states generated: 5851
Simulation using seed 20260909 and aril 0
Finished in 00s at (2026-09-09 18:10:15)
