[  0.011s][MainThread] submitted job1 job_id=dcb86000-bca6-47f7-a34a-db8df566f2d6
[  1.013s][JobRunner.run] (stub) deploying job dcb86000 to ['server', 'site-1', 'site-2']
[  1.013s][JobRunner.run] hook 'deploy' firing
[  1.034s][JobRunner.run] set_status(dcb86000, FINISHED:ABORTED) OK
[  1.034s][JobRunner.run] ADMIN abort_job(dcb86000) -> [('string', 'Aborted the job dcb86000-bca6-47f7-a34a-db8df566f2d6 before running it.'), ('success', '')]
[  1.035s][JobRunner.run] store status right after admin abort: FINISHED:ABORTED
[  1.039s][JobRunner.run] set_status(dcb86000, DISPATCHED) OK
[  1.044s][JobRunner.run] SJ launched for job dcb86000
[  1.044s][JobRunner.run] START_JOB -> site-1 job=dcb86000
[  1.044s][JobRunner.run] START_JOB -> site-2 job=dcb86000
[  1.045s][JobRunner.run] event _job_started data={'job_id': 'dcb86000-bca6-47f7-a34a-db8df566f2d6'}
[  1.050s][JobRunner.run] set_status(dcb86000, RUNNING) OK
[  2.614s][MainThread] SJ exited job=dcb86000 rc=None
[  3.300s][Thread-1 (_job_complete_process)] set_status(dcb86000, FINISHED:COMPLETED) OK
[  3.300s][Thread-1 (_job_complete_process)] event _job_completed data={'job_id': 'dcb86000-bca6-47f7-a34a-db8df566f2d6'}
[  3.315s][MainThread] REPORT {
  "scenario": "A1_abort_during_deploy",
  "status_while_running": "RUNNING",
  "sj_started_after_abort": true,
  "start_job_sent": [
    "(START_JOB via start_client_job)"
  ],
  "scheduler_slots": [
    "dcb86000-bca6-47f7-a34a-db8df566f2d6"
  ],
  "admin_reply": [
    [
      "string",
      "Aborted the job dcb86000-bca6-47f7-a34a-db8df566f2d6 before running it."
    ],
    [
      "success",
      ""
    ]
  ],
  "final": "FINISHED:COMPLETED",
  "status_history": [
    [
      1.034,
      "JobRunner.run",
      "dcb86000",
      "FINISHED:ABORTED"
    ],
    [
      1.039,
      "JobRunner.run",
      "dcb86000",
      "DISPATCHED"
    ],
    [
      1.05,
      "JobRunner.run",
      "dcb86000",
      "RUNNING"
    ],
    [
      3.3,
      "Thread-1 (_job_complete_process)",
      "dcb86000",
      "FINISHED:COMPLETED"
    ]
  ],
  "events": [
    [
      "_job_started",
      "dcb86000"
    ],
    [
      "_job_completed",
      "dcb86000"
    ]
  ],
  "cancel_calls": 0
}
