[  0.016s][MainThread] submitted job1 job_id=a12faec9-f15e-4dd5-8c90-e4f1daeac4c3
[  1.018s][JobRunner.run] (stub) deploying job a12faec9 to ['server', 'site-1', 'site-2']
[  1.032s][JobRunner.run] set_status(a12faec9, DISPATCHED) OK
[  1.035s][JobRunner.run] SJ launched for job a12faec9
[  1.035s][JobRunner.run] hook 'start_client_job' firing
[  1.040s][JobRunner.run] set_status(a12faec9, FINISHED:ABORTED) OK
[  1.040s][JobRunner.run] ADMIN abort_job(a12faec9) -> [('string', 'Aborted the job a12faec9-f15e-4dd5-8c90-e4f1daeac4c3 before running it.'), ('success', '')]
[  1.040s][JobRunner.run] store status right after admin abort: FINISHED:ABORTED
[  1.040s][JobRunner.run] START_JOB -> site-1 job=a12faec9
[  1.040s][JobRunner.run] START_JOB -> site-2 job=a12faec9
[  1.040s][JobRunner.run] event _job_started data={'job_id': 'a12faec9-f15e-4dd5-8c90-e4f1daeac4c3'}
[  1.044s][JobRunner.run] set_status(a12faec9, RUNNING) OK
[  2.618s][MainThread] SJ exited job=a12faec9 rc=None
[identity=server, run=?]: Skipping unavailable workspace archive source for job a12faec9-f15e-4dd5-8c90-e4f1daeac4c3: /home/experiment/tmp/nvf-A2_abort_during_start-l3w8de1w/ws/a12faec9-f15e-4dd5-8c90-e4f1daeac4c3
[identity=server, run=?]: No workspace archive sources are available for finished job a12faec9-f15e-4dd5-8c90-e4f1daeac4c3
[  3.043s][Thread-1 (_job_complete_process)] set_status(a12faec9, FINISHED:COMPLETED) OK
[  3.043s][Thread-1 (_job_complete_process)] event _job_completed data={'job_id': 'a12faec9-f15e-4dd5-8c90-e4f1daeac4c3'}
[  3.120s][MainThread] REPORT {
  "scenario": "A2_abort_during_start",
  "status_while_running": "RUNNING",
  "sj_started_after_abort": true,
  "start_job_sent": [
    "(START_JOB via start_client_job)"
  ],
  "scheduler_slots": [
    "a12faec9-f15e-4dd5-8c90-e4f1daeac4c3"
  ],
  "admin_reply": [
    [
      "string",
      "Aborted the job a12faec9-f15e-4dd5-8c90-e4f1daeac4c3 before running it."
    ],
    [
      "success",
      ""
    ]
  ],
  "final": "FINISHED:COMPLETED",
  "status_history": [
    [
      1.032,
      "JobRunner.run",
      "a12faec9",
      "DISPATCHED"
    ],
    [
      1.04,
      "JobRunner.run",
      "a12faec9",
      "FINISHED:ABORTED"
    ],
    [
      1.044,
      "JobRunner.run",
      "a12faec9",
      "RUNNING"
    ],
    [
      3.043,
      "Thread-1 (_job_complete_process)",
      "a12faec9",
      "FINISHED:COMPLETED"
    ]
  ],
  "events": [
    [
      "_job_started",
      "a12faec9"
    ],
    [
      "_job_completed",
      "a12faec9"
    ]
  ],
  "cancel_calls": 0
}
