[  0.017s][MainThread] submitted job1 job_id=9a3c0d91-5db8-426c-929c-a3ffb22e6b47
[  1.018s][JobRunner.run] (stub) deploying job 9a3c0d91 to ['server', 'site-1', 'site-2']
[  1.041s][JobRunner.run] set_status(9a3c0d91, DISPATCHED) OK
[  1.045s][JobRunner.run] SJ launched for job 9a3c0d91
[  1.045s][JobRunner.run] hook 'start_client_job' firing
[  1.045s][JobRunner.run] SJ exited job=9a3c0d91 rc=101
[  1.045s][JobRunner.run] START_JOB -> site-1 job=9a3c0d91
[  1.045s][JobRunner.run] START_JOB -> site-2 job=9a3c0d91
[  1.045s][JobRunner.run] event _job_started data={'job_id': '9a3c0d91-5db8-426c-929c-a3ffb22e6b47'}
[  1.045s][JobRunner.run] reproduction control: delaying set_status(RUNNING) until completion thread publishes (<=15s)
[  2.018s][Thread-1 (_job_complete_process)] admin->client site-1: topic=train.abort job=9a3c0d91-5db8-426c-929c-a3ffb22e6b47
[  2.018s][Thread-1 (_job_complete_process)] admin->client site-2: topic=train.abort job=9a3c0d91-5db8-426c-929c-a3ffb22e6b47
[  2.032s][Thread-1 (_job_complete_process)] set_status(9a3c0d91, FINISHED:EXECUTION_EXCEPTION) OK
[  2.032s][Thread-1 (_job_complete_process)] event _job_completed data={'job_id': '9a3c0d91-5db8-426c-929c-a3ffb22e6b47'}
[  2.037s][JobRunner.run] set_status(9a3c0d91, RUNNING) OK
[  4.120s][MainThread] ADMIN abort_job(9a3c0d91) -> [('error', 'Job 9a3c0d91-5db8-426c-929c-a3ffb22e6b47 is not running.')]
[  4.120s][MainThread] ADMIN delete_job(9a3c0d91) -> [('error', 'job: 9a3c0d91-5db8-426c-929c-a3ffb22e6b47 is running, could not be deleted at this time.')]
[  4.121s][MainThread] REPORT {
  "scenario": "B_running_overwrite",
  "final": "RUNNING",
  "running_jobs": [],
  "scheduler_slots": [],
  "abort_after": [
    [
      "error",
      "Job 9a3c0d91-5db8-426c-929c-a3ffb22e6b47 is not running."
    ]
  ],
  "delete_after": [
    [
      "error",
      "job: 9a3c0d91-5db8-426c-929c-a3ffb22e6b47 is running, could not be deleted at this time."
    ]
  ],
  "status_history": [
    [
      1.041,
      "JobRunner.run",
      "9a3c0d91",
      "DISPATCHED"
    ],
    [
      2.032,
      "Thread-1 (_job_complete_process)",
      "9a3c0d91",
      "FINISHED:EXECUTION_EXCEPTION"
    ],
    [
      2.037,
      "JobRunner.run",
      "9a3c0d91",
      "RUNNING"
    ]
  ],
  "events": [
    [
      "_job_started",
      "9a3c0d91"
    ],
    [
      "_job_completed",
      "9a3c0d91"
    ]
  ],
  "cancel_calls": 0
}
