[  0.019s][MainThread] submitted job1 job_id=a1450921-c37f-45ec-9e8c-55ffa8bacca3
[  1.020s][JobRunner.run] hook 'check_client_resources' firing
[  1.021s][JobRunner.run] ADMIN delete_job(a1450921) -> [('string', 'Job a1450921-c37f-45ec-9e8c-55ffa8bacca3 deleted. Submit records marked deleted: 0.'), ('success', '')]
[  1.022s][JobRunner.run] !!! JobRunner.run() TERMINATED by exception: AttributeError: 'NoneType' object has no attribute 'meta'
[  1.022s][JobRunner.run] traceback:
Traceback (most recent call last):
  File "/home/experiment/runs/specula/nvflare-lite-full-opus55-20260925/full/run/nvflare-job/.specula-output/evidence/harness/lifecycle_harness.py", line 332, in target
    runner.run(fl_ctx)
  File "/home/experiment/runs/specula/nvflare-lite-full-opus55-20260925/full/source/nvflare/private/fed/server/job_runner.py", line 661, in run
    if self._check_job_status(job_manager, ready_job.job_id, RunStatus.SUBMITTED, fl_ctx):
       ^^^^^^^^^^^^^^^^^^^^^^^^^^^^^^^^^^^^^^^^^^^^^^^^^^^^^^^^^^^^^^^^^^^^^^^^^^^^^^^^^^
  File "/home/experiment/runs/specula/nvflare-lite-full-opus55-20260925/full/source/nvflare/private/fed/server/job_runner.py", line 739, in _check_job_status
    return reload_job.meta.get(JobMetaKey.STATUS) != job_run_status
           ^^^^^^^^^^^^^^^
AttributeError: 'NoneType' object has no attribute 'meta'

[  1.145s][MainThread] submitted job2-later-eligible job_id=2c576d6a-c10d-49fa-8df0-6ce81c6f957e
[  6.146s][MainThread] REPORT {
  "scenario": "G1_delete_during_schedule",
  "delete_reply": [
    [
      "string",
      "Job a1450921-c37f-45ec-9e8c-55ffa8bacca3 deleted. Submit records marked deleted: 0."
    ],
    [
      "success",
      ""
    ]
  ],
  "runner_thread_alive": false,
  "runner_exception": "AttributeError: 'NoneType' object has no attribute 'meta'",
  "later_job_status_after_5s": "SUBMITTED",
  "later_job_ever_scheduled": false,
  "status_history": [],
  "events": [],
  "cancel_calls": 0
}
