[  0.012s][MainThread] submitted job1 job_id=1da3dbef-95c1-4642-a0e8-f09e89245f8f
[  1.014s][JobRunner.run] (stub) deploying job 1da3dbef to ['server', 'site-1', 'site-2']
[  1.014s][JobRunner.run] hook 'deploy' firing
[  1.015s][JobRunner.run] ADMIN delete_job(1da3dbef) -> [('string', 'Job 1da3dbef-95c1-4642-a0e8-f09e89245f8f deleted. Submit records marked deleted: 0.'), ('success', '')]
[  1.015s][JobRunner.run] set_status(1da3dbef, DISPATCHED) RAISED StorageException: object /home/experiment/tmp/nvf-G2_delete_during_deploy-x352xjs5/store/jobs/1da3dbef-95c1-4642-a0e8-f09e89245f8f does not exist
[  1.015s][JobRunner.run] set_status(1da3dbef, FINISHED:FAILED_TO_RUN) RAISED StorageException: object /home/experiment/tmp/nvf-G2_delete_during_deploy-x352xjs5/store/jobs/1da3dbef-95c1-4642-a0e8-f09e89245f8f does not exist
[  1.018s][JobRunner.run] !!! JobRunner.run() TERMINATED by exception: nvflare.apis.storage.StorageException: object /home/experiment/tmp/nvf-G2_delete_during_deploy-x352xjs5/store/jobs/1da3dbef-95c1-4642-a0e8-f09e89245f8f does not exist
[  1.019s][JobRunner.run] traceback:
Traceback (most recent call last):
  File "/home/experiment/runs/specula/nvflare-lite-full-opus55-20260925/full/source/nvflare/private/fed/server/job_runner.py", line 670, in run
    job_manager.set_status(ready_job.job_id, RunStatus.DISPATCHED, fl_ctx)
  File "/home/experiment/runs/specula/nvflare-lite-full-opus55-20260925/full/run/nvflare-job/.specula-output/evidence/harness/lifecycle_harness.py", line 299, in recording_set_status
    real_set_status(jid, status, fl_ctx)
  File "/home/experiment/runs/specula/nvflare-lite-full-opus55-20260925/full/source/nvflare/apis/impl/job_def_manager.py", line 481, in set_status
    store.update_meta(uri=self.job_uri(jid), meta=meta, replace=False)
  File "/home/experiment/runs/specula/nvflare-lite-full-opus55-20260925/full/source/nvflare/apis/utils/format_check.py", line 84, in wrapper
    return method(*args, **kwargs)
           ^^^^^^^^^^^^^^^^^^^^^^^
  File "/home/experiment/runs/specula/nvflare-lite-full-opus55-20260925/full/source/nvflare/app_common/storages/filesystem_storage.py", line 268, in update_meta
    raise StorageException("object {} does not exist".format(uri))
nvflare.apis.storage.StorageException: object /home/experiment/tmp/nvf-G2_delete_during_deploy-x352xjs5/store/jobs/1da3dbef-95c1-4642-a0e8-f09e89245f8f does not exist

During handling of the above exception, another exception occurred:

Traceback (most recent call last):
  File "/home/experiment/runs/specula/nvflare-lite-full-opus55-20260925/full/run/nvflare-job/.specula-output/evidence/harness/lifecycle_harness.py", line 332, in target
    runner.run(fl_ctx)
  File "/home/experiment/runs/specula/nvflare-lite-full-opus55-20260925/full/source/nvflare/private/fed/server/job_runner.py", line 720, in run
    job_manager.set_status(ready_job.job_id, RunStatus.FAILED_TO_RUN, fl_ctx)
  File "/home/experiment/runs/specula/nvflare-lite-full-opus55-20260925/full/run/nvflare-job/.specula-output/evidence/harness/lifecycle_harness.py", line 299, in recording_set_status
    real_set_status(jid, status, fl_ctx)
  File "/home/experiment/runs/specula/nvflare-lite-full-opus55-20260925/full/source/nvflare/apis/impl/job_def_manager.py", line 481, in set_status
    store.update_meta(uri=self.job_uri(jid), meta=meta, replace=False)
  File "/home/experiment/runs/specula/nvflare-lite-full-opus55-20260925/full/source/nvflare/apis/utils/format_check.py", line 84, in wrapper
    return method(*args, **kwargs)
           ^^^^^^^^^^^^^^^^^^^^^^^
  File "/home/experiment/runs/specula/nvflare-lite-full-opus55-20260925/full/source/nvflare/app_common/storages/filesystem_storage.py", line 268, in update_meta
    raise StorageException("object {} does not exist".format(uri))
nvflare.apis.storage.StorageException: object /home/experiment/tmp/nvf-G2_delete_during_deploy-x352xjs5/store/jobs/1da3dbef-95c1-4642-a0e8-f09e89245f8f does not exist

[  1.144s][MainThread] submitted job2-later-eligible job_id=008a4e27-7bdb-4a8b-bad2-05185972279e
[  6.144s][MainThread] REPORT {
  "scenario": "G2_delete_during_deploy",
  "delete_reply": [
    [
      "string",
      "Job 1da3dbef-95c1-4642-a0e8-f09e89245f8f deleted. Submit records marked deleted: 0."
    ],
    [
      "success",
      ""
    ]
  ],
  "runner_thread_alive": false,
  "runner_exception": "nvflare.apis.storage.StorageException: object /home/experiment/tmp/nvf-G2_delete_during_deploy-x352xjs5/store/jobs/1da3dbef-95c1-4642-a0e8-f09e89245f8f does not exist",
  "later_job_status_after_5s": "SUBMITTED",
  "later_job_ever_scheduled": false,
  "status_history": [
    [
      1.015,
      "JobRunner.run",
      "1da3dbef",
      "DISPATCHED RAISED StorageException"
    ],
    [
      1.015,
      "JobRunner.run",
      "1da3dbef",
      "FINISHED:FAILED_TO_RUN RAISED StorageException"
    ]
  ],
  "events": [],
  "cancel_calls": 0
}
