[  0.015s][MainThread] submitted job1 job_id=0f13bffc-0f5b-4eb2-a016-b7e946349745
[  0.024s][MainThread] submitted job2 job_id=81898c13-01e2-4250-a716-e0f71762a761
[  1.026s][JobRunner.run] (stub) deploying job 0f13bffc to ['server', 'site-1', 'site-2']
[  1.032s][JobRunner.run] set_status(0f13bffc, DISPATCHED) OK
[  1.037s][JobRunner.run] SJ launched for job 0f13bffc
[  1.037s][JobRunner.run] START_JOB -> site-1 job=0f13bffc
[  1.037s][JobRunner.run] START_JOB -> site-2 job=0f13bffc
[  1.037s][JobRunner.run] event _job_started data={'job_id': '0f13bffc-0f5b-4eb2-a016-b7e946349745'}
[  1.042s][JobRunner.run] set_status(0f13bffc, RUNNING) OK
[  2.044s][JobRunner.run] (stub) deploying job 81898c13 to ['server', 'site-1', 'site-2']
[  2.049s][JobRunner.run] set_status(81898c13, DISPATCHED) OK
[  2.055s][JobRunner.run] SJ launched for job 81898c13
[  2.055s][JobRunner.run] START_JOB -> site-1 job=81898c13
[  2.056s][JobRunner.run] START_JOB -> site-2 job=81898c13
[  2.056s][JobRunner.run] event _job_started data={'job_id': '81898c13-01e2-4250-a716-e0f71762a761'}
[  2.061s][JobRunner.run] set_status(81898c13, RUNNING) OK
[  2.128s][MainThread] admin->client site-1: topic=train.abort job=0f13bffc-0f5b-4eb2-a016-b7e946349745
[  2.128s][MainThread] admin->client site-2: topic=train.abort job=0f13bffc-0f5b-4eb2-a016-b7e946349745
[  2.128s][MainThread] abort_app_on_server 0f13bffc
[  2.128s][MainThread] SJ exited job=0f13bffc rc=None
[  2.128s][MainThread] stop_all_runs raised RuntimeError: dictionary changed size during iteration
[  2.128s][MainThread] REPORT {
  "scenario": "H_stop_all_runs",
  "running_before": [
    "0f13bffc",
    "81898c13"
  ],
  "stop_all_runs_exception": "RuntimeError: dictionary changed size during iteration",
  "sj_aborted": [
    "0f13bffc"
  ],
  "still_running_sj": [
    "81898c13"
  ],
  "runner_ask_to_stop": false,
  "run_aborted_flags": {
    "0f13bffc": true,
    "81898c13": false
  },
  "status_history": [
    [
      1.032,
      "JobRunner.run",
      "0f13bffc",
      "DISPATCHED"
    ],
    [
      1.042,
      "JobRunner.run",
      "0f13bffc",
      "RUNNING"
    ],
    [
      2.049,
      "JobRunner.run",
      "81898c13",
      "DISPATCHED"
    ],
    [
      2.061,
      "JobRunner.run",
      "81898c13",
      "RUNNING"
    ]
  ],
  "events": [
    [
      "_job_started",
      "0f13bffc"
    ],
    [
      "_job_started",
      "81898c13"
    ]
  ],
  "cancel_calls": 0
}
