[  0.010s][MainThread] submitted job1 job_id=49b386d1-67fd-4cc1-b680-d1dbf8c7b70c
[  1.012s][JobRunner.run] (stub) deploying job 49b386d1 to ['server', 'site-1', 'site-2']
[  1.016s][JobRunner.run] set_status(49b386d1, DISPATCHED) OK
[  1.019s][JobRunner.run] SJ launched for job 49b386d1
[  1.019s][JobRunner.run] hook 'start_client_job' firing
[  1.019s][JobRunner.run] admin->client site-1: topic=train.abort job=49b386d1-67fd-4cc1-b680-d1dbf8c7b70c
[  1.019s][JobRunner.run] admin->client site-2: topic=train.abort job=49b386d1-67fd-4cc1-b680-d1dbf8c7b70c
[  1.019s][JobRunner.run] abort_app_on_server 49b386d1
[  1.019s][JobRunner.run] SJ exited job=49b386d1 rc=None
[  1.019s][JobRunner.run] process_job_failure path: pending=True fail_run -> 'Job 49b386d1-67fd-4cc1-b680-d1dbf8c7b70c is not running.'
[  1.019s][JobRunner.run] START_JOB -> site-1 job=49b386d1
[  1.019s][JobRunner.run] START_JOB -> site-2 job=49b386d1
[  1.024s][JobRunner.run] set_status(49b386d1, FINISHED:FAILED_TO_RUN) OK
[  1.028s][JobRunner.run] event _job_aborted data={'job_id': '49b386d1-67fd-4cc1-b680-d1dbf8c7b70c'}
[identity=server, run=?]: Failed to run the Job (49b386d1-67fd-4cc1-b680-d1dbf8c7b70c): KeyError: '49b386d1-67fd-4cc1-b680-d1dbf8c7b70c'
[  3.117s][MainThread] REPORT {
  "scenario": "K_failrun_during_start",
  "final": "FINISHED:FAILED_TO_RUN",
  "exception_run_processes_left": [
    "49b386d1"
  ],
  "scheduler_slots": [],
  "status_history": [
    [
      1.016,
      "JobRunner.run",
      "49b386d1",
      "DISPATCHED"
    ],
    [
      1.024,
      "JobRunner.run",
      "49b386d1",
      "FINISHED:FAILED_TO_RUN"
    ]
  ],
  "events": [
    [
      "_job_aborted",
      "49b386d1"
    ]
  ],
  "cancel_calls": 0
}
