[  0.019s][MainThread] submitted job1 job_id=a8048b0b-0c4c-459b-b625-68e563e4d7ed
[  0.025s][MainThread] submitted job2 job_id=3900cbe1-6e18-48f5-bbad-b1643b3df47d
[  1.027s][JobRunner.run] (stub) deploying job a8048b0b to ['server', 'site-1', 'site-2']
[  1.075s][JobRunner.run] set_status(a8048b0b, DISPATCHED) OK
[  1.078s][JobRunner.run] SJ launched for job a8048b0b
[  1.078s][JobRunner.run] START_JOB -> site-1 job=a8048b0b
[  1.078s][JobRunner.run] START_JOB -> site-2 job=a8048b0b
[  1.078s][JobRunner.run] event _job_started data={'job_id': 'a8048b0b-0c4c-459b-b625-68e563e4d7ed'}
[  1.083s][JobRunner.run] set_status(a8048b0b, RUNNING) OK
[  1.131s][MainThread] SJ exited job=a8048b0b rc=None
[identity=server, run=?]: Skipping unavailable workspace archive source for job a8048b0b-0c4c-459b-b625-68e563e4d7ed: /home/experiment/tmp/nvf-S0_control-okmlav4l/ws/a8048b0b-0c4c-459b-b625-68e563e4d7ed
[identity=server, run=?]: No workspace archive sources are available for finished job a8048b0b-0c4c-459b-b625-68e563e4d7ed
[  2.059s][Thread-1 (_job_complete_process)] set_status(a8048b0b, FINISHED:COMPLETED) OK
[  2.059s][Thread-1 (_job_complete_process)] event _job_completed data={'job_id': 'a8048b0b-0c4c-459b-b625-68e563e4d7ed'}
[  2.084s][JobRunner.run] (stub) deploying job 3900cbe1 to ['server', 'site-1', 'site-2']
[  2.088s][JobRunner.run] set_status(3900cbe1, DISPATCHED) OK
[  2.093s][JobRunner.run] SJ launched for job 3900cbe1
[  2.093s][JobRunner.run] START_JOB -> site-1 job=3900cbe1
[  2.093s][JobRunner.run] START_JOB -> site-2 job=3900cbe1
[  2.093s][JobRunner.run] event _job_started data={'job_id': '3900cbe1-6e18-48f5-bbad-b1643b3df47d'}
[  2.098s][JobRunner.run] set_status(3900cbe1, RUNNING) OK
[  2.136s][MainThread] SJ exited job=3900cbe1 rc=None
[identity=server, run=?]: Skipping unavailable workspace archive source for job 3900cbe1-6e18-48f5-bbad-b1643b3df47d: /home/experiment/tmp/nvf-S0_control-okmlav4l/ws/3900cbe1-6e18-48f5-bbad-b1643b3df47d
[identity=server, run=?]: No workspace archive sources are available for finished job 3900cbe1-6e18-48f5-bbad-b1643b3df47d
[  3.072s][Thread-1 (_job_complete_process)] set_status(3900cbe1, FINISHED:COMPLETED) OK
[  3.072s][Thread-1 (_job_complete_process)] event _job_completed data={'job_id': '3900cbe1-6e18-48f5-bbad-b1643b3df47d'}
[  3.141s][MainThread] REPORT {
  "scenario": "S0_control",
  "final": {
    "job1": "FINISHED:COMPLETED",
    "job2": "FINISHED:COMPLETED"
  },
  "status_history": [
    [
      1.075,
      "JobRunner.run",
      "a8048b0b",
      "DISPATCHED"
    ],
    [
      1.083,
      "JobRunner.run",
      "a8048b0b",
      "RUNNING"
    ],
    [
      2.059,
      "Thread-1 (_job_complete_process)",
      "a8048b0b",
      "FINISHED:COMPLETED"
    ],
    [
      2.088,
      "JobRunner.run",
      "3900cbe1",
      "DISPATCHED"
    ],
    [
      2.098,
      "JobRunner.run",
      "3900cbe1",
      "RUNNING"
    ],
    [
      3.072,
      "Thread-1 (_job_complete_process)",
      "3900cbe1",
      "FINISHED:COMPLETED"
    ]
  ],
  "events": [
    [
      "_job_started",
      "a8048b0b"
    ],
    [
      "_job_completed",
      "a8048b0b"
    ],
    [
      "_job_started",
      "3900cbe1"
    ],
    [
      "_job_completed",
      "3900cbe1"
    ]
  ],
  "cancel_calls": 0
}
