TLC2 Version 2026.08.11.125311 (rev: 0894c34)
Running breadth-first search Model-Checking with fp 104 and seed 20260905 with 1 worker on 96 cores with 1963MB heap and 64MB offheap memory [pid: 2783745] (Linux 6.8.0-1044-azure amd64, Ubuntu 21.0.11 64bit, MSBDiskFPSet, DiskStateQueue).
Parsing file /home/ubuntu/tmp/vsr-specgen-review-20260905-nmc1maf8/MC.tla
Parsing file /home/ubuntu/tmp/vsr-specgen-review-20260905-nmc1maf8/base.tla
Parsing file /tmp/tlc-12741202253864432337/_TLCTrace.tla (jar:file:/home/ubuntu/Specula-incremental-dataset-100-20260819/tools/tla2tools.jar!/tla2sany/StandardModules/_TLCTrace.tla)
Parsing file /tmp/tlc-12741202253864432337/Integers.tla (jar:file:/home/ubuntu/Specula-incremental-dataset-100-20260819/tools/tla2tools.jar!/tla2sany/StandardModules/Integers.tla)
Parsing file /tmp/tlc-12741202253864432337/Sequences.tla (jar:file:/home/ubuntu/Specula-incremental-dataset-100-20260819/tools/tla2tools.jar!/tla2sany/StandardModules/Sequences.tla)
Parsing file /tmp/tlc-12741202253864432337/FiniteSets.tla (jar:file:/home/ubuntu/Specula-incremental-dataset-100-20260819/tools/tla2tools.jar!/tla2sany/StandardModules/FiniteSets.tla)
Parsing file /tmp/tlc-12741202253864432337/TLC.tla (jar:file:/home/ubuntu/Specula-incremental-dataset-100-20260819/tools/tla2tools.jar!/tla2sany/StandardModules/TLC.tla)
Parsing file /tmp/tlc-12741202253864432337/Naturals.tla (jar:file:/home/ubuntu/Specula-incremental-dataset-100-20260819/tools/tla2tools.jar!/tla2sany/StandardModules/Naturals.tla)
Parsing file /tmp/tlc-12741202253864432337/TLCExt.tla (jar:file:/home/ubuntu/Specula-incremental-dataset-100-20260819/tools/tla2tools.jar!/tla2sany/StandardModules/TLCExt.tla)
Semantic processing of module Naturals
Semantic processing of module Integers
Semantic processing of module Sequences
Semantic processing of module FiniteSets
Semantic processing of module TLC
Semantic processing of module base
Semantic processing of module TLCExt
Semantic processing of module _TLCTrace
Semantic processing of module MC
Linting of module base
Linting of module TLCExt
Linting of module _TLCTrace
Linting of module MC
Starting... (2026-09-05 18:31:31)
Computing initial states...
Finished computing initial states: 1 distinct state generated at 2026-09-05 18:31:32.
Model checking completed. No error has been found.
  Estimates of the probability that TLC did not check all reachable states
  because two distinct states had the same fingerprint:
  calculated (optimistic):  val = 3.2E-13
5180 states generated, 1677 distinct states found, 0 states left on queue.
The depth of the complete state graph search is 13.
The average outdegree of the complete state graph is 1 (minimum is 0, the maximum 6 and the 95th percentile is 4).
Finished in 00s at (2026-09-05 18:31:32)
