TLC2 Version 2026.09.04.170753 (rev: b123b22)
Running breadth-first search Model-Checking with fp 94 and seed -5803071381666237652 with 5 workers on 96 cores with 3925MB heap and 16384MB offheap memory [pid: 163504] (Linux 6.8.0-1044-azure amd64, Ubuntu 21.0.11 64bit, OffHeapDiskFPSet, DiskStateQueue).
Parsing file /home/ubuntu/specula-vsr-runner-20260905/runs/vsr-rs-gpt6astra-ultra-20260905/vsr-rs/.specula-output/spec/output/MC_hunt_scenario3_recovery_five_bfs/MC.tla
Parsing file /home/ubuntu/specula-vsr-runner-20260905/runs/vsr-rs-gpt6astra-ultra-20260905/vsr-rs/.specula-output/spec/output/MC_hunt_scenario3_recovery_five_bfs/base.tla
Parsing file /tmp/tlc-8632963654422356871/_JsonTrace.tla (jar:file:/home/ubuntu/specula-vsr-runner-20260905/lib/tla2tools.jar!/tla2sany/StandardModules/_JsonTrace.tla)
Parsing file /tmp/tlc-8632963654422356871/_TLCTrace.tla (jar:file:/home/ubuntu/specula-vsr-runner-20260905/lib/tla2tools.jar!/tla2sany/StandardModules/_TLCTrace.tla)
Parsing file /tmp/tlc-8632963654422356871/Naturals.tla (jar:file:/home/ubuntu/specula-vsr-runner-20260905/lib/tla2tools.jar!/tla2sany/StandardModules/Naturals.tla)
Parsing file /tmp/tlc-8632963654422356871/Integers.tla (jar:file:/home/ubuntu/specula-vsr-runner-20260905/lib/tla2tools.jar!/tla2sany/StandardModules/Integers.tla)
Parsing file /tmp/tlc-8632963654422356871/Sequences.tla (jar:file:/home/ubuntu/specula-vsr-runner-20260905/lib/tla2tools.jar!/tla2sany/StandardModules/Sequences.tla)
Parsing file /tmp/tlc-8632963654422356871/FiniteSets.tla (jar:file:/home/ubuntu/specula-vsr-runner-20260905/lib/tla2tools.jar!/tla2sany/StandardModules/FiniteSets.tla)
Parsing file /tmp/tlc-8632963654422356871/Bags.tla (jar:file:/home/ubuntu/specula-vsr-runner-20260905/lib/tla2tools.jar!/tla2sany/StandardModules/Bags.tla)
Parsing file /tmp/tlc-8632963654422356871/TLC.tla (jar:file:/home/ubuntu/specula-vsr-runner-20260905/lib/tla2tools.jar!/tla2sany/StandardModules/TLC.tla)
Parsing file /tmp/tlc-8632963654422356871/TLCExt.tla (jar:file:/home/ubuntu/specula-vsr-runner-20260905/lib/tla2tools.jar!/tla2sany/StandardModules/TLCExt.tla)
Parsing file /tmp/tlc-8632963654422356871/Json.tla (jar:file:/home/ubuntu/specula-vsr-runner-20260905/lib/tla2tools.jar!/tla2sany/StandardModules/Json.tla)
Semantic processing of module Naturals
Semantic processing of module Integers
Semantic processing of module Sequences
Semantic processing of module FiniteSets
Semantic processing of module TLC
Semantic processing of module Bags
Semantic processing of module base
Semantic processing of module TLCExt
Semantic processing of module Json
Semantic processing of module _JsonTrace
Semantic processing of module _TLCTrace
Semantic processing of module MC
Linting of module base
Linting of module TLCExt
Linting of module Json
Linting of module _JsonTrace
Linting of module _TLCTrace
Linting of module MC
Starting... (2026-09-05 14:36:00)
Implied-temporal checking--satisfiability problem has 160 branches.
Computing initial states...
Finished computing initial states: 1 distinct state generated at 2026-09-05 14:36:02.
Checking 160 branches of temporal properties for the current state space with 15100 total distinct states at (2026-09-05 14:36:10)
Finished checking temporal properties in 00s at 2026-09-05 14:36:10
Progress(5) at 2026-09-05 14:36:10: 176 states generated (176 s/min), 168 distinct states found (168 ds/min), 154 states left on queue.
Checking 160 branches of temporal properties for the current state space with 172895 total distinct states at (2026-09-05 14:37:10)
Finished checking temporal properties in 00s at 2026-09-05 14:37:11
Progress(6) at 2026-09-05 14:37:11: 3,290 states generated (3,114 s/min), 2,091 distinct states found (1,923 ds/min), 1,697 states left on queue.
Checking 160 branches of temporal properties for the current state space with 330595 total distinct states at (2026-09-05 14:38:12)
Finished checking temporal properties in 00s at 2026-09-05 14:38:12
Progress(7) at 2026-09-05 14:38:12: 6,466 states generated (3,176 s/min), 3,716 distinct states found (1,625 ds/min), 2,765 states left on queue.
Checking 160 branches of temporal properties for the current state space with 485770 total distinct states at (2026-09-05 14:39:14)
Finished checking temporal properties in 00s at 2026-09-05 14:39:14
Progress(7) at 2026-09-05 14:39:14: 9,661 states generated (3,195 s/min), 5,456 distinct states found (1,740 ds/min), 4,123 states left on queue.
Checking 160 branches of temporal properties for the current state space with 599520 total distinct states at (2026-09-05 14:40:14)
Finished checking temporal properties in 00s at 2026-09-05 14:40:15
Progress(7) at 2026-09-05 14:40:15: 12,376 states generated (2,715 s/min), 6,724 distinct states found (1,268 ds/min), 4,912 states left on queue.
Checking 160 branches of temporal properties for the current state space with 710300 total distinct states at (2026-09-05 14:41:15)
Finished checking temporal properties in 00s at 2026-09-05 14:41:16
Progress(7) at 2026-09-05 14:41:16: 15,211 states generated (2,835 s/min), 7,923 distinct states found (1,199 ds/min), 5,652 states left on queue.
Checking 160 branches of temporal properties for the current state space with 859375 total distinct states at (2026-09-05 14:42:18)
Finished checking temporal properties in 00s at 2026-09-05 14:42:18
Progress(7) at 2026-09-05 14:42:18: 18,324 states generated (3,113 s/min), 9,559 distinct states found (1,636 ds/min), 6,717 states left on queue.
Checking 160 branches of temporal properties for the current state space with 1002760 total distinct states at (2026-09-05 14:43:20)
Finished checking temporal properties in 00s at 2026-09-05 14:43:20
Progress(8) at 2026-09-05 14:43:20: 21,366 states generated (3,042 s/min), 11,080 distinct states found (1,521 ds/min), 7,763 states left on queue.
Checking 160 branches of temporal properties for the current state space with 1159760 total distinct states at (2026-09-05 14:44:21)
Finished checking temporal properties in 00s at 2026-09-05 14:44:21
Progress(8) at 2026-09-05 14:44:21: 25,168 states generated (3,802 s/min), 12,664 distinct states found (1,584 ds/min), 8,742 states left on queue.
Checking 160 branches of temporal properties for the current state space with 1329295 total distinct states at (2026-09-05 14:45:24)
Finished checking temporal properties in 00s at 2026-09-05 14:45:25
Progress(8) at 2026-09-05 14:45:25: 28,549 states generated (3,381 s/min), 14,418 distinct states found (1,754 ds/min), 10,015 states left on queue.
Checkpointing of run /home/ubuntu/specula-vsr-runner-20260905/runs/vsr-rs-gpt6astra-ultra-20260905/vsr-rs/.specula-output/spec/output/tlc-tmp/tlc-states-5ZPfbr/26-09-05-14-36-00.050
Checkpointing completed at (2026-09-05 14:46:27)
Progress(8) at 2026-09-05 14:46:27: 30,998 states generated (2,449 s/min), 15,636 distinct states found (1,218 ds/min), 11,057 states left on queue.
Checking 160 branches of temporal properties for the current state space with 1554905 total distinct states at (2026-09-05 14:47:29)
Finished checking temporal properties in 00s at 2026-09-05 14:47:29
Progress(8) at 2026-09-05 14:47:29: 33,921 states generated (2,923 s/min), 16,884 distinct states found (1,248 ds/min), 11,855 states left on queue.
Progress(8) at 2026-09-05 14:48:29: 36,634 states generated (2,713 s/min), 18,011 distinct states found (1,127 ds/min), 12,643 states left on queue.
Checking 160 branches of temporal properties for the current state space with 1732380 total distinct states at (2026-09-05 14:49:30)
Finished checking temporal properties in 00s at 2026-09-05 14:49:31
Progress(8) at 2026-09-05 14:49:31: 38,895 states generated (2,261 s/min), 18,744 distinct states found (733 ds/min), 13,073 states left on queue.
Progress(8) at 2026-09-05 14:50:31: 41,611 states generated (2,716 s/min), 20,117 distinct states found (1,373 ds/min), 13,955 states left on queue.
Checking 160 branches of temporal properties for the current state space with 1968375 total distinct states at (2026-09-05 14:51:31)
Finished checking temporal properties in 00s at 2026-09-05 14:51:32
Progress(8) at 2026-09-05 14:51:32: 44,425 states generated (2,814 s/min), 21,555 distinct states found (1,438 ds/min), 14,811 states left on queue.
Progress(8) at 2026-09-05 14:52:32: 47,085 states generated (2,660 s/min), 22,608 distinct states found (1,053 ds/min), 15,425 states left on queue.
Checking 160 branches of temporal properties for the current state space with 2179895 total distinct states at (2026-09-05 14:53:34)
Finished checking temporal properties in 00s at 2026-09-05 14:53:35
Progress(8) at 2026-09-05 14:53:35: 49,760 states generated (2,675 s/min), 23,617 distinct states found (1,009 ds/min), 15,926 states left on queue.
Progress(8) at 2026-09-05 14:54:35: 52,219 states generated (2,459 s/min), 24,508 distinct states found (891 ds/min), 16,369 states left on queue.
Checking 160 branches of temporal properties for the current state space with 2423370 total distinct states at (2026-09-05 14:55:35)
Finished checking temporal properties in 00s at 2026-09-05 14:55:36
Progress(8) at 2026-09-05 14:55:36: 54,713 states generated (2,494 s/min), 25,688 distinct states found (1,180 ds/min), 16,888 states left on queue.
Checkpointing of run /home/ubuntu/specula-vsr-runner-20260905/runs/vsr-rs-gpt6astra-ultra-20260905/vsr-rs/.specula-output/spec/output/tlc-tmp/tlc-states-5ZPfbr/26-09-05-14-36-00.050
Checkpointing completed at (2026-09-05 14:56:38)
Progress(8) at 2026-09-05 14:56:38: 58,201 states generated (3,488 s/min), 27,387 distinct states found (1,699 ds/min), 17,904 states left on queue.
Checking 160 branches of temporal properties for the current state space with 2736960 total distinct states at (2026-09-05 14:57:38)
Finished checking temporal properties in 00s at 2026-09-05 14:57:39
Progress(8) at 2026-09-05 14:57:39: 61,108 states generated (2,907 s/min), 28,670 distinct states found (1,283 ds/min), 18,738 states left on queue.
Progress(8) at 2026-09-05 14:58:39: 63,884 states generated (2,776 s/min), 29,754 distinct states found (1,084 ds/min), 19,298 states left on queue.
Progress(9) at 2026-09-05 14:59:39: 66,564 states generated (2,680 s/min), 31,301 distinct states found (1,547 ds/min), 20,479 states left on queue.
Checking 160 branches of temporal properties for the current state space with 3087905 total distinct states at (2026-09-05 15:00:41)
Finished checking temporal properties in 01s at 2026-09-05 15:00:42
Progress(9) at 2026-09-05 15:00:42: 68,987 states generated (2,423 s/min), 32,209 distinct states found (908 ds/min), 21,019 states left on queue.
Progress(9) at 2026-09-05 15:01:42: 72,845 states generated (3,858 s/min), 33,831 distinct states found (1,622 ds/min), 22,039 states left on queue.
Progress(9) at 2026-09-05 15:02:42: 76,524 states generated (3,679 s/min), 35,196 distinct states found (1,365 ds/min), 22,784 states left on queue.
Checking 160 branches of temporal properties for the current state space with 3542605 total distinct states at (2026-09-05 15:03:42)
Finished checking temporal properties in 01s at 2026-09-05 15:03:43
Progress(9) at 2026-09-05 15:03:43: 80,372 states generated (3,848 s/min), 36,689 distinct states found (1,493 ds/min), 23,709 states left on queue.
Progress(9) at 2026-09-05 15:04:43: 84,069 states generated (3,697 s/min), 38,167 distinct states found (1,478 ds/min), 24,722 states left on queue.
Progress(9) at 2026-09-05 15:05:43: 87,053 states generated (2,984 s/min), 39,756 distinct states found (1,589 ds/min), 25,771 states left on queue.
