Applied 101 source probes in 14 files at 53ba7ee567468ea7971dad4faccef13c6cb35dc2
Running competition
competition: pytest PASS
Running delayed_start
delayed_start: pytest PASS
Running admission_exception
admission_exception: pytest PASS
Running abort_completion
abort_completion: pytest PASS
abort_completion: 240 semantic events; 0 projection errors
admission_exception: 576 semantic events; 0 projection errors
competition: 303 semantic events; 0 projection errors
delayed_start: 241 semantic events; 2 projection errors
abort_completion.ndjson success 
admission_exception.ndjson trace_mismatch 570
competition.ndjson success 
delayed_start.ndjson trace_mismatch 59
90/119 event types covered; all traces conform: False
abort_completion: pytest=True, events=240, replay=success, projection_errors=0
admission_exception: pytest=True, events=576, replay=trace_mismatch, projection_errors=0
competition: pytest=True, events=303, replay=success, projection_errors=0
delayed_start: pytest=True, events=241, replay=trace_mismatch, projection_errors=2
    241 /home/ubuntu/nvflare-job-lifecycle-20260914/specula/runs/nvflare-job-lifecycle-20260914/nvflare-job-lifecycle/.specula-output/harness/../traces/abort_completion.ndjson
    577 /home/ubuntu/nvflare-job-lifecycle-20260914/specula/runs/nvflare-job-lifecycle-20260914/nvflare-job-lifecycle/.specula-output/harness/../traces/admission_exception.ndjson
    304 /home/ubuntu/nvflare-job-lifecycle-20260914/specula/runs/nvflare-job-lifecycle-20260914/nvflare-job-lifecycle/.specula-output/harness/../traces/competition.ndjson
    242 /home/ubuntu/nvflare-job-lifecycle-20260914/specula/runs/nvflare-job-lifecycle-20260914/nvflare-job-lifecycle/.specula-output/harness/../traces/delayed_start.ndjson
   1364 total
