[0;32m================================[0m
[0;32mTLC Model Checking Mode[0m
[0;32m================================[0m
Spec File:       MC.tla
Config File:     MC.cfg
Memory Limit:    32G
Off-heap Memory: 128G
Workers:         40
Timeout:         30 minutes
[0;34m--- Model Checking Settings ---[0m
Depth Limit:     0
Checkpoint:      10 minutes
Log File:        /home/ubuntu/nvflare-job-lifecycle-20260914/specula/runs/nvflare-job-lifecycle-20260914/nvflare-job-lifecycle/.specula-output/.tlc-tasks/jobs/7718fb73c3ef4aa6ac0366f4e4a1f48d/tlc.log
[0;32m================================[0m
[1;33mExecuting Command:[0m
java -XX:+UseParallelGC -Dtlc2.tool.fp.FPSet.impl=tlc2.tool.fp.OffHeapDiskFPSet -XX:MaxDirectMemorySize=128G -Xmx32G -Xms32G -cp /home/ubuntu/nvflare-job-lifecycle-20260914/specula/lib/CommunityModules-deps.jar:/home/ubuntu/nvflare-job-lifecycle-20260914/specula/lib/tla2tools.jar tlc2.TLC -config MC.cfg MC.tla -workers 40 -deadlock -checkpoint 10 -dumptrace json output/MC-r1-counterexample.json -metadir /home/ubuntu/nvflare-job-lifecycle-20260914/scratch/tlc/tlc-states-MZEhYy 

TLC resource budget (Specula run nvflare-job-lifecycle-20260914):
  memory source: user config (256G)
  external memory use: not included in this configured run bound
  memory limit: 256 GiB
  active TLC reserved before request: 0 bytes (this agent: 0 bytes)
  this request: 160 GiB (heap 32 GiB + off-heap 128 GiB)
  remaining before request: 256 GiB
  remaining after admission: 96 GiB
  worker limit: 80
  active TLC workers before request: 0 (this agent: 0)
  this request workers: 40 (40)
  remaining workers before request: 80
  remaining workers after admission: 40
  result: admitted
Picked up JAVA_TOOL_OPTIONS: -Djava.io.tmpdir=/home/ubuntu/nvflare-job-lifecycle-20260914/scratch/tmp
TLC2 Version 2.20 of Day Month 20?? (rev: ${git.shortRevision})
Running breadth-first search Model-Checking with fp 120 and seed -8721660361900320829 with 40 workers on 96 cores with 31403MB heap and 131072MB offheap memory [pid: 3696037] (Linux 6.8.0-1044-azure amd64, Ubuntu 21.0.11 x86_64, OffHeapDiskFPSet, DiskStateQueue).
Parsing file /home/ubuntu/nvflare-job-lifecycle-20260914/specula/runs/nvflare-job-lifecycle-20260914/nvflare-job-lifecycle/.specula-output/spec/MC.tla
Parsing file /home/ubuntu/nvflare-job-lifecycle-20260914/specula/runs/nvflare-job-lifecycle-20260914/nvflare-job-lifecycle/.specula-output/spec/base.tla
Parsing file /home/ubuntu/nvflare-job-lifecycle-20260914/scratch/tmp/tlc-15245456700868106700/_JsonTrace.tla (jar:file:/home/ubuntu/nvflare-job-lifecycle-20260914/specula/lib/tla2tools.jar!/tla2sany/StandardModules/_JsonTrace.tla)
Parsing file /home/ubuntu/nvflare-job-lifecycle-20260914/scratch/tmp/tlc-15245456700868106700/_TLCTrace.tla (jar:file:/home/ubuntu/nvflare-job-lifecycle-20260914/specula/lib/tla2tools.jar!/tla2sany/StandardModules/_TLCTrace.tla)
Parsing file /home/ubuntu/nvflare-job-lifecycle-20260914/scratch/tmp/tlc-15245456700868106700/Integers.tla (jar:file:/home/ubuntu/nvflare-job-lifecycle-20260914/specula/lib/tla2tools.jar!/tla2sany/StandardModules/Integers.tla)
Parsing file /home/ubuntu/nvflare-job-lifecycle-20260914/scratch/tmp/tlc-15245456700868106700/Sequences.tla (jar:file:/home/ubuntu/nvflare-job-lifecycle-20260914/specula/lib/tla2tools.jar!/tla2sany/StandardModules/Sequences.tla)
Parsing file /home/ubuntu/nvflare-job-lifecycle-20260914/scratch/tmp/tlc-15245456700868106700/FiniteSets.tla (jar:file:/home/ubuntu/nvflare-job-lifecycle-20260914/specula/lib/tla2tools.jar!/tla2sany/StandardModules/FiniteSets.tla)
Parsing file /home/ubuntu/nvflare-job-lifecycle-20260914/scratch/tmp/tlc-15245456700868106700/TLC.tla (jar:file:/home/ubuntu/nvflare-job-lifecycle-20260914/specula/lib/tla2tools.jar!/tla2sany/StandardModules/TLC.tla)
Parsing file /home/ubuntu/nvflare-job-lifecycle-20260914/scratch/tmp/tlc-15245456700868106700/Naturals.tla (jar:file:/home/ubuntu/nvflare-job-lifecycle-20260914/specula/lib/tla2tools.jar!/tla2sany/StandardModules/Naturals.tla)
Parsing file /home/ubuntu/nvflare-job-lifecycle-20260914/scratch/tmp/tlc-15245456700868106700/TLCExt.tla (jar:file:/home/ubuntu/nvflare-job-lifecycle-20260914/specula/lib/tla2tools.jar!/tla2sany/StandardModules/TLCExt.tla)
Parsing file /home/ubuntu/nvflare-job-lifecycle-20260914/scratch/tmp/tlc-15245456700868106700/Json.tla (jar:file:/home/ubuntu/nvflare-job-lifecycle-20260914/specula/lib/tla2tools.jar!/tla2sany/StandardModules/Json.tla)
Semantic processing of module Naturals
Semantic processing of module Integers
Semantic processing of module Sequences
Semantic processing of module FiniteSets
Semantic processing of module TLC
Semantic processing of module base
Semantic processing of module TLCExt
Semantic processing of module Json
Semantic processing of module _JsonTrace
Semantic processing of module _TLCTrace
Semantic processing of module MC
Linting of module base
Linting of module TLCExt
Linting of module Json
Linting of module _JsonTrace
Linting of module _TLCTrace
Linting of module MC
Starting... (2026-09-14 14:24:22)
Warning: The set \As\inRequiredSites:p[s]=s has been defined to be a symmetry set but contains less than two elements.
(Use the -nowarning option to disable this warning.)
Computing initial states...
Finished computing initial states: 1 distinct state generated at 2026-09-14 14:24:26.
Progress(16) at 2026-09-14 14:24:29: 61,535 states generated (61,535 s/min), 17,259 distinct states found (17,259 ds/min), 7,462 states left on queue.
Progress(22) at 2026-09-14 14:25:29: 2,749,127 states generated (2,687,592 s/min), 646,929 distinct states found (629,670 ds/min), 305,263 states left on queue.
Progress(23) at 2026-09-14 14:26:29: 5,599,669 states generated (2,850,542 s/min), 1,252,676 distinct states found (605,747 ds/min), 573,059 states left on queue.
Progress(23) at 2026-09-14 14:27:29: 8,512,510 states generated (2,912,841 s/min), 1,844,025 distinct states found (591,349 ds/min), 829,298 states left on queue.
Progress(24) at 2026-09-14 14:28:29: 11,374,355 states generated (2,861,845 s/min), 2,418,837 distinct states found (574,812 ds/min), 1,064,260 states left on queue.
Progress(24) at 2026-09-14 14:29:29: 14,330,820 states generated (2,956,465 s/min), 2,993,364 distinct states found (574,527 ds/min), 1,301,844 states left on queue.
Progress(25) at 2026-09-14 14:30:29: 17,206,458 states generated (2,875,638 s/min), 3,541,024 distinct states found (547,660 ds/min), 1,507,851 states left on queue.
Progress(25) at 2026-09-14 14:31:29: 20,084,095 states generated (2,877,637 s/min), 4,106,716 distinct states found (565,692 ds/min), 1,736,275 states left on queue.
Progress(25) at 2026-09-14 14:32:29: 23,054,086 states generated (2,969,991 s/min), 4,661,300 distinct states found (554,584 ds/min), 1,954,180 states left on queue.
Progress(25) at 2026-09-14 14:33:29: 25,984,650 states generated (2,930,564 s/min), 5,213,134 distinct states found (551,834 ds/min), 2,170,191 states left on queue.
Checkpointing of run /home/ubuntu/nvflare-job-lifecycle-20260914/scratch/tlc/tlc-states-MZEhYy/26-09-14-14-24-21.786
Checkpointing completed at (2026-09-14 14:34:29)
Progress(26) at 2026-09-14 14:34:29: 28,887,595 states generated (2,902,945 s/min), 5,754,385 distinct states found (541,251 ds/min), 2,369,087 states left on queue.
Progress(26) at 2026-09-14 14:35:29: 31,748,355 states generated (2,860,760 s/min), 6,293,599 distinct states found (539,214 ds/min), 2,568,431 states left on queue.
Progress(26) at 2026-09-14 14:36:29: 34,643,778 states generated (2,895,423 s/min), 6,847,830 distinct states found (554,231 ds/min), 2,787,396 states left on queue.
Progress(26) at 2026-09-14 14:37:29: 37,643,376 states generated (2,999,598 s/min), 7,388,812 distinct states found (540,982 ds/min), 2,992,184 states left on queue.
Progress(26) at 2026-09-14 14:38:29: 40,581,918 states generated (2,938,542 s/min), 7,928,892 distinct states found (540,080 ds/min), 3,193,939 states left on queue.
Progress(26) at 2026-09-14 14:39:29: 43,551,054 states generated (2,969,136 s/min), 8,479,733 distinct states found (550,841 ds/min), 3,406,728 states left on queue.
Progress(26) at 2026-09-14 14:40:29: 46,499,133 states generated (2,948,079 s/min), 9,004,841 distinct states found (525,108 ds/min), 3,592,634 states left on queue.
Progress(27) at 2026-09-14 14:41:29: 49,362,263 states generated (2,863,130 s/min), 9,529,192 distinct states found (524,351 ds/min), 3,779,436 states left on queue.
Progress(27) at 2026-09-14 14:42:29: 52,213,413 states generated (2,851,150 s/min), 10,055,453 distinct states found (526,261 ds/min), 3,968,398 states left on queue.
Progress(27) at 2026-09-14 14:43:29: 55,140,737 states generated (2,927,324 s/min), 10,597,439 distinct states found (541,986 ds/min), 4,174,694 states left on queue.
Checkpointing of run /home/ubuntu/nvflare-job-lifecycle-20260914/scratch/tlc/tlc-states-MZEhYy/26-09-14-14-24-21.786
Checkpointing completed at (2026-09-14 14:44:29)
Progress(27) at 2026-09-14 14:44:29: 58,081,340 states generated (2,940,603 s/min), 11,157,982 distinct states found (560,543 ds/min), 4,400,369 states left on queue.
Progress(27) at 2026-09-14 14:45:29: 61,111,567 states generated (3,030,227 s/min), 11,697,674 distinct states found (539,692 ds/min), 4,603,393 states left on queue.
Progress(27) at 2026-09-14 14:46:29: 64,130,914 states generated (3,019,347 s/min), 12,219,014 distinct states found (521,340 ds/min), 4,787,541 states left on queue.
Progress(27) at 2026-09-14 14:47:29: 67,132,195 states generated (3,001,281 s/min), 12,760,741 distinct states found (541,727 ds/min), 4,984,671 states left on queue.
Progress(27) at 2026-09-14 14:48:29: 70,171,578 states generated (3,039,383 s/min), 13,312,448 distinct states found (551,707 ds/min), 5,192,462 states left on queue.
Progress(27) at 2026-09-14 14:49:29: 73,197,642 states generated (3,026,064 s/min), 13,864,977 distinct states found (552,529 ds/min), 5,401,304 states left on queue.
Progress(27) at 2026-09-14 14:50:29: 76,234,683 states generated (3,037,041 s/min), 14,396,485 distinct states found (531,508 ds/min), 5,585,282 states left on queue.
Progress(27) at 2026-09-14 14:51:29: 79,274,373 states generated (3,039,690 s/min), 14,939,061 distinct states found (542,576 ds/min), 5,782,368 states left on queue.
Progress(27) at 2026-09-14 14:52:29: 82,256,842 states generated (2,982,469 s/min), 15,471,152 distinct states found (532,091 ds/min), 5,965,647 states left on queue.
Progress(28) at 2026-09-14 14:53:29: 85,219,049 states generated (2,962,207 s/min), 16,008,119 distinct states found (536,967 ds/min), 6,158,119 states left on queue.

[0;32m================================[0m
[1;33m⚠ Timed out[0m
[0;32m================================[0m
