[0;32m================================[0m
[0;32mTLC Simulation Mode[0m
[0;32m================================[0m
Spec File:       MC.tla
Config File:     MC_hunt_s1_optional_symmetry.cfg
Memory Limit:    12G
Off-heap Memory: 4G
Workers:         16
Timeout:         30 minutes
[0;34m--- Simulation Settings ---[0m
Trace Count:     999999999
Trace File:      (not saved)
Sim Depth:       100
Log File:        /home/ubuntu/nvflare-job-lifecycle-20260914/specula/runs/nvflare-job-lifecycle-20260914/nvflare-job-lifecycle/.specula-output/.tlc-tasks/jobs/9ab194bc1af74676948cb12da327aecd/tlc.log
[0;32m================================[0m
[1;33mExecuting Command:[0m
java -XX:+UseParallelGC -Dtlc2.tool.fp.FPSet.impl=tlc2.tool.fp.OffHeapDiskFPSet -XX:MaxDirectMemorySize=4G -Xmx12G -Xms12G -cp /home/ubuntu/nvflare-job-lifecycle-20260914/specula/lib/CommunityModules-deps.jar:/home/ubuntu/nvflare-job-lifecycle-20260914/specula/lib/tla2tools.jar tlc2.TLC -config MC_hunt_s1_optional_symmetry.cfg MC.tla -workers 16 -deadlock -simulate num=999999999 -depth 100 -dumptrace json /home/ubuntu/nvflare-job-lifecycle-20260914/specula/runs/nvflare-job-lifecycle-20260914/nvflare-job-lifecycle/.specula-output/spec/output/MC_hunt_s1_optional_symmetry-sim.json -metadir /home/ubuntu/nvflare-job-lifecycle-20260914/scratch/tlc/tlc-states-qEFDlg 

TLC resource budget (Specula run nvflare-job-lifecycle-20260914):
  memory source: user config (256G)
  external memory use: not included in this configured run bound
  memory limit: 256 GiB
  active TLC reserved before request: 96 GiB (this agent: 96 GiB)
  this request: 16 GiB (heap 12 GiB + off-heap 4 GiB)
  remaining before request: 160 GiB
  remaining after admission: 144 GiB
  worker limit: 80
  active TLC workers before request: 48 (this agent: 48)
  this request workers: 16 (16)
  remaining workers before request: 32
  remaining workers after admission: 16
  result: admitted
Picked up JAVA_TOOL_OPTIONS: -Djava.io.tmpdir=/home/ubuntu/nvflare-job-lifecycle-20260914/scratch/tmp
TLC2 Version 2.20 of Day Month 20?? (rev: ${git.shortRevision})
Running Random Simulation with seed -7600310053407831509 with 16 workers on 96 cores with 11776MB heap and 4096MB offheap memory [pid: 942] (Linux 6.8.0-1044-azure amd64, Ubuntu 21.0.11 x86_64).
Parsing file /home/ubuntu/nvflare-job-lifecycle-20260914/specula/runs/nvflare-job-lifecycle-20260914/nvflare-job-lifecycle/.specula-output/spec/output/inputs-MC_hunt_s1_optional_symmetry-sim/MC.tla
Parsing file /home/ubuntu/nvflare-job-lifecycle-20260914/specula/runs/nvflare-job-lifecycle-20260914/nvflare-job-lifecycle/.specula-output/spec/output/inputs-MC_hunt_s1_optional_symmetry-sim/base.tla
Parsing file /home/ubuntu/nvflare-job-lifecycle-20260914/scratch/tmp/tlc-867514012138730935/_JsonTrace.tla (jar:file:/home/ubuntu/nvflare-job-lifecycle-20260914/specula/lib/tla2tools.jar!/tla2sany/StandardModules/_JsonTrace.tla)
Parsing file /home/ubuntu/nvflare-job-lifecycle-20260914/scratch/tmp/tlc-867514012138730935/_TLCTrace.tla (jar:file:/home/ubuntu/nvflare-job-lifecycle-20260914/specula/lib/tla2tools.jar!/tla2sany/StandardModules/_TLCTrace.tla)
Parsing file /home/ubuntu/nvflare-job-lifecycle-20260914/scratch/tmp/tlc-867514012138730935/Integers.tla (jar:file:/home/ubuntu/nvflare-job-lifecycle-20260914/specula/lib/tla2tools.jar!/tla2sany/StandardModules/Integers.tla)
Parsing file /home/ubuntu/nvflare-job-lifecycle-20260914/scratch/tmp/tlc-867514012138730935/Sequences.tla (jar:file:/home/ubuntu/nvflare-job-lifecycle-20260914/specula/lib/tla2tools.jar!/tla2sany/StandardModules/Sequences.tla)
Parsing file /home/ubuntu/nvflare-job-lifecycle-20260914/scratch/tmp/tlc-867514012138730935/FiniteSets.tla (jar:file:/home/ubuntu/nvflare-job-lifecycle-20260914/specula/lib/tla2tools.jar!/tla2sany/StandardModules/FiniteSets.tla)
Parsing file /home/ubuntu/nvflare-job-lifecycle-20260914/scratch/tmp/tlc-867514012138730935/TLC.tla (jar:file:/home/ubuntu/nvflare-job-lifecycle-20260914/specula/lib/tla2tools.jar!/tla2sany/StandardModules/TLC.tla)
Parsing file /home/ubuntu/nvflare-job-lifecycle-20260914/scratch/tmp/tlc-867514012138730935/Naturals.tla (jar:file:/home/ubuntu/nvflare-job-lifecycle-20260914/specula/lib/tla2tools.jar!/tla2sany/StandardModules/Naturals.tla)
Parsing file /home/ubuntu/nvflare-job-lifecycle-20260914/scratch/tmp/tlc-867514012138730935/TLCExt.tla (jar:file:/home/ubuntu/nvflare-job-lifecycle-20260914/specula/lib/tla2tools.jar!/tla2sany/StandardModules/TLCExt.tla)
Parsing file /home/ubuntu/nvflare-job-lifecycle-20260914/scratch/tmp/tlc-867514012138730935/Json.tla (jar:file:/home/ubuntu/nvflare-job-lifecycle-20260914/specula/lib/tla2tools.jar!/tla2sany/StandardModules/Json.tla)
Semantic processing of module Naturals
Semantic processing of module Integers
Semantic processing of module Sequences
Semantic processing of module FiniteSets
Semantic processing of module TLC
Semantic processing of module base
Semantic processing of module TLCExt
Semantic processing of module Json
Semantic processing of module _JsonTrace
Semantic processing of module _TLCTrace
Semantic processing of module MC
Linting of module base
Linting of module TLCExt
Linting of module Json
Linting of module _JsonTrace
Linting of module _TLCTrace
Linting of module MC
Starting... (2026-09-14 15:30:07)
Computed 1 initial states...
Finished computing initial states: 1 distinct state generated at 2026-09-14 15:30:07.
Progress: 190291 states checked, 433 traces generated (trace length: mean=58, var(x)=1837, sd=43)
Progress: 392875 states checked, 886 traces generated (trace length: mean=58, var(x)=1800, sd=42)
Progress: 595934 states checked, 1340 traces generated (trace length: mean=58, var(x)=1788, sd=42)
Progress: 797440 states checked, 1789 traces generated (trace length: mean=58, var(x)=1782, sd=42)
Progress: 997959 states checked, 2236 traces generated (trace length: mean=58, var(x)=1778, sd=42)
Progress: 1203359 states checked, 2696 traces generated (trace length: mean=58, var(x)=1776, sd=42)
Progress: 1427469 states checked, 3196 traces generated (trace length: mean=58, var(x)=1774, sd=42)
Progress: 1681671 states checked, 3763 traces generated (trace length: mean=58, var(x)=1772, sd=42)
Progress: 1936183 states checked, 4333 traces generated (trace length: mean=58, var(x)=1771, sd=42)
Progress: 2191724 states checked, 4902 traces generated (trace length: mean=58, var(x)=1770, sd=42)
Progress: 2444789 states checked, 5469 traces generated (trace length: mean=58, var(x)=1770, sd=42)
Progress: 2699309 states checked, 6036 traces generated (trace length: mean=58, var(x)=1769, sd=42)
Progress: 2926648 states checked, 6545 traces generated (trace length: mean=58, var(x)=1769, sd=42)
Progress: 3093391 states checked, 6920 traces generated (trace length: mean=58, var(x)=1769, sd=42)
Progress: 3259546 states checked, 7288 traces generated (trace length: mean=58, var(x)=1768, sd=42)
Progress: 3421777 states checked, 7651 traces generated (trace length: mean=58, var(x)=1768, sd=42)
Progress: 3584724 states checked, 8017 traces generated (trace length: mean=58, var(x)=1768, sd=42)
Progress: 3751114 states checked, 8390 traces generated (trace length: mean=58, var(x)=1768, sd=42)
Progress: 3918610 states checked, 8762 traces generated (trace length: mean=58, var(x)=1768, sd=42)
Progress: 4084894 states checked, 9135 traces generated (trace length: mean=58, var(x)=1767, sd=42)
Progress: 4251646 states checked, 9510 traces generated (trace length: mean=58, var(x)=1767, sd=42)
Progress: 4420468 states checked, 9890 traces generated (trace length: mean=58, var(x)=1767, sd=42)
Progress: 4585452 states checked, 10257 traces generated (trace length: mean=58, var(x)=1767, sd=42)
Progress: 4751981 states checked, 10625 traces generated (trace length: mean=58, var(x)=1767, sd=42)
Progress: 4920650 states checked, 11004 traces generated (trace length: mean=58, var(x)=1767, sd=42)
Progress: 5086697 states checked, 11376 traces generated (trace length: mean=58, var(x)=1767, sd=42)
Progress: 5255373 states checked, 11753 traces generated (trace length: mean=58, var(x)=1767, sd=42)
Progress: 5422554 states checked, 12126 traces generated (trace length: mean=58, var(x)=1767, sd=42)
Progress: 5594280 states checked, 12508 traces generated (trace length: mean=58, var(x)=1767, sd=42)

[0;32m================================[0m
[1;33m⚠ Timed out[0m
[0;32m================================[0m
