[0;32m================================[0m
[0;32mTLC Model Checking Mode[0m
[0;32m================================[0m
Spec File:       MC.tla
Config File:     MC_hunt_s4_exit_cleanup.cfg
Memory Limit:    8G
Off-heap Memory: 24G
Workers:         16
Timeout:         30 minutes
[0;34m--- Model Checking Settings ---[0m
Depth Limit:     0
Checkpoint:      10 minutes
Log File:        /home/ubuntu/nvflare-job-lifecycle-20260914/specula/runs/nvflare-job-lifecycle-20260914/nvflare-job-lifecycle/.specula-output/.tlc-tasks/jobs/ed54f3398b974478a6fe6cf680583e3b/tlc.log
[0;32m================================[0m
[1;33mExecuting Command:[0m
java -XX:+UseParallelGC -Dtlc2.tool.fp.FPSet.impl=tlc2.tool.fp.OffHeapDiskFPSet -XX:MaxDirectMemorySize=24G -Xmx8G -Xms8G -cp /home/ubuntu/nvflare-job-lifecycle-20260914/specula/lib/CommunityModules-deps.jar:/home/ubuntu/nvflare-job-lifecycle-20260914/specula/lib/tla2tools.jar tlc2.TLC -config MC_hunt_s4_exit_cleanup.cfg MC.tla -workers 16 -deadlock -checkpoint 10 -dumptrace json /home/ubuntu/nvflare-job-lifecycle-20260914/specula/runs/nvflare-job-lifecycle-20260914/nvflare-job-lifecycle/.specula-output/spec/output/MC_hunt_s4_exit_cleanup-bfs.json -metadir /home/ubuntu/nvflare-job-lifecycle-20260914/scratch/tlc/tlc-states-Y85RLW 

TLC resource budget (Specula run nvflare-job-lifecycle-20260914):
  memory source: user config (256G)
  external memory use: not included in this configured run bound
  memory limit: 256 GiB
  active TLC reserved before request: 192 GiB (this agent: 192 GiB)
  this request: 32 GiB (heap 8 GiB + off-heap 24 GiB)
  remaining before request: 64 GiB
  remaining after admission: 32 GiB
  worker limit: 80
  active TLC workers before request: 64 (this agent: 64)
  this request workers: 16 (16)
  remaining workers before request: 16
  remaining workers after admission: 0
  result: admitted
Picked up JAVA_TOOL_OPTIONS: -Djava.io.tmpdir=/home/ubuntu/nvflare-job-lifecycle-20260914/scratch/tmp
TLC2 Version 2.20 of Day Month 20?? (rev: ${git.shortRevision})
Running breadth-first search Model-Checking with fp 53 and seed 4044063059466875459 with 16 workers on 96 cores with 7851MB heap and 24576MB offheap memory [pid: 3921270] (Linux 6.8.0-1044-azure amd64, Ubuntu 21.0.11 x86_64, OffHeapDiskFPSet, DiskStateQueue).
Parsing file /home/ubuntu/nvflare-job-lifecycle-20260914/specula/runs/nvflare-job-lifecycle-20260914/nvflare-job-lifecycle/.specula-output/spec/output/inputs-MC_hunt_s4_exit_cleanup-bfs/MC.tla
Parsing file /home/ubuntu/nvflare-job-lifecycle-20260914/specula/runs/nvflare-job-lifecycle-20260914/nvflare-job-lifecycle/.specula-output/spec/output/inputs-MC_hunt_s4_exit_cleanup-bfs/base.tla
Parsing file /home/ubuntu/nvflare-job-lifecycle-20260914/scratch/tmp/tlc-3925749252323931755/_JsonTrace.tla (jar:file:/home/ubuntu/nvflare-job-lifecycle-20260914/specula/lib/tla2tools.jar!/tla2sany/StandardModules/_JsonTrace.tla)
Parsing file /home/ubuntu/nvflare-job-lifecycle-20260914/scratch/tmp/tlc-3925749252323931755/_TLCTrace.tla (jar:file:/home/ubuntu/nvflare-job-lifecycle-20260914/specula/lib/tla2tools.jar!/tla2sany/StandardModules/_TLCTrace.tla)
Parsing file /home/ubuntu/nvflare-job-lifecycle-20260914/scratch/tmp/tlc-3925749252323931755/Integers.tla (jar:file:/home/ubuntu/nvflare-job-lifecycle-20260914/specula/lib/tla2tools.jar!/tla2sany/StandardModules/Integers.tla)
Parsing file /home/ubuntu/nvflare-job-lifecycle-20260914/scratch/tmp/tlc-3925749252323931755/Sequences.tla (jar:file:/home/ubuntu/nvflare-job-lifecycle-20260914/specula/lib/tla2tools.jar!/tla2sany/StandardModules/Sequences.tla)
Parsing file /home/ubuntu/nvflare-job-lifecycle-20260914/scratch/tmp/tlc-3925749252323931755/FiniteSets.tla (jar:file:/home/ubuntu/nvflare-job-lifecycle-20260914/specula/lib/tla2tools.jar!/tla2sany/StandardModules/FiniteSets.tla)
Parsing file /home/ubuntu/nvflare-job-lifecycle-20260914/scratch/tmp/tlc-3925749252323931755/TLC.tla (jar:file:/home/ubuntu/nvflare-job-lifecycle-20260914/specula/lib/tla2tools.jar!/tla2sany/StandardModules/TLC.tla)
Parsing file /home/ubuntu/nvflare-job-lifecycle-20260914/scratch/tmp/tlc-3925749252323931755/Naturals.tla (jar:file:/home/ubuntu/nvflare-job-lifecycle-20260914/specula/lib/tla2tools.jar!/tla2sany/StandardModules/Naturals.tla)
Parsing file /home/ubuntu/nvflare-job-lifecycle-20260914/scratch/tmp/tlc-3925749252323931755/TLCExt.tla (jar:file:/home/ubuntu/nvflare-job-lifecycle-20260914/specula/lib/tla2tools.jar!/tla2sany/StandardModules/TLCExt.tla)
Parsing file /home/ubuntu/nvflare-job-lifecycle-20260914/scratch/tmp/tlc-3925749252323931755/Json.tla (jar:file:/home/ubuntu/nvflare-job-lifecycle-20260914/specula/lib/tla2tools.jar!/tla2sany/StandardModules/Json.tla)
Semantic processing of module Naturals
Semantic processing of module Integers
Semantic processing of module Sequences
Semantic processing of module FiniteSets
Semantic processing of module TLC
Semantic processing of module base
Semantic processing of module TLCExt
Semantic processing of module Json
Semantic processing of module _JsonTrace
Semantic processing of module _TLCTrace
Semantic processing of module MC
Linting of module base
Linting of module TLCExt
Linting of module Json
Linting of module _JsonTrace
Linting of module _TLCTrace
Linting of module MC
Starting... (2026-09-14 15:06:40)
Warning: The set \As\inRequiredSites:p[s]=s has been defined to be a symmetry set but contains less than two elements.
(Use the -nowarning option to disable this warning.)
Computing initial states...
Finished computing initial states: 1 distinct state generated at 2026-09-14 15:06:44.
Progress(13) at 2026-09-14 15:06:47: 6,910 states generated (6,910 s/min), 2,411 distinct states found (2,411 ds/min), 1,319 states left on queue.
Progress(21) at 2026-09-14 15:07:47: 615,431 states generated (608,521 s/min), 146,214 distinct states found (143,803 ds/min), 53,100 states left on queue.
Progress(22) at 2026-09-14 15:08:47: 1,276,870 states generated (661,439 s/min), 291,313 distinct states found (145,099 ds/min), 110,568 states left on queue.
Progress(23) at 2026-09-14 15:09:47: 1,982,784 states generated (705,914 s/min), 439,772 distinct states found (148,459 ds/min), 167,859 states left on queue.
Progress(24) at 2026-09-14 15:10:47: 2,684,764 states generated (701,980 s/min), 584,424 distinct states found (144,652 ds/min), 222,604 states left on queue.
Progress(24) at 2026-09-14 15:11:47: 3,431,200 states generated (746,436 s/min), 728,969 distinct states found (144,545 ds/min), 278,247 states left on queue.
Progress(25) at 2026-09-14 15:12:47: 4,129,338 states generated (698,138 s/min), 870,696 distinct states found (141,727 ds/min), 330,461 states left on queue.
Progress(25) at 2026-09-14 15:13:47: 4,869,018 states generated (739,680 s/min), 1,009,685 distinct states found (138,989 ds/min), 380,493 states left on queue.
Progress(25) at 2026-09-14 15:14:47: 5,634,006 states generated (764,988 s/min), 1,152,525 distinct states found (142,840 ds/min), 434,601 states left on queue.
Progress(26) at 2026-09-14 15:15:47: 6,392,097 states generated (758,091 s/min), 1,292,050 distinct states found (139,525 ds/min), 485,799 states left on queue.
Checkpointing of run /home/ubuntu/nvflare-job-lifecycle-20260914/scratch/tlc/tlc-states-Y85RLW/26-09-14-15-06-39.853
Checkpointing completed at (2026-09-14 15:16:47)
Progress(26) at 2026-09-14 15:16:47: 7,091,044 states generated (698,947 s/min), 1,431,225 distinct states found (139,175 ds/min), 532,811 states left on queue.
Progress(26) at 2026-09-14 15:17:47: 7,850,200 states generated (759,156 s/min), 1,565,757 distinct states found (134,532 ds/min), 579,610 states left on queue.
Progress(26) at 2026-09-14 15:18:47: 8,585,491 states generated (735,291 s/min), 1,701,656 distinct states found (135,899 ds/min), 628,391 states left on queue.
Progress(26) at 2026-09-14 15:19:47: 9,352,042 states generated (766,551 s/min), 1,835,367 distinct states found (133,711 ds/min), 673,864 states left on queue.
Progress(26) at 2026-09-14 15:20:47: 10,105,711 states generated (753,669 s/min), 1,971,212 distinct states found (135,845 ds/min), 721,952 states left on queue.
Progress(27) at 2026-09-14 15:21:47: 10,813,991 states generated (708,280 s/min), 2,106,034 distinct states found (134,822 ds/min), 766,619 states left on queue.
Progress(27) at 2026-09-14 15:22:47: 11,535,320 states generated (721,329 s/min), 2,240,677 distinct states found (134,643 ds/min), 812,113 states left on queue.
Progress(27) at 2026-09-14 15:23:47: 12,305,224 states generated (769,904 s/min), 2,374,993 distinct states found (134,316 ds/min), 857,464 states left on queue.
Progress(27) at 2026-09-14 15:24:47: 13,058,340 states generated (753,116 s/min), 2,505,791 distinct states found (130,798 ds/min), 898,506 states left on queue.
Progress(27) at 2026-09-14 15:25:47: 13,836,255 states generated (777,915 s/min), 2,641,789 distinct states found (135,998 ds/min), 945,187 states left on queue.
Checkpointing of run /home/ubuntu/nvflare-job-lifecycle-20260914/scratch/tlc/tlc-states-Y85RLW/26-09-14-15-06-39.853
Checkpointing completed at (2026-09-14 15:26:47)
Progress(27) at 2026-09-14 15:26:47: 14,865,410 states generated (1,029,155 s/min), 2,815,771 distinct states found (173,982 ds/min), 1,002,166 states left on queue.
Progress(27) at 2026-09-14 15:27:47: 16,070,684 states generated (1,205,274 s/min), 3,020,722 distinct states found (204,951 ds/min), 1,071,294 states left on queue.
Progress(28) at 2026-09-14 15:28:47: 17,267,626 states generated (1,196,942 s/min), 3,243,519 distinct states found (222,797 ds/min), 1,141,588 states left on queue.
Progress(28) at 2026-09-14 15:29:47: 18,678,708 states generated (1,411,082 s/min), 3,497,458 distinct states found (253,939 ds/min), 1,226,218 states left on queue.
Progress(28) at 2026-09-14 15:30:47: 19,741,367 states generated (1,062,659 s/min), 3,676,398 distinct states found (178,940 ds/min), 1,282,416 states left on queue.
Progress(28) at 2026-09-14 15:31:47: 20,595,273 states generated (853,906 s/min), 3,818,741 distinct states found (142,343 ds/min), 1,322,940 states left on queue.
Progress(28) at 2026-09-14 15:32:47: 21,513,249 states generated (917,976 s/min), 3,973,549 distinct states found (154,808 ds/min), 1,373,023 states left on queue.
Progress(28) at 2026-09-14 15:33:47: 22,413,128 states generated (899,879 s/min), 4,125,622 distinct states found (152,073 ds/min), 1,421,308 states left on queue.
Progress(28) at 2026-09-14 15:34:47: 23,339,219 states generated (926,091 s/min), 4,277,925 distinct states found (152,303 ds/min), 1,469,565 states left on queue.
Progress(28) at 2026-09-14 15:35:47: 24,252,184 states generated (912,965 s/min), 4,428,812 distinct states found (150,887 ds/min), 1,515,121 states left on queue.

[0;32m================================[0m
[1;33m⚠ Timed out[0m
[0;32m================================[0m
