Picked up JAVA_TOOL_OPTIONS: -Djava.io.tmpdir=/home/ubuntu/nvflare-job-lifecycle-20260914/scratch/tmp
TLC2 Version 2.20 of Day Month 20?? (rev: ${git.shortRevision})
Running breadth-first search Model-Checking with fp 120 and seed 3617023304273126409 with 16 workers on 96 cores with 11776MB heap and 36864MB offheap memory [pid: 3852421] (Linux 6.8.0-1044-azure amd64, Ubuntu 21.0.11 x86_64, OffHeapDiskFPSet, DiskStateQueue).
Parsing file /home/ubuntu/nvflare-job-lifecycle-20260914/specula/runs/nvflare-job-lifecycle-20260914/nvflare-job-lifecycle/.specula-output/spec/output/inputs-MC_hunt_s5_scheduling_progress-bfs/MC.tla
Parsing file /home/ubuntu/nvflare-job-lifecycle-20260914/specula/runs/nvflare-job-lifecycle-20260914/nvflare-job-lifecycle/.specula-output/spec/output/inputs-MC_hunt_s5_scheduling_progress-bfs/base.tla
Parsing file /home/ubuntu/nvflare-job-lifecycle-20260914/scratch/tmp/tlc-3741783828592962110/_JsonTrace.tla (jar:file:/home/ubuntu/nvflare-job-lifecycle-20260914/specula/lib/tla2tools.jar!/tla2sany/StandardModules/_JsonTrace.tla)
Parsing file /home/ubuntu/nvflare-job-lifecycle-20260914/scratch/tmp/tlc-3741783828592962110/_TLCTrace.tla (jar:file:/home/ubuntu/nvflare-job-lifecycle-20260914/specula/lib/tla2tools.jar!/tla2sany/StandardModules/_TLCTrace.tla)
Parsing file /home/ubuntu/nvflare-job-lifecycle-20260914/scratch/tmp/tlc-3741783828592962110/Integers.tla (jar:file:/home/ubuntu/nvflare-job-lifecycle-20260914/specula/lib/tla2tools.jar!/tla2sany/StandardModules/Integers.tla)
Parsing file /home/ubuntu/nvflare-job-lifecycle-20260914/scratch/tmp/tlc-3741783828592962110/Sequences.tla (jar:file:/home/ubuntu/nvflare-job-lifecycle-20260914/specula/lib/tla2tools.jar!/tla2sany/StandardModules/Sequences.tla)
Parsing file /home/ubuntu/nvflare-job-lifecycle-20260914/scratch/tmp/tlc-3741783828592962110/FiniteSets.tla (jar:file:/home/ubuntu/nvflare-job-lifecycle-20260914/specula/lib/tla2tools.jar!/tla2sany/StandardModules/FiniteSets.tla)
Parsing file /home/ubuntu/nvflare-job-lifecycle-20260914/scratch/tmp/tlc-3741783828592962110/TLC.tla (jar:file:/home/ubuntu/nvflare-job-lifecycle-20260914/specula/lib/tla2tools.jar!/tla2sany/StandardModules/TLC.tla)
Parsing file /home/ubuntu/nvflare-job-lifecycle-20260914/scratch/tmp/tlc-3741783828592962110/Naturals.tla (jar:file:/home/ubuntu/nvflare-job-lifecycle-20260914/specula/lib/tla2tools.jar!/tla2sany/StandardModules/Naturals.tla)
Parsing file /home/ubuntu/nvflare-job-lifecycle-20260914/scratch/tmp/tlc-3741783828592962110/TLCExt.tla (jar:file:/home/ubuntu/nvflare-job-lifecycle-20260914/specula/lib/tla2tools.jar!/tla2sany/StandardModules/TLCExt.tla)
Parsing file /home/ubuntu/nvflare-job-lifecycle-20260914/scratch/tmp/tlc-3741783828592962110/Json.tla (jar:file:/home/ubuntu/nvflare-job-lifecycle-20260914/specula/lib/tla2tools.jar!/tla2sany/StandardModules/Json.tla)
Semantic processing of module Naturals
Semantic processing of module Integers
Semantic processing of module Sequences
Semantic processing of module FiniteSets
Semantic processing of module TLC
Semantic processing of module base
Semantic processing of module TLCExt
Semantic processing of module Json
Semantic processing of module _JsonTrace
Semantic processing of module _TLCTrace
Semantic processing of module MC
Linting of module base
Linting of module TLCExt
Linting of module Json
Linting of module _JsonTrace
Linting of module _TLCTrace
Linting of module MC
Starting... (2026-09-14 15:00:22)
Implied-temporal checking--satisfiability problem has 110 branches.
Computing initial states...
Finished computing initial states: 1 distinct state generated at 2026-09-14 15:00:24.
Checking 110 branches of temporal properties for the current state space with 5170 total distinct states at (2026-09-14 15:00:41)
Finished checking temporal properties in 00s at 2026-09-14 15:00:41
Progress(9) at 2026-09-14 15:00:41: 62 states generated (62 s/min), 47 distinct states found (47 ds/min), 24 states left on queue.
Checking 110 branches of temporal properties for the current state space with 50490 total distinct states at (2026-09-14 15:01:43)
Finished checking temporal properties in 00s at 2026-09-14 15:01:43
Progress(14) at 2026-09-14 15:01:43: 1,183 states generated (1,121 s/min), 474 distinct states found (427 ds/min), 151 states left on queue.
Checking 110 branches of temporal properties for the current state space with 94820 total distinct states at (2026-09-14 15:02:47)
Finished checking temporal properties in 00s at 2026-09-14 15:02:47
Progress(15) at 2026-09-14 15:02:47: 2,267 states generated (1,084 s/min), 867 distinct states found (393 ds/min), 268 states left on queue.
Checking 110 branches of temporal properties for the current state space with 141130 total distinct states at (2026-09-14 15:03:51)
Finished checking temporal properties in 00s at 2026-09-14 15:03:51
Progress(16) at 2026-09-14 15:03:51: 3,390 states generated (1,123 s/min), 1,283 distinct states found (416 ds/min), 423 states left on queue.
Checking 110 branches of temporal properties for the current state space with 187440 total distinct states at (2026-09-14 15:04:55)
Finished checking temporal properties in 00s at 2026-09-14 15:04:55
Progress(17) at 2026-09-14 15:04:55: 4,560 states generated (1,170 s/min), 1,704 distinct states found (421 ds/min), 605 states left on queue.
Checking 110 branches of temporal properties for the current state space with 236610 total distinct states at (2026-09-14 15:05:58)
Finished checking temporal properties in 00s at 2026-09-14 15:05:58
Progress(17) at 2026-09-14 15:05:58: 5,802 states generated (1,242 s/min), 2,160 distinct states found (456 ds/min), 783 states left on queue.
Checking 110 branches of temporal properties for the current state space with 276100 total distinct states at (2026-09-14 15:07:03)
Finished checking temporal properties in 00s at 2026-09-14 15:07:03
Progress(17) at 2026-09-14 15:07:03: 7,011 states generated (1,209 s/min), 2,513 distinct states found (353 ds/min), 934 states left on queue.
Checking 110 branches of temporal properties for the current state space with 312290 total distinct states at (2026-09-14 15:08:06)
Finished checking temporal properties in 00s at 2026-09-14 15:08:07
Progress(18) at 2026-09-14 15:08:07: 7,966 states generated (955 s/min), 2,843 distinct states found (330 ds/min), 1,031 states left on queue.
Checking 110 branches of temporal properties for the current state space with 354860 total distinct states at (2026-09-14 15:09:12)
Finished checking temporal properties in 00s at 2026-09-14 15:09:12
Progress(18) at 2026-09-14 15:09:12: 9,034 states generated (1,068 s/min), 3,237 distinct states found (394 ds/min), 1,203 states left on queue.
Checking 110 branches of temporal properties for the current state space with 392810 total distinct states at (2026-09-14 15:10:16)
Finished checking temporal properties in 00s at 2026-09-14 15:10:16
Progress(18) at 2026-09-14 15:10:16: 10,152 states generated (1,118 s/min), 3,571 distinct states found (334 ds/min), 1,355 states left on queue.
Checkpointing of run /home/ubuntu/nvflare-job-lifecycle-20260914/scratch/tlc/tlc-states-qHOlaz/26-09-14-15-00-22.438
Checkpointing completed at (2026-09-14 15:11:22)
Progress(18) at 2026-09-14 15:11:22: 11,341 states generated (1,189 s/min), 3,908 distinct states found (337 ds/min), 1,494 states left on queue.
Checking 110 branches of temporal properties for the current state space with 458920 total distinct states at (2026-09-14 15:12:26)
Finished checking temporal properties in 00s at 2026-09-14 15:12:26
Progress(19) at 2026-09-14 15:12:26: 12,283 states generated (942 s/min), 4,172 distinct states found (264 ds/min), 1,573 states left on queue.
Progress(19) at 2026-09-14 15:13:26: 13,258 states generated (975 s/min), 4,490 distinct states found (318 ds/min), 1,676 states left on queue.
Checking 110 branches of temporal properties for the current state space with 531740 total distinct states at (2026-09-14 15:14:31)
Finished checking temporal properties in 00s at 2026-09-14 15:14:32
Progress(19) at 2026-09-14 15:14:32: 14,272 states generated (1,014 s/min), 4,838 distinct states found (348 ds/min), 1,807 states left on queue.
Progress(19) at 2026-09-14 15:15:32: 15,407 states generated (1,135 s/min), 5,219 distinct states found (381 ds/min), 1,988 states left on queue.
Checking 110 branches of temporal properties for the current state space with 606100 total distinct states at (2026-09-14 15:16:37)
Finished checking temporal properties in 00s at 2026-09-14 15:16:38
Progress(19) at 2026-09-14 15:16:38: 16,522 states generated (1,115 s/min), 5,510 distinct states found (291 ds/min), 2,098 states left on queue.
Progress(19) at 2026-09-14 15:17:38: 17,702 states generated (1,180 s/min), 5,834 distinct states found (324 ds/min), 2,223 states left on queue.
Checking 110 branches of temporal properties for the current state space with 674960 total distinct states at (2026-09-14 15:18:42)
Finished checking temporal properties in 00s at 2026-09-14 15:18:43
Progress(19) at 2026-09-14 15:18:43: 18,813 states generated (1,111 s/min), 6,140 distinct states found (306 ds/min), 2,327 states left on queue.
Progress(19) at 2026-09-14 15:19:43: 19,898 states generated (1,085 s/min), 6,396 distinct states found (256 ds/min), 2,424 states left on queue.
Progress(20) at 2026-09-14 15:20:43: 20,878 states generated (980 s/min), 6,677 distinct states found (281 ds/min), 2,511 states left on queue.
Checking 110 branches of temporal properties for the current state space with 768460 total distinct states at (2026-09-14 15:21:47)
Finished checking temporal properties in 00s at 2026-09-14 15:21:48
Checkpointing of run /home/ubuntu/nvflare-job-lifecycle-20260914/scratch/tlc/tlc-states-qHOlaz/26-09-14-15-00-22.438
Checkpointing completed at (2026-09-14 15:21:48)
Progress(20) at 2026-09-14 15:21:48: 21,923 states generated (1,045 s/min), 7,013 distinct states found (336 ds/min), 2,615 states left on queue.
Progress(20) at 2026-09-14 15:22:48: 22,925 states generated (1,002 s/min), 7,305 distinct states found (292 ds/min), 2,720 states left on queue.
Progress(20) at 2026-09-14 15:23:48: 23,934 states generated (1,009 s/min), 7,618 distinct states found (313 ds/min), 2,838 states left on queue.
Checking 110 branches of temporal properties for the current state space with 876150 total distinct states at (2026-09-14 15:24:52)
Finished checking temporal properties in 00s at 2026-09-14 15:24:53
Progress(20) at 2026-09-14 15:24:53: 25,084 states generated (1,150 s/min), 7,969 distinct states found (351 ds/min), 2,961 states left on queue.
Progress(20) at 2026-09-14 15:25:53: 26,173 states generated (1,089 s/min), 8,328 distinct states found (359 ds/min), 3,136 states left on queue.
Progress(20) at 2026-09-14 15:26:53: 27,742 states generated (1,569 s/min), 8,723 distinct states found (395 ds/min), 3,281 states left on queue.
Checking 110 branches of temporal properties for the current state space with 1011670 total distinct states at (2026-09-14 15:27:55)
Finished checking temporal properties in 00s at 2026-09-14 15:27:56
Progress(20) at 2026-09-14 15:27:56: 29,553 states generated (1,811 s/min), 9,197 distinct states found (474 ds/min), 3,449 states left on queue.
Progress(20) at 2026-09-14 15:28:56: 31,525 states generated (1,972 s/min), 9,698 distinct states found (501 ds/min), 3,621 states left on queue.
Checking 110 branches of temporal properties for the current state space with 1121230 total distinct states at (2026-09-14 15:29:58)
Finished checking temporal properties in 00s at 2026-09-14 15:29:59
Progress(20) at 2026-09-14 15:29:59: 33,680 states generated (2,155 s/min), 10,193 distinct states found (495 ds/min), 3,777 states left on queue.
