Picked up JAVA_TOOL_OPTIONS: -Djava.io.tmpdir=/home/ubuntu/nvflare-job-lifecycle-20260914/scratch/tmp
TLC2 Version 2.20 of Day Month 20?? (rev: ${git.shortRevision})
Running Random Simulation with seed 2278496649477941766 with 16 workers on 96 cores with 11776MB heap and 4096MB offheap memory [pid: 139996] (Linux 6.8.0-1044-azure amd64, Ubuntu 21.0.11 x86_64).
Parsing file /home/ubuntu/nvflare-job-lifecycle-20260914/specula/runs/nvflare-job-lifecycle-20260914/nvflare-job-lifecycle/.specula-output/spec/output/inputs-MC_hunt_s4_exit_cleanup-sim-eager/MC.tla
Parsing file /home/ubuntu/nvflare-job-lifecycle-20260914/specula/runs/nvflare-job-lifecycle-20260914/nvflare-job-lifecycle/.specula-output/spec/output/inputs-MC_hunt_s4_exit_cleanup-sim-eager/base.tla
Parsing file /home/ubuntu/nvflare-job-lifecycle-20260914/scratch/tmp/tlc-16177646842980557952/_JsonTrace.tla (jar:file:/home/ubuntu/nvflare-job-lifecycle-20260914/specula/lib/tla2tools.jar!/tla2sany/StandardModules/_JsonTrace.tla)
Parsing file /home/ubuntu/nvflare-job-lifecycle-20260914/scratch/tmp/tlc-16177646842980557952/_TLCTrace.tla (jar:file:/home/ubuntu/nvflare-job-lifecycle-20260914/specula/lib/tla2tools.jar!/tla2sany/StandardModules/_TLCTrace.tla)
Parsing file /home/ubuntu/nvflare-job-lifecycle-20260914/scratch/tmp/tlc-16177646842980557952/Integers.tla (jar:file:/home/ubuntu/nvflare-job-lifecycle-20260914/specula/lib/tla2tools.jar!/tla2sany/StandardModules/Integers.tla)
Parsing file /home/ubuntu/nvflare-job-lifecycle-20260914/scratch/tmp/tlc-16177646842980557952/Sequences.tla (jar:file:/home/ubuntu/nvflare-job-lifecycle-20260914/specula/lib/tla2tools.jar!/tla2sany/StandardModules/Sequences.tla)
Parsing file /home/ubuntu/nvflare-job-lifecycle-20260914/scratch/tmp/tlc-16177646842980557952/FiniteSets.tla (jar:file:/home/ubuntu/nvflare-job-lifecycle-20260914/specula/lib/tla2tools.jar!/tla2sany/StandardModules/FiniteSets.tla)
Parsing file /home/ubuntu/nvflare-job-lifecycle-20260914/scratch/tmp/tlc-16177646842980557952/TLC.tla (jar:file:/home/ubuntu/nvflare-job-lifecycle-20260914/specula/lib/tla2tools.jar!/tla2sany/StandardModules/TLC.tla)
Parsing file /home/ubuntu/nvflare-job-lifecycle-20260914/scratch/tmp/tlc-16177646842980557952/Naturals.tla (jar:file:/home/ubuntu/nvflare-job-lifecycle-20260914/specula/lib/tla2tools.jar!/tla2sany/StandardModules/Naturals.tla)
Parsing file /home/ubuntu/nvflare-job-lifecycle-20260914/scratch/tmp/tlc-16177646842980557952/TLCExt.tla (jar:file:/home/ubuntu/nvflare-job-lifecycle-20260914/specula/lib/tla2tools.jar!/tla2sany/StandardModules/TLCExt.tla)
Parsing file /home/ubuntu/nvflare-job-lifecycle-20260914/scratch/tmp/tlc-16177646842980557952/Json.tla (jar:file:/home/ubuntu/nvflare-job-lifecycle-20260914/specula/lib/tla2tools.jar!/tla2sany/StandardModules/Json.tla)
Semantic processing of module Naturals
Semantic processing of module Integers
Semantic processing of module Sequences
Semantic processing of module FiniteSets
Semantic processing of module TLC
Semantic processing of module base
Semantic processing of module TLCExt
Semantic processing of module Json
Semantic processing of module _JsonTrace
Semantic processing of module _TLCTrace
Semantic processing of module MC
Linting of module base
Linting of module TLCExt
Linting of module Json
Linting of module _JsonTrace
Linting of module _TLCTrace
Linting of module MC
Starting... (2026-09-14 15:42:41)
Warning: The set \As\inRequiredSites:p[s]=s has been defined to be a symmetry set but contains less than two elements.
(Use the -nowarning option to disable this warning.)
Computed 1 initial states...
Finished computing initial states: 1 distinct state generated at 2026-09-14 15:42:41.
Progress: 249456 states checked, 887 traces generated (trace length: mean=58, var(x)=1799, sd=42)
Progress: 496205 states checked, 1775 traces generated (trace length: mean=58, var(x)=1781, sd=42)
Progress: 739105 states checked, 2620 traces generated (trace length: mean=58, var(x)=1775, sd=42)
Progress: 978359 states checked, 3453 traces generated (trace length: mean=58, var(x)=1772, sd=42)
Progress: 1222799 states checked, 4326 traces generated (trace length: mean=58, var(x)=1770, sd=42)
Progress: 1470255 states checked, 5186 traces generated (trace length: mean=58, var(x)=1769, sd=42)
Progress: 1712904 states checked, 6054 traces generated (trace length: mean=58, var(x)=1768, sd=42)
Progress: 1960446 states checked, 6925 traces generated (trace length: mean=58, var(x)=1767, sd=42)
Progress: 2209659 states checked, 7804 traces generated (trace length: mean=58, var(x)=1767, sd=42)
Progress: 2456038 states checked, 8669 traces generated (trace length: mean=58, var(x)=1767, sd=42)
Progress: 2698082 states checked, 9535 traces generated (trace length: mean=58, var(x)=1766, sd=42)
Progress: 2943132 states checked, 10400 traces generated (trace length: mean=58, var(x)=1766, sd=42)
Progress: 3189808 states checked, 11282 traces generated (trace length: mean=58, var(x)=1766, sd=42)
Progress: 3439044 states checked, 12159 traces generated (trace length: mean=58, var(x)=1766, sd=42)
Progress: 3682912 states checked, 13032 traces generated (trace length: mean=58, var(x)=1765, sd=42)
Progress: 3927074 states checked, 13909 traces generated (trace length: mean=58, var(x)=1765, sd=42)
Progress: 4176512 states checked, 14805 traces generated (trace length: mean=58, var(x)=1765, sd=42)
Progress: 4566332 states checked, 16169 traces generated (trace length: mean=58, var(x)=1765, sd=42)
Progress: 5060474 states checked, 17925 traces generated (trace length: mean=58, var(x)=1765, sd=42)
Progress: 5553897 states checked, 19673 traces generated (trace length: mean=58, var(x)=1765, sd=42)
Progress: 6045403 states checked, 21423 traces generated (trace length: mean=58, var(x)=1764, sd=42)
Progress: 6538575 states checked, 23174 traces generated (trace length: mean=58, var(x)=1764, sd=42)
Progress: 7033678 states checked, 24923 traces generated (trace length: mean=58, var(x)=1764, sd=42)
Progress: 7529886 states checked, 26666 traces generated (trace length: mean=58, var(x)=1764, sd=42)
Progress: 8018524 states checked, 28400 traces generated (trace length: mean=58, var(x)=1764, sd=42)
Progress: 8495474 states checked, 30089 traces generated (trace length: mean=58, var(x)=1764, sd=42)
Progress: 8985461 states checked, 31839 traces generated (trace length: mean=58, var(x)=1764, sd=42)
Progress: 9478169 states checked, 33588 traces generated (trace length: mean=58, var(x)=1764, sd=42)
Progress: 9972239 states checked, 35340 traces generated (trace length: mean=58, var(x)=1764, sd=42)
