Picked up JAVA_TOOL_OPTIONS: -Djava.io.tmpdir=/home/ubuntu/nvflare-job-lifecycle-20260914/scratch/tmp
TLC2 Version 2.20 of Day Month 20?? (rev: ${git.shortRevision})
Running breadth-first search Model-Checking with fp 84 and seed 5237466533887633281 with 16 workers on 96 cores with 11776MB heap and 36864MB offheap memory [pid: 3817671] (Linux 6.8.0-1044-azure amd64, Ubuntu 21.0.11 x86_64, OffHeapDiskFPSet, DiskStateQueue).
Parsing file /home/ubuntu/nvflare-job-lifecycle-20260914/specula/runs/nvflare-job-lifecycle-20260914/nvflare-job-lifecycle/.specula-output/spec/output/inputs-MC_hunt_s1_optional_symmetry-bfs/MC.tla
Parsing file /home/ubuntu/nvflare-job-lifecycle-20260914/specula/runs/nvflare-job-lifecycle-20260914/nvflare-job-lifecycle/.specula-output/spec/output/inputs-MC_hunt_s1_optional_symmetry-bfs/base.tla
Parsing file /home/ubuntu/nvflare-job-lifecycle-20260914/scratch/tmp/tlc-6421306781422296510/_JsonTrace.tla (jar:file:/home/ubuntu/nvflare-job-lifecycle-20260914/specula/lib/tla2tools.jar!/tla2sany/StandardModules/_JsonTrace.tla)
Parsing file /home/ubuntu/nvflare-job-lifecycle-20260914/scratch/tmp/tlc-6421306781422296510/_TLCTrace.tla (jar:file:/home/ubuntu/nvflare-job-lifecycle-20260914/specula/lib/tla2tools.jar!/tla2sany/StandardModules/_TLCTrace.tla)
Parsing file /home/ubuntu/nvflare-job-lifecycle-20260914/scratch/tmp/tlc-6421306781422296510/Integers.tla (jar:file:/home/ubuntu/nvflare-job-lifecycle-20260914/specula/lib/tla2tools.jar!/tla2sany/StandardModules/Integers.tla)
Parsing file /home/ubuntu/nvflare-job-lifecycle-20260914/scratch/tmp/tlc-6421306781422296510/Sequences.tla (jar:file:/home/ubuntu/nvflare-job-lifecycle-20260914/specula/lib/tla2tools.jar!/tla2sany/StandardModules/Sequences.tla)
Parsing file /home/ubuntu/nvflare-job-lifecycle-20260914/scratch/tmp/tlc-6421306781422296510/FiniteSets.tla (jar:file:/home/ubuntu/nvflare-job-lifecycle-20260914/specula/lib/tla2tools.jar!/tla2sany/StandardModules/FiniteSets.tla)
Parsing file /home/ubuntu/nvflare-job-lifecycle-20260914/scratch/tmp/tlc-6421306781422296510/TLC.tla (jar:file:/home/ubuntu/nvflare-job-lifecycle-20260914/specula/lib/tla2tools.jar!/tla2sany/StandardModules/TLC.tla)
Parsing file /home/ubuntu/nvflare-job-lifecycle-20260914/scratch/tmp/tlc-6421306781422296510/Naturals.tla (jar:file:/home/ubuntu/nvflare-job-lifecycle-20260914/specula/lib/tla2tools.jar!/tla2sany/StandardModules/Naturals.tla)
Parsing file /home/ubuntu/nvflare-job-lifecycle-20260914/scratch/tmp/tlc-6421306781422296510/TLCExt.tla (jar:file:/home/ubuntu/nvflare-job-lifecycle-20260914/specula/lib/tla2tools.jar!/tla2sany/StandardModules/TLCExt.tla)
Parsing file /home/ubuntu/nvflare-job-lifecycle-20260914/scratch/tmp/tlc-6421306781422296510/Json.tla (jar:file:/home/ubuntu/nvflare-job-lifecycle-20260914/specula/lib/tla2tools.jar!/tla2sany/StandardModules/Json.tla)
Semantic processing of module Naturals
Semantic processing of module Integers
Semantic processing of module Sequences
Semantic processing of module FiniteSets
Semantic processing of module TLC
Semantic processing of module base
Semantic processing of module TLCExt
Semantic processing of module Json
Semantic processing of module _JsonTrace
Semantic processing of module _TLCTrace
Semantic processing of module MC
Linting of module base
Linting of module TLCExt
Linting of module Json
Linting of module _JsonTrace
Linting of module _TLCTrace
Linting of module MC
Starting... (2026-09-14 14:56:08)
Computing initial states...
Finished computing initial states: 1 distinct state generated at 2026-09-14 14:56:11.
Progress(22) at 2026-09-14 14:56:14: 15,034 states generated (15,034 s/min), 4,148 distinct states found (4,148 ds/min), 943 states left on queue.
Progress(41) at 2026-09-14 14:57:14: 707,444 states generated (692,410 s/min), 148,585 distinct states found (144,437 ds/min), 22,215 states left on queue.
Progress(45) at 2026-09-14 14:58:14: 1,551,502 states generated (844,058 s/min), 304,037 distinct states found (155,452 ds/min), 55,201 states left on queue.
Progress(47) at 2026-09-14 14:59:14: 2,216,051 states generated (664,549 s/min), 422,396 distinct states found (118,359 ds/min), 83,909 states left on queue.
Progress(48) at 2026-09-14 15:00:14: 2,988,281 states generated (772,230 s/min), 555,747 distinct states found (133,351 ds/min), 119,790 states left on queue.
Progress(49) at 2026-09-14 15:01:14: 3,692,379 states generated (704,098 s/min), 674,476 distinct states found (118,729 ds/min), 154,860 states left on queue.
Progress(49) at 2026-09-14 15:02:14: 4,339,917 states generated (647,538 s/min), 782,731 distinct states found (108,255 ds/min), 186,231 states left on queue.
Progress(50) at 2026-09-14 15:03:14: 5,004,734 states generated (664,817 s/min), 893,096 distinct states found (110,365 ds/min), 218,520 states left on queue.
Progress(50) at 2026-09-14 15:04:14: 5,673,327 states generated (668,593 s/min), 1,003,380 distinct states found (110,284 ds/min), 250,346 states left on queue.
Progress(50) at 2026-09-14 15:05:14: 6,350,374 states generated (677,047 s/min), 1,113,776 distinct states found (110,396 ds/min), 286,051 states left on queue.
Checkpointing of run /home/ubuntu/nvflare-job-lifecycle-20260914/scratch/tlc/tlc-states-PHU53i/26-09-14-14-56-08.168
Checkpointing completed at (2026-09-14 15:06:14)
Progress(51) at 2026-09-14 15:06:14: 7,013,695 states generated (663,321 s/min), 1,222,146 distinct states found (108,370 ds/min), 316,501 states left on queue.
Progress(51) at 2026-09-14 15:07:14: 7,613,011 states generated (599,316 s/min), 1,319,758 distinct states found (97,612 ds/min), 345,554 states left on queue.
Progress(51) at 2026-09-14 15:08:14: 8,196,169 states generated (583,158 s/min), 1,411,566 distinct states found (91,808 ds/min), 375,208 states left on queue.
Progress(51) at 2026-09-14 15:09:14: 8,755,088 states generated (558,919 s/min), 1,503,392 distinct states found (91,826 ds/min), 404,560 states left on queue.
Progress(51) at 2026-09-14 15:10:14: 9,355,197 states generated (600,109 s/min), 1,595,829 distinct states found (92,437 ds/min), 433,926 states left on queue.
Progress(52) at 2026-09-14 15:11:14: 9,896,011 states generated (540,814 s/min), 1,683,457 distinct states found (87,628 ds/min), 457,825 states left on queue.
Progress(52) at 2026-09-14 15:12:14: 10,458,174 states generated (562,163 s/min), 1,773,872 distinct states found (90,415 ds/min), 484,541 states left on queue.
Progress(52) at 2026-09-14 15:13:14: 11,055,306 states generated (597,132 s/min), 1,865,979 distinct states found (92,107 ds/min), 513,855 states left on queue.
Progress(52) at 2026-09-14 15:14:14: 11,657,646 states generated (602,340 s/min), 1,958,270 distinct states found (92,291 ds/min), 543,694 states left on queue.
Progress(52) at 2026-09-14 15:15:14: 12,210,679 states generated (553,033 s/min), 2,051,895 distinct states found (93,625 ds/min), 573,643 states left on queue.
Checkpointing of run /home/ubuntu/nvflare-job-lifecycle-20260914/scratch/tlc/tlc-states-PHU53i/26-09-14-14-56-08.168
Checkpointing completed at (2026-09-14 15:16:14)
Progress(52) at 2026-09-14 15:16:14: 12,843,653 states generated (632,974 s/min), 2,142,055 distinct states found (90,160 ds/min), 602,185 states left on queue.
Progress(52) at 2026-09-14 15:17:14: 13,433,009 states generated (589,356 s/min), 2,235,911 distinct states found (93,856 ds/min), 631,648 states left on queue.
Progress(53) at 2026-09-14 15:18:14: 13,992,615 states generated (559,606 s/min), 2,323,472 distinct states found (87,561 ds/min), 655,689 states left on queue.
Progress(53) at 2026-09-14 15:19:14: 14,555,169 states generated (562,554 s/min), 2,413,114 distinct states found (89,642 ds/min), 682,449 states left on queue.
Progress(53) at 2026-09-14 15:20:14: 15,133,848 states generated (578,679 s/min), 2,503,991 distinct states found (90,877 ds/min), 711,121 states left on queue.
Progress(53) at 2026-09-14 15:21:15: 15,748,985 states generated (615,137 s/min), 2,594,625 distinct states found (90,634 ds/min), 740,296 states left on queue.
Progress(53) at 2026-09-14 15:22:15: 16,353,030 states generated (604,045 s/min), 2,687,046 distinct states found (92,421 ds/min), 770,105 states left on queue.
Progress(53) at 2026-09-14 15:23:15: 16,945,494 states generated (592,464 s/min), 2,778,806 distinct states found (91,760 ds/min), 799,791 states left on queue.
Progress(53) at 2026-09-14 15:24:15: 17,502,930 states generated (557,436 s/min), 2,871,258 distinct states found (92,452 ds/min), 828,862 states left on queue.
Progress(53) at 2026-09-14 15:25:15: 18,138,177 states generated (635,247 s/min), 2,961,605 distinct states found (90,347 ds/min), 857,181 states left on queue.
