[0;32m================================[0m
[0;32mTLC Model Checking Mode[0m
[0;32m================================[0m
Spec File:       MC.tla
Config File:     MC_hunt_s1_environment.cfg
Memory Limit:    12G
Off-heap Memory: 36G
Workers:         16
Timeout:         30 minutes
[0;34m--- Model Checking Settings ---[0m
Depth Limit:     0
Checkpoint:      10 minutes
Log File:        /home/ubuntu/nvflare-job-lifecycle-20260914/specula/runs/nvflare-job-lifecycle-20260914/nvflare-job-lifecycle/.specula-output/.tlc-tasks/jobs/523bcce81ff44787b5e3b6c35e9c78af/tlc.log
[0;32m================================[0m
[1;33mExecuting Command:[0m
java -XX:+UseParallelGC -Dtlc2.tool.fp.FPSet.impl=tlc2.tool.fp.OffHeapDiskFPSet -XX:MaxDirectMemorySize=36G -Xmx12G -Xms12G -cp /home/ubuntu/nvflare-job-lifecycle-20260914/specula/lib/CommunityModules-deps.jar:/home/ubuntu/nvflare-job-lifecycle-20260914/specula/lib/tla2tools.jar tlc2.TLC -config MC_hunt_s1_environment.cfg MC.tla -workers 16 -deadlock -checkpoint 10 -dumptrace json /home/ubuntu/nvflare-job-lifecycle-20260914/specula/runs/nvflare-job-lifecycle-20260914/nvflare-job-lifecycle/.specula-output/spec/output/MC_hunt_s1_environment-bfs.json -metadir /home/ubuntu/nvflare-job-lifecycle-20260914/scratch/tlc/tlc-states-9umfST 

TLC resource budget (Specula run nvflare-job-lifecycle-20260914):
  memory source: user config (256G)
  external memory use: not included in this configured run bound
  memory limit: 256 GiB
  active TLC reserved before request: 0 bytes (this agent: 0 bytes)
  this request: 48 GiB (heap 12 GiB + off-heap 36 GiB)
  remaining before request: 256 GiB
  remaining after admission: 208 GiB
  worker limit: 80
  active TLC workers before request: 0 (this agent: 0)
  this request workers: 16 (16)
  remaining workers before request: 80
  remaining workers after admission: 64
  result: admitted
Picked up JAVA_TOOL_OPTIONS: -Djava.io.tmpdir=/home/ubuntu/nvflare-job-lifecycle-20260914/scratch/tmp
TLC2 Version 2.20 of Day Month 20?? (rev: ${git.shortRevision})
Running breadth-first search Model-Checking with fp 81 and seed -4117557744085736050 with 16 workers on 96 cores with 11776MB heap and 36864MB offheap memory [pid: 3817654] (Linux 6.8.0-1044-azure amd64, Ubuntu 21.0.11 x86_64, OffHeapDiskFPSet, DiskStateQueue).
Parsing file /home/ubuntu/nvflare-job-lifecycle-20260914/specula/runs/nvflare-job-lifecycle-20260914/nvflare-job-lifecycle/.specula-output/spec/output/inputs-MC_hunt_s1_environment-bfs/MC.tla
Parsing file /home/ubuntu/nvflare-job-lifecycle-20260914/specula/runs/nvflare-job-lifecycle-20260914/nvflare-job-lifecycle/.specula-output/spec/output/inputs-MC_hunt_s1_environment-bfs/base.tla
Parsing file /home/ubuntu/nvflare-job-lifecycle-20260914/scratch/tmp/tlc-3624093939732417954/_JsonTrace.tla (jar:file:/home/ubuntu/nvflare-job-lifecycle-20260914/specula/lib/tla2tools.jar!/tla2sany/StandardModules/_JsonTrace.tla)
Parsing file /home/ubuntu/nvflare-job-lifecycle-20260914/scratch/tmp/tlc-3624093939732417954/_TLCTrace.tla (jar:file:/home/ubuntu/nvflare-job-lifecycle-20260914/specula/lib/tla2tools.jar!/tla2sany/StandardModules/_TLCTrace.tla)
Parsing file /home/ubuntu/nvflare-job-lifecycle-20260914/scratch/tmp/tlc-3624093939732417954/Integers.tla (jar:file:/home/ubuntu/nvflare-job-lifecycle-20260914/specula/lib/tla2tools.jar!/tla2sany/StandardModules/Integers.tla)
Parsing file /home/ubuntu/nvflare-job-lifecycle-20260914/scratch/tmp/tlc-3624093939732417954/Sequences.tla (jar:file:/home/ubuntu/nvflare-job-lifecycle-20260914/specula/lib/tla2tools.jar!/tla2sany/StandardModules/Sequences.tla)
Parsing file /home/ubuntu/nvflare-job-lifecycle-20260914/scratch/tmp/tlc-3624093939732417954/FiniteSets.tla (jar:file:/home/ubuntu/nvflare-job-lifecycle-20260914/specula/lib/tla2tools.jar!/tla2sany/StandardModules/FiniteSets.tla)
Parsing file /home/ubuntu/nvflare-job-lifecycle-20260914/scratch/tmp/tlc-3624093939732417954/TLC.tla (jar:file:/home/ubuntu/nvflare-job-lifecycle-20260914/specula/lib/tla2tools.jar!/tla2sany/StandardModules/TLC.tla)
Parsing file /home/ubuntu/nvflare-job-lifecycle-20260914/scratch/tmp/tlc-3624093939732417954/Naturals.tla (jar:file:/home/ubuntu/nvflare-job-lifecycle-20260914/specula/lib/tla2tools.jar!/tla2sany/StandardModules/Naturals.tla)
Parsing file /home/ubuntu/nvflare-job-lifecycle-20260914/scratch/tmp/tlc-3624093939732417954/TLCExt.tla (jar:file:/home/ubuntu/nvflare-job-lifecycle-20260914/specula/lib/tla2tools.jar!/tla2sany/StandardModules/TLCExt.tla)
Parsing file /home/ubuntu/nvflare-job-lifecycle-20260914/scratch/tmp/tlc-3624093939732417954/Json.tla (jar:file:/home/ubuntu/nvflare-job-lifecycle-20260914/specula/lib/tla2tools.jar!/tla2sany/StandardModules/Json.tla)
Semantic processing of module Naturals
Semantic processing of module Integers
Semantic processing of module Sequences
Semantic processing of module FiniteSets
Semantic processing of module TLC
Semantic processing of module base
Semantic processing of module TLCExt
Semantic processing of module Json
Semantic processing of module _JsonTrace
Semantic processing of module _TLCTrace
Semantic processing of module MC
Linting of module base
Linting of module TLCExt
Linting of module Json
Linting of module _JsonTrace
Linting of module _TLCTrace
Linting of module MC
Starting... (2026-09-14 14:56:08)
Warning: The set \As\inRequiredSites:p[s]=s has been defined to be a symmetry set but contains less than two elements.
(Use the -nowarning option to disable this warning.)
Computing initial states...
Finished computing initial states: 1 distinct state generated at 2026-09-14 14:56:10.
Progress(27) at 2026-09-14 14:56:13: 11,098 states generated (11,098 s/min), 3,588 distinct states found (3,588 ds/min), 511 states left on queue.
Progress(48) at 2026-09-14 14:57:13: 1,139,306 states generated (1,128,208 s/min), 243,225 distinct states found (239,637 ds/min), 60,417 states left on queue.
Progress(50) at 2026-09-14 14:58:13: 2,435,501 states generated (1,296,195 s/min), 492,226 distinct states found (249,001 ds/min), 126,190 states left on queue.
Progress(51) at 2026-09-14 14:59:13: 3,413,383 states generated (977,882 s/min), 674,060 distinct states found (181,834 ds/min), 174,733 states left on queue.
Progress(52) at 2026-09-14 15:00:13: 4,515,329 states generated (1,101,946 s/min), 877,199 distinct states found (203,139 ds/min), 229,179 states left on queue.
Progress(53) at 2026-09-14 15:01:13: 5,490,284 states generated (974,955 s/min), 1,057,492 distinct states found (180,293 ds/min), 278,457 states left on queue.
Progress(53) at 2026-09-14 15:02:13: 6,416,302 states generated (926,018 s/min), 1,218,603 distinct states found (161,111 ds/min), 320,354 states left on queue.
Progress(54) at 2026-09-14 15:03:13: 7,333,961 states generated (917,659 s/min), 1,384,021 distinct states found (165,418 ds/min), 364,659 states left on queue.
Progress(54) at 2026-09-14 15:04:13: 8,264,334 states generated (930,373 s/min), 1,550,412 distinct states found (166,391 ds/min), 409,123 states left on queue.
Progress(54) at 2026-09-14 15:05:13: 9,183,318 states generated (918,984 s/min), 1,711,987 distinct states found (161,575 ds/min), 451,484 states left on queue.
Checkpointing of run /home/ubuntu/nvflare-job-lifecycle-20260914/scratch/tlc/tlc-states-9umfST/26-09-14-14-56-08.111
Checkpointing completed at (2026-09-14 15:06:13)
Progress(55) at 2026-09-14 15:06:13: 10,118,870 states generated (935,552 s/min), 1,873,886 distinct states found (161,899 ds/min), 494,508 states left on queue.
Progress(55) at 2026-09-14 15:07:13: 10,970,451 states generated (851,581 s/min), 2,023,047 distinct states found (149,161 ds/min), 534,967 states left on queue.
Progress(55) at 2026-09-14 15:08:13: 11,728,319 states generated (757,868 s/min), 2,152,534 distinct states found (129,487 ds/min), 568,378 states left on queue.
Progress(55) at 2026-09-14 15:09:13: 12,496,291 states generated (767,972 s/min), 2,280,440 distinct states found (127,906 ds/min), 601,623 states left on queue.
Progress(55) at 2026-09-14 15:10:13: 13,187,363 states generated (691,072 s/min), 2,417,669 distinct states found (137,229 ds/min), 639,442 states left on queue.
Progress(56) at 2026-09-14 15:11:13: 13,995,098 states generated (807,735 s/min), 2,544,481 distinct states found (126,812 ds/min), 671,260 states left on queue.
Progress(56) at 2026-09-14 15:12:13: 14,742,903 states generated (747,805 s/min), 2,681,265 distinct states found (136,784 ds/min), 709,581 states left on queue.
Progress(56) at 2026-09-14 15:13:13: 15,545,283 states generated (802,380 s/min), 2,811,749 distinct states found (130,484 ds/min), 742,685 states left on queue.
Progress(56) at 2026-09-14 15:14:13: 16,332,982 states generated (787,699 s/min), 2,942,313 distinct states found (130,564 ds/min), 776,315 states left on queue.
Progress(56) at 2026-09-14 15:15:13: 17,134,423 states generated (801,441 s/min), 3,074,779 distinct states found (132,466 ds/min), 810,542 states left on queue.
Checkpointing of run /home/ubuntu/nvflare-job-lifecycle-20260914/scratch/tlc/tlc-states-9umfST/26-09-14-14-56-08.111
Checkpointing completed at (2026-09-14 15:16:13)
Progress(56) at 2026-09-14 15:16:13: 17,854,848 states generated (720,425 s/min), 3,211,503 distinct states found (136,724 ds/min), 847,809 states left on queue.
Progress(56) at 2026-09-14 15:17:13: 18,611,178 states generated (756,330 s/min), 3,343,864 distinct states found (132,361 ds/min), 881,557 states left on queue.
Progress(57) at 2026-09-14 15:18:13: 19,437,677 states generated (826,499 s/min), 3,472,495 distinct states found (128,631 ds/min), 915,653 states left on queue.
Progress(57) at 2026-09-14 15:19:13: 20,201,468 states generated (763,791 s/min), 3,608,585 distinct states found (136,090 ds/min), 954,311 states left on queue.
Progress(57) at 2026-09-14 15:20:13: 21,003,815 states generated (802,347 s/min), 3,736,985 distinct states found (128,400 ds/min), 986,414 states left on queue.
Progress(57) at 2026-09-14 15:21:13: 21,752,352 states generated (748,537 s/min), 3,865,112 distinct states found (128,127 ds/min), 1,019,159 states left on queue.
Progress(57) at 2026-09-14 15:22:13: 22,565,659 states generated (813,307 s/min), 3,994,978 distinct states found (129,866 ds/min), 1,051,474 states left on queue.
Progress(57) at 2026-09-14 15:23:13: 23,358,301 states generated (792,642 s/min), 4,123,190 distinct states found (128,212 ds/min), 1,083,169 states left on queue.
Progress(57) at 2026-09-14 15:24:13: 24,108,842 states generated (750,541 s/min), 4,254,766 distinct states found (131,576 ds/min), 1,117,450 states left on queue.
Progress(57) at 2026-09-14 15:25:13: 24,825,813 states generated (716,971 s/min), 4,393,726 distinct states found (138,960 ds/min), 1,158,572 states left on queue.

[0;32m================================[0m
[1;33m⚠ Timed out[0m
[0;32m================================[0m
