Picked up JAVA_TOOL_OPTIONS: -Djava.io.tmpdir=/home/ubuntu/nvflare-job-lifecycle-20260914/scratch/tmp
TLC2 Version 2.20 of Day Month 20?? (rev: ${git.shortRevision})
Running Random Simulation with seed 7754486864024505578 with 16 workers on 96 cores with 11776MB heap and 4096MB offheap memory [pid: 1022] (Linux 6.8.0-1044-azure amd64, Ubuntu 21.0.11 x86_64).
Parsing file /home/ubuntu/nvflare-job-lifecycle-20260914/specula/runs/nvflare-job-lifecycle-20260914/nvflare-job-lifecycle/.specula-output/spec/output/inputs-MC_hunt_s2_partial_start_strict-sim/MC.tla
Parsing file /home/ubuntu/nvflare-job-lifecycle-20260914/specula/runs/nvflare-job-lifecycle-20260914/nvflare-job-lifecycle/.specula-output/spec/output/inputs-MC_hunt_s2_partial_start_strict-sim/base.tla
Parsing file /home/ubuntu/nvflare-job-lifecycle-20260914/scratch/tmp/tlc-6510400846483042127/_JsonTrace.tla (jar:file:/home/ubuntu/nvflare-job-lifecycle-20260914/specula/lib/tla2tools.jar!/tla2sany/StandardModules/_JsonTrace.tla)
Parsing file /home/ubuntu/nvflare-job-lifecycle-20260914/scratch/tmp/tlc-6510400846483042127/_TLCTrace.tla (jar:file:/home/ubuntu/nvflare-job-lifecycle-20260914/specula/lib/tla2tools.jar!/tla2sany/StandardModules/_TLCTrace.tla)
Parsing file /home/ubuntu/nvflare-job-lifecycle-20260914/scratch/tmp/tlc-6510400846483042127/Integers.tla (jar:file:/home/ubuntu/nvflare-job-lifecycle-20260914/specula/lib/tla2tools.jar!/tla2sany/StandardModules/Integers.tla)
Parsing file /home/ubuntu/nvflare-job-lifecycle-20260914/scratch/tmp/tlc-6510400846483042127/Sequences.tla (jar:file:/home/ubuntu/nvflare-job-lifecycle-20260914/specula/lib/tla2tools.jar!/tla2sany/StandardModules/Sequences.tla)
Parsing file /home/ubuntu/nvflare-job-lifecycle-20260914/scratch/tmp/tlc-6510400846483042127/FiniteSets.tla (jar:file:/home/ubuntu/nvflare-job-lifecycle-20260914/specula/lib/tla2tools.jar!/tla2sany/StandardModules/FiniteSets.tla)
Parsing file /home/ubuntu/nvflare-job-lifecycle-20260914/scratch/tmp/tlc-6510400846483042127/TLC.tla (jar:file:/home/ubuntu/nvflare-job-lifecycle-20260914/specula/lib/tla2tools.jar!/tla2sany/StandardModules/TLC.tla)
Parsing file /home/ubuntu/nvflare-job-lifecycle-20260914/scratch/tmp/tlc-6510400846483042127/Naturals.tla (jar:file:/home/ubuntu/nvflare-job-lifecycle-20260914/specula/lib/tla2tools.jar!/tla2sany/StandardModules/Naturals.tla)
Parsing file /home/ubuntu/nvflare-job-lifecycle-20260914/scratch/tmp/tlc-6510400846483042127/TLCExt.tla (jar:file:/home/ubuntu/nvflare-job-lifecycle-20260914/specula/lib/tla2tools.jar!/tla2sany/StandardModules/TLCExt.tla)
Parsing file /home/ubuntu/nvflare-job-lifecycle-20260914/scratch/tmp/tlc-6510400846483042127/Json.tla (jar:file:/home/ubuntu/nvflare-job-lifecycle-20260914/specula/lib/tla2tools.jar!/tla2sany/StandardModules/Json.tla)
Semantic processing of module Naturals
Semantic processing of module Integers
Semantic processing of module Sequences
Semantic processing of module FiniteSets
Semantic processing of module TLC
Semantic processing of module base
Semantic processing of module TLCExt
Semantic processing of module Json
Semantic processing of module _JsonTrace
Semantic processing of module _TLCTrace
Semantic processing of module MC
Linting of module base
Linting of module TLCExt
Linting of module Json
Linting of module _JsonTrace
Linting of module _TLCTrace
Linting of module MC
Starting... (2026-09-14 15:30:07)
Warning: The set \As\inRequiredSites:p[s]=s has been defined to be a symmetry set but contains less than two elements.
(Use the -nowarning option to disable this warning.)
Computed 1 initial states...
Finished computing initial states: 1 distinct state generated at 2026-09-14 15:30:07.
Progress: 278190 states checked, 721 traces generated (trace length: mean=58, var(x)=1808, sd=43)
Progress: 571855 states checked, 1474 traces generated (trace length: mean=58, var(x)=1786, sd=42)
Progress: 864717 states checked, 2226 traces generated (trace length: mean=58, var(x)=1778, sd=42)
Progress: 1160002 states checked, 2984 traces generated (trace length: mean=58, var(x)=1775, sd=42)
Progress: 1456957 states checked, 3746 traces generated (trace length: mean=58, var(x)=1772, sd=42)
Progress: 1749298 states checked, 4500 traces generated (trace length: mean=58, var(x)=1771, sd=42)
Progress: 2094393 states checked, 5383 traces generated (trace length: mean=58, var(x)=1770, sd=42)
Progress: 2479006 states checked, 6368 traces generated (trace length: mean=58, var(x)=1769, sd=42)
Progress: 2863259 states checked, 7353 traces generated (trace length: mean=58, var(x)=1768, sd=42)
Progress: 3242112 states checked, 8329 traces generated (trace length: mean=58, var(x)=1768, sd=42)
Progress: 3610423 states checked, 9274 traces generated (trace length: mean=58, var(x)=1767, sd=42)
Progress: 3988434 states checked, 10243 traces generated (trace length: mean=58, var(x)=1767, sd=42)
Progress: 4324868 states checked, 11103 traces generated (trace length: mean=58, var(x)=1767, sd=42)
Progress: 4569122 states checked, 11727 traces generated (trace length: mean=58, var(x)=1767, sd=42)
Progress: 4812662 states checked, 12352 traces generated (trace length: mean=58, var(x)=1767, sd=42)
Progress: 5051347 states checked, 12963 traces generated (trace length: mean=58, var(x)=1766, sd=42)
Progress: 5290458 states checked, 13577 traces generated (trace length: mean=58, var(x)=1766, sd=42)
Progress: 5534237 states checked, 14204 traces generated (trace length: mean=58, var(x)=1766, sd=42)
Progress: 5777585 states checked, 14826 traces generated (trace length: mean=58, var(x)=1766, sd=42)
Progress: 6021112 states checked, 15451 traces generated (trace length: mean=58, var(x)=1766, sd=42)
Progress: 6267038 states checked, 16075 traces generated (trace length: mean=58, var(x)=1766, sd=42)
Progress: 6512091 states checked, 16710 traces generated (trace length: mean=58, var(x)=1766, sd=42)
Progress: 6756157 states checked, 17336 traces generated (trace length: mean=58, var(x)=1766, sd=42)
Progress: 6998670 states checked, 17959 traces generated (trace length: mean=58, var(x)=1766, sd=42)
Progress: 7243283 states checked, 18588 traces generated (trace length: mean=58, var(x)=1766, sd=42)
Progress: 7490061 states checked, 19222 traces generated (trace length: mean=58, var(x)=1766, sd=42)
Progress: 7734953 states checked, 19854 traces generated (trace length: mean=58, var(x)=1766, sd=42)
Progress: 7978913 states checked, 20476 traces generated (trace length: mean=58, var(x)=1766, sd=42)
Progress: 8224287 states checked, 21107 traces generated (trace length: mean=58, var(x)=1766, sd=42)
