Picked up JAVA_TOOL_OPTIONS: -Djava.io.tmpdir=/home/ubuntu/nvflare-job-lifecycle-20260914/scratch/tmp
TLC2 Version 2.20 of Day Month 20?? (rev: ${git.shortRevision})
Running breadth-first search Model-Checking with fp 122 and seed 4835674869175104640 with 16 workers on 96 cores with 11776MB heap and 36864MB offheap memory [pid: 3833651] (Linux 6.8.0-1044-azure amd64, Ubuntu 21.0.11 x86_64, OffHeapDiskFPSet, DiskStateQueue).
Parsing file /home/ubuntu/nvflare-job-lifecycle-20260914/specula/runs/nvflare-job-lifecycle-20260914/nvflare-job-lifecycle/.specula-output/spec/output/inputs-MC_hunt_s2_partial_start_strict-bfs/MC.tla
Parsing file /home/ubuntu/nvflare-job-lifecycle-20260914/specula/runs/nvflare-job-lifecycle-20260914/nvflare-job-lifecycle/.specula-output/spec/output/inputs-MC_hunt_s2_partial_start_strict-bfs/base.tla
Parsing file /home/ubuntu/nvflare-job-lifecycle-20260914/scratch/tmp/tlc-16811129825338200430/_JsonTrace.tla (jar:file:/home/ubuntu/nvflare-job-lifecycle-20260914/specula/lib/tla2tools.jar!/tla2sany/StandardModules/_JsonTrace.tla)
Parsing file /home/ubuntu/nvflare-job-lifecycle-20260914/scratch/tmp/tlc-16811129825338200430/_TLCTrace.tla (jar:file:/home/ubuntu/nvflare-job-lifecycle-20260914/specula/lib/tla2tools.jar!/tla2sany/StandardModules/_TLCTrace.tla)
Parsing file /home/ubuntu/nvflare-job-lifecycle-20260914/scratch/tmp/tlc-16811129825338200430/Integers.tla (jar:file:/home/ubuntu/nvflare-job-lifecycle-20260914/specula/lib/tla2tools.jar!/tla2sany/StandardModules/Integers.tla)
Parsing file /home/ubuntu/nvflare-job-lifecycle-20260914/scratch/tmp/tlc-16811129825338200430/Sequences.tla (jar:file:/home/ubuntu/nvflare-job-lifecycle-20260914/specula/lib/tla2tools.jar!/tla2sany/StandardModules/Sequences.tla)
Parsing file /home/ubuntu/nvflare-job-lifecycle-20260914/scratch/tmp/tlc-16811129825338200430/FiniteSets.tla (jar:file:/home/ubuntu/nvflare-job-lifecycle-20260914/specula/lib/tla2tools.jar!/tla2sany/StandardModules/FiniteSets.tla)
Parsing file /home/ubuntu/nvflare-job-lifecycle-20260914/scratch/tmp/tlc-16811129825338200430/TLC.tla (jar:file:/home/ubuntu/nvflare-job-lifecycle-20260914/specula/lib/tla2tools.jar!/tla2sany/StandardModules/TLC.tla)
Parsing file /home/ubuntu/nvflare-job-lifecycle-20260914/scratch/tmp/tlc-16811129825338200430/Naturals.tla (jar:file:/home/ubuntu/nvflare-job-lifecycle-20260914/specula/lib/tla2tools.jar!/tla2sany/StandardModules/Naturals.tla)
Parsing file /home/ubuntu/nvflare-job-lifecycle-20260914/scratch/tmp/tlc-16811129825338200430/TLCExt.tla (jar:file:/home/ubuntu/nvflare-job-lifecycle-20260914/specula/lib/tla2tools.jar!/tla2sany/StandardModules/TLCExt.tla)
Parsing file /home/ubuntu/nvflare-job-lifecycle-20260914/scratch/tmp/tlc-16811129825338200430/Json.tla (jar:file:/home/ubuntu/nvflare-job-lifecycle-20260914/specula/lib/tla2tools.jar!/tla2sany/StandardModules/Json.tla)
Semantic processing of module Naturals
Semantic processing of module Integers
Semantic processing of module Sequences
Semantic processing of module FiniteSets
Semantic processing of module TLC
Semantic processing of module base
Semantic processing of module TLCExt
Semantic processing of module Json
Semantic processing of module _JsonTrace
Semantic processing of module _TLCTrace
Semantic processing of module MC
Linting of module base
Linting of module TLCExt
Linting of module Json
Linting of module _JsonTrace
Linting of module _TLCTrace
Linting of module MC
Starting... (2026-09-14 14:58:25)
Warning: The set \As\inRequiredSites:p[s]=s has been defined to be a symmetry set but contains less than two elements.
(Use the -nowarning option to disable this warning.)
Computing initial states...
Finished computing initial states: 1 distinct state generated at 2026-09-14 14:58:28.
Progress(23) at 2026-09-14 14:58:31: 16,255 states generated (16,255 s/min), 5,005 distinct states found (5,005 ds/min), 1,287 states left on queue.
Progress(36) at 2026-09-14 14:59:31: 817,443 states generated (801,188 s/min), 181,426 distinct states found (176,421 ds/min), 48,299 states left on queue.
Progress(38) at 2026-09-14 15:00:31: 1,786,925 states generated (969,482 s/min), 374,739 distinct states found (193,313 ds/min), 97,765 states left on queue.
Progress(39) at 2026-09-14 15:01:31: 2,632,843 states generated (845,918 s/min), 534,382 distinct states found (159,643 ds/min), 136,408 states left on queue.
Progress(40) at 2026-09-14 15:02:31: 3,454,435 states generated (821,592 s/min), 689,546 distinct states found (155,164 ds/min), 173,342 states left on queue.
Progress(41) at 2026-09-14 15:03:31: 4,280,953 states generated (826,518 s/min), 845,469 distinct states found (155,923 ds/min), 210,286 states left on queue.
Progress(41) at 2026-09-14 15:04:31: 5,178,095 states generated (897,142 s/min), 1,002,421 distinct states found (156,952 ds/min), 247,266 states left on queue.
Progress(42) at 2026-09-14 15:05:31: 5,981,276 states generated (803,181 s/min), 1,156,313 distinct states found (153,892 ds/min), 282,643 states left on queue.
Progress(42) at 2026-09-14 15:06:31: 6,880,332 states generated (899,056 s/min), 1,310,827 distinct states found (154,514 ds/min), 318,834 states left on queue.
Progress(43) at 2026-09-14 15:07:31: 7,563,317 states generated (682,985 s/min), 1,441,960 distinct states found (131,133 ds/min), 349,397 states left on queue.
Checkpointing of run /home/ubuntu/nvflare-job-lifecycle-20260914/scratch/tlc/tlc-states-w2x8Gy/26-09-14-14-58-25.163
Checkpointing completed at (2026-09-14 15:08:31)
Progress(43) at 2026-09-14 15:08:31: 8,260,175 states generated (696,858 s/min), 1,564,915 distinct states found (122,955 ds/min), 376,331 states left on queue.
Progress(43) at 2026-09-14 15:09:31: 9,002,488 states generated (742,313 s/min), 1,691,499 distinct states found (126,584 ds/min), 406,280 states left on queue.
Progress(44) at 2026-09-14 15:10:31: 9,711,030 states generated (708,542 s/min), 1,824,582 distinct states found (133,083 ds/min), 443,024 states left on queue.
Progress(44) at 2026-09-14 15:11:31: 10,370,183 states generated (659,153 s/min), 1,947,143 distinct states found (122,561 ds/min), 468,906 states left on queue.
Progress(44) at 2026-09-14 15:12:31: 11,104,690 states generated (734,507 s/min), 2,069,688 distinct states found (122,545 ds/min), 494,032 states left on queue.
Progress(44) at 2026-09-14 15:13:31: 11,844,711 states generated (740,021 s/min), 2,199,137 distinct states found (129,449 ds/min), 526,924 states left on queue.
Progress(45) at 2026-09-14 15:14:31: 12,658,974 states generated (814,263 s/min), 2,338,052 distinct states found (138,915 ds/min), 568,326 states left on queue.
Progress(45) at 2026-09-14 15:15:31: 13,311,176 states generated (652,202 s/min), 2,462,085 distinct states found (124,033 ds/min), 594,127 states left on queue.
Progress(45) at 2026-09-14 15:16:31: 14,000,516 states generated (689,340 s/min), 2,586,894 distinct states found (124,809 ds/min), 621,463 states left on queue.
Progress(45) at 2026-09-14 15:17:31: 14,747,544 states generated (747,028 s/min), 2,709,220 distinct states found (122,326 ds/min), 645,825 states left on queue.
Checkpointing of run /home/ubuntu/nvflare-job-lifecycle-20260914/scratch/tlc/tlc-states-w2x8Gy/26-09-14-14-58-25.163
Checkpointing completed at (2026-09-14 15:18:32)
Progress(45) at 2026-09-14 15:18:32: 15,480,847 states generated (733,303 s/min), 2,836,234 distinct states found (127,014 ds/min), 677,716 states left on queue.
Progress(45) at 2026-09-14 15:19:32: 16,271,779 states generated (790,932 s/min), 2,965,787 distinct states found (129,553 ds/min), 712,851 states left on queue.
Progress(46) at 2026-09-14 15:20:32: 17,057,676 states generated (785,897 s/min), 3,104,416 distinct states found (138,629 ds/min), 756,914 states left on queue.
Progress(46) at 2026-09-14 15:21:32: 17,714,442 states generated (656,766 s/min), 3,226,305 distinct states found (121,889 ds/min), 781,123 states left on queue.
Progress(46) at 2026-09-14 15:22:32: 18,392,804 states generated (678,362 s/min), 3,350,157 distinct states found (123,852 ds/min), 807,426 states left on queue.
Progress(46) at 2026-09-14 15:23:32: 19,119,893 states generated (727,089 s/min), 3,471,733 distinct states found (121,576 ds/min), 833,339 states left on queue.
Progress(46) at 2026-09-14 15:24:32: 19,867,745 states generated (747,852 s/min), 3,590,819 distinct states found (119,086 ds/min), 856,522 states left on queue.
Progress(46) at 2026-09-14 15:25:32: 20,624,494 states generated (756,749 s/min), 3,722,129 distinct states found (131,310 ds/min), 891,632 states left on queue.
Progress(46) at 2026-09-14 15:26:32: 21,584,492 states generated (959,998 s/min), 3,877,078 distinct states found (154,949 ds/min), 933,035 states left on queue.
Progress(47) at 2026-09-14 15:27:32: 22,842,918 states generated (1,258,426 s/min), 4,086,785 distinct states found (209,707 ds/min), 1,001,550 states left on queue.
