Picked up JAVA_TOOL_OPTIONS: -Djava.io.tmpdir=/home/ubuntu/nvflare-job-lifecycle-20260914/scratch/tmp
TLC2 Version 2.20 of Day Month 20?? (rev: ${git.shortRevision})
Running Random Simulation with seed -7755140977558999850 with 16 workers on 96 cores with 11776MB heap and 4096MB offheap memory [pid: 11955] (Linux 6.8.0-1044-azure amd64, Ubuntu 21.0.11 x86_64).
Parsing file /home/ubuntu/nvflare-job-lifecycle-20260914/specula/runs/nvflare-job-lifecycle-20260914/nvflare-job-lifecycle/.specula-output/spec/output/inputs-MC_hunt_s5_scheduling_progress-sim/MC.tla
Parsing file /home/ubuntu/nvflare-job-lifecycle-20260914/specula/runs/nvflare-job-lifecycle-20260914/nvflare-job-lifecycle/.specula-output/spec/output/inputs-MC_hunt_s5_scheduling_progress-sim/base.tla
Parsing file /home/ubuntu/nvflare-job-lifecycle-20260914/scratch/tmp/tlc-16848044417964030756/_JsonTrace.tla (jar:file:/home/ubuntu/nvflare-job-lifecycle-20260914/specula/lib/tla2tools.jar!/tla2sany/StandardModules/_JsonTrace.tla)
Parsing file /home/ubuntu/nvflare-job-lifecycle-20260914/scratch/tmp/tlc-16848044417964030756/_TLCTrace.tla (jar:file:/home/ubuntu/nvflare-job-lifecycle-20260914/specula/lib/tla2tools.jar!/tla2sany/StandardModules/_TLCTrace.tla)
Parsing file /home/ubuntu/nvflare-job-lifecycle-20260914/scratch/tmp/tlc-16848044417964030756/Integers.tla (jar:file:/home/ubuntu/nvflare-job-lifecycle-20260914/specula/lib/tla2tools.jar!/tla2sany/StandardModules/Integers.tla)
Parsing file /home/ubuntu/nvflare-job-lifecycle-20260914/scratch/tmp/tlc-16848044417964030756/Sequences.tla (jar:file:/home/ubuntu/nvflare-job-lifecycle-20260914/specula/lib/tla2tools.jar!/tla2sany/StandardModules/Sequences.tla)
Parsing file /home/ubuntu/nvflare-job-lifecycle-20260914/scratch/tmp/tlc-16848044417964030756/FiniteSets.tla (jar:file:/home/ubuntu/nvflare-job-lifecycle-20260914/specula/lib/tla2tools.jar!/tla2sany/StandardModules/FiniteSets.tla)
Parsing file /home/ubuntu/nvflare-job-lifecycle-20260914/scratch/tmp/tlc-16848044417964030756/TLC.tla (jar:file:/home/ubuntu/nvflare-job-lifecycle-20260914/specula/lib/tla2tools.jar!/tla2sany/StandardModules/TLC.tla)
Parsing file /home/ubuntu/nvflare-job-lifecycle-20260914/scratch/tmp/tlc-16848044417964030756/Naturals.tla (jar:file:/home/ubuntu/nvflare-job-lifecycle-20260914/specula/lib/tla2tools.jar!/tla2sany/StandardModules/Naturals.tla)
Parsing file /home/ubuntu/nvflare-job-lifecycle-20260914/scratch/tmp/tlc-16848044417964030756/TLCExt.tla (jar:file:/home/ubuntu/nvflare-job-lifecycle-20260914/specula/lib/tla2tools.jar!/tla2sany/StandardModules/TLCExt.tla)
Parsing file /home/ubuntu/nvflare-job-lifecycle-20260914/scratch/tmp/tlc-16848044417964030756/Json.tla (jar:file:/home/ubuntu/nvflare-job-lifecycle-20260914/specula/lib/tla2tools.jar!/tla2sany/StandardModules/Json.tla)
Semantic processing of module Naturals
Semantic processing of module Integers
Semantic processing of module Sequences
Semantic processing of module FiniteSets
Semantic processing of module TLC
Semantic processing of module base
Semantic processing of module TLCExt
Semantic processing of module Json
Semantic processing of module _JsonTrace
Semantic processing of module _TLCTrace
Semantic processing of module MC
Linting of module base
Linting of module TLCExt
Linting of module Json
Linting of module _JsonTrace
Linting of module _TLCTrace
Linting of module MC
Starting... (2026-09-14 15:31:03)
Implied-temporal checking--satisfiability problem has 110 branches.
Computed 1 initial states...
Finished computing initial states: 1 distinct state generated at 2026-09-14 15:31:20.
Exception in thread "Thread-10" java.lang.ClassCastException: class tlc2.value.impl.TupleValue cannot be cast to class tlc2.value.impl.FcnRcdValue (tlc2.value.impl.TupleValue and tlc2.value.impl.FcnRcdValue are in unnamed module of loader 'app')
	at tlc2.value.impl.FcnLambdaValue.toFcnRcd(FcnLambdaValue.java:709)
	at tlc2.value.impl.FcnLambdaValue.equals(FcnLambdaValue.java:116)
	at tlc2.value.impl.RecordValue.equals(RecordValue.java:357)
	at tlc2.value.impl.FcnRcdValue.equals(FcnRcdValue.java:318)
	at tlc2.tool.TLCStateMutExt.equals(TLCStateMutExt.java:100)
	at tlc2.tool.SimulationWorker.getTrace(SimulationWorker.java:785)
	at tlc2.tool.SimulationWorker.simulateAndReport(SimulationWorker.java:503)
	at tlc2.tool.SimulationWorker.run(SimulationWorker.java:470)
Exception in thread "Thread-5" java.lang.ClassCastException: class tlc2.value.impl.TupleValue cannot be cast to class tlc2.value.impl.FcnRcdValue (tlc2.value.impl.TupleValue and tlc2.value.impl.FcnRcdValue are in unnamed module of loader 'app')
	at tlc2.value.impl.FcnLambdaValue.toFcnRcd(FcnLambdaValue.java:709)
	at tlc2.value.impl.FcnLambdaValue.equals(FcnLambdaValue.java:116)
	at tlc2.value.impl.RecordValue.equals(RecordValue.java:357)
	at tlc2.value.impl.FcnRcdValue.equals(FcnRcdValue.java:318)
	at tlc2.tool.TLCStateMutExt.equals(TLCStateMutExt.java:100)
	at tlc2.tool.SimulationWorker.getTrace(SimulationWorker.java:785)
	at tlc2.tool.SimulationWorker.simulateAndReport(SimulationWorker.java:503)
	at tlc2.tool.SimulationWorker.run(SimulationWorker.java:470)
Exception in thread "Thread-8" java.lang.ClassCastException: class tlc2.value.impl.TupleValue cannot be cast to class tlc2.value.impl.FcnRcdValue (tlc2.value.impl.TupleValue and tlc2.value.impl.FcnRcdValue are in unnamed module of loader 'app')
	at tlc2.value.impl.FcnLambdaValue.toFcnRcd(FcnLambdaValue.java:709)
	at tlc2.value.impl.FcnLambdaValue.equals(FcnLambdaValue.java:116)
	at tlc2.value.impl.RecordValue.equals(RecordValue.java:357)
	at tlc2.value.impl.FcnRcdValue.equals(FcnRcdValue.java:318)
	at tlc2.tool.TLCStateMutExt.equals(TLCStateMutExt.java:100)
	at tlc2.tool.SimulationWorker.getTrace(SimulationWorker.java:785)
	at tlc2.tool.SimulationWorker.simulateAndReport(SimulationWorker.java:503)
	at tlc2.tool.SimulationWorker.run(SimulationWorker.java:470)
Exception in thread "Thread-15" java.lang.ClassCastException: class tlc2.value.impl.TupleValue cannot be cast to class tlc2.value.impl.FcnRcdValue (tlc2.value.impl.TupleValue and tlc2.value.impl.FcnRcdValue are in unnamed module of loader 'app')
	at tlc2.value.impl.FcnLambdaValue.toFcnRcd(FcnLambdaValue.java:709)
	at tlc2.value.impl.FcnLambdaValue.equals(FcnLambdaValue.java:116)
	at tlc2.value.impl.RecordValue.equals(RecordValue.java:357)
	at tlc2.value.impl.FcnRcdValue.equals(FcnRcdValue.java:318)
	at tlc2.tool.TLCStateMutExt.equals(TLCStateMutExt.java:100)
	at tlc2.tool.SimulationWorker.getTrace(SimulationWorker.java:785)
	at tlc2.tool.SimulationWorker.simulateAndReport(SimulationWorker.java:503)
	at tlc2.tool.SimulationWorker.run(SimulationWorker.java:470)
Exception in thread "Thread-3" java.lang.ClassCastException: class tlc2.value.impl.TupleValue cannot be cast to class tlc2.value.impl.FcnRcdValue (tlc2.value.impl.TupleValue and tlc2.value.impl.FcnRcdValue are in unnamed module of loader 'app')
	at tlc2.value.impl.FcnLambdaValue.toFcnRcd(FcnLambdaValue.java:709)
	at tlc2.value.impl.FcnLambdaValue.equals(FcnLambdaValue.java:116)
	at tlc2.value.impl.RecordValue.equals(RecordValue.java:357)
	at tlc2.value.impl.FcnRcdValue.equals(FcnRcdValue.java:318)
	at tlc2.tool.TLCStateMutExt.equals(TLCStateMutExt.java:100)
	at tlc2.tool.SimulationWorker.getTrace(SimulationWorker.java:785)
	at tlc2.tool.SimulationWorker.simulateAndReport(SimulationWorker.java:503)
	at tlc2.tool.SimulationWorker.run(SimulationWorker.java:470)
Exception in thread "Thread-4" java.lang.ClassCastException
Exception in thread "Thread-13" java.lang.ClassCastException
Exception in thread "Thread-9" java.lang.ClassCastException
Exception in thread "Thread-11" java.lang.ClassCastException
Exception in thread "Thread-7" java.lang.ClassCastException
Exception in thread "Thread-2" java.lang.ClassCastException
Exception in thread "Thread-12" java.lang.ClassCastException
Exception in thread "Thread-1" java.lang.ClassCastException
Exception in thread "Thread-6" java.lang.ClassCastException
Exception in thread "Thread-14" java.lang.ClassCastException
Exception in thread "Thread-0" java.lang.ClassCastException
Progress: 6989 states checked, 16 traces generated (trace length: mean=0, var(x)=0, sd=0)
Progress: 6989 states checked, 16 traces generated (trace length: mean=0, var(x)=0, sd=0)
Progress: 6989 states checked, 16 traces generated (trace length: mean=0, var(x)=0, sd=0)
