Instrumentation patch already applied
Instrumentation ready at /home/ubuntu/nvflare-runs-20260913/source-transfer
Compiled 13 Python modules; confirmed imports from /home/ubuntu/nvflare-runs-20260913/source-transfer
Running real Cell transfer scenarios (one fresh pytest process each)
test_confirmed_success PASS
test_receiver_failure_and_callbacks PASS
test_disjoint_receivers_and_idle_budget PASS
test_active_receiver_and_stalled_sibling PASS
test_never_acquired_receiver PASS
test_pipeline_consume_failure PASS
test_delete_with_late_confirmation PASS
test_shutdown_pending_waiter PASS
test_transaction_timeout PASS
test_producer_error PASS
test_producer_exception PASS
test_bounded_drain_and_late_cancel PASS
test_lost_confirmation PASS
test_executor_stopped_fallback PASS
test_queue_then_submit_exception PASS
test_outcome_computation_exception PASS
...........                                                              [100%]
11 passed in 0.62s
active_receiver_and_stalled_sibling.ndjson 221 events 67 types
bounded_drain_and_late_cancel.ndjson 79 events 46 types
confirmed_success.ndjson 254 events 62 types
delete_with_late_confirmation.ndjson 84 events 49 types
disjoint_receivers_and_idle_budget.ndjson 188 events 64 types
executor_stopped_fallback.ndjson 246 events 58 types
lost_confirmation.ndjson 251 events 64 types
never_acquired_receiver.ndjson 180 events 64 types
outcome_computation_exception.ndjson 247 events 59 types
pipeline_consume_failure.ndjson 204 events 63 types
producer_error.ndjson 245 events 61 types
producer_exception.ndjson 159 events 57 types
queue_then_submit_exception.ndjson 289 events 61 types
receiver_failure_and_callbacks.ndjson 246 events 61 types
shutdown_pending_waiter.ndjson 82 events 48 types
transaction_timeout.ndjson 54 events 29 types
Coverage: 94 / 94 actions
Missing: 
Validating all traces with unchanged Trace.tla and Trace.cfg (2G heap, 1G direct, 1 worker)
active_receiver_and_stalled_sibling PASS f6ddb9a45a314600a6468d1cc4a389cd
bounded_drain_and_late_cancel PASS e44e9e36e4714ecfbffa486c527c2ea0
confirmed_success PASS a859e06c86504390a76760d88e4abb0a
delete_with_late_confirmation PASS f55314310e7f48e2a71337fb5d39b612
disjoint_receivers_and_idle_budget PASS da4a44fcda6b4e709c487aad2e9b4467
executor_stopped_fallback PASS 236fc386f5714669b13ee191701fa209
lost_confirmation PASS 1005c9babf3942a0aca637fef20c5293
never_acquired_receiver PASS a0b5efc9ae8b43878005bd428810e419
outcome_computation_exception PASS b796c6b6f8b64bd29ae340ffeab212a4
pipeline_consume_failure PASS 16fade79593a4031b64c516ba96c8f3b
producer_error PASS 9eec6389a33643de9cd4f6b439b012ca
producer_exception PASS 9a7a61281b6344e3b0f7e4d7d23069c0
queue_then_submit_exception PASS b34aa3a7ef7d492fbd6104a2c86bfeac
receiver_failure_and_callbacks PASS 24e72f00a5f14ebbb1737c50a3566827
shutdown_pending_waiter PASS 6649e1c97eea49c4b1c0db3c78ff06f9
transaction_timeout PASS 9b5554778adc422babb6efb0d3c71b88
wrong_post REJECTED as expected
missing_post REJECTED as expected
unknown_event REJECTED as expected
Audit passed: 16 traces, 3029 events, 94/94 actions
    222 /home/ubuntu/nvflare-runs-20260913/specula/runs/nvflare-transfer-20260913/nvflare-transfer/.specula-output/traces/active_receiver_and_stalled_sibling.ndjson
     80 /home/ubuntu/nvflare-runs-20260913/specula/runs/nvflare-transfer-20260913/nvflare-transfer/.specula-output/traces/bounded_drain_and_late_cancel.ndjson
    255 /home/ubuntu/nvflare-runs-20260913/specula/runs/nvflare-transfer-20260913/nvflare-transfer/.specula-output/traces/confirmed_success.ndjson
     85 /home/ubuntu/nvflare-runs-20260913/specula/runs/nvflare-transfer-20260913/nvflare-transfer/.specula-output/traces/delete_with_late_confirmation.ndjson
    189 /home/ubuntu/nvflare-runs-20260913/specula/runs/nvflare-transfer-20260913/nvflare-transfer/.specula-output/traces/disjoint_receivers_and_idle_budget.ndjson
    247 /home/ubuntu/nvflare-runs-20260913/specula/runs/nvflare-transfer-20260913/nvflare-transfer/.specula-output/traces/executor_stopped_fallback.ndjson
    252 /home/ubuntu/nvflare-runs-20260913/specula/runs/nvflare-transfer-20260913/nvflare-transfer/.specula-output/traces/lost_confirmation.ndjson
    181 /home/ubuntu/nvflare-runs-20260913/specula/runs/nvflare-transfer-20260913/nvflare-transfer/.specula-output/traces/never_acquired_receiver.ndjson
    248 /home/ubuntu/nvflare-runs-20260913/specula/runs/nvflare-transfer-20260913/nvflare-transfer/.specula-output/traces/outcome_computation_exception.ndjson
    205 /home/ubuntu/nvflare-runs-20260913/specula/runs/nvflare-transfer-20260913/nvflare-transfer/.specula-output/traces/pipeline_consume_failure.ndjson
    246 /home/ubuntu/nvflare-runs-20260913/specula/runs/nvflare-transfer-20260913/nvflare-transfer/.specula-output/traces/producer_error.ndjson
    160 /home/ubuntu/nvflare-runs-20260913/specula/runs/nvflare-transfer-20260913/nvflare-transfer/.specula-output/traces/producer_exception.ndjson
    290 /home/ubuntu/nvflare-runs-20260913/specula/runs/nvflare-transfer-20260913/nvflare-transfer/.specula-output/traces/queue_then_submit_exception.ndjson
    247 /home/ubuntu/nvflare-runs-20260913/specula/runs/nvflare-transfer-20260913/nvflare-transfer/.specula-output/traces/receiver_failure_and_callbacks.ndjson
     83 /home/ubuntu/nvflare-runs-20260913/specula/runs/nvflare-transfer-20260913/nvflare-transfer/.specula-output/traces/shutdown_pending_waiter.ndjson
     55 /home/ubuntu/nvflare-runs-20260913/specula/runs/nvflare-transfer-20260913/nvflare-transfer/.specula-output/traces/transaction_timeout.ndjson
   3045 total
