TLC2 Version 2.20 of Day Month 20?? (rev: ${git.shortRevision})
Running breadth-first search Model-Checking with fp 84 and seed 42 with 48 workers on 48 cores with 14564MB heap and 64MB offheap memory [pid: 921770] (Linux 6.8.0-1044-azure amd64, Ubuntu 21.0.10 x86_64, MSBDiskFPSet, DiskStateQueue).
Parsing file /home/ubuntu/Specula/case-studies/cometbft/spec/MC.tla
Parsing file /home/ubuntu/Specula/case-studies/cometbft/spec/base.tla
Parsing file /tmp/tlc-9989826604929217343/_TLCTrace.tla (jar:file:/home/ubuntu/Specula/lib/tla2tools.jar!/tla2sany/StandardModules/_TLCTrace.tla)
Parsing file /tmp/tlc-9989826604929217343/Integers.tla (jar:file:/home/ubuntu/Specula/lib/tla2tools.jar!/tla2sany/StandardModules/Integers.tla)
Parsing file /tmp/tlc-9989826604929217343/Sequences.tla (jar:file:/home/ubuntu/Specula/lib/tla2tools.jar!/tla2sany/StandardModules/Sequences.tla)
Parsing file /tmp/tlc-9989826604929217343/FiniteSets.tla (jar:file:/home/ubuntu/Specula/lib/tla2tools.jar!/tla2sany/StandardModules/FiniteSets.tla)
Parsing file /tmp/tlc-9989826604929217343/Bags.tla (jar:file:/home/ubuntu/Specula/lib/tla2tools.jar!/tla2sany/StandardModules/Bags.tla)
Parsing file /tmp/tlc-9989826604929217343/TLC.tla (jar:file:/home/ubuntu/Specula/lib/tla2tools.jar!/tla2sany/StandardModules/TLC.tla)
Parsing file /tmp/tlc-9989826604929217343/Naturals.tla (jar:file:/home/ubuntu/Specula/lib/tla2tools.jar!/tla2sany/StandardModules/Naturals.tla)
Parsing file /tmp/tlc-9989826604929217343/TLCExt.tla (jar:file:/home/ubuntu/Specula/lib/tla2tools.jar!/tla2sany/StandardModules/TLCExt.tla)
Semantic processing of module Naturals
Semantic processing of module Integers
Semantic processing of module Sequences
Semantic processing of module FiniteSets
Semantic processing of module TLC
Semantic processing of module Bags
Semantic processing of module base
Semantic processing of module TLCExt
Semantic processing of module _TLCTrace
Semantic processing of module MC
Linting of module base
Linting of module TLCExt
Linting of module _TLCTrace
Linting of module MC
Starting... (2026-02-27 08:55:08)
Warning: Temporal properties (PROPERTY or PROPERTIES) are being verified without a fairness constraint conjoined to the behavior specification MCSpec defined at line 282, col 1 to line 282, col 38 of module MC. This may lead to trivial counterexamples in which the system exhibits infinite stuttering immediately after the initial state. To avoid this, it is recommended to conjoin a suitable fairness constraint to MCSpec (compare Chapter 8, page 87ff of Specifying Systems at https://lamport.azurewebsites.net/tla/book.html).
(Use the -nowarning option to disable this warning.)
Warning: Declaring symmetry during liveness checking is dangerous. It might cause TLC to miss violations of the stated liveness properties. Please check liveness without symmetry defined.
Implied-temporal checking--satisfiability problem has 9 branches.
Computing initial states...
Finished computing initial states: 1 distinct state generated at 2026-02-27 08:55:09.
Checking 9 branches of temporal properties for the current state space with 66879 total distinct states at (2026-02-27 08:55:12)
Finished checking temporal properties in 00s at 2026-02-27 08:55:12
Progress(12) at 2026-02-27 08:55:12: 23,505 states generated (23,505 s/min), 7,431 distinct states found (7,431 ds/min), 4,451 states left on queue.
Checking 9 branches of temporal properties for the current state space with 1652229 total distinct states at (2026-02-27 08:56:13)
Error: Temporal properties were violated.

Error: The following behavior constitutes a counter-example:

State 1: <Initial predicate>
/\ validValue = (s1 :> Nil @@ s2 :> Nil @@ s3 :> Nil)
/\ committedEvidence = {}
/\ height = (s1 :> 1 @@ s2 :> 1 @@ s3 :> 1)
/\ lockedRound = (s1 :> -1 @@ s2 :> -1 @@ s3 :> -1)
/\ voteExtension = (s1 :> "ValidVE" @@ s2 :> "ValidVE" @@ s3 :> "ValidVE")
/\ step = (s1 :> "StepNewHeight" @@ s2 :> "StepNewHeight" @@ s3 :> "StepNewHeight")
/\ privvalLastSigned = ( s1 :> [round |-> 0, height |-> 0] @@
  s2 :> [round |-> 0, height |-> 0] @@
  s3 :> [round |-> 0, height |-> 0] )
/\ round = (s1 :> 0 @@ s2 :> 0 @@ s3 :> 0)
/\ proposal = (s1 :> Nil @@ s2 :> Nil @@ s3 :> Nil)
/\ proposalBlock = (s1 :> Nil @@ s2 :> Nil @@ s3 :> Nil)
/\ walEntries = (s1 :> <<>> @@ s2 :> <<>> @@ s3 :> <<>>)
/\ crashed = (s1 :> FALSE @@ s2 :> FALSE @@ s3 :> FALSE)
/\ pendingEvidence = {}
/\ validRound = (s1 :> -1 @@ s2 :> -1 @@ s3 :> -1)
/\ veVerified = ( s1 :> (s1 :> FALSE @@ s2 :> FALSE @@ s3 :> FALSE) @@
  s2 :> (s1 :> FALSE @@ s2 :> FALSE @@ s3 :> FALSE) @@
  s3 :> (s1 :> FALSE @@ s2 :> FALSE @@ s3 :> FALSE) )
/\ decision = (s1 :> <<Nil, Nil>> @@ s2 :> <<Nil, Nil>> @@ s3 :> <<Nil, Nil>>)
/\ lockedValue = (s1 :> Nil @@ s2 :> Nil @@ s3 :> Nil)
/\ proposerHistory = <<s2, s3>>
/\ faultCounters = [timeout |-> 0, crash |-> 0, lose |-> 0, invalidVE |-> 0]
/\ prevotes = ( s1 :>
      ( 0 :> (s1 :> Nil @@ s2 :> Nil @@ s3 :> Nil) @@
        1 :> (s1 :> Nil @@ s2 :> Nil @@ s3 :> Nil) @@
        2 :> (s1 :> Nil @@ s2 :> Nil @@ s3 :> Nil) ) @@
  s2 :>
      ( 0 :> (s1 :> Nil @@ s2 :> Nil @@ s3 :> Nil) @@
        1 :> (s1 :> Nil @@ s2 :> Nil @@ s3 :> Nil) @@
        2 :> (s1 :> Nil @@ s2 :> Nil @@ s3 :> Nil) ) @@
  s3 :>
      ( 0 :> (s1 :> Nil @@ s2 :> Nil @@ s3 :> Nil) @@
        1 :> (s1 :> Nil @@ s2 :> Nil @@ s3 :> Nil) @@
        2 :> (s1 :> Nil @@ s2 :> Nil @@ s3 :> Nil) ) )
/\ timeoutScheduled = (s1 :> {} @@ s2 :> {} @@ s3 :> {})
/\ messages = <<>>
/\ precommits = ( s1 :>
      ( 0 :> (s1 :> Nil @@ s2 :> Nil @@ s3 :> Nil) @@
        1 :> (s1 :> Nil @@ s2 :> Nil @@ s3 :> Nil) @@
        2 :> (s1 :> Nil @@ s2 :> Nil @@ s3 :> Nil) ) @@
  s2 :>
      ( 0 :> (s1 :> Nil @@ s2 :> Nil @@ s3 :> Nil) @@
        1 :> (s1 :> Nil @@ s2 :> Nil @@ s3 :> Nil) @@
        2 :> (s1 :> Nil @@ s2 :> Nil @@ s3 :> Nil) ) @@
  s3 :>
      ( 0 :> (s1 :> Nil @@ s2 :> Nil @@ s3 :> Nil) @@
        1 :> (s1 :> Nil @@ s2 :> Nil @@ s3 :> Nil) @@
        2 :> (s1 :> Nil @@ s2 :> Nil @@ s3 :> Nil) ) )

State 2: <MCEnterNewRound(s1) line 101, col 5 to line 102, col 26 of module MC>
/\ validValue = (s1 :> Nil @@ s2 :> Nil @@ s3 :> Nil)
/\ committedEvidence = {}
/\ height = (s1 :> 1 @@ s2 :> 1 @@ s3 :> 1)
/\ lockedRound = (s1 :> -1 @@ s2 :> -1 @@ s3 :> -1)
/\ voteExtension = (s1 :> "ValidVE" @@ s2 :> "ValidVE" @@ s3 :> "ValidVE")
/\ step = (s1 :> "StepNewRound" @@ s2 :> "StepNewHeight" @@ s3 :> "StepNewHeight")
/\ privvalLastSigned = ( s1 :> [round |-> 0, height |-> 0] @@
  s2 :> [round |-> 0, height |-> 0] @@
  s3 :> [round |-> 0, height |-> 0] )
/\ round = (s1 :> 0 @@ s2 :> 0 @@ s3 :> 0)
/\ proposal = (s1 :> Nil @@ s2 :> Nil @@ s3 :> Nil)
/\ proposalBlock = (s1 :> Nil @@ s2 :> Nil @@ s3 :> Nil)
/\ walEntries = (s1 :> <<>> @@ s2 :> <<>> @@ s3 :> <<>>)
/\ crashed = (s1 :> FALSE @@ s2 :> FALSE @@ s3 :> FALSE)
/\ pendingEvidence = {}
/\ validRound = (s1 :> -1 @@ s2 :> -1 @@ s3 :> -1)
/\ veVerified = ( s1 :> (s1 :> FALSE @@ s2 :> FALSE @@ s3 :> FALSE) @@
  s2 :> (s1 :> FALSE @@ s2 :> FALSE @@ s3 :> FALSE) @@
  s3 :> (s1 :> FALSE @@ s2 :> FALSE @@ s3 :> FALSE) )
/\ decision = (s1 :> <<Nil, Nil>> @@ s2 :> <<Nil, Nil>> @@ s3 :> <<Nil, Nil>>)
/\ lockedValue = (s1 :> Nil @@ s2 :> Nil @@ s3 :> Nil)
/\ proposerHistory = <<s2, s3>>
/\ faultCounters = [timeout |-> 0, crash |-> 0, lose |-> 0, invalidVE |-> 0]
/\ prevotes = ( s1 :>
      ( 0 :> (s1 :> Nil @@ s2 :> Nil @@ s3 :> Nil) @@
        1 :> (s1 :> Nil @@ s2 :> Nil @@ s3 :> Nil) @@
        2 :> (s1 :> Nil @@ s2 :> Nil @@ s3 :> Nil) ) @@
  s2 :>
      ( 0 :> (s1 :> Nil @@ s2 :> Nil @@ s3 :> Nil) @@
        1 :> (s1 :> Nil @@ s2 :> Nil @@ s3 :> Nil) @@
        2 :> (s1 :> Nil @@ s2 :> Nil @@ s3 :> Nil) ) @@
  s3 :>
      ( 0 :> (s1 :> Nil @@ s2 :> Nil @@ s3 :> Nil) @@
        1 :> (s1 :> Nil @@ s2 :> Nil @@ s3 :> Nil) @@
        2 :> (s1 :> Nil @@ s2 :> Nil @@ s3 :> Nil) ) )
/\ timeoutScheduled = (s1 :> {} @@ s2 :> {} @@ s3 :> {})
/\ messages = <<>>
/\ precommits = ( s1 :>
      ( 0 :> (s1 :> Nil @@ s2 :> Nil @@ s3 :> Nil) @@
        1 :> (s1 :> Nil @@ s2 :> Nil @@ s3 :> Nil) @@
        2 :> (s1 :> Nil @@ s2 :> Nil @@ s3 :> Nil) ) @@
  s2 :>
      ( 0 :> (s1 :> Nil @@ s2 :> Nil @@ s3 :> Nil) @@
        1 :> (s1 :> Nil @@ s2 :> Nil @@ s3 :> Nil) @@
        2 :> (s1 :> Nil @@ s2 :> Nil @@ s3 :> Nil) ) @@
  s3 :>
      ( 0 :> (s1 :> Nil @@ s2 :> Nil @@ s3 :> Nil) @@
        1 :> (s1 :> Nil @@ s2 :> Nil @@ s3 :> Nil) @@
        2 :> (s1 :> Nil @@ s2 :> Nil @@ s3 :> Nil) ) )

State 3: <MCEnterPropose(s1) line 105, col 5 to line 106, col 26 of module MC>
/\ validValue = (s1 :> Nil @@ s2 :> Nil @@ s3 :> Nil)
/\ committedEvidence = {}
/\ height = (s1 :> 1 @@ s2 :> 1 @@ s3 :> 1)
/\ lockedRound = (s1 :> -1 @@ s2 :> -1 @@ s3 :> -1)
/\ voteExtension = (s1 :> "ValidVE" @@ s2 :> "ValidVE" @@ s3 :> "ValidVE")
/\ step = (s1 :> "StepPropose" @@ s2 :> "StepNewHeight" @@ s3 :> "StepNewHeight")
/\ privvalLastSigned = ( s1 :> [round |-> 0, height |-> 0] @@
  s2 :> [round |-> 0, height |-> 0] @@
  s3 :> [round |-> 0, height |-> 0] )
/\ round = (s1 :> 0 @@ s2 :> 0 @@ s3 :> 0)
/\ proposal = (s1 :> Nil @@ s2 :> Nil @@ s3 :> Nil)
/\ proposalBlock = (s1 :> Nil @@ s2 :> Nil @@ s3 :> Nil)
/\ walEntries = (s1 :> <<>> @@ s2 :> <<>> @@ s3 :> <<>>)
/\ crashed = (s1 :> FALSE @@ s2 :> FALSE @@ s3 :> FALSE)
/\ pendingEvidence = {}
/\ validRound = (s1 :> -1 @@ s2 :> -1 @@ s3 :> -1)
/\ veVerified = ( s1 :> (s1 :> FALSE @@ s2 :> FALSE @@ s3 :> FALSE) @@
  s2 :> (s1 :> FALSE @@ s2 :> FALSE @@ s3 :> FALSE) @@
  s3 :> (s1 :> FALSE @@ s2 :> FALSE @@ s3 :> FALSE) )
/\ decision = (s1 :> <<Nil, Nil>> @@ s2 :> <<Nil, Nil>> @@ s3 :> <<Nil, Nil>>)
/\ lockedValue = (s1 :> Nil @@ s2 :> Nil @@ s3 :> Nil)
/\ proposerHistory = <<s2, s3>>
/\ faultCounters = [timeout |-> 0, crash |-> 0, lose |-> 0, invalidVE |-> 0]
/\ prevotes = ( s1 :>
      ( 0 :> (s1 :> Nil @@ s2 :> Nil @@ s3 :> Nil) @@
        1 :> (s1 :> Nil @@ s2 :> Nil @@ s3 :> Nil) @@
        2 :> (s1 :> Nil @@ s2 :> Nil @@ s3 :> Nil) ) @@
  s2 :>
      ( 0 :> (s1 :> Nil @@ s2 :> Nil @@ s3 :> Nil) @@
        1 :> (s1 :> Nil @@ s2 :> Nil @@ s3 :> Nil) @@
        2 :> (s1 :> Nil @@ s2 :> Nil @@ s3 :> Nil) ) @@
  s3 :>
      ( 0 :> (s1 :> Nil @@ s2 :> Nil @@ s3 :> Nil) @@
        1 :> (s1 :> Nil @@ s2 :> Nil @@ s3 :> Nil) @@
        2 :> (s1 :> Nil @@ s2 :> Nil @@ s3 :> Nil) ) )
/\ timeoutScheduled = (s1 :> {"propose"} @@ s2 :> {} @@ s3 :> {})
/\ messages = <<>>
/\ precommits = ( s1 :>
      ( 0 :> (s1 :> Nil @@ s2 :> Nil @@ s3 :> Nil) @@
        1 :> (s1 :> Nil @@ s2 :> Nil @@ s3 :> Nil) @@
        2 :> (s1 :> Nil @@ s2 :> Nil @@ s3 :> Nil) ) @@
  s2 :>
      ( 0 :> (s1 :> Nil @@ s2 :> Nil @@ s3 :> Nil) @@
        1 :> (s1 :> Nil @@ s2 :> Nil @@ s3 :> Nil) @@
        2 :> (s1 :> Nil @@ s2 :> Nil @@ s3 :> Nil) ) @@
  s3 :>
      ( 0 :> (s1 :> Nil @@ s2 :> Nil @@ s3 :> Nil) @@
        1 :> (s1 :> Nil @@ s2 :> Nil @@ s3 :> Nil) @@
        2 :> (s1 :> Nil @@ s2 :> Nil @@ s3 :> Nil) ) )

State 4: <MCEnterPrevote(s1) line 109, col 5 to line 110, col 26 of module MC>
/\ validValue = (s1 :> Nil @@ s2 :> Nil @@ s3 :> Nil)
/\ committedEvidence = {}
/\ height = (s1 :> 1 @@ s2 :> 1 @@ s3 :> 1)
/\ lockedRound = (s1 :> -1 @@ s2 :> -1 @@ s3 :> -1)
/\ voteExtension = (s1 :> "ValidVE" @@ s2 :> "ValidVE" @@ s3 :> "ValidVE")
/\ step = (s1 :> "StepPrevote" @@ s2 :> "StepNewHeight" @@ s3 :> "StepNewHeight")
/\ privvalLastSigned = ( s1 :> [round |-> 0, height |-> 0] @@
  s2 :> [round |-> 0, height |-> 0] @@
  s3 :> [round |-> 0, height |-> 0] )
/\ round = (s1 :> 0 @@ s2 :> 0 @@ s3 :> 0)
/\ proposal = (s1 :> Nil @@ s2 :> Nil @@ s3 :> Nil)
/\ proposalBlock = (s1 :> Nil @@ s2 :> Nil @@ s3 :> Nil)
/\ walEntries = ( s1 :>
      << [ round |-> 0,
           height |-> 1,
           value |-> NilVote,
           type |-> "vote",
           voteType |-> "prevote" ] >> @@
  s2 :> <<>> @@
  s3 :> <<>> )
/\ crashed = (s1 :> FALSE @@ s2 :> FALSE @@ s3 :> FALSE)
/\ pendingEvidence = {}
/\ validRound = (s1 :> -1 @@ s2 :> -1 @@ s3 :> -1)
/\ veVerified = ( s1 :> (s1 :> FALSE @@ s2 :> FALSE @@ s3 :> FALSE) @@
  s2 :> (s1 :> FALSE @@ s2 :> FALSE @@ s3 :> FALSE) @@
  s3 :> (s1 :> FALSE @@ s2 :> FALSE @@ s3 :> FALSE) )
/\ decision = (s1 :> <<Nil, Nil>> @@ s2 :> <<Nil, Nil>> @@ s3 :> <<Nil, Nil>>)
/\ lockedValue = (s1 :> Nil @@ s2 :> Nil @@ s3 :> Nil)
/\ proposerHistory = <<s2, s3>>
/\ faultCounters = [timeout |-> 0, crash |-> 0, lose |-> 0, invalidVE |-> 0]
/\ prevotes = ( s1 :>
      ( 0 :> (s1 :> NilVote @@ s2 :> Nil @@ s3 :> Nil) @@
        1 :> (s1 :> Nil @@ s2 :> Nil @@ s3 :> Nil) @@
        2 :> (s1 :> Nil @@ s2 :> Nil @@ s3 :> Nil) ) @@
  s2 :>
      ( 0 :> (s1 :> Nil @@ s2 :> Nil @@ s3 :> Nil) @@
        1 :> (s1 :> Nil @@ s2 :> Nil @@ s3 :> Nil) @@
        2 :> (s1 :> Nil @@ s2 :> Nil @@ s3 :> Nil) ) @@
  s3 :>
      ( 0 :> (s1 :> Nil @@ s2 :> Nil @@ s3 :> Nil) @@
        1 :> (s1 :> Nil @@ s2 :> Nil @@ s3 :> Nil) @@
        2 :> (s1 :> Nil @@ s2 :> Nil @@ s3 :> Nil) ) )
/\ timeoutScheduled = (s1 :> {"propose"} @@ s2 :> {} @@ s3 :> {})
/\ messages = ( [ round |-> 0,
    height |-> 1,
    dest |-> s2,
    value |-> NilVote,
    source |-> s1,
    mtype |-> "PrevoteMsg" ] :>
      1 @@
  [ round |-> 0,
    height |-> 1,
    dest |-> s3,
    value |-> NilVote,
    source |-> s1,
    mtype |-> "PrevoteMsg" ] :>
      1 )
/\ precommits = ( s1 :>
      ( 0 :> (s1 :> Nil @@ s2 :> Nil @@ s3 :> Nil) @@
        1 :> (s1 :> Nil @@ s2 :> Nil @@ s3 :> Nil) @@
        2 :> (s1 :> Nil @@ s2 :> Nil @@ s3 :> Nil) ) @@
  s2 :>
      ( 0 :> (s1 :> Nil @@ s2 :> Nil @@ s3 :> Nil) @@
        1 :> (s1 :> Nil @@ s2 :> Nil @@ s3 :> Nil) @@
        2 :> (s1 :> Nil @@ s2 :> Nil @@ s3 :> Nil) ) @@
  s3 :>
      ( 0 :> (s1 :> Nil @@ s2 :> Nil @@ s3 :> Nil) @@
        1 :> (s1 :> Nil @@ s2 :> Nil @@ s3 :> Nil) @@
        2 :> (s1 :> Nil @@ s2 :> Nil @@ s3 :> Nil) ) )

State 5: <MCEnterPrecommitNoPolka(s1) line 117, col 5 to line 118, col 26 of module MC>
/\ validValue = (s1 :> Nil @@ s2 :> Nil @@ s3 :> Nil)
/\ committedEvidence = {}
/\ height = (s1 :> 1 @@ s2 :> 1 @@ s3 :> 1)
/\ lockedRound = (s1 :> -1 @@ s2 :> -1 @@ s3 :> -1)
/\ voteExtension = (s1 :> "ValidVE" @@ s2 :> "ValidVE" @@ s3 :> "ValidVE")
/\ step = (s1 :> "StepPrecommit" @@ s2 :> "StepNewHeight" @@ s3 :> "StepNewHeight")
/\ privvalLastSigned = ( s1 :> [round |-> 0, height |-> 0] @@
  s2 :> [round |-> 0, height |-> 0] @@
  s3 :> [round |-> 0, height |-> 0] )
/\ round = (s1 :> 0 @@ s2 :> 0 @@ s3 :> 0)
/\ proposal = (s1 :> Nil @@ s2 :> Nil @@ s3 :> Nil)
/\ proposalBlock = (s1 :> Nil @@ s2 :> Nil @@ s3 :> Nil)
/\ walEntries = ( s1 :>
      << [ round |-> 0,
           height |-> 1,
           value |-> NilVote,
           type |-> "vote",
           voteType |-> "prevote" ],
         [ round |-> 0,
           height |-> 1,
           value |-> NilVote,
           type |-> "vote",
           voteType |-> "precommit" ] >> @@
  s2 :> <<>> @@
  s3 :> <<>> )
/\ crashed = (s1 :> FALSE @@ s2 :> FALSE @@ s3 :> FALSE)
/\ pendingEvidence = {}
/\ validRound = (s1 :> -1 @@ s2 :> -1 @@ s3 :> -1)
/\ veVerified = ( s1 :> (s1 :> FALSE @@ s2 :> FALSE @@ s3 :> FALSE) @@
  s2 :> (s1 :> FALSE @@ s2 :> FALSE @@ s3 :> FALSE) @@
  s3 :> (s1 :> FALSE @@ s2 :> FALSE @@ s3 :> FALSE) )
/\ decision = (s1 :> <<Nil, Nil>> @@ s2 :> <<Nil, Nil>> @@ s3 :> <<Nil, Nil>>)
/\ lockedValue = (s1 :> Nil @@ s2 :> Nil @@ s3 :> Nil)
/\ proposerHistory = <<s2, s3>>
/\ faultCounters = [timeout |-> 0, crash |-> 0, lose |-> 0, invalidVE |-> 0]
/\ prevotes = ( s1 :>
      ( 0 :> (s1 :> NilVote @@ s2 :> Nil @@ s3 :> Nil) @@
        1 :> (s1 :> Nil @@ s2 :> Nil @@ s3 :> Nil) @@
        2 :> (s1 :> Nil @@ s2 :> Nil @@ s3 :> Nil) ) @@
  s2 :>
      ( 0 :> (s1 :> Nil @@ s2 :> Nil @@ s3 :> Nil) @@
        1 :> (s1 :> Nil @@ s2 :> Nil @@ s3 :> Nil) @@
        2 :> (s1 :> Nil @@ s2 :> Nil @@ s3 :> Nil) ) @@
  s3 :>
      ( 0 :> (s1 :> Nil @@ s2 :> Nil @@ s3 :> Nil) @@
        1 :> (s1 :> Nil @@ s2 :> Nil @@ s3 :> Nil) @@
        2 :> (s1 :> Nil @@ s2 :> Nil @@ s3 :> Nil) ) )
/\ timeoutScheduled = (s1 :> {"propose"} @@ s2 :> {} @@ s3 :> {})
/\ messages = ( [ round |-> 0,
    height |-> 1,
    dest |-> s2,
    value |-> NilVote,
    source |-> s1,
    mtype |-> "PrevoteMsg" ] :>
      1 @@
  [ round |-> 0,
    height |-> 1,
    dest |-> s3,
    value |-> NilVote,
    source |-> s1,
    mtype |-> "PrevoteMsg" ] :>
      1 @@
  [ round |-> 0,
    height |-> 1,
    dest |-> s2,
    value |-> NilVote,
    source |-> s1,
    mtype |-> "PrecommitMsg",
    ve |-> "NoVE" ] :>
      1 @@
  [ round |-> 0,
    height |-> 1,
    dest |-> s3,
    value |-> NilVote,
    source |-> s1,
    mtype |-> "PrecommitMsg",
    ve |-> "NoVE" ] :>
      1 )
/\ precommits = ( s1 :>
      ( 0 :> (s1 :> NilVote @@ s2 :> Nil @@ s3 :> Nil) @@
        1 :> (s1 :> Nil @@ s2 :> Nil @@ s3 :> Nil) @@
        2 :> (s1 :> Nil @@ s2 :> Nil @@ s3 :> Nil) ) @@
  s2 :>
      ( 0 :> (s1 :> Nil @@ s2 :> Nil @@ s3 :> Nil) @@
        1 :> (s1 :> Nil @@ s2 :> Nil @@ s3 :> Nil) @@
        2 :> (s1 :> Nil @@ s2 :> Nil @@ s3 :> Nil) ) @@
  s3 :>
      ( 0 :> (s1 :> Nil @@ s2 :> Nil @@ s3 :> Nil) @@
        1 :> (s1 :> Nil @@ s2 :> Nil @@ s3 :> Nil) @@
        2 :> (s1 :> Nil @@ s2 :> Nil @@ s3 :> Nil) ) )

State 6: <MCEnterNewRound(s2) line 101, col 5 to line 102, col 26 of module MC>
/\ validValue = (s1 :> Nil @@ s2 :> Nil @@ s3 :> Nil)
/\ committedEvidence = {}
/\ height = (s1 :> 1 @@ s2 :> 1 @@ s3 :> 1)
/\ lockedRound = (s1 :> -1 @@ s2 :> -1 @@ s3 :> -1)
/\ voteExtension = (s1 :> "ValidVE" @@ s2 :> "ValidVE" @@ s3 :> "ValidVE")
/\ step = (s1 :> "StepPrecommit" @@ s2 :> "StepNewRound" @@ s3 :> "StepNewHeight")
/\ privvalLastSigned = ( s1 :> [round |-> 0, height |-> 0] @@
  s2 :> [round |-> 0, height |-> 0] @@
  s3 :> [round |-> 0, height |-> 0] )
/\ round = (s1 :> 0 @@ s2 :> 0 @@ s3 :> 0)
/\ proposal = (s1 :> Nil @@ s2 :> Nil @@ s3 :> Nil)
/\ proposalBlock = (s1 :> Nil @@ s2 :> Nil @@ s3 :> Nil)
/\ walEntries = ( s1 :>
      << [ round |-> 0,
           height |-> 1,
           value |-> NilVote,
           type |-> "vote",
           voteType |-> "prevote" ],
         [ round |-> 0,
           height |-> 1,
           value |-> NilVote,
           type |-> "vote",
           voteType |-> "precommit" ] >> @@
  s2 :> <<>> @@
  s3 :> <<>> )
/\ crashed = (s1 :> FALSE @@ s2 :> FALSE @@ s3 :> FALSE)
/\ pendingEvidence = {}
/\ validRound = (s1 :> -1 @@ s2 :> -1 @@ s3 :> -1)
/\ veVerified = ( s1 :> (s1 :> FALSE @@ s2 :> FALSE @@ s3 :> FALSE) @@
  s2 :> (s1 :> FALSE @@ s2 :> FALSE @@ s3 :> FALSE) @@
  s3 :> (s1 :> FALSE @@ s2 :> FALSE @@ s3 :> FALSE) )
/\ decision = (s1 :> <<Nil, Nil>> @@ s2 :> <<Nil, Nil>> @@ s3 :> <<Nil, Nil>>)
/\ lockedValue = (s1 :> Nil @@ s2 :> Nil @@ s3 :> Nil)
/\ proposerHistory = <<s2, s3>>
/\ faultCounters = [timeout |-> 0, crash |-> 0, lose |-> 0, invalidVE |-> 0]
/\ prevotes = ( s1 :>
      ( 0 :> (s1 :> NilVote @@ s2 :> Nil @@ s3 :> Nil) @@
        1 :> (s1 :> Nil @@ s2 :> Nil @@ s3 :> Nil) @@
        2 :> (s1 :> Nil @@ s2 :> Nil @@ s3 :> Nil) ) @@
  s2 :>
      ( 0 :> (s1 :> Nil @@ s2 :> Nil @@ s3 :> Nil) @@
        1 :> (s1 :> Nil @@ s2 :> Nil @@ s3 :> Nil) @@
        2 :> (s1 :> Nil @@ s2 :> Nil @@ s3 :> Nil) ) @@
  s3 :>
      ( 0 :> (s1 :> Nil @@ s2 :> Nil @@ s3 :> Nil) @@
        1 :> (s1 :> Nil @@ s2 :> Nil @@ s3 :> Nil) @@
        2 :> (s1 :> Nil @@ s2 :> Nil @@ s3 :> Nil) ) )
/\ timeoutScheduled = (s1 :> {"propose"} @@ s2 :> {} @@ s3 :> {})
/\ messages = ( [ round |-> 0,
    height |-> 1,
    dest |-> s2,
    value |-> NilVote,
    source |-> s1,
    mtype |-> "PrevoteMsg" ] :>
      1 @@
  [ round |-> 0,
    height |-> 1,
    dest |-> s3,
    value |-> NilVote,
    source |-> s1,
    mtype |-> "PrevoteMsg" ] :>
      1 @@
  [ round |-> 0,
    height |-> 1,
    dest |-> s2,
    value |-> NilVote,
    source |-> s1,
    mtype |-> "PrecommitMsg",
    ve |-> "NoVE" ] :>
      1 @@
  [ round |-> 0,
    height |-> 1,
    dest |-> s3,
    value |-> NilVote,
    source |-> s1,
    mtype |-> "PrecommitMsg",
    ve |-> "NoVE" ] :>
      1 )
/\ precommits = ( s1 :>
      ( 0 :> (s1 :> NilVote @@ s2 :> Nil @@ s3 :> Nil) @@
        1 :> (s1 :> Nil @@ s2 :> Nil @@ s3 :> Nil) @@
        2 :> (s1 :> Nil @@ s2 :> Nil @@ s3 :> Nil) ) @@
  s2 :>
      ( 0 :> (s1 :> Nil @@ s2 :> Nil @@ s3 :> Nil) @@
        1 :> (s1 :> Nil @@ s2 :> Nil @@ s3 :> Nil) @@
        2 :> (s1 :> Nil @@ s2 :> Nil @@ s3 :> Nil) ) @@
  s3 :>
      ( 0 :> (s1 :> Nil @@ s2 :> Nil @@ s3 :> Nil) @@
        1 :> (s1 :> Nil @@ s2 :> Nil @@ s3 :> Nil) @@
        2 :> (s1 :> Nil @@ s2 :> Nil @@ s3 :> Nil) ) )

State 7: <MCEnterPrevote(s2) line 109, col 5 to line 110, col 26 of module MC>
/\ validValue = (s1 :> Nil @@ s2 :> Nil @@ s3 :> Nil)
/\ committedEvidence = {}
/\ height = (s1 :> 1 @@ s2 :> 1 @@ s3 :> 1)
/\ lockedRound = (s1 :> -1 @@ s2 :> -1 @@ s3 :> -1)
/\ voteExtension = (s1 :> "ValidVE" @@ s2 :> "ValidVE" @@ s3 :> "ValidVE")
/\ step = (s1 :> "StepPrecommit" @@ s2 :> "StepPrevote" @@ s3 :> "StepNewHeight")
/\ privvalLastSigned = ( s1 :> [round |-> 0, height |-> 0] @@
  s2 :> [round |-> 0, height |-> 0] @@
  s3 :> [round |-> 0, height |-> 0] )
/\ round = (s1 :> 0 @@ s2 :> 0 @@ s3 :> 0)
/\ proposal = (s1 :> Nil @@ s2 :> Nil @@ s3 :> Nil)
/\ proposalBlock = (s1 :> Nil @@ s2 :> Nil @@ s3 :> Nil)
/\ walEntries = ( s1 :>
      << [ round |-> 0,
           height |-> 1,
           value |-> NilVote,
           type |-> "vote",
           voteType |-> "prevote" ],
         [ round |-> 0,
           height |-> 1,
           value |-> NilVote,
           type |-> "vote",
           voteType |-> "precommit" ] >> @@
  s2 :>
      << [ round |-> 0,
           height |-> 1,
           value |-> NilVote,
           type |-> "vote",
           voteType |-> "prevote" ] >> @@
  s3 :> <<>> )
/\ crashed = (s1 :> FALSE @@ s2 :> FALSE @@ s3 :> FALSE)
/\ pendingEvidence = {}
/\ validRound = (s1 :> -1 @@ s2 :> -1 @@ s3 :> -1)
/\ veVerified = ( s1 :> (s1 :> FALSE @@ s2 :> FALSE @@ s3 :> FALSE) @@
  s2 :> (s1 :> FALSE @@ s2 :> FALSE @@ s3 :> FALSE) @@
  s3 :> (s1 :> FALSE @@ s2 :> FALSE @@ s3 :> FALSE) )
/\ decision = (s1 :> <<Nil, Nil>> @@ s2 :> <<Nil, Nil>> @@ s3 :> <<Nil, Nil>>)
/\ lockedValue = (s1 :> Nil @@ s2 :> Nil @@ s3 :> Nil)
/\ proposerHistory = <<s2, s3>>
/\ faultCounters = [timeout |-> 0, crash |-> 0, lose |-> 0, invalidVE |-> 0]
/\ prevotes = ( s1 :>
      ( 0 :> (s1 :> NilVote @@ s2 :> Nil @@ s3 :> Nil) @@
        1 :> (s1 :> Nil @@ s2 :> Nil @@ s3 :> Nil) @@
        2 :> (s1 :> Nil @@ s2 :> Nil @@ s3 :> Nil) ) @@
  s2 :>
      ( 0 :> (s1 :> Nil @@ s2 :> NilVote @@ s3 :> Nil) @@
        1 :> (s1 :> Nil @@ s2 :> Nil @@ s3 :> Nil) @@
        2 :> (s1 :> Nil @@ s2 :> Nil @@ s3 :> Nil) ) @@
  s3 :>
      ( 0 :> (s1 :> Nil @@ s2 :> Nil @@ s3 :> Nil) @@
        1 :> (s1 :> Nil @@ s2 :> Nil @@ s3 :> Nil) @@
        2 :> (s1 :> Nil @@ s2 :> Nil @@ s3 :> Nil) ) )
/\ timeoutScheduled = (s1 :> {"propose"} @@ s2 :> {} @@ s3 :> {})
/\ messages = ( [ round |-> 0,
    height |-> 1,
    dest |-> s1,
    value |-> NilVote,
    source |-> s2,
    mtype |-> "PrevoteMsg" ] :>
      1 @@
  [ round |-> 0,
    height |-> 1,
    dest |-> s2,
    value |-> NilVote,
    source |-> s1,
    mtype |-> "PrevoteMsg" ] :>
      1 @@
  [ round |-> 0,
    height |-> 1,
    dest |-> s3,
    value |-> NilVote,
    source |-> s1,
    mtype |-> "PrevoteMsg" ] :>
      1 @@
  [ round |-> 0,
    height |-> 1,
    dest |-> s3,
    value |-> NilVote,
    source |-> s2,
    mtype |-> "PrevoteMsg" ] :>
      1 @@
  [ round |-> 0,
    height |-> 1,
    dest |-> s2,
    value |-> NilVote,
    source |-> s1,
    mtype |-> "PrecommitMsg",
    ve |-> "NoVE" ] :>
      1 @@
  [ round |-> 0,
    height |-> 1,
    dest |-> s3,
    value |-> NilVote,
    source |-> s1,
    mtype |-> "PrecommitMsg",
    ve |-> "NoVE" ] :>
      1 )
/\ precommits = ( s1 :>
      ( 0 :> (s1 :> NilVote @@ s2 :> Nil @@ s3 :> Nil) @@
        1 :> (s1 :> Nil @@ s2 :> Nil @@ s3 :> Nil) @@
        2 :> (s1 :> Nil @@ s2 :> Nil @@ s3 :> Nil) ) @@
  s2 :>
      ( 0 :> (s1 :> Nil @@ s2 :> Nil @@ s3 :> Nil) @@
        1 :> (s1 :> Nil @@ s2 :> Nil @@ s3 :> Nil) @@
        2 :> (s1 :> Nil @@ s2 :> Nil @@ s3 :> Nil) ) @@
  s3 :>
      ( 0 :> (s1 :> Nil @@ s2 :> Nil @@ s3 :> Nil) @@
        1 :> (s1 :> Nil @@ s2 :> Nil @@ s3 :> Nil) @@
        2 :> (s1 :> Nil @@ s2 :> Nil @@ s3 :> Nil) ) )

State 8: <MCEnterPrecommitNoPolka(s2) line 117, col 5 to line 118, col 26 of module MC>
/\ validValue = (s1 :> Nil @@ s2 :> Nil @@ s3 :> Nil)
/\ committedEvidence = {}
/\ height = (s1 :> 1 @@ s2 :> 1 @@ s3 :> 1)
/\ lockedRound = (s1 :> -1 @@ s2 :> -1 @@ s3 :> -1)
/\ voteExtension = (s1 :> "ValidVE" @@ s2 :> "ValidVE" @@ s3 :> "ValidVE")
/\ step = (s1 :> "StepPrecommit" @@ s2 :> "StepPrecommit" @@ s3 :> "StepNewHeight")
/\ privvalLastSigned = ( s1 :> [round |-> 0, height |-> 0] @@
  s2 :> [round |-> 0, height |-> 0] @@
  s3 :> [round |-> 0, height |-> 0] )
/\ round = (s1 :> 0 @@ s2 :> 0 @@ s3 :> 0)
/\ proposal = (s1 :> Nil @@ s2 :> Nil @@ s3 :> Nil)
/\ proposalBlock = (s1 :> Nil @@ s2 :> Nil @@ s3 :> Nil)
/\ walEntries = ( s1 :>
      << [ round |-> 0,
           height |-> 1,
           value |-> NilVote,
           type |-> "vote",
           voteType |-> "prevote" ],
         [ round |-> 0,
           height |-> 1,
           value |-> NilVote,
           type |-> "vote",
           voteType |-> "precommit" ] >> @@
  s2 :>
      << [ round |-> 0,
           height |-> 1,
           value |-> NilVote,
           type |-> "vote",
           voteType |-> "prevote" ],
         [ round |-> 0,
           height |-> 1,
           value |-> NilVote,
           type |-> "vote",
           voteType |-> "precommit" ] >> @@
  s3 :> <<>> )
/\ crashed = (s1 :> FALSE @@ s2 :> FALSE @@ s3 :> FALSE)
/\ pendingEvidence = {}
/\ validRound = (s1 :> -1 @@ s2 :> -1 @@ s3 :> -1)
/\ veVerified = ( s1 :> (s1 :> FALSE @@ s2 :> FALSE @@ s3 :> FALSE) @@
  s2 :> (s1 :> FALSE @@ s2 :> FALSE @@ s3 :> FALSE) @@
  s3 :> (s1 :> FALSE @@ s2 :> FALSE @@ s3 :> FALSE) )
/\ decision = (s1 :> <<Nil, Nil>> @@ s2 :> <<Nil, Nil>> @@ s3 :> <<Nil, Nil>>)
/\ lockedValue = (s1 :> Nil @@ s2 :> Nil @@ s3 :> Nil)
/\ proposerHistory = <<s2, s3>>
/\ faultCounters = [timeout |-> 0, crash |-> 0, lose |-> 0, invalidVE |-> 0]
/\ prevotes = ( s1 :>
      ( 0 :> (s1 :> NilVote @@ s2 :> Nil @@ s3 :> Nil) @@
        1 :> (s1 :> Nil @@ s2 :> Nil @@ s3 :> Nil) @@
        2 :> (s1 :> Nil @@ s2 :> Nil @@ s3 :> Nil) ) @@
  s2 :>
      ( 0 :> (s1 :> Nil @@ s2 :> NilVote @@ s3 :> Nil) @@
        1 :> (s1 :> Nil @@ s2 :> Nil @@ s3 :> Nil) @@
        2 :> (s1 :> Nil @@ s2 :> Nil @@ s3 :> Nil) ) @@
  s3 :>
      ( 0 :> (s1 :> Nil @@ s2 :> Nil @@ s3 :> Nil) @@
        1 :> (s1 :> Nil @@ s2 :> Nil @@ s3 :> Nil) @@
        2 :> (s1 :> Nil @@ s2 :> Nil @@ s3 :> Nil) ) )
/\ timeoutScheduled = (s1 :> {"propose"} @@ s2 :> {} @@ s3 :> {})
/\ messages = ( [ round |-> 0,
    height |-> 1,
    dest |-> s1,
    value |-> NilVote,
    source |-> s2,
    mtype |-> "PrevoteMsg" ] :>
      1 @@
  [ round |-> 0,
    height |-> 1,
    dest |-> s2,
    value |-> NilVote,
    source |-> s1,
    mtype |-> "PrevoteMsg" ] :>
      1 @@
  [ round |-> 0,
    height |-> 1,
    dest |-> s3,
    value |-> NilVote,
    source |-> s1,
    mtype |-> "PrevoteMsg" ] :>
      1 @@
  [ round |-> 0,
    height |-> 1,
    dest |-> s3,
    value |-> NilVote,
    source |-> s2,
    mtype |-> "PrevoteMsg" ] :>
      1 @@
  [ round |-> 0,
    height |-> 1,
    dest |-> s1,
    value |-> NilVote,
    source |-> s2,
    mtype |-> "PrecommitMsg",
    ve |-> "NoVE" ] :>
      1 @@
  [ round |-> 0,
    height |-> 1,
    dest |-> s2,
    value |-> NilVote,
    source |-> s1,
    mtype |-> "PrecommitMsg",
    ve |-> "NoVE" ] :>
      1 @@
  [ round |-> 0,
    height |-> 1,
    dest |-> s3,
    value |-> NilVote,
    source |-> s1,
    mtype |-> "PrecommitMsg",
    ve |-> "NoVE" ] :>
      1 @@
  [ round |-> 0,
    height |-> 1,
    dest |-> s3,
    value |-> NilVote,
    source |-> s2,
    mtype |-> "PrecommitMsg",
    ve |-> "NoVE" ] :>
      1 )
/\ precommits = ( s1 :>
      ( 0 :> (s1 :> NilVote @@ s2 :> Nil @@ s3 :> Nil) @@
        1 :> (s1 :> Nil @@ s2 :> Nil @@ s3 :> Nil) @@
        2 :> (s1 :> Nil @@ s2 :> Nil @@ s3 :> Nil) ) @@
  s2 :>
      ( 0 :> (s1 :> Nil @@ s2 :> NilVote @@ s3 :> Nil) @@
        1 :> (s1 :> Nil @@ s2 :> Nil @@ s3 :> Nil) @@
        2 :> (s1 :> Nil @@ s2 :> Nil @@ s3 :> Nil) ) @@
  s3 :>
      ( 0 :> (s1 :> Nil @@ s2 :> Nil @@ s3 :> Nil) @@
        1 :> (s1 :> Nil @@ s2 :> Nil @@ s3 :> Nil) @@
        2 :> (s1 :> Nil @@ s2 :> Nil @@ s3 :> Nil) ) )

State 9: <MCNextMessage line 261, col 5 to line 264, col 40 of module MC>
/\ validValue = (s1 :> Nil @@ s2 :> Nil @@ s3 :> Nil)
/\ committedEvidence = {}
/\ height = (s1 :> 1 @@ s2 :> 1 @@ s3 :> 1)
/\ lockedRound = (s1 :> -1 @@ s2 :> -1 @@ s3 :> -1)
/\ voteExtension = (s1 :> "ValidVE" @@ s2 :> "ValidVE" @@ s3 :> "ValidVE")
/\ step = (s1 :> "StepPrecommit" @@ s2 :> "StepPrecommit" @@ s3 :> "StepNewHeight")
/\ privvalLastSigned = ( s1 :> [round |-> 0, height |-> 0] @@
  s2 :> [round |-> 0, height |-> 0] @@
  s3 :> [round |-> 0, height |-> 0] )
/\ round = (s1 :> 0 @@ s2 :> 0 @@ s3 :> 0)
/\ proposal = (s1 :> Nil @@ s2 :> Nil @@ s3 :> Nil)
/\ proposalBlock = (s1 :> Nil @@ s2 :> Nil @@ s3 :> Nil)
/\ walEntries = ( s1 :>
      << [ round |-> 0,
           height |-> 1,
           value |-> NilVote,
           type |-> "vote",
           voteType |-> "prevote" ],
         [ round |-> 0,
           height |-> 1,
           value |-> NilVote,
           type |-> "vote",
           voteType |-> "precommit" ] >> @@
  s2 :>
      << [ round |-> 0,
           height |-> 1,
           value |-> NilVote,
           type |-> "vote",
           voteType |-> "prevote" ],
         [ round |-> 0,
           height |-> 1,
           value |-> NilVote,
           type |-> "vote",
           voteType |-> "precommit" ] >> @@
  s3 :> <<>> )
/\ crashed = (s1 :> FALSE @@ s2 :> FALSE @@ s3 :> FALSE)
/\ pendingEvidence = {}
/\ validRound = (s1 :> -1 @@ s2 :> -1 @@ s3 :> -1)
/\ veVerified = ( s1 :> (s1 :> FALSE @@ s2 :> FALSE @@ s3 :> FALSE) @@
  s2 :> (s1 :> FALSE @@ s2 :> FALSE @@ s3 :> FALSE) @@
  s3 :> (s1 :> FALSE @@ s2 :> FALSE @@ s3 :> FALSE) )
/\ decision = (s1 :> <<Nil, Nil>> @@ s2 :> <<Nil, Nil>> @@ s3 :> <<Nil, Nil>>)
/\ lockedValue = (s1 :> Nil @@ s2 :> Nil @@ s3 :> Nil)
/\ proposerHistory = <<s2, s3>>
/\ faultCounters = [timeout |-> 0, crash |-> 0, lose |-> 0, invalidVE |-> 0]
/\ prevotes = ( s1 :>
      ( 0 :> (s1 :> NilVote @@ s2 :> Nil @@ s3 :> Nil) @@
        1 :> (s1 :> Nil @@ s2 :> Nil @@ s3 :> Nil) @@
        2 :> (s1 :> Nil @@ s2 :> Nil @@ s3 :> Nil) ) @@
  s2 :>
      ( 0 :> (s1 :> Nil @@ s2 :> NilVote @@ s3 :> Nil) @@
        1 :> (s1 :> Nil @@ s2 :> Nil @@ s3 :> Nil) @@
        2 :> (s1 :> Nil @@ s2 :> Nil @@ s3 :> Nil) ) @@
  s3 :>
      ( 0 :> (s1 :> NilVote @@ s2 :> Nil @@ s3 :> Nil) @@
        1 :> (s1 :> Nil @@ s2 :> Nil @@ s3 :> Nil) @@
        2 :> (s1 :> Nil @@ s2 :> Nil @@ s3 :> Nil) ) )
/\ timeoutScheduled = (s1 :> {"propose"} @@ s2 :> {} @@ s3 :> {})
/\ messages = ( [ round |-> 0,
    height |-> 1,
    dest |-> s1,
    value |-> NilVote,
    source |-> s2,
    mtype |-> "PrevoteMsg" ] :>
      1 @@
  [ round |-> 0,
    height |-> 1,
    dest |-> s2,
    value |-> NilVote,
    source |-> s1,
    mtype |-> "PrevoteMsg" ] :>
      1 @@
  [ round |-> 0,
    height |-> 1,
    dest |-> s3,
    value |-> NilVote,
    source |-> s2,
    mtype |-> "PrevoteMsg" ] :>
      1 @@
  [ round |-> 0,
    height |-> 1,
    dest |-> s1,
    value |-> NilVote,
    source |-> s2,
    mtype |-> "PrecommitMsg",
    ve |-> "NoVE" ] :>
      1 @@
  [ round |-> 0,
    height |-> 1,
    dest |-> s2,
    value |-> NilVote,
    source |-> s1,
    mtype |-> "PrecommitMsg",
    ve |-> "NoVE" ] :>
      1 @@
  [ round |-> 0,
    height |-> 1,
    dest |-> s3,
    value |-> NilVote,
    source |-> s1,
    mtype |-> "PrecommitMsg",
    ve |-> "NoVE" ] :>
      1 @@
  [ round |-> 0,
    height |-> 1,
    dest |-> s3,
    value |-> NilVote,
    source |-> s2,
    mtype |-> "PrecommitMsg",
    ve |-> "NoVE" ] :>
      1 )
/\ precommits = ( s1 :>
      ( 0 :> (s1 :> NilVote @@ s2 :> Nil @@ s3 :> Nil) @@
        1 :> (s1 :> Nil @@ s2 :> Nil @@ s3 :> Nil) @@
        2 :> (s1 :> Nil @@ s2 :> Nil @@ s3 :> Nil) ) @@
  s2 :>
      ( 0 :> (s1 :> Nil @@ s2 :> NilVote @@ s3 :> Nil) @@
        1 :> (s1 :> Nil @@ s2 :> Nil @@ s3 :> Nil) @@
        2 :> (s1 :> Nil @@ s2 :> Nil @@ s3 :> Nil) ) @@
  s3 :>
      ( 0 :> (s1 :> Nil @@ s2 :> Nil @@ s3 :> Nil) @@
        1 :> (s1 :> Nil @@ s2 :> Nil @@ s3 :> Nil) @@
        2 :> (s1 :> Nil @@ s2 :> Nil @@ s3 :> Nil) ) )

State 10: <MCEnterNewRound(s3) line 101, col 5 to line 102, col 26 of module MC>
/\ validValue = (s1 :> Nil @@ s2 :> Nil @@ s3 :> Nil)
/\ committedEvidence = {}
/\ height = (s1 :> 1 @@ s2 :> 1 @@ s3 :> 1)
/\ lockedRound = (s1 :> -1 @@ s2 :> -1 @@ s3 :> -1)
/\ voteExtension = (s1 :> "ValidVE" @@ s2 :> "ValidVE" @@ s3 :> "ValidVE")
/\ step = (s1 :> "StepPrecommit" @@ s2 :> "StepPrecommit" @@ s3 :> "StepNewRound")
/\ privvalLastSigned = ( s1 :> [round |-> 0, height |-> 0] @@
  s2 :> [round |-> 0, height |-> 0] @@
  s3 :> [round |-> 0, height |-> 0] )
/\ round = (s1 :> 0 @@ s2 :> 0 @@ s3 :> 0)
/\ proposal = (s1 :> Nil @@ s2 :> Nil @@ s3 :> Nil)
/\ proposalBlock = (s1 :> Nil @@ s2 :> Nil @@ s3 :> Nil)
/\ walEntries = ( s1 :>
      << [ round |-> 0,
           height |-> 1,
           value |-> NilVote,
           type |-> "vote",
           voteType |-> "prevote" ],
         [ round |-> 0,
           height |-> 1,
           value |-> NilVote,
           type |-> "vote",
           voteType |-> "precommit" ] >> @@
  s2 :>
      << [ round |-> 0,
           height |-> 1,
           value |-> NilVote,
           type |-> "vote",
           voteType |-> "prevote" ],
         [ round |-> 0,
           height |-> 1,
           value |-> NilVote,
           type |-> "vote",
           voteType |-> "precommit" ] >> @@
  s3 :> <<>> )
/\ crashed = (s1 :> FALSE @@ s2 :> FALSE @@ s3 :> FALSE)
/\ pendingEvidence = {}
/\ validRound = (s1 :> -1 @@ s2 :> -1 @@ s3 :> -1)
/\ veVerified = ( s1 :> (s1 :> FALSE @@ s2 :> FALSE @@ s3 :> FALSE) @@
  s2 :> (s1 :> FALSE @@ s2 :> FALSE @@ s3 :> FALSE) @@
  s3 :> (s1 :> FALSE @@ s2 :> FALSE @@ s3 :> FALSE) )
/\ decision = (s1 :> <<Nil, Nil>> @@ s2 :> <<Nil, Nil>> @@ s3 :> <<Nil, Nil>>)
/\ lockedValue = (s1 :> Nil @@ s2 :> Nil @@ s3 :> Nil)
/\ proposerHistory = <<s2, s3>>
/\ faultCounters = [timeout |-> 0, crash |-> 0, lose |-> 0, invalidVE |-> 0]
/\ prevotes = ( s1 :>
      ( 0 :> (s1 :> NilVote @@ s2 :> Nil @@ s3 :> Nil) @@
        1 :> (s1 :> Nil @@ s2 :> Nil @@ s3 :> Nil) @@
        2 :> (s1 :> Nil @@ s2 :> Nil @@ s3 :> Nil) ) @@
  s2 :>
      ( 0 :> (s1 :> Nil @@ s2 :> NilVote @@ s3 :> Nil) @@
        1 :> (s1 :> Nil @@ s2 :> Nil @@ s3 :> Nil) @@
        2 :> (s1 :> Nil @@ s2 :> Nil @@ s3 :> Nil) ) @@
  s3 :>
      ( 0 :> (s1 :> NilVote @@ s2 :> Nil @@ s3 :> Nil) @@
        1 :> (s1 :> Nil @@ s2 :> Nil @@ s3 :> Nil) @@
        2 :> (s1 :> Nil @@ s2 :> Nil @@ s3 :> Nil) ) )
/\ timeoutScheduled = (s1 :> {"propose"} @@ s2 :> {} @@ s3 :> {})
/\ messages = ( [ round |-> 0,
    height |-> 1,
    dest |-> s1,
    value |-> NilVote,
    source |-> s2,
    mtype |-> "PrevoteMsg" ] :>
      1 @@
  [ round |-> 0,
    height |-> 1,
    dest |-> s2,
    value |-> NilVote,
    source |-> s1,
    mtype |-> "PrevoteMsg" ] :>
      1 @@
  [ round |-> 0,
    height |-> 1,
    dest |-> s3,
    value |-> NilVote,
    source |-> s2,
    mtype |-> "PrevoteMsg" ] :>
      1 @@
  [ round |-> 0,
    height |-> 1,
    dest |-> s1,
    value |-> NilVote,
    source |-> s2,
    mtype |-> "PrecommitMsg",
    ve |-> "NoVE" ] :>
      1 @@
  [ round |-> 0,
    height |-> 1,
    dest |-> s2,
    value |-> NilVote,
    source |-> s1,
    mtype |-> "PrecommitMsg",
    ve |-> "NoVE" ] :>
      1 @@
  [ round |-> 0,
    height |-> 1,
    dest |-> s3,
    value |-> NilVote,
    source |-> s1,
    mtype |-> "PrecommitMsg",
    ve |-> "NoVE" ] :>
      1 @@
  [ round |-> 0,
    height |-> 1,
    dest |-> s3,
    value |-> NilVote,
    source |-> s2,
    mtype |-> "PrecommitMsg",
    ve |-> "NoVE" ] :>
      1 )
/\ precommits = ( s1 :>
      ( 0 :> (s1 :> NilVote @@ s2 :> Nil @@ s3 :> Nil) @@
        1 :> (s1 :> Nil @@ s2 :> Nil @@ s3 :> Nil) @@
        2 :> (s1 :> Nil @@ s2 :> Nil @@ s3 :> Nil) ) @@
  s2 :>
      ( 0 :> (s1 :> Nil @@ s2 :> NilVote @@ s3 :> Nil) @@
        1 :> (s1 :> Nil @@ s2 :> Nil @@ s3 :> Nil) @@
        2 :> (s1 :> Nil @@ s2 :> Nil @@ s3 :> Nil) ) @@
  s3 :>
      ( 0 :> (s1 :> Nil @@ s2 :> Nil @@ s3 :> Nil) @@
        1 :> (s1 :> Nil @@ s2 :> Nil @@ s3 :> Nil) @@
        2 :> (s1 :> Nil @@ s2 :> Nil @@ s3 :> Nil) ) )

State 11: <MCNextMessage line 261, col 5 to line 264, col 40 of module MC>
/\ validValue = (s1 :> Nil @@ s2 :> Nil @@ s3 :> Nil)
/\ committedEvidence = {}
/\ height = (s1 :> 1 @@ s2 :> 1 @@ s3 :> 1)
/\ lockedRound = (s1 :> -1 @@ s2 :> -1 @@ s3 :> -1)
/\ voteExtension = (s1 :> "ValidVE" @@ s2 :> "ValidVE" @@ s3 :> "ValidVE")
/\ step = (s1 :> "StepPrecommit" @@ s2 :> "StepPrecommit" @@ s3 :> "StepNewRound")
/\ privvalLastSigned = ( s1 :> [round |-> 0, height |-> 0] @@
  s2 :> [round |-> 0, height |-> 0] @@
  s3 :> [round |-> 0, height |-> 0] )
/\ round = (s1 :> 0 @@ s2 :> 0 @@ s3 :> 0)
/\ proposal = (s1 :> Nil @@ s2 :> Nil @@ s3 :> Nil)
/\ proposalBlock = (s1 :> Nil @@ s2 :> Nil @@ s3 :> Nil)
/\ walEntries = ( s1 :>
      << [ round |-> 0,
           height |-> 1,
           value |-> NilVote,
           type |-> "vote",
           voteType |-> "prevote" ],
         [ round |-> 0,
           height |-> 1,
           value |-> NilVote,
           type |-> "vote",
           voteType |-> "precommit" ] >> @@
  s2 :>
      << [ round |-> 0,
           height |-> 1,
           value |-> NilVote,
           type |-> "vote",
           voteType |-> "prevote" ],
         [ round |-> 0,
           height |-> 1,
           value |-> NilVote,
           type |-> "vote",
           voteType |-> "precommit" ] >> @@
  s3 :> <<>> )
/\ crashed = (s1 :> FALSE @@ s2 :> FALSE @@ s3 :> FALSE)
/\ pendingEvidence = {}
/\ validRound = (s1 :> -1 @@ s2 :> -1 @@ s3 :> -1)
/\ veVerified = ( s1 :> (s1 :> FALSE @@ s2 :> FALSE @@ s3 :> FALSE) @@
  s2 :> (s1 :> FALSE @@ s2 :> FALSE @@ s3 :> FALSE) @@
  s3 :> (s1 :> FALSE @@ s2 :> FALSE @@ s3 :> FALSE) )
/\ decision = (s1 :> <<Nil, Nil>> @@ s2 :> <<Nil, Nil>> @@ s3 :> <<Nil, Nil>>)
/\ lockedValue = (s1 :> Nil @@ s2 :> Nil @@ s3 :> Nil)
/\ proposerHistory = <<s2, s3>>
/\ faultCounters = [timeout |-> 0, crash |-> 0, lose |-> 0, invalidVE |-> 0]
/\ prevotes = ( s1 :>
      ( 0 :> (s1 :> NilVote @@ s2 :> Nil @@ s3 :> Nil) @@
        1 :> (s1 :> Nil @@ s2 :> Nil @@ s3 :> Nil) @@
        2 :> (s1 :> Nil @@ s2 :> Nil @@ s3 :> Nil) ) @@
  s2 :>
      ( 0 :> (s1 :> Nil @@ s2 :> NilVote @@ s3 :> Nil) @@
        1 :> (s1 :> Nil @@ s2 :> Nil @@ s3 :> Nil) @@
        2 :> (s1 :> Nil @@ s2 :> Nil @@ s3 :> Nil) ) @@
  s3 :>
      ( 0 :> (s1 :> NilVote @@ s2 :> Nil @@ s3 :> Nil) @@
        1 :> (s1 :> Nil @@ s2 :> Nil @@ s3 :> Nil) @@
        2 :> (s1 :> Nil @@ s2 :> Nil @@ s3 :> Nil) ) )
/\ timeoutScheduled = (s1 :> {"propose"} @@ s2 :> {} @@ s3 :> {})
/\ messages = ( [ round |-> 0,
    height |-> 1,
    dest |-> s1,
    value |-> NilVote,
    source |-> s2,
    mtype |-> "PrevoteMsg" ] :>
      1 @@
  [ round |-> 0,
    height |-> 1,
    dest |-> s2,
    value |-> NilVote,
    source |-> s1,
    mtype |-> "PrevoteMsg" ] :>
      1 @@
  [ round |-> 0,
    height |-> 1,
    dest |-> s3,
    value |-> NilVote,
    source |-> s2,
    mtype |-> "PrevoteMsg" ] :>
      1 @@
  [ round |-> 0,
    height |-> 1,
    dest |-> s2,
    value |-> NilVote,
    source |-> s1,
    mtype |-> "PrecommitMsg",
    ve |-> "NoVE" ] :>
      1 @@
  [ round |-> 0,
    height |-> 1,
    dest |-> s3,
    value |-> NilVote,
    source |-> s1,
    mtype |-> "PrecommitMsg",
    ve |-> "NoVE" ] :>
      1 @@
  [ round |-> 0,
    height |-> 1,
    dest |-> s3,
    value |-> NilVote,
    source |-> s2,
    mtype |-> "PrecommitMsg",
    ve |-> "NoVE" ] :>
      1 )
/\ precommits = ( s1 :>
      ( 0 :> (s1 :> NilVote @@ s2 :> NilVote @@ s3 :> Nil) @@
        1 :> (s1 :> Nil @@ s2 :> Nil @@ s3 :> Nil) @@
        2 :> (s1 :> Nil @@ s2 :> Nil @@ s3 :> Nil) ) @@
  s2 :>
      ( 0 :> (s1 :> Nil @@ s2 :> NilVote @@ s3 :> Nil) @@
        1 :> (s1 :> Nil @@ s2 :> Nil @@ s3 :> Nil) @@
        2 :> (s1 :> Nil @@ s2 :> Nil @@ s3 :> Nil) ) @@
  s3 :>
      ( 0 :> (s1 :> Nil @@ s2 :> Nil @@ s3 :> Nil) @@
        1 :> (s1 :> Nil @@ s2 :> Nil @@ s3 :> Nil) @@
        2 :> (s1 :> Nil @@ s2 :> Nil @@ s3 :> Nil) ) )

State 12: <MCEnterPrevote(s3) line 109, col 5 to line 110, col 26 of module MC>
/\ validValue = (s1 :> Nil @@ s2 :> Nil @@ s3 :> Nil)
/\ committedEvidence = {}
/\ height = (s1 :> 1 @@ s2 :> 1 @@ s3 :> 1)
/\ lockedRound = (s1 :> -1 @@ s2 :> -1 @@ s3 :> -1)
/\ voteExtension = (s1 :> "ValidVE" @@ s2 :> "ValidVE" @@ s3 :> "ValidVE")
/\ step = (s1 :> "StepPrecommit" @@ s2 :> "StepPrecommit" @@ s3 :> "StepPrevote")
/\ privvalLastSigned = ( s1 :> [round |-> 0, height |-> 0] @@
  s2 :> [round |-> 0, height |-> 0] @@
  s3 :> [round |-> 0, height |-> 0] )
/\ round = (s1 :> 0 @@ s2 :> 0 @@ s3 :> 0)
/\ proposal = (s1 :> Nil @@ s2 :> Nil @@ s3 :> Nil)
/\ proposalBlock = (s1 :> Nil @@ s2 :> Nil @@ s3 :> Nil)
/\ walEntries = ( s1 :>
      << [ round |-> 0,
           height |-> 1,
           value |-> NilVote,
           type |-> "vote",
           voteType |-> "prevote" ],
         [ round |-> 0,
           height |-> 1,
           value |-> NilVote,
           type |-> "vote",
           voteType |-> "precommit" ] >> @@
  s2 :>
      << [ round |-> 0,
           height |-> 1,
           value |-> NilVote,
           type |-> "vote",
           voteType |-> "prevote" ],
         [ round |-> 0,
           height |-> 1,
           value |-> NilVote,
           type |-> "vote",
           voteType |-> "precommit" ] >> @@
  s3 :>
      << [ round |-> 0,
           height |-> 1,
           value |-> NilVote,
           type |-> "vote",
           voteType |-> "prevote" ] >> )
/\ crashed = (s1 :> FALSE @@ s2 :> FALSE @@ s3 :> FALSE)
/\ pendingEvidence = {}
/\ validRound = (s1 :> -1 @@ s2 :> -1 @@ s3 :> -1)
/\ veVerified = ( s1 :> (s1 :> FALSE @@ s2 :> FALSE @@ s3 :> FALSE) @@
  s2 :> (s1 :> FALSE @@ s2 :> FALSE @@ s3 :> FALSE) @@
  s3 :> (s1 :> FALSE @@ s2 :> FALSE @@ s3 :> FALSE) )
/\ decision = (s1 :> <<Nil, Nil>> @@ s2 :> <<Nil, Nil>> @@ s3 :> <<Nil, Nil>>)
/\ lockedValue = (s1 :> Nil @@ s2 :> Nil @@ s3 :> Nil)
/\ proposerHistory = <<s2, s3>>
/\ faultCounters = [timeout |-> 0, crash |-> 0, lose |-> 0, invalidVE |-> 0]
/\ prevotes = ( s1 :>
      ( 0 :> (s1 :> NilVote @@ s2 :> Nil @@ s3 :> Nil) @@
        1 :> (s1 :> Nil @@ s2 :> Nil @@ s3 :> Nil) @@
        2 :> (s1 :> Nil @@ s2 :> Nil @@ s3 :> Nil) ) @@
  s2 :>
      ( 0 :> (s1 :> Nil @@ s2 :> NilVote @@ s3 :> Nil) @@
        1 :> (s1 :> Nil @@ s2 :> Nil @@ s3 :> Nil) @@
        2 :> (s1 :> Nil @@ s2 :> Nil @@ s3 :> Nil) ) @@
  s3 :>
      ( 0 :> (s1 :> NilVote @@ s2 :> Nil @@ s3 :> NilVote) @@
        1 :> (s1 :> Nil @@ s2 :> Nil @@ s3 :> Nil) @@
        2 :> (s1 :> Nil @@ s2 :> Nil @@ s3 :> Nil) ) )
/\ timeoutScheduled = (s1 :> {"propose"} @@ s2 :> {} @@ s3 :> {})
/\ messages = ( [ round |-> 0,
    height |-> 1,
    dest |-> s1,
    value |-> NilVote,
    source |-> s2,
    mtype |-> "PrevoteMsg" ] :>
      1 @@
  [ round |-> 0,
    height |-> 1,
    dest |-> s1,
    value |-> NilVote,
    source |-> s3,
    mtype |-> "PrevoteMsg" ] :>
      1 @@
  [ round |-> 0,
    height |-> 1,
    dest |-> s2,
    value |-> NilVote,
    source |-> s1,
    mtype |-> "PrevoteMsg" ] :>
      1 @@
  [ round |-> 0,
    height |-> 1,
    dest |-> s2,
    value |-> NilVote,
    source |-> s3,
    mtype |-> "PrevoteMsg" ] :>
      1 @@
  [ round |-> 0,
    height |-> 1,
    dest |-> s3,
    value |-> NilVote,
    source |-> s2,
    mtype |-> "PrevoteMsg" ] :>
      1 @@
  [ round |-> 0,
    height |-> 1,
    dest |-> s2,
    value |-> NilVote,
    source |-> s1,
    mtype |-> "PrecommitMsg",
    ve |-> "NoVE" ] :>
      1 @@
  [ round |-> 0,
    height |-> 1,
    dest |-> s3,
    value |-> NilVote,
    source |-> s1,
    mtype |-> "PrecommitMsg",
    ve |-> "NoVE" ] :>
      1 @@
  [ round |-> 0,
    height |-> 1,
    dest |-> s3,
    value |-> NilVote,
    source |-> s2,
    mtype |-> "PrecommitMsg",
    ve |-> "NoVE" ] :>
      1 )
/\ precommits = ( s1 :>
      ( 0 :> (s1 :> NilVote @@ s2 :> NilVote @@ s3 :> Nil) @@
        1 :> (s1 :> Nil @@ s2 :> Nil @@ s3 :> Nil) @@
        2 :> (s1 :> Nil @@ s2 :> Nil @@ s3 :> Nil) ) @@
  s2 :>
      ( 0 :> (s1 :> Nil @@ s2 :> NilVote @@ s3 :> Nil) @@
        1 :> (s1 :> Nil @@ s2 :> Nil @@ s3 :> Nil) @@
        2 :> (s1 :> Nil @@ s2 :> Nil @@ s3 :> Nil) ) @@
  s3 :>
      ( 0 :> (s1 :> Nil @@ s2 :> Nil @@ s3 :> Nil) @@
        1 :> (s1 :> Nil @@ s2 :> Nil @@ s3 :> Nil) @@
        2 :> (s1 :> Nil @@ s2 :> Nil @@ s3 :> Nil) ) )

State 13: <MCEnterPrecommitNoPolka(s3) line 117, col 5 to line 118, col 26 of module MC>
/\ validValue = (s1 :> Nil @@ s2 :> Nil @@ s3 :> Nil)
/\ committedEvidence = {}
/\ height = (s1 :> 1 @@ s2 :> 1 @@ s3 :> 1)
/\ lockedRound = (s1 :> -1 @@ s2 :> -1 @@ s3 :> -1)
/\ voteExtension = (s1 :> "ValidVE" @@ s2 :> "ValidVE" @@ s3 :> "ValidVE")
/\ step = (s1 :> "StepPrecommit" @@ s2 :> "StepPrecommit" @@ s3 :> "StepPrecommit")
/\ privvalLastSigned = ( s1 :> [round |-> 0, height |-> 0] @@
  s2 :> [round |-> 0, height |-> 0] @@
  s3 :> [round |-> 0, height |-> 0] )
/\ round = (s1 :> 0 @@ s2 :> 0 @@ s3 :> 0)
/\ proposal = (s1 :> Nil @@ s2 :> Nil @@ s3 :> Nil)
/\ proposalBlock = (s1 :> Nil @@ s2 :> Nil @@ s3 :> Nil)
/\ walEntries = ( s1 :>
      << [ round |-> 0,
           height |-> 1,
           value |-> NilVote,
           type |-> "vote",
           voteType |-> "prevote" ],
         [ round |-> 0,
           height |-> 1,
           value |-> NilVote,
           type |-> "vote",
           voteType |-> "precommit" ] >> @@
  s2 :>
      << [ round |-> 0,
           height |-> 1,
           value |-> NilVote,
           type |-> "vote",
           voteType |-> "prevote" ],
         [ round |-> 0,
           height |-> 1,
           value |-> NilVote,
           type |-> "vote",
           voteType |-> "precommit" ] >> @@
  s3 :>
      << [ round |-> 0,
           height |-> 1,
           value |-> NilVote,
           type |-> "vote",
           voteType |-> "prevote" ],
         [ round |-> 0,
           height |-> 1,
           value |-> NilVote,
           type |-> "vote",
           voteType |-> "precommit" ] >> )
/\ crashed = (s1 :> FALSE @@ s2 :> FALSE @@ s3 :> FALSE)
/\ pendingEvidence = {}
/\ validRound = (s1 :> -1 @@ s2 :> -1 @@ s3 :> -1)
/\ veVerified = ( s1 :> (s1 :> FALSE @@ s2 :> FALSE @@ s3 :> FALSE) @@
  s2 :> (s1 :> FALSE @@ s2 :> FALSE @@ s3 :> FALSE) @@
  s3 :> (s1 :> FALSE @@ s2 :> FALSE @@ s3 :> FALSE) )
/\ decision = (s1 :> <<Nil, Nil>> @@ s2 :> <<Nil, Nil>> @@ s3 :> <<Nil, Nil>>)
/\ lockedValue = (s1 :> Nil @@ s2 :> Nil @@ s3 :> Nil)
/\ proposerHistory = <<s2, s3>>
/\ faultCounters = [timeout |-> 0, crash |-> 0, lose |-> 0, invalidVE |-> 0]
/\ prevotes = ( s1 :>
      ( 0 :> (s1 :> NilVote @@ s2 :> Nil @@ s3 :> Nil) @@
        1 :> (s1 :> Nil @@ s2 :> Nil @@ s3 :> Nil) @@
        2 :> (s1 :> Nil @@ s2 :> Nil @@ s3 :> Nil) ) @@
  s2 :>
      ( 0 :> (s1 :> Nil @@ s2 :> NilVote @@ s3 :> Nil) @@
        1 :> (s1 :> Nil @@ s2 :> Nil @@ s3 :> Nil) @@
        2 :> (s1 :> Nil @@ s2 :> Nil @@ s3 :> Nil) ) @@
  s3 :>
      ( 0 :> (s1 :> NilVote @@ s2 :> Nil @@ s3 :> NilVote) @@
        1 :> (s1 :> Nil @@ s2 :> Nil @@ s3 :> Nil) @@
        2 :> (s1 :> Nil @@ s2 :> Nil @@ s3 :> Nil) ) )
/\ timeoutScheduled = (s1 :> {"propose"} @@ s2 :> {} @@ s3 :> {})
/\ messages = ( [ round |-> 0,
    height |-> 1,
    dest |-> s1,
    value |-> NilVote,
    source |-> s2,
    mtype |-> "PrevoteMsg" ] :>
      1 @@
  [ round |-> 0,
    height |-> 1,
    dest |-> s1,
    value |-> NilVote,
    source |-> s3,
    mtype |-> "PrevoteMsg" ] :>
      1 @@
  [ round |-> 0,
    height |-> 1,
    dest |-> s2,
    value |-> NilVote,
    source |-> s1,
    mtype |-> "PrevoteMsg" ] :>
      1 @@
  [ round |-> 0,
    height |-> 1,
    dest |-> s2,
    value |-> NilVote,
    source |-> s3,
    mtype |-> "PrevoteMsg" ] :>
      1 @@
  [ round |-> 0,
    height |-> 1,
    dest |-> s3,
    value |-> NilVote,
    source |-> s2,
    mtype |-> "PrevoteMsg" ] :>
      1 @@
  [ round |-> 0,
    height |-> 1,
    dest |-> s1,
    value |-> NilVote,
    source |-> s3,
    mtype |-> "PrecommitMsg",
    ve |-> "NoVE" ] :>
      1 @@
  [ round |-> 0,
    height |-> 1,
    dest |-> s2,
    value |-> NilVote,
    source |-> s1,
    mtype |-> "PrecommitMsg",
    ve |-> "NoVE" ] :>
      1 @@
  [ round |-> 0,
    height |-> 1,
    dest |-> s2,
    value |-> NilVote,
    source |-> s3,
    mtype |-> "PrecommitMsg",
    ve |-> "NoVE" ] :>
      1 @@
  [ round |-> 0,
    height |-> 1,
    dest |-> s3,
    value |-> NilVote,
    source |-> s1,
    mtype |-> "PrecommitMsg",
    ve |-> "NoVE" ] :>
      1 @@
  [ round |-> 0,
    height |-> 1,
    dest |-> s3,
    value |-> NilVote,
    source |-> s2,
    mtype |-> "PrecommitMsg",
    ve |-> "NoVE" ] :>
      1 )
/\ precommits = ( s1 :>
      ( 0 :> (s1 :> NilVote @@ s2 :> NilVote @@ s3 :> Nil) @@
        1 :> (s1 :> Nil @@ s2 :> Nil @@ s3 :> Nil) @@
        2 :> (s1 :> Nil @@ s2 :> Nil @@ s3 :> Nil) ) @@
  s2 :>
      ( 0 :> (s1 :> Nil @@ s2 :> NilVote @@ s3 :> Nil) @@
        1 :> (s1 :> Nil @@ s2 :> Nil @@ s3 :> Nil) @@
        2 :> (s1 :> Nil @@ s2 :> Nil @@ s3 :> Nil) ) @@
  s3 :>
      ( 0 :> (s1 :> Nil @@ s2 :> Nil @@ s3 :> NilVote) @@
        1 :> (s1 :> Nil @@ s2 :> Nil @@ s3 :> Nil) @@
        2 :> (s1 :> Nil @@ s2 :> Nil @@ s3 :> Nil) ) )

State 14: <MCNextMessage line 261, col 5 to line 264, col 40 of module MC>
/\ validValue = (s1 :> Nil @@ s2 :> Nil @@ s3 :> Nil)
/\ committedEvidence = {}
/\ height = (s1 :> 1 @@ s2 :> 1 @@ s3 :> 1)
/\ lockedRound = (s1 :> -1 @@ s2 :> -1 @@ s3 :> -1)
/\ voteExtension = (s1 :> "ValidVE" @@ s2 :> "ValidVE" @@ s3 :> "ValidVE")
/\ step = (s1 :> "StepPrecommit" @@ s2 :> "StepPrecommit" @@ s3 :> "StepPrecommit")
/\ privvalLastSigned = ( s1 :> [round |-> 0, height |-> 0] @@
  s2 :> [round |-> 0, height |-> 0] @@
  s3 :> [round |-> 0, height |-> 0] )
/\ round = (s1 :> 0 @@ s2 :> 0 @@ s3 :> 0)
/\ proposal = (s1 :> Nil @@ s2 :> Nil @@ s3 :> Nil)
/\ proposalBlock = (s1 :> Nil @@ s2 :> Nil @@ s3 :> Nil)
/\ walEntries = ( s1 :>
      << [ round |-> 0,
           height |-> 1,
           value |-> NilVote,
           type |-> "vote",
           voteType |-> "prevote" ],
         [ round |-> 0,
           height |-> 1,
           value |-> NilVote,
           type |-> "vote",
           voteType |-> "precommit" ] >> @@
  s2 :>
      << [ round |-> 0,
           height |-> 1,
           value |-> NilVote,
           type |-> "vote",
           voteType |-> "prevote" ],
         [ round |-> 0,
           height |-> 1,
           value |-> NilVote,
           type |-> "vote",
           voteType |-> "precommit" ] >> @@
  s3 :>
      << [ round |-> 0,
           height |-> 1,
           value |-> NilVote,
           type |-> "vote",
           voteType |-> "prevote" ],
         [ round |-> 0,
           height |-> 1,
           value |-> NilVote,
           type |-> "vote",
           voteType |-> "precommit" ] >> )
/\ crashed = (s1 :> FALSE @@ s2 :> FALSE @@ s3 :> FALSE)
/\ pendingEvidence = {}
/\ validRound = (s1 :> -1 @@ s2 :> -1 @@ s3 :> -1)
/\ veVerified = ( s1 :> (s1 :> FALSE @@ s2 :> FALSE @@ s3 :> FALSE) @@
  s2 :> (s1 :> FALSE @@ s2 :> FALSE @@ s3 :> FALSE) @@
  s3 :> (s1 :> FALSE @@ s2 :> FALSE @@ s3 :> FALSE) )
/\ decision = (s1 :> <<Nil, Nil>> @@ s2 :> <<Nil, Nil>> @@ s3 :> <<Nil, Nil>>)
/\ lockedValue = (s1 :> Nil @@ s2 :> Nil @@ s3 :> Nil)
/\ proposerHistory = <<s2, s3>>
/\ faultCounters = [timeout |-> 0, crash |-> 0, lose |-> 0, invalidVE |-> 0]
/\ prevotes = ( s1 :>
      ( 0 :> (s1 :> NilVote @@ s2 :> Nil @@ s3 :> Nil) @@
        1 :> (s1 :> Nil @@ s2 :> Nil @@ s3 :> Nil) @@
        2 :> (s1 :> Nil @@ s2 :> Nil @@ s3 :> Nil) ) @@
  s2 :>
      ( 0 :> (s1 :> Nil @@ s2 :> NilVote @@ s3 :> Nil) @@
        1 :> (s1 :> Nil @@ s2 :> Nil @@ s3 :> Nil) @@
        2 :> (s1 :> Nil @@ s2 :> Nil @@ s3 :> Nil) ) @@
  s3 :>
      ( 0 :> (s1 :> NilVote @@ s2 :> Nil @@ s3 :> NilVote) @@
        1 :> (s1 :> Nil @@ s2 :> Nil @@ s3 :> Nil) @@
        2 :> (s1 :> Nil @@ s2 :> Nil @@ s3 :> Nil) ) )
/\ timeoutScheduled = (s1 :> {"propose"} @@ s2 :> {} @@ s3 :> {})
/\ messages = ( [ round |-> 0,
    height |-> 1,
    dest |-> s1,
    value |-> NilVote,
    source |-> s2,
    mtype |-> "PrevoteMsg" ] :>
      1 @@
  [ round |-> 0,
    height |-> 1,
    dest |-> s1,
    value |-> NilVote,
    source |-> s3,
    mtype |-> "PrevoteMsg" ] :>
      1 @@
  [ round |-> 0,
    height |-> 1,
    dest |-> s2,
    value |-> NilVote,
    source |-> s1,
    mtype |-> "PrevoteMsg" ] :>
      1 @@
  [ round |-> 0,
    height |-> 1,
    dest |-> s2,
    value |-> NilVote,
    source |-> s3,
    mtype |-> "PrevoteMsg" ] :>
      1 @@
  [ round |-> 0,
    height |-> 1,
    dest |-> s3,
    value |-> NilVote,
    source |-> s2,
    mtype |-> "PrevoteMsg" ] :>
      1 @@
  [ round |-> 0,
    height |-> 1,
    dest |-> s2,
    value |-> NilVote,
    source |-> s1,
    mtype |-> "PrecommitMsg",
    ve |-> "NoVE" ] :>
      1 @@
  [ round |-> 0,
    height |-> 1,
    dest |-> s2,
    value |-> NilVote,
    source |-> s3,
    mtype |-> "PrecommitMsg",
    ve |-> "NoVE" ] :>
      1 @@
  [ round |-> 0,
    height |-> 1,
    dest |-> s3,
    value |-> NilVote,
    source |-> s1,
    mtype |-> "PrecommitMsg",
    ve |-> "NoVE" ] :>
      1 @@
  [ round |-> 0,
    height |-> 1,
    dest |-> s3,
    value |-> NilVote,
    source |-> s2,
    mtype |-> "PrecommitMsg",
    ve |-> "NoVE" ] :>
      1 )
/\ precommits = ( s1 :>
      ( 0 :> (s1 :> NilVote @@ s2 :> NilVote @@ s3 :> NilVote) @@
        1 :> (s1 :> Nil @@ s2 :> Nil @@ s3 :> Nil) @@
        2 :> (s1 :> Nil @@ s2 :> Nil @@ s3 :> Nil) ) @@
  s2 :>
      ( 0 :> (s1 :> Nil @@ s2 :> NilVote @@ s3 :> Nil) @@
        1 :> (s1 :> Nil @@ s2 :> Nil @@ s3 :> Nil) @@
        2 :> (s1 :> Nil @@ s2 :> Nil @@ s3 :> Nil) ) @@
  s3 :>
      ( 0 :> (s1 :> Nil @@ s2 :> Nil @@ s3 :> NilVote) @@
        1 :> (s1 :> Nil @@ s2 :> Nil @@ s3 :> Nil) @@
        2 :> (s1 :> Nil @@ s2 :> Nil @@ s3 :> Nil) ) )

State 15: <MCNextMessage line 261, col 5 to line 264, col 40 of module MC>
/\ validValue = (s1 :> Nil @@ s2 :> Nil @@ s3 :> Nil)
/\ committedEvidence = {}
/\ height = (s1 :> 1 @@ s2 :> 1 @@ s3 :> 1)
/\ lockedRound = (s1 :> -1 @@ s2 :> -1 @@ s3 :> -1)
/\ voteExtension = (s1 :> "ValidVE" @@ s2 :> "ValidVE" @@ s3 :> "ValidVE")
/\ step = (s1 :> "StepPrecommit" @@ s2 :> "StepPrecommit" @@ s3 :> "StepPrecommit")
/\ privvalLastSigned = ( s1 :> [round |-> 0, height |-> 0] @@
  s2 :> [round |-> 0, height |-> 0] @@
  s3 :> [round |-> 0, height |-> 0] )
/\ round = (s1 :> 0 @@ s2 :> 0 @@ s3 :> 0)
/\ proposal = (s1 :> Nil @@ s2 :> Nil @@ s3 :> Nil)
/\ proposalBlock = (s1 :> Nil @@ s2 :> Nil @@ s3 :> Nil)
/\ walEntries = ( s1 :>
      << [ round |-> 0,
           height |-> 1,
           value |-> NilVote,
           type |-> "vote",
           voteType |-> "prevote" ],
         [ round |-> 0,
           height |-> 1,
           value |-> NilVote,
           type |-> "vote",
           voteType |-> "precommit" ] >> @@
  s2 :>
      << [ round |-> 0,
           height |-> 1,
           value |-> NilVote,
           type |-> "vote",
           voteType |-> "prevote" ],
         [ round |-> 0,
           height |-> 1,
           value |-> NilVote,
           type |-> "vote",
           voteType |-> "precommit" ] >> @@
  s3 :>
      << [ round |-> 0,
           height |-> 1,
           value |-> NilVote,
           type |-> "vote",
           voteType |-> "prevote" ],
         [ round |-> 0,
           height |-> 1,
           value |-> NilVote,
           type |-> "vote",
           voteType |-> "precommit" ] >> )
/\ crashed = (s1 :> FALSE @@ s2 :> FALSE @@ s3 :> FALSE)
/\ pendingEvidence = {}
/\ validRound = (s1 :> -1 @@ s2 :> -1 @@ s3 :> -1)
/\ veVerified = ( s1 :> (s1 :> FALSE @@ s2 :> FALSE @@ s3 :> FALSE) @@
  s2 :> (s1 :> FALSE @@ s2 :> FALSE @@ s3 :> FALSE) @@
  s3 :> (s1 :> FALSE @@ s2 :> FALSE @@ s3 :> FALSE) )
/\ decision = (s1 :> <<Nil, Nil>> @@ s2 :> <<Nil, Nil>> @@ s3 :> <<Nil, Nil>>)
/\ lockedValue = (s1 :> Nil @@ s2 :> Nil @@ s3 :> Nil)
/\ proposerHistory = <<s2, s3>>
/\ faultCounters = [timeout |-> 0, crash |-> 0, lose |-> 0, invalidVE |-> 0]
/\ prevotes = ( s1 :>
      ( 0 :> (s1 :> NilVote @@ s2 :> Nil @@ s3 :> NilVote) @@
        1 :> (s1 :> Nil @@ s2 :> Nil @@ s3 :> Nil) @@
        2 :> (s1 :> Nil @@ s2 :> Nil @@ s3 :> Nil) ) @@
  s2 :>
      ( 0 :> (s1 :> Nil @@ s2 :> NilVote @@ s3 :> Nil) @@
        1 :> (s1 :> Nil @@ s2 :> Nil @@ s3 :> Nil) @@
        2 :> (s1 :> Nil @@ s2 :> Nil @@ s3 :> Nil) ) @@
  s3 :>
      ( 0 :> (s1 :> NilVote @@ s2 :> Nil @@ s3 :> NilVote) @@
        1 :> (s1 :> Nil @@ s2 :> Nil @@ s3 :> Nil) @@
        2 :> (s1 :> Nil @@ s2 :> Nil @@ s3 :> Nil) ) )
/\ timeoutScheduled = (s1 :> {"propose"} @@ s2 :> {} @@ s3 :> {})
/\ messages = ( [ round |-> 0,
    height |-> 1,
    dest |-> s1,
    value |-> NilVote,
    source |-> s2,
    mtype |-> "PrevoteMsg" ] :>
      1 @@
  [ round |-> 0,
    height |-> 1,
    dest |-> s2,
    value |-> NilVote,
    source |-> s1,
    mtype |-> "PrevoteMsg" ] :>
      1 @@
  [ round |-> 0,
    height |-> 1,
    dest |-> s2,
    value |-> NilVote,
    source |-> s3,
    mtype |-> "PrevoteMsg" ] :>
      1 @@
  [ round |-> 0,
    height |-> 1,
    dest |-> s3,
    value |-> NilVote,
    source |-> s2,
    mtype |-> "PrevoteMsg" ] :>
      1 @@
  [ round |-> 0,
    height |-> 1,
    dest |-> s2,
    value |-> NilVote,
    source |-> s1,
    mtype |-> "PrecommitMsg",
    ve |-> "NoVE" ] :>
      1 @@
  [ round |-> 0,
    height |-> 1,
    dest |-> s2,
    value |-> NilVote,
    source |-> s3,
    mtype |-> "PrecommitMsg",
    ve |-> "NoVE" ] :>
      1 @@
  [ round |-> 0,
    height |-> 1,
    dest |-> s3,
    value |-> NilVote,
    source |-> s1,
    mtype |-> "PrecommitMsg",
    ve |-> "NoVE" ] :>
      1 @@
  [ round |-> 0,
    height |-> 1,
    dest |-> s3,
    value |-> NilVote,
    source |-> s2,
    mtype |-> "PrecommitMsg",
    ve |-> "NoVE" ] :>
      1 )
/\ precommits = ( s1 :>
      ( 0 :> (s1 :> NilVote @@ s2 :> NilVote @@ s3 :> NilVote) @@
        1 :> (s1 :> Nil @@ s2 :> Nil @@ s3 :> Nil) @@
        2 :> (s1 :> Nil @@ s2 :> Nil @@ s3 :> Nil) ) @@
  s2 :>
      ( 0 :> (s1 :> Nil @@ s2 :> NilVote @@ s3 :> Nil) @@
        1 :> (s1 :> Nil @@ s2 :> Nil @@ s3 :> Nil) @@
        2 :> (s1 :> Nil @@ s2 :> Nil @@ s3 :> Nil) ) @@
  s3 :>
      ( 0 :> (s1 :> Nil @@ s2 :> Nil @@ s3 :> NilVote) @@
        1 :> (s1 :> Nil @@ s2 :> Nil @@ s3 :> Nil) @@
        2 :> (s1 :> Nil @@ s2 :> Nil @@ s3 :> Nil) ) )

State 16: Stuttering
Finished checking temporal properties in 02s at 2026-02-27 08:56:15
889736 states generated, 183581 distinct states found, 75185 states left on queue.
The depth of the complete state graph search is 16.
Finished in 01min 06s at (2026-02-27 08:56:15)
Trace exploration spec path: ./MC_TTrace_1772182508.tla
