TLC2 Version 2.20 of Day Month 20?? (rev: ${git.shortRevision})
Running breadth-first search Model-Checking with fp 12 and seed 42 with 48 workers on 48 cores with 29127MB heap and 64MB offheap memory [pid: 919782] (Linux 6.8.0-1044-azure amd64, Ubuntu 21.0.10 x86_64, MSBDiskFPSet, DiskStateQueue).
Parsing file /home/ubuntu/Specula/case-studies/cometbft/spec/MC.tla
Parsing file /home/ubuntu/Specula/case-studies/cometbft/spec/base.tla
Parsing file /tmp/tlc-8523451179340011622/_TLCTrace.tla (jar:file:/home/ubuntu/Specula/lib/tla2tools.jar!/tla2sany/StandardModules/_TLCTrace.tla)
Parsing file /tmp/tlc-8523451179340011622/Integers.tla (jar:file:/home/ubuntu/Specula/lib/tla2tools.jar!/tla2sany/StandardModules/Integers.tla)
Parsing file /tmp/tlc-8523451179340011622/Sequences.tla (jar:file:/home/ubuntu/Specula/lib/tla2tools.jar!/tla2sany/StandardModules/Sequences.tla)
Parsing file /tmp/tlc-8523451179340011622/FiniteSets.tla (jar:file:/home/ubuntu/Specula/lib/tla2tools.jar!/tla2sany/StandardModules/FiniteSets.tla)
Parsing file /tmp/tlc-8523451179340011622/Bags.tla (jar:file:/home/ubuntu/Specula/lib/tla2tools.jar!/tla2sany/StandardModules/Bags.tla)
Parsing file /tmp/tlc-8523451179340011622/TLC.tla (jar:file:/home/ubuntu/Specula/lib/tla2tools.jar!/tla2sany/StandardModules/TLC.tla)
Parsing file /tmp/tlc-8523451179340011622/Naturals.tla (jar:file:/home/ubuntu/Specula/lib/tla2tools.jar!/tla2sany/StandardModules/Naturals.tla)
Parsing file /tmp/tlc-8523451179340011622/TLCExt.tla (jar:file:/home/ubuntu/Specula/lib/tla2tools.jar!/tla2sany/StandardModules/TLCExt.tla)
Semantic processing of module Naturals
Semantic processing of module Integers
Semantic processing of module Sequences
Semantic processing of module FiniteSets
Semantic processing of module TLC
Semantic processing of module Bags
Semantic processing of module base
Semantic processing of module TLCExt
Semantic processing of module _TLCTrace
Semantic processing of module MC
Linting of module base
Linting of module TLCExt
Linting of module _TLCTrace
Linting of module MC
Starting... (2026-02-27 08:51:43)
Computing initial states...
Computed 2 initial states...
Finished computing initial states: 3 distinct states generated at 2026-02-27 08:51:44.
Progress(14) at 2026-02-27 08:51:47: 977,380 states generated (977,380 s/min), 223,352 distinct states found (223,352 ds/min), 101,469 states left on queue.
Error: Invariant VELivenessInv is violated.
Error: The behavior up to this point is:
State 1: <Initial predicate>
/\ validValue = (s1 :> Nil @@ s2 :> Nil @@ s3 :> Nil)
/\ committedEvidence = {}
/\ height = (s1 :> 1 @@ s2 :> 1 @@ s3 :> 1)
/\ lockedRound = (s1 :> -1 @@ s2 :> -1 @@ s3 :> -1)
/\ voteExtension = (s1 :> "ValidVE" @@ s2 :> "InvalidVE" @@ s3 :> "ValidVE")
/\ step = (s1 :> "StepNewHeight" @@ s2 :> "StepNewHeight" @@ s3 :> "StepNewHeight")
/\ privvalLastSigned = ( s1 :> [round |-> 0, height |-> 0] @@
  s2 :> [round |-> 0, height |-> 0] @@
  s3 :> [round |-> 0, height |-> 0] )
/\ round = (s1 :> 0 @@ s2 :> 0 @@ s3 :> 0)
/\ proposal = (s1 :> Nil @@ s2 :> Nil @@ s3 :> Nil)
/\ proposalBlock = (s1 :> Nil @@ s2 :> Nil @@ s3 :> Nil)
/\ walEntries = (s1 :> <<>> @@ s2 :> <<>> @@ s3 :> <<>>)
/\ crashed = (s1 :> FALSE @@ s2 :> FALSE @@ s3 :> FALSE)
/\ pendingEvidence = {}
/\ validRound = (s1 :> -1 @@ s2 :> -1 @@ s3 :> -1)
/\ veVerified = ( s1 :> (s1 :> FALSE @@ s2 :> FALSE @@ s3 :> FALSE) @@
  s2 :> (s1 :> FALSE @@ s2 :> FALSE @@ s3 :> FALSE) @@
  s3 :> (s1 :> FALSE @@ s2 :> FALSE @@ s3 :> FALSE) )
/\ decision = (s1 :> <<Nil, Nil>> @@ s2 :> <<Nil, Nil>> @@ s3 :> <<Nil, Nil>>)
/\ lockedValue = (s1 :> Nil @@ s2 :> Nil @@ s3 :> Nil)
/\ proposerHistory = <<s2, s3>>
/\ faultCounters = [timeout |-> 0, crash |-> 0, lose |-> 0, invalidVE |-> 1]
/\ prevotes = ( s1 :> (0 :> (s1 :> Nil @@ s2 :> Nil @@ s3 :> Nil)) @@
  s2 :> (0 :> (s1 :> Nil @@ s2 :> Nil @@ s3 :> Nil)) @@
  s3 :> (0 :> (s1 :> Nil @@ s2 :> Nil @@ s3 :> Nil)) )
/\ timeoutScheduled = (s1 :> {} @@ s2 :> {} @@ s3 :> {})
/\ messages = <<>>
/\ precommits = ( s1 :> (0 :> (s1 :> Nil @@ s2 :> Nil @@ s3 :> Nil)) @@
  s2 :> (0 :> (s1 :> Nil @@ s2 :> Nil @@ s3 :> Nil)) @@
  s3 :> (0 :> (s1 :> Nil @@ s2 :> Nil @@ s3 :> Nil)) )

State 2: <MCEnterNewRound(s2) line 101, col 5 to line 102, col 26 of module MC>
/\ validValue = (s1 :> Nil @@ s2 :> Nil @@ s3 :> Nil)
/\ committedEvidence = {}
/\ height = (s1 :> 1 @@ s2 :> 1 @@ s3 :> 1)
/\ lockedRound = (s1 :> -1 @@ s2 :> -1 @@ s3 :> -1)
/\ voteExtension = (s1 :> "ValidVE" @@ s2 :> "InvalidVE" @@ s3 :> "ValidVE")
/\ step = (s1 :> "StepNewHeight" @@ s2 :> "StepNewRound" @@ s3 :> "StepNewHeight")
/\ privvalLastSigned = ( s1 :> [round |-> 0, height |-> 0] @@
  s2 :> [round |-> 0, height |-> 0] @@
  s3 :> [round |-> 0, height |-> 0] )
/\ round = (s1 :> 0 @@ s2 :> 0 @@ s3 :> 0)
/\ proposal = (s1 :> Nil @@ s2 :> Nil @@ s3 :> Nil)
/\ proposalBlock = (s1 :> Nil @@ s2 :> Nil @@ s3 :> Nil)
/\ walEntries = (s1 :> <<>> @@ s2 :> <<>> @@ s3 :> <<>>)
/\ crashed = (s1 :> FALSE @@ s2 :> FALSE @@ s3 :> FALSE)
/\ pendingEvidence = {}
/\ validRound = (s1 :> -1 @@ s2 :> -1 @@ s3 :> -1)
/\ veVerified = ( s1 :> (s1 :> FALSE @@ s2 :> FALSE @@ s3 :> FALSE) @@
  s2 :> (s1 :> FALSE @@ s2 :> FALSE @@ s3 :> FALSE) @@
  s3 :> (s1 :> FALSE @@ s2 :> FALSE @@ s3 :> FALSE) )
/\ decision = (s1 :> <<Nil, Nil>> @@ s2 :> <<Nil, Nil>> @@ s3 :> <<Nil, Nil>>)
/\ lockedValue = (s1 :> Nil @@ s2 :> Nil @@ s3 :> Nil)
/\ proposerHistory = <<s2, s3>>
/\ faultCounters = [timeout |-> 0, crash |-> 0, lose |-> 0, invalidVE |-> 1]
/\ prevotes = ( s1 :> (0 :> (s1 :> Nil @@ s2 :> Nil @@ s3 :> Nil)) @@
  s2 :> (0 :> (s1 :> Nil @@ s2 :> Nil @@ s3 :> Nil)) @@
  s3 :> (0 :> (s1 :> Nil @@ s2 :> Nil @@ s3 :> Nil)) )
/\ timeoutScheduled = (s1 :> {} @@ s2 :> {} @@ s3 :> {})
/\ messages = <<>>
/\ precommits = ( s1 :> (0 :> (s1 :> Nil @@ s2 :> Nil @@ s3 :> Nil)) @@
  s2 :> (0 :> (s1 :> Nil @@ s2 :> Nil @@ s3 :> Nil)) @@
  s3 :> (0 :> (s1 :> Nil @@ s2 :> Nil @@ s3 :> Nil)) )

State 3: <MCEnterPropose(s2) line 105, col 5 to line 106, col 26 of module MC>
/\ validValue = (s1 :> Nil @@ s2 :> Nil @@ s3 :> Nil)
/\ committedEvidence = {}
/\ height = (s1 :> 1 @@ s2 :> 1 @@ s3 :> 1)
/\ lockedRound = (s1 :> -1 @@ s2 :> -1 @@ s3 :> -1)
/\ voteExtension = (s1 :> "ValidVE" @@ s2 :> "InvalidVE" @@ s3 :> "ValidVE")
/\ step = (s1 :> "StepNewHeight" @@ s2 :> "StepPropose" @@ s3 :> "StepNewHeight")
/\ privvalLastSigned = ( s1 :> [round |-> 0, height |-> 0] @@
  s2 :> [round |-> 0, height |-> 0] @@
  s3 :> [round |-> 0, height |-> 0] )
/\ round = (s1 :> 0 @@ s2 :> 0 @@ s3 :> 0)
/\ proposal = ( s1 :> Nil @@
  s2 :>
      [ round |-> 0,
        height |-> 1,
        polRound |-> -1,
        value |-> v1,
        source |-> s2 ] @@
  s3 :> Nil )
/\ proposalBlock = (s1 :> Nil @@ s2 :> v1 @@ s3 :> Nil)
/\ walEntries = (s1 :> <<>> @@ s2 :> <<>> @@ s3 :> <<>>)
/\ crashed = (s1 :> FALSE @@ s2 :> FALSE @@ s3 :> FALSE)
/\ pendingEvidence = {}
/\ validRound = (s1 :> -1 @@ s2 :> -1 @@ s3 :> -1)
/\ veVerified = ( s1 :> (s1 :> FALSE @@ s2 :> FALSE @@ s3 :> FALSE) @@
  s2 :> (s1 :> FALSE @@ s2 :> FALSE @@ s3 :> FALSE) @@
  s3 :> (s1 :> FALSE @@ s2 :> FALSE @@ s3 :> FALSE) )
/\ decision = (s1 :> <<Nil, Nil>> @@ s2 :> <<Nil, Nil>> @@ s3 :> <<Nil, Nil>>)
/\ lockedValue = (s1 :> Nil @@ s2 :> Nil @@ s3 :> Nil)
/\ proposerHistory = <<s2, s3>>
/\ faultCounters = [timeout |-> 0, crash |-> 0, lose |-> 0, invalidVE |-> 1]
/\ prevotes = ( s1 :> (0 :> (s1 :> Nil @@ s2 :> Nil @@ s3 :> Nil)) @@
  s2 :> (0 :> (s1 :> Nil @@ s2 :> Nil @@ s3 :> Nil)) @@
  s3 :> (0 :> (s1 :> Nil @@ s2 :> Nil @@ s3 :> Nil)) )
/\ timeoutScheduled = (s1 :> {} @@ s2 :> {"propose"} @@ s3 :> {})
/\ messages = ( [ round |-> 0,
    height |-> 1,
    dest |-> s1,
    polRound |-> -1,
    value |-> v1,
    source |-> s2,
    mtype |-> "ProposalMsg" ] :>
      1 @@
  [ round |-> 0,
    height |-> 1,
    dest |-> s3,
    polRound |-> -1,
    value |-> v1,
    source |-> s2,
    mtype |-> "ProposalMsg" ] :>
      1 )
/\ precommits = ( s1 :> (0 :> (s1 :> Nil @@ s2 :> Nil @@ s3 :> Nil)) @@
  s2 :> (0 :> (s1 :> Nil @@ s2 :> Nil @@ s3 :> Nil)) @@
  s3 :> (0 :> (s1 :> Nil @@ s2 :> Nil @@ s3 :> Nil)) )

State 4: <MCEnterPrevote(s2) line 109, col 5 to line 110, col 26 of module MC>
/\ validValue = (s1 :> Nil @@ s2 :> Nil @@ s3 :> Nil)
/\ committedEvidence = {}
/\ height = (s1 :> 1 @@ s2 :> 1 @@ s3 :> 1)
/\ lockedRound = (s1 :> -1 @@ s2 :> -1 @@ s3 :> -1)
/\ voteExtension = (s1 :> "ValidVE" @@ s2 :> "InvalidVE" @@ s3 :> "ValidVE")
/\ step = (s1 :> "StepNewHeight" @@ s2 :> "StepPrevote" @@ s3 :> "StepNewHeight")
/\ privvalLastSigned = ( s1 :> [round |-> 0, height |-> 0] @@
  s2 :> [round |-> 0, height |-> 0] @@
  s3 :> [round |-> 0, height |-> 0] )
/\ round = (s1 :> 0 @@ s2 :> 0 @@ s3 :> 0)
/\ proposal = ( s1 :> Nil @@
  s2 :>
      [ round |-> 0,
        height |-> 1,
        polRound |-> -1,
        value |-> v1,
        source |-> s2 ] @@
  s3 :> Nil )
/\ proposalBlock = (s1 :> Nil @@ s2 :> v1 @@ s3 :> Nil)
/\ walEntries = ( s1 :> <<>> @@
  s2 :>
      << [ round |-> 0,
           height |-> 1,
           value |-> v1,
           type |-> "vote",
           voteType |-> "prevote" ] >> @@
  s3 :> <<>> )
/\ crashed = (s1 :> FALSE @@ s2 :> FALSE @@ s3 :> FALSE)
/\ pendingEvidence = {}
/\ validRound = (s1 :> -1 @@ s2 :> -1 @@ s3 :> -1)
/\ veVerified = ( s1 :> (s1 :> FALSE @@ s2 :> FALSE @@ s3 :> FALSE) @@
  s2 :> (s1 :> FALSE @@ s2 :> FALSE @@ s3 :> FALSE) @@
  s3 :> (s1 :> FALSE @@ s2 :> FALSE @@ s3 :> FALSE) )
/\ decision = (s1 :> <<Nil, Nil>> @@ s2 :> <<Nil, Nil>> @@ s3 :> <<Nil, Nil>>)
/\ lockedValue = (s1 :> Nil @@ s2 :> Nil @@ s3 :> Nil)
/\ proposerHistory = <<s2, s3>>
/\ faultCounters = [timeout |-> 0, crash |-> 0, lose |-> 0, invalidVE |-> 1]
/\ prevotes = ( s1 :> (0 :> (s1 :> Nil @@ s2 :> Nil @@ s3 :> Nil)) @@
  s2 :> (0 :> (s1 :> Nil @@ s2 :> v1 @@ s3 :> Nil)) @@
  s3 :> (0 :> (s1 :> Nil @@ s2 :> Nil @@ s3 :> Nil)) )
/\ timeoutScheduled = (s1 :> {} @@ s2 :> {"propose"} @@ s3 :> {})
/\ messages = ( [ round |-> 0,
    height |-> 1,
    dest |-> s1,
    value |-> v1,
    source |-> s2,
    mtype |-> "PrevoteMsg" ] :>
      1 @@
  [ round |-> 0,
    height |-> 1,
    dest |-> s3,
    value |-> v1,
    source |-> s2,
    mtype |-> "PrevoteMsg" ] :>
      1 @@
  [ round |-> 0,
    height |-> 1,
    dest |-> s1,
    polRound |-> -1,
    value |-> v1,
    source |-> s2,
    mtype |-> "ProposalMsg" ] :>
      1 @@
  [ round |-> 0,
    height |-> 1,
    dest |-> s3,
    polRound |-> -1,
    value |-> v1,
    source |-> s2,
    mtype |-> "ProposalMsg" ] :>
      1 )
/\ precommits = ( s1 :> (0 :> (s1 :> Nil @@ s2 :> Nil @@ s3 :> Nil)) @@
  s2 :> (0 :> (s1 :> Nil @@ s2 :> Nil @@ s3 :> Nil)) @@
  s3 :> (0 :> (s1 :> Nil @@ s2 :> Nil @@ s3 :> Nil)) )

State 5: <MCEnterNewRound(s1) line 101, col 5 to line 102, col 26 of module MC>
/\ validValue = (s1 :> Nil @@ s2 :> Nil @@ s3 :> Nil)
/\ committedEvidence = {}
/\ height = (s1 :> 1 @@ s2 :> 1 @@ s3 :> 1)
/\ lockedRound = (s1 :> -1 @@ s2 :> -1 @@ s3 :> -1)
/\ voteExtension = (s1 :> "ValidVE" @@ s2 :> "InvalidVE" @@ s3 :> "ValidVE")
/\ step = (s1 :> "StepNewRound" @@ s2 :> "StepPrevote" @@ s3 :> "StepNewHeight")
/\ privvalLastSigned = ( s1 :> [round |-> 0, height |-> 0] @@
  s2 :> [round |-> 0, height |-> 0] @@
  s3 :> [round |-> 0, height |-> 0] )
/\ round = (s1 :> 0 @@ s2 :> 0 @@ s3 :> 0)
/\ proposal = ( s1 :> Nil @@
  s2 :>
      [ round |-> 0,
        height |-> 1,
        polRound |-> -1,
        value |-> v1,
        source |-> s2 ] @@
  s3 :> Nil )
/\ proposalBlock = (s1 :> Nil @@ s2 :> v1 @@ s3 :> Nil)
/\ walEntries = ( s1 :> <<>> @@
  s2 :>
      << [ round |-> 0,
           height |-> 1,
           value |-> v1,
           type |-> "vote",
           voteType |-> "prevote" ] >> @@
  s3 :> <<>> )
/\ crashed = (s1 :> FALSE @@ s2 :> FALSE @@ s3 :> FALSE)
/\ pendingEvidence = {}
/\ validRound = (s1 :> -1 @@ s2 :> -1 @@ s3 :> -1)
/\ veVerified = ( s1 :> (s1 :> FALSE @@ s2 :> FALSE @@ s3 :> FALSE) @@
  s2 :> (s1 :> FALSE @@ s2 :> FALSE @@ s3 :> FALSE) @@
  s3 :> (s1 :> FALSE @@ s2 :> FALSE @@ s3 :> FALSE) )
/\ decision = (s1 :> <<Nil, Nil>> @@ s2 :> <<Nil, Nil>> @@ s3 :> <<Nil, Nil>>)
/\ lockedValue = (s1 :> Nil @@ s2 :> Nil @@ s3 :> Nil)
/\ proposerHistory = <<s2, s3>>
/\ faultCounters = [timeout |-> 0, crash |-> 0, lose |-> 0, invalidVE |-> 1]
/\ prevotes = ( s1 :> (0 :> (s1 :> Nil @@ s2 :> Nil @@ s3 :> Nil)) @@
  s2 :> (0 :> (s1 :> Nil @@ s2 :> v1 @@ s3 :> Nil)) @@
  s3 :> (0 :> (s1 :> Nil @@ s2 :> Nil @@ s3 :> Nil)) )
/\ timeoutScheduled = (s1 :> {} @@ s2 :> {"propose"} @@ s3 :> {})
/\ messages = ( [ round |-> 0,
    height |-> 1,
    dest |-> s1,
    value |-> v1,
    source |-> s2,
    mtype |-> "PrevoteMsg" ] :>
      1 @@
  [ round |-> 0,
    height |-> 1,
    dest |-> s3,
    value |-> v1,
    source |-> s2,
    mtype |-> "PrevoteMsg" ] :>
      1 @@
  [ round |-> 0,
    height |-> 1,
    dest |-> s1,
    polRound |-> -1,
    value |-> v1,
    source |-> s2,
    mtype |-> "ProposalMsg" ] :>
      1 @@
  [ round |-> 0,
    height |-> 1,
    dest |-> s3,
    polRound |-> -1,
    value |-> v1,
    source |-> s2,
    mtype |-> "ProposalMsg" ] :>
      1 )
/\ precommits = ( s1 :> (0 :> (s1 :> Nil @@ s2 :> Nil @@ s3 :> Nil)) @@
  s2 :> (0 :> (s1 :> Nil @@ s2 :> Nil @@ s3 :> Nil)) @@
  s3 :> (0 :> (s1 :> Nil @@ s2 :> Nil @@ s3 :> Nil)) )

State 6: <MCNextMessage line 261, col 5 to line 264, col 40 of module MC>
/\ validValue = (s1 :> Nil @@ s2 :> Nil @@ s3 :> Nil)
/\ committedEvidence = {}
/\ height = (s1 :> 1 @@ s2 :> 1 @@ s3 :> 1)
/\ lockedRound = (s1 :> -1 @@ s2 :> -1 @@ s3 :> -1)
/\ voteExtension = (s1 :> "ValidVE" @@ s2 :> "InvalidVE" @@ s3 :> "ValidVE")
/\ step = (s1 :> "StepNewRound" @@ s2 :> "StepPrevote" @@ s3 :> "StepNewHeight")
/\ privvalLastSigned = ( s1 :> [round |-> 0, height |-> 0] @@
  s2 :> [round |-> 0, height |-> 0] @@
  s3 :> [round |-> 0, height |-> 0] )
/\ round = (s1 :> 0 @@ s2 :> 0 @@ s3 :> 0)
/\ proposal = ( s1 :> Nil @@
  s2 :>
      [ round |-> 0,
        height |-> 1,
        polRound |-> -1,
        value |-> v1,
        source |-> s2 ] @@
  s3 :> Nil )
/\ proposalBlock = (s1 :> Nil @@ s2 :> v1 @@ s3 :> Nil)
/\ walEntries = ( s1 :> <<>> @@
  s2 :>
      << [ round |-> 0,
           height |-> 1,
           value |-> v1,
           type |-> "vote",
           voteType |-> "prevote" ] >> @@
  s3 :> <<>> )
/\ crashed = (s1 :> FALSE @@ s2 :> FALSE @@ s3 :> FALSE)
/\ pendingEvidence = {}
/\ validRound = (s1 :> -1 @@ s2 :> -1 @@ s3 :> -1)
/\ veVerified = ( s1 :> (s1 :> FALSE @@ s2 :> FALSE @@ s3 :> FALSE) @@
  s2 :> (s1 :> FALSE @@ s2 :> FALSE @@ s3 :> FALSE) @@
  s3 :> (s1 :> FALSE @@ s2 :> FALSE @@ s3 :> FALSE) )
/\ decision = (s1 :> <<Nil, Nil>> @@ s2 :> <<Nil, Nil>> @@ s3 :> <<Nil, Nil>>)
/\ lockedValue = (s1 :> Nil @@ s2 :> Nil @@ s3 :> Nil)
/\ proposerHistory = <<s2, s3>>
/\ faultCounters = [timeout |-> 0, crash |-> 0, lose |-> 0, invalidVE |-> 1]
/\ prevotes = ( s1 :> (0 :> (s1 :> Nil @@ s2 :> v1 @@ s3 :> Nil)) @@
  s2 :> (0 :> (s1 :> Nil @@ s2 :> v1 @@ s3 :> Nil)) @@
  s3 :> (0 :> (s1 :> Nil @@ s2 :> Nil @@ s3 :> Nil)) )
/\ timeoutScheduled = (s1 :> {} @@ s2 :> {"propose"} @@ s3 :> {})
/\ messages = ( [ round |-> 0,
    height |-> 1,
    dest |-> s3,
    value |-> v1,
    source |-> s2,
    mtype |-> "PrevoteMsg" ] :>
      1 @@
  [ round |-> 0,
    height |-> 1,
    dest |-> s1,
    polRound |-> -1,
    value |-> v1,
    source |-> s2,
    mtype |-> "ProposalMsg" ] :>
      1 @@
  [ round |-> 0,
    height |-> 1,
    dest |-> s3,
    polRound |-> -1,
    value |-> v1,
    source |-> s2,
    mtype |-> "ProposalMsg" ] :>
      1 )
/\ precommits = ( s1 :> (0 :> (s1 :> Nil @@ s2 :> Nil @@ s3 :> Nil)) @@
  s2 :> (0 :> (s1 :> Nil @@ s2 :> Nil @@ s3 :> Nil)) @@
  s3 :> (0 :> (s1 :> Nil @@ s2 :> Nil @@ s3 :> Nil)) )

State 7: <MCNextMessage line 261, col 5 to line 264, col 40 of module MC>
/\ validValue = (s1 :> Nil @@ s2 :> Nil @@ s3 :> Nil)
/\ committedEvidence = {}
/\ height = (s1 :> 1 @@ s2 :> 1 @@ s3 :> 1)
/\ lockedRound = (s1 :> -1 @@ s2 :> -1 @@ s3 :> -1)
/\ voteExtension = (s1 :> "ValidVE" @@ s2 :> "InvalidVE" @@ s3 :> "ValidVE")
/\ step = (s1 :> "StepNewRound" @@ s2 :> "StepPrevote" @@ s3 :> "StepNewHeight")
/\ privvalLastSigned = ( s1 :> [round |-> 0, height |-> 0] @@
  s2 :> [round |-> 0, height |-> 0] @@
  s3 :> [round |-> 0, height |-> 0] )
/\ round = (s1 :> 0 @@ s2 :> 0 @@ s3 :> 0)
/\ proposal = ( s1 :> Nil @@
  s2 :>
      [ round |-> 0,
        height |-> 1,
        polRound |-> -1,
        value |-> v1,
        source |-> s2 ] @@
  s3 :> Nil )
/\ proposalBlock = (s1 :> Nil @@ s2 :> v1 @@ s3 :> Nil)
/\ walEntries = ( s1 :> <<>> @@
  s2 :>
      << [ round |-> 0,
           height |-> 1,
           value |-> v1,
           type |-> "vote",
           voteType |-> "prevote" ] >> @@
  s3 :> <<>> )
/\ crashed = (s1 :> FALSE @@ s2 :> FALSE @@ s3 :> FALSE)
/\ pendingEvidence = {}
/\ validRound = (s1 :> -1 @@ s2 :> -1 @@ s3 :> -1)
/\ veVerified = ( s1 :> (s1 :> FALSE @@ s2 :> FALSE @@ s3 :> FALSE) @@
  s2 :> (s1 :> FALSE @@ s2 :> FALSE @@ s3 :> FALSE) @@
  s3 :> (s1 :> FALSE @@ s2 :> FALSE @@ s3 :> FALSE) )
/\ decision = (s1 :> <<Nil, Nil>> @@ s2 :> <<Nil, Nil>> @@ s3 :> <<Nil, Nil>>)
/\ lockedValue = (s1 :> Nil @@ s2 :> Nil @@ s3 :> Nil)
/\ proposerHistory = <<s2, s3>>
/\ faultCounters = [timeout |-> 0, crash |-> 0, lose |-> 0, invalidVE |-> 1]
/\ prevotes = ( s1 :> (0 :> (s1 :> Nil @@ s2 :> v1 @@ s3 :> Nil)) @@
  s2 :> (0 :> (s1 :> Nil @@ s2 :> v1 @@ s3 :> Nil)) @@
  s3 :> (0 :> (s1 :> Nil @@ s2 :> v1 @@ s3 :> Nil)) )
/\ timeoutScheduled = (s1 :> {} @@ s2 :> {"propose"} @@ s3 :> {})
/\ messages = ( [ round |-> 0,
    height |-> 1,
    dest |-> s1,
    polRound |-> -1,
    value |-> v1,
    source |-> s2,
    mtype |-> "ProposalMsg" ] :>
      1 @@
  [ round |-> 0,
    height |-> 1,
    dest |-> s3,
    polRound |-> -1,
    value |-> v1,
    source |-> s2,
    mtype |-> "ProposalMsg" ] :>
      1 )
/\ precommits = ( s1 :> (0 :> (s1 :> Nil @@ s2 :> Nil @@ s3 :> Nil)) @@
  s2 :> (0 :> (s1 :> Nil @@ s2 :> Nil @@ s3 :> Nil)) @@
  s3 :> (0 :> (s1 :> Nil @@ s2 :> Nil @@ s3 :> Nil)) )

State 8: <MCEnterNewRound(s3) line 101, col 5 to line 102, col 26 of module MC>
/\ validValue = (s1 :> Nil @@ s2 :> Nil @@ s3 :> Nil)
/\ committedEvidence = {}
/\ height = (s1 :> 1 @@ s2 :> 1 @@ s3 :> 1)
/\ lockedRound = (s1 :> -1 @@ s2 :> -1 @@ s3 :> -1)
/\ voteExtension = (s1 :> "ValidVE" @@ s2 :> "InvalidVE" @@ s3 :> "ValidVE")
/\ step = (s1 :> "StepNewRound" @@ s2 :> "StepPrevote" @@ s3 :> "StepNewRound")
/\ privvalLastSigned = ( s1 :> [round |-> 0, height |-> 0] @@
  s2 :> [round |-> 0, height |-> 0] @@
  s3 :> [round |-> 0, height |-> 0] )
/\ round = (s1 :> 0 @@ s2 :> 0 @@ s3 :> 0)
/\ proposal = ( s1 :> Nil @@
  s2 :>
      [ round |-> 0,
        height |-> 1,
        polRound |-> -1,
        value |-> v1,
        source |-> s2 ] @@
  s3 :> Nil )
/\ proposalBlock = (s1 :> Nil @@ s2 :> v1 @@ s3 :> Nil)
/\ walEntries = ( s1 :> <<>> @@
  s2 :>
      << [ round |-> 0,
           height |-> 1,
           value |-> v1,
           type |-> "vote",
           voteType |-> "prevote" ] >> @@
  s3 :> <<>> )
/\ crashed = (s1 :> FALSE @@ s2 :> FALSE @@ s3 :> FALSE)
/\ pendingEvidence = {}
/\ validRound = (s1 :> -1 @@ s2 :> -1 @@ s3 :> -1)
/\ veVerified = ( s1 :> (s1 :> FALSE @@ s2 :> FALSE @@ s3 :> FALSE) @@
  s2 :> (s1 :> FALSE @@ s2 :> FALSE @@ s3 :> FALSE) @@
  s3 :> (s1 :> FALSE @@ s2 :> FALSE @@ s3 :> FALSE) )
/\ decision = (s1 :> <<Nil, Nil>> @@ s2 :> <<Nil, Nil>> @@ s3 :> <<Nil, Nil>>)
/\ lockedValue = (s1 :> Nil @@ s2 :> Nil @@ s3 :> Nil)
/\ proposerHistory = <<s2, s3>>
/\ faultCounters = [timeout |-> 0, crash |-> 0, lose |-> 0, invalidVE |-> 1]
/\ prevotes = ( s1 :> (0 :> (s1 :> Nil @@ s2 :> v1 @@ s3 :> Nil)) @@
  s2 :> (0 :> (s1 :> Nil @@ s2 :> v1 @@ s3 :> Nil)) @@
  s3 :> (0 :> (s1 :> Nil @@ s2 :> v1 @@ s3 :> Nil)) )
/\ timeoutScheduled = (s1 :> {} @@ s2 :> {"propose"} @@ s3 :> {})
/\ messages = ( [ round |-> 0,
    height |-> 1,
    dest |-> s1,
    polRound |-> -1,
    value |-> v1,
    source |-> s2,
    mtype |-> "ProposalMsg" ] :>
      1 @@
  [ round |-> 0,
    height |-> 1,
    dest |-> s3,
    polRound |-> -1,
    value |-> v1,
    source |-> s2,
    mtype |-> "ProposalMsg" ] :>
      1 )
/\ precommits = ( s1 :> (0 :> (s1 :> Nil @@ s2 :> Nil @@ s3 :> Nil)) @@
  s2 :> (0 :> (s1 :> Nil @@ s2 :> Nil @@ s3 :> Nil)) @@
  s3 :> (0 :> (s1 :> Nil @@ s2 :> Nil @@ s3 :> Nil)) )

State 9: <MCNextMessage line 261, col 5 to line 264, col 40 of module MC>
/\ validValue = (s1 :> Nil @@ s2 :> Nil @@ s3 :> Nil)
/\ committedEvidence = {}
/\ height = (s1 :> 1 @@ s2 :> 1 @@ s3 :> 1)
/\ lockedRound = (s1 :> -1 @@ s2 :> -1 @@ s3 :> -1)
/\ voteExtension = (s1 :> "ValidVE" @@ s2 :> "InvalidVE" @@ s3 :> "ValidVE")
/\ step = (s1 :> "StepNewRound" @@ s2 :> "StepPrevote" @@ s3 :> "StepNewRound")
/\ privvalLastSigned = ( s1 :> [round |-> 0, height |-> 0] @@
  s2 :> [round |-> 0, height |-> 0] @@
  s3 :> [round |-> 0, height |-> 0] )
/\ round = (s1 :> 0 @@ s2 :> 0 @@ s3 :> 0)
/\ proposal = ( s1 :>
      [ round |-> 0,
        height |-> 1,
        dest |-> s1,
        polRound |-> -1,
        value |-> v1,
        source |-> s2,
        mtype |-> "ProposalMsg" ] @@
  s2 :>
      [ round |-> 0,
        height |-> 1,
        polRound |-> -1,
        value |-> v1,
        source |-> s2 ] @@
  s3 :> Nil )
/\ proposalBlock = (s1 :> v1 @@ s2 :> v1 @@ s3 :> Nil)
/\ walEntries = ( s1 :> <<>> @@
  s2 :>
      << [ round |-> 0,
           height |-> 1,
           value |-> v1,
           type |-> "vote",
           voteType |-> "prevote" ] >> @@
  s3 :> <<>> )
/\ crashed = (s1 :> FALSE @@ s2 :> FALSE @@ s3 :> FALSE)
/\ pendingEvidence = {}
/\ validRound = (s1 :> -1 @@ s2 :> -1 @@ s3 :> -1)
/\ veVerified = ( s1 :> (s1 :> FALSE @@ s2 :> FALSE @@ s3 :> FALSE) @@
  s2 :> (s1 :> FALSE @@ s2 :> FALSE @@ s3 :> FALSE) @@
  s3 :> (s1 :> FALSE @@ s2 :> FALSE @@ s3 :> FALSE) )
/\ decision = (s1 :> <<Nil, Nil>> @@ s2 :> <<Nil, Nil>> @@ s3 :> <<Nil, Nil>>)
/\ lockedValue = (s1 :> Nil @@ s2 :> Nil @@ s3 :> Nil)
/\ proposerHistory = <<s2, s3>>
/\ faultCounters = [timeout |-> 0, crash |-> 0, lose |-> 0, invalidVE |-> 1]
/\ prevotes = ( s1 :> (0 :> (s1 :> Nil @@ s2 :> v1 @@ s3 :> Nil)) @@
  s2 :> (0 :> (s1 :> Nil @@ s2 :> v1 @@ s3 :> Nil)) @@
  s3 :> (0 :> (s1 :> Nil @@ s2 :> v1 @@ s3 :> Nil)) )
/\ timeoutScheduled = (s1 :> {} @@ s2 :> {"propose"} @@ s3 :> {})
/\ messages = ( [ round |-> 0,
    height |-> 1,
    dest |-> s3,
    polRound |-> -1,
    value |-> v1,
    source |-> s2,
    mtype |-> "ProposalMsg" ] :>
      1 )
/\ precommits = ( s1 :> (0 :> (s1 :> Nil @@ s2 :> Nil @@ s3 :> Nil)) @@
  s2 :> (0 :> (s1 :> Nil @@ s2 :> Nil @@ s3 :> Nil)) @@
  s3 :> (0 :> (s1 :> Nil @@ s2 :> Nil @@ s3 :> Nil)) )

State 10: <MCEnterPrevote(s1) line 109, col 5 to line 110, col 26 of module MC>
/\ validValue = (s1 :> Nil @@ s2 :> Nil @@ s3 :> Nil)
/\ committedEvidence = {}
/\ height = (s1 :> 1 @@ s2 :> 1 @@ s3 :> 1)
/\ lockedRound = (s1 :> -1 @@ s2 :> -1 @@ s3 :> -1)
/\ voteExtension = (s1 :> "ValidVE" @@ s2 :> "InvalidVE" @@ s3 :> "ValidVE")
/\ step = (s1 :> "StepPrevote" @@ s2 :> "StepPrevote" @@ s3 :> "StepNewRound")
/\ privvalLastSigned = ( s1 :> [round |-> 0, height |-> 0] @@
  s2 :> [round |-> 0, height |-> 0] @@
  s3 :> [round |-> 0, height |-> 0] )
/\ round = (s1 :> 0 @@ s2 :> 0 @@ s3 :> 0)
/\ proposal = ( s1 :>
      [ round |-> 0,
        height |-> 1,
        dest |-> s1,
        polRound |-> -1,
        value |-> v1,
        source |-> s2,
        mtype |-> "ProposalMsg" ] @@
  s2 :>
      [ round |-> 0,
        height |-> 1,
        polRound |-> -1,
        value |-> v1,
        source |-> s2 ] @@
  s3 :> Nil )
/\ proposalBlock = (s1 :> v1 @@ s2 :> v1 @@ s3 :> Nil)
/\ walEntries = ( s1 :>
      << [ round |-> 0,
           height |-> 1,
           value |-> v1,
           type |-> "vote",
           voteType |-> "prevote" ] >> @@
  s2 :>
      << [ round |-> 0,
           height |-> 1,
           value |-> v1,
           type |-> "vote",
           voteType |-> "prevote" ] >> @@
  s3 :> <<>> )
/\ crashed = (s1 :> FALSE @@ s2 :> FALSE @@ s3 :> FALSE)
/\ pendingEvidence = {}
/\ validRound = (s1 :> -1 @@ s2 :> -1 @@ s3 :> -1)
/\ veVerified = ( s1 :> (s1 :> FALSE @@ s2 :> FALSE @@ s3 :> FALSE) @@
  s2 :> (s1 :> FALSE @@ s2 :> FALSE @@ s3 :> FALSE) @@
  s3 :> (s1 :> FALSE @@ s2 :> FALSE @@ s3 :> FALSE) )
/\ decision = (s1 :> <<Nil, Nil>> @@ s2 :> <<Nil, Nil>> @@ s3 :> <<Nil, Nil>>)
/\ lockedValue = (s1 :> Nil @@ s2 :> Nil @@ s3 :> Nil)
/\ proposerHistory = <<s2, s3>>
/\ faultCounters = [timeout |-> 0, crash |-> 0, lose |-> 0, invalidVE |-> 1]
/\ prevotes = ( s1 :> (0 :> (s1 :> v1 @@ s2 :> v1 @@ s3 :> Nil)) @@
  s2 :> (0 :> (s1 :> Nil @@ s2 :> v1 @@ s3 :> Nil)) @@
  s3 :> (0 :> (s1 :> Nil @@ s2 :> v1 @@ s3 :> Nil)) )
/\ timeoutScheduled = (s1 :> {} @@ s2 :> {"propose"} @@ s3 :> {})
/\ messages = ( [ round |-> 0,
    height |-> 1,
    dest |-> s2,
    value |-> v1,
    source |-> s1,
    mtype |-> "PrevoteMsg" ] :>
      1 @@
  [ round |-> 0,
    height |-> 1,
    dest |-> s3,
    value |-> v1,
    source |-> s1,
    mtype |-> "PrevoteMsg" ] :>
      1 @@
  [ round |-> 0,
    height |-> 1,
    dest |-> s3,
    polRound |-> -1,
    value |-> v1,
    source |-> s2,
    mtype |-> "ProposalMsg" ] :>
      1 )
/\ precommits = ( s1 :> (0 :> (s1 :> Nil @@ s2 :> Nil @@ s3 :> Nil)) @@
  s2 :> (0 :> (s1 :> Nil @@ s2 :> Nil @@ s3 :> Nil)) @@
  s3 :> (0 :> (s1 :> Nil @@ s2 :> Nil @@ s3 :> Nil)) )

State 11: <MCNextMessage line 261, col 5 to line 264, col 40 of module MC>
/\ validValue = (s1 :> Nil @@ s2 :> Nil @@ s3 :> Nil)
/\ committedEvidence = {}
/\ height = (s1 :> 1 @@ s2 :> 1 @@ s3 :> 1)
/\ lockedRound = (s1 :> -1 @@ s2 :> -1 @@ s3 :> -1)
/\ voteExtension = (s1 :> "ValidVE" @@ s2 :> "InvalidVE" @@ s3 :> "ValidVE")
/\ step = (s1 :> "StepPrevote" @@ s2 :> "StepPrevote" @@ s3 :> "StepNewRound")
/\ privvalLastSigned = ( s1 :> [round |-> 0, height |-> 0] @@
  s2 :> [round |-> 0, height |-> 0] @@
  s3 :> [round |-> 0, height |-> 0] )
/\ round = (s1 :> 0 @@ s2 :> 0 @@ s3 :> 0)
/\ proposal = ( s1 :>
      [ round |-> 0,
        height |-> 1,
        dest |-> s1,
        polRound |-> -1,
        value |-> v1,
        source |-> s2,
        mtype |-> "ProposalMsg" ] @@
  s2 :>
      [ round |-> 0,
        height |-> 1,
        polRound |-> -1,
        value |-> v1,
        source |-> s2 ] @@
  s3 :> Nil )
/\ proposalBlock = (s1 :> v1 @@ s2 :> v1 @@ s3 :> Nil)
/\ walEntries = ( s1 :>
      << [ round |-> 0,
           height |-> 1,
           value |-> v1,
           type |-> "vote",
           voteType |-> "prevote" ] >> @@
  s2 :>
      << [ round |-> 0,
           height |-> 1,
           value |-> v1,
           type |-> "vote",
           voteType |-> "prevote" ] >> @@
  s3 :> <<>> )
/\ crashed = (s1 :> FALSE @@ s2 :> FALSE @@ s3 :> FALSE)
/\ pendingEvidence = {}
/\ validRound = (s1 :> -1 @@ s2 :> -1 @@ s3 :> -1)
/\ veVerified = ( s1 :> (s1 :> FALSE @@ s2 :> FALSE @@ s3 :> FALSE) @@
  s2 :> (s1 :> FALSE @@ s2 :> FALSE @@ s3 :> FALSE) @@
  s3 :> (s1 :> FALSE @@ s2 :> FALSE @@ s3 :> FALSE) )
/\ decision = (s1 :> <<Nil, Nil>> @@ s2 :> <<Nil, Nil>> @@ s3 :> <<Nil, Nil>>)
/\ lockedValue = (s1 :> Nil @@ s2 :> Nil @@ s3 :> Nil)
/\ proposerHistory = <<s2, s3>>
/\ faultCounters = [timeout |-> 0, crash |-> 0, lose |-> 0, invalidVE |-> 1]
/\ prevotes = ( s1 :> (0 :> (s1 :> v1 @@ s2 :> v1 @@ s3 :> Nil)) @@
  s2 :> (0 :> (s1 :> v1 @@ s2 :> v1 @@ s3 :> Nil)) @@
  s3 :> (0 :> (s1 :> Nil @@ s2 :> v1 @@ s3 :> Nil)) )
/\ timeoutScheduled = (s1 :> {} @@ s2 :> {"propose"} @@ s3 :> {})
/\ messages = ( [ round |-> 0,
    height |-> 1,
    dest |-> s3,
    value |-> v1,
    source |-> s1,
    mtype |-> "PrevoteMsg" ] :>
      1 @@
  [ round |-> 0,
    height |-> 1,
    dest |-> s3,
    polRound |-> -1,
    value |-> v1,
    source |-> s2,
    mtype |-> "ProposalMsg" ] :>
      1 )
/\ precommits = ( s1 :> (0 :> (s1 :> Nil @@ s2 :> Nil @@ s3 :> Nil)) @@
  s2 :> (0 :> (s1 :> Nil @@ s2 :> Nil @@ s3 :> Nil)) @@
  s3 :> (0 :> (s1 :> Nil @@ s2 :> Nil @@ s3 :> Nil)) )

State 12: <MCNextMessage line 261, col 5 to line 264, col 40 of module MC>
/\ validValue = (s1 :> Nil @@ s2 :> Nil @@ s3 :> Nil)
/\ committedEvidence = {}
/\ height = (s1 :> 1 @@ s2 :> 1 @@ s3 :> 1)
/\ lockedRound = (s1 :> -1 @@ s2 :> -1 @@ s3 :> -1)
/\ voteExtension = (s1 :> "ValidVE" @@ s2 :> "InvalidVE" @@ s3 :> "ValidVE")
/\ step = (s1 :> "StepPrevote" @@ s2 :> "StepPrevote" @@ s3 :> "StepNewRound")
/\ privvalLastSigned = ( s1 :> [round |-> 0, height |-> 0] @@
  s2 :> [round |-> 0, height |-> 0] @@
  s3 :> [round |-> 0, height |-> 0] )
/\ round = (s1 :> 0 @@ s2 :> 0 @@ s3 :> 0)
/\ proposal = ( s1 :>
      [ round |-> 0,
        height |-> 1,
        dest |-> s1,
        polRound |-> -1,
        value |-> v1,
        source |-> s2,
        mtype |-> "ProposalMsg" ] @@
  s2 :>
      [ round |-> 0,
        height |-> 1,
        polRound |-> -1,
        value |-> v1,
        source |-> s2 ] @@
  s3 :> Nil )
/\ proposalBlock = (s1 :> v1 @@ s2 :> v1 @@ s3 :> Nil)
/\ walEntries = ( s1 :>
      << [ round |-> 0,
           height |-> 1,
           value |-> v1,
           type |-> "vote",
           voteType |-> "prevote" ] >> @@
  s2 :>
      << [ round |-> 0,
           height |-> 1,
           value |-> v1,
           type |-> "vote",
           voteType |-> "prevote" ] >> @@
  s3 :> <<>> )
/\ crashed = (s1 :> FALSE @@ s2 :> FALSE @@ s3 :> FALSE)
/\ pendingEvidence = {}
/\ validRound = (s1 :> -1 @@ s2 :> -1 @@ s3 :> -1)
/\ veVerified = ( s1 :> (s1 :> FALSE @@ s2 :> FALSE @@ s3 :> FALSE) @@
  s2 :> (s1 :> FALSE @@ s2 :> FALSE @@ s3 :> FALSE) @@
  s3 :> (s1 :> FALSE @@ s2 :> FALSE @@ s3 :> FALSE) )
/\ decision = (s1 :> <<Nil, Nil>> @@ s2 :> <<Nil, Nil>> @@ s3 :> <<Nil, Nil>>)
/\ lockedValue = (s1 :> Nil @@ s2 :> Nil @@ s3 :> Nil)
/\ proposerHistory = <<s2, s3>>
/\ faultCounters = [timeout |-> 0, crash |-> 0, lose |-> 0, invalidVE |-> 1]
/\ prevotes = ( s1 :> (0 :> (s1 :> v1 @@ s2 :> v1 @@ s3 :> Nil)) @@
  s2 :> (0 :> (s1 :> v1 @@ s2 :> v1 @@ s3 :> Nil)) @@
  s3 :> (0 :> (s1 :> v1 @@ s2 :> v1 @@ s3 :> Nil)) )
/\ timeoutScheduled = (s1 :> {} @@ s2 :> {"propose"} @@ s3 :> {})
/\ messages = ( [ round |-> 0,
    height |-> 1,
    dest |-> s3,
    polRound |-> -1,
    value |-> v1,
    source |-> s2,
    mtype |-> "ProposalMsg" ] :>
      1 )
/\ precommits = ( s1 :> (0 :> (s1 :> Nil @@ s2 :> Nil @@ s3 :> Nil)) @@
  s2 :> (0 :> (s1 :> Nil @@ s2 :> Nil @@ s3 :> Nil)) @@
  s3 :> (0 :> (s1 :> Nil @@ s2 :> Nil @@ s3 :> Nil)) )

State 13: <MCNextMessage line 261, col 5 to line 264, col 40 of module MC>
/\ validValue = (s1 :> Nil @@ s2 :> Nil @@ s3 :> Nil)
/\ committedEvidence = {}
/\ height = (s1 :> 1 @@ s2 :> 1 @@ s3 :> 1)
/\ lockedRound = (s1 :> -1 @@ s2 :> -1 @@ s3 :> -1)
/\ voteExtension = (s1 :> "ValidVE" @@ s2 :> "InvalidVE" @@ s3 :> "ValidVE")
/\ step = (s1 :> "StepPrevote" @@ s2 :> "StepPrevote" @@ s3 :> "StepNewRound")
/\ privvalLastSigned = ( s1 :> [round |-> 0, height |-> 0] @@
  s2 :> [round |-> 0, height |-> 0] @@
  s3 :> [round |-> 0, height |-> 0] )
/\ round = (s1 :> 0 @@ s2 :> 0 @@ s3 :> 0)
/\ proposal = ( s1 :>
      [ round |-> 0,
        height |-> 1,
        dest |-> s1,
        polRound |-> -1,
        value |-> v1,
        source |-> s2,
        mtype |-> "ProposalMsg" ] @@
  s2 :>
      [ round |-> 0,
        height |-> 1,
        polRound |-> -1,
        value |-> v1,
        source |-> s2 ] @@
  s3 :>
      [ round |-> 0,
        height |-> 1,
        dest |-> s3,
        polRound |-> -1,
        value |-> v1,
        source |-> s2,
        mtype |-> "ProposalMsg" ] )
/\ proposalBlock = (s1 :> v1 @@ s2 :> v1 @@ s3 :> v1)
/\ walEntries = ( s1 :>
      << [ round |-> 0,
           height |-> 1,
           value |-> v1,
           type |-> "vote",
           voteType |-> "prevote" ] >> @@
  s2 :>
      << [ round |-> 0,
           height |-> 1,
           value |-> v1,
           type |-> "vote",
           voteType |-> "prevote" ] >> @@
  s3 :> <<>> )
/\ crashed = (s1 :> FALSE @@ s2 :> FALSE @@ s3 :> FALSE)
/\ pendingEvidence = {}
/\ validRound = (s1 :> -1 @@ s2 :> -1 @@ s3 :> -1)
/\ veVerified = ( s1 :> (s1 :> FALSE @@ s2 :> FALSE @@ s3 :> FALSE) @@
  s2 :> (s1 :> FALSE @@ s2 :> FALSE @@ s3 :> FALSE) @@
  s3 :> (s1 :> FALSE @@ s2 :> FALSE @@ s3 :> FALSE) )
/\ decision = (s1 :> <<Nil, Nil>> @@ s2 :> <<Nil, Nil>> @@ s3 :> <<Nil, Nil>>)
/\ lockedValue = (s1 :> Nil @@ s2 :> Nil @@ s3 :> Nil)
/\ proposerHistory = <<s2, s3>>
/\ faultCounters = [timeout |-> 0, crash |-> 0, lose |-> 0, invalidVE |-> 1]
/\ prevotes = ( s1 :> (0 :> (s1 :> v1 @@ s2 :> v1 @@ s3 :> Nil)) @@
  s2 :> (0 :> (s1 :> v1 @@ s2 :> v1 @@ s3 :> Nil)) @@
  s3 :> (0 :> (s1 :> v1 @@ s2 :> v1 @@ s3 :> Nil)) )
/\ timeoutScheduled = (s1 :> {} @@ s2 :> {"propose"} @@ s3 :> {})
/\ messages = <<>>
/\ precommits = ( s1 :> (0 :> (s1 :> Nil @@ s2 :> Nil @@ s3 :> Nil)) @@
  s2 :> (0 :> (s1 :> Nil @@ s2 :> Nil @@ s3 :> Nil)) @@
  s3 :> (0 :> (s1 :> Nil @@ s2 :> Nil @@ s3 :> Nil)) )

State 14: <MCEnterPrevote(s3) line 109, col 5 to line 110, col 26 of module MC>
/\ validValue = (s1 :> Nil @@ s2 :> Nil @@ s3 :> Nil)
/\ committedEvidence = {}
/\ height = (s1 :> 1 @@ s2 :> 1 @@ s3 :> 1)
/\ lockedRound = (s1 :> -1 @@ s2 :> -1 @@ s3 :> -1)
/\ voteExtension = (s1 :> "ValidVE" @@ s2 :> "InvalidVE" @@ s3 :> "ValidVE")
/\ step = (s1 :> "StepPrevote" @@ s2 :> "StepPrevote" @@ s3 :> "StepPrevote")
/\ privvalLastSigned = ( s1 :> [round |-> 0, height |-> 0] @@
  s2 :> [round |-> 0, height |-> 0] @@
  s3 :> [round |-> 0, height |-> 0] )
/\ round = (s1 :> 0 @@ s2 :> 0 @@ s3 :> 0)
/\ proposal = ( s1 :>
      [ round |-> 0,
        height |-> 1,
        dest |-> s1,
        polRound |-> -1,
        value |-> v1,
        source |-> s2,
        mtype |-> "ProposalMsg" ] @@
  s2 :>
      [ round |-> 0,
        height |-> 1,
        polRound |-> -1,
        value |-> v1,
        source |-> s2 ] @@
  s3 :>
      [ round |-> 0,
        height |-> 1,
        dest |-> s3,
        polRound |-> -1,
        value |-> v1,
        source |-> s2,
        mtype |-> "ProposalMsg" ] )
/\ proposalBlock = (s1 :> v1 @@ s2 :> v1 @@ s3 :> v1)
/\ walEntries = ( s1 :>
      << [ round |-> 0,
           height |-> 1,
           value |-> v1,
           type |-> "vote",
           voteType |-> "prevote" ] >> @@
  s2 :>
      << [ round |-> 0,
           height |-> 1,
           value |-> v1,
           type |-> "vote",
           voteType |-> "prevote" ] >> @@
  s3 :>
      << [ round |-> 0,
           height |-> 1,
           value |-> v1,
           type |-> "vote",
           voteType |-> "prevote" ] >> )
/\ crashed = (s1 :> FALSE @@ s2 :> FALSE @@ s3 :> FALSE)
/\ pendingEvidence = {}
/\ validRound = (s1 :> -1 @@ s2 :> -1 @@ s3 :> -1)
/\ veVerified = ( s1 :> (s1 :> FALSE @@ s2 :> FALSE @@ s3 :> FALSE) @@
  s2 :> (s1 :> FALSE @@ s2 :> FALSE @@ s3 :> FALSE) @@
  s3 :> (s1 :> FALSE @@ s2 :> FALSE @@ s3 :> FALSE) )
/\ decision = (s1 :> <<Nil, Nil>> @@ s2 :> <<Nil, Nil>> @@ s3 :> <<Nil, Nil>>)
/\ lockedValue = (s1 :> Nil @@ s2 :> Nil @@ s3 :> Nil)
/\ proposerHistory = <<s2, s3>>
/\ faultCounters = [timeout |-> 0, crash |-> 0, lose |-> 0, invalidVE |-> 1]
/\ prevotes = ( s1 :> (0 :> (s1 :> v1 @@ s2 :> v1 @@ s3 :> Nil)) @@
  s2 :> (0 :> (s1 :> v1 @@ s2 :> v1 @@ s3 :> Nil)) @@
  s3 :> (0 :> (s1 :> v1 @@ s2 :> v1 @@ s3 :> v1)) )
/\ timeoutScheduled = (s1 :> {} @@ s2 :> {"propose"} @@ s3 :> {})
/\ messages = ( [ round |-> 0,
    height |-> 1,
    dest |-> s1,
    value |-> v1,
    source |-> s3,
    mtype |-> "PrevoteMsg" ] :>
      1 @@
  [ round |-> 0,
    height |-> 1,
    dest |-> s2,
    value |-> v1,
    source |-> s3,
    mtype |-> "PrevoteMsg" ] :>
      1 )
/\ precommits = ( s1 :> (0 :> (s1 :> Nil @@ s2 :> Nil @@ s3 :> Nil)) @@
  s2 :> (0 :> (s1 :> Nil @@ s2 :> Nil @@ s3 :> Nil)) @@
  s3 :> (0 :> (s1 :> Nil @@ s2 :> Nil @@ s3 :> Nil)) )

State 15: <MCEnterPrecommitNewLockPolka(s3) line 129, col 5 to line 130, col 26 of module MC>
/\ validValue = (s1 :> Nil @@ s2 :> Nil @@ s3 :> Nil)
/\ committedEvidence = {}
/\ height = (s1 :> 1 @@ s2 :> 1 @@ s3 :> 1)
/\ lockedRound = (s1 :> -1 @@ s2 :> -1 @@ s3 :> 0)
/\ voteExtension = (s1 :> "ValidVE" @@ s2 :> "InvalidVE" @@ s3 :> "ValidVE")
/\ step = (s1 :> "StepPrevote" @@ s2 :> "StepPrevote" @@ s3 :> "StepPrecommit")
/\ privvalLastSigned = ( s1 :> [round |-> 0, height |-> 0] @@
  s2 :> [round |-> 0, height |-> 0] @@
  s3 :> [round |-> 0, height |-> 0] )
/\ round = (s1 :> 0 @@ s2 :> 0 @@ s3 :> 0)
/\ proposal = ( s1 :>
      [ round |-> 0,
        height |-> 1,
        dest |-> s1,
        polRound |-> -1,
        value |-> v1,
        source |-> s2,
        mtype |-> "ProposalMsg" ] @@
  s2 :>
      [ round |-> 0,
        height |-> 1,
        polRound |-> -1,
        value |-> v1,
        source |-> s2 ] @@
  s3 :>
      [ round |-> 0,
        height |-> 1,
        dest |-> s3,
        polRound |-> -1,
        value |-> v1,
        source |-> s2,
        mtype |-> "ProposalMsg" ] )
/\ proposalBlock = (s1 :> v1 @@ s2 :> v1 @@ s3 :> v1)
/\ walEntries = ( s1 :>
      << [ round |-> 0,
           height |-> 1,
           value |-> v1,
           type |-> "vote",
           voteType |-> "prevote" ] >> @@
  s2 :>
      << [ round |-> 0,
           height |-> 1,
           value |-> v1,
           type |-> "vote",
           voteType |-> "prevote" ] >> @@
  s3 :>
      << [ round |-> 0,
           height |-> 1,
           value |-> v1,
           type |-> "vote",
           voteType |-> "prevote" ],
         [ round |-> 0,
           height |-> 1,
           value |-> v1,
           type |-> "vote",
           voteType |-> "precommit",
           ve |-> "ValidVE" ] >> )
/\ crashed = (s1 :> FALSE @@ s2 :> FALSE @@ s3 :> FALSE)
/\ pendingEvidence = {}
/\ validRound = (s1 :> -1 @@ s2 :> -1 @@ s3 :> -1)
/\ veVerified = ( s1 :> (s1 :> FALSE @@ s2 :> FALSE @@ s3 :> FALSE) @@
  s2 :> (s1 :> FALSE @@ s2 :> FALSE @@ s3 :> FALSE) @@
  s3 :> (s1 :> FALSE @@ s2 :> FALSE @@ s3 :> FALSE) )
/\ decision = (s1 :> <<Nil, Nil>> @@ s2 :> <<Nil, Nil>> @@ s3 :> <<Nil, Nil>>)
/\ lockedValue = (s1 :> Nil @@ s2 :> Nil @@ s3 :> v1)
/\ proposerHistory = <<s2, s3>>
/\ faultCounters = [timeout |-> 0, crash |-> 0, lose |-> 0, invalidVE |-> 1]
/\ prevotes = ( s1 :> (0 :> (s1 :> v1 @@ s2 :> v1 @@ s3 :> Nil)) @@
  s2 :> (0 :> (s1 :> v1 @@ s2 :> v1 @@ s3 :> Nil)) @@
  s3 :> (0 :> (s1 :> v1 @@ s2 :> v1 @@ s3 :> v1)) )
/\ timeoutScheduled = (s1 :> {} @@ s2 :> {"propose"} @@ s3 :> {})
/\ messages = ( [ round |-> 0,
    height |-> 1,
    dest |-> s1,
    value |-> v1,
    source |-> s3,
    mtype |-> "PrevoteMsg" ] :>
      1 @@
  [ round |-> 0,
    height |-> 1,
    dest |-> s2,
    value |-> v1,
    source |-> s3,
    mtype |-> "PrevoteMsg" ] :>
      1 @@
  [ round |-> 0,
    height |-> 1,
    dest |-> s1,
    value |-> v1,
    source |-> s3,
    mtype |-> "PrecommitMsg",
    ve |-> "ValidVE" ] :>
      1 @@
  [ round |-> 0,
    height |-> 1,
    dest |-> s2,
    value |-> v1,
    source |-> s3,
    mtype |-> "PrecommitMsg",
    ve |-> "ValidVE" ] :>
      1 )
/\ precommits = ( s1 :> (0 :> (s1 :> Nil @@ s2 :> Nil @@ s3 :> Nil)) @@
  s2 :> (0 :> (s1 :> Nil @@ s2 :> Nil @@ s3 :> Nil)) @@
  s3 :> (0 :> (s1 :> Nil @@ s2 :> Nil @@ s3 :> v1)) )

State 16: <MCNextMessage line 261, col 5 to line 264, col 40 of module MC>
/\ validValue = (s1 :> Nil @@ s2 :> Nil @@ s3 :> Nil)
/\ committedEvidence = {}
/\ height = (s1 :> 1 @@ s2 :> 1 @@ s3 :> 1)
/\ lockedRound = (s1 :> -1 @@ s2 :> -1 @@ s3 :> 0)
/\ voteExtension = (s1 :> "ValidVE" @@ s2 :> "InvalidVE" @@ s3 :> "ValidVE")
/\ step = (s1 :> "StepPrevote" @@ s2 :> "StepPrevote" @@ s3 :> "StepPrecommit")
/\ privvalLastSigned = ( s1 :> [round |-> 0, height |-> 0] @@
  s2 :> [round |-> 0, height |-> 0] @@
  s3 :> [round |-> 0, height |-> 0] )
/\ round = (s1 :> 0 @@ s2 :> 0 @@ s3 :> 0)
/\ proposal = ( s1 :>
      [ round |-> 0,
        height |-> 1,
        dest |-> s1,
        polRound |-> -1,
        value |-> v1,
        source |-> s2,
        mtype |-> "ProposalMsg" ] @@
  s2 :>
      [ round |-> 0,
        height |-> 1,
        polRound |-> -1,
        value |-> v1,
        source |-> s2 ] @@
  s3 :>
      [ round |-> 0,
        height |-> 1,
        dest |-> s3,
        polRound |-> -1,
        value |-> v1,
        source |-> s2,
        mtype |-> "ProposalMsg" ] )
/\ proposalBlock = (s1 :> v1 @@ s2 :> v1 @@ s3 :> v1)
/\ walEntries = ( s1 :>
      << [ round |-> 0,
           height |-> 1,
           value |-> v1,
           type |-> "vote",
           voteType |-> "prevote" ] >> @@
  s2 :>
      << [ round |-> 0,
           height |-> 1,
           value |-> v1,
           type |-> "vote",
           voteType |-> "prevote" ] >> @@
  s3 :>
      << [ round |-> 0,
           height |-> 1,
           value |-> v1,
           type |-> "vote",
           voteType |-> "prevote" ],
         [ round |-> 0,
           height |-> 1,
           value |-> v1,
           type |-> "vote",
           voteType |-> "precommit",
           ve |-> "ValidVE" ] >> )
/\ crashed = (s1 :> FALSE @@ s2 :> FALSE @@ s3 :> FALSE)
/\ pendingEvidence = {}
/\ validRound = (s1 :> -1 @@ s2 :> -1 @@ s3 :> -1)
/\ veVerified = ( s1 :> (s1 :> FALSE @@ s2 :> FALSE @@ s3 :> FALSE) @@
  s2 :> (s1 :> FALSE @@ s2 :> FALSE @@ s3 :> FALSE) @@
  s3 :> (s1 :> FALSE @@ s2 :> FALSE @@ s3 :> FALSE) )
/\ decision = (s1 :> <<Nil, Nil>> @@ s2 :> <<Nil, Nil>> @@ s3 :> <<Nil, Nil>>)
/\ lockedValue = (s1 :> Nil @@ s2 :> Nil @@ s3 :> v1)
/\ proposerHistory = <<s2, s3>>
/\ faultCounters = [timeout |-> 0, crash |-> 0, lose |-> 0, invalidVE |-> 1]
/\ prevotes = ( s1 :> (0 :> (s1 :> v1 @@ s2 :> v1 @@ s3 :> v1)) @@
  s2 :> (0 :> (s1 :> v1 @@ s2 :> v1 @@ s3 :> Nil)) @@
  s3 :> (0 :> (s1 :> v1 @@ s2 :> v1 @@ s3 :> v1)) )
/\ timeoutScheduled = (s1 :> {} @@ s2 :> {"propose"} @@ s3 :> {})
/\ messages = ( [ round |-> 0,
    height |-> 1,
    dest |-> s2,
    value |-> v1,
    source |-> s3,
    mtype |-> "PrevoteMsg" ] :>
      1 @@
  [ round |-> 0,
    height |-> 1,
    dest |-> s1,
    value |-> v1,
    source |-> s3,
    mtype |-> "PrecommitMsg",
    ve |-> "ValidVE" ] :>
      1 @@
  [ round |-> 0,
    height |-> 1,
    dest |-> s2,
    value |-> v1,
    source |-> s3,
    mtype |-> "PrecommitMsg",
    ve |-> "ValidVE" ] :>
      1 )
/\ precommits = ( s1 :> (0 :> (s1 :> Nil @@ s2 :> Nil @@ s3 :> Nil)) @@
  s2 :> (0 :> (s1 :> Nil @@ s2 :> Nil @@ s3 :> Nil)) @@
  s3 :> (0 :> (s1 :> Nil @@ s2 :> Nil @@ s3 :> v1)) )

State 17: <MCEnterPrecommitNewLockPolka(s1) line 129, col 5 to line 130, col 26 of module MC>
/\ validValue = (s1 :> Nil @@ s2 :> Nil @@ s3 :> Nil)
/\ committedEvidence = {}
/\ height = (s1 :> 1 @@ s2 :> 1 @@ s3 :> 1)
/\ lockedRound = (s1 :> 0 @@ s2 :> -1 @@ s3 :> 0)
/\ voteExtension = (s1 :> "ValidVE" @@ s2 :> "InvalidVE" @@ s3 :> "ValidVE")
/\ step = (s1 :> "StepPrecommit" @@ s2 :> "StepPrevote" @@ s3 :> "StepPrecommit")
/\ privvalLastSigned = ( s1 :> [round |-> 0, height |-> 0] @@
  s2 :> [round |-> 0, height |-> 0] @@
  s3 :> [round |-> 0, height |-> 0] )
/\ round = (s1 :> 0 @@ s2 :> 0 @@ s3 :> 0)
/\ proposal = ( s1 :>
      [ round |-> 0,
        height |-> 1,
        dest |-> s1,
        polRound |-> -1,
        value |-> v1,
        source |-> s2,
        mtype |-> "ProposalMsg" ] @@
  s2 :>
      [ round |-> 0,
        height |-> 1,
        polRound |-> -1,
        value |-> v1,
        source |-> s2 ] @@
  s3 :>
      [ round |-> 0,
        height |-> 1,
        dest |-> s3,
        polRound |-> -1,
        value |-> v1,
        source |-> s2,
        mtype |-> "ProposalMsg" ] )
/\ proposalBlock = (s1 :> v1 @@ s2 :> v1 @@ s3 :> v1)
/\ walEntries = ( s1 :>
      << [ round |-> 0,
           height |-> 1,
           value |-> v1,
           type |-> "vote",
           voteType |-> "prevote" ],
         [ round |-> 0,
           height |-> 1,
           value |-> v1,
           type |-> "vote",
           voteType |-> "precommit",
           ve |-> "ValidVE" ] >> @@
  s2 :>
      << [ round |-> 0,
           height |-> 1,
           value |-> v1,
           type |-> "vote",
           voteType |-> "prevote" ] >> @@
  s3 :>
      << [ round |-> 0,
           height |-> 1,
           value |-> v1,
           type |-> "vote",
           voteType |-> "prevote" ],
         [ round |-> 0,
           height |-> 1,
           value |-> v1,
           type |-> "vote",
           voteType |-> "precommit",
           ve |-> "ValidVE" ] >> )
/\ crashed = (s1 :> FALSE @@ s2 :> FALSE @@ s3 :> FALSE)
/\ pendingEvidence = {}
/\ validRound = (s1 :> -1 @@ s2 :> -1 @@ s3 :> -1)
/\ veVerified = ( s1 :> (s1 :> FALSE @@ s2 :> FALSE @@ s3 :> FALSE) @@
  s2 :> (s1 :> FALSE @@ s2 :> FALSE @@ s3 :> FALSE) @@
  s3 :> (s1 :> FALSE @@ s2 :> FALSE @@ s3 :> FALSE) )
/\ decision = (s1 :> <<Nil, Nil>> @@ s2 :> <<Nil, Nil>> @@ s3 :> <<Nil, Nil>>)
/\ lockedValue = (s1 :> v1 @@ s2 :> Nil @@ s3 :> v1)
/\ proposerHistory = <<s2, s3>>
/\ faultCounters = [timeout |-> 0, crash |-> 0, lose |-> 0, invalidVE |-> 1]
/\ prevotes = ( s1 :> (0 :> (s1 :> v1 @@ s2 :> v1 @@ s3 :> v1)) @@
  s2 :> (0 :> (s1 :> v1 @@ s2 :> v1 @@ s3 :> Nil)) @@
  s3 :> (0 :> (s1 :> v1 @@ s2 :> v1 @@ s3 :> v1)) )
/\ timeoutScheduled = (s1 :> {} @@ s2 :> {"propose"} @@ s3 :> {})
/\ messages = ( [ round |-> 0,
    height |-> 1,
    dest |-> s2,
    value |-> v1,
    source |-> s3,
    mtype |-> "PrevoteMsg" ] :>
      1 @@
  [ round |-> 0,
    height |-> 1,
    dest |-> s1,
    value |-> v1,
    source |-> s3,
    mtype |-> "PrecommitMsg",
    ve |-> "ValidVE" ] :>
      1 @@
  [ round |-> 0,
    height |-> 1,
    dest |-> s2,
    value |-> v1,
    source |-> s1,
    mtype |-> "PrecommitMsg",
    ve |-> "ValidVE" ] :>
      1 @@
  [ round |-> 0,
    height |-> 1,
    dest |-> s2,
    value |-> v1,
    source |-> s3,
    mtype |-> "PrecommitMsg",
    ve |-> "ValidVE" ] :>
      1 @@
  [ round |-> 0,
    height |-> 1,
    dest |-> s3,
    value |-> v1,
    source |-> s1,
    mtype |-> "PrecommitMsg",
    ve |-> "ValidVE" ] :>
      1 )
/\ precommits = ( s1 :> (0 :> (s1 :> v1 @@ s2 :> Nil @@ s3 :> Nil)) @@
  s2 :> (0 :> (s1 :> Nil @@ s2 :> Nil @@ s3 :> Nil)) @@
  s3 :> (0 :> (s1 :> Nil @@ s2 :> Nil @@ s3 :> v1)) )

State 18: <MCNextMessage line 261, col 5 to line 264, col 40 of module MC>
/\ validValue = (s1 :> Nil @@ s2 :> Nil @@ s3 :> Nil)
/\ committedEvidence = {}
/\ height = (s1 :> 1 @@ s2 :> 1 @@ s3 :> 1)
/\ lockedRound = (s1 :> 0 @@ s2 :> -1 @@ s3 :> 0)
/\ voteExtension = (s1 :> "ValidVE" @@ s2 :> "InvalidVE" @@ s3 :> "ValidVE")
/\ step = (s1 :> "StepPrecommit" @@ s2 :> "StepPrevote" @@ s3 :> "StepPrecommit")
/\ privvalLastSigned = ( s1 :> [round |-> 0, height |-> 0] @@
  s2 :> [round |-> 0, height |-> 0] @@
  s3 :> [round |-> 0, height |-> 0] )
/\ round = (s1 :> 0 @@ s2 :> 0 @@ s3 :> 0)
/\ proposal = ( s1 :>
      [ round |-> 0,
        height |-> 1,
        dest |-> s1,
        polRound |-> -1,
        value |-> v1,
        source |-> s2,
        mtype |-> "ProposalMsg" ] @@
  s2 :>
      [ round |-> 0,
        height |-> 1,
        polRound |-> -1,
        value |-> v1,
        source |-> s2 ] @@
  s3 :>
      [ round |-> 0,
        height |-> 1,
        dest |-> s3,
        polRound |-> -1,
        value |-> v1,
        source |-> s2,
        mtype |-> "ProposalMsg" ] )
/\ proposalBlock = (s1 :> v1 @@ s2 :> v1 @@ s3 :> v1)
/\ walEntries = ( s1 :>
      << [ round |-> 0,
           height |-> 1,
           value |-> v1,
           type |-> "vote",
           voteType |-> "prevote" ],
         [ round |-> 0,
           height |-> 1,
           value |-> v1,
           type |-> "vote",
           voteType |-> "precommit",
           ve |-> "ValidVE" ] >> @@
  s2 :>
      << [ round |-> 0,
           height |-> 1,
           value |-> v1,
           type |-> "vote",
           voteType |-> "prevote" ] >> @@
  s3 :>
      << [ round |-> 0,
           height |-> 1,
           value |-> v1,
           type |-> "vote",
           voteType |-> "prevote" ],
         [ round |-> 0,
           height |-> 1,
           value |-> v1,
           type |-> "vote",
           voteType |-> "precommit",
           ve |-> "ValidVE" ] >> )
/\ crashed = (s1 :> FALSE @@ s2 :> FALSE @@ s3 :> FALSE)
/\ pendingEvidence = {}
/\ validRound = (s1 :> -1 @@ s2 :> -1 @@ s3 :> -1)
/\ veVerified = ( s1 :> (s1 :> FALSE @@ s2 :> FALSE @@ s3 :> FALSE) @@
  s2 :> (s1 :> FALSE @@ s2 :> FALSE @@ s3 :> FALSE) @@
  s3 :> (s1 :> FALSE @@ s2 :> FALSE @@ s3 :> FALSE) )
/\ decision = (s1 :> <<Nil, Nil>> @@ s2 :> <<Nil, Nil>> @@ s3 :> <<Nil, Nil>>)
/\ lockedValue = (s1 :> v1 @@ s2 :> Nil @@ s3 :> v1)
/\ proposerHistory = <<s2, s3>>
/\ faultCounters = [timeout |-> 0, crash |-> 0, lose |-> 0, invalidVE |-> 1]
/\ prevotes = ( s1 :> (0 :> (s1 :> v1 @@ s2 :> v1 @@ s3 :> v1)) @@
  s2 :> (0 :> (s1 :> v1 @@ s2 :> v1 @@ s3 :> v1)) @@
  s3 :> (0 :> (s1 :> v1 @@ s2 :> v1 @@ s3 :> v1)) )
/\ timeoutScheduled = (s1 :> {} @@ s2 :> {"propose"} @@ s3 :> {})
/\ messages = ( [ round |-> 0,
    height |-> 1,
    dest |-> s1,
    value |-> v1,
    source |-> s3,
    mtype |-> "PrecommitMsg",
    ve |-> "ValidVE" ] :>
      1 @@
  [ round |-> 0,
    height |-> 1,
    dest |-> s2,
    value |-> v1,
    source |-> s1,
    mtype |-> "PrecommitMsg",
    ve |-> "ValidVE" ] :>
      1 @@
  [ round |-> 0,
    height |-> 1,
    dest |-> s2,
    value |-> v1,
    source |-> s3,
    mtype |-> "PrecommitMsg",
    ve |-> "ValidVE" ] :>
      1 @@
  [ round |-> 0,
    height |-> 1,
    dest |-> s3,
    value |-> v1,
    source |-> s1,
    mtype |-> "PrecommitMsg",
    ve |-> "ValidVE" ] :>
      1 )
/\ precommits = ( s1 :> (0 :> (s1 :> v1 @@ s2 :> Nil @@ s3 :> Nil)) @@
  s2 :> (0 :> (s1 :> Nil @@ s2 :> Nil @@ s3 :> Nil)) @@
  s3 :> (0 :> (s1 :> Nil @@ s2 :> Nil @@ s3 :> v1)) )

State 19: <MCEnterPrecommitNewLockPolka(s2) line 129, col 5 to line 130, col 26 of module MC>
/\ validValue = (s1 :> Nil @@ s2 :> Nil @@ s3 :> Nil)
/\ committedEvidence = {}
/\ height = (s1 :> 1 @@ s2 :> 1 @@ s3 :> 1)
/\ lockedRound = (s1 :> 0 @@ s2 :> 0 @@ s3 :> 0)
/\ voteExtension = (s1 :> "ValidVE" @@ s2 :> "InvalidVE" @@ s3 :> "ValidVE")
/\ step = (s1 :> "StepPrecommit" @@ s2 :> "StepPrecommit" @@ s3 :> "StepPrecommit")
/\ privvalLastSigned = ( s1 :> [round |-> 0, height |-> 0] @@
  s2 :> [round |-> 0, height |-> 0] @@
  s3 :> [round |-> 0, height |-> 0] )
/\ round = (s1 :> 0 @@ s2 :> 0 @@ s3 :> 0)
/\ proposal = ( s1 :>
      [ round |-> 0,
        height |-> 1,
        dest |-> s1,
        polRound |-> -1,
        value |-> v1,
        source |-> s2,
        mtype |-> "ProposalMsg" ] @@
  s2 :>
      [ round |-> 0,
        height |-> 1,
        polRound |-> -1,
        value |-> v1,
        source |-> s2 ] @@
  s3 :>
      [ round |-> 0,
        height |-> 1,
        dest |-> s3,
        polRound |-> -1,
        value |-> v1,
        source |-> s2,
        mtype |-> "ProposalMsg" ] )
/\ proposalBlock = (s1 :> v1 @@ s2 :> v1 @@ s3 :> v1)
/\ walEntries = ( s1 :>
      << [ round |-> 0,
           height |-> 1,
           value |-> v1,
           type |-> "vote",
           voteType |-> "prevote" ],
         [ round |-> 0,
           height |-> 1,
           value |-> v1,
           type |-> "vote",
           voteType |-> "precommit",
           ve |-> "ValidVE" ] >> @@
  s2 :>
      << [ round |-> 0,
           height |-> 1,
           value |-> v1,
           type |-> "vote",
           voteType |-> "prevote" ],
         [ round |-> 0,
           height |-> 1,
           value |-> v1,
           type |-> "vote",
           voteType |-> "precommit",
           ve |-> "InvalidVE" ] >> @@
  s3 :>
      << [ round |-> 0,
           height |-> 1,
           value |-> v1,
           type |-> "vote",
           voteType |-> "prevote" ],
         [ round |-> 0,
           height |-> 1,
           value |-> v1,
           type |-> "vote",
           voteType |-> "precommit",
           ve |-> "ValidVE" ] >> )
/\ crashed = (s1 :> FALSE @@ s2 :> FALSE @@ s3 :> FALSE)
/\ pendingEvidence = {}
/\ validRound = (s1 :> -1 @@ s2 :> -1 @@ s3 :> -1)
/\ veVerified = ( s1 :> (s1 :> FALSE @@ s2 :> FALSE @@ s3 :> FALSE) @@
  s2 :> (s1 :> FALSE @@ s2 :> FALSE @@ s3 :> FALSE) @@
  s3 :> (s1 :> FALSE @@ s2 :> FALSE @@ s3 :> FALSE) )
/\ decision = (s1 :> <<Nil, Nil>> @@ s2 :> <<Nil, Nil>> @@ s3 :> <<Nil, Nil>>)
/\ lockedValue = (s1 :> v1 @@ s2 :> v1 @@ s3 :> v1)
/\ proposerHistory = <<s2, s3>>
/\ faultCounters = [timeout |-> 0, crash |-> 0, lose |-> 0, invalidVE |-> 1]
/\ prevotes = ( s1 :> (0 :> (s1 :> v1 @@ s2 :> v1 @@ s3 :> v1)) @@
  s2 :> (0 :> (s1 :> v1 @@ s2 :> v1 @@ s3 :> v1)) @@
  s3 :> (0 :> (s1 :> v1 @@ s2 :> v1 @@ s3 :> v1)) )
/\ timeoutScheduled = (s1 :> {} @@ s2 :> {"propose"} @@ s3 :> {})
/\ messages = ( [ round |-> 0,
    height |-> 1,
    dest |-> s1,
    value |-> v1,
    source |-> s2,
    mtype |-> "PrecommitMsg",
    ve |-> "InvalidVE" ] :>
      1 @@
  [ round |-> 0,
    height |-> 1,
    dest |-> s1,
    value |-> v1,
    source |-> s3,
    mtype |-> "PrecommitMsg",
    ve |-> "ValidVE" ] :>
      1 @@
  [ round |-> 0,
    height |-> 1,
    dest |-> s2,
    value |-> v1,
    source |-> s1,
    mtype |-> "PrecommitMsg",
    ve |-> "ValidVE" ] :>
      1 @@
  [ round |-> 0,
    height |-> 1,
    dest |-> s2,
    value |-> v1,
    source |-> s3,
    mtype |-> "PrecommitMsg",
    ve |-> "ValidVE" ] :>
      1 @@
  [ round |-> 0,
    height |-> 1,
    dest |-> s3,
    value |-> v1,
    source |-> s1,
    mtype |-> "PrecommitMsg",
    ve |-> "ValidVE" ] :>
      1 @@
  [ round |-> 0,
    height |-> 1,
    dest |-> s3,
    value |-> v1,
    source |-> s2,
    mtype |-> "PrecommitMsg",
    ve |-> "InvalidVE" ] :>
      1 )
/\ precommits = ( s1 :> (0 :> (s1 :> v1 @@ s2 :> Nil @@ s3 :> Nil)) @@
  s2 :> (0 :> (s1 :> Nil @@ s2 :> v1 @@ s3 :> Nil)) @@
  s3 :> (0 :> (s1 :> Nil @@ s2 :> Nil @@ s3 :> v1)) )

State 20: <MCNextMessage line 261, col 5 to line 264, col 40 of module MC>
/\ validValue = (s1 :> Nil @@ s2 :> Nil @@ s3 :> Nil)
/\ committedEvidence = {}
/\ height = (s1 :> 1 @@ s2 :> 1 @@ s3 :> 1)
/\ lockedRound = (s1 :> 0 @@ s2 :> 0 @@ s3 :> 0)
/\ voteExtension = (s1 :> "ValidVE" @@ s2 :> "InvalidVE" @@ s3 :> "ValidVE")
/\ step = (s1 :> "StepPrecommit" @@ s2 :> "StepPrecommit" @@ s3 :> "StepPrecommit")
/\ privvalLastSigned = ( s1 :> [round |-> 0, height |-> 0] @@
  s2 :> [round |-> 0, height |-> 0] @@
  s3 :> [round |-> 0, height |-> 0] )
/\ round = (s1 :> 0 @@ s2 :> 0 @@ s3 :> 0)
/\ proposal = ( s1 :>
      [ round |-> 0,
        height |-> 1,
        dest |-> s1,
        polRound |-> -1,
        value |-> v1,
        source |-> s2,
        mtype |-> "ProposalMsg" ] @@
  s2 :>
      [ round |-> 0,
        height |-> 1,
        polRound |-> -1,
        value |-> v1,
        source |-> s2 ] @@
  s3 :>
      [ round |-> 0,
        height |-> 1,
        dest |-> s3,
        polRound |-> -1,
        value |-> v1,
        source |-> s2,
        mtype |-> "ProposalMsg" ] )
/\ proposalBlock = (s1 :> v1 @@ s2 :> v1 @@ s3 :> v1)
/\ walEntries = ( s1 :>
      << [ round |-> 0,
           height |-> 1,
           value |-> v1,
           type |-> "vote",
           voteType |-> "prevote" ],
         [ round |-> 0,
           height |-> 1,
           value |-> v1,
           type |-> "vote",
           voteType |-> "precommit",
           ve |-> "ValidVE" ] >> @@
  s2 :>
      << [ round |-> 0,
           height |-> 1,
           value |-> v1,
           type |-> "vote",
           voteType |-> "prevote" ],
         [ round |-> 0,
           height |-> 1,
           value |-> v1,
           type |-> "vote",
           voteType |-> "precommit",
           ve |-> "InvalidVE" ] >> @@
  s3 :>
      << [ round |-> 0,
           height |-> 1,
           value |-> v1,
           type |-> "vote",
           voteType |-> "prevote" ],
         [ round |-> 0,
           height |-> 1,
           value |-> v1,
           type |-> "vote",
           voteType |-> "precommit",
           ve |-> "ValidVE" ] >> )
/\ crashed = (s1 :> FALSE @@ s2 :> FALSE @@ s3 :> FALSE)
/\ pendingEvidence = {}
/\ validRound = (s1 :> -1 @@ s2 :> -1 @@ s3 :> -1)
/\ veVerified = ( s1 :> (s1 :> FALSE @@ s2 :> FALSE @@ s3 :> FALSE) @@
  s2 :> (s1 :> FALSE @@ s2 :> FALSE @@ s3 :> TRUE) @@
  s3 :> (s1 :> FALSE @@ s2 :> FALSE @@ s3 :> FALSE) )
/\ decision = (s1 :> <<Nil, Nil>> @@ s2 :> <<Nil, Nil>> @@ s3 :> <<Nil, Nil>>)
/\ lockedValue = (s1 :> v1 @@ s2 :> v1 @@ s3 :> v1)
/\ proposerHistory = <<s2, s3>>
/\ faultCounters = [timeout |-> 0, crash |-> 0, lose |-> 0, invalidVE |-> 1]
/\ prevotes = ( s1 :> (0 :> (s1 :> v1 @@ s2 :> v1 @@ s3 :> v1)) @@
  s2 :> (0 :> (s1 :> v1 @@ s2 :> v1 @@ s3 :> v1)) @@
  s3 :> (0 :> (s1 :> v1 @@ s2 :> v1 @@ s3 :> v1)) )
/\ timeoutScheduled = (s1 :> {} @@ s2 :> {"propose"} @@ s3 :> {})
/\ messages = ( [ round |-> 0,
    height |-> 1,
    dest |-> s1,
    value |-> v1,
    source |-> s2,
    mtype |-> "PrecommitMsg",
    ve |-> "InvalidVE" ] :>
      1 @@
  [ round |-> 0,
    height |-> 1,
    dest |-> s1,
    value |-> v1,
    source |-> s3,
    mtype |-> "PrecommitMsg",
    ve |-> "ValidVE" ] :>
      1 @@
  [ round |-> 0,
    height |-> 1,
    dest |-> s2,
    value |-> v1,
    source |-> s1,
    mtype |-> "PrecommitMsg",
    ve |-> "ValidVE" ] :>
      1 @@
  [ round |-> 0,
    height |-> 1,
    dest |-> s3,
    value |-> v1,
    source |-> s1,
    mtype |-> "PrecommitMsg",
    ve |-> "ValidVE" ] :>
      1 @@
  [ round |-> 0,
    height |-> 1,
    dest |-> s3,
    value |-> v1,
    source |-> s2,
    mtype |-> "PrecommitMsg",
    ve |-> "InvalidVE" ] :>
      1 )
/\ precommits = ( s1 :> (0 :> (s1 :> v1 @@ s2 :> Nil @@ s3 :> Nil)) @@
  s2 :> (0 :> (s1 :> Nil @@ s2 :> v1 @@ s3 :> v1)) @@
  s3 :> (0 :> (s1 :> Nil @@ s2 :> Nil @@ s3 :> v1)) )

State 21: <MCNextMessage line 261, col 5 to line 264, col 40 of module MC>
/\ validValue = (s1 :> Nil @@ s2 :> Nil @@ s3 :> Nil)
/\ committedEvidence = {}
/\ height = (s1 :> 1 @@ s2 :> 1 @@ s3 :> 1)
/\ lockedRound = (s1 :> 0 @@ s2 :> 0 @@ s3 :> 0)
/\ voteExtension = (s1 :> "ValidVE" @@ s2 :> "InvalidVE" @@ s3 :> "ValidVE")
/\ step = (s1 :> "StepPrecommit" @@ s2 :> "StepPrecommit" @@ s3 :> "StepPrecommit")
/\ privvalLastSigned = ( s1 :> [round |-> 0, height |-> 0] @@
  s2 :> [round |-> 0, height |-> 0] @@
  s3 :> [round |-> 0, height |-> 0] )
/\ round = (s1 :> 0 @@ s2 :> 0 @@ s3 :> 0)
/\ proposal = ( s1 :>
      [ round |-> 0,
        height |-> 1,
        dest |-> s1,
        polRound |-> -1,
        value |-> v1,
        source |-> s2,
        mtype |-> "ProposalMsg" ] @@
  s2 :>
      [ round |-> 0,
        height |-> 1,
        polRound |-> -1,
        value |-> v1,
        source |-> s2 ] @@
  s3 :>
      [ round |-> 0,
        height |-> 1,
        dest |-> s3,
        polRound |-> -1,
        value |-> v1,
        source |-> s2,
        mtype |-> "ProposalMsg" ] )
/\ proposalBlock = (s1 :> v1 @@ s2 :> v1 @@ s3 :> v1)
/\ walEntries = ( s1 :>
      << [ round |-> 0,
           height |-> 1,
           value |-> v1,
           type |-> "vote",
           voteType |-> "prevote" ],
         [ round |-> 0,
           height |-> 1,
           value |-> v1,
           type |-> "vote",
           voteType |-> "precommit",
           ve |-> "ValidVE" ] >> @@
  s2 :>
      << [ round |-> 0,
           height |-> 1,
           value |-> v1,
           type |-> "vote",
           voteType |-> "prevote" ],
         [ round |-> 0,
           height |-> 1,
           value |-> v1,
           type |-> "vote",
           voteType |-> "precommit",
           ve |-> "InvalidVE" ] >> @@
  s3 :>
      << [ round |-> 0,
           height |-> 1,
           value |-> v1,
           type |-> "vote",
           voteType |-> "prevote" ],
         [ round |-> 0,
           height |-> 1,
           value |-> v1,
           type |-> "vote",
           voteType |-> "precommit",
           ve |-> "ValidVE" ] >> )
/\ crashed = (s1 :> FALSE @@ s2 :> FALSE @@ s3 :> FALSE)
/\ pendingEvidence = {}
/\ validRound = (s1 :> -1 @@ s2 :> -1 @@ s3 :> -1)
/\ veVerified = ( s1 :> (s1 :> FALSE @@ s2 :> FALSE @@ s3 :> FALSE) @@
  s2 :> (s1 :> TRUE @@ s2 :> FALSE @@ s3 :> TRUE) @@
  s3 :> (s1 :> FALSE @@ s2 :> FALSE @@ s3 :> FALSE) )
/\ decision = (s1 :> <<Nil, Nil>> @@ s2 :> <<Nil, Nil>> @@ s3 :> <<Nil, Nil>>)
/\ lockedValue = (s1 :> v1 @@ s2 :> v1 @@ s3 :> v1)
/\ proposerHistory = <<s2, s3>>
/\ faultCounters = [timeout |-> 0, crash |-> 0, lose |-> 0, invalidVE |-> 1]
/\ prevotes = ( s1 :> (0 :> (s1 :> v1 @@ s2 :> v1 @@ s3 :> v1)) @@
  s2 :> (0 :> (s1 :> v1 @@ s2 :> v1 @@ s3 :> v1)) @@
  s3 :> (0 :> (s1 :> v1 @@ s2 :> v1 @@ s3 :> v1)) )
/\ timeoutScheduled = (s1 :> {} @@ s2 :> {"propose"} @@ s3 :> {})
/\ messages = ( [ round |-> 0,
    height |-> 1,
    dest |-> s1,
    value |-> v1,
    source |-> s2,
    mtype |-> "PrecommitMsg",
    ve |-> "InvalidVE" ] :>
      1 @@
  [ round |-> 0,
    height |-> 1,
    dest |-> s1,
    value |-> v1,
    source |-> s3,
    mtype |-> "PrecommitMsg",
    ve |-> "ValidVE" ] :>
      1 @@
  [ round |-> 0,
    height |-> 1,
    dest |-> s3,
    value |-> v1,
    source |-> s1,
    mtype |-> "PrecommitMsg",
    ve |-> "ValidVE" ] :>
      1 @@
  [ round |-> 0,
    height |-> 1,
    dest |-> s3,
    value |-> v1,
    source |-> s2,
    mtype |-> "PrecommitMsg",
    ve |-> "InvalidVE" ] :>
      1 )
/\ precommits = ( s1 :> (0 :> (s1 :> v1 @@ s2 :> Nil @@ s3 :> Nil)) @@
  s2 :> (0 :> (s1 :> v1 @@ s2 :> v1 @@ s3 :> v1)) @@
  s3 :> (0 :> (s1 :> Nil @@ s2 :> Nil @@ s3 :> v1)) )

State 22: <MCEnterCommit(s2) line 141, col 5 to line 142, col 26 of module MC>
/\ validValue = (s1 :> Nil @@ s2 :> Nil @@ s3 :> Nil)
/\ committedEvidence = {}
/\ height = (s1 :> 1 @@ s2 :> 1 @@ s3 :> 1)
/\ lockedRound = (s1 :> 0 @@ s2 :> 0 @@ s3 :> 0)
/\ voteExtension = (s1 :> "ValidVE" @@ s2 :> "InvalidVE" @@ s3 :> "ValidVE")
/\ step = (s1 :> "StepPrecommit" @@ s2 :> "StepCommit" @@ s3 :> "StepPrecommit")
/\ privvalLastSigned = ( s1 :> [round |-> 0, height |-> 0] @@
  s2 :> [round |-> 0, height |-> 0] @@
  s3 :> [round |-> 0, height |-> 0] )
/\ round = (s1 :> 0 @@ s2 :> 0 @@ s3 :> 0)
/\ proposal = ( s1 :>
      [ round |-> 0,
        height |-> 1,
        dest |-> s1,
        polRound |-> -1,
        value |-> v1,
        source |-> s2,
        mtype |-> "ProposalMsg" ] @@
  s2 :>
      [ round |-> 0,
        height |-> 1,
        polRound |-> -1,
        value |-> v1,
        source |-> s2 ] @@
  s3 :>
      [ round |-> 0,
        height |-> 1,
        dest |-> s3,
        polRound |-> -1,
        value |-> v1,
        source |-> s2,
        mtype |-> "ProposalMsg" ] )
/\ proposalBlock = (s1 :> v1 @@ s2 :> v1 @@ s3 :> v1)
/\ walEntries = ( s1 :>
      << [ round |-> 0,
           height |-> 1,
           value |-> v1,
           type |-> "vote",
           voteType |-> "prevote" ],
         [ round |-> 0,
           height |-> 1,
           value |-> v1,
           type |-> "vote",
           voteType |-> "precommit",
           ve |-> "ValidVE" ] >> @@
  s2 :>
      << [ round |-> 0,
           height |-> 1,
           value |-> v1,
           type |-> "vote",
           voteType |-> "prevote" ],
         [ round |-> 0,
           height |-> 1,
           value |-> v1,
           type |-> "vote",
           voteType |-> "precommit",
           ve |-> "InvalidVE" ],
         [height |-> 1, type |-> "endHeight"] >> @@
  s3 :>
      << [ round |-> 0,
           height |-> 1,
           value |-> v1,
           type |-> "vote",
           voteType |-> "prevote" ],
         [ round |-> 0,
           height |-> 1,
           value |-> v1,
           type |-> "vote",
           voteType |-> "precommit",
           ve |-> "ValidVE" ] >> )
/\ crashed = (s1 :> FALSE @@ s2 :> FALSE @@ s3 :> FALSE)
/\ pendingEvidence = {}
/\ validRound = (s1 :> -1 @@ s2 :> -1 @@ s3 :> -1)
/\ veVerified = ( s1 :> (s1 :> FALSE @@ s2 :> FALSE @@ s3 :> FALSE) @@
  s2 :> (s1 :> TRUE @@ s2 :> FALSE @@ s3 :> TRUE) @@
  s3 :> (s1 :> FALSE @@ s2 :> FALSE @@ s3 :> FALSE) )
/\ decision = (s1 :> <<Nil, Nil>> @@ s2 :> <<v1, Nil>> @@ s3 :> <<Nil, Nil>>)
/\ lockedValue = (s1 :> v1 @@ s2 :> v1 @@ s3 :> v1)
/\ proposerHistory = <<s2, s3>>
/\ faultCounters = [timeout |-> 0, crash |-> 0, lose |-> 0, invalidVE |-> 1]
/\ prevotes = ( s1 :> (0 :> (s1 :> v1 @@ s2 :> v1 @@ s3 :> v1)) @@
  s2 :> (0 :> (s1 :> v1 @@ s2 :> v1 @@ s3 :> v1)) @@
  s3 :> (0 :> (s1 :> v1 @@ s2 :> v1 @@ s3 :> v1)) )
/\ timeoutScheduled = (s1 :> {} @@ s2 :> {"propose"} @@ s3 :> {})
/\ messages = ( [ round |-> 0,
    height |-> 1,
    dest |-> s1,
    value |-> v1,
    source |-> s2,
    mtype |-> "PrecommitMsg",
    ve |-> "InvalidVE" ] :>
      1 @@
  [ round |-> 0,
    height |-> 1,
    dest |-> s1,
    value |-> v1,
    source |-> s3,
    mtype |-> "PrecommitMsg",
    ve |-> "ValidVE" ] :>
      1 @@
  [ round |-> 0,
    height |-> 1,
    dest |-> s3,
    value |-> v1,
    source |-> s1,
    mtype |-> "PrecommitMsg",
    ve |-> "ValidVE" ] :>
      1 @@
  [ round |-> 0,
    height |-> 1,
    dest |-> s3,
    value |-> v1,
    source |-> s2,
    mtype |-> "PrecommitMsg",
    ve |-> "InvalidVE" ] :>
      1 )
/\ precommits = ( s1 :> (0 :> (s1 :> v1 @@ s2 :> Nil @@ s3 :> Nil)) @@
  s2 :> (0 :> (s1 :> v1 @@ s2 :> v1 @@ s3 :> v1)) @@
  s3 :> (0 :> (s1 :> Nil @@ s2 :> Nil @@ s3 :> v1)) )

26212874 states generated, 4250665 distinct states found, 586841 states left on queue.
The depth of the complete state graph search is 23.
Finished in 41s at (2026-02-27 08:52:23)
Trace exploration spec path: ./MC_TTrace_1772182302.tla
