TLC2 Version 2026.09.04.170753 (rev: b123b22)
Running Random Simulation with seed 8280694003555120065 with 5 workers on 96 cores with 7851MB heap and 4096MB offheap memory [pid: 784706] (Linux 6.8.0-1044-azure amd64, Ubuntu 21.0.11 64bit).
Parsing file /home/ubuntu/specula-vsr-runner-20260905/runs/vsr-rs-gpt6astra-ultra-20260905/vsr-rs/.specula-output/spec/output/MC_hunt_scenario3_requests_simulation/MC.tla
Parsing file /home/ubuntu/specula-vsr-runner-20260905/runs/vsr-rs-gpt6astra-ultra-20260905/vsr-rs/.specula-output/spec/output/MC_hunt_scenario3_requests_simulation/base.tla
Parsing file /tmp/tlc-14446080871156106604/_JsonTrace.tla (jar:file:/home/ubuntu/specula-vsr-runner-20260905/lib/tla2tools.jar!/tla2sany/StandardModules/_JsonTrace.tla)
Parsing file /tmp/tlc-14446080871156106604/_TLCTrace.tla (jar:file:/home/ubuntu/specula-vsr-runner-20260905/lib/tla2tools.jar!/tla2sany/StandardModules/_TLCTrace.tla)
Parsing file /tmp/tlc-14446080871156106604/Naturals.tla (jar:file:/home/ubuntu/specula-vsr-runner-20260905/lib/tla2tools.jar!/tla2sany/StandardModules/Naturals.tla)
Parsing file /tmp/tlc-14446080871156106604/Integers.tla (jar:file:/home/ubuntu/specula-vsr-runner-20260905/lib/tla2tools.jar!/tla2sany/StandardModules/Integers.tla)
Parsing file /tmp/tlc-14446080871156106604/Sequences.tla (jar:file:/home/ubuntu/specula-vsr-runner-20260905/lib/tla2tools.jar!/tla2sany/StandardModules/Sequences.tla)
Parsing file /tmp/tlc-14446080871156106604/FiniteSets.tla (jar:file:/home/ubuntu/specula-vsr-runner-20260905/lib/tla2tools.jar!/tla2sany/StandardModules/FiniteSets.tla)
Parsing file /tmp/tlc-14446080871156106604/Bags.tla (jar:file:/home/ubuntu/specula-vsr-runner-20260905/lib/tla2tools.jar!/tla2sany/StandardModules/Bags.tla)
Parsing file /tmp/tlc-14446080871156106604/TLC.tla (jar:file:/home/ubuntu/specula-vsr-runner-20260905/lib/tla2tools.jar!/tla2sany/StandardModules/TLC.tla)
Parsing file /tmp/tlc-14446080871156106604/TLCExt.tla (jar:file:/home/ubuntu/specula-vsr-runner-20260905/lib/tla2tools.jar!/tla2sany/StandardModules/TLCExt.tla)
Parsing file /tmp/tlc-14446080871156106604/Json.tla (jar:file:/home/ubuntu/specula-vsr-runner-20260905/lib/tla2tools.jar!/tla2sany/StandardModules/Json.tla)
Semantic processing of module Naturals
Semantic processing of module Integers
Semantic processing of module Sequences
Semantic processing of module FiniteSets
Semantic processing of module TLC
Semantic processing of module Bags
Semantic processing of module base
Semantic processing of module TLCExt
Semantic processing of module Json
Semantic processing of module _JsonTrace
Semantic processing of module _TLCTrace
Semantic processing of module MC
Linting of module base
Linting of module TLCExt
Linting of module Json
Linting of module _JsonTrace
Linting of module _TLCTrace
Linting of module MC
Starting... (2026-09-05 15:06:44)
Implied-temporal checking--satisfiability problem has 32 branches.
Computed 1 initial states...
Finished computing initial states: 1 distinct state generated at 2026-09-05 15:06:44.
Progress: 15261 states checked, 124 traces generated (trace length: mean=78, var(x)=677, sd=26)
Progress: 30251 states checked, 246 traces generated (trace length: mean=78, var(x)=582, sd=24)
Progress: 45425 states checked, 369 traces generated (trace length: mean=78, var(x)=549, sd=23)
Progress: 60635 states checked, 492 traces generated (trace length: mean=78, var(x)=533, sd=23)
Progress: 75657 states checked, 613 traces generated (trace length: mean=78, var(x)=523, sd=23)
Progress: 90477 states checked, 734 traces generated (trace length: mean=78, var(x)=517, sd=23)
Progress: 105799 states checked, 858 traces generated (trace length: mean=78, var(x)=512, sd=23)
Progress: 120575 states checked, 978 traces generated (trace length: mean=78, var(x)=509, sd=23)
Progress: 135766 states checked, 1101 traces generated (trace length: mean=78, var(x)=506, sd=22)
Progress: 151098 states checked, 1226 traces generated (trace length: mean=78, var(x)=504, sd=22)
Progress: 166186 states checked, 1348 traces generated (trace length: mean=78, var(x)=502, sd=22)
Progress: 181157 states checked, 1470 traces generated (trace length: mean=78, var(x)=500, sd=22)
Progress: 196436 states checked, 1594 traces generated (trace length: mean=78, var(x)=499, sd=22)
Progress: 211406 states checked, 1716 traces generated (trace length: mean=78, var(x)=498, sd=22)
Progress: 226626 states checked, 1840 traces generated (trace length: mean=78, var(x)=497, sd=22)
Progress: 241878 states checked, 1964 traces generated (trace length: mean=78, var(x)=496, sd=22)
Progress: 257105 states checked, 2088 traces generated (trace length: mean=78, var(x)=496, sd=22)
Progress: 271943 states checked, 2209 traces generated (trace length: mean=78, var(x)=495, sd=22)
Progress: 287143 states checked, 2332 traces generated (trace length: mean=78, var(x)=494, sd=22)
Progress: 302401 states checked, 2456 traces generated (trace length: mean=78, var(x)=494, sd=22)
Progress: 317735 states checked, 2579 traces generated (trace length: mean=78, var(x)=493, sd=22)
Progress: 332895 states checked, 2702 traces generated (trace length: mean=78, var(x)=493, sd=22)
Progress: 347854 states checked, 2824 traces generated (trace length: mean=78, var(x)=493, sd=22)
Progress: 363168 states checked, 2949 traces generated (trace length: mean=78, var(x)=492, sd=22)
Progress: 378241 states checked, 3071 traces generated (trace length: mean=78, var(x)=492, sd=22)
Progress: 393621 states checked, 3196 traces generated (trace length: mean=78, var(x)=492, sd=22)
Progress: 408381 states checked, 3316 traces generated (trace length: mean=78, var(x)=491, sd=22)
Progress: 423474 states checked, 3438 traces generated (trace length: mean=78, var(x)=491, sd=22)
Progress: 438450 states checked, 3560 traces generated (trace length: mean=78, var(x)=491, sd=22)
