TLC2 Version 2026.08.11.125311 (rev: 0894c34)
Warning: Please run the Java VM, which executes TLC with a throughput optimized garbage collector, by passing the "-XX:+UseParallelGC" property.
(Use the -nowarning option to disable this warning.)
Running breadth-first search Model-Checking with fp 83 and seed -9191548903646574386 with 1 worker on 40 cores with 30688MB heap and 64MB offheap memory [pid: 757321] (Linux 6.8.0-117-generic amd64, Ubuntu 21.0.11 64bit, MSBDiskFPSet, DiskStateQueue).
Parsing file /users/yimingsu/Specula/runs/20260813-170446-8b0a/Specula/.specula-output/spec/MC.tla
Parsing file /users/yimingsu/Specula/runs/20260813-170446-8b0a/Specula/.specula-output/spec/base.tla
Parsing file /tmp/tlc-13548001235428693153/_TLCTrace.tla (jar:file:/users/yimingsu/Specula/lib/tla2tools.jar!/tla2sany/StandardModules/_TLCTrace.tla)
Parsing file /tmp/tlc-13548001235428693153/Integers.tla (jar:file:/users/yimingsu/Specula/lib/tla2tools.jar!/tla2sany/StandardModules/Integers.tla)
Parsing file /tmp/tlc-13548001235428693153/Sequences.tla (jar:file:/users/yimingsu/Specula/lib/tla2tools.jar!/tla2sany/StandardModules/Sequences.tla)
Parsing file /tmp/tlc-13548001235428693153/FiniteSets.tla (jar:file:/users/yimingsu/Specula/lib/tla2tools.jar!/tla2sany/StandardModules/FiniteSets.tla)
Parsing file /tmp/tlc-13548001235428693153/TLC.tla (jar:file:/users/yimingsu/Specula/lib/tla2tools.jar!/tla2sany/StandardModules/TLC.tla)
Parsing file /tmp/tlc-13548001235428693153/Naturals.tla (jar:file:/users/yimingsu/Specula/lib/tla2tools.jar!/tla2sany/StandardModules/Naturals.tla)
Parsing file /tmp/tlc-13548001235428693153/TLCExt.tla (jar:file:/users/yimingsu/Specula/lib/tla2tools.jar!/tla2sany/StandardModules/TLCExt.tla)
Semantic processing of module Naturals
Semantic processing of module Integers
Semantic processing of module Sequences
Semantic processing of module FiniteSets
Semantic processing of module TLC
Semantic processing of module base
Semantic processing of module TLCExt
Semantic processing of module _TLCTrace
Semantic processing of module MC
Linting of module base
Linting of module TLCExt
Linting of module _TLCTrace
Linting of module MC
Starting... (2026-08-13 19:08:32)
Computing initial states...
Finished computing initial states: 1 distinct state generated at 2026-08-13 19:08:32.
Error: Invariant NoStuckStarting is violated.
Error: The behavior up to this point is:
State 1: <Initial predicate>
/\ crashCount = 0
/\ s1 = [controller_up |-> TRUE, live_dc_epoch |-> "epoch-a", cached_dc_epoch |-> "epoch-a", deleting_dc_epoch |-> "none", cached_sts_owner_epoch |-> "none", cached_pvc_epoch |-> "none", cached_pvc_in_use |-> TRUE, sts_owner_epoch |-> "epoch-a", sts_replicas |-> 2, pod_epoch |-> "epoch-a", pod_exists |-> TRUE, pvc_epoch |-> "epoch-a", pvc_exists |-> TRUE, pvc_in_use |-> TRUE, last_mutation_actor |-> "none", last_mutation_target |-> "none", last_mutation_kind |-> "None"]
/\ s2 = [controller_up |-> TRUE, sts_replicas |-> 2, pod_exists |-> TRUE, pvc_exists |-> TRUE, metadata_outcome |-> "Unobserved", ring_state |-> "Normal", observed_ring_state |-> "Unknown", cleanup_target |-> "None", cleanup_phase |-> "Idle", node_status_exists |-> TRUE, load_known |-> FALSE, capacity_approved |-> FALSE, authoritative_removal_observed |-> FALSE, cleanup_started |-> FALSE]
/\ s3 = [controller_up |-> TRUE, job_id |-> "none", pending_job_id |-> "none", startup_label |-> "ReadyToStart", remote_state |-> "Idle", operation_kind |-> "Startup", request_accepted |-> FALSE, durable_marker |-> "None", remote_jobs |-> <<>>, startup_pod_exists |-> TRUE, startup_ready |-> FALSE, startup_timestamped |-> FALSE, startup_retry_requested |-> FALSE, occurrence_state |-> "Due", schedule_create_pending |-> FALSE, child_exists |-> FALSE, task_label |-> "Pending", task_status |-> "Pending"]
/\ s4 = [controller_up |-> TRUE, sts_replicas |-> 2, desired_size |-> 2, ready_pods |-> 2, pdb_present |-> TRUE, pdb_min_available |-> 1, evicted_pods |-> 0]
/\ s5 = [controller_up |-> TRUE, deleting |-> FALSE, dependency_present |-> TRUE, finalizers |-> <<"cassandra.datastax.com/finalizer", "example.com/foreign-finalizer">>, decommission_required |-> FALSE, mgmt_ready |-> FALSE, context_ready |-> FALSE, validation_passed |-> FALSE, ordinary_cleanup_done |-> FALSE]
/\ faultCounters = [ recreate |-> 0,
  metaError |-> 0,
  metaPartial |-> 0,
  loadMissing |-> 0,
  resize |-> 0,
  evict |-> 0,
  secretDel |-> 0,
  crash |-> 0 ]
/\ remoteSubmits = 0

State 2: <MCReactiveNext line 166, col 19 to line 166, col 51 of module MC>
/\ crashCount = 0
/\ s1 = [controller_up |-> TRUE, live_dc_epoch |-> "epoch-a", cached_dc_epoch |-> "epoch-a", deleting_dc_epoch |-> "none", cached_sts_owner_epoch |-> "none", cached_pvc_epoch |-> "none", cached_pvc_in_use |-> TRUE, sts_owner_epoch |-> "epoch-a", sts_replicas |-> 2, pod_epoch |-> "epoch-a", pod_exists |-> TRUE, pvc_epoch |-> "epoch-a", pvc_exists |-> TRUE, pvc_in_use |-> TRUE, last_mutation_actor |-> "none", last_mutation_target |-> "none", last_mutation_kind |-> "None"]
/\ s2 = [controller_up |-> TRUE, sts_replicas |-> 2, pod_exists |-> TRUE, pvc_exists |-> TRUE, metadata_outcome |-> "Unobserved", ring_state |-> "Normal", observed_ring_state |-> "Unknown", cleanup_target |-> "None", cleanup_phase |-> "Idle", node_status_exists |-> TRUE, load_known |-> FALSE, capacity_approved |-> FALSE, authoritative_removal_observed |-> FALSE, cleanup_started |-> FALSE]
/\ s3 = [controller_up |-> TRUE, job_id |-> "none", pending_job_id |-> "none", startup_label |-> "ReadyToStart", remote_state |-> "InFlight", operation_kind |-> "Startup", request_accepted |-> FALSE, durable_marker |-> "None", remote_jobs |-> <<>>, startup_pod_exists |-> TRUE, startup_ready |-> FALSE, startup_timestamped |-> FALSE, startup_retry_requested |-> FALSE, occurrence_state |-> "Due", schedule_create_pending |-> FALSE, child_exists |-> FALSE, task_label |-> "Pending", task_status |-> "Pending"]
/\ s4 = [controller_up |-> TRUE, sts_replicas |-> 2, desired_size |-> 2, ready_pods |-> 2, pdb_present |-> TRUE, pdb_min_available |-> 1, evicted_pods |-> 0]
/\ s5 = [controller_up |-> TRUE, deleting |-> FALSE, dependency_present |-> TRUE, finalizers |-> <<"cassandra.datastax.com/finalizer", "example.com/foreign-finalizer">>, decommission_required |-> FALSE, mgmt_ready |-> FALSE, context_ready |-> FALSE, validation_passed |-> FALSE, ordinary_cleanup_done |-> FALSE]
/\ faultCounters = [ recreate |-> 0,
  metaError |-> 0,
  metaPartial |-> 0,
  loadMissing |-> 0,
  resize |-> 0,
  evict |-> 0,
  secretDel |-> 0,
  crash |-> 0 ]
/\ remoteSubmits = 1

State 3: <MCReactiveNext line 166, col 19 to line 166, col 51 of module MC>
/\ crashCount = 0
/\ s1 = [controller_up |-> TRUE, live_dc_epoch |-> "epoch-a", cached_dc_epoch |-> "epoch-a", deleting_dc_epoch |-> "none", cached_sts_owner_epoch |-> "none", cached_pvc_epoch |-> "none", cached_pvc_in_use |-> TRUE, sts_owner_epoch |-> "epoch-a", sts_replicas |-> 2, pod_epoch |-> "epoch-a", pod_exists |-> TRUE, pvc_epoch |-> "epoch-a", pvc_exists |-> TRUE, pvc_in_use |-> TRUE, last_mutation_actor |-> "none", last_mutation_target |-> "none", last_mutation_kind |-> "None"]
/\ s2 = [controller_up |-> TRUE, sts_replicas |-> 2, pod_exists |-> TRUE, pvc_exists |-> TRUE, metadata_outcome |-> "Unobserved", ring_state |-> "Normal", observed_ring_state |-> "Unknown", cleanup_target |-> "None", cleanup_phase |-> "Idle", node_status_exists |-> TRUE, load_known |-> FALSE, capacity_approved |-> FALSE, authoritative_removal_observed |-> FALSE, cleanup_started |-> FALSE]
/\ s3 = [controller_up |-> TRUE, job_id |-> "none", pending_job_id |-> "none", startup_label |-> "Starting", remote_state |-> "InFlight", operation_kind |-> "Startup", request_accepted |-> FALSE, durable_marker |-> "StartupStarting", remote_jobs |-> <<>>, startup_pod_exists |-> TRUE, startup_ready |-> FALSE, startup_timestamped |-> FALSE, startup_retry_requested |-> FALSE, occurrence_state |-> "Due", schedule_create_pending |-> FALSE, child_exists |-> FALSE, task_label |-> "Pending", task_status |-> "Pending"]
/\ s4 = [controller_up |-> TRUE, sts_replicas |-> 2, desired_size |-> 2, ready_pods |-> 2, pdb_present |-> TRUE, pdb_min_available |-> 1, evicted_pods |-> 0]
/\ s5 = [controller_up |-> TRUE, deleting |-> FALSE, dependency_present |-> TRUE, finalizers |-> <<"cassandra.datastax.com/finalizer", "example.com/foreign-finalizer">>, decommission_required |-> FALSE, mgmt_ready |-> FALSE, context_ready |-> FALSE, validation_passed |-> FALSE, ordinary_cleanup_done |-> FALSE]
/\ faultCounters = [ recreate |-> 0,
  metaError |-> 0,
  metaPartial |-> 0,
  loadMissing |-> 0,
  resize |-> 0,
  evict |-> 0,
  secretDel |-> 0,
  crash |-> 0 ]
/\ remoteSubmits = 1

State 4: <MCControllerCrash line 87, col 5 to line 89, col 62 of module MC>
/\ crashCount = 1
/\ s1 = [controller_up |-> FALSE, live_dc_epoch |-> "epoch-a", cached_dc_epoch |-> "epoch-a", deleting_dc_epoch |-> "none", cached_sts_owner_epoch |-> "none", cached_pvc_epoch |-> "none", cached_pvc_in_use |-> TRUE, sts_owner_epoch |-> "epoch-a", sts_replicas |-> 2, pod_epoch |-> "epoch-a", pod_exists |-> TRUE, pvc_epoch |-> "epoch-a", pvc_exists |-> TRUE, pvc_in_use |-> TRUE, last_mutation_actor |-> "none", last_mutation_target |-> "none", last_mutation_kind |-> "None"]
/\ s2 = [controller_up |-> FALSE, sts_replicas |-> 2, pod_exists |-> TRUE, pvc_exists |-> TRUE, metadata_outcome |-> "Unobserved", ring_state |-> "Normal", observed_ring_state |-> "Unknown", cleanup_target |-> "None", cleanup_phase |-> "Idle", node_status_exists |-> TRUE, load_known |-> FALSE, capacity_approved |-> FALSE, authoritative_removal_observed |-> FALSE, cleanup_started |-> FALSE]
/\ s3 = [controller_up |-> FALSE, job_id |-> "none", pending_job_id |-> "none", startup_label |-> "Starting", remote_state |-> "Lost", operation_kind |-> "Startup", request_accepted |-> FALSE, durable_marker |-> "StartupStarting", remote_jobs |-> <<>>, startup_pod_exists |-> TRUE, startup_ready |-> FALSE, startup_timestamped |-> FALSE, startup_retry_requested |-> FALSE, occurrence_state |-> "Due", schedule_create_pending |-> FALSE, child_exists |-> FALSE, task_label |-> "Pending", task_status |-> "Pending"]
/\ s4 = [controller_up |-> FALSE, sts_replicas |-> 2, desired_size |-> 2, ready_pods |-> 2, pdb_present |-> TRUE, pdb_min_available |-> 1, evicted_pods |-> 0]
/\ s5 = [controller_up |-> FALSE, deleting |-> FALSE, dependency_present |-> TRUE, finalizers |-> <<"cassandra.datastax.com/finalizer", "example.com/foreign-finalizer">>, decommission_required |-> FALSE, mgmt_ready |-> FALSE, context_ready |-> FALSE, validation_passed |-> FALSE, ordinary_cleanup_done |-> FALSE]
/\ faultCounters = [ recreate |-> 0,
  metaError |-> 0,
  metaPartial |-> 0,
  loadMissing |-> 0,
  resize |-> 0,
  evict |-> 0,
  secretDel |-> 0,
  crash |-> 1 ]
/\ remoteSubmits = 1

22 states generated, 10 distinct states found, 3 states left on queue.
The depth of the complete state graph search is 4.
Finished in 01s at (2026-08-13 19:08:32)
Trace exploration spec path: ./MC_TTrace_1786648111.tla
