Picked up JAVA_TOOL_OPTIONS: -Djava.io.tmpdir=/home/ubuntu/nvflare-runs-20260913/scratch/fedavg/tmp
TLC2 Version 2.20 of Day Month 20?? (rev: ${git.shortRevision})
Running breadth-first search Model-Checking with fp 126 and seed 7910089290433010725 with 1 worker on 80 cores with 981MB heap and 256MB offheap memory [pid: 3906440] (Linux 6.8.0-1044-azure amd64, Ubuntu 21.0.11 x86_64, OffHeapDiskFPSet, DiskStateQueue).
Parsing file /home/ubuntu/nvflare-runs-20260913/specula/runs/nvflare-fedavg-20260913/nvflare-fedavg/.specula-output/spec/TraceControl.tla
Parsing file /home/ubuntu/nvflare-runs-20260913/specula/runs/nvflare-fedavg-20260913/nvflare-fedavg/.specula-output/spec/Trace.tla
Parsing file /home/ubuntu/nvflare-runs-20260913/scratch/fedavg/tmp/tlc-9731625627201569102/_TLCTrace.tla (jar:file:/home/ubuntu/nvflare-runs-20260913/specula/lib/tla2tools.jar!/tla2sany/StandardModules/_TLCTrace.tla)
Parsing file /home/ubuntu/nvflare-runs-20260913/specula/runs/nvflare-fedavg-20260913/nvflare-fedavg/.specula-output/spec/base.tla
Parsing file /home/ubuntu/nvflare-runs-20260913/scratch/fedavg/tmp/tlc-9731625627201569102/Json.tla (jar:file:/home/ubuntu/nvflare-runs-20260913/specula/lib/tla2tools.jar!/tla2sany/StandardModules/Json.tla)
Parsing file /home/ubuntu/nvflare-runs-20260913/scratch/fedavg/tmp/tlc-9731625627201569102/IOUtils.tla (jar:file:/home/ubuntu/nvflare-runs-20260913/specula/lib/CommunityModules-deps.jar!/IOUtils.tla)
Parsing file /home/ubuntu/nvflare-runs-20260913/scratch/fedavg/tmp/tlc-9731625627201569102/Naturals.tla (jar:file:/home/ubuntu/nvflare-runs-20260913/specula/lib/tla2tools.jar!/tla2sany/StandardModules/Naturals.tla)
Parsing file /home/ubuntu/nvflare-runs-20260913/scratch/fedavg/tmp/tlc-9731625627201569102/Integers.tla (jar:file:/home/ubuntu/nvflare-runs-20260913/specula/lib/tla2tools.jar!/tla2sany/StandardModules/Integers.tla)
Parsing file /home/ubuntu/nvflare-runs-20260913/scratch/fedavg/tmp/tlc-9731625627201569102/Sequences.tla (jar:file:/home/ubuntu/nvflare-runs-20260913/specula/lib/tla2tools.jar!/tla2sany/StandardModules/Sequences.tla)
Parsing file /home/ubuntu/nvflare-runs-20260913/scratch/fedavg/tmp/tlc-9731625627201569102/FiniteSets.tla (jar:file:/home/ubuntu/nvflare-runs-20260913/specula/lib/tla2tools.jar!/tla2sany/StandardModules/FiniteSets.tla)
Parsing file /home/ubuntu/nvflare-runs-20260913/scratch/fedavg/tmp/tlc-9731625627201569102/TLC.tla (jar:file:/home/ubuntu/nvflare-runs-20260913/specula/lib/tla2tools.jar!/tla2sany/StandardModules/TLC.tla)
Parsing file /home/ubuntu/nvflare-runs-20260913/scratch/fedavg/tmp/tlc-9731625627201569102/SequencesExt.tla (jar:file:/home/ubuntu/nvflare-runs-20260913/specula/lib/CommunityModules-deps.jar!/SequencesExt.tla)
Parsing file /home/ubuntu/nvflare-runs-20260913/scratch/fedavg/tmp/tlc-9731625627201569102/FiniteSetsExt.tla (jar:file:/home/ubuntu/nvflare-runs-20260913/specula/lib/CommunityModules-deps.jar!/FiniteSetsExt.tla)
Parsing file /home/ubuntu/nvflare-runs-20260913/scratch/fedavg/tmp/tlc-9731625627201569102/Folds.tla (jar:file:/home/ubuntu/nvflare-runs-20260913/specula/lib/CommunityModules-deps.jar!/Folds.tla)
Parsing file /home/ubuntu/nvflare-runs-20260913/scratch/fedavg/tmp/tlc-9731625627201569102/Functions.tla (jar:file:/home/ubuntu/nvflare-runs-20260913/specula/lib/CommunityModules-deps.jar!/Functions.tla)
Parsing file /home/ubuntu/nvflare-runs-20260913/scratch/fedavg/tmp/tlc-9731625627201569102/TLCExt.tla (jar:file:/home/ubuntu/nvflare-runs-20260913/specula/lib/tla2tools.jar!/tla2sany/StandardModules/TLCExt.tla)
Semantic processing of module Naturals
Semantic processing of module Integers
Semantic processing of module Sequences
Semantic processing of module FiniteSets
Semantic processing of module TLC
Semantic processing of module base
Semantic processing of module Json
Semantic processing of module Folds
Semantic processing of module Functions
Semantic processing of module FiniteSetsExt
Semantic processing of module SequencesExt
Semantic processing of module IOUtils
Semantic processing of module Trace
Semantic processing of module TLCExt
Semantic processing of module _TLCTrace
Semantic processing of module TraceControl
Linting of module base
Linting of module Json
Linting of module Folds
Linting of module Functions
Linting of module FiniteSetsExt
Linting of module SequencesExt
Linting of module IOUtils
Linting of module Trace
Linting of module TLCExt
Linting of module _TLCTrace
Linting of module TraceControl
Starting... (2026-09-13 10:50:25)
Implied-temporal checking--satisfiability problem has 1 branches.
Computing initial states...
Finished computing initial states: 1 distinct state generated at 2026-09-13 10:50:25.
Progress(3) at 2026-09-13 10:50:25: 3 states generated, 3 distinct states found, 0 states left on queue.
Checking temporal properties for the complete state space with 3 total distinct states at (2026-09-13 10:50:25)
Error: Temporal properties were violated.

Error: The following behavior constitutes a counter-example:

State 1: <Initial predicate>
/\ l = 1
/\ s = [ task |->
      << [ retiredOutstanding |-> {},
           scheduled |-> FALSE,
           standing |-> FALSE,
           status |-> "NEW",
           sourceAtSchedule |-> -1,
           broadcastVersion |-> -1,
           assignedOrder |-> <<>>,
           age |-> 0,
           cleaned |-> FALSE,
           retiredStatus |-> "NEW" ],
         [ retiredOutstanding |-> {},
           scheduled |-> FALSE,
           standing |-> FALSE,
           status |-> "NEW",
           sourceAtSchedule |-> -1,
           broadcastVersion |-> -1,
           assignedOrder |-> <<>>,
           age |-> 0,
           cleaned |-> FALSE,
           retiredStatus |-> "NEW" ] >>,
  ct |->
      << [ c1 |->
               [ assigned |-> FALSE,
                 headerId |-> <<0, "">>,
                 headerRound |-> -1,
                 inputVersion |-> -1,
                 delivery |-> "none",
                 result |-> "none",
                 metricKind |-> "none",
                 receipt |-> FALSE,
                 decision |-> "pending",
                 invocations |-> 0 ],
           c2 |->
               [ assigned |-> FALSE,
                 headerId |-> <<0, "">>,
                 headerRound |-> -1,
                 inputVersion |-> -1,
                 delivery |-> "none",
                 result |-> "none",
                 metricKind |-> "none",
                 receipt |-> FALSE,
                 decision |-> "pending",
                 invocations |-> 0 ] ],
         [ c1 |->
               [ assigned |-> FALSE,
                 headerId |-> <<0, "">>,
                 headerRound |-> -1,
                 inputVersion |-> -1,
                 delivery |-> "none",
                 result |-> "none",
                 metricKind |-> "none",
                 receipt |-> FALSE,
                 decision |-> "pending",
                 invocations |-> 0 ],
           c2 |->
               [ assigned |-> FALSE,
                 headerId |-> <<0, "">>,
                 headerRound |-> -1,
                 inputVersion |-> -1,
                 delivery |-> "none",
                 result |-> "none",
                 metricKind |-> "none",
                 receipt |-> FALSE,
                 decision |-> "pending",
                 invocations |-> 0 ] ] >>,
  net |-> <<[c1 |-> <<>>, c2 |-> <<>>], [c1 |-> <<>>, c2 |-> <<>>]>>,
  used |->
      << [ stats |-> <<<<>>, <<>>>>,
           paramHistory |-> <<>>,
           metricStats |-> <<>>,
           metricHistory |-> <<>>,
           allMetrics |-> TRUE,
           counted |-> <<>>,
           params |-> <<<<>>, <<>>>>,
           metrics |-> <<>>,
           count |-> 0 ],
         [ stats |-> <<<<>>, <<>>>>,
           paramHistory |-> <<>>,
           metricStats |-> <<>>,
           metricHistory |-> <<>>,
           allMetrics |-> TRUE,
           counted |-> <<>>,
           params |-> <<<<>>, <<>>>>,
           metrics |-> <<>>,
           count |-> 0 ] >>,
  wf |->
      [ started |-> {},
        pc |-> "start",
        round |-> 0,
        sourceVersion |-> 0,
        abort |-> FALSE,
        outcome |-> "running",
        open |-> TRUE ],
  requested |-> {},
  committed |-> {},
  saved |-> {},
  unknownSeen |-> {},
  aggr |->
      [ task |-> 0,
        failedClients |-> {},
        applied |-> <<<<>>, <<>>>>,
        stats |-> <<<<>>, <<>>>>,
        paramHistory |-> <<>>,
        metricApplied |-> <<>>,
        metricStats |-> <<>>,
        metricHistory |-> <<>>,
        allMetrics |-> TRUE,
        receivedCount |-> 0,
        counted |-> <<>> ],
  comm |->
      [ pending |-> {},
        deadView |-> {},
        kind |-> "free",
        pc |-> "idle",
        id |-> <<0, "">>,
        attempt |-> 0,
        key |-> 1,
        accepted |-> FALSE,
        exit |-> "LIVE",
        writeStatus |-> FALSE ],
  mon |->
      [ pending |-> {},
        deadView |-> {},
        pc |-> "idle",
        reportAges |-> [c1 |-> 0, c2 |-> 0] ],
  runner |->
      [ kind |-> "free",
        pc |-> "idle",
        client |-> "",
        id |-> <<0, "">>,
        attempt |-> 0 ],
  scratch |->
      [ stats |-> <<<<>>, <<>>>>,
        paramHistory |-> <<>>,
        metricStats |-> <<>>,
        metricHistory |-> <<>>,
        allMetrics |-> TRUE,
        counted |-> <<>>,
        params |-> <<<<>>, <<>>>>,
        metrics |-> <<>>,
        count |-> 0 ],
  completed |-> <<>>,
  dead |->
      [ c1 |-> [age |-> 0, reported |-> FALSE, disconnected |-> FALSE],
        c2 |-> [age |-> 0, reported |-> FALSE, disconnected |-> FALSE] ] ]

State 2: <TraceNext line 914, col 8 to line 914, col 45 of module Trace>
/\ l = 2
/\ s = [ task |->
      << [ retiredOutstanding |-> {},
           scheduled |-> FALSE,
           standing |-> FALSE,
           status |-> "NEW",
           sourceAtSchedule |-> -1,
           broadcastVersion |-> -1,
           assignedOrder |-> <<>>,
           age |-> 0,
           cleaned |-> FALSE,
           retiredStatus |-> "NEW" ],
         [ retiredOutstanding |-> {},
           scheduled |-> FALSE,
           standing |-> FALSE,
           status |-> "NEW",
           sourceAtSchedule |-> -1,
           broadcastVersion |-> -1,
           assignedOrder |-> <<>>,
           age |-> 0,
           cleaned |-> FALSE,
           retiredStatus |-> "NEW" ] >>,
  ct |->
      << [ c1 |->
               [ assigned |-> FALSE,
                 headerId |-> <<0, "">>,
                 headerRound |-> -1,
                 inputVersion |-> -1,
                 delivery |-> "none",
                 result |-> "none",
                 metricKind |-> "none",
                 receipt |-> FALSE,
                 decision |-> "pending",
                 invocations |-> 0 ],
           c2 |->
               [ assigned |-> FALSE,
                 headerId |-> <<0, "">>,
                 headerRound |-> -1,
                 inputVersion |-> -1,
                 delivery |-> "none",
                 result |-> "none",
                 metricKind |-> "none",
                 receipt |-> FALSE,
                 decision |-> "pending",
                 invocations |-> 0 ] ],
         [ c1 |->
               [ assigned |-> FALSE,
                 headerId |-> <<0, "">>,
                 headerRound |-> -1,
                 inputVersion |-> -1,
                 delivery |-> "none",
                 result |-> "none",
                 metricKind |-> "none",
                 receipt |-> FALSE,
                 decision |-> "pending",
                 invocations |-> 0 ],
           c2 |->
               [ assigned |-> FALSE,
                 headerId |-> <<0, "">>,
                 headerRound |-> -1,
                 inputVersion |-> -1,
                 delivery |-> "none",
                 result |-> "none",
                 metricKind |-> "none",
                 receipt |-> FALSE,
                 decision |-> "pending",
                 invocations |-> 0 ] ] >>,
  net |-> <<[c1 |-> <<>>, c2 |-> <<>>], [c1 |-> <<>>, c2 |-> <<>>]>>,
  used |->
      << [ stats |-> <<<<>>, <<>>>>,
           paramHistory |-> <<>>,
           metricStats |-> <<>>,
           metricHistory |-> <<>>,
           allMetrics |-> TRUE,
           counted |-> <<>>,
           params |-> <<<<>>, <<>>>>,
           metrics |-> <<>>,
           count |-> 0 ],
         [ stats |-> <<<<>>, <<>>>>,
           paramHistory |-> <<>>,
           metricStats |-> <<>>,
           metricHistory |-> <<>>,
           allMetrics |-> TRUE,
           counted |-> <<>>,
           params |-> <<<<>>, <<>>>>,
           metrics |-> <<>>,
           count |-> 0 ] >>,
  wf |->
      [ started |-> {1},
        pc |-> "reset",
        round |-> 1,
        sourceVersion |-> 0,
        abort |-> FALSE,
        outcome |-> "running",
        open |-> TRUE ],
  requested |-> {},
  committed |-> {},
  saved |-> {},
  unknownSeen |-> {},
  aggr |->
      [ task |-> 0,
        failedClients |-> {},
        applied |-> <<<<>>, <<>>>>,
        stats |-> <<<<>>, <<>>>>,
        paramHistory |-> <<>>,
        metricApplied |-> <<>>,
        metricStats |-> <<>>,
        metricHistory |-> <<>>,
        allMetrics |-> TRUE,
        receivedCount |-> 0,
        counted |-> <<>> ],
  comm |->
      [ pending |-> {},
        deadView |-> {},
        kind |-> "free",
        pc |-> "idle",
        id |-> <<0, "">>,
        attempt |-> 0,
        key |-> 1,
        accepted |-> FALSE,
        exit |-> "LIVE",
        writeStatus |-> FALSE ],
  mon |->
      [ pending |-> {},
        deadView |-> {},
        pc |-> "idle",
        reportAges |-> [c1 |-> 0, c2 |-> 0] ],
  runner |->
      [ kind |-> "free",
        pc |-> "idle",
        client |-> "",
        id |-> <<0, "">>,
        attempt |-> 0 ],
  scratch |->
      [ stats |-> <<<<>>, <<>>>>,
        paramHistory |-> <<>>,
        metricStats |-> <<>>,
        metricHistory |-> <<>>,
        allMetrics |-> TRUE,
        counted |-> <<>>,
        params |-> <<<<>>, <<>>>>,
        metrics |-> <<>>,
        count |-> 0 ],
  completed |-> <<>>,
  dead |->
      [ c1 |-> [age |-> 0, reported |-> FALSE, disconnected |-> FALSE],
        c2 |-> [age |-> 0, reported |-> FALSE, disconnected |-> FALSE] ] ]

State 3: <TraceNext line 914, col 8 to line 914, col 45 of module Trace>
/\ l = 3
/\ s = [ task |->
      << [ retiredOutstanding |-> {},
           scheduled |-> FALSE,
           standing |-> FALSE,
           status |-> "NEW",
           sourceAtSchedule |-> -1,
           broadcastVersion |-> -1,
           assignedOrder |-> <<>>,
           age |-> 0,
           cleaned |-> FALSE,
           retiredStatus |-> "NEW" ],
         [ retiredOutstanding |-> {},
           scheduled |-> FALSE,
           standing |-> FALSE,
           status |-> "NEW",
           sourceAtSchedule |-> -1,
           broadcastVersion |-> -1,
           assignedOrder |-> <<>>,
           age |-> 0,
           cleaned |-> FALSE,
           retiredStatus |-> "NEW" ] >>,
  ct |->
      << [ c1 |->
               [ assigned |-> FALSE,
                 headerId |-> <<0, "">>,
                 headerRound |-> -1,
                 inputVersion |-> -1,
                 delivery |-> "none",
                 result |-> "none",
                 metricKind |-> "none",
                 receipt |-> FALSE,
                 decision |-> "pending",
                 invocations |-> 0 ],
           c2 |->
               [ assigned |-> FALSE,
                 headerId |-> <<0, "">>,
                 headerRound |-> -1,
                 inputVersion |-> -1,
                 delivery |-> "none",
                 result |-> "none",
                 metricKind |-> "none",
                 receipt |-> FALSE,
                 decision |-> "pending",
                 invocations |-> 0 ] ],
         [ c1 |->
               [ assigned |-> FALSE,
                 headerId |-> <<0, "">>,
                 headerRound |-> -1,
                 inputVersion |-> -1,
                 delivery |-> "none",
                 result |-> "none",
                 metricKind |-> "none",
                 receipt |-> FALSE,
                 decision |-> "pending",
                 invocations |-> 0 ],
           c2 |->
               [ assigned |-> FALSE,
                 headerId |-> <<0, "">>,
                 headerRound |-> -1,
                 inputVersion |-> -1,
                 delivery |-> "none",
                 result |-> "none",
                 metricKind |-> "none",
                 receipt |-> FALSE,
                 decision |-> "pending",
                 invocations |-> 0 ] ] >>,
  net |-> <<[c1 |-> <<>>, c2 |-> <<>>], [c1 |-> <<>>, c2 |-> <<>>]>>,
  used |->
      << [ stats |-> <<<<>>, <<>>>>,
           paramHistory |-> <<>>,
           metricStats |-> <<>>,
           metricHistory |-> <<>>,
           allMetrics |-> TRUE,
           counted |-> <<>>,
           params |-> <<<<>>, <<>>>>,
           metrics |-> <<>>,
           count |-> 0 ],
         [ stats |-> <<<<>>, <<>>>>,
           paramHistory |-> <<>>,
           metricStats |-> <<>>,
           metricHistory |-> <<>>,
           allMetrics |-> TRUE,
           counted |-> <<>>,
           params |-> <<<<>>, <<>>>>,
           metrics |-> <<>>,
           count |-> 0 ] >>,
  wf |->
      [ started |-> {1},
        pc |-> "schedule",
        round |-> 1,
        sourceVersion |-> 0,
        abort |-> FALSE,
        outcome |-> "running",
        open |-> TRUE ],
  requested |-> {},
  committed |-> {},
  saved |-> {},
  unknownSeen |-> {},
  aggr |->
      [ task |-> 1,
        failedClients |-> {},
        applied |-> <<<<>>, <<>>>>,
        stats |-> <<<<>>, <<>>>>,
        paramHistory |-> <<>>,
        metricApplied |-> <<>>,
        metricStats |-> <<>>,
        metricHistory |-> <<>>,
        allMetrics |-> TRUE,
        receivedCount |-> 0,
        counted |-> <<>> ],
  comm |->
      [ pending |-> {},
        deadView |-> {},
        kind |-> "free",
        pc |-> "idle",
        id |-> <<0, "">>,
        attempt |-> 0,
        key |-> 1,
        accepted |-> FALSE,
        exit |-> "LIVE",
        writeStatus |-> FALSE ],
  mon |->
      [ pending |-> {},
        deadView |-> {},
        pc |-> "idle",
        reportAges |-> [c1 |-> 0, c2 |-> 0] ],
  runner |->
      [ kind |-> "free",
        pc |-> "idle",
        client |-> "",
        id |-> <<0, "">>,
        attempt |-> 0 ],
  scratch |->
      [ stats |-> <<<<>>, <<>>>>,
        paramHistory |-> <<>>,
        metricStats |-> <<>>,
        metricHistory |-> <<>>,
        allMetrics |-> TRUE,
        counted |-> <<>>,
        params |-> <<<<>>, <<>>>>,
        metrics |-> <<>>,
        count |-> 0 ],
  completed |-> <<>>,
  dead |->
      [ c1 |-> [age |-> 0, reported |-> FALSE, disconnected |-> FALSE],
        c2 |-> [age |-> 0, reported |-> FALSE, disconnected |-> FALSE] ] ]

State 4: Stuttering
Finished checking temporal properties in 00s at 2026-09-13 10:50:25
3 states generated, 3 distinct states found, 0 states left on queue.
The depth of the complete state graph search is 3.
Finished in 00s at (2026-09-13 10:50:25)
Trace exploration spec path: ./TraceControl_TTrace_1789296624.tla
