TLC2 Version 2026.09.23.154203 (rev: 4260e47)
Running breadth-first search Model-Checking with fp 20 and seed 8025717362049787538 with 4 workers on 96 cores with 3925MB heap and 12288MB offheap memory [pid: 4128563] (Linux 6.8.0-1044-azure amd64, Ubuntu 21.0.11 64bit, OffHeapDiskFPSet, DiskStateQueue).
Parsing file /home/ubuntu/specula-nvflare-gpt-continuation-20260926/framework/runs/gpt-continuation/nvflare-job/.specula-output/spec/output/continuation-H4-s4_groundtruth/MC.tla
Parsing file /home/ubuntu/specula-nvflare-gpt-continuation-20260926/framework/runs/gpt-continuation/nvflare-job/.specula-output/spec/output/continuation-H4-s4_groundtruth/base.tla
Parsing file /tmp/tlc-9212598591151681127/_JsonTrace.tla (jar:file:/home/ubuntu/specula-nvflare-gpt-continuation-20260926/framework/lib/tla2tools.jar!/tla2sany/StandardModules/_JsonTrace.tla)
Parsing file /tmp/tlc-9212598591151681127/_TLCTrace.tla (jar:file:/home/ubuntu/specula-nvflare-gpt-continuation-20260926/framework/lib/tla2tools.jar!/tla2sany/StandardModules/_TLCTrace.tla)
Parsing file /tmp/tlc-9212598591151681127/Integers.tla (jar:file:/home/ubuntu/specula-nvflare-gpt-continuation-20260926/framework/lib/tla2tools.jar!/tla2sany/StandardModules/Integers.tla)
Parsing file /tmp/tlc-9212598591151681127/Sequences.tla (jar:file:/home/ubuntu/specula-nvflare-gpt-continuation-20260926/framework/lib/tla2tools.jar!/tla2sany/StandardModules/Sequences.tla)
Parsing file /tmp/tlc-9212598591151681127/FiniteSets.tla (jar:file:/home/ubuntu/specula-nvflare-gpt-continuation-20260926/framework/lib/tla2tools.jar!/tla2sany/StandardModules/FiniteSets.tla)
Parsing file /tmp/tlc-9212598591151681127/TLC.tla (jar:file:/home/ubuntu/specula-nvflare-gpt-continuation-20260926/framework/lib/tla2tools.jar!/tla2sany/StandardModules/TLC.tla)
Parsing file /tmp/tlc-9212598591151681127/Naturals.tla (jar:file:/home/ubuntu/specula-nvflare-gpt-continuation-20260926/framework/lib/tla2tools.jar!/tla2sany/StandardModules/Naturals.tla)
Parsing file /tmp/tlc-9212598591151681127/TLCExt.tla (jar:file:/home/ubuntu/specula-nvflare-gpt-continuation-20260926/framework/lib/tla2tools.jar!/tla2sany/StandardModules/TLCExt.tla)
Parsing file /tmp/tlc-9212598591151681127/Json.tla (jar:file:/home/ubuntu/specula-nvflare-gpt-continuation-20260926/framework/lib/tla2tools.jar!/tla2sany/StandardModules/Json.tla)
Semantic processing of module Naturals
Semantic processing of module Integers
Semantic processing of module Sequences
Semantic processing of module FiniteSets
Semantic processing of module TLC
Semantic processing of module base
Semantic processing of module TLCExt
Semantic processing of module Json
Semantic processing of module _JsonTrace
Semantic processing of module _TLCTrace
Semantic processing of module MC
Linting of module base
Linting of module TLCExt
Linting of module Json
Linting of module _JsonTrace
Linting of module _TLCTrace
Linting of module MC
Starting... (2026-09-26 17:14:59)
Warning: The set p@@q has been defined to be a symmetry set but contains less than two elements.
(Use the -nowarning option to disable this warning.)
Computing initial states...
Finished computing initial states: 1 distinct state generated at 2026-09-26 17:15:00.
Progress(31) at 2026-09-26 17:15:03: 197,389 states generated (197,389 s/min), 54,040 distinct states found (54,040 ds/min), 19,536 states left on queue.
Progress(37) at 2026-09-26 17:16:03: 5,862,459 states generated (5,665,070 s/min), 1,356,175 distinct states found (1,302,135 ds/min), 559,801 states left on queue.
Progress(38) at 2026-09-26 17:17:03: 11,768,095 states generated (5,905,636 s/min), 2,569,606 distinct states found (1,213,431 ds/min), 1,031,558 states left on queue.
Progress(39) at 2026-09-26 17:18:03: 17,808,262 states generated (6,040,167 s/min), 3,752,176 distinct states found (1,182,570 ds/min), 1,467,718 states left on queue.
Progress(40) at 2026-09-26 17:19:03: 23,938,150 states generated (6,129,888 s/min), 4,901,978 distinct states found (1,149,802 ds/min), 1,860,800 states left on queue.
Progress(40) at 2026-09-26 17:20:03: 30,126,530 states generated (6,188,380 s/min), 6,049,342 distinct states found (1,147,364 ds/min), 2,267,025 states left on queue.
Progress(41) at 2026-09-26 17:21:03: 36,295,383 states generated (6,168,853 s/min), 7,162,295 distinct states found (1,112,953 ds/min), 2,629,525 states left on queue.
Progress(41) at 2026-09-26 17:22:04: 42,418,266 states generated (6,122,883 s/min), 8,191,676 distinct states found (1,029,381 ds/min), 2,916,705 states left on queue.
Progress(41) at 2026-09-26 17:23:04: 48,703,509 states generated (6,285,243 s/min), 9,340,508 distinct states found (1,148,832 ds/min), 3,322,738 states left on queue.
Progress(41) at 2026-09-26 17:24:04: 54,918,811 states generated (6,215,302 s/min), 10,405,383 distinct states found (1,064,875 ds/min), 3,648,765 states left on queue.
Checkpointing of run /home/ubuntu/specula-nvflare-gpt-continuation-20260926/framework/runs/gpt-continuation/nvflare-job/.specula-output/.tlc-state/tlc-states-QBt2xy/26-09-26-17-14-59.599
Checkpointing completed at (2026-09-26 17:25:04)
Progress(42) at 2026-09-26 17:25:04: 60,993,865 states generated (6,075,054 s/min), 11,438,968 distinct states found (1,033,585 ds/min), 3,930,901 states left on queue.
Progress(42) at 2026-09-26 17:26:04: 67,147,980 states generated (6,154,115 s/min), 12,403,494 distinct states found (964,526 ds/min), 4,172,427 states left on queue.
Progress(42) at 2026-09-26 17:27:04: 73,363,946 states generated (6,215,966 s/min), 13,461,093 distinct states found (1,057,599 ds/min), 4,507,949 states left on queue.
Progress(42) at 2026-09-26 17:28:04: 79,515,035 states generated (6,151,089 s/min), 14,526,533 distinct states found (1,065,440 ds/min), 4,834,731 states left on queue.
Progress(42) at 2026-09-26 17:29:04: 85,668,617 states generated (6,153,582 s/min), 15,533,603 distinct states found (1,007,070 ds/min), 5,123,606 states left on queue.
Progress(43) at 2026-09-26 17:30:04: 91,744,810 states generated (6,076,193 s/min), 16,514,366 distinct states found (980,763 ds/min), 5,368,790 states left on queue.
Progress(43) at 2026-09-26 17:31:04: 97,801,115 states generated (6,056,305 s/min), 17,415,049 distinct states found (900,683 ds/min), 5,533,436 states left on queue.
Progress(43) at 2026-09-26 17:32:04: 104,056,937 states generated (6,255,822 s/min), 18,432,112 distinct states found (1,017,063 ds/min), 5,813,162 states left on queue.
Progress(43) at 2026-09-26 17:33:04: 110,435,054 states generated (6,378,117 s/min), 19,428,815 distinct states found (996,703 ds/min), 6,092,745 states left on queue.
Progress(43) at 2026-09-26 17:34:04: 116,713,163 states generated (6,278,109 s/min), 20,529,471 distinct states found (1,100,656 ds/min), 6,442,024 states left on queue.
Checkpointing of run /home/ubuntu/specula-nvflare-gpt-continuation-20260926/framework/runs/gpt-continuation/nvflare-job/.specula-output/.tlc-state/tlc-states-QBt2xy/26-09-26-17-14-59.599
Checkpointing completed at (2026-09-26 17:35:04)
Progress(43) at 2026-09-26 17:35:04: 122,832,249 states generated (6,119,086 s/min), 21,515,875 distinct states found (986,404 ds/min), 6,673,338 states left on queue.
Progress(43) at 2026-09-26 17:36:04: 129,192,271 states generated (6,360,022 s/min), 22,482,992 distinct states found (967,117 ds/min), 6,934,379 states left on queue.
Progress(44) at 2026-09-26 17:37:04: 135,379,451 states generated (6,187,180 s/min), 23,454,542 distinct states found (971,550 ds/min), 7,149,192 states left on queue.
Progress(44) at 2026-09-26 17:38:04: 141,582,354 states generated (6,202,903 s/min), 24,372,460 distinct states found (917,918 ds/min), 7,309,575 states left on queue.
Progress(44) at 2026-09-26 17:39:04: 147,918,891 states generated (6,336,537 s/min), 25,275,358 distinct states found (902,898 ds/min), 7,474,114 states left on queue.
Progress(44) at 2026-09-26 17:40:04: 154,196,647 states generated (6,277,756 s/min), 26,259,258 distinct states found (983,900 ds/min), 7,733,725 states left on queue.
Progress(44) at 2026-09-26 17:41:04: 160,508,390 states generated (6,311,743 s/min), 27,224,440 distinct states found (965,182 ds/min), 7,983,353 states left on queue.
Progress(44) at 2026-09-26 17:42:04: 166,877,943 states generated (6,369,553 s/min), 28,286,205 distinct states found (1,061,765 ds/min), 8,304,532 states left on queue.
Progress(44) at 2026-09-26 17:43:04: 173,072,562 states generated (6,194,619 s/min), 29,270,261 distinct states found (984,056 ds/min), 8,548,960 states left on queue.
Progress(44) at 2026-09-26 17:44:04: 179,186,742 states generated (6,114,180 s/min), 30,213,171 distinct states found (942,910 ds/min), 8,733,877 states left on queue.
