TLC2 Version 2026.09.04.170753 (rev: b123b22)
Running breadth-first search Model-Checking with fp 15 and seed -3882272446729575247 with 5 workers on 96 cores with 3925MB heap and 16384MB offheap memory [pid: 163517] (Linux 6.8.0-1044-azure amd64, Ubuntu 21.0.11 64bit, OffHeapDiskFPSet, DiskStateQueue).
Parsing file /home/ubuntu/specula-vsr-runner-20260905/runs/vsr-rs-gpt6astra-ultra-20260905/vsr-rs/.specula-output/spec/output/MC_hunt_scenario3_requests_bfs/MC.tla
Parsing file /home/ubuntu/specula-vsr-runner-20260905/runs/vsr-rs-gpt6astra-ultra-20260905/vsr-rs/.specula-output/spec/output/MC_hunt_scenario3_requests_bfs/base.tla
Parsing file /tmp/tlc-5324407682435198371/_JsonTrace.tla (jar:file:/home/ubuntu/specula-vsr-runner-20260905/lib/tla2tools.jar!/tla2sany/StandardModules/_JsonTrace.tla)
Parsing file /tmp/tlc-5324407682435198371/_TLCTrace.tla (jar:file:/home/ubuntu/specula-vsr-runner-20260905/lib/tla2tools.jar!/tla2sany/StandardModules/_TLCTrace.tla)
Parsing file /tmp/tlc-5324407682435198371/Naturals.tla (jar:file:/home/ubuntu/specula-vsr-runner-20260905/lib/tla2tools.jar!/tla2sany/StandardModules/Naturals.tla)
Parsing file /tmp/tlc-5324407682435198371/Integers.tla (jar:file:/home/ubuntu/specula-vsr-runner-20260905/lib/tla2tools.jar!/tla2sany/StandardModules/Integers.tla)
Parsing file /tmp/tlc-5324407682435198371/Sequences.tla (jar:file:/home/ubuntu/specula-vsr-runner-20260905/lib/tla2tools.jar!/tla2sany/StandardModules/Sequences.tla)
Parsing file /tmp/tlc-5324407682435198371/FiniteSets.tla (jar:file:/home/ubuntu/specula-vsr-runner-20260905/lib/tla2tools.jar!/tla2sany/StandardModules/FiniteSets.tla)
Parsing file /tmp/tlc-5324407682435198371/Bags.tla (jar:file:/home/ubuntu/specula-vsr-runner-20260905/lib/tla2tools.jar!/tla2sany/StandardModules/Bags.tla)
Parsing file /tmp/tlc-5324407682435198371/TLC.tla (jar:file:/home/ubuntu/specula-vsr-runner-20260905/lib/tla2tools.jar!/tla2sany/StandardModules/TLC.tla)
Parsing file /tmp/tlc-5324407682435198371/TLCExt.tla (jar:file:/home/ubuntu/specula-vsr-runner-20260905/lib/tla2tools.jar!/tla2sany/StandardModules/TLCExt.tla)
Parsing file /tmp/tlc-5324407682435198371/Json.tla (jar:file:/home/ubuntu/specula-vsr-runner-20260905/lib/tla2tools.jar!/tla2sany/StandardModules/Json.tla)
Semantic processing of module Naturals
Semantic processing of module Integers
Semantic processing of module Sequences
Semantic processing of module FiniteSets
Semantic processing of module TLC
Semantic processing of module Bags
Semantic processing of module base
Semantic processing of module TLCExt
Semantic processing of module Json
Semantic processing of module _JsonTrace
Semantic processing of module _TLCTrace
Semantic processing of module MC
Linting of module base
Linting of module TLCExt
Linting of module Json
Linting of module _JsonTrace
Linting of module _TLCTrace
Linting of module MC
Starting... (2026-09-05 14:36:00)
Implied-temporal checking--satisfiability problem has 32 branches.
Computing initial states...
Finished computing initial states: 1 distinct state generated at 2026-09-05 14:36:02.
Checking 32 branches of temporal properties for the current state space with 13548 total distinct states at (2026-09-05 14:36:05)
Finished checking temporal properties in 00s at 2026-09-05 14:36:05
Progress(5) at 2026-09-05 14:36:05: 740 states generated (740 s/min), 524 distinct states found (524 ds/min), 469 states left on queue.
Checking 32 branches of temporal properties for the current state space with 229496 total distinct states at (2026-09-05 14:37:05)
Finished checking temporal properties in 00s at 2026-09-05 14:37:06
Progress(7) at 2026-09-05 14:37:06: 21,678 states generated (20,938 s/min), 9,662 distinct states found (9,138 ds/min), 7,785 states left on queue.
Checking 32 branches of temporal properties for the current state space with 373012 total distinct states at (2026-09-05 14:38:06)
Finished checking temporal properties in 00s at 2026-09-05 14:38:06
Progress(7) at 2026-09-05 14:38:06: 40,301 states generated (18,623 s/min), 16,659 distinct states found (6,997 ds/min), 12,900 states left on queue.
Checking 32 branches of temporal properties for the current state space with 584648 total distinct states at (2026-09-05 14:39:06)
Finished checking temporal properties in 00s at 2026-09-05 14:39:07
Progress(8) at 2026-09-05 14:39:07: 63,911 states generated (23,610 s/min), 25,923 distinct states found (9,264 ds/min), 19,828 states left on queue.
Checking 32 branches of temporal properties for the current state space with 742076 total distinct states at (2026-09-05 14:40:07)
Finished checking temporal properties in 00s at 2026-09-05 14:40:07
Progress(8) at 2026-09-05 14:40:07: 81,230 states generated (17,319 s/min), 32,604 distinct states found (6,681 ds/min), 25,258 states left on queue.
Checking 32 branches of temporal properties for the current state space with 870332 total distinct states at (2026-09-05 14:41:08)
Finished checking temporal properties in 00s at 2026-09-05 14:41:08
Progress(8) at 2026-09-05 14:41:08: 97,714 states generated (16,484 s/min), 38,832 distinct states found (6,228 ds/min), 29,776 states left on queue.
Checking 32 branches of temporal properties for the current state space with 1005960 total distinct states at (2026-09-05 14:42:08)
Finished checking temporal properties in 00s at 2026-09-05 14:42:09
Progress(8) at 2026-09-05 14:42:09: 115,475 states generated (17,761 s/min), 45,242 distinct states found (6,410 ds/min), 34,444 states left on queue.
Checking 32 branches of temporal properties for the current state space with 1125864 total distinct states at (2026-09-05 14:43:09)
Finished checking temporal properties in 00s at 2026-09-05 14:43:09
Progress(8) at 2026-09-05 14:43:09: 131,488 states generated (16,013 s/min), 50,956 distinct states found (5,714 ds/min), 38,415 states left on queue.
Checking 32 branches of temporal properties for the current state space with 1221168 total distinct states at (2026-09-05 14:44:09)
Finished checking temporal properties in 00s at 2026-09-05 14:44:10
Progress(8) at 2026-09-05 14:44:10: 146,292 states generated (14,804 s/min), 56,211 distinct states found (5,255 ds/min), 41,974 states left on queue.
Checking 32 branches of temporal properties for the current state space with 1363104 total distinct states at (2026-09-05 14:45:10)
Finished checking temporal properties in 00s at 2026-09-05 14:45:11
Progress(8) at 2026-09-05 14:45:11: 165,611 states generated (19,319 s/min), 63,128 distinct states found (6,917 ds/min), 46,570 states left on queue.
Checking 32 branches of temporal properties for the current state space with 1526372 total distinct states at (2026-09-05 14:46:11)
Finished checking temporal properties in 00s at 2026-09-05 14:46:12
Checkpointing of run /home/ubuntu/specula-vsr-runner-20260905/runs/vsr-rs-gpt6astra-ultra-20260905/vsr-rs/.specula-output/spec/output/tlc-tmp/tlc-states-qqhmgh/26-09-05-14-36-00.056
Checkpointing completed at (2026-09-05 14:46:12)
Progress(8) at 2026-09-05 14:46:12: 183,515 states generated (17,904 s/min), 70,092 distinct states found (6,964 ds/min), 51,554 states left on queue.
Checking 32 branches of temporal properties for the current state space with 1711580 total distinct states at (2026-09-05 14:47:12)
Finished checking temporal properties in 01s at 2026-09-05 14:47:13
Progress(9) at 2026-09-05 14:47:13: 204,773 states generated (21,258 s/min), 78,161 distinct states found (8,069 ds/min), 57,582 states left on queue.
Checking 32 branches of temporal properties for the current state space with 1912088 total distinct states at (2026-09-05 14:48:14)
Finished checking temporal properties in 01s at 2026-09-05 14:48:15
Progress(9) at 2026-09-05 14:48:15: 232,666 states generated (27,893 s/min), 87,674 distinct states found (9,513 ds/min), 64,128 states left on queue.
Progress(9) at 2026-09-05 14:49:15: 252,644 states generated (19,978 s/min), 94,746 distinct states found (7,072 ds/min), 68,940 states left on queue.
Checking 32 branches of temporal properties for the current state space with 2233096 total distinct states at (2026-09-05 14:50:15)
Finished checking temporal properties in 01s at 2026-09-05 14:50:17
Progress(9) at 2026-09-05 14:50:17: 274,118 states generated (21,474 s/min), 102,504 distinct states found (7,758 ds/min), 74,936 states left on queue.
Progress(9) at 2026-09-05 14:51:17: 289,706 states generated (15,588 s/min), 108,148 distinct states found (5,644 ds/min), 79,524 states left on queue.
Checking 32 branches of temporal properties for the current state space with 2495888 total distinct states at (2026-09-05 14:52:17)
Finished checking temporal properties in 01s at 2026-09-05 14:52:19
Progress(9) at 2026-09-05 14:52:19: 306,883 states generated (17,177 s/min), 114,512 distinct states found (6,364 ds/min), 84,416 states left on queue.
Progress(9) at 2026-09-05 14:53:19: 322,679 states generated (15,796 s/min), 119,635 distinct states found (5,123 ds/min), 88,271 states left on queue.
Progress(9) at 2026-09-05 14:54:19: 335,781 states generated (13,102 s/min), 123,489 distinct states found (3,854 ds/min), 91,081 states left on queue.
Checking 32 branches of temporal properties for the current state space with 2760768 total distinct states at (2026-09-05 14:55:19)
Finished checking temporal properties in 02s at 2026-09-05 14:55:22
Progress(9) at 2026-09-05 14:55:22: 347,723 states generated (11,942 s/min), 126,811 distinct states found (3,322 ds/min), 93,287 states left on queue.
Checkpointing of run /home/ubuntu/specula-vsr-runner-20260905/runs/vsr-rs-gpt6astra-ultra-20260905/vsr-rs/.specula-output/spec/output/tlc-tmp/tlc-states-qqhmgh/26-09-05-14-36-00.056
Checkpointing completed at (2026-09-05 14:56:22)
Progress(9) at 2026-09-05 14:56:22: 368,556 states generated (20,833 s/min), 134,300 distinct states found (7,489 ds/min), 98,491 states left on queue.
Checking 32 branches of temporal properties for the current state space with 3027756 total distinct states at (2026-09-05 14:57:22)
Finished checking temporal properties in 02s at 2026-09-05 14:57:25
Progress(9) at 2026-09-05 14:57:25: 382,416 states generated (13,860 s/min), 140,078 distinct states found (5,778 ds/min), 102,539 states left on queue.
Progress(9) at 2026-09-05 14:58:25: 396,762 states generated (14,346 s/min), 145,661 distinct states found (5,583 ds/min), 106,324 states left on queue.
Progress(9) at 2026-09-05 14:59:25: 412,202 states generated (15,440 s/min), 151,072 distinct states found (5,411 ds/min), 110,217 states left on queue.
Checking 32 branches of temporal properties for the current state space with 3371592 total distinct states at (2026-09-05 15:00:25)
Finished checking temporal properties in 02s at 2026-09-05 15:00:28
Progress(9) at 2026-09-05 15:00:28: 430,591 states generated (18,389 s/min), 156,898 distinct states found (5,826 ds/min), 114,123 states left on queue.
Progress(9) at 2026-09-05 15:01:28: 446,445 states generated (15,854 s/min), 162,520 distinct states found (5,622 ds/min), 117,899 states left on queue.
Progress(9) at 2026-09-05 15:02:28: 461,106 states generated (14,661 s/min), 167,241 distinct states found (4,721 ds/min), 121,093 states left on queue.
Checking 32 branches of temporal properties for the current state space with 3712748 total distinct states at (2026-09-05 15:03:28)
Finished checking temporal properties in 03s at 2026-09-05 15:03:31
Progress(9) at 2026-09-05 15:03:31: 478,130 states generated (17,024 s/min), 173,209 distinct states found (5,968 ds/min), 124,899 states left on queue.
Progress(9) at 2026-09-05 15:04:31: 491,752 states generated (13,622 s/min), 177,489 distinct states found (4,280 ds/min), 127,815 states left on queue.
Progress(9) at 2026-09-05 15:05:31: 505,527 states generated (13,775 s/min), 182,469 distinct states found (4,980 ds/min), 130,986 states left on queue.
