TLC2 Version 2026.09.23.154203 (rev: 4260e47)
Running breadth-first search Model-Checking with fp 52 and seed -5157976348994976261 with 4 workers on 96 cores with 3925MB heap and 12288MB offheap memory [pid: 220316] (Linux 6.8.0-1044-azure amd64, Ubuntu 21.0.11 64bit, OffHeapDiskFPSet, DiskStateQueue).
Parsing file /home/ubuntu/specula-nvflare-gpt-continuation-20260926/framework/runs/gpt-continuation/nvflare-job/.specula-output/spec/output/continuation-H4-live_finalize/MC.tla
Parsing file /home/ubuntu/specula-nvflare-gpt-continuation-20260926/framework/runs/gpt-continuation/nvflare-job/.specula-output/spec/output/continuation-H4-live_finalize/base.tla
Parsing file /tmp/tlc-3778187133734900895/_JsonTrace.tla (jar:file:/home/ubuntu/specula-nvflare-gpt-continuation-20260926/framework/lib/tla2tools.jar!/tla2sany/StandardModules/_JsonTrace.tla)
Parsing file /tmp/tlc-3778187133734900895/_TLCTrace.tla (jar:file:/home/ubuntu/specula-nvflare-gpt-continuation-20260926/framework/lib/tla2tools.jar!/tla2sany/StandardModules/_TLCTrace.tla)
Parsing file /tmp/tlc-3778187133734900895/Integers.tla (jar:file:/home/ubuntu/specula-nvflare-gpt-continuation-20260926/framework/lib/tla2tools.jar!/tla2sany/StandardModules/Integers.tla)
Parsing file /tmp/tlc-3778187133734900895/Sequences.tla (jar:file:/home/ubuntu/specula-nvflare-gpt-continuation-20260926/framework/lib/tla2tools.jar!/tla2sany/StandardModules/Sequences.tla)
Parsing file /tmp/tlc-3778187133734900895/FiniteSets.tla (jar:file:/home/ubuntu/specula-nvflare-gpt-continuation-20260926/framework/lib/tla2tools.jar!/tla2sany/StandardModules/FiniteSets.tla)
Parsing file /tmp/tlc-3778187133734900895/TLC.tla (jar:file:/home/ubuntu/specula-nvflare-gpt-continuation-20260926/framework/lib/tla2tools.jar!/tla2sany/StandardModules/TLC.tla)
Parsing file /tmp/tlc-3778187133734900895/Naturals.tla (jar:file:/home/ubuntu/specula-nvflare-gpt-continuation-20260926/framework/lib/tla2tools.jar!/tla2sany/StandardModules/Naturals.tla)
Parsing file /tmp/tlc-3778187133734900895/TLCExt.tla (jar:file:/home/ubuntu/specula-nvflare-gpt-continuation-20260926/framework/lib/tla2tools.jar!/tla2sany/StandardModules/TLCExt.tla)
Parsing file /tmp/tlc-3778187133734900895/Json.tla (jar:file:/home/ubuntu/specula-nvflare-gpt-continuation-20260926/framework/lib/tla2tools.jar!/tla2sany/StandardModules/Json.tla)
Semantic processing of module Naturals
Semantic processing of module Integers
Semantic processing of module Sequences
Semantic processing of module FiniteSets
Semantic processing of module TLC
Semantic processing of module base
Semantic processing of module TLCExt
Semantic processing of module Json
Semantic processing of module _JsonTrace
Semantic processing of module _TLCTrace
Semantic processing of module MC
Linting of module base
Linting of module TLCExt
Linting of module Json
Linting of module _JsonTrace
Linting of module _TLCTrace
Linting of module MC
Starting... (2026-09-26 17:45:30)
Implied-temporal checking--satisfiability problem has 1 branches.
Computing initial states...
Finished computing initial states: 1 distinct state generated at 2026-09-26 17:45:31.
Checking temporal properties for the current state space with 9890 total distinct states at (2026-09-26 17:45:34)
Finished checking temporal properties in 00s at 2026-09-26 17:45:34
Progress(23) at 2026-09-26 17:45:34: 30,658 states generated (30,658 s/min), 9,890 distinct states found (9,890 ds/min), 3,086 states left on queue.
Checking temporal properties for the current state space with 289364 total distinct states at (2026-09-26 17:46:34)
Finished checking temporal properties in 02s at 2026-09-26 17:46:36
Progress(33) at 2026-09-26 17:46:36: 1,059,392 states generated (1,028,734 s/min), 289,366 distinct states found (279,476 ds/min), 92,904 states left on queue.
Checking temporal properties for the current state space with 522726 total distinct states at (2026-09-26 17:47:36)
Finished checking temporal properties in 04s at 2026-09-26 17:47:40
Progress(34) at 2026-09-26 17:47:40: 1,994,444 states generated (935,052 s/min), 522,726 distinct states found (233,360 ds/min), 180,429 states left on queue.
Checking temporal properties for the current state space with 739984 total distinct states at (2026-09-26 17:48:40)
Finished checking temporal properties in 05s at 2026-09-26 17:48:46
Progress(35) at 2026-09-26 17:48:46: 2,882,921 states generated (888,477 s/min), 739,985 distinct states found (217,259 ds/min), 266,859 states left on queue.
Checking temporal properties for the current state space with 948812 total distinct states at (2026-09-26 17:49:46)
Finished checking temporal properties in 07s at 2026-09-26 17:49:54
Progress(36) at 2026-09-26 17:49:54: 3,759,255 states generated (876,334 s/min), 948,812 distinct states found (208,827 ds/min), 348,678 states left on queue.
Checking temporal properties for the current state space with 1146841 total distinct states at (2026-09-26 17:50:54)
Finished checking temporal properties in 09s at 2026-09-26 17:51:03
Progress(36) at 2026-09-26 17:51:03: 4,600,085 states generated (840,830 s/min), 1,146,841 distinct states found (198,029 ds/min), 435,379 states left on queue.
Checking temporal properties for the current state space with 1347325 total distinct states at (2026-09-26 17:52:03)
Finished checking temporal properties in 11s at 2026-09-26 17:52:15
Progress(36) at 2026-09-26 17:52:15: 5,443,765 states generated (843,680 s/min), 1,347,325 distinct states found (200,484 ds/min), 520,969 states left on queue.
Checking temporal properties for the current state space with 1543336 total distinct states at (2026-09-26 17:53:15)
Finished checking temporal properties in 13s at 2026-09-26 17:53:28
Progress(37) at 2026-09-26 17:53:28: 6,295,162 states generated (851,397 s/min), 1,543,338 distinct states found (196,013 ds/min), 599,813 states left on queue.
Checking temporal properties for the current state space with 1732532 total distinct states at (2026-09-26 17:54:28)
Finished checking temporal properties in 14s at 2026-09-26 17:54:43
Progress(37) at 2026-09-26 17:54:43: 7,106,365 states generated (811,203 s/min), 1,732,532 distinct states found (189,194 ds/min), 683,211 states left on queue.
Checking temporal properties for the current state space with 1916916 total distinct states at (2026-09-26 17:55:43)
Finished checking temporal properties in 17s at 2026-09-26 17:56:00
Checkpointing of run /home/ubuntu/specula-nvflare-gpt-continuation-20260926/framework/runs/gpt-continuation/nvflare-job/.specula-output/.tlc-state/tlc-states-ruoUGe/26-09-26-17-45-29.759
Checkpointing completed at (2026-09-26 17:56:01)
Progress(37) at 2026-09-26 17:56:01: 7,935,757 states generated (829,392 s/min), 1,916,963 distinct states found (184,431 ds/min), 763,861 states left on queue.
Checking temporal properties for the current state space with 2112406 total distinct states at (2026-09-26 17:57:01)
Finished checking temporal properties in 18s at 2026-09-26 17:57:19
Progress(37) at 2026-09-26 17:57:19: 8,769,804 states generated (834,047 s/min), 2,112,406 distinct states found (195,443 ds/min), 848,751 states left on queue.
Progress(37) at 2026-09-26 17:58:19: 9,606,912 states generated (837,108 s/min), 2,293,704 distinct states found (181,298 ds/min), 919,268 states left on queue.
Checking temporal properties for the current state space with 2478061 total distinct states at (2026-09-26 17:59:19)
Finished checking temporal properties in 20s at 2026-09-26 17:59:40
Progress(37) at 2026-09-26 17:59:40: 10,461,227 states generated (854,315 s/min), 2,478,061 distinct states found (184,357 ds/min), 990,469 states left on queue.
Progress(38) at 2026-09-26 18:00:40: 11,309,277 states generated (848,050 s/min), 2,684,533 distinct states found (206,472 ds/min), 1,072,611 states left on queue.
Checking temporal properties for the current state space with 2854343 total distinct states at (2026-09-26 18:01:40)
Finished checking temporal properties in 23s at 2026-09-26 18:02:03
Progress(38) at 2026-09-26 18:02:03: 12,102,995 states generated (793,718 s/min), 2,854,346 distinct states found (169,813 ds/min), 1,151,622 states left on queue.
Progress(38) at 2026-09-26 18:03:03: 12,922,456 states generated (819,461 s/min), 3,017,849 distinct states found (163,503 ds/min), 1,224,388 states left on queue.
Checking temporal properties for the current state space with 3201127 total distinct states at (2026-09-26 18:04:03)
Finished checking temporal properties in 28s at 2026-09-26 18:04:32
Progress(38) at 2026-09-26 18:04:32: 13,758,449 states generated (835,993 s/min), 3,201,127 distinct states found (183,278 ds/min), 1,298,032 states left on queue.
