source_head=0c010ce5fe8c0180aa7573c72fe8fc87c6df7025
run=level0_missing_current_public_reset
status=0 log=/home/ubuntu/temporal-investigation-20260909/overnight-20260909/specula-engine/runs/temporal-reset-20260909-restart-1600/temporal-reset/.specula-output/confirmation/CR-2/repro-logs/level0_missing_current_public_reset.log
1:=== RUN   TestResetWorkflowTestSuite
4:=== RUN   TestResetWorkflowTestSuite/TestResetWorkflowByRunID_CurrentExecutionMissing
990:--- PASS: TestResetWorkflowTestSuite (0.00s)
991:    --- PASS: TestResetWorkflowTestSuite/TestResetWorkflowByRunID_CurrentExecutionMissing (6.61s)
992:PASS
993:ok  	go.temporal.io/server/tests	6.652s
run=level2_missing_current_create_rejected_then_retry
status=0 log=/home/ubuntu/temporal-investigation-20260909/overnight-20260909/specula-engine/runs/temporal-reset-20260909-restart-1600/temporal-reset/.specula-output/confirmation/CR-2/repro-logs/level2_missing_current_create_rejected_then_retry.log
1:=== RUN   TestWorkflowResetTestSuite
4:=== RUN   TestWorkflowResetTestSuite/TestAnalysisMissingCurrentRecovery
7:=== RUN   TestWorkflowResetTestSuite/TestAnalysisMissingCurrentRecovery/create-rejected
9:=== RUN   TestWorkflowResetTestSuite/TestAnalysisMissingCurrentRecovery/competing-start
543:    reset_recovery_analysis_test.go:89: scenario=create-rejected checkpoint=base-written base=01a088ef-d1d2-783b-8b78-6d05e1764d09 deleted=01a088ef-d1e7-7c77-bb52-a83e2dfa7998 request=e4ed340a-ed3f-4b9a-8cde-101461852758 candidate=b30cf1c7-fb52-41aa-8d52-49132d9ae849 baseLink=b30cf1c7-fb52-41aa-8d52-49132d9ae849 recordVersion=9
544:    reset_recovery_analysis_test.go:99: scenario=create-rejected firstResponse=<nil> firstError=reset analysis: create not submitted attempts=1 competitor=
654:    reset_recovery_analysis_test.go:142: scenario=create-rejected checkpoint=recovered reset=5f96e204-3084-4a1d-8c2b-df62400f67c7 current=5f96e204-3084-4a1d-8c2b-df62400f67c7 baseLink=5f96e204-3084-4a1d-8c2b-df62400f67c7 createRequestID=1459bfe7-be7a-4440-8b13-60fc135fd41f completedStatus=Completed
758:    reset_recovery_analysis_test.go:159: scenario=create-rejected checkpoint=base-deleted-reset-readable reset=5f96e204-3084-4a1d-8c2b-df62400f67c7 events=8
1400:    reset_recovery_analysis_test.go:89: scenario=competing-start checkpoint=base-written base=01a088ef-f129-799c-a619-1a495ee8d579 deleted=01a088ef-f15d-726a-b4ac-14f04b95a54a request=0af8951a-eaaf-4934-9708-65b31715f75a candidate=1f519647-dcfa-47f1-807d-39fb094038b6 baseLink=1f519647-dcfa-47f1-807d-39fb094038b6 recordVersion=9
1410:    reset_recovery_analysis_test.go:95: scenario=competing-start checkpoint=start-committed competitor=01a088f0-00c8-7227-9c79-773134b8e8d9 shardIOConcurrency=2
1427:    reset_recovery_analysis_test.go:99: scenario=competing-start firstResponse=run_id:"69d74465-3300-44a5-9365-4c4f164fbcb7" firstError=<nil> attempts=1 competitor=01a088f0-00c8-7227-9c79-773134b8e8d9
1518:    reset_recovery_analysis_test.go:142: scenario=competing-start checkpoint=recovered reset=69d74465-3300-44a5-9365-4c4f164fbcb7 current=69d74465-3300-44a5-9365-4c4f164fbcb7 baseLink=69d74465-3300-44a5-9365-4c4f164fbcb7 createRequestID=d2368675-1e72-4a1a-89ad-97380372e9ab completedStatus=Completed
1658:--- PASS: TestWorkflowResetTestSuite (0.00s)
1659:    --- PASS: TestWorkflowResetTestSuite/TestAnalysisMissingCurrentRecovery (0.00s)
1660:        --- PASS: TestWorkflowResetTestSuite/TestAnalysisMissingCurrentRecovery/create-rejected (8.04s)
1661:        --- PASS: TestWorkflowResetTestSuite/TestAnalysisMissingCurrentRecovery/competing-start (4.10s)
1662:PASS
1663:ok  	go.temporal.io/server/tests	12.179s
conclusion=missing_current_split_state_recovered_after_retry
