TLC2 Version 2026.08.11.125311 (rev: 0894c34)
Running breadth-first search Model-Checking with fp 107 and seed 5196942516528213846 with 1 worker on 96 cores with 3641MB heap and 64MB offheap memory [pid: 2928106] (Linux 6.8.0-1044-azure amd64, Ubuntu 21.0.11 64bit, MSBDiskFPSet, DiskStateQueue).
Parsing file /home/ubuntu/specula-vsr-runner-20260905/runs/vsr-rs-gpt6astra-ultra-round2-live-20260905/vsr-rs/.specula-output/spec/Trace.tla
Parsing file /home/ubuntu/specula-vsr-runner-20260905/runs/vsr-rs-gpt6astra-ultra-round2-live-20260905/vsr-rs/.specula-output/spec/base.tla
Parsing file /tmp/tlc-6601720583394988436/Json.tla (jar:file:/home/ubuntu/Specula-incremental-dataset-100-20260819/tools/tla2tools.jar!/tla2sany/StandardModules/Json.tla)
Parsing file /tmp/tlc-6601720583394988436/IOUtils.tla (jar:file:/home/ubuntu/Specula-incremental-dataset-100-20260819/tools/CommunityModules-deps.jar!/IOUtils.tla)
Parsing file /tmp/tlc-6601720583394988436/_TLCTrace.tla (jar:file:/home/ubuntu/Specula-incremental-dataset-100-20260819/tools/tla2tools.jar!/tla2sany/StandardModules/_TLCTrace.tla)
Parsing file /tmp/tlc-6601720583394988436/Integers.tla (jar:file:/home/ubuntu/Specula-incremental-dataset-100-20260819/tools/tla2tools.jar!/tla2sany/StandardModules/Integers.tla)
Parsing file /tmp/tlc-6601720583394988436/Sequences.tla (jar:file:/home/ubuntu/Specula-incremental-dataset-100-20260819/tools/tla2tools.jar!/tla2sany/StandardModules/Sequences.tla)
Parsing file /tmp/tlc-6601720583394988436/FiniteSets.tla (jar:file:/home/ubuntu/Specula-incremental-dataset-100-20260819/tools/tla2tools.jar!/tla2sany/StandardModules/FiniteSets.tla)
Parsing file /tmp/tlc-6601720583394988436/TLC.tla (jar:file:/home/ubuntu/Specula-incremental-dataset-100-20260819/tools/tla2tools.jar!/tla2sany/StandardModules/TLC.tla)
Parsing file /tmp/tlc-6601720583394988436/Naturals.tla (jar:file:/home/ubuntu/Specula-incremental-dataset-100-20260819/tools/tla2tools.jar!/tla2sany/StandardModules/Naturals.tla)
Parsing file /tmp/tlc-6601720583394988436/TLCExt.tla (jar:file:/home/ubuntu/Specula-incremental-dataset-100-20260819/tools/tla2tools.jar!/tla2sany/StandardModules/TLCExt.tla)
Semantic processing of module Naturals
Semantic processing of module Integers
Semantic processing of module Sequences
Semantic processing of module FiniteSets
Semantic processing of module TLC
Semantic processing of module base
Semantic processing of module Json
Semantic processing of module IOUtils
Semantic processing of module TLCExt
Semantic processing of module _TLCTrace
Semantic processing of module Trace
Linting of module base
Linting of module Json
Linting of module IOUtils
Linting of module TLCExt
Linting of module _TLCTrace
Linting of module Trace
Starting... (2026-09-05 18:51:15)
Implied-temporal checking--satisfiability problem has 1 branches.
Computing initial states...
Finished computing initial states: 1 distinct state generated at 2026-09-05 18:51:15.
Progress(36) at 2026-09-05 18:51:15: 37 states generated, 36 distinct states found, 0 states left on queue.
Checking temporal properties for the complete state space with 36 total distinct states at (2026-09-05 18:51:15)
Finished checking temporal properties in 00s at 2026-09-05 18:51:15
Model checking completed. No error has been found.
  Estimates of the probability that TLC did not check all reachable states
  because two distinct states had the same fingerprint:
  calculated (optimistic):  val = 2.0E-18
37 states generated, 36 distinct states found, 0 states left on queue.
The depth of the complete state graph search is 36.
The average outdegree of the complete state graph is 1 (minimum is 0, the maximum 1 and the 95th percentile is 1).
Finished in 00s at (2026-09-05 18:51:15)
