CR-12 reproduction output
{
  "empty_consume_control": "",
  "gpu_job": {
    "child": {
      "CUDA_VISIBLE_DEVICES": "0",
      "pid": 3109460
    },
    "parent_env_after": "0",
    "rm_spec": {
      "mem_per_gpu_in_GiB": 16,
      "num_of_gpus": 1
    },
    "start_reply": "Start the client app..."
  },
  "hardware_probe_stub": "2 GPUs, 16 GiB each",
  "resource_report_after": {
    "reserved_resources": {},
    "resources": [
      {
        "gpu_id": 0,
        "memory": 16
      },
      {
        "gpu_id": 1,
        "memory": 16
      }
    ]
  },
  "source": "/home/ubuntu/specula-nvflare-gpt-continuation-20260926/framework/runs/gpt-continuation/nvflare-job/.specula-output/confirmation/CR-12/worktree",
  "zero_after": {
    "child": {
      "CUDA_VISIBLE_DEVICES": "0",
      "pid": 3109462
    },
    "parent_env_after": "0",
    "rm_spec": {},
    "start_reply": "Start the client app..."
  },
  "zero_before": {
    "child": {
      "CUDA_VISIBLE_DEVICES": "<unset>",
      "pid": 3109458
    },
    "parent_env_after": "<unset>",
    "rm_spec": {},
    "start_reply": "Start the client app..."
  }
}
RESULT: REPRODUCED - later zero/empty-allocation job inherited stale CUDA_VISIBLE_DEVICES=0
