[0;32m================================[0m
[0;32mTLC Model Checking Mode[0m
[0;32m================================[0m
Spec File:       MC.tla
Config File:     MC_hunt_live_finalize.cfg
Memory Limit:    4G
Off-heap Memory: 12G
Workers:         4
Timeout:         30 minutes
[0;34m--- Model Checking Settings ---[0m
Depth Limit:     0
Checkpoint:      10 minutes
Log File:        /home/ubuntu/specula-nvflare-gpt-continuation-20260926/framework/runs/gpt-continuation/nvflare-job/.specula-output/.tlc-tasks/jobs/04906cc26d1d46dfa3e6ec1104cd423a/tlc.log
[0;32m================================[0m
[1;33mExecuting Command:[0m
java -XX:+UseParallelGC -Dtlc2.tool.fp.FPSet.impl=tlc2.tool.fp.OffHeapDiskFPSet -XX:MaxDirectMemorySize=12G -Xmx4G -Xms4G -cp /home/ubuntu/specula-nvflare-gpt-continuation-20260926/framework/lib/CommunityModules-deps.jar:/home/ubuntu/specula-nvflare-gpt-continuation-20260926/framework/lib/tla2tools.jar tlc2.TLC -config MC_hunt_live_finalize.cfg MC.tla -workers 4 -deadlock -checkpoint 10 -dumptrace json /home/ubuntu/specula-nvflare-gpt-continuation-20260926/framework/runs/gpt-continuation/nvflare-job/.specula-output/spec/output/continuation-H3-live_finalize/counterexample.json -metadir /home/ubuntu/specula-nvflare-gpt-continuation-20260926/framework/runs/gpt-continuation/nvflare-job/.specula-output/.tlc-state/tlc-states-DYIfBM 

TLC resource budget (Specula run gpt-continuation):
  memory source: user config (64G)
  external memory use: not included in this configured run bound
  memory limit: 64 GiB
  active TLC reserved before request: 32 GiB (this agent: 32 GiB)
  this request: 16 GiB (heap 4 GiB + off-heap 12 GiB)
  remaining before request: 32 GiB
  remaining after admission: 16 GiB
  worker limit: 16
  active TLC workers before request: 8 (this agent: 8)
  this request workers: 4 (4)
  remaining workers before request: 8
  remaining workers after admission: 4
  result: admitted
TLC2 Version 2026.09.23.154203 (rev: 4260e47)
Running breadth-first search Model-Checking with fp 124 and seed 5705915763542516426 with 4 workers on 16 cores with 3925MB heap and 12288MB offheap memory [pid: 3575436] (Linux 6.8.0-1044-azure amd64, Ubuntu 21.0.11 64bit, OffHeapDiskFPSet, DiskStateQueue).
Parsing file /home/ubuntu/specula-nvflare-gpt-continuation-20260926/framework/runs/gpt-continuation/nvflare-job/.specula-output/spec/output/continuation-H3-live_finalize/MC.tla
Parsing file /home/ubuntu/specula-nvflare-gpt-continuation-20260926/framework/runs/gpt-continuation/nvflare-job/.specula-output/spec/output/continuation-H3-live_finalize/base.tla
Parsing file /tmp/tlc-2748085296585099886/_JsonTrace.tla (jar:file:/home/ubuntu/specula-nvflare-gpt-continuation-20260926/framework/lib/tla2tools.jar!/tla2sany/StandardModules/_JsonTrace.tla)
Parsing file /tmp/tlc-2748085296585099886/_TLCTrace.tla (jar:file:/home/ubuntu/specula-nvflare-gpt-continuation-20260926/framework/lib/tla2tools.jar!/tla2sany/StandardModules/_TLCTrace.tla)
Parsing file /tmp/tlc-2748085296585099886/Integers.tla (jar:file:/home/ubuntu/specula-nvflare-gpt-continuation-20260926/framework/lib/tla2tools.jar!/tla2sany/StandardModules/Integers.tla)
Parsing file /tmp/tlc-2748085296585099886/Sequences.tla (jar:file:/home/ubuntu/specula-nvflare-gpt-continuation-20260926/framework/lib/tla2tools.jar!/tla2sany/StandardModules/Sequences.tla)
Parsing file /tmp/tlc-2748085296585099886/FiniteSets.tla (jar:file:/home/ubuntu/specula-nvflare-gpt-continuation-20260926/framework/lib/tla2tools.jar!/tla2sany/StandardModules/FiniteSets.tla)
Parsing file /tmp/tlc-2748085296585099886/TLC.tla (jar:file:/home/ubuntu/specula-nvflare-gpt-continuation-20260926/framework/lib/tla2tools.jar!/tla2sany/StandardModules/TLC.tla)
Parsing file /tmp/tlc-2748085296585099886/Naturals.tla (jar:file:/home/ubuntu/specula-nvflare-gpt-continuation-20260926/framework/lib/tla2tools.jar!/tla2sany/StandardModules/Naturals.tla)
Parsing file /tmp/tlc-2748085296585099886/TLCExt.tla (jar:file:/home/ubuntu/specula-nvflare-gpt-continuation-20260926/framework/lib/tla2tools.jar!/tla2sany/StandardModules/TLCExt.tla)
Parsing file /tmp/tlc-2748085296585099886/Json.tla (jar:file:/home/ubuntu/specula-nvflare-gpt-continuation-20260926/framework/lib/tla2tools.jar!/tla2sany/StandardModules/Json.tla)
Semantic processing of module Naturals
Semantic processing of module Integers
Semantic processing of module Sequences
Semantic processing of module FiniteSets
Semantic processing of module TLC
Semantic processing of module base
Semantic processing of module TLCExt
Semantic processing of module Json
Semantic processing of module _JsonTrace
Semantic processing of module _TLCTrace
Semantic processing of module MC
Linting of module base
Linting of module TLCExt
Linting of module Json
Linting of module _JsonTrace
Linting of module _TLCTrace
Linting of module MC
Starting... (2026-09-26 13:20:33)
Implied-temporal checking--satisfiability problem has 1 branches.
Computing initial states...
Finished computing initial states: 1 distinct state generated at 2026-09-26 13:20:35.
Checking temporal properties for the current state space with 7440 total distinct states at (2026-09-26 13:20:38)
Finished checking temporal properties in 00s at 2026-09-26 13:20:38
Progress(22) at 2026-09-26 13:20:38: 22,475 states generated (22,475 s/min), 7,440 distinct states found (7,440 ds/min), 2,301 states left on queue.
Checking temporal properties for the current state space with 258324 total distinct states at (2026-09-26 13:21:38)
Finished checking temporal properties in 01s at 2026-09-26 13:21:40
Progress(33) at 2026-09-26 13:21:40: 950,291 states generated (927,816 s/min), 258,325 distinct states found (250,885 ds/min), 80,318 states left on queue.
Checking temporal properties for the current state space with 472304 total distinct states at (2026-09-26 13:22:40)
Finished checking temporal properties in 03s at 2026-09-26 13:22:43
Progress(34) at 2026-09-26 13:22:43: 1,808,224 states generated (857,933 s/min), 472,305 distinct states found (213,980 ds/min), 163,375 states left on queue.
Checking temporal properties for the current state space with 673927 total distinct states at (2026-09-26 13:23:43)
Finished checking temporal properties in 05s at 2026-09-26 13:23:48
Progress(35) at 2026-09-26 13:23:48: 2,633,743 states generated (825,519 s/min), 673,928 distinct states found (201,623 ds/min), 244,747 states left on queue.
Checking temporal properties for the current state space with 866672 total distinct states at (2026-09-26 13:24:48)
Finished checking temporal properties in 06s at 2026-09-26 13:24:55
Progress(35) at 2026-09-26 13:24:55: 3,443,511 states generated (809,768 s/min), 866,672 distinct states found (192,744 ds/min), 324,095 states left on queue.
Checking temporal properties for the current state space with 1050512 total distinct states at (2026-09-26 13:25:55)
Finished checking temporal properties in 08s at 2026-09-26 13:26:03
Progress(36) at 2026-09-26 13:26:03: 4,214,676 states generated (771,165 s/min), 1,050,515 distinct states found (183,843 ds/min), 406,301 states left on queue.
Checking temporal properties for the current state space with 1237196 total distinct states at (2026-09-26 13:27:03)
Finished checking temporal properties in 09s at 2026-09-26 13:27:13
Progress(36) at 2026-09-26 13:27:13: 4,995,320 states generated (780,644 s/min), 1,237,196 distinct states found (186,681 ds/min), 487,496 states left on queue.
Checking temporal properties for the current state space with 1417125 total distinct states at (2026-09-26 13:28:13)
Finished checking temporal properties in 10s at 2026-09-26 13:28:24
Progress(36) at 2026-09-26 13:28:24: 5,785,052 states generated (789,732 s/min), 1,417,125 distinct states found (179,929 ds/min), 560,931 states left on queue.
