TLC2 Version 2026.09.04.170753 (rev: b123b22)
Running breadth-first search Model-Checking with fp 43 and seed 224695023140071507 with 5 workers on 96 cores with 3925MB heap and 16384MB offheap memory [pid: 163480] (Linux 6.8.0-1044-azure amd64, Ubuntu 21.0.11 64bit, OffHeapDiskFPSet, DiskStateQueue).
Parsing file /home/ubuntu/specula-vsr-runner-20260905/runs/vsr-rs-gpt6astra-ultra-20260905/vsr-rs/.specula-output/spec/output/MC_hunt_scenario2_bfs/MC.tla
Parsing file /home/ubuntu/specula-vsr-runner-20260905/runs/vsr-rs-gpt6astra-ultra-20260905/vsr-rs/.specula-output/spec/output/MC_hunt_scenario2_bfs/base.tla
Parsing file /tmp/tlc-12360343095318134276/_JsonTrace.tla (jar:file:/home/ubuntu/specula-vsr-runner-20260905/lib/tla2tools.jar!/tla2sany/StandardModules/_JsonTrace.tla)
Parsing file /tmp/tlc-12360343095318134276/_TLCTrace.tla (jar:file:/home/ubuntu/specula-vsr-runner-20260905/lib/tla2tools.jar!/tla2sany/StandardModules/_TLCTrace.tla)
Parsing file /tmp/tlc-12360343095318134276/Naturals.tla (jar:file:/home/ubuntu/specula-vsr-runner-20260905/lib/tla2tools.jar!/tla2sany/StandardModules/Naturals.tla)
Parsing file /tmp/tlc-12360343095318134276/Integers.tla (jar:file:/home/ubuntu/specula-vsr-runner-20260905/lib/tla2tools.jar!/tla2sany/StandardModules/Integers.tla)
Parsing file /tmp/tlc-12360343095318134276/Sequences.tla (jar:file:/home/ubuntu/specula-vsr-runner-20260905/lib/tla2tools.jar!/tla2sany/StandardModules/Sequences.tla)
Parsing file /tmp/tlc-12360343095318134276/FiniteSets.tla (jar:file:/home/ubuntu/specula-vsr-runner-20260905/lib/tla2tools.jar!/tla2sany/StandardModules/FiniteSets.tla)
Parsing file /tmp/tlc-12360343095318134276/Bags.tla (jar:file:/home/ubuntu/specula-vsr-runner-20260905/lib/tla2tools.jar!/tla2sany/StandardModules/Bags.tla)
Parsing file /tmp/tlc-12360343095318134276/TLC.tla (jar:file:/home/ubuntu/specula-vsr-runner-20260905/lib/tla2tools.jar!/tla2sany/StandardModules/TLC.tla)
Parsing file /tmp/tlc-12360343095318134276/TLCExt.tla (jar:file:/home/ubuntu/specula-vsr-runner-20260905/lib/tla2tools.jar!/tla2sany/StandardModules/TLCExt.tla)
Parsing file /tmp/tlc-12360343095318134276/Json.tla (jar:file:/home/ubuntu/specula-vsr-runner-20260905/lib/tla2tools.jar!/tla2sany/StandardModules/Json.tla)
Semantic processing of module Naturals
Semantic processing of module Integers
Semantic processing of module Sequences
Semantic processing of module FiniteSets
Semantic processing of module TLC
Semantic processing of module Bags
Semantic processing of module base
Semantic processing of module TLCExt
Semantic processing of module Json
Semantic processing of module _JsonTrace
Semantic processing of module _TLCTrace
Semantic processing of module MC
Linting of module base
Linting of module TLCExt
Linting of module Json
Linting of module _JsonTrace
Linting of module _TLCTrace
Linting of module MC
Starting... (2026-09-05 14:36:00)
Computing initial states...
Finished computing initial states: 1 distinct state generated at 2026-09-05 14:36:02.
Progress(9) at 2026-09-05 14:36:05: 282,940 states generated (282,940 s/min), 83,511 distinct states found (83,511 ds/min), 58,748 states left on queue.
Progress(12) at 2026-09-05 14:37:05: 7,739,915 states generated (7,456,975 s/min), 1,842,400 distinct states found (1,758,889 ds/min), 1,198,506 states left on queue.
Progress(13) at 2026-09-05 14:38:05: 15,284,838 states generated (7,544,923 s/min), 3,547,635 distinct states found (1,705,235 ds/min), 2,266,014 states left on queue.
Progress(13) at 2026-09-05 14:39:05: 22,569,695 states generated (7,284,857 s/min), 5,039,379 distinct states found (1,491,744 ds/min), 3,192,383 states left on queue.
Progress(14) at 2026-09-05 14:40:05: 29,854,178 states generated (7,284,483 s/min), 6,585,291 distinct states found (1,545,912 ds/min), 4,163,659 states left on queue.
Progress(14) at 2026-09-05 14:41:05: 37,419,141 states generated (7,564,963 s/min), 8,263,640 distinct states found (1,678,349 ds/min), 5,154,088 states left on queue.
Progress(14) at 2026-09-05 14:42:05: 45,346,740 states generated (7,927,599 s/min), 9,841,929 distinct states found (1,578,289 ds/min), 6,143,324 states left on queue.
Progress(14) at 2026-09-05 14:43:05: 52,779,069 states generated (7,432,329 s/min), 11,257,936 distinct states found (1,416,007 ds/min), 7,000,907 states left on queue.
Progress(14) at 2026-09-05 14:44:05: 59,912,889 states generated (7,133,820 s/min), 12,643,646 distinct states found (1,385,710 ds/min), 7,832,589 states left on queue.
Progress(14) at 2026-09-05 14:45:05: 66,924,264 states generated (7,011,375 s/min), 14,091,771 distinct states found (1,448,125 ds/min), 8,687,127 states left on queue.
Checkpointing of run /home/ubuntu/specula-vsr-runner-20260905/runs/vsr-rs-gpt6astra-ultra-20260905/vsr-rs/.specula-output/spec/output/tlc-tmp/tlc-states-jb1YtA/26-09-05-14-36-00.014
Checkpointing completed at (2026-09-05 14:46:05)
Progress(15) at 2026-09-05 14:46:05: 74,084,412 states generated (7,160,148 s/min), 15,518,563 distinct states found (1,426,792 ds/min), 9,553,106 states left on queue.
Progress(15) at 2026-09-05 14:47:05: 81,626,051 states generated (7,541,639 s/min), 17,048,888 distinct states found (1,530,325 ds/min), 10,544,816 states left on queue.
Progress(15) at 2026-09-05 14:48:05: 88,929,424 states generated (7,303,373 s/min), 18,560,974 distinct states found (1,512,086 ds/min), 11,467,245 states left on queue.
Progress(15) at 2026-09-05 14:49:05: 96,606,155 states generated (7,676,731 s/min), 20,165,053 distinct states found (1,604,079 ds/min), 12,366,924 states left on queue.
Progress(15) at 2026-09-05 14:50:05: 104,294,654 states generated (7,688,499 s/min), 21,718,209 distinct states found (1,553,156 ds/min), 13,250,999 states left on queue.
Progress(15) at 2026-09-05 14:51:05: 112,368,256 states generated (8,073,602 s/min), 23,222,463 distinct states found (1,504,254 ds/min), 14,154,450 states left on queue.
Progress(15) at 2026-09-05 14:52:05: 119,961,323 states generated (7,593,067 s/min), 24,639,711 distinct states found (1,417,248 ds/min), 15,017,570 states left on queue.
Progress(15) at 2026-09-05 14:53:05: 127,159,748 states generated (7,198,425 s/min), 25,964,175 distinct states found (1,324,464 ds/min), 15,825,900 states left on queue.
Progress(15) at 2026-09-05 14:54:05: 134,450,876 states generated (7,291,128 s/min), 27,273,383 distinct states found (1,309,208 ds/min), 16,623,884 states left on queue.
Progress(15) at 2026-09-05 14:55:05: 141,722,320 states generated (7,271,444 s/min), 28,608,959 distinct states found (1,335,576 ds/min), 17,391,627 states left on queue.
Checkpointing of run /home/ubuntu/specula-vsr-runner-20260905/runs/vsr-rs-gpt6astra-ultra-20260905/vsr-rs/.specula-output/spec/output/tlc-tmp/tlc-states-jb1YtA/26-09-05-14-36-00.014
Checkpointing completed at (2026-09-05 14:56:05)
Progress(15) at 2026-09-05 14:56:05: 148,969,641 states generated (7,247,321 s/min), 29,981,746 distinct states found (1,372,787 ds/min), 18,214,175 states left on queue.
Progress(15) at 2026-09-05 14:57:05: 156,117,477 states generated (7,147,836 s/min), 31,329,891 distinct states found (1,348,145 ds/min), 19,005,756 states left on queue.
Progress(15) at 2026-09-05 14:58:05: 163,117,037 states generated (6,999,560 s/min), 32,610,800 distinct states found (1,280,909 ds/min), 19,757,936 states left on queue.
Progress(15) at 2026-09-05 14:59:05: 170,168,739 states generated (7,051,702 s/min), 33,995,800 distinct states found (1,385,000 ds/min), 20,557,864 states left on queue.
Progress(15) at 2026-09-05 15:00:05: 177,050,882 states generated (6,882,143 s/min), 35,383,687 distinct states found (1,387,887 ds/min), 21,371,329 states left on queue.
Progress(15) at 2026-09-05 15:01:05: 184,395,434 states generated (7,344,552 s/min), 36,759,422 distinct states found (1,375,735 ds/min), 22,170,382 states left on queue.
Progress(15) at 2026-09-05 15:02:05: 191,503,956 states generated (7,108,522 s/min), 38,058,978 distinct states found (1,299,556 ds/min), 22,914,488 states left on queue.
Progress(16) at 2026-09-05 15:03:05: 198,810,297 states generated (7,306,341 s/min), 39,605,834 distinct states found (1,546,856 ds/min), 23,879,205 states left on queue.
Progress(16) at 2026-09-05 15:04:05: 206,705,771 states generated (7,895,474 s/min), 41,174,610 distinct states found (1,568,776 ds/min), 24,895,254 states left on queue.
Progress(16) at 2026-09-05 15:05:05: 214,061,904 states generated (7,356,133 s/min), 42,502,326 distinct states found (1,327,716 ds/min), 25,730,664 states left on queue.
