TLC2 Version 2026.07.14.071606 (rev: 227f61b)
Running breadth-first search Model-Checking with fp 72 and seed 8637428926434986921 with 12 workers on 36 cores with 5888MB heap and 3072MB offheap memory [pid: 448121] (Linux 6.8.0-110-generic amd64, Ubuntu 21.0.10 64bit, OffHeapDiskFPSet, DiskStateQueue).
Parsing file /home/ubuntu/Specula/runs/slatedb-dist-compaction-20260721-213543/slatedb-dist-compaction/.specula-output/spec/MC.tla
Parsing file /home/ubuntu/Specula/runs/slatedb-dist-compaction-20260721-213543/slatedb-dist-compaction/.specula-output/spec/base.tla
Parsing file /tmp/tlc-3618053203127195646/_JsonTrace.tla (jar:file:/home/ubuntu/Specula/lib/tla2tools.jar!/tla2sany/StandardModules/_JsonTrace.tla)
Parsing file /tmp/tlc-3618053203127195646/_TLCTrace.tla (jar:file:/home/ubuntu/Specula/lib/tla2tools.jar!/tla2sany/StandardModules/_TLCTrace.tla)
Parsing file /tmp/tlc-3618053203127195646/Integers.tla (jar:file:/home/ubuntu/Specula/lib/tla2tools.jar!/tla2sany/StandardModules/Integers.tla)
Parsing file /tmp/tlc-3618053203127195646/FiniteSets.tla (jar:file:/home/ubuntu/Specula/lib/tla2tools.jar!/tla2sany/StandardModules/FiniteSets.tla)
Parsing file /tmp/tlc-3618053203127195646/Sequences.tla (jar:file:/home/ubuntu/Specula/lib/tla2tools.jar!/tla2sany/StandardModules/Sequences.tla)
Parsing file /tmp/tlc-3618053203127195646/TLC.tla (jar:file:/home/ubuntu/Specula/lib/tla2tools.jar!/tla2sany/StandardModules/TLC.tla)
Parsing file /tmp/tlc-3618053203127195646/Naturals.tla (jar:file:/home/ubuntu/Specula/lib/tla2tools.jar!/tla2sany/StandardModules/Naturals.tla)
Parsing file /tmp/tlc-3618053203127195646/TLCExt.tla (jar:file:/home/ubuntu/Specula/lib/tla2tools.jar!/tla2sany/StandardModules/TLCExt.tla)
Parsing file /tmp/tlc-3618053203127195646/Json.tla (jar:file:/home/ubuntu/Specula/lib/tla2tools.jar!/tla2sany/StandardModules/Json.tla)
Semantic processing of module Naturals
Semantic processing of module Integers
Semantic processing of module Sequences
Semantic processing of module FiniteSets
Semantic processing of module TLC
Semantic processing of module base
Semantic processing of module TLCExt
Semantic processing of module Json
Semantic processing of module _JsonTrace
Semantic processing of module _TLCTrace
Semantic processing of module MC
Linting of module base
Linting of module TLCExt
Linting of module Json
Linting of module _JsonTrace
Linting of module _TLCTrace
Linting of module MC
Starting... (2026-07-22 01:23:46)
Computing initial states...
Finished computing initial states: 1 distinct state generated at 2026-07-22 01:23:48.
Error: Invariant BoundedRunningClaims is violated.
Error: The behavior up to this point is:
State 1: <Initial predicate>
/\ coordManifestRefs = {"s0", "s1", "s2"}
/\ bufferedCtx = (w1 :> {} @@ w2 :> {})
/\ checkpointRefs = [j1 |-> {}, j2 |-> {}, j3 |-> {}]
/\ manifestVersion = 1
/\ coordSeenManifestVersion = 0
/\ durJob = [ j1 |->
      [ status |-> "Absent",
        worker |-> "Nil",
        lastHb |-> 0,
        origin |-> "NoOrigin",
        retry |-> "NoRetry",
        ctx |-> FALSE,
        output |-> FALSE,
        submittedTs |-> 0 ],
  j2 |->
      [ status |-> "Absent",
        worker |-> "Nil",
        lastHb |-> 0,
        origin |-> "NoOrigin",
        retry |-> "NoRetry",
        ctx |-> FALSE,
        output |-> FALSE,
        submittedTs |-> 0 ],
  j3 |->
      [ status |-> "Absent",
        worker |-> "Nil",
        lastHb |-> 0,
        origin |-> "NoOrigin",
        retry |-> "NoRetry",
        ctx |-> FALSE,
        output |-> FALSE,
        submittedTs |-> 0 ] ]
/\ coordSeenCompactionsVersion = 0
/\ coordTime = 0
/\ compactionsExists = FALSE
/\ presentSsts = {"s0", "s1", "s2"}
/\ localExecuting = (w1 :> {} @@ w2 :> {})
/\ coordCheckpointActive = [j1 |-> FALSE, j2 |-> FALSE, j3 |-> FALSE]
/\ checkpointActive = [j1 |-> FALSE, j2 |-> FALSE, j3 |-> FALSE]
/\ compactionsVersion = 0
/\ manifestRefs = {"s0", "s1", "s2"}
/\ coordUp = FALSE
/\ coordCheckpointRefs = [j1 |-> {}, j2 |-> {}, j3 |-> {}]
/\ retryCount = [j1 |-> 0, j2 |-> 0, j3 |-> 0]
/\ compactionsEpoch = 0
/\ workerTime = (w1 :> 0 @@ w2 :> 0)
/\ coordJob = [ j1 |->
      [ status |-> "Absent",
        worker |-> "Nil",
        lastHb |-> 0,
        origin |-> "NoOrigin",
        retry |-> "NoRetry",
        ctx |-> FALSE,
        output |-> FALSE,
        submittedTs |-> 0 ],
  j2 |->
      [ status |-> "Absent",
        worker |-> "Nil",
        lastHb |-> 0,
        origin |-> "NoOrigin",
        retry |-> "NoRetry",
        ctx |-> FALSE,
        output |-> FALSE,
        submittedTs |-> 0 ],
  j3 |->
      [ status |-> "Absent",
        worker |-> "Nil",
        lastHb |-> 0,
        origin |-> "NoOrigin",
        retry |-> "NoRetry",
        ctx |-> FALSE,
        output |-> FALSE,
        submittedTs |-> 0 ] ]
/\ publishCount = [j1 |-> 0, j2 |-> 0, j3 |-> 0]
/\ faultCounters = [ localSubmit |-> 0,
  remoteSubmit |-> 0,
  crash |-> 0,
  coordClock |-> 0,
  workerClock |-> 0,
  execError |-> 0,
  gcSweep |-> 0,
  checkpointRefresh |-> 0 ]
/\ coordCheckpointExpire = [j1 |-> 0, j2 |-> 0, j3 |-> 0]
/\ checkpointExpire = [j1 |-> 0, j2 |-> 0, j3 |-> 0]
/\ deletedSsts = {}
/\ outputTs = [o0 |-> 0, o1 |-> 0, o2 |-> 0]
/\ manifestEpoch = 0

State 2: <MCStartCoordinator line 88, col 5 to line 89, col 26 of module MC>
/\ coordManifestRefs = {"s0", "s1", "s2"}
/\ bufferedCtx = (w1 :> {} @@ w2 :> {})
/\ checkpointRefs = [j1 |-> {}, j2 |-> {}, j3 |-> {}]
/\ manifestVersion = 1
/\ coordSeenManifestVersion = 1
/\ durJob = [ j1 |->
      [ status |-> "Absent",
        worker |-> "Nil",
        lastHb |-> 0,
        origin |-> "NoOrigin",
        retry |-> "NoRetry",
        ctx |-> FALSE,
        output |-> FALSE,
        submittedTs |-> 0 ],
  j2 |->
      [ status |-> "Absent",
        worker |-> "Nil",
        lastHb |-> 0,
        origin |-> "NoOrigin",
        retry |-> "NoRetry",
        ctx |-> FALSE,
        output |-> FALSE,
        submittedTs |-> 0 ],
  j3 |->
      [ status |-> "Absent",
        worker |-> "Nil",
        lastHb |-> 0,
        origin |-> "NoOrigin",
        retry |-> "NoRetry",
        ctx |-> FALSE,
        output |-> FALSE,
        submittedTs |-> 0 ] ]
/\ coordSeenCompactionsVersion = 1
/\ coordTime = 0
/\ compactionsExists = TRUE
/\ presentSsts = {"s0", "s1", "s2"}
/\ localExecuting = (w1 :> {} @@ w2 :> {})
/\ coordCheckpointActive = [j1 |-> FALSE, j2 |-> FALSE, j3 |-> FALSE]
/\ checkpointActive = [j1 |-> FALSE, j2 |-> FALSE, j3 |-> FALSE]
/\ compactionsVersion = 1
/\ manifestRefs = {"s0", "s1", "s2"}
/\ coordUp = TRUE
/\ coordCheckpointRefs = [j1 |-> {}, j2 |-> {}, j3 |-> {}]
/\ retryCount = [j1 |-> 0, j2 |-> 0, j3 |-> 0]
/\ compactionsEpoch = 1
/\ workerTime = (w1 :> 0 @@ w2 :> 0)
/\ coordJob = [ j1 |->
      [ status |-> "Absent",
        worker |-> "Nil",
        lastHb |-> 0,
        origin |-> "NoOrigin",
        retry |-> "NoRetry",
        ctx |-> FALSE,
        output |-> FALSE,
        submittedTs |-> 0 ],
  j2 |->
      [ status |-> "Absent",
        worker |-> "Nil",
        lastHb |-> 0,
        origin |-> "NoOrigin",
        retry |-> "NoRetry",
        ctx |-> FALSE,
        output |-> FALSE,
        submittedTs |-> 0 ],
  j3 |->
      [ status |-> "Absent",
        worker |-> "Nil",
        lastHb |-> 0,
        origin |-> "NoOrigin",
        retry |-> "NoRetry",
        ctx |-> FALSE,
        output |-> FALSE,
        submittedTs |-> 0 ] ]
/\ publishCount = [j1 |-> 0, j2 |-> 0, j3 |-> 0]
/\ faultCounters = [ localSubmit |-> 0,
  remoteSubmit |-> 0,
  crash |-> 0,
  coordClock |-> 0,
  workerClock |-> 0,
  execError |-> 0,
  gcSweep |-> 0,
  checkpointRefresh |-> 0 ]
/\ coordCheckpointExpire = [j1 |-> 0, j2 |-> 0, j3 |-> 0]
/\ checkpointExpire = [j1 |-> 0, j2 |-> 0, j3 |-> 0]
/\ deletedSsts = {}
/\ outputTs = [o0 |-> 0, o1 |-> 0, o2 |-> 0]
/\ manifestEpoch = 1

State 3: <MCMaybeScheduleCompactions("j1") line 44, col 5 to line 46, col 68 of module MC>
/\ coordManifestRefs = {"s0", "s1", "s2"}
/\ bufferedCtx = (w1 :> {} @@ w2 :> {})
/\ checkpointRefs = [j1 |-> {}, j2 |-> {}, j3 |-> {}]
/\ manifestVersion = 1
/\ coordSeenManifestVersion = 1
/\ durJob = [ j1 |->
      [ status |-> "Submitted",
        worker |-> "Nil",
        lastHb |-> 0,
        origin |-> "LocalOrigin",
        retry |-> "NoRetry",
        ctx |-> FALSE,
        output |-> FALSE,
        submittedTs |-> 0 ],
  j2 |->
      [ status |-> "Absent",
        worker |-> "Nil",
        lastHb |-> 0,
        origin |-> "NoOrigin",
        retry |-> "NoRetry",
        ctx |-> FALSE,
        output |-> FALSE,
        submittedTs |-> 0 ],
  j3 |->
      [ status |-> "Absent",
        worker |-> "Nil",
        lastHb |-> 0,
        origin |-> "NoOrigin",
        retry |-> "NoRetry",
        ctx |-> FALSE,
        output |-> FALSE,
        submittedTs |-> 0 ] ]
/\ coordSeenCompactionsVersion = 2
/\ coordTime = 0
/\ compactionsExists = TRUE
/\ presentSsts = {"s0", "s1", "s2"}
/\ localExecuting = (w1 :> {} @@ w2 :> {})
/\ coordCheckpointActive = [j1 |-> FALSE, j2 |-> FALSE, j3 |-> FALSE]
/\ checkpointActive = [j1 |-> FALSE, j2 |-> FALSE, j3 |-> FALSE]
/\ compactionsVersion = 2
/\ manifestRefs = {"s0", "s1", "s2"}
/\ coordUp = TRUE
/\ coordCheckpointRefs = [j1 |-> {}, j2 |-> {}, j3 |-> {}]
/\ retryCount = [j1 |-> 0, j2 |-> 0, j3 |-> 0]
/\ compactionsEpoch = 1
/\ workerTime = (w1 :> 0 @@ w2 :> 0)
/\ coordJob = [ j1 |->
      [ status |-> "Submitted",
        worker |-> "Nil",
        lastHb |-> 0,
        origin |-> "LocalOrigin",
        retry |-> "NoRetry",
        ctx |-> FALSE,
        output |-> FALSE,
        submittedTs |-> 0 ],
  j2 |->
      [ status |-> "Absent",
        worker |-> "Nil",
        lastHb |-> 0,
        origin |-> "NoOrigin",
        retry |-> "NoRetry",
        ctx |-> FALSE,
        output |-> FALSE,
        submittedTs |-> 0 ],
  j3 |->
      [ status |-> "Absent",
        worker |-> "Nil",
        lastHb |-> 0,
        origin |-> "NoOrigin",
        retry |-> "NoRetry",
        ctx |-> FALSE,
        output |-> FALSE,
        submittedTs |-> 0 ] ]
/\ publishCount = [j1 |-> 0, j2 |-> 0, j3 |-> 0]
/\ faultCounters = [ localSubmit |-> 1,
  remoteSubmit |-> 0,
  crash |-> 0,
  coordClock |-> 0,
  workerClock |-> 0,
  execError |-> 0,
  gcSweep |-> 0,
  checkpointRefresh |-> 0 ]
/\ coordCheckpointExpire = [j1 |-> 0, j2 |-> 0, j3 |-> 0]
/\ checkpointExpire = [j1 |-> 0, j2 |-> 0, j3 |-> 0]
/\ deletedSsts = {}
/\ outputTs = [o0 |-> 0, o1 |-> 0, o2 |-> 0]
/\ manifestEpoch = 1

State 4: <MCMaybeScheduleCompactions("j2") line 44, col 5 to line 46, col 68 of module MC>
/\ coordManifestRefs = {"s0", "s1", "s2"}
/\ bufferedCtx = (w1 :> {} @@ w2 :> {})
/\ checkpointRefs = [j1 |-> {}, j2 |-> {}, j3 |-> {}]
/\ manifestVersion = 1
/\ coordSeenManifestVersion = 1
/\ durJob = [ j1 |->
      [ status |-> "Submitted",
        worker |-> "Nil",
        lastHb |-> 0,
        origin |-> "LocalOrigin",
        retry |-> "NoRetry",
        ctx |-> FALSE,
        output |-> FALSE,
        submittedTs |-> 0 ],
  j2 |->
      [ status |-> "Submitted",
        worker |-> "Nil",
        lastHb |-> 0,
        origin |-> "LocalOrigin",
        retry |-> "NoRetry",
        ctx |-> FALSE,
        output |-> FALSE,
        submittedTs |-> 0 ],
  j3 |->
      [ status |-> "Absent",
        worker |-> "Nil",
        lastHb |-> 0,
        origin |-> "NoOrigin",
        retry |-> "NoRetry",
        ctx |-> FALSE,
        output |-> FALSE,
        submittedTs |-> 0 ] ]
/\ coordSeenCompactionsVersion = 3
/\ coordTime = 0
/\ compactionsExists = TRUE
/\ presentSsts = {"s0", "s1", "s2"}
/\ localExecuting = (w1 :> {} @@ w2 :> {})
/\ coordCheckpointActive = [j1 |-> FALSE, j2 |-> FALSE, j3 |-> FALSE]
/\ checkpointActive = [j1 |-> FALSE, j2 |-> FALSE, j3 |-> FALSE]
/\ compactionsVersion = 3
/\ manifestRefs = {"s0", "s1", "s2"}
/\ coordUp = TRUE
/\ coordCheckpointRefs = [j1 |-> {}, j2 |-> {}, j3 |-> {}]
/\ retryCount = [j1 |-> 0, j2 |-> 0, j3 |-> 0]
/\ compactionsEpoch = 1
/\ workerTime = (w1 :> 0 @@ w2 :> 0)
/\ coordJob = [ j1 |->
      [ status |-> "Submitted",
        worker |-> "Nil",
        lastHb |-> 0,
        origin |-> "LocalOrigin",
        retry |-> "NoRetry",
        ctx |-> FALSE,
        output |-> FALSE,
        submittedTs |-> 0 ],
  j2 |->
      [ status |-> "Submitted",
        worker |-> "Nil",
        lastHb |-> 0,
        origin |-> "LocalOrigin",
        retry |-> "NoRetry",
        ctx |-> FALSE,
        output |-> FALSE,
        submittedTs |-> 0 ],
  j3 |->
      [ status |-> "Absent",
        worker |-> "Nil",
        lastHb |-> 0,
        origin |-> "NoOrigin",
        retry |-> "NoRetry",
        ctx |-> FALSE,
        output |-> FALSE,
        submittedTs |-> 0 ] ]
/\ publishCount = [j1 |-> 0, j2 |-> 0, j3 |-> 0]
/\ faultCounters = [ localSubmit |-> 2,
  remoteSubmit |-> 0,
  crash |-> 0,
  coordClock |-> 0,
  workerClock |-> 0,
  execError |-> 0,
  gcSweep |-> 0,
  checkpointRefresh |-> 0 ]
/\ coordCheckpointExpire = [j1 |-> 0, j2 |-> 0, j3 |-> 0]
/\ checkpointExpire = [j1 |-> 0, j2 |-> 0, j3 |-> 0]
/\ deletedSsts = {}
/\ outputTs = [o0 |-> 0, o1 |-> 0, o2 |-> 0]
/\ manifestEpoch = 1

State 5: <MCMaybeValidateSubmittedSchedule("j1") line 104, col 5 to line 105, col 26 of module MC>
/\ coordManifestRefs = {"s0", "s1", "s2"}
/\ bufferedCtx = (w1 :> {} @@ w2 :> {})
/\ checkpointRefs = [j1 |-> {}, j2 |-> {}, j3 |-> {}]
/\ manifestVersion = 1
/\ coordSeenManifestVersion = 1
/\ durJob = [ j1 |->
      [ status |-> "Scheduled",
        worker |-> "Nil",
        lastHb |-> 0,
        origin |-> "LocalOrigin",
        retry |-> "NoRetry",
        ctx |-> FALSE,
        output |-> FALSE,
        submittedTs |-> 0 ],
  j2 |->
      [ status |-> "Submitted",
        worker |-> "Nil",
        lastHb |-> 0,
        origin |-> "LocalOrigin",
        retry |-> "NoRetry",
        ctx |-> FALSE,
        output |-> FALSE,
        submittedTs |-> 0 ],
  j3 |->
      [ status |-> "Absent",
        worker |-> "Nil",
        lastHb |-> 0,
        origin |-> "NoOrigin",
        retry |-> "NoRetry",
        ctx |-> FALSE,
        output |-> FALSE,
        submittedTs |-> 0 ] ]
/\ coordSeenCompactionsVersion = 4
/\ coordTime = 0
/\ compactionsExists = TRUE
/\ presentSsts = {"s0", "s1", "s2"}
/\ localExecuting = (w1 :> {} @@ w2 :> {})
/\ coordCheckpointActive = [j1 |-> FALSE, j2 |-> FALSE, j3 |-> FALSE]
/\ checkpointActive = [j1 |-> FALSE, j2 |-> FALSE, j3 |-> FALSE]
/\ compactionsVersion = 4
/\ manifestRefs = {"s0", "s1", "s2"}
/\ coordUp = TRUE
/\ coordCheckpointRefs = [j1 |-> {}, j2 |-> {}, j3 |-> {}]
/\ retryCount = [j1 |-> 0, j2 |-> 0, j3 |-> 0]
/\ compactionsEpoch = 1
/\ workerTime = (w1 :> 0 @@ w2 :> 0)
/\ coordJob = [ j1 |->
      [ status |-> "Scheduled",
        worker |-> "Nil",
        lastHb |-> 0,
        origin |-> "LocalOrigin",
        retry |-> "NoRetry",
        ctx |-> FALSE,
        output |-> FALSE,
        submittedTs |-> 0 ],
  j2 |->
      [ status |-> "Submitted",
        worker |-> "Nil",
        lastHb |-> 0,
        origin |-> "LocalOrigin",
        retry |-> "NoRetry",
        ctx |-> FALSE,
        output |-> FALSE,
        submittedTs |-> 0 ],
  j3 |->
      [ status |-> "Absent",
        worker |-> "Nil",
        lastHb |-> 0,
        origin |-> "NoOrigin",
        retry |-> "NoRetry",
        ctx |-> FALSE,
        output |-> FALSE,
        submittedTs |-> 0 ] ]
/\ publishCount = [j1 |-> 0, j2 |-> 0, j3 |-> 0]
/\ faultCounters = [ localSubmit |-> 2,
  remoteSubmit |-> 0,
  crash |-> 0,
  coordClock |-> 0,
  workerClock |-> 0,
  execError |-> 0,
  gcSweep |-> 0,
  checkpointRefresh |-> 0 ]
/\ coordCheckpointExpire = [j1 |-> 0, j2 |-> 0, j3 |-> 0]
/\ checkpointExpire = [j1 |-> 0, j2 |-> 0, j3 |-> 0]
/\ deletedSsts = {}
/\ outputTs = [o0 |-> 0, o1 |-> 0, o2 |-> 0]
/\ manifestEpoch = 1

State 6: <MCMaybeValidateSubmittedSchedule("j2") line 104, col 5 to line 105, col 26 of module MC>
/\ coordManifestRefs = {"s0", "s1", "s2"}
/\ bufferedCtx = (w1 :> {} @@ w2 :> {})
/\ checkpointRefs = [j1 |-> {}, j2 |-> {}, j3 |-> {}]
/\ manifestVersion = 1
/\ coordSeenManifestVersion = 1
/\ durJob = [ j1 |->
      [ status |-> "Scheduled",
        worker |-> "Nil",
        lastHb |-> 0,
        origin |-> "LocalOrigin",
        retry |-> "NoRetry",
        ctx |-> FALSE,
        output |-> FALSE,
        submittedTs |-> 0 ],
  j2 |->
      [ status |-> "Scheduled",
        worker |-> "Nil",
        lastHb |-> 0,
        origin |-> "LocalOrigin",
        retry |-> "NoRetry",
        ctx |-> FALSE,
        output |-> FALSE,
        submittedTs |-> 0 ],
  j3 |->
      [ status |-> "Absent",
        worker |-> "Nil",
        lastHb |-> 0,
        origin |-> "NoOrigin",
        retry |-> "NoRetry",
        ctx |-> FALSE,
        output |-> FALSE,
        submittedTs |-> 0 ] ]
/\ coordSeenCompactionsVersion = 5
/\ coordTime = 0
/\ compactionsExists = TRUE
/\ presentSsts = {"s0", "s1", "s2"}
/\ localExecuting = (w1 :> {} @@ w2 :> {})
/\ coordCheckpointActive = [j1 |-> FALSE, j2 |-> FALSE, j3 |-> FALSE]
/\ checkpointActive = [j1 |-> FALSE, j2 |-> FALSE, j3 |-> FALSE]
/\ compactionsVersion = 5
/\ manifestRefs = {"s0", "s1", "s2"}
/\ coordUp = TRUE
/\ coordCheckpointRefs = [j1 |-> {}, j2 |-> {}, j3 |-> {}]
/\ retryCount = [j1 |-> 0, j2 |-> 0, j3 |-> 0]
/\ compactionsEpoch = 1
/\ workerTime = (w1 :> 0 @@ w2 :> 0)
/\ coordJob = [ j1 |->
      [ status |-> "Scheduled",
        worker |-> "Nil",
        lastHb |-> 0,
        origin |-> "LocalOrigin",
        retry |-> "NoRetry",
        ctx |-> FALSE,
        output |-> FALSE,
        submittedTs |-> 0 ],
  j2 |->
      [ status |-> "Scheduled",
        worker |-> "Nil",
        lastHb |-> 0,
        origin |-> "LocalOrigin",
        retry |-> "NoRetry",
        ctx |-> FALSE,
        output |-> FALSE,
        submittedTs |-> 0 ],
  j3 |->
      [ status |-> "Absent",
        worker |-> "Nil",
        lastHb |-> 0,
        origin |-> "NoOrigin",
        retry |-> "NoRetry",
        ctx |-> FALSE,
        output |-> FALSE,
        submittedTs |-> 0 ] ]
/\ publishCount = [j1 |-> 0, j2 |-> 0, j3 |-> 0]
/\ faultCounters = [ localSubmit |-> 2,
  remoteSubmit |-> 0,
  crash |-> 0,
  coordClock |-> 0,
  workerClock |-> 0,
  execError |-> 0,
  gcSweep |-> 0,
  checkpointRefresh |-> 0 ]
/\ coordCheckpointExpire = [j1 |-> 0, j2 |-> 0, j3 |-> 0]
/\ checkpointExpire = [j1 |-> 0, j2 |-> 0, j3 |-> 0]
/\ deletedSsts = {}
/\ outputTs = [o0 |-> 0, o1 |-> 0, o2 |-> 0]
/\ manifestEpoch = 1

State 7: <MCPollAndClaim(w1,"j1") line 116, col 5 to line 117, col 26 of module MC>
/\ coordManifestRefs = {"s0", "s1", "s2"}
/\ bufferedCtx = (w1 :> {} @@ w2 :> {})
/\ checkpointRefs = [j1 |-> {}, j2 |-> {}, j3 |-> {}]
/\ manifestVersion = 1
/\ coordSeenManifestVersion = 1
/\ durJob = [ j1 |->
      [ status |-> "Running",
        worker |-> w1,
        lastHb |-> 0,
        origin |-> "LocalOrigin",
        retry |-> "NoRetry",
        ctx |-> FALSE,
        output |-> FALSE,
        submittedTs |-> 0 ],
  j2 |->
      [ status |-> "Scheduled",
        worker |-> "Nil",
        lastHb |-> 0,
        origin |-> "LocalOrigin",
        retry |-> "NoRetry",
        ctx |-> FALSE,
        output |-> FALSE,
        submittedTs |-> 0 ],
  j3 |->
      [ status |-> "Absent",
        worker |-> "Nil",
        lastHb |-> 0,
        origin |-> "NoOrigin",
        retry |-> "NoRetry",
        ctx |-> FALSE,
        output |-> FALSE,
        submittedTs |-> 0 ] ]
/\ coordSeenCompactionsVersion = 5
/\ coordTime = 0
/\ compactionsExists = TRUE
/\ presentSsts = {"s0", "s1", "s2"}
/\ localExecuting = (w1 :> {} @@ w2 :> {})
/\ coordCheckpointActive = [j1 |-> FALSE, j2 |-> FALSE, j3 |-> FALSE]
/\ checkpointActive = [j1 |-> FALSE, j2 |-> FALSE, j3 |-> FALSE]
/\ compactionsVersion = 6
/\ manifestRefs = {"s0", "s1", "s2"}
/\ coordUp = TRUE
/\ coordCheckpointRefs = [j1 |-> {}, j2 |-> {}, j3 |-> {}]
/\ retryCount = [j1 |-> 0, j2 |-> 0, j3 |-> 0]
/\ compactionsEpoch = 1
/\ workerTime = (w1 :> 0 @@ w2 :> 0)
/\ coordJob = [ j1 |->
      [ status |-> "Scheduled",
        worker |-> "Nil",
        lastHb |-> 0,
        origin |-> "LocalOrigin",
        retry |-> "NoRetry",
        ctx |-> FALSE,
        output |-> FALSE,
        submittedTs |-> 0 ],
  j2 |->
      [ status |-> "Scheduled",
        worker |-> "Nil",
        lastHb |-> 0,
        origin |-> "LocalOrigin",
        retry |-> "NoRetry",
        ctx |-> FALSE,
        output |-> FALSE,
        submittedTs |-> 0 ],
  j3 |->
      [ status |-> "Absent",
        worker |-> "Nil",
        lastHb |-> 0,
        origin |-> "NoOrigin",
        retry |-> "NoRetry",
        ctx |-> FALSE,
        output |-> FALSE,
        submittedTs |-> 0 ] ]
/\ publishCount = [j1 |-> 0, j2 |-> 0, j3 |-> 0]
/\ faultCounters = [ localSubmit |-> 2,
  remoteSubmit |-> 0,
  crash |-> 0,
  coordClock |-> 0,
  workerClock |-> 0,
  execError |-> 0,
  gcSweep |-> 0,
  checkpointRefresh |-> 0 ]
/\ coordCheckpointExpire = [j1 |-> 0, j2 |-> 0, j3 |-> 0]
/\ checkpointExpire = [j1 |-> 0, j2 |-> 0, j3 |-> 0]
/\ deletedSsts = {}
/\ outputTs = [o0 |-> 0, o1 |-> 0, o2 |-> 0]
/\ manifestEpoch = 1

State 8: <MCPollAndClaim(w1,"j2") line 116, col 5 to line 117, col 26 of module MC>
/\ coordManifestRefs = {"s0", "s1", "s2"}
/\ bufferedCtx = (w1 :> {} @@ w2 :> {})
/\ checkpointRefs = [j1 |-> {}, j2 |-> {}, j3 |-> {}]
/\ manifestVersion = 1
/\ coordSeenManifestVersion = 1
/\ durJob = [ j1 |->
      [ status |-> "Running",
        worker |-> w1,
        lastHb |-> 0,
        origin |-> "LocalOrigin",
        retry |-> "NoRetry",
        ctx |-> FALSE,
        output |-> FALSE,
        submittedTs |-> 0 ],
  j2 |->
      [ status |-> "Running",
        worker |-> w1,
        lastHb |-> 0,
        origin |-> "LocalOrigin",
        retry |-> "NoRetry",
        ctx |-> FALSE,
        output |-> FALSE,
        submittedTs |-> 0 ],
  j3 |->
      [ status |-> "Absent",
        worker |-> "Nil",
        lastHb |-> 0,
        origin |-> "NoOrigin",
        retry |-> "NoRetry",
        ctx |-> FALSE,
        output |-> FALSE,
        submittedTs |-> 0 ] ]
/\ coordSeenCompactionsVersion = 5
/\ coordTime = 0
/\ compactionsExists = TRUE
/\ presentSsts = {"s0", "s1", "s2"}
/\ localExecuting = (w1 :> {} @@ w2 :> {})
/\ coordCheckpointActive = [j1 |-> FALSE, j2 |-> FALSE, j3 |-> FALSE]
/\ checkpointActive = [j1 |-> FALSE, j2 |-> FALSE, j3 |-> FALSE]
/\ compactionsVersion = 7
/\ manifestRefs = {"s0", "s1", "s2"}
/\ coordUp = TRUE
/\ coordCheckpointRefs = [j1 |-> {}, j2 |-> {}, j3 |-> {}]
/\ retryCount = [j1 |-> 0, j2 |-> 0, j3 |-> 0]
/\ compactionsEpoch = 1
/\ workerTime = (w1 :> 0 @@ w2 :> 0)
/\ coordJob = [ j1 |->
      [ status |-> "Scheduled",
        worker |-> "Nil",
        lastHb |-> 0,
        origin |-> "LocalOrigin",
        retry |-> "NoRetry",
        ctx |-> FALSE,
        output |-> FALSE,
        submittedTs |-> 0 ],
  j2 |->
      [ status |-> "Scheduled",
        worker |-> "Nil",
        lastHb |-> 0,
        origin |-> "LocalOrigin",
        retry |-> "NoRetry",
        ctx |-> FALSE,
        output |-> FALSE,
        submittedTs |-> 0 ],
  j3 |->
      [ status |-> "Absent",
        worker |-> "Nil",
        lastHb |-> 0,
        origin |-> "NoOrigin",
        retry |-> "NoRetry",
        ctx |-> FALSE,
        output |-> FALSE,
        submittedTs |-> 0 ] ]
/\ publishCount = [j1 |-> 0, j2 |-> 0, j3 |-> 0]
/\ faultCounters = [ localSubmit |-> 2,
  remoteSubmit |-> 0,
  crash |-> 0,
  coordClock |-> 0,
  workerClock |-> 0,
  execError |-> 0,
  gcSweep |-> 0,
  checkpointRefresh |-> 0 ]
/\ coordCheckpointExpire = [j1 |-> 0, j2 |-> 0, j3 |-> 0]
/\ checkpointExpire = [j1 |-> 0, j2 |-> 0, j3 |-> 0]
/\ deletedSsts = {}
/\ outputTs = [o0 |-> 0, o1 |-> 0, o2 |-> 0]
/\ manifestEpoch = 1

"CounterExample written: output/MC_hunt_family5_bfs_repair.json"
4830 states generated, 1993 distinct states found, 1322 states left on queue.
The depth of the complete state graph search is 8.
Checkpointing of run /tmp/tlc-states-qILsva/26-07-22-01-23-46.426
Checkpointing completed at (2026-07-22 01:23:48)
Finished in 02s at (2026-07-22 01:23:48)
Trace exploration spec path: ./MC_TTrace_1784654626.tla
