==> [1/4] applying instrumentation
instrumented copy ready: /home/ubuntu/specula-nvflare-gpt-continuation-20260926/framework/runs/gpt-continuation/nvflare-job/.specula-output/harness/build/nvflare_src ( 11 files changed, 283 insertions(+), 107 deletions(-))
==> [2/4] checking the import path
   nvflare -> /home/ubuntu/specula-nvflare-gpt-continuation-20260926/framework/runs/gpt-continuation/nvflare-job/.specula-output/harness/build/nvflare_src/nvflare/__init__.py
==> [3/4] running scenarios (timeout 180s each)
   normal_two_jobs                          ok         4s
   abort_running_and_queued                 ok        13s
   check_timeout_backoff_expiry             ok         6s
   lossy_check_cant_schedule                ok         5s
   start_failures                           ok         4s
   client_failure_and_sj_crash              ok         7s
   client_crash_sweep                       ok         3s
   outcome_deadline_hb_cleanup              ok         4s
   disable_client_outcome_wait              ok         5s
   delete_held_job_kills_runner             ok         2s
   delete_during_scan                       ok         1s
   abort_during_deploy                      ok         3s
   failrun_during_start                     ok         3s
   failrun_during_start_dup_abort           ok         1s
   refresh_rmw_revert                       ok         4s
   running_after_terminal                   ok         5s
   start_timeout_late_start                 ok         2s
   concurrent_jobs_contention               ok         7s
   expiry_before_start                      ok         3s
   disable_between_schedule_and_deploy      ok         3s
   abort_before_checks                      ok         5s
   lost_report_heartbeat                    ok         2s
   double_abort_terminate                   ok        12s
   random_mix_s1                            ok        16s
   random_mix_s2                            ok        13s
   random_mix_s3                            ok        13s
   random_mix_s4                            ok        13s
   random_mix_s5                            ok        12s
   random_mix_s6                            ok        13s
   wfc_stale_read_after_pop                 ok        15s
   check_deadline_backoff_expiry            ok        20s
   start_deadline_late_start                ok        24s
==> [4/4] traces written to /home/ubuntu/specula-nvflare-gpt-continuation-20260926/framework/runs/gpt-continuation/nvflare-job/.specula-output/traces
       83 lines  traces/normal_two_jobs.ndjson
       76 lines  traces/abort_running_and_queued.ndjson
       60 lines  traces/check_timeout_backoff_expiry.ndjson
       65 lines  traces/lossy_check_cant_schedule.ndjson
       67 lines  traces/start_failures.ndjson
       93 lines  traces/client_failure_and_sj_crash.ndjson
       43 lines  traces/client_crash_sweep.ndjson
       50 lines  traces/outcome_deadline_hb_cleanup.ndjson
       46 lines  traces/disable_client_outcome_wait.ndjson
       17 lines  traces/delete_held_job_kills_runner.ndjson
        6 lines  traces/delete_during_scan.ndjson
       41 lines  traces/abort_during_deploy.ndjson
       37 lines  traces/failrun_during_start.ndjson
       39 lines  traces/failrun_during_start_dup_abort.ndjson
       51 lines  traces/refresh_rmw_revert.ndjson
       44 lines  traces/running_after_terminal.ndjson
       45 lines  traces/start_timeout_late_start.ndjson
       95 lines  traces/concurrent_jobs_contention.ndjson
       35 lines  traces/expiry_before_start.ndjson
       49 lines  traces/disable_between_schedule_and_deploy.ndjson
       34 lines  traces/abort_before_checks.ndjson
       43 lines  traces/lost_report_heartbeat.ndjson
       70 lines  traces/double_abort_terminate.ndjson
      170 lines  traces/random_mix_s1.ndjson
      145 lines  traces/random_mix_s2.ndjson
      185 lines  traces/random_mix_s3.ndjson
      140 lines  traces/random_mix_s4.ndjson
      145 lines  traces/random_mix_s5.ndjson
      123 lines  traces/random_mix_s6.ndjson
       73 lines  traces/wfc_stale_read_after_pop.ndjson
       60 lines  traces/check_deadline_backoff_expiry.ndjson
       46 lines  traces/start_deadline_late_start.ndjson
