PASS  abort_before_checks rc=0 log=/home/ubuntu/specula-nvflare-gpt-continuation-20260926/framework/runs/gpt-continuation/nvflare-job/.specula-output/.tlc-tasks/jobs/bdfd4e704b0b4aeebd96fa66da26fd09/tlc.log
PASS  abort_during_deploy rc=0 log=/home/ubuntu/specula-nvflare-gpt-continuation-20260926/framework/runs/gpt-continuation/nvflare-job/.specula-output/.tlc-tasks/jobs/4a37f1b66643466496565ce9d5b60db3/tlc.log
PASS  abort_running_and_queued rc=0 log=/home/ubuntu/specula-nvflare-gpt-continuation-20260926/framework/runs/gpt-continuation/nvflare-job/.specula-output/.tlc-tasks/jobs/296c55367fc9479ca3cd24c3226cd823/tlc.log
PASS  check_deadline_backoff_expiry rc=0 log=/home/ubuntu/specula-nvflare-gpt-continuation-20260926/framework/runs/gpt-continuation/nvflare-job/.specula-output/.tlc-tasks/jobs/9462d38fd2e347ba864d10ccdb98bf33/tlc.log
PASS  check_timeout_backoff_expiry rc=0 log=/home/ubuntu/specula-nvflare-gpt-continuation-20260926/framework/runs/gpt-continuation/nvflare-job/.specula-output/.tlc-tasks/jobs/056d612597bd415ead7cfe29339d7e7e/tlc.log
PASS  client_crash_sweep rc=0 log=/home/ubuntu/specula-nvflare-gpt-continuation-20260926/framework/runs/gpt-continuation/nvflare-job/.specula-output/.tlc-tasks/jobs/5efc0534202d46ec8f3099f2191d426c/tlc.log
PASS  client_failure_and_sj_crash rc=0 log=/home/ubuntu/specula-nvflare-gpt-continuation-20260926/framework/runs/gpt-continuation/nvflare-job/.specula-output/.tlc-tasks/jobs/fabcfb754e464e9e84feb90c84e9f8a1/tlc.log
PASS  concurrent_jobs_contention rc=0 log=/home/ubuntu/specula-nvflare-gpt-continuation-20260926/framework/runs/gpt-continuation/nvflare-job/.specula-output/.tlc-tasks/jobs/9c041752dadd4b8581b2a9ab81672ea4/tlc.log
PASS  delete_during_scan rc=0 log=/home/ubuntu/specula-nvflare-gpt-continuation-20260926/framework/runs/gpt-continuation/nvflare-job/.specula-output/.tlc-tasks/jobs/a128b39790924f65913957f33cd8eea7/tlc.log
PASS  delete_held_job_kills_runner rc=0 log=/home/ubuntu/specula-nvflare-gpt-continuation-20260926/framework/runs/gpt-continuation/nvflare-job/.specula-output/.tlc-tasks/jobs/f851512b672449d28b74e5542642a566/tlc.log
PASS  disable_between_schedule_and_deploy rc=0 log=/home/ubuntu/specula-nvflare-gpt-continuation-20260926/framework/runs/gpt-continuation/nvflare-job/.specula-output/.tlc-tasks/jobs/cf7f0b28e2314a62afac793adc17adee/tlc.log
PASS  disable_client_outcome_wait rc=0 log=/home/ubuntu/specula-nvflare-gpt-continuation-20260926/framework/runs/gpt-continuation/nvflare-job/.specula-output/.tlc-tasks/jobs/1603efae938440d58470813b6b22effe/tlc.log
PASS  double_abort_terminate rc=0 log=/home/ubuntu/specula-nvflare-gpt-continuation-20260926/framework/runs/gpt-continuation/nvflare-job/.specula-output/.tlc-tasks/jobs/6bd0391a37954c29b92582448271f90a/tlc.log
PASS  expiry_before_start rc=0 log=/home/ubuntu/specula-nvflare-gpt-continuation-20260926/framework/runs/gpt-continuation/nvflare-job/.specula-output/.tlc-tasks/jobs/393b2e5c595b4473beb498319d1a1457/tlc.log
PASS  failrun_during_start rc=0 log=/home/ubuntu/specula-nvflare-gpt-continuation-20260926/framework/runs/gpt-continuation/nvflare-job/.specula-output/.tlc-tasks/jobs/632c677a81be48a6ad69a98b2ac00ead/tlc.log
PASS  failrun_during_start_dup_abort rc=0 log=/home/ubuntu/specula-nvflare-gpt-continuation-20260926/framework/runs/gpt-continuation/nvflare-job/.specula-output/.tlc-tasks/jobs/485a09586c194aaba0cd76d548da321f/tlc.log
PASS  lossy_check_cant_schedule rc=0 log=/home/ubuntu/specula-nvflare-gpt-continuation-20260926/framework/runs/gpt-continuation/nvflare-job/.specula-output/.tlc-tasks/jobs/8ea610064abb40138c658895f3416b94/tlc.log
PASS  lost_report_heartbeat rc=0 log=/home/ubuntu/specula-nvflare-gpt-continuation-20260926/framework/runs/gpt-continuation/nvflare-job/.specula-output/.tlc-tasks/jobs/95125a2bc0eb4806bd0110b5d28546f7/tlc.log
PASS  normal_two_jobs rc=0 log=/home/ubuntu/specula-nvflare-gpt-continuation-20260926/framework/runs/gpt-continuation/nvflare-job/.specula-output/.tlc-tasks/jobs/fc734baf869d4ef79c32bd204fd0c502/tlc.log
PASS  outcome_deadline_hb_cleanup rc=0 log=/home/ubuntu/specula-nvflare-gpt-continuation-20260926/framework/runs/gpt-continuation/nvflare-job/.specula-output/.tlc-tasks/jobs/c52efea161694e349202e58e88f699ce/tlc.log
PASS  random_mix_s1 rc=0 log=/home/ubuntu/specula-nvflare-gpt-continuation-20260926/framework/runs/gpt-continuation/nvflare-job/.specula-output/.tlc-tasks/jobs/2c0072f7d2ed4b72bf106ab595d6aa24/tlc.log
PASS  random_mix_s2 rc=0 log=/home/ubuntu/specula-nvflare-gpt-continuation-20260926/framework/runs/gpt-continuation/nvflare-job/.specula-output/.tlc-tasks/jobs/6ecefc9de5d945f5930395e69df1d9fb/tlc.log
PASS  random_mix_s3 rc=0 log=/home/ubuntu/specula-nvflare-gpt-continuation-20260926/framework/runs/gpt-continuation/nvflare-job/.specula-output/.tlc-tasks/jobs/17aa73c5d7dd41589e3c84e6df3d9aa8/tlc.log
PASS  random_mix_s4 rc=0 log=/home/ubuntu/specula-nvflare-gpt-continuation-20260926/framework/runs/gpt-continuation/nvflare-job/.specula-output/.tlc-tasks/jobs/7836c15505e24400be5ba01ae3a9cf75/tlc.log
PASS  random_mix_s5 rc=0 log=/home/ubuntu/specula-nvflare-gpt-continuation-20260926/framework/runs/gpt-continuation/nvflare-job/.specula-output/.tlc-tasks/jobs/188d89b94b7648cdba490ebe3b8e176a/tlc.log
PASS  random_mix_s6 rc=0 log=/home/ubuntu/specula-nvflare-gpt-continuation-20260926/framework/runs/gpt-continuation/nvflare-job/.specula-output/.tlc-tasks/jobs/071ceaceb1da4fee8bf0cc945ea4b892/tlc.log
PASS  refresh_rmw_revert rc=0 log=/home/ubuntu/specula-nvflare-gpt-continuation-20260926/framework/runs/gpt-continuation/nvflare-job/.specula-output/.tlc-tasks/jobs/4e23e952edf84b32836419b8006472eb/tlc.log
PASS  running_after_terminal rc=0 log=/home/ubuntu/specula-nvflare-gpt-continuation-20260926/framework/runs/gpt-continuation/nvflare-job/.specula-output/.tlc-tasks/jobs/8623ac274a4c4c51a27829f255b54503/tlc.log
PASS  start_deadline_late_start rc=0 log=/home/ubuntu/specula-nvflare-gpt-continuation-20260926/framework/runs/gpt-continuation/nvflare-job/.specula-output/.tlc-tasks/jobs/fae63575c136466da4f4a9dc63a60d8e/tlc.log
PASS  start_failures rc=0 log=/home/ubuntu/specula-nvflare-gpt-continuation-20260926/framework/runs/gpt-continuation/nvflare-job/.specula-output/.tlc-tasks/jobs/26b9c8fce407440ebb7880cb0eef4ca2/tlc.log
PASS  start_timeout_late_start rc=0 log=/home/ubuntu/specula-nvflare-gpt-continuation-20260926/framework/runs/gpt-continuation/nvflare-job/.specula-output/.tlc-tasks/jobs/f8fdb437e71b41c49ee291afa5213a65/tlc.log
PASS  wfc_stale_read_after_pop rc=0 log=/home/ubuntu/specula-nvflare-gpt-continuation-20260926/framework/runs/gpt-continuation/nvflare-job/.specula-output/.tlc-tasks/jobs/f435031289fc4a94a7b1bc4360d98010/tlc.log
32/32 traces passed; results=harness/evidence/continuation/suite-replay.json
