{
  "scenario": "delete_during_scan",
  "root": "/home/ubuntu/specula-nvflare-gpt-continuation-20260926/framework/runs/gpt-continuation/nvflare-job/.specula-output/harness/build/work/delete_during_scan",
  "nvflare": "/home/ubuntu/specula-nvflare-gpt-continuation-20260926/framework/runs/gpt-continuation/nvflare-job/.specula-output/harness/build/nvflare_src/nvflare/__init__.py",
  "python": "/home/ubuntu/specula-nvflare-gpt-continuation-20260926/nvflare-venv/bin/python",
  "python_version": "3.12.3 (main, Jun 19 2026, 12:46:00) [GCC 13.3.0]",
  "command": [
    "/home/ubuntu/specula-nvflare-gpt-continuation-20260926/nvflare-venv/bin/python",
    "/home/ubuntu/specula-nvflare-gpt-continuation-20260926/framework/runs/gpt-continuation/nvflare-job/.specula-output/harness/src/run_scenario.py",
    "delete_during_scan",
    "--out",
    "/home/ubuntu/specula-nvflare-gpt-continuation-20260926/framework/runs/gpt-continuation/nvflare-job/.specula-output/traces/delete_during_scan.ndjson",
    "--root",
    "/home/ubuntu/specula-nvflare-gpt-continuation-20260926/framework/runs/gpt-continuation/nvflare-job/.specula-output/harness/build/work/delete_during_scan",
    "--report",
    "/home/ubuntu/specula-nvflare-gpt-continuation-20260926/framework/runs/gpt-continuation/nvflare-job/.specula-output/harness/build/reports/delete_during_scan.json"
  ],
  "started_ns": 1790400301638218939,
  "build_provenance": "source=/home/ubuntu/specula-nvflare-gpt-continuation-20260926/source\ncommit=53ba7ee567468ea7971dad4faccef13c6cb35dc2\npatch_sha256=18fabe190f784ad89b88507b43bc1da583487ed617e42d2d9a6b71072fd8d480\ntla_hooks_sha256=b01ea3c23995cc136c7a5c0f4b8d280aa31a01beb6bd5d7172e5195d08b095df\nbuilt=2026-09-26T05:24:07Z\n",
  "harness_sha256": {
    "apply.sh": "b194cbd571020552fe50d0140ea5052bd115348fe35e2aa2fe664b83bb46be50",
    "clean.sh": "7d9e526b9a70e66ca3c3d077eace1d1066642cf6218231613447975f9aee1b8d",
    "make_patch.sh": "3849ec71fdc02a019a769f13a73ccc76a8206796e7697b0649f10085521ea0f9",
    "patches/instrumentation.patch": "18fabe190f784ad89b88507b43bc1da583487ed617e42d2d9a6b71072fd8d480",
    "paths.sh": "652d9113520373ee41346dacd14e6bf3d19c947cd1c733e3bd840a544213d349",
    "run.sh": "68a3ae98acd8bed9b9ce2fea96979be62a78fdb3786826971b6f316820fbfe6b",
    "src/audit_phase2_5.py": "34b84443af54abe8b8c098914b7614749de2d9da5d1ea88c62bef238a96e32c7",
    "src/check_scenario_evidence.py": "f7ce5711dd4c0c164b7d9878a35de5013a9a89c972f86bf212647fb3fedbb080",
    "src/negative_controls.py": "88b33307bf08dc3b769b027e4dd06d4301094facaf159a1338e24f897ea596fd",
    "src/nvf_env.py": "3ce3d0a6fa7f3cb0f78a94c5de10f1e2bdd13d29cc140179c497d3cdd9111dab",
    "src/nvf_scenarios.py": "29d1b09bb1d26bbacad1bb8f91366a94cd12e03890a53bf1f824f13b60d7b91d",
    "src/nvf_tracer.py": "b2ec48de2769e6890bc9b90204eedbf50413be6e7e496d5406286f41bb430fa4",
    "src/phase3_check_scenario_evidence.py": "9195268d6165ad23154954f553066410e976bac51f625ce3d4a61b41c7ccd3b4",
    "src/phase3_negative_controls.py": "b569d81a898d1350ecad6beb60de360928bf0537632062dafb5345eb2b519066",
    "src/pytest_import_control.py": "8f3f57e68d8efc1fd552388db3eb797eebbd732979202e78f4f2db2091021dc9",
    "src/resource_observer.py": "5a738f4aa0098aaeb0c62bb5dfcb8dc1241c359de91caa9307bd979286e762a1",
    "src/run_read_hook_controls.py": "c5fffa968918773710cb16a8faa620a8ef8efcd14962557bd365054747fea7f5",
    "src/run_scenario.py": "3dc495194be97bd277b6631e7563124bd04f254fcd41355b14a2e5e658f09ebc",
    "src/run_unit_controls.py": "1027ad3bfdb38c90e32b1f549ba2e5c16000206d526c5706a61bc928637e1120",
    "src/tla_hooks.py": "b01ea3c23995cc136c7a5c0f4b8d280aa31a01beb6bd5d7172e5195d08b095df",
    "src/trace_contract.py": "a282af529ad4bf0886f6aee0eb5bef4643afb0f2717d66401c4f0047289dc46c",
    "src/trace_inspect.py": "c1b7c74ced5c8b54c57a02ea8d15a75366ccda6d269f0b7d80fa6b045214a7c9",
    "src/validate_traces.py": "59440681c01c54bd4a9ad355e8d389bb87fc117224ae7203ebb3c21a5bba71c8",
    "stress.sh": "cd0766ae4be090569c8da8e0cccabc17e212223e69b888cbe0b3eafdb3c97576",
    "validate.sh": "a3806be3290e7148d32e271c60fd705f280f7894c2463134cb4f714e8e4cbfb0"
  },
  "result": "ok",
  "seconds": 1.08,
  "network_quiesced": true,
  "events": 5,
  "harness_errors": [],
  "thread_deaths": [],
  "runner_exception": "StorageException: object /home/ubuntu/specula-nvflare-gpt-continuation-20260926/framework/runs/gpt-continuation/nvflare-job/.specula-output/harness/build/work/delete_during_scan/jobs-storage/jobs/f9e71092-36d7-4e41-992f-2ade3d37ef3a does not exist",
  "expected_runner_exception": "StorageException:",
  "assertion_errors": [],
  "resource_observation": {
    "checks": 20,
    "mismatches": [],
    "calls": []
  },
  "scenario_config": {
    "clients": [
      "site-1",
      "site-2"
    ],
    "units": [
      0,
      1
    ],
    "need": 1,
    "max_jobs": 1,
    "max_schedule_count": 10,
    "expiry": 3,
    "min_schedule_interval": 0.0,
    "client_outcome_wait_timeout": 900.0,
    "scenario": "delete_during_scan"
  },
  "network_observation": [],
  "final_status": {
    "j1": "DELETED",
    "j2": "SUBMITTED"
  },
  "traced_prefix_end": "after scenario assertions and network drain; not global shutdown",
  "event_counts": {
    "RunnerScanList": 1,
    "AdminDeleteAuthorize": 1,
    "AdminDeleteExec": 1,
    "RunnerScanReadDeleted": 1,
    "Heartbeat": 1
  },
  "trace_sha256": "eedc68d0ba55d19e0ce0e7ce90792817abb48ef2e56181c2baa773c4026ce97e",
  "finished_ns": 1790400302722167286,
  "exit_code": 0
}
