{
  "scenario": "random_mix_s2",
  "root": "/home/ubuntu/specula-nvflare-gpt-continuation-20260926/framework/runs/gpt-continuation/nvflare-job/.specula-output/harness/build/work/random_mix_s2",
  "nvflare": "/home/ubuntu/specula-nvflare-gpt-continuation-20260926/framework/runs/gpt-continuation/nvflare-job/.specula-output/harness/build/nvflare_src/nvflare/__init__.py",
  "python": "/home/ubuntu/specula-nvflare-gpt-continuation-20260926/nvflare-venv/bin/python",
  "python_version": "3.12.3 (main, Jun 19 2026, 12:46:00) [GCC 13.3.0]",
  "command": [
    "/home/ubuntu/specula-nvflare-gpt-continuation-20260926/nvflare-venv/bin/python",
    "/home/ubuntu/specula-nvflare-gpt-continuation-20260926/framework/runs/gpt-continuation/nvflare-job/.specula-output/harness/src/run_scenario.py",
    "random_mix_s2",
    "--out",
    "/home/ubuntu/specula-nvflare-gpt-continuation-20260926/framework/runs/gpt-continuation/nvflare-job/.specula-output/traces/random_mix_s2.ndjson",
    "--root",
    "/home/ubuntu/specula-nvflare-gpt-continuation-20260926/framework/runs/gpt-continuation/nvflare-job/.specula-output/harness/build/work/random_mix_s2",
    "--report",
    "/home/ubuntu/specula-nvflare-gpt-continuation-20260926/framework/runs/gpt-continuation/nvflare-job/.specula-output/harness/build/reports/random_mix_s2.json"
  ],
  "started_ns": 1790400369877686221,
  "build_provenance": "source=/home/ubuntu/specula-nvflare-gpt-continuation-20260926/source\ncommit=53ba7ee567468ea7971dad4faccef13c6cb35dc2\npatch_sha256=18fabe190f784ad89b88507b43bc1da583487ed617e42d2d9a6b71072fd8d480\ntla_hooks_sha256=b01ea3c23995cc136c7a5c0f4b8d280aa31a01beb6bd5d7172e5195d08b095df\nbuilt=2026-09-26T05:24:07Z\n",
  "harness_sha256": {
    "apply.sh": "b194cbd571020552fe50d0140ea5052bd115348fe35e2aa2fe664b83bb46be50",
    "clean.sh": "7d9e526b9a70e66ca3c3d077eace1d1066642cf6218231613447975f9aee1b8d",
    "make_patch.sh": "3849ec71fdc02a019a769f13a73ccc76a8206796e7697b0649f10085521ea0f9",
    "patches/instrumentation.patch": "18fabe190f784ad89b88507b43bc1da583487ed617e42d2d9a6b71072fd8d480",
    "paths.sh": "652d9113520373ee41346dacd14e6bf3d19c947cd1c733e3bd840a544213d349",
    "run.sh": "68a3ae98acd8bed9b9ce2fea96979be62a78fdb3786826971b6f316820fbfe6b",
    "src/audit_phase2_5.py": "34b84443af54abe8b8c098914b7614749de2d9da5d1ea88c62bef238a96e32c7",
    "src/check_scenario_evidence.py": "f7ce5711dd4c0c164b7d9878a35de5013a9a89c972f86bf212647fb3fedbb080",
    "src/negative_controls.py": "88b33307bf08dc3b769b027e4dd06d4301094facaf159a1338e24f897ea596fd",
    "src/nvf_env.py": "3ce3d0a6fa7f3cb0f78a94c5de10f1e2bdd13d29cc140179c497d3cdd9111dab",
    "src/nvf_scenarios.py": "29d1b09bb1d26bbacad1bb8f91366a94cd12e03890a53bf1f824f13b60d7b91d",
    "src/nvf_tracer.py": "b2ec48de2769e6890bc9b90204eedbf50413be6e7e496d5406286f41bb430fa4",
    "src/phase3_check_scenario_evidence.py": "9195268d6165ad23154954f553066410e976bac51f625ce3d4a61b41c7ccd3b4",
    "src/phase3_negative_controls.py": "b569d81a898d1350ecad6beb60de360928bf0537632062dafb5345eb2b519066",
    "src/pytest_import_control.py": "8f3f57e68d8efc1fd552388db3eb797eebbd732979202e78f4f2db2091021dc9",
    "src/resource_observer.py": "5a738f4aa0098aaeb0c62bb5dfcb8dc1241c359de91caa9307bd979286e762a1",
    "src/run_read_hook_controls.py": "c5fffa968918773710cb16a8faa620a8ef8efcd14962557bd365054747fea7f5",
    "src/run_scenario.py": "3dc495194be97bd277b6631e7563124bd04f254fcd41355b14a2e5e658f09ebc",
    "src/run_unit_controls.py": "1027ad3bfdb38c90e32b1f549ba2e5c16000206d526c5706a61bc928637e1120",
    "src/tla_hooks.py": "b01ea3c23995cc136c7a5c0f4b8d280aa31a01beb6bd5d7172e5195d08b095df",
    "src/trace_contract.py": "a282af529ad4bf0886f6aee0eb5bef4643afb0f2717d66401c4f0047289dc46c",
    "src/trace_inspect.py": "c1b7c74ced5c8b54c57a02ea8d15a75366ccda6d269f0b7d80fa6b045214a7c9",
    "src/validate_traces.py": "59440681c01c54bd4a9ad355e8d389bb87fc117224ae7203ebb3c21a5bba71c8",
    "stress.sh": "cd0766ae4be090569c8da8e0cccabc17e212223e69b888cbe0b3eafdb3c97576",
    "validate.sh": "a3806be3290e7148d32e271c60fd705f280f7894c2463134cb4f714e8e4cbfb0"
  },
  "result": "ok",
  "seconds": 12.14,
  "network_quiesced": true,
  "events": 147,
  "harness_errors": [],
  "thread_deaths": [],
  "runner_exception": null,
  "expected_runner_exception": null,
  "assertion_errors": [],
  "resource_observation": {
    "checks": 1176,
    "mismatches": [],
    "calls": [
      {
        "operation": "allocate_resources",
        "client": "site-1",
        "ts": 1790400371050975656,
        "thread": "cp-site-1-start_job",
        "caller": "/home/ubuntu/specula-nvflare-gpt-continuation-20260926/framework/runs/gpt-continuation/nvflare-job/.specula-output/harness/build/nvflare_src/nvflare/private/fed/client/scheduler_cmds.py:125",
        "arguments": {
          "resource_requirement": {
            "gpu": 1
          },
          "token": "59a14612-cf78-4fd6-aaec-2a266cf9a4e5"
        },
        "free_before": [
          1
        ],
        "return": {
          "gpu": [
            0
          ]
        },
        "free_after": [
          1
        ]
      },
      {
        "operation": "allocate_resources",
        "client": "site-2",
        "ts": 1790400371053763336,
        "thread": "cp-site-2-start_job",
        "caller": "/home/ubuntu/specula-nvflare-gpt-continuation-20260926/framework/runs/gpt-continuation/nvflare-job/.specula-output/harness/build/nvflare_src/nvflare/private/fed/client/scheduler_cmds.py:125",
        "arguments": {
          "resource_requirement": {
            "gpu": 1
          },
          "token": "c6a0dc03-68ea-4012-8c61-45a2962a8022"
        },
        "free_before": [
          1
        ],
        "return": {
          "gpu": [
            0
          ]
        },
        "free_after": [
          1
        ]
      },
      {
        "operation": "free_resources",
        "client": "site-1",
        "ts": 1790400371695706951,
        "thread": "Thread-5 (_wait_child_process_finish)",
        "caller": "/home/ubuntu/specula-nvflare-gpt-continuation-20260926/framework/runs/gpt-continuation/nvflare-job/.specula-output/harness/build/nvflare_src/nvflare/private/fed/client/client_executor.py:699",
        "arguments": {
          "resources": {
            "gpu": [
              0
            ]
          },
          "token": "59a14612-cf78-4fd6-aaec-2a266cf9a4e5"
        },
        "free_before": [
          1
        ],
        "return": null,
        "free_after": [
          0,
          1
        ]
      },
      {
        "operation": "free_resources",
        "client": "site-2",
        "ts": 1790400371762114149,
        "thread": "Thread-6 (_wait_child_process_finish)",
        "caller": "/home/ubuntu/specula-nvflare-gpt-continuation-20260926/framework/runs/gpt-continuation/nvflare-job/.specula-output/harness/build/nvflare_src/nvflare/private/fed/client/client_executor.py:699",
        "arguments": {
          "resources": {
            "gpu": [
              0
            ]
          },
          "token": "c6a0dc03-68ea-4012-8c61-45a2962a8022"
        },
        "free_before": [
          1
        ],
        "return": null,
        "free_after": [
          0,
          1
        ]
      },
      {
        "operation": "allocate_resources",
        "client": "site-1",
        "ts": 1790400372116575994,
        "thread": "cp-site-1-start_job",
        "caller": "/home/ubuntu/specula-nvflare-gpt-continuation-20260926/framework/runs/gpt-continuation/nvflare-job/.specula-output/harness/build/nvflare_src/nvflare/private/fed/client/scheduler_cmds.py:125",
        "arguments": {
          "resource_requirement": {
            "gpu": 1
          },
          "token": "21ef8324-1138-4e29-b5e8-75ee9dc2566d"
        },
        "free_before": [
          1
        ],
        "return": {
          "gpu": [
            0
          ]
        },
        "free_after": [
          1
        ]
      },
      {
        "operation": "free_resources",
        "client": "site-1",
        "ts": 1790400372392901696,
        "thread": "Thread-10 (_wait_child_process_finish)",
        "caller": "/home/ubuntu/specula-nvflare-gpt-continuation-20260926/framework/runs/gpt-continuation/nvflare-job/.specula-output/harness/build/nvflare_src/nvflare/private/fed/client/client_executor.py:699",
        "arguments": {
          "resources": {
            "gpu": [
              0
            ]
          },
          "token": "21ef8324-1138-4e29-b5e8-75ee9dc2566d"
        },
        "free_before": [
          1
        ],
        "return": null,
        "free_after": [
          0,
          1
        ]
      },
      {
        "operation": "allocate_resources",
        "client": "site-1",
        "ts": 1790400373177203876,
        "thread": "cp-site-1-start_job",
        "caller": "/home/ubuntu/specula-nvflare-gpt-continuation-20260926/framework/runs/gpt-continuation/nvflare-job/.specula-output/harness/build/nvflare_src/nvflare/private/fed/client/scheduler_cmds.py:125",
        "arguments": {
          "resource_requirement": {
            "gpu": 1
          },
          "token": "8a8f4ec8-ef27-454a-85aa-e891f7f68868"
        },
        "free_before": [
          1
        ],
        "return": {
          "gpu": [
            0
          ]
        },
        "free_after": [
          1
        ]
      },
      {
        "operation": "allocate_resources",
        "client": "site-2",
        "ts": 1790400373179692054,
        "thread": "cp-site-2-start_job",
        "caller": "/home/ubuntu/specula-nvflare-gpt-continuation-20260926/framework/runs/gpt-continuation/nvflare-job/.specula-output/harness/build/nvflare_src/nvflare/private/fed/client/scheduler_cmds.py:125",
        "arguments": {
          "resource_requirement": {
            "gpu": 1
          },
          "token": "1a381cca-8fb0-4377-befb-b83b10c104bd"
        },
        "free_before": [
          1
        ],
        "return": {
          "gpu": [
            0
          ]
        },
        "free_after": [
          1
        ]
      },
      {
        "operation": "free_resources",
        "client": "site-1",
        "ts": 1790400373545459092,
        "thread": "Thread-12 (_wait_child_process_finish)",
        "caller": "/home/ubuntu/specula-nvflare-gpt-continuation-20260926/framework/runs/gpt-continuation/nvflare-job/.specula-output/harness/build/nvflare_src/nvflare/private/fed/client/client_executor.py:699",
        "arguments": {
          "resources": {
            "gpu": [
              0
            ]
          },
          "token": "8a8f4ec8-ef27-454a-85aa-e891f7f68868"
        },
        "free_before": [
          1
        ],
        "return": null,
        "free_after": [
          0,
          1
        ]
      },
      {
        "operation": "free_resources",
        "client": "site-2",
        "ts": 1790400373611621593,
        "thread": "Thread-13 (_wait_child_process_finish)",
        "caller": "/home/ubuntu/specula-nvflare-gpt-continuation-20260926/framework/runs/gpt-continuation/nvflare-job/.specula-output/harness/build/nvflare_src/nvflare/private/fed/client/client_executor.py:699",
        "arguments": {
          "resources": {
            "gpu": [
              0
            ]
          },
          "token": "1a381cca-8fb0-4377-befb-b83b10c104bd"
        },
        "free_before": [
          1
        ],
        "return": null,
        "free_after": [
          0,
          1
        ]
      }
    ]
  },
  "scenario_config": {
    "clients": [
      "site-1",
      "site-2"
    ],
    "units": [
      0,
      1
    ],
    "need": 1,
    "max_jobs": 2,
    "max_schedule_count": 6,
    "expiry": 3,
    "min_schedule_interval": 0.0,
    "client_outcome_wait_timeout": 3.0,
    "scenario": "random_mix_s2"
  },
  "network_observation": [
    {
      "operation": "admin_route",
      "ts": 1790400371004190412,
      "identity": {
        "type": "CHECK",
        "job": "j1",
        "cl": "c1",
        "att": 1,
        "ok": false,
        "code": 0,
        "flag": false,
        "_to": "site-1"
      },
      "policy": "deliver"
    },
    {
      "operation": "admin_route",
      "ts": 1790400371005063418,
      "identity": {
        "type": "CHECK",
        "job": "j1",
        "cl": "c2",
        "att": 1,
        "ok": false,
        "code": 0,
        "flag": false,
        "_to": "site-2"
      },
      "policy": "deliver"
    },
    {
      "operation": "admin_reply",
      "ts": 1790400371007495820,
      "topic": "scheduler.check_resource",
      "client": "site-1",
      "reply_retained": true
    },
    {
      "operation": "admin_reply",
      "ts": 1790400371009919494,
      "topic": "scheduler.check_resource",
      "client": "site-2",
      "reply_retained": true
    },
    {
      "operation": "admin_wait",
      "ts": 1790400371009983293,
      "requested_timeout_seconds": 15,
      "elapsed_seconds": 0.005810786969959736,
      "deferred_by_trace_lock": false,
      "replies": [
        true,
        true
      ]
    },
    {
      "operation": "admin_route",
      "ts": 1790400371018564679,
      "identity": {
        "type": "DEPLOY",
        "job": "j1",
        "cl": "c1",
        "_to": "site-1"
      },
      "policy": "deliver"
    },
    {
      "operation": "admin_route",
      "ts": 1790400371018752075,
      "identity": {
        "type": "DEPLOY",
        "job": "j1",
        "cl": "c2",
        "_to": "site-2"
      },
      "policy": "deliver"
    },
    {
      "operation": "admin_reply",
      "ts": 1790400371024152458,
      "topic": "train.deploy",
      "client": "site-2",
      "reply_retained": true
    },
    {
      "operation": "admin_reply",
      "ts": 1790400371024377619,
      "topic": "train.deploy",
      "client": "site-1",
      "reply_retained": true
    },
    {
      "operation": "admin_wait",
      "ts": 1790400371024445479,
      "requested_timeout_seconds": 5.0,
      "elapsed_seconds": 0.005891154520213604,
      "deferred_by_trace_lock": false,
      "replies": [
        true,
        true
      ]
    },
    {
      "operation": "admin_route",
      "ts": 1790400371050765696,
      "identity": {
        "type": "START",
        "job": "j1",
        "cl": "c1",
        "att": 1,
        "ok": false,
        "code": 0,
        "flag": false,
        "_to": "site-1"
      },
      "policy": "deliver"
    },
    {
      "operation": "admin_route",
      "ts": 1790400371051101571,
      "identity": {
        "type": "START",
        "job": "j1",
        "cl": "c2",
        "att": 1,
        "ok": false,
        "code": 0,
        "flag": false,
        "_to": "site-2"
      },
      "policy": "deliver"
    },
    {
      "operation": "admin_reply",
      "ts": 1790400371062154026,
      "topic": "train.start_job",
      "client": "site-1",
      "reply_retained": true
    },
    {
      "operation": "admin_reply",
      "ts": 1790400371067314350,
      "topic": "train.start_job",
      "client": "site-2",
      "reply_retained": true
    },
    {
      "operation": "admin_wait",
      "ts": 1790400371067378730,
      "requested_timeout_seconds": 20,
      "elapsed_seconds": 0.016622867435216904,
      "deferred_by_trace_lock": false,
      "replies": [
        true,
        true
      ]
    },
    {
      "operation": "report_send",
      "ts": 1790400371695550991,
      "identity": {
        "type": "REPORT",
        "job": "j1",
        "cl": "c1",
        "att": 0,
        "ok": false,
        "code": 104,
        "flag": false
      },
      "stub_result": "immediate injected timeout",
      "deferred_by_trace_lock": true
    },
    {
      "operation": "report_route",
      "ts": 1790400371697672265,
      "identity": {
        "type": "REPORT",
        "job": "j1",
        "cl": "c1",
        "att": 0,
        "ok": false,
        "code": 104,
        "flag": false
      },
      "policy": "deliver"
    },
    {
      "operation": "admin_wait",
      "ts": 1790400371698299209,
      "requested_timeout_seconds": 2.0,
      "elapsed_seconds": 1.751631498336792e-05,
      "deferred_by_trace_lock": true,
      "replies": [
        false,
        false
      ]
    },
    {
      "operation": "sj_command",
      "ts": 1790400371698334630,
      "topic": "abort",
      "job": "j1",
      "wait_reply": true,
      "stub_result": "immediate injected timeout",
      "deferred_by_trace_lock": true
    },
    {
      "operation": "admin_route",
      "ts": 1790400371700725631,
      "identity": {
        "type": "ABORT",
        "job": "j1",
        "cl": "c1",
        "att": 0,
        "ok": false,
        "code": 0,
        "flag": false,
        "_to": "site-1"
      },
      "policy": "deliver"
    },
    {
      "operation": "admin_route",
      "ts": 1790400371701061486,
      "identity": {
        "type": "ABORT",
        "job": "j1",
        "cl": "c2",
        "att": 0,
        "ok": false,
        "code": 0,
        "flag": false,
        "_to": "site-2"
      },
      "policy": "deliver"
    },
    {
      "operation": "admin_reply",
      "ts": 1790400371703331859,
      "topic": "train.abort",
      "client": "site-1",
      "reply_retained": false
    },
    {
      "operation": "report_send",
      "ts": 1790400371761974593,
      "identity": {
        "type": "REPORT",
        "job": "j1",
        "cl": "c2",
        "att": 0,
        "ok": false,
        "code": 0,
        "flag": false
      },
      "stub_result": "immediate injected timeout",
      "deferred_by_trace_lock": true
    },
    {
      "operation": "report_route",
      "ts": 1790400371764118570,
      "identity": {
        "type": "REPORT",
        "job": "j1",
        "cl": "c2",
        "att": 0,
        "ok": false,
        "code": 0,
        "flag": false
      },
      "policy": "deliver"
    },
    {
      "operation": "admin_reply",
      "ts": 1790400371809960870,
      "topic": "train.abort",
      "client": "site-2",
      "reply_retained": false
    },
    {
      "operation": "admin_wait",
      "ts": 1790400371993737544,
      "requested_timeout_seconds": 2.0,
      "elapsed_seconds": 1.749582588672638e-05,
      "deferred_by_trace_lock": true,
      "replies": [
        false,
        false
      ]
    },
    {
      "operation": "admin_route",
      "ts": 1790400371995712142,
      "identity": {
        "type": "ABORT",
        "job": "j1",
        "cl": "c1",
        "att": 0,
        "ok": false,
        "code": 0,
        "flag": false,
        "_to": "site-1"
      },
      "policy": "deliver"
    },
    {
      "operation": "admin_route",
      "ts": 1790400371996147873,
      "identity": {
        "type": "ABORT",
        "job": "j1",
        "cl": "c2",
        "att": 0,
        "ok": false,
        "code": 0,
        "flag": false,
        "_to": "site-2"
      },
      "policy": "deliver"
    },
    {
      "operation": "admin_reply",
      "ts": 1790400372000933175,
      "topic": "train.abort",
      "client": "site-1",
      "reply_retained": false
    },
    {
      "operation": "admin_reply",
      "ts": 1790400372003268373,
      "topic": "train.abort",
      "client": "site-2",
      "reply_retained": false
    },
    {
      "operation": "admin_route",
      "ts": 1790400372084113186,
      "identity": {
        "type": "CHECK",
        "job": "j2",
        "cl": "c1",
        "att": 2,
        "ok": false,
        "code": 0,
        "flag": false,
        "_to": "site-1"
      },
      "policy": "deliver"
    },
    {
      "operation": "admin_reply",
      "ts": 1790400372086532353,
      "topic": "scheduler.check_resource",
      "client": "site-1",
      "reply_retained": true
    },
    {
      "operation": "admin_wait",
      "ts": 1790400372086596353,
      "requested_timeout_seconds": 15,
      "elapsed_seconds": 0.002495444379746914,
      "deferred_by_trace_lock": false,
      "replies": [
        true
      ]
    },
    {
      "operation": "admin_route",
      "ts": 1790400372093864736,
      "identity": {
        "type": "DEPLOY",
        "job": "j2",
        "cl": "c1",
        "_to": "site-1"
      },
      "policy": "deliver"
    },
    {
      "operation": "admin_reply",
      "ts": 1790400372096241341,
      "topic": "train.deploy",
      "client": "site-1",
      "reply_retained": true
    },
    {
      "operation": "admin_wait",
      "ts": 1790400372096293782,
      "requested_timeout_seconds": 5.0,
      "elapsed_seconds": 0.0024377191439270973,
      "deferred_by_trace_lock": false,
      "replies": [
        true
      ]
    },
    {
      "operation": "admin_route",
      "ts": 1790400372116288676,
      "identity": {
        "type": "START",
        "job": "j2",
        "cl": "c1",
        "att": 2,
        "ok": false,
        "code": 0,
        "flag": false,
        "_to": "site-1"
      },
      "policy": "deliver"
    },
    {
      "operation": "admin_reply",
      "ts": 1790400372123256031,
      "topic": "train.start_job",
      "client": "site-1",
      "reply_retained": true
    },
    {
      "operation": "admin_wait",
      "ts": 1790400372123322273,
      "requested_timeout_seconds": 20,
      "elapsed_seconds": 0.007042331621050835,
      "deferred_by_trace_lock": false,
      "replies": [
        true
      ]
    },
    {
      "operation": "report_send",
      "ts": 1790400372392800738,
      "identity": {
        "type": "REPORT",
        "job": "j2",
        "cl": "c1",
        "att": 0,
        "ok": false,
        "code": 0,
        "flag": false
      },
      "stub_result": "immediate injected timeout",
      "deferred_by_trace_lock": true
    },
    {
      "operation": "report_route",
      "ts": 1790400372394722437,
      "identity": {
        "type": "REPORT",
        "job": "j2",
        "cl": "c1",
        "att": 0,
        "ok": false,
        "code": 0,
        "flag": false
      },
      "policy": "deliver"
    },
    {
      "operation": "admin_route",
      "ts": 1790400373140226469,
      "identity": {
        "type": "CHECK",
        "job": "j3",
        "cl": "c1",
        "att": 3,
        "ok": false,
        "code": 0,
        "flag": false,
        "_to": "site-1"
      },
      "policy": "deliver"
    },
    {
      "operation": "admin_route",
      "ts": 1790400373140863638,
      "identity": {
        "type": "CHECK",
        "job": "j3",
        "cl": "c2",
        "att": 3,
        "ok": false,
        "code": 0,
        "flag": false,
        "_to": "site-2"
      },
      "policy": "deliver"
    },
    {
      "operation": "admin_reply",
      "ts": 1790400373143049071,
      "topic": "scheduler.check_resource",
      "client": "site-1",
      "reply_retained": true
    },
    {
      "operation": "admin_reply",
      "ts": 1790400373145275875,
      "topic": "scheduler.check_resource",
      "client": "site-2",
      "reply_retained": true
    },
    {
      "operation": "admin_wait",
      "ts": 1790400373145342573,
      "requested_timeout_seconds": 15,
      "elapsed_seconds": 0.005127810873091221,
      "deferred_by_trace_lock": false,
      "replies": [
        true,
        true
      ]
    },
    {
      "operation": "admin_route",
      "ts": 1790400373152568594,
      "identity": {
        "type": "DEPLOY",
        "job": "j3",
        "cl": "c1",
        "_to": "site-1"
      },
      "policy": "deliver"
    },
    {
      "operation": "admin_route",
      "ts": 1790400373152729020,
      "identity": {
        "type": "DEPLOY",
        "job": "j3",
        "cl": "c2",
        "_to": "site-2"
      },
      "policy": "deliver"
    },
    {
      "operation": "admin_reply",
      "ts": 1790400373158111281,
      "topic": "train.deploy",
      "client": "site-1",
      "reply_retained": true
    },
    {
      "operation": "admin_reply",
      "ts": 1790400373158324099,
      "topic": "train.deploy",
      "client": "site-2",
      "reply_retained": true
    },
    {
      "operation": "admin_wait",
      "ts": 1790400373158375384,
      "requested_timeout_seconds": 5.0,
      "elapsed_seconds": 0.005815513432025909,
      "deferred_by_trace_lock": false,
      "replies": [
        true,
        true
      ]
    },
    {
      "operation": "admin_route",
      "ts": 1790400373177000481,
      "identity": {
        "type": "START",
        "job": "j3",
        "cl": "c1",
        "att": 3,
        "ok": false,
        "code": 0,
        "flag": false,
        "_to": "site-1"
      },
      "policy": "deliver"
    },
    {
      "operation": "admin_route",
      "ts": 1790400373177309726,
      "identity": {
        "type": "START",
        "job": "j3",
        "cl": "c2",
        "att": 3,
        "ok": false,
        "code": 0,
        "flag": false,
        "_to": "site-2"
      },
      "policy": "deliver"
    },
    {
      "operation": "admin_reply",
      "ts": 1790400373188088394,
      "topic": "train.start_job",
      "client": "site-1",
      "reply_retained": true
    },
    {
      "operation": "admin_reply",
      "ts": 1790400373192142929,
      "topic": "train.start_job",
      "client": "site-2",
      "reply_retained": true
    },
    {
      "operation": "admin_wait",
      "ts": 1790400373192205331,
      "requested_timeout_seconds": 20,
      "elapsed_seconds": 0.015214002691209316,
      "deferred_by_trace_lock": false,
      "replies": [
        true,
        true
      ]
    },
    {
      "operation": "report_send",
      "ts": 1790400373545309292,
      "identity": {
        "type": "REPORT",
        "job": "j3",
        "cl": "c1",
        "att": 0,
        "ok": false,
        "code": 101,
        "flag": false
      },
      "stub_result": "immediate injected timeout",
      "deferred_by_trace_lock": true
    },
    {
      "operation": "report_route",
      "ts": 1790400373547411808,
      "identity": {
        "type": "REPORT",
        "job": "j3",
        "cl": "c1",
        "att": 0,
        "ok": false,
        "code": 101,
        "flag": false
      },
      "policy": "deliver"
    },
    {
      "operation": "admin_wait",
      "ts": 1790400373547987315,
      "requested_timeout_seconds": 2.0,
      "elapsed_seconds": 1.798570156097412e-05,
      "deferred_by_trace_lock": true,
      "replies": [
        false,
        false
      ]
    },
    {
      "operation": "sj_command",
      "ts": 1790400373548016708,
      "topic": "abort",
      "job": "j3",
      "wait_reply": true,
      "stub_result": "immediate injected timeout",
      "deferred_by_trace_lock": true
    },
    {
      "operation": "admin_route",
      "ts": 1790400373550352949,
      "identity": {
        "type": "ABORT",
        "job": "j3",
        "cl": "c1",
        "att": 0,
        "ok": false,
        "code": 0,
        "flag": false,
        "_to": "site-1"
      },
      "policy": "deliver"
    },
    {
      "operation": "admin_route",
      "ts": 1790400373550638940,
      "identity": {
        "type": "ABORT",
        "job": "j3",
        "cl": "c2",
        "att": 0,
        "ok": false,
        "code": 0,
        "flag": false,
        "_to": "site-2"
      },
      "policy": "deliver"
    },
    {
      "operation": "admin_reply",
      "ts": 1790400373552817082,
      "topic": "train.abort",
      "client": "site-1",
      "reply_retained": false
    },
    {
      "operation": "report_send",
      "ts": 1790400373611458202,
      "identity": {
        "type": "REPORT",
        "job": "j3",
        "cl": "c2",
        "att": 0,
        "ok": false,
        "code": 0,
        "flag": false
      },
      "stub_result": "immediate injected timeout",
      "deferred_by_trace_lock": true
    },
    {
      "operation": "report_route",
      "ts": 1790400373613563132,
      "identity": {
        "type": "REPORT",
        "job": "j3",
        "cl": "c2",
        "att": 0,
        "ok": false,
        "code": 0,
        "flag": false
      },
      "policy": "deliver"
    },
    {
      "operation": "admin_reply",
      "ts": 1790400373659509721,
      "topic": "train.abort",
      "client": "site-2",
      "reply_retained": false
    },
    {
      "operation": "admin_wait",
      "ts": 1790400374021682140,
      "requested_timeout_seconds": 2.0,
      "elapsed_seconds": 1.7345882952213287e-05,
      "deferred_by_trace_lock": true,
      "replies": [
        false,
        false
      ]
    },
    {
      "operation": "admin_route",
      "ts": 1790400374023726281,
      "identity": {
        "type": "ABORT",
        "job": "j3",
        "cl": "c1",
        "att": 0,
        "ok": false,
        "code": 0,
        "flag": false,
        "_to": "site-1"
      },
      "policy": "deliver"
    },
    {
      "operation": "admin_route",
      "ts": 1790400374024197234,
      "identity": {
        "type": "ABORT",
        "job": "j3",
        "cl": "c2",
        "att": 0,
        "ok": false,
        "code": 0,
        "flag": false,
        "_to": "site-2"
      },
      "policy": "deliver"
    },
    {
      "operation": "admin_reply",
      "ts": 1790400374028982961,
      "topic": "train.abort",
      "client": "site-1",
      "reply_retained": false
    },
    {
      "operation": "admin_reply",
      "ts": 1790400374031206901,
      "topic": "train.abort",
      "client": "site-2",
      "reply_retained": false
    }
  ],
  "final_status": {
    "j1": "DELETED",
    "j2": "DELETED",
    "j3": "DELETED",
    "j4": "DELETED"
  },
  "traced_prefix_end": "after scenario assertions and network drain; not global shutdown",
  "event_counts": {
    "AdminAbortBegin": 1,
    "AdminAbortWrite": 1,
    "Heartbeat": 4,
    "RunnerScanList": 11,
    "RunnerScanRead": 11,
    "RunnerTryNext": 3,
    "CpCheckResource": 5,
    "RunnerCheckCollect": 3,
    "RunnerCheckSubmitted": 3,
    "RunnerDeployJob": 3,
    "RunnerSetDispatched": 3,
    "RunnerMetaRead": 3,
    "RunnerMetaWrite": 3,
    "RunnerCheckDispatched": 3,
    "RunnerStartServerApp": 3,
    "CpStartAllocate": 5,
    "CpStartRegister": 5,
    "CpStartLaunch": 5,
    "RunnerStartCollect": 3,
    "RunnerInsertRunning": 3,
    "RunnerSetRunning": 3,
    "CjNotifyStarted": 4,
    "AdminDeleteAuthorize": 4,
    "AdminDeleteExec": 4,
    "CjExit": 5,
    "CpChildFinished": 5,
    "SpProcessJobFailure": 5,
    "CpAbortApp": 8,
    "SjHandleAbort": 2,
    "CjHandleAbort": 2,
    "SpWaitRead": 3,
    "SpUpdateRunStatus": 3,
    "CpTerminateJob": 2,
    "SpWaitForComplete": 3,
    "SpRemoveRunProcesses": 2,
    "CmpFinalizeBegin": 3,
    "CmpPublish": 3,
    "CmpRemove": 3,
    "SjFinish": 1,
    "CjNotifyStopped": 1
  },
  "trace_sha256": "56c4200187f1320eceb3ad2c6046f5ea2c5d6a301c3afd620edf326f0925f60c",
  "finished_ns": 1790400382018303156,
  "exit_code": 0
}
