[0;32m================================[0m
[0;32mTLC Model Checking Mode[0m
[0;32m================================[0m
Spec File:       MC.tla
Config File:     MC.cfg
Memory Limit:    8G
Off-heap Memory: 16G
Workers:         auto
Timeout:         30 minutes
[0;34m--- Model Checking Settings ---[0m
Depth Limit:     0
Checkpoint:      10 minutes
Log File:        output/MC_convergence_round1.out
[0;32m================================[0m
[1;33mExecuting Command:[0m
java -XX:+UseParallelGC -Dtlc2.tool.fp.FPSet.impl=tlc2.tool.fp.OffHeapDiskFPSet -XX:MaxDirectMemorySize=16G -Xmx8G -Xms8G -cp <specula-e2e>/lib/CommunityModules-deps.jar:<specula-e2e>/lib/tla2tools.jar tlc2.TLC -config MC.cfg MC.tla -workers auto -checkpoint 10 -metadir <tlc-metadir> 

TLC resource budget (Specula run solr-broad-prompt-v2-20260824b):
  memory source: auto (80% of effective available memory at first TLC start)
  effective memory at start: 377.85 GiB total, 295.66 GiB available
  other/system use at start: 82.2 GiB
  memory limit: 236.53 GiB
  active TLC reserved before request: 0 bytes (this agent: 0 bytes)
  this request: 24 GiB (heap 8 GiB + off-heap 16 GiB)
  remaining before request: 236.53 GiB
  remaining after admission: 212.53 GiB
  worker limit: unbounded (report only)
  active TLC workers before request: 0 (this agent: 0)
  this request workers: 96 (auto)
  worker note: auto is per TLC; concurrent auto runs can oversubscribe CPUs
  result: admitted
TLC2 Version 2026.07.09.134028 (rev: 227f61b)
Running breadth-first search Model-Checking with fp 5 and seed -213999795232299488 with 96 workers on 96 cores with 7851MB heap and 16384MB offheap memory [pid: 1133624] (Linux 6.8.0-1044-azure amd64, Ubuntu 21.0.11 64bit, OffHeapDiskFPSet, DiskStateQueue).
Parsing file <run-output>/spec/MC.tla
Parsing file <run-output>/spec/base.tla
Parsing file <tlc-temp>/_TLCTrace.tla (jar:file:<specula-e2e>/lib/tla2tools.jar!/tla2sany/StandardModules/_TLCTrace.tla)
Parsing file <tlc-temp>/Naturals.tla (jar:file:<specula-e2e>/lib/tla2tools.jar!/tla2sany/StandardModules/Naturals.tla)
Parsing file <tlc-temp>/FiniteSets.tla (jar:file:<specula-e2e>/lib/tla2tools.jar!/tla2sany/StandardModules/FiniteSets.tla)
Parsing file <tlc-temp>/TLC.tla (jar:file:<specula-e2e>/lib/tla2tools.jar!/tla2sany/StandardModules/TLC.tla)
Parsing file <tlc-temp>/Sequences.tla (jar:file:<specula-e2e>/lib/tla2tools.jar!/tla2sany/StandardModules/Sequences.tla)
Parsing file <tlc-temp>/TLCExt.tla (jar:file:<specula-e2e>/lib/tla2tools.jar!/tla2sany/StandardModules/TLCExt.tla)
Parsing file <tlc-temp>/Integers.tla (jar:file:<specula-e2e>/lib/tla2tools.jar!/tla2sany/StandardModules/Integers.tla)
Semantic processing of module Naturals
Semantic processing of module Sequences
Semantic processing of module FiniteSets
Semantic processing of module TLC
Semantic processing of module base
Semantic processing of module Integers
Semantic processing of module TLCExt
Semantic processing of module _TLCTrace
Semantic processing of module MC
Linting of module base
Linting of module TLCExt
Linting of module _TLCTrace
Linting of module MC
Starting... (2026-08-24 14:38:00)
Computing initial states...
Finished computing initial states: 1 distinct state generated at 2026-08-24 14:38:01.
Progress(18) at 2026-08-24 14:38:04: 2,485,258 states generated (2,485,258 s/min), 477,646 distinct states found (477,646 ds/min), 241,702 states left on queue.
Progress(25) at 2026-08-24 14:39:04: 119,664,665 states generated (117,179,407 s/min), 17,423,937 distinct states found (16,946,291 ds/min), 5,978,753 states left on queue.
Progress(27) at 2026-08-24 14:40:04: 242,079,074 states generated (122,414,409 s/min), 33,545,010 distinct states found (16,121,073 ds/min), 10,312,200 states left on queue.
Progress(28) at 2026-08-24 14:41:04: 366,258,506 states generated (124,179,432 s/min), 49,614,588 distinct states found (16,069,578 ds/min), 14,352,276 states left on queue.
Progress(29) at 2026-08-24 14:42:04: 493,162,011 states generated (126,903,505 s/min), 65,322,698 distinct states found (15,708,110 ds/min), 17,690,293 states left on queue.
Progress(29) at 2026-08-24 14:43:04: 619,383,142 states generated (126,221,131 s/min), 80,631,788 distinct states found (15,309,090 ds/min), 20,648,954 states left on queue.
Progress(30) at 2026-08-24 14:44:04: 746,485,805 states generated (127,102,663 s/min), 96,211,733 distinct states found (15,579,945 ds/min), 23,850,463 states left on queue.
Progress(30) at 2026-08-24 14:45:04: 876,842,528 states generated (130,356,723 s/min), 111,671,562 distinct states found (15,459,829 ds/min), 26,654,578 states left on queue.
Progress(31) at 2026-08-24 14:46:04: 1,003,585,251 states generated (126,742,723 s/min), 126,725,402 distinct states found (15,053,840 ds/min), 29,093,872 states left on queue.
Progress(31) at 2026-08-24 14:47:04: 1,134,463,640 states generated (130,878,389 s/min), 141,949,750 distinct states found (15,224,348 ds/min), 31,605,896 states left on queue.
Checkpointing of run <tlc-metadir>/26-08-24-14-38-00.369
Checkpointing completed at (2026-08-24 14:48:04)
Progress(32) at 2026-08-24 14:48:04: 1,262,805,284 states generated (128,341,644 s/min), 157,154,092 distinct states found (15,204,342 ds/min), 34,001,790 states left on queue.
Progress(32) at 2026-08-24 14:49:04: 1,390,971,065 states generated (128,165,781 s/min), 171,480,080 distinct states found (14,325,988 ds/min), 35,463,694 states left on queue.
Progress(33) at 2026-08-24 14:50:04: 1,519,063,437 states generated (128,092,372 s/min), 186,454,303 distinct states found (14,974,223 ds/min), 37,960,577 states left on queue.
Progress(33) at 2026-08-24 14:51:04: 1,645,851,441 states generated (126,788,004 s/min), 200,626,065 distinct states found (14,171,762 ds/min), 39,455,337 states left on queue.
Progress(33) at 2026-08-24 14:52:04: 1,773,971,605 states generated (128,120,164 s/min), 214,899,241 distinct states found (14,273,176 ds/min), 40,828,630 states left on queue.
Progress(34) at 2026-08-24 14:53:04: 1,901,583,596 states generated (127,611,991 s/min), 229,527,946 distinct states found (14,628,705 ds/min), 43,001,879 states left on queue.

[0;32m================================[0m
[1;33m⚠ Exited abnormally (exit code: 143)[0m
[0;32m================================[0m
