TLC2 Version 2026.07.09.134028 (rev: 227f61b)
Running breadth-first search Model-Checking with fp 48 and seed -352530736548564601 with 96 workers on 96 cores with 7851MB heap and 16384MB offheap memory [pid: 1243789] (Linux 6.8.0-1044-azure amd64, Ubuntu 21.0.11 64bit, OffHeapDiskFPSet, DiskStateQueue).
Parsing file <run-output>/spec/MC.tla
Parsing file <run-output>/spec/base.tla
Parsing file <tlc-temp>/_TLCTrace.tla (jar:file:<specula-e2e>/lib/tla2tools.jar!/tla2sany/StandardModules/_TLCTrace.tla)
Parsing file <tlc-temp>/Naturals.tla (jar:file:<specula-e2e>/lib/tla2tools.jar!/tla2sany/StandardModules/Naturals.tla)
Parsing file <tlc-temp>/FiniteSets.tla (jar:file:<specula-e2e>/lib/tla2tools.jar!/tla2sany/StandardModules/FiniteSets.tla)
Parsing file <tlc-temp>/TLC.tla (jar:file:<specula-e2e>/lib/tla2tools.jar!/tla2sany/StandardModules/TLC.tla)
Parsing file <tlc-temp>/Sequences.tla (jar:file:<specula-e2e>/lib/tla2tools.jar!/tla2sany/StandardModules/Sequences.tla)
Parsing file <tlc-temp>/TLCExt.tla (jar:file:<specula-e2e>/lib/tla2tools.jar!/tla2sany/StandardModules/TLCExt.tla)
Parsing file <tlc-temp>/Integers.tla (jar:file:<specula-e2e>/lib/tla2tools.jar!/tla2sany/StandardModules/Integers.tla)
Semantic processing of module Naturals
Semantic processing of module Sequences
Semantic processing of module FiniteSets
Semantic processing of module TLC
Semantic processing of module base
Semantic processing of module Integers
Semantic processing of module TLCExt
Semantic processing of module _TLCTrace
Semantic processing of module MC
Linting of module base
Linting of module TLCExt
Linting of module _TLCTrace
Linting of module MC
Starting... (2026-08-24 15:25:15)
Computing initial states...
Finished computing initial states: 1 distinct state generated at 2026-08-24 15:25:17.
Progress(18) at 2026-08-24 15:25:20: 2,924,731 states generated (2,924,731 s/min), 551,940 distinct states found (551,940 ds/min), 274,721 states left on queue.
Progress(25) at 2026-08-24 15:26:20: 119,311,230 states generated (116,386,499 s/min), 17,333,540 distinct states found (16,781,600 ds/min), 5,948,971 states left on queue.
Progress(26) at 2026-08-24 15:27:20: 243,290,204 states generated (123,978,974 s/min), 33,575,505 distinct states found (16,241,965 ds/min), 10,282,173 states left on queue.
Progress(28) at 2026-08-24 15:28:20: 371,000,499 states generated (127,710,295 s/min), 50,011,735 distinct states found (16,436,230 ds/min), 14,307,777 states left on queue.
Progress(28) at 2026-08-24 15:29:20: 500,568,961 states generated (129,568,462 s/min), 65,953,044 distinct states found (15,941,309 ds/min), 17,708,863 states left on queue.
Progress(29) at 2026-08-24 15:30:20: 630,428,954 states generated (129,859,993 s/min), 81,787,656 distinct states found (15,834,612 ds/min), 20,840,829 states left on queue.
Progress(30) at 2026-08-24 15:31:20: 758,983,531 states generated (128,554,577 s/min), 97,629,573 distinct states found (15,841,917 ds/min), 24,045,099 states left on queue.
Progress(30) at 2026-08-24 15:32:20: 889,485,499 states generated (130,501,968 s/min), 112,891,195 distinct states found (15,261,622 ds/min), 26,659,694 states left on queue.
Progress(31) at 2026-08-24 15:33:20: 1,019,323,959 states generated (129,838,460 s/min), 128,445,432 distinct states found (15,554,237 ds/min), 29,221,975 states left on queue.
Progress(31) at 2026-08-24 15:34:20: 1,153,961,264 states generated (134,637,305 s/min), 143,871,370 distinct states found (15,425,938 ds/min), 31,672,344 states left on queue.
Checkpointing of run /dev/shm/tlc-states-UQ1Ggr/26-08-24-15-25-15.609
Checkpointing completed at (2026-08-24 15:35:20)
Progress(32) at 2026-08-24 15:35:20: 1,284,051,076 states generated (130,089,812 s/min), 159,445,766 distinct states found (15,574,396 ds/min), 34,205,892 states left on queue.
Progress(32) at 2026-08-24 15:36:20: 1,417,949,972 states generated (133,898,896 s/min), 174,205,245 distinct states found (14,759,479 ds/min), 35,897,689 states left on queue.
Progress(33) at 2026-08-24 15:37:20: 1,546,744,864 states generated (128,794,892 s/min), 189,357,786 distinct states found (15,152,541 ds/min), 38,184,064 states left on queue.
Progress(33) at 2026-08-24 15:38:20: 1,678,318,740 states generated (131,573,876 s/min), 204,002,230 distinct states found (14,644,444 ds/min), 39,653,025 states left on queue.
Progress(33) at 2026-08-24 15:39:20: 1,812,870,175 states generated (134,551,435 s/min), 218,658,023 distinct states found (14,655,793 ds/min), 41,271,241 states left on queue.
Progress(34) at 2026-08-24 15:40:20: 1,941,062,662 states generated (128,192,487 s/min), 233,650,773 distinct states found (14,992,750 ds/min), 43,167,144 states left on queue.
Progress(34) at 2026-08-24 15:41:20: 2,070,221,352 states generated (129,158,690 s/min), 247,804,868 distinct states found (14,154,095 ds/min), 44,369,797 states left on queue.
Progress(34) at 2026-08-24 15:42:20: 2,202,823,186 states generated (132,601,834 s/min), 261,996,126 distinct states found (14,191,258 ds/min), 45,709,438 states left on queue.
Progress(34) at 2026-08-24 15:43:20: 2,330,005,435 states generated (127,182,249 s/min), 276,389,141 distinct states found (14,393,015 ds/min), 47,089,849 states left on queue.
Progress(35) at 2026-08-24 15:44:20: 2,459,635,125 states generated (129,629,690 s/min), 290,885,756 distinct states found (14,496,615 ds/min), 48,537,255 states left on queue.
Checkpointing of run /dev/shm/tlc-states-UQ1Ggr/26-08-24-15-25-15.609
Checkpointing completed at (2026-08-24 15:45:28)
Progress(35) at 2026-08-24 15:45:28: 2,608,907,754 states generated (149,272,629 s/min), 306,345,197 distinct states found (15,459,441 ds/min), 48,835,222 states left on queue.
Progress(35) at 2026-08-24 15:46:28: 2,737,389,526 states generated (128,481,772 s/min), 320,327,330 distinct states found (13,982,133 ds/min), 50,227,028 states left on queue.
Progress(36) at 2026-08-24 15:47:28: 2,865,250,554 states generated (127,861,028 s/min), 334,633,291 distinct states found (14,305,961 ds/min), 51,352,045 states left on queue.
Progress(36) at 2026-08-24 15:48:28: 2,996,866,229 states generated (131,615,675 s/min), 348,244,201 distinct states found (13,610,910 ds/min), 51,651,384 states left on queue.
Progress(36) at 2026-08-24 15:49:28: 3,129,894,005 states generated (133,027,776 s/min), 362,086,733 distinct states found (13,842,532 ds/min), 52,366,462 states left on queue.
Progress(36) at 2026-08-24 15:50:28: 3,259,880,331 states generated (129,986,326 s/min), 376,032,064 distinct states found (13,945,331 ds/min), 53,014,807 states left on queue.
Progress(37) at 2026-08-24 15:51:28: 3,388,453,386 states generated (128,573,055 s/min), 390,181,009 distinct states found (14,148,945 ds/min), 53,996,357 states left on queue.
Progress(37) at 2026-08-24 15:52:28: 3,520,658,536 states generated (132,205,150 s/min), 403,406,453 distinct states found (13,225,444 ds/min), 53,672,987 states left on queue.
Progress(37) at 2026-08-24 15:53:28: 3,654,621,262 states generated (133,962,726 s/min), 417,070,334 distinct states found (13,663,881 ds/min), 54,048,810 states left on queue.
Progress(37) at 2026-08-24 15:54:28: 3,785,163,196 states generated (130,541,934 s/min), 430,887,998 distinct states found (13,817,664 ds/min), 54,331,169 states left on queue.
