[0;32m================================[0m
[0;32mTLC Model Checking Mode[0m
[0;32m================================[0m
Spec File:       MC.tla
Config File:     MC.cfg
Memory Limit:    8G
Off-heap Memory: 16G
Workers:         auto
Timeout:         30 minutes
[0;34m--- Model Checking Settings ---[0m
Depth Limit:     0
Checkpoint:      10 minutes
Log File:        output/MC_convergence_round1.out
[0;32m================================[0m
[1;33mExecuting Command:[0m
java -XX:+UseParallelGC -Dtlc2.tool.fp.FPSet.impl=tlc2.tool.fp.OffHeapDiskFPSet -XX:MaxDirectMemorySize=16G -Xmx8G -Xms8G -cp <specula-e2e>/lib/CommunityModules-deps.jar:<specula-e2e>/lib/tla2tools.jar tlc2.TLC -config MC.cfg MC.tla -workers auto -checkpoint 10 -metadir <tlc-metadir> 

TLC resource budget (Specula run solr-broad-prompt-v2-20260824b):
  memory source: auto (80% of effective available memory at first TLC start)
  effective memory at start: 377.85 GiB total, 295.66 GiB available
  other/system use at start: 82.2 GiB
  memory limit: 236.53 GiB
  active TLC reserved before request: 0 bytes (this agent: 0 bytes)
  this request: 24 GiB (heap 8 GiB + off-heap 16 GiB)
  remaining before request: 236.53 GiB
  remaining after admission: 212.53 GiB
  worker limit: unbounded (report only)
  active TLC workers before request: 0 (this agent: 0)
  this request workers: 96 (auto)
  worker note: auto is per TLC; concurrent auto runs can oversubscribe CPUs
  result: admitted
TLC2 Version 2026.07.09.134028 (rev: 227f61b)
Running breadth-first search Model-Checking with fp 105 and seed 8245948838255659355 with 96 workers on 96 cores with 7851MB heap and 16384MB offheap memory [pid: 1100365] (Linux 6.8.0-1044-azure amd64, Ubuntu 21.0.11 64bit, OffHeapDiskFPSet, DiskStateQueue).
Parsing file <run-output>/spec/MC.tla
Parsing file <run-output>/spec/base.tla
Parsing file <tlc-temp>/_TLCTrace.tla (jar:file:<specula-e2e>/lib/tla2tools.jar!/tla2sany/StandardModules/_TLCTrace.tla)
Parsing file <tlc-temp>/Naturals.tla (jar:file:<specula-e2e>/lib/tla2tools.jar!/tla2sany/StandardModules/Naturals.tla)
Parsing file <tlc-temp>/FiniteSets.tla (jar:file:<specula-e2e>/lib/tla2tools.jar!/tla2sany/StandardModules/FiniteSets.tla)
Parsing file <tlc-temp>/TLC.tla (jar:file:<specula-e2e>/lib/tla2tools.jar!/tla2sany/StandardModules/TLC.tla)
Parsing file <tlc-temp>/Sequences.tla (jar:file:<specula-e2e>/lib/tla2tools.jar!/tla2sany/StandardModules/Sequences.tla)
Parsing file <tlc-temp>/TLCExt.tla (jar:file:<specula-e2e>/lib/tla2tools.jar!/tla2sany/StandardModules/TLCExt.tla)
Parsing file <tlc-temp>/Integers.tla (jar:file:<specula-e2e>/lib/tla2tools.jar!/tla2sany/StandardModules/Integers.tla)
Semantic processing of module Naturals
Semantic processing of module Sequences
Semantic processing of module FiniteSets
Semantic processing of module TLC
Semantic processing of module base
Semantic processing of module Integers
Semantic processing of module TLCExt
Semantic processing of module _TLCTrace
Semantic processing of module MC
Linting of module base
Linting of module TLCExt
Linting of module _TLCTrace
Linting of module MC
Starting... (2026-08-24 14:26:01)
Computing initial states...
Finished computing initial states: 1 distinct state generated at 2026-08-24 14:26:02.
Progress(18) at 2026-08-24 14:26:05: 3,900,195 states generated (3,900,195 s/min), 662,423 distinct states found (662,423 ds/min), 297,858 states left on queue.
Progress(26) at 2026-08-24 14:27:05: 122,583,545 states generated (118,683,350 s/min), 16,159,679 distinct states found (15,497,256 ds/min), 4,603,710 states left on queue.
Progress(28) at 2026-08-24 14:28:05: 252,751,316 states generated (130,167,771 s/min), 31,697,327 distinct states found (15,537,648 ds/min), 7,835,100 states left on queue.
Progress(30) at 2026-08-24 14:29:05: 390,535,635 states generated (137,784,319 s/min), 47,357,157 distinct states found (15,659,830 ds/min), 10,354,326 states left on queue.
Progress(31) at 2026-08-24 14:30:05: 526,436,482 states generated (135,900,847 s/min), 62,553,101 distinct states found (15,195,944 ds/min), 12,532,301 states left on queue.
Progress(32) at 2026-08-24 14:31:05: 666,281,073 states generated (139,844,591 s/min), 77,776,435 distinct states found (15,223,334 ds/min), 14,400,424 states left on queue.
Progress(33) at 2026-08-24 14:32:05: 805,473,398 states generated (139,192,325 s/min), 92,531,098 distinct states found (14,754,663 ds/min), 15,729,220 states left on queue.
Progress(34) at 2026-08-24 14:33:05: 942,403,604 states generated (136,930,206 s/min), 106,789,888 distinct states found (14,258,790 ds/min), 16,840,127 states left on queue.
Progress(35) at 2026-08-24 14:34:05: 1,083,142,944 states generated (140,739,340 s/min), 121,052,175 distinct states found (14,262,287 ds/min), 17,614,994 states left on queue.
Progress(35) at 2026-08-24 14:35:05: 1,221,960,558 states generated (138,817,614 s/min), 135,311,777 distinct states found (14,259,602 ds/min), 18,489,646 states left on queue.
Checkpointing of run <tlc-metadir>/26-08-24-14-26-01.412
Checkpointing completed at (2026-08-24 14:36:05)
Progress(36) at 2026-08-24 14:36:05: 1,360,882,656 states generated (138,922,098 s/min), 149,278,011 distinct states found (13,966,234 ds/min), 18,887,142 states left on queue.

[0;32m================================[0m
[1;33m⚠ Exited abnormally (exit code: 143)[0m
[0;32m================================[0m
