TLC2 Version 2026.07.09.134028 (rev: 227f61b)
Running breadth-first search Model-Checking with fp 125 and seed 7193607056269818634 with 96 workers on 96 cores with 7851MB heap and 16384MB offheap memory [pid: 1170681] (Linux 6.8.0-1044-azure amd64, Ubuntu 21.0.11 64bit, OffHeapDiskFPSet, DiskStateQueue).
Parsing file <run-output>/spec/MC.tla
Parsing file <run-output>/spec/base.tla
Parsing file <tlc-temp>/_TLCTrace.tla (jar:file:<specula-e2e>/lib/tla2tools.jar!/tla2sany/StandardModules/_TLCTrace.tla)
Parsing file <tlc-temp>/Naturals.tla (jar:file:<specula-e2e>/lib/tla2tools.jar!/tla2sany/StandardModules/Naturals.tla)
Parsing file <tlc-temp>/FiniteSets.tla (jar:file:<specula-e2e>/lib/tla2tools.jar!/tla2sany/StandardModules/FiniteSets.tla)
Parsing file <tlc-temp>/TLC.tla (jar:file:<specula-e2e>/lib/tla2tools.jar!/tla2sany/StandardModules/TLC.tla)
Parsing file <tlc-temp>/Sequences.tla (jar:file:<specula-e2e>/lib/tla2tools.jar!/tla2sany/StandardModules/Sequences.tla)
Parsing file <tlc-temp>/TLCExt.tla (jar:file:<specula-e2e>/lib/tla2tools.jar!/tla2sany/StandardModules/TLCExt.tla)
Parsing file <tlc-temp>/Integers.tla (jar:file:<specula-e2e>/lib/tla2tools.jar!/tla2sany/StandardModules/Integers.tla)
Semantic processing of module Naturals
Semantic processing of module Sequences
Semantic processing of module FiniteSets
Semantic processing of module TLC
Semantic processing of module base
Semantic processing of module Integers
Semantic processing of module TLCExt
Semantic processing of module _TLCTrace
Semantic processing of module MC
Linting of module base
Linting of module TLCExt
Linting of module _TLCTrace
Linting of module MC
Starting... (2026-08-24 14:53:56)
Computing initial states...
Finished computing initial states: 1 distinct state generated at 2026-08-24 14:53:56.
Progress(18) at 2026-08-24 14:53:59: 4,143,975 states generated (4,143,975 s/min), 762,488 distinct states found (762,488 ds/min), 369,487 states left on queue.
Progress(25) at 2026-08-24 14:54:59: 121,441,914 states generated (117,297,939 s/min), 17,635,917 distinct states found (16,873,429 ds/min), 6,042,670 states left on queue.
Progress(26) at 2026-08-24 14:55:59: 245,797,749 states generated (124,355,835 s/min), 34,125,952 distinct states found (16,490,035 ds/min), 10,544,103 states left on queue.
Progress(27) at 2026-08-24 14:56:59: 371,812,629 states generated (126,014,880 s/min), 50,184,223 distinct states found (16,058,271 ds/min), 14,393,787 states left on queue.
Progress(28) at 2026-08-24 14:57:59: 499,044,208 states generated (127,231,579 s/min), 66,175,610 distinct states found (15,991,387 ds/min), 18,021,609 states left on queue.
Progress(29) at 2026-08-24 14:58:59: 627,327,746 states generated (128,283,538 s/min), 81,753,423 distinct states found (15,577,813 ds/min), 21,167,282 states left on queue.
Progress(30) at 2026-08-24 14:59:59: 756,537,252 states generated (129,209,506 s/min), 97,387,129 distinct states found (15,633,706 ds/min), 24,072,716 states left on queue.
Progress(30) at 2026-08-24 15:00:59: 887,090,136 states generated (130,552,884 s/min), 112,797,562 distinct states found (15,410,433 ds/min), 26,767,823 states left on queue.
Progress(31) at 2026-08-24 15:01:59: 1,015,991,926 states generated (128,901,790 s/min), 128,208,945 distinct states found (15,411,383 ds/min), 29,345,810 states left on queue.
Progress(31) at 2026-08-24 15:02:59: 1,148,099,005 states generated (132,107,079 s/min), 143,352,412 distinct states found (15,143,467 ds/min), 31,743,610 states left on queue.
Checkpointing of run /dev/shm/tlc-states-zv92QW/26-08-24-14-53-55.753
Checkpointing completed at (2026-08-24 15:03:59)
Progress(32) at 2026-08-24 15:03:59: 1,277,125,849 states generated (129,026,844 s/min), 158,676,665 distinct states found (15,324,253 ds/min), 34,134,670 states left on queue.
Progress(32) at 2026-08-24 15:04:59: 1,409,056,824 states generated (131,930,975 s/min), 173,834,863 distinct states found (15,158,198 ds/min), 36,433,850 states left on queue.
Progress(32) at 2026-08-24 15:05:59: 1,538,920,347 states generated (129,863,523 s/min), 188,740,020 distinct states found (14,905,157 ds/min), 38,284,516 states left on queue.
Progress(33) at 2026-08-24 15:06:59: 1,654,900,772 states generated (115,980,425 s/min), 201,561,769 distinct states found (12,821,749 ds/min), 39,570,190 states left on queue.
Progress(33) at 2026-08-24 15:07:59: 1,761,072,714 states generated (106,171,942 s/min), 213,767,433 distinct states found (12,205,664 ds/min), 41,420,304 states left on queue.
Progress(33) at 2026-08-24 15:08:59: 1,893,119,894 states generated (132,047,180 s/min), 228,563,549 distinct states found (14,796,116 ds/min), 43,006,137 states left on queue.
Progress(34) at 2026-08-24 15:09:59: 2,025,483,111 states generated (132,363,217 s/min), 243,210,847 distinct states found (14,647,298 ds/min), 44,354,194 states left on queue.
Progress(34) at 2026-08-24 15:10:59: 2,155,959,875 states generated (130,476,764 s/min), 257,728,555 distinct states found (14,517,708 ds/min), 45,848,070 states left on queue.
Progress(34) at 2026-08-24 15:11:59: 2,287,070,661 states generated (131,110,786 s/min), 271,795,624 distinct states found (14,067,069 ds/min), 46,856,358 states left on queue.
Progress(34) at 2026-08-24 15:12:59: 2,417,015,687 states generated (129,945,026 s/min), 286,222,788 distinct states found (14,427,164 ds/min), 48,101,767 states left on queue.
Checkpointing of run /dev/shm/tlc-states-zv92QW/26-08-24-14-53-55.753
Checkpointing completed at (2026-08-24 15:14:07)
Progress(35) at 2026-08-24 15:14:07: 2,564,040,323 states generated (147,024,636 s/min), 302,364,210 distinct states found (16,141,422 ds/min), 49,319,456 states left on queue.
Progress(35) at 2026-08-24 15:15:07: 2,698,090,554 states generated (134,050,231 s/min), 316,271,422 distinct states found (13,907,212 ds/min), 50,407,827 states left on queue.
Progress(35) at 2026-08-24 15:16:07: 2,826,237,081 states generated (128,146,527 s/min), 330,520,459 distinct states found (14,249,037 ds/min), 51,183,518 states left on queue.
Progress(36) at 2026-08-24 15:17:07: 2,958,654,893 states generated (132,417,812 s/min), 344,586,141 distinct states found (14,065,682 ds/min), 51,964,500 states left on queue.
Progress(36) at 2026-08-24 15:18:07: 3,088,874,695 states generated (130,219,802 s/min), 358,679,056 distinct states found (14,092,915 ds/min), 52,776,785 states left on queue.
Progress(36) at 2026-08-24 15:19:07: 3,223,268,260 states generated (134,393,565 s/min), 372,278,063 distinct states found (13,599,007 ds/min), 53,197,377 states left on queue.
Progress(36) at 2026-08-24 15:20:07: 3,352,511,701 states generated (129,243,441 s/min), 386,157,395 distinct states found (13,879,332 ds/min), 53,398,813 states left on queue.
Progress(37) at 2026-08-24 15:21:07: 3,483,555,118 states generated (131,043,417 s/min), 399,925,215 distinct states found (13,767,820 ds/min), 54,100,195 states left on queue.
Progress(37) at 2026-08-24 15:22:07: 3,614,954,197 states generated (131,399,079 s/min), 413,985,619 distinct states found (14,060,404 ds/min), 54,708,989 states left on queue.
Progress(37) at 2026-08-24 15:23:07: 3,748,611,259 states generated (133,657,062 s/min), 427,252,870 distinct states found (13,267,251 ds/min), 54,613,373 states left on queue.
