[0;32m================================[0m
[0;32mTLC Model Checking Mode[0m
[0;32m================================[0m
Spec File:       MC.tla
Config File:     MC_hunt_s3_backup_cohort.cfg
Memory Limit:    8G
Off-heap Memory: 16G
Workers:         auto
Timeout:         30 minutes
[0;34m--- Model Checking Settings ---[0m
Depth Limit:     0
Checkpoint:      10 minutes
Log File:        output/MC_hunt_s3_backup_cohort_bfs.out
[0;32m================================[0m
[1;33mExecuting Command:[0m
java -XX:+UseParallelGC -Dtlc2.tool.fp.FPSet.impl=tlc2.tool.fp.OffHeapDiskFPSet -XX:MaxDirectMemorySize=16G -Xmx8G -Xms8G -cp <specula-e2e>/lib/CommunityModules-deps.jar:<specula-e2e>/lib/tla2tools.jar tlc2.TLC -config MC_hunt_s3_backup_cohort.cfg MC.tla -workers auto -checkpoint 10 -metadir /dev/shm/tlc-states-XIdkBS 

TLC resource budget (Specula run solr-broad-prompt-v2-20260824b):
  memory source: auto (80% of effective available memory at first TLC start)
  effective memory at start: 377.85 GiB total, 295.66 GiB available
  other/system use at start: 82.2 GiB
  memory limit: 236.53 GiB
  active TLC reserved before request: 0 bytes (this agent: 0 bytes)
  this request: 24 GiB (heap 8 GiB + off-heap 16 GiB)
  remaining before request: 236.53 GiB
  remaining after admission: 212.53 GiB
  worker limit: unbounded (report only)
  active TLC workers before request: 0 (this agent: 0)
  this request workers: 96 (auto)
  worker note: auto is per TLC; concurrent auto runs can oversubscribe CPUs
  result: admitted
TLC2 Version 2026.07.09.134028 (rev: 227f61b)
Running breadth-first search Model-Checking with fp 23 and seed -3237372694698247450 with 96 workers on 96 cores with 7851MB heap and 16384MB offheap memory [pid: 1319180] (Linux 6.8.0-1044-azure amd64, Ubuntu 21.0.11 64bit, OffHeapDiskFPSet, DiskStateQueue).
Parsing file <run-output>/spec/MC.tla
Parsing file <run-output>/spec/base.tla
Parsing file <tlc-temp>/_TLCTrace.tla (jar:file:<specula-e2e>/lib/tla2tools.jar!/tla2sany/StandardModules/_TLCTrace.tla)
Parsing file <tlc-temp>/Naturals.tla (jar:file:<specula-e2e>/lib/tla2tools.jar!/tla2sany/StandardModules/Naturals.tla)
Parsing file <tlc-temp>/FiniteSets.tla (jar:file:<specula-e2e>/lib/tla2tools.jar!/tla2sany/StandardModules/FiniteSets.tla)
Parsing file <tlc-temp>/TLC.tla (jar:file:<specula-e2e>/lib/tla2tools.jar!/tla2sany/StandardModules/TLC.tla)
Parsing file <tlc-temp>/Sequences.tla (jar:file:<specula-e2e>/lib/tla2tools.jar!/tla2sany/StandardModules/Sequences.tla)
Parsing file <tlc-temp>/TLCExt.tla (jar:file:<specula-e2e>/lib/tla2tools.jar!/tla2sany/StandardModules/TLCExt.tla)
Parsing file <tlc-temp>/Integers.tla (jar:file:<specula-e2e>/lib/tla2tools.jar!/tla2sany/StandardModules/Integers.tla)
Semantic processing of module Naturals
Semantic processing of module Sequences
Semantic processing of module FiniteSets
Semantic processing of module TLC
Semantic processing of module base
Semantic processing of module Integers
Semantic processing of module TLCExt
Semantic processing of module _TLCTrace
Semantic processing of module MC
Linting of module base
Linting of module TLCExt
Linting of module _TLCTrace
Linting of module MC
Starting... (2026-08-24 16:07:53)
Computing initial states...
Finished computing initial states: 1 distinct state generated at 2026-08-24 16:07:54.
Error: Invariant SubmittedBackupRemainsInCohort is violated.
Error: The behavior up to this point is:
State 1: <Initial predicate>
/\ podTemplateApplied = FALSE
/\ basicAuthRequested = FALSE
/\ nextScheduled = FALSE
/\ asyncState = [rolling |-> "none", balance |-> "none"]
/\ zkSecurityVersion = "none"
/\ backupListNeeded = FALSE
/\ selectedForUpdate = {}
/\ credentialVersion = "none"
/\ podReady = ("update-pod" :> TRUE @@ "pull-pod" :> TRUE)
/\ opQueue = {}
/\ taskEverSubmitted = ("collection-a" :> FALSE @@ "collection-b" :> FALSE)
/\ leader = ("collection1|shard1" :> "nrt-replica")
/\ authPhase = "idle"
/\ backupFinished = FALSE
/\ podRevision = ("update-pod" :> "old" @@ "pull-pod" :> "new")
/\ backupActive = FALSE
/\ replicaState = ("nrt-replica" :> "active" @@ "pull-replica" :> "active")
/\ statusPatchPending = FALSE
/\ initialBackupCohort = {}
/\ cleanupPending = {}
/\ clusterSnapshot = [ replicaState |-> ("nrt-replica" :> "active" @@ "pull-replica" :> "active"),
  replicaNode |->
      ("nrt-replica" :> "update-pod" @@ "pull-replica" :> "pull-pod"),
  podReady |-> ("update-pod" :> TRUE @@ "pull-pod" :> TRUE),
  podExists |-> ("update-pod" :> TRUE @@ "pull-pod" :> TRUE) ]
/\ cloudReady = FALSE
/\ taskRecord = ("collection-a" :> FALSE @@ "collection-b" :> FALSE)
/\ selectionPending = FALSE
/\ replicaNode = ("nrt-replica" :> "update-pod" @@ "pull-replica" :> "pull-pod")
/\ replicaType = ("nrt-replica" :> "NRT" @@ "pull-replica" :> "PULL")
/\ eventDue = {}
/\ retryDue = {}
/\ availableCollections = {"collection-a", "collection-b"}
/\ podTemplateHasBootstrap = FALSE
/\ balanceReadyToSubmit = {}
/\ handlerReturned = {}
/\ authSecret = FALSE
/\ backupCohort = {}
/\ clusterOpLock = {}
/\ opAge = [rolling |-> 0, balance |-> 0]
/\ durableCRStatus = ("collection-a" :> "absent" @@ "collection-b" :> "absent")
/\ taskState = ("collection-a" :> "none" @@ "collection-b" :> "none")
/\ bootstrapVersion = "none"
/\ workingCRStatus = ("collection-a" :> "absent" @@ "collection-b" :> "absent")
/\ podCredentialVersion = "none"
/\ podExists = ("update-pod" :> TRUE @@ "pull-pod" :> TRUE)
/\ snapshotValid = FALSE
/\ dispatchReady = {}
/\ scheduledForDeletion = {}
/\ securityJsonLoaded = FALSE
/\ authPodReady = FALSE
/\ opError = [rolling |-> FALSE, balance |-> FALSE]
/\ faultCounters = [ managedUpdate |-> 0,
  rollingStart |-> 0,
  balanceStart |-> 0,
  rollingApiFailure |-> 0,
  balanceCheckFailure |-> 0,
  balanceSubmitFailure |-> 0,
  backupStart |-> 0,
  collectionDelete |-> 0,
  collectionAdd |-> 0,
  statusPatchConflict |-> 0,
  basicAuthRequest |-> 0,
  bootstrapCreateFailure |-> 0,
  externalZKChange |-> 0,
  manualBootstrapRepair |-> 0 ]
/\ bootstrapSecret = FALSE
/\ opStatus = [rolling |-> "idle", balance |-> "idle"]
/\ handlerRequestInProgress = {}

State 2: <MCStartBackupRun line 89, col 5 to line 91, col 68 of module MC>
/\ podTemplateApplied = FALSE
/\ basicAuthRequested = FALSE
/\ nextScheduled = FALSE
/\ asyncState = [rolling |-> "none", balance |-> "none"]
/\ zkSecurityVersion = "none"
/\ backupListNeeded = FALSE
/\ selectedForUpdate = {}
/\ credentialVersion = "none"
/\ podReady = ("update-pod" :> TRUE @@ "pull-pod" :> TRUE)
/\ opQueue = {}
/\ taskEverSubmitted = ("collection-a" :> FALSE @@ "collection-b" :> FALSE)
/\ leader = ("collection1|shard1" :> "nrt-replica")
/\ authPhase = "idle"
/\ backupFinished = FALSE
/\ podRevision = ("update-pod" :> "old" @@ "pull-pod" :> "new")
/\ backupActive = TRUE
/\ replicaState = ("nrt-replica" :> "active" @@ "pull-replica" :> "active")
/\ statusPatchPending = TRUE
/\ initialBackupCohort = {"collection-a", "collection-b"}
/\ cleanupPending = {}
/\ clusterSnapshot = [ replicaState |-> ("nrt-replica" :> "active" @@ "pull-replica" :> "active"),
  replicaNode |->
      ("nrt-replica" :> "update-pod" @@ "pull-replica" :> "pull-pod"),
  podReady |-> ("update-pod" :> TRUE @@ "pull-pod" :> TRUE),
  podExists |-> ("update-pod" :> TRUE @@ "pull-pod" :> TRUE) ]
/\ cloudReady = FALSE
/\ taskRecord = ("collection-a" :> FALSE @@ "collection-b" :> FALSE)
/\ selectionPending = FALSE
/\ replicaNode = ("nrt-replica" :> "update-pod" @@ "pull-replica" :> "pull-pod")
/\ replicaType = ("nrt-replica" :> "NRT" @@ "pull-replica" :> "PULL")
/\ eventDue = {}
/\ retryDue = {}
/\ availableCollections = {"collection-a", "collection-b"}
/\ podTemplateHasBootstrap = FALSE
/\ balanceReadyToSubmit = {}
/\ handlerReturned = {}
/\ authSecret = FALSE
/\ backupCohort = {"collection-a", "collection-b"}
/\ clusterOpLock = {}
/\ opAge = [rolling |-> 0, balance |-> 0]
/\ durableCRStatus = ("collection-a" :> "absent" @@ "collection-b" :> "absent")
/\ taskState = ("collection-a" :> "none" @@ "collection-b" :> "none")
/\ bootstrapVersion = "none"
/\ workingCRStatus = ("collection-a" :> "absent" @@ "collection-b" :> "absent")
/\ podCredentialVersion = "none"
/\ podExists = ("update-pod" :> TRUE @@ "pull-pod" :> TRUE)
/\ snapshotValid = FALSE
/\ dispatchReady = {}
/\ scheduledForDeletion = {}
/\ securityJsonLoaded = FALSE
/\ authPodReady = FALSE
/\ opError = [rolling |-> FALSE, balance |-> FALSE]
/\ faultCounters = [ managedUpdate |-> 0,
  rollingStart |-> 0,
  balanceStart |-> 0,
  rollingApiFailure |-> 0,
  balanceCheckFailure |-> 0,
  balanceSubmitFailure |-> 0,
  backupStart |-> 1,
  collectionDelete |-> 0,
  collectionAdd |-> 0,
  statusPatchConflict |-> 0,
  basicAuthRequest |-> 0,
  bootstrapCreateFailure |-> 0,
  externalZKChange |-> 0,
  manualBootstrapRepair |-> 0 ]
/\ bootstrapSecret = FALSE
/\ opStatus = [rolling |-> "idle", balance |-> "idle"]
/\ handlerRequestInProgress = {}

State 3: <MCNext line 216, col 8 to line 218, col 29 of module MC>
/\ podTemplateApplied = FALSE
/\ basicAuthRequested = FALSE
/\ nextScheduled = FALSE
/\ asyncState = [rolling |-> "none", balance |-> "none"]
/\ zkSecurityVersion = "none"
/\ backupListNeeded = FALSE
/\ selectedForUpdate = {}
/\ credentialVersion = "none"
/\ podReady = ("update-pod" :> TRUE @@ "pull-pod" :> TRUE)
/\ opQueue = {}
/\ taskEverSubmitted = ("collection-a" :> TRUE @@ "collection-b" :> FALSE)
/\ leader = ("collection1|shard1" :> "nrt-replica")
/\ authPhase = "idle"
/\ backupFinished = FALSE
/\ podRevision = ("update-pod" :> "old" @@ "pull-pod" :> "new")
/\ backupActive = TRUE
/\ replicaState = ("nrt-replica" :> "active" @@ "pull-replica" :> "active")
/\ statusPatchPending = TRUE
/\ initialBackupCohort = {"collection-a", "collection-b"}
/\ cleanupPending = {}
/\ clusterSnapshot = [ replicaState |-> ("nrt-replica" :> "active" @@ "pull-replica" :> "active"),
  replicaNode |->
      ("nrt-replica" :> "update-pod" @@ "pull-replica" :> "pull-pod"),
  podReady |-> ("update-pod" :> TRUE @@ "pull-pod" :> TRUE),
  podExists |-> ("update-pod" :> TRUE @@ "pull-pod" :> TRUE) ]
/\ cloudReady = FALSE
/\ taskRecord = ("collection-a" :> TRUE @@ "collection-b" :> FALSE)
/\ selectionPending = FALSE
/\ replicaNode = ("nrt-replica" :> "update-pod" @@ "pull-replica" :> "pull-pod")
/\ replicaType = ("nrt-replica" :> "NRT" @@ "pull-replica" :> "PULL")
/\ eventDue = {}
/\ retryDue = {}
/\ availableCollections = {"collection-a", "collection-b"}
/\ podTemplateHasBootstrap = FALSE
/\ balanceReadyToSubmit = {}
/\ handlerReturned = {}
/\ authSecret = FALSE
/\ backupCohort = {"collection-a", "collection-b"}
/\ clusterOpLock = {}
/\ opAge = [rolling |-> 0, balance |-> 0]
/\ durableCRStatus = ("collection-a" :> "absent" @@ "collection-b" :> "absent")
/\ taskState = ("collection-a" :> "running" @@ "collection-b" :> "none")
/\ bootstrapVersion = "none"
/\ workingCRStatus = ("collection-a" :> "submitted" @@ "collection-b" :> "absent")
/\ podCredentialVersion = "none"
/\ podExists = ("update-pod" :> TRUE @@ "pull-pod" :> TRUE)
/\ snapshotValid = FALSE
/\ dispatchReady = {}
/\ scheduledForDeletion = {}
/\ securityJsonLoaded = FALSE
/\ authPodReady = FALSE
/\ opError = [rolling |-> FALSE, balance |-> FALSE]
/\ faultCounters = [ managedUpdate |-> 0,
  rollingStart |-> 0,
  balanceStart |-> 0,
  rollingApiFailure |-> 0,
  balanceCheckFailure |-> 0,
  balanceSubmitFailure |-> 0,
  backupStart |-> 1,
  collectionDelete |-> 0,
  collectionAdd |-> 0,
  statusPatchConflict |-> 0,
  basicAuthRequest |-> 0,
  bootstrapCreateFailure |-> 0,
  externalZKChange |-> 0,
  manualBootstrapRepair |-> 0 ]
/\ bootstrapSecret = FALSE
/\ opStatus = [rolling |-> "idle", balance |-> "idle"]
/\ handlerRequestInProgress = {}

State 4: <MCDeleteCollectionDuringBackup("collection-a") line 94, col 5 to line 97, col 59 of module MC>
/\ podTemplateApplied = FALSE
/\ basicAuthRequested = FALSE
/\ nextScheduled = FALSE
/\ asyncState = [rolling |-> "none", balance |-> "none"]
/\ zkSecurityVersion = "none"
/\ backupListNeeded = TRUE
/\ selectedForUpdate = {}
/\ credentialVersion = "none"
/\ podReady = ("update-pod" :> TRUE @@ "pull-pod" :> TRUE)
/\ opQueue = {}
/\ taskEverSubmitted = ("collection-a" :> TRUE @@ "collection-b" :> FALSE)
/\ leader = ("collection1|shard1" :> "nrt-replica")
/\ authPhase = "idle"
/\ backupFinished = FALSE
/\ podRevision = ("update-pod" :> "old" @@ "pull-pod" :> "new")
/\ backupActive = TRUE
/\ replicaState = ("nrt-replica" :> "active" @@ "pull-replica" :> "active")
/\ statusPatchPending = TRUE
/\ initialBackupCohort = {"collection-a", "collection-b"}
/\ cleanupPending = {}
/\ clusterSnapshot = [ replicaState |-> ("nrt-replica" :> "active" @@ "pull-replica" :> "active"),
  replicaNode |->
      ("nrt-replica" :> "update-pod" @@ "pull-replica" :> "pull-pod"),
  podReady |-> ("update-pod" :> TRUE @@ "pull-pod" :> TRUE),
  podExists |-> ("update-pod" :> TRUE @@ "pull-pod" :> TRUE) ]
/\ cloudReady = FALSE
/\ taskRecord = ("collection-a" :> TRUE @@ "collection-b" :> FALSE)
/\ selectionPending = FALSE
/\ replicaNode = ("nrt-replica" :> "update-pod" @@ "pull-replica" :> "pull-pod")
/\ replicaType = ("nrt-replica" :> "NRT" @@ "pull-replica" :> "PULL")
/\ eventDue = {}
/\ retryDue = {}
/\ availableCollections = {"collection-b"}
/\ podTemplateHasBootstrap = FALSE
/\ balanceReadyToSubmit = {}
/\ handlerReturned = {}
/\ authSecret = FALSE
/\ backupCohort = {"collection-a", "collection-b"}
/\ clusterOpLock = {}
/\ opAge = [rolling |-> 0, balance |-> 0]
/\ durableCRStatus = ("collection-a" :> "absent" @@ "collection-b" :> "absent")
/\ taskState = ("collection-a" :> "running" @@ "collection-b" :> "none")
/\ bootstrapVersion = "none"
/\ workingCRStatus = ("collection-a" :> "submitted" @@ "collection-b" :> "absent")
/\ podCredentialVersion = "none"
/\ podExists = ("update-pod" :> TRUE @@ "pull-pod" :> TRUE)
/\ snapshotValid = FALSE
/\ dispatchReady = {}
/\ scheduledForDeletion = {}
/\ securityJsonLoaded = FALSE
/\ authPodReady = FALSE
/\ opError = [rolling |-> FALSE, balance |-> FALSE]
/\ faultCounters = [ managedUpdate |-> 0,
  rollingStart |-> 0,
  balanceStart |-> 0,
  rollingApiFailure |-> 0,
  balanceCheckFailure |-> 0,
  balanceSubmitFailure |-> 0,
  backupStart |-> 1,
  collectionDelete |-> 1,
  collectionAdd |-> 0,
  statusPatchConflict |-> 0,
  basicAuthRequest |-> 0,
  bootstrapCreateFailure |-> 0,
  externalZKChange |-> 0,
  manualBootstrapRepair |-> 0 ]
/\ bootstrapSecret = FALSE
/\ opStatus = [rolling |-> "idle", balance |-> "idle"]
/\ handlerRequestInProgress = {}

State 5: <MCNext line 214, col 8 to line 215, col 29 of module MC>
/\ podTemplateApplied = FALSE
/\ basicAuthRequested = FALSE
/\ nextScheduled = FALSE
/\ asyncState = [rolling |-> "none", balance |-> "none"]
/\ zkSecurityVersion = "none"
/\ backupListNeeded = FALSE
/\ selectedForUpdate = {}
/\ credentialVersion = "none"
/\ podReady = ("update-pod" :> TRUE @@ "pull-pod" :> TRUE)
/\ opQueue = {}
/\ taskEverSubmitted = ("collection-a" :> TRUE @@ "collection-b" :> FALSE)
/\ leader = ("collection1|shard1" :> "nrt-replica")
/\ authPhase = "idle"
/\ backupFinished = FALSE
/\ podRevision = ("update-pod" :> "old" @@ "pull-pod" :> "new")
/\ backupActive = TRUE
/\ replicaState = ("nrt-replica" :> "active" @@ "pull-replica" :> "active")
/\ statusPatchPending = TRUE
/\ initialBackupCohort = {"collection-a", "collection-b"}
/\ cleanupPending = {}
/\ clusterSnapshot = [ replicaState |-> ("nrt-replica" :> "active" @@ "pull-replica" :> "active"),
  replicaNode |->
      ("nrt-replica" :> "update-pod" @@ "pull-replica" :> "pull-pod"),
  podReady |-> ("update-pod" :> TRUE @@ "pull-pod" :> TRUE),
  podExists |-> ("update-pod" :> TRUE @@ "pull-pod" :> TRUE) ]
/\ cloudReady = FALSE
/\ taskRecord = ("collection-a" :> TRUE @@ "collection-b" :> FALSE)
/\ selectionPending = FALSE
/\ replicaNode = ("nrt-replica" :> "update-pod" @@ "pull-replica" :> "pull-pod")
/\ replicaType = ("nrt-replica" :> "NRT" @@ "pull-replica" :> "PULL")
/\ eventDue = {}
/\ retryDue = {}
/\ availableCollections = {"collection-b"}
/\ podTemplateHasBootstrap = FALSE
/\ balanceReadyToSubmit = {}
/\ handlerReturned = {}
/\ authSecret = FALSE
/\ backupCohort = {"collection-b"}
/\ clusterOpLock = {}
/\ opAge = [rolling |-> 0, balance |-> 0]
/\ durableCRStatus = ("collection-a" :> "absent" @@ "collection-b" :> "absent")
/\ taskState = ("collection-a" :> "running" @@ "collection-b" :> "none")
/\ bootstrapVersion = "none"
/\ workingCRStatus = ("collection-a" :> "submitted" @@ "collection-b" :> "absent")
/\ podCredentialVersion = "none"
/\ podExists = ("update-pod" :> TRUE @@ "pull-pod" :> TRUE)
/\ snapshotValid = FALSE
/\ dispatchReady = {}
/\ scheduledForDeletion = {}
/\ securityJsonLoaded = FALSE
/\ authPodReady = FALSE
/\ opError = [rolling |-> FALSE, balance |-> FALSE]
/\ faultCounters = [ managedUpdate |-> 0,
  rollingStart |-> 0,
  balanceStart |-> 0,
  rollingApiFailure |-> 0,
  balanceCheckFailure |-> 0,
  balanceSubmitFailure |-> 0,
  backupStart |-> 1,
  collectionDelete |-> 1,
  collectionAdd |-> 0,
  statusPatchConflict |-> 0,
  basicAuthRequest |-> 0,
  bootstrapCreateFailure |-> 0,
  externalZKChange |-> 0,
  manualBootstrapRepair |-> 0 ]
/\ bootstrapSecret = FALSE
/\ opStatus = [rolling |-> "idle", balance |-> "idle"]
/\ handlerRequestInProgress = {}

722 states generated, 273 distinct states found, 104 states left on queue.
The depth of the complete state graph search is 10.
Checkpointing of run /dev/shm/tlc-states-XIdkBS/26-08-24-16-07-53.235
Checkpointing completed at (2026-08-24 16:07:54)
Finished in 01s at (2026-08-24 16:07:54)
Trace exploration spec path: ./MC_TTrace_1787587673.tla

[0;32m================================[0m
[1;33m⚠ Invariant violation found![0m
[1;33mPlease check log: output/MC_hunt_s3_backup_cohort_bfs.out[0m
[0;32m================================[0m
