TLC2 Version 2026.07.09.134028 (rev: 227f61b)
Running breadth-first search Model-Checking with fp 59 and seed -8087621497533380009 with 96 workers on 96 cores with 7851MB heap and 16384MB offheap memory [pid: 1314099] (Linux 6.8.0-1044-azure amd64, Ubuntu 21.0.11 64bit, OffHeapDiskFPSet, DiskStateQueue).
Parsing file <run-output>/spec/MC.tla
Parsing file <run-output>/spec/base.tla
Parsing file <tlc-temp>/_TLCTrace.tla (jar:file:<specula-e2e>/lib/tla2tools.jar!/tla2sany/StandardModules/_TLCTrace.tla)
Parsing file <tlc-temp>/Naturals.tla (jar:file:<specula-e2e>/lib/tla2tools.jar!/tla2sany/StandardModules/Naturals.tla)
Parsing file <tlc-temp>/FiniteSets.tla (jar:file:<specula-e2e>/lib/tla2tools.jar!/tla2sany/StandardModules/FiniteSets.tla)
Parsing file <tlc-temp>/TLC.tla (jar:file:<specula-e2e>/lib/tla2tools.jar!/tla2sany/StandardModules/TLC.tla)
Parsing file <tlc-temp>/Sequences.tla (jar:file:<specula-e2e>/lib/tla2tools.jar!/tla2sany/StandardModules/Sequences.tla)
Parsing file <tlc-temp>/TLCExt.tla (jar:file:<specula-e2e>/lib/tla2tools.jar!/tla2sany/StandardModules/TLCExt.tla)
Parsing file <tlc-temp>/Integers.tla (jar:file:<specula-e2e>/lib/tla2tools.jar!/tla2sany/StandardModules/Integers.tla)
Semantic processing of module Naturals
Semantic processing of module Sequences
Semantic processing of module FiniteSets
Semantic processing of module TLC
Semantic processing of module base
Semantic processing of module Integers
Semantic processing of module TLCExt
Semantic processing of module _TLCTrace
Semantic processing of module MC
Linting of module base
Linting of module TLCExt
Linting of module _TLCTrace
Linting of module MC
Starting... (2026-08-24 15:57:09)
Computing initial states...
Finished computing initial states: 1 distinct state generated at 2026-08-24 15:57:10.
Error: Invariant ReadyBasicAuthIsInstalled is violated.
Error: The behavior up to this point is:
State 1: <Initial predicate>
/\ podTemplateApplied = FALSE
/\ basicAuthRequested = FALSE
/\ nextScheduled = FALSE
/\ asyncState = [rolling |-> "none", balance |-> "none"]
/\ zkSecurityVersion = "none"
/\ backupListNeeded = FALSE
/\ selectedForUpdate = {}
/\ credentialVersion = "none"
/\ podReady = ("update-pod" :> TRUE @@ "pull-pod" :> TRUE)
/\ opQueue = {}
/\ taskEverSubmitted = ("collection-a" :> FALSE @@ "collection-b" :> FALSE)
/\ leader = ("collection1|shard1" :> "nrt-replica")
/\ authPhase = "idle"
/\ backupFinished = FALSE
/\ podRevision = ("update-pod" :> "old" @@ "pull-pod" :> "new")
/\ backupActive = FALSE
/\ replicaState = ("nrt-replica" :> "active" @@ "pull-replica" :> "active")
/\ statusPatchPending = FALSE
/\ initialBackupCohort = {}
/\ cleanupPending = {}
/\ clusterSnapshot = [ replicaState |-> ("nrt-replica" :> "active" @@ "pull-replica" :> "active"),
  replicaNode |->
      ("nrt-replica" :> "update-pod" @@ "pull-replica" :> "pull-pod"),
  podReady |-> ("update-pod" :> TRUE @@ "pull-pod" :> TRUE),
  podExists |-> ("update-pod" :> TRUE @@ "pull-pod" :> TRUE) ]
/\ cloudReady = FALSE
/\ taskRecord = ("collection-a" :> FALSE @@ "collection-b" :> FALSE)
/\ selectionPending = FALSE
/\ replicaNode = ("nrt-replica" :> "update-pod" @@ "pull-replica" :> "pull-pod")
/\ replicaType = ("nrt-replica" :> "NRT" @@ "pull-replica" :> "PULL")
/\ eventDue = {}
/\ retryDue = {}
/\ availableCollections = {"collection-a", "collection-b"}
/\ podTemplateHasBootstrap = FALSE
/\ balanceReadyToSubmit = {}
/\ handlerReturned = {}
/\ authSecret = FALSE
/\ backupCohort = {}
/\ clusterOpLock = {}
/\ opAge = [rolling |-> 0, balance |-> 0]
/\ durableCRStatus = ("collection-a" :> "absent" @@ "collection-b" :> "absent")
/\ taskState = ("collection-a" :> "none" @@ "collection-b" :> "none")
/\ bootstrapVersion = "none"
/\ workingCRStatus = ("collection-a" :> "absent" @@ "collection-b" :> "absent")
/\ podCredentialVersion = "none"
/\ podExists = ("update-pod" :> TRUE @@ "pull-pod" :> TRUE)
/\ snapshotValid = FALSE
/\ dispatchReady = {}
/\ scheduledForDeletion = {}
/\ securityJsonLoaded = FALSE
/\ authPodReady = FALSE
/\ opError = [rolling |-> FALSE, balance |-> FALSE]
/\ faultCounters = [ managedUpdate |-> 0,
  rollingStart |-> 0,
  balanceStart |-> 0,
  rollingApiFailure |-> 0,
  balanceCheckFailure |-> 0,
  balanceSubmitFailure |-> 0,
  backupStart |-> 0,
  collectionDelete |-> 0,
  collectionAdd |-> 0,
  statusPatchConflict |-> 0,
  basicAuthRequest |-> 0,
  bootstrapCreateFailure |-> 0,
  externalZKChange |-> 0,
  manualBootstrapRepair |-> 0 ]
/\ bootstrapSecret = FALSE
/\ opStatus = [rolling |-> "idle", balance |-> "idle"]
/\ handlerRequestInProgress = {}

State 2: <MCRequestBasicAuth line 112, col 5 to line 115, col 59 of module MC>
/\ podTemplateApplied = FALSE
/\ basicAuthRequested = TRUE
/\ nextScheduled = FALSE
/\ asyncState = [rolling |-> "none", balance |-> "none"]
/\ zkSecurityVersion = "none"
/\ backupListNeeded = FALSE
/\ selectedForUpdate = {}
/\ credentialVersion = "none"
/\ podReady = ("update-pod" :> TRUE @@ "pull-pod" :> TRUE)
/\ opQueue = {}
/\ taskEverSubmitted = ("collection-a" :> FALSE @@ "collection-b" :> FALSE)
/\ leader = ("collection1|shard1" :> "nrt-replica")
/\ authPhase = "lookup"
/\ backupFinished = FALSE
/\ podRevision = ("update-pod" :> "old" @@ "pull-pod" :> "new")
/\ backupActive = FALSE
/\ replicaState = ("nrt-replica" :> "active" @@ "pull-replica" :> "active")
/\ statusPatchPending = FALSE
/\ initialBackupCohort = {}
/\ cleanupPending = {}
/\ clusterSnapshot = [ replicaState |-> ("nrt-replica" :> "active" @@ "pull-replica" :> "active"),
  replicaNode |->
      ("nrt-replica" :> "update-pod" @@ "pull-replica" :> "pull-pod"),
  podReady |-> ("update-pod" :> TRUE @@ "pull-pod" :> TRUE),
  podExists |-> ("update-pod" :> TRUE @@ "pull-pod" :> TRUE) ]
/\ cloudReady = FALSE
/\ taskRecord = ("collection-a" :> FALSE @@ "collection-b" :> FALSE)
/\ selectionPending = FALSE
/\ replicaNode = ("nrt-replica" :> "update-pod" @@ "pull-replica" :> "pull-pod")
/\ replicaType = ("nrt-replica" :> "NRT" @@ "pull-replica" :> "PULL")
/\ eventDue = {}
/\ retryDue = {}
/\ availableCollections = {"collection-a", "collection-b"}
/\ podTemplateHasBootstrap = FALSE
/\ balanceReadyToSubmit = {}
/\ handlerReturned = {}
/\ authSecret = FALSE
/\ backupCohort = {}
/\ clusterOpLock = {}
/\ opAge = [rolling |-> 0, balance |-> 0]
/\ durableCRStatus = ("collection-a" :> "absent" @@ "collection-b" :> "absent")
/\ taskState = ("collection-a" :> "none" @@ "collection-b" :> "none")
/\ bootstrapVersion = "none"
/\ workingCRStatus = ("collection-a" :> "absent" @@ "collection-b" :> "absent")
/\ podCredentialVersion = "none"
/\ podExists = ("update-pod" :> TRUE @@ "pull-pod" :> TRUE)
/\ snapshotValid = FALSE
/\ dispatchReady = {}
/\ scheduledForDeletion = {}
/\ securityJsonLoaded = FALSE
/\ authPodReady = FALSE
/\ opError = [rolling |-> FALSE, balance |-> FALSE]
/\ faultCounters = [ managedUpdate |-> 0,
  rollingStart |-> 0,
  balanceStart |-> 0,
  rollingApiFailure |-> 0,
  balanceCheckFailure |-> 0,
  balanceSubmitFailure |-> 0,
  backupStart |-> 0,
  collectionDelete |-> 0,
  collectionAdd |-> 0,
  statusPatchConflict |-> 0,
  basicAuthRequest |-> 1,
  bootstrapCreateFailure |-> 0,
  externalZKChange |-> 0,
  manualBootstrapRepair |-> 0 ]
/\ bootstrapSecret = FALSE
/\ opStatus = [rolling |-> "idle", balance |-> "idle"]
/\ handlerRequestInProgress = {}

State 3: <MCNext line 235, col 8 to line 236, col 29 of module MC>
/\ podTemplateApplied = FALSE
/\ basicAuthRequested = TRUE
/\ nextScheduled = FALSE
/\ asyncState = [rolling |-> "none", balance |-> "none"]
/\ zkSecurityVersion = "none"
/\ backupListNeeded = FALSE
/\ selectedForUpdate = {}
/\ credentialVersion = "none"
/\ podReady = ("update-pod" :> TRUE @@ "pull-pod" :> TRUE)
/\ opQueue = {}
/\ taskEverSubmitted = ("collection-a" :> FALSE @@ "collection-b" :> FALSE)
/\ leader = ("collection1|shard1" :> "nrt-replica")
/\ authPhase = "createAuth"
/\ backupFinished = FALSE
/\ podRevision = ("update-pod" :> "old" @@ "pull-pod" :> "new")
/\ backupActive = FALSE
/\ replicaState = ("nrt-replica" :> "active" @@ "pull-replica" :> "active")
/\ statusPatchPending = FALSE
/\ initialBackupCohort = {}
/\ cleanupPending = {}
/\ clusterSnapshot = [ replicaState |-> ("nrt-replica" :> "active" @@ "pull-replica" :> "active"),
  replicaNode |->
      ("nrt-replica" :> "update-pod" @@ "pull-replica" :> "pull-pod"),
  podReady |-> ("update-pod" :> TRUE @@ "pull-pod" :> TRUE),
  podExists |-> ("update-pod" :> TRUE @@ "pull-pod" :> TRUE) ]
/\ cloudReady = FALSE
/\ taskRecord = ("collection-a" :> FALSE @@ "collection-b" :> FALSE)
/\ selectionPending = FALSE
/\ replicaNode = ("nrt-replica" :> "update-pod" @@ "pull-replica" :> "pull-pod")
/\ replicaType = ("nrt-replica" :> "NRT" @@ "pull-replica" :> "PULL")
/\ eventDue = {}
/\ retryDue = {}
/\ availableCollections = {"collection-a", "collection-b"}
/\ podTemplateHasBootstrap = FALSE
/\ balanceReadyToSubmit = {}
/\ handlerReturned = {}
/\ authSecret = FALSE
/\ backupCohort = {}
/\ clusterOpLock = {}
/\ opAge = [rolling |-> 0, balance |-> 0]
/\ durableCRStatus = ("collection-a" :> "absent" @@ "collection-b" :> "absent")
/\ taskState = ("collection-a" :> "none" @@ "collection-b" :> "none")
/\ bootstrapVersion = "none"
/\ workingCRStatus = ("collection-a" :> "absent" @@ "collection-b" :> "absent")
/\ podCredentialVersion = "none"
/\ podExists = ("update-pod" :> TRUE @@ "pull-pod" :> TRUE)
/\ snapshotValid = FALSE
/\ dispatchReady = {}
/\ scheduledForDeletion = {}
/\ securityJsonLoaded = FALSE
/\ authPodReady = FALSE
/\ opError = [rolling |-> FALSE, balance |-> FALSE]
/\ faultCounters = [ managedUpdate |-> 0,
  rollingStart |-> 0,
  balanceStart |-> 0,
  rollingApiFailure |-> 0,
  balanceCheckFailure |-> 0,
  balanceSubmitFailure |-> 0,
  backupStart |-> 0,
  collectionDelete |-> 0,
  collectionAdd |-> 0,
  statusPatchConflict |-> 0,
  basicAuthRequest |-> 1,
  bootstrapCreateFailure |-> 0,
  externalZKChange |-> 0,
  manualBootstrapRepair |-> 0 ]
/\ bootstrapSecret = FALSE
/\ opStatus = [rolling |-> "idle", balance |-> "idle"]
/\ handlerRequestInProgress = {}

State 4: <MCNext line 237, col 8 to line 238, col 29 of module MC>
/\ podTemplateApplied = FALSE
/\ basicAuthRequested = TRUE
/\ nextScheduled = FALSE
/\ asyncState = [rolling |-> "none", balance |-> "none"]
/\ zkSecurityVersion = "none"
/\ backupListNeeded = FALSE
/\ selectedForUpdate = {}
/\ credentialVersion = "v1"
/\ podReady = ("update-pod" :> TRUE @@ "pull-pod" :> TRUE)
/\ opQueue = {}
/\ taskEverSubmitted = ("collection-a" :> FALSE @@ "collection-b" :> FALSE)
/\ leader = ("collection1|shard1" :> "nrt-replica")
/\ authPhase = "createBootstrap"
/\ backupFinished = FALSE
/\ podRevision = ("update-pod" :> "old" @@ "pull-pod" :> "new")
/\ backupActive = FALSE
/\ replicaState = ("nrt-replica" :> "active" @@ "pull-replica" :> "active")
/\ statusPatchPending = FALSE
/\ initialBackupCohort = {}
/\ cleanupPending = {}
/\ clusterSnapshot = [ replicaState |-> ("nrt-replica" :> "active" @@ "pull-replica" :> "active"),
  replicaNode |->
      ("nrt-replica" :> "update-pod" @@ "pull-replica" :> "pull-pod"),
  podReady |-> ("update-pod" :> TRUE @@ "pull-pod" :> TRUE),
  podExists |-> ("update-pod" :> TRUE @@ "pull-pod" :> TRUE) ]
/\ cloudReady = FALSE
/\ taskRecord = ("collection-a" :> FALSE @@ "collection-b" :> FALSE)
/\ selectionPending = FALSE
/\ replicaNode = ("nrt-replica" :> "update-pod" @@ "pull-replica" :> "pull-pod")
/\ replicaType = ("nrt-replica" :> "NRT" @@ "pull-replica" :> "PULL")
/\ eventDue = {}
/\ retryDue = {}
/\ availableCollections = {"collection-a", "collection-b"}
/\ podTemplateHasBootstrap = FALSE
/\ balanceReadyToSubmit = {}
/\ handlerReturned = {}
/\ authSecret = TRUE
/\ backupCohort = {}
/\ clusterOpLock = {}
/\ opAge = [rolling |-> 0, balance |-> 0]
/\ durableCRStatus = ("collection-a" :> "absent" @@ "collection-b" :> "absent")
/\ taskState = ("collection-a" :> "none" @@ "collection-b" :> "none")
/\ bootstrapVersion = "none"
/\ workingCRStatus = ("collection-a" :> "absent" @@ "collection-b" :> "absent")
/\ podCredentialVersion = "none"
/\ podExists = ("update-pod" :> TRUE @@ "pull-pod" :> TRUE)
/\ snapshotValid = FALSE
/\ dispatchReady = {}
/\ scheduledForDeletion = {}
/\ securityJsonLoaded = FALSE
/\ authPodReady = FALSE
/\ opError = [rolling |-> FALSE, balance |-> FALSE]
/\ faultCounters = [ managedUpdate |-> 0,
  rollingStart |-> 0,
  balanceStart |-> 0,
  rollingApiFailure |-> 0,
  balanceCheckFailure |-> 0,
  balanceSubmitFailure |-> 0,
  backupStart |-> 0,
  collectionDelete |-> 0,
  collectionAdd |-> 0,
  statusPatchConflict |-> 0,
  basicAuthRequest |-> 1,
  bootstrapCreateFailure |-> 0,
  externalZKChange |-> 0,
  manualBootstrapRepair |-> 0 ]
/\ bootstrapSecret = FALSE
/\ opStatus = [rolling |-> "idle", balance |-> "idle"]
/\ handlerRequestInProgress = {}

State 5: <MCFailBootstrapSecretCreate line 118, col 5 to line 121, col 65 of module MC>
/\ podTemplateApplied = FALSE
/\ basicAuthRequested = TRUE
/\ nextScheduled = FALSE
/\ asyncState = [rolling |-> "none", balance |-> "none"]
/\ zkSecurityVersion = "none"
/\ backupListNeeded = FALSE
/\ selectedForUpdate = {}
/\ credentialVersion = "v1"
/\ podReady = ("update-pod" :> TRUE @@ "pull-pod" :> TRUE)
/\ opQueue = {}
/\ taskEverSubmitted = ("collection-a" :> FALSE @@ "collection-b" :> FALSE)
/\ leader = ("collection1|shard1" :> "nrt-replica")
/\ authPhase = "error"
/\ backupFinished = FALSE
/\ podRevision = ("update-pod" :> "old" @@ "pull-pod" :> "new")
/\ backupActive = FALSE
/\ replicaState = ("nrt-replica" :> "active" @@ "pull-replica" :> "active")
/\ statusPatchPending = FALSE
/\ initialBackupCohort = {}
/\ cleanupPending = {}
/\ clusterSnapshot = [ replicaState |-> ("nrt-replica" :> "active" @@ "pull-replica" :> "active"),
  replicaNode |->
      ("nrt-replica" :> "update-pod" @@ "pull-replica" :> "pull-pod"),
  podReady |-> ("update-pod" :> TRUE @@ "pull-pod" :> TRUE),
  podExists |-> ("update-pod" :> TRUE @@ "pull-pod" :> TRUE) ]
/\ cloudReady = FALSE
/\ taskRecord = ("collection-a" :> FALSE @@ "collection-b" :> FALSE)
/\ selectionPending = FALSE
/\ replicaNode = ("nrt-replica" :> "update-pod" @@ "pull-replica" :> "pull-pod")
/\ replicaType = ("nrt-replica" :> "NRT" @@ "pull-replica" :> "PULL")
/\ eventDue = {}
/\ retryDue = {}
/\ availableCollections = {"collection-a", "collection-b"}
/\ podTemplateHasBootstrap = FALSE
/\ balanceReadyToSubmit = {}
/\ handlerReturned = {}
/\ authSecret = TRUE
/\ backupCohort = {}
/\ clusterOpLock = {}
/\ opAge = [rolling |-> 0, balance |-> 0]
/\ durableCRStatus = ("collection-a" :> "absent" @@ "collection-b" :> "absent")
/\ taskState = ("collection-a" :> "none" @@ "collection-b" :> "none")
/\ bootstrapVersion = "none"
/\ workingCRStatus = ("collection-a" :> "absent" @@ "collection-b" :> "absent")
/\ podCredentialVersion = "none"
/\ podExists = ("update-pod" :> TRUE @@ "pull-pod" :> TRUE)
/\ snapshotValid = FALSE
/\ dispatchReady = {}
/\ scheduledForDeletion = {}
/\ securityJsonLoaded = FALSE
/\ authPodReady = FALSE
/\ opError = [rolling |-> FALSE, balance |-> FALSE]
/\ faultCounters = [ managedUpdate |-> 0,
  rollingStart |-> 0,
  balanceStart |-> 0,
  rollingApiFailure |-> 0,
  balanceCheckFailure |-> 0,
  balanceSubmitFailure |-> 0,
  backupStart |-> 0,
  collectionDelete |-> 0,
  collectionAdd |-> 0,
  statusPatchConflict |-> 0,
  basicAuthRequest |-> 1,
  bootstrapCreateFailure |-> 1,
  externalZKChange |-> 0,
  manualBootstrapRepair |-> 0 ]
/\ bootstrapSecret = FALSE
/\ opStatus = [rolling |-> "idle", balance |-> "idle"]
/\ handlerRequestInProgress = {}

State 6: <MCNext line 241, col 8 to line 242, col 29 of module MC>
/\ podTemplateApplied = FALSE
/\ basicAuthRequested = TRUE
/\ nextScheduled = FALSE
/\ asyncState = [rolling |-> "none", balance |-> "none"]
/\ zkSecurityVersion = "none"
/\ backupListNeeded = FALSE
/\ selectedForUpdate = {}
/\ credentialVersion = "v1"
/\ podReady = ("update-pod" :> TRUE @@ "pull-pod" :> TRUE)
/\ opQueue = {}
/\ taskEverSubmitted = ("collection-a" :> FALSE @@ "collection-b" :> FALSE)
/\ leader = ("collection1|shard1" :> "nrt-replica")
/\ authPhase = "lookup"
/\ backupFinished = FALSE
/\ podRevision = ("update-pod" :> "old" @@ "pull-pod" :> "new")
/\ backupActive = FALSE
/\ replicaState = ("nrt-replica" :> "active" @@ "pull-replica" :> "active")
/\ statusPatchPending = FALSE
/\ initialBackupCohort = {}
/\ cleanupPending = {}
/\ clusterSnapshot = [ replicaState |-> ("nrt-replica" :> "active" @@ "pull-replica" :> "active"),
  replicaNode |->
      ("nrt-replica" :> "update-pod" @@ "pull-replica" :> "pull-pod"),
  podReady |-> ("update-pod" :> TRUE @@ "pull-pod" :> TRUE),
  podExists |-> ("update-pod" :> TRUE @@ "pull-pod" :> TRUE) ]
/\ cloudReady = FALSE
/\ taskRecord = ("collection-a" :> FALSE @@ "collection-b" :> FALSE)
/\ selectionPending = FALSE
/\ replicaNode = ("nrt-replica" :> "update-pod" @@ "pull-replica" :> "pull-pod")
/\ replicaType = ("nrt-replica" :> "NRT" @@ "pull-replica" :> "PULL")
/\ eventDue = {}
/\ retryDue = {}
/\ availableCollections = {"collection-a", "collection-b"}
/\ podTemplateHasBootstrap = FALSE
/\ balanceReadyToSubmit = {}
/\ handlerReturned = {}
/\ authSecret = TRUE
/\ backupCohort = {}
/\ clusterOpLock = {}
/\ opAge = [rolling |-> 0, balance |-> 0]
/\ durableCRStatus = ("collection-a" :> "absent" @@ "collection-b" :> "absent")
/\ taskState = ("collection-a" :> "none" @@ "collection-b" :> "none")
/\ bootstrapVersion = "none"
/\ workingCRStatus = ("collection-a" :> "absent" @@ "collection-b" :> "absent")
/\ podCredentialVersion = "none"
/\ podExists = ("update-pod" :> TRUE @@ "pull-pod" :> TRUE)
/\ snapshotValid = FALSE
/\ dispatchReady = {}
/\ scheduledForDeletion = {}
/\ securityJsonLoaded = FALSE
/\ authPodReady = FALSE
/\ opError = [rolling |-> FALSE, balance |-> FALSE]
/\ faultCounters = [ managedUpdate |-> 0,
  rollingStart |-> 0,
  balanceStart |-> 0,
  rollingApiFailure |-> 0,
  balanceCheckFailure |-> 0,
  balanceSubmitFailure |-> 0,
  backupStart |-> 0,
  collectionDelete |-> 0,
  collectionAdd |-> 0,
  statusPatchConflict |-> 0,
  basicAuthRequest |-> 1,
  bootstrapCreateFailure |-> 1,
  externalZKChange |-> 0,
  manualBootstrapRepair |-> 0 ]
/\ bootstrapSecret = FALSE
/\ opStatus = [rolling |-> "idle", balance |-> "idle"]
/\ handlerRequestInProgress = {}

State 7: <MCNext line 243, col 8 to line 244, col 29 of module MC>
/\ podTemplateApplied = FALSE
/\ basicAuthRequested = TRUE
/\ nextScheduled = FALSE
/\ asyncState = [rolling |-> "none", balance |-> "none"]
/\ zkSecurityVersion = "none"
/\ backupListNeeded = FALSE
/\ selectedForUpdate = {}
/\ credentialVersion = "v1"
/\ podReady = ("update-pod" :> TRUE @@ "pull-pod" :> TRUE)
/\ opQueue = {}
/\ taskEverSubmitted = ("collection-a" :> FALSE @@ "collection-b" :> FALSE)
/\ leader = ("collection1|shard1" :> "nrt-replica")
/\ authPhase = "generateTemplate"
/\ backupFinished = FALSE
/\ podRevision = ("update-pod" :> "old" @@ "pull-pod" :> "new")
/\ backupActive = FALSE
/\ replicaState = ("nrt-replica" :> "active" @@ "pull-replica" :> "active")
/\ statusPatchPending = FALSE
/\ initialBackupCohort = {}
/\ cleanupPending = {}
/\ clusterSnapshot = [ replicaState |-> ("nrt-replica" :> "active" @@ "pull-replica" :> "active"),
  replicaNode |->
      ("nrt-replica" :> "update-pod" @@ "pull-replica" :> "pull-pod"),
  podReady |-> ("update-pod" :> TRUE @@ "pull-pod" :> TRUE),
  podExists |-> ("update-pod" :> TRUE @@ "pull-pod" :> TRUE) ]
/\ cloudReady = FALSE
/\ taskRecord = ("collection-a" :> FALSE @@ "collection-b" :> FALSE)
/\ selectionPending = FALSE
/\ replicaNode = ("nrt-replica" :> "update-pod" @@ "pull-replica" :> "pull-pod")
/\ replicaType = ("nrt-replica" :> "NRT" @@ "pull-replica" :> "PULL")
/\ eventDue = {}
/\ retryDue = {}
/\ availableCollections = {"collection-a", "collection-b"}
/\ podTemplateHasBootstrap = FALSE
/\ balanceReadyToSubmit = {}
/\ handlerReturned = {}
/\ authSecret = TRUE
/\ backupCohort = {}
/\ clusterOpLock = {}
/\ opAge = [rolling |-> 0, balance |-> 0]
/\ durableCRStatus = ("collection-a" :> "absent" @@ "collection-b" :> "absent")
/\ taskState = ("collection-a" :> "none" @@ "collection-b" :> "none")
/\ bootstrapVersion = "none"
/\ workingCRStatus = ("collection-a" :> "absent" @@ "collection-b" :> "absent")
/\ podCredentialVersion = "none"
/\ podExists = ("update-pod" :> TRUE @@ "pull-pod" :> TRUE)
/\ snapshotValid = FALSE
/\ dispatchReady = {}
/\ scheduledForDeletion = {}
/\ securityJsonLoaded = FALSE
/\ authPodReady = FALSE
/\ opError = [rolling |-> FALSE, balance |-> FALSE]
/\ faultCounters = [ managedUpdate |-> 0,
  rollingStart |-> 0,
  balanceStart |-> 0,
  rollingApiFailure |-> 0,
  balanceCheckFailure |-> 0,
  balanceSubmitFailure |-> 0,
  backupStart |-> 0,
  collectionDelete |-> 0,
  collectionAdd |-> 0,
  statusPatchConflict |-> 0,
  basicAuthRequest |-> 1,
  bootstrapCreateFailure |-> 1,
  externalZKChange |-> 0,
  manualBootstrapRepair |-> 0 ]
/\ bootstrapSecret = FALSE
/\ opStatus = [rolling |-> "idle", balance |-> "idle"]
/\ handlerRequestInProgress = {}

State 8: <MCNext line 245, col 8 to line 246, col 29 of module MC>
/\ podTemplateApplied = FALSE
/\ basicAuthRequested = TRUE
/\ nextScheduled = FALSE
/\ asyncState = [rolling |-> "none", balance |-> "none"]
/\ zkSecurityVersion = "none"
/\ backupListNeeded = FALSE
/\ selectedForUpdate = {}
/\ credentialVersion = "v1"
/\ podReady = ("update-pod" :> TRUE @@ "pull-pod" :> TRUE)
/\ opQueue = {}
/\ taskEverSubmitted = ("collection-a" :> FALSE @@ "collection-b" :> FALSE)
/\ leader = ("collection1|shard1" :> "nrt-replica")
/\ authPhase = "applyTemplate"
/\ backupFinished = FALSE
/\ podRevision = ("update-pod" :> "old" @@ "pull-pod" :> "new")
/\ backupActive = FALSE
/\ replicaState = ("nrt-replica" :> "active" @@ "pull-replica" :> "active")
/\ statusPatchPending = FALSE
/\ initialBackupCohort = {}
/\ cleanupPending = {}
/\ clusterSnapshot = [ replicaState |-> ("nrt-replica" :> "active" @@ "pull-replica" :> "active"),
  replicaNode |->
      ("nrt-replica" :> "update-pod" @@ "pull-replica" :> "pull-pod"),
  podReady |-> ("update-pod" :> TRUE @@ "pull-pod" :> TRUE),
  podExists |-> ("update-pod" :> TRUE @@ "pull-pod" :> TRUE) ]
/\ cloudReady = FALSE
/\ taskRecord = ("collection-a" :> FALSE @@ "collection-b" :> FALSE)
/\ selectionPending = FALSE
/\ replicaNode = ("nrt-replica" :> "update-pod" @@ "pull-replica" :> "pull-pod")
/\ replicaType = ("nrt-replica" :> "NRT" @@ "pull-replica" :> "PULL")
/\ eventDue = {}
/\ retryDue = {}
/\ availableCollections = {"collection-a", "collection-b"}
/\ podTemplateHasBootstrap = FALSE
/\ balanceReadyToSubmit = {}
/\ handlerReturned = {}
/\ authSecret = TRUE
/\ backupCohort = {}
/\ clusterOpLock = {}
/\ opAge = [rolling |-> 0, balance |-> 0]
/\ durableCRStatus = ("collection-a" :> "absent" @@ "collection-b" :> "absent")
/\ taskState = ("collection-a" :> "none" @@ "collection-b" :> "none")
/\ bootstrapVersion = "none"
/\ workingCRStatus = ("collection-a" :> "absent" @@ "collection-b" :> "absent")
/\ podCredentialVersion = "v1"
/\ podExists = ("update-pod" :> TRUE @@ "pull-pod" :> TRUE)
/\ snapshotValid = FALSE
/\ dispatchReady = {}
/\ scheduledForDeletion = {}
/\ securityJsonLoaded = FALSE
/\ authPodReady = FALSE
/\ opError = [rolling |-> FALSE, balance |-> FALSE]
/\ faultCounters = [ managedUpdate |-> 0,
  rollingStart |-> 0,
  balanceStart |-> 0,
  rollingApiFailure |-> 0,
  balanceCheckFailure |-> 0,
  balanceSubmitFailure |-> 0,
  backupStart |-> 0,
  collectionDelete |-> 0,
  collectionAdd |-> 0,
  statusPatchConflict |-> 0,
  basicAuthRequest |-> 1,
  bootstrapCreateFailure |-> 1,
  externalZKChange |-> 0,
  manualBootstrapRepair |-> 0 ]
/\ bootstrapSecret = FALSE
/\ opStatus = [rolling |-> "idle", balance |-> "idle"]
/\ handlerRequestInProgress = {}

State 9: <MCNext line 247, col 8 to line 248, col 29 of module MC>
/\ podTemplateApplied = TRUE
/\ basicAuthRequested = TRUE
/\ nextScheduled = FALSE
/\ asyncState = [rolling |-> "none", balance |-> "none"]
/\ zkSecurityVersion = "none"
/\ backupListNeeded = FALSE
/\ selectedForUpdate = {}
/\ credentialVersion = "v1"
/\ podReady = ("update-pod" :> TRUE @@ "pull-pod" :> TRUE)
/\ opQueue = {}
/\ taskEverSubmitted = ("collection-a" :> FALSE @@ "collection-b" :> FALSE)
/\ leader = ("collection1|shard1" :> "nrt-replica")
/\ authPhase = "idle"
/\ backupFinished = FALSE
/\ podRevision = ("update-pod" :> "old" @@ "pull-pod" :> "new")
/\ backupActive = FALSE
/\ replicaState = ("nrt-replica" :> "active" @@ "pull-replica" :> "active")
/\ statusPatchPending = FALSE
/\ initialBackupCohort = {}
/\ cleanupPending = {}
/\ clusterSnapshot = [ replicaState |-> ("nrt-replica" :> "active" @@ "pull-replica" :> "active"),
  replicaNode |->
      ("nrt-replica" :> "update-pod" @@ "pull-replica" :> "pull-pod"),
  podReady |-> ("update-pod" :> TRUE @@ "pull-pod" :> TRUE),
  podExists |-> ("update-pod" :> TRUE @@ "pull-pod" :> TRUE) ]
/\ cloudReady = FALSE
/\ taskRecord = ("collection-a" :> FALSE @@ "collection-b" :> FALSE)
/\ selectionPending = FALSE
/\ replicaNode = ("nrt-replica" :> "update-pod" @@ "pull-replica" :> "pull-pod")
/\ replicaType = ("nrt-replica" :> "NRT" @@ "pull-replica" :> "PULL")
/\ eventDue = {}
/\ retryDue = {}
/\ availableCollections = {"collection-a", "collection-b"}
/\ podTemplateHasBootstrap = FALSE
/\ balanceReadyToSubmit = {}
/\ handlerReturned = {}
/\ authSecret = TRUE
/\ backupCohort = {}
/\ clusterOpLock = {}
/\ opAge = [rolling |-> 0, balance |-> 0]
/\ durableCRStatus = ("collection-a" :> "absent" @@ "collection-b" :> "absent")
/\ taskState = ("collection-a" :> "none" @@ "collection-b" :> "none")
/\ bootstrapVersion = "none"
/\ workingCRStatus = ("collection-a" :> "absent" @@ "collection-b" :> "absent")
/\ podCredentialVersion = "v1"
/\ podExists = ("update-pod" :> TRUE @@ "pull-pod" :> TRUE)
/\ snapshotValid = FALSE
/\ dispatchReady = {}
/\ scheduledForDeletion = {}
/\ securityJsonLoaded = FALSE
/\ authPodReady = FALSE
/\ opError = [rolling |-> FALSE, balance |-> FALSE]
/\ faultCounters = [ managedUpdate |-> 0,
  rollingStart |-> 0,
  balanceStart |-> 0,
  rollingApiFailure |-> 0,
  balanceCheckFailure |-> 0,
  balanceSubmitFailure |-> 0,
  backupStart |-> 0,
  collectionDelete |-> 0,
  collectionAdd |-> 0,
  statusPatchConflict |-> 0,
  basicAuthRequest |-> 1,
  bootstrapCreateFailure |-> 1,
  externalZKChange |-> 0,
  manualBootstrapRepair |-> 0 ]
/\ bootstrapSecret = FALSE
/\ opStatus = [rolling |-> "idle", balance |-> "idle"]
/\ handlerRequestInProgress = {}

State 10: <MCNext line 251, col 8 to line 252, col 29 of module MC>
/\ podTemplateApplied = TRUE
/\ basicAuthRequested = TRUE
/\ nextScheduled = FALSE
/\ asyncState = [rolling |-> "none", balance |-> "none"]
/\ zkSecurityVersion = "none"
/\ backupListNeeded = FALSE
/\ selectedForUpdate = {}
/\ credentialVersion = "v1"
/\ podReady = ("update-pod" :> TRUE @@ "pull-pod" :> TRUE)
/\ opQueue = {}
/\ taskEverSubmitted = ("collection-a" :> FALSE @@ "collection-b" :> FALSE)
/\ leader = ("collection1|shard1" :> "nrt-replica")
/\ authPhase = "idle"
/\ backupFinished = FALSE
/\ podRevision = ("update-pod" :> "old" @@ "pull-pod" :> "new")
/\ backupActive = FALSE
/\ replicaState = ("nrt-replica" :> "active" @@ "pull-replica" :> "active")
/\ statusPatchPending = FALSE
/\ initialBackupCohort = {}
/\ cleanupPending = {}
/\ clusterSnapshot = [ replicaState |-> ("nrt-replica" :> "active" @@ "pull-replica" :> "active"),
  replicaNode |->
      ("nrt-replica" :> "update-pod" @@ "pull-replica" :> "pull-pod"),
  podReady |-> ("update-pod" :> TRUE @@ "pull-pod" :> TRUE),
  podExists |-> ("update-pod" :> TRUE @@ "pull-pod" :> TRUE) ]
/\ cloudReady = FALSE
/\ taskRecord = ("collection-a" :> FALSE @@ "collection-b" :> FALSE)
/\ selectionPending = FALSE
/\ replicaNode = ("nrt-replica" :> "update-pod" @@ "pull-replica" :> "pull-pod")
/\ replicaType = ("nrt-replica" :> "NRT" @@ "pull-replica" :> "PULL")
/\ eventDue = {}
/\ retryDue = {}
/\ availableCollections = {"collection-a", "collection-b"}
/\ podTemplateHasBootstrap = FALSE
/\ balanceReadyToSubmit = {}
/\ handlerReturned = {}
/\ authSecret = TRUE
/\ backupCohort = {}
/\ clusterOpLock = {}
/\ opAge = [rolling |-> 0, balance |-> 0]
/\ durableCRStatus = ("collection-a" :> "absent" @@ "collection-b" :> "absent")
/\ taskState = ("collection-a" :> "none" @@ "collection-b" :> "none")
/\ bootstrapVersion = "none"
/\ workingCRStatus = ("collection-a" :> "absent" @@ "collection-b" :> "absent")
/\ podCredentialVersion = "v1"
/\ podExists = ("update-pod" :> TRUE @@ "pull-pod" :> TRUE)
/\ snapshotValid = FALSE
/\ dispatchReady = {}
/\ scheduledForDeletion = {}
/\ securityJsonLoaded = FALSE
/\ authPodReady = TRUE
/\ opError = [rolling |-> FALSE, balance |-> FALSE]
/\ faultCounters = [ managedUpdate |-> 0,
  rollingStart |-> 0,
  balanceStart |-> 0,
  rollingApiFailure |-> 0,
  balanceCheckFailure |-> 0,
  balanceSubmitFailure |-> 0,
  backupStart |-> 0,
  collectionDelete |-> 0,
  collectionAdd |-> 0,
  statusPatchConflict |-> 0,
  basicAuthRequest |-> 1,
  bootstrapCreateFailure |-> 1,
  externalZKChange |-> 0,
  manualBootstrapRepair |-> 0 ]
/\ bootstrapSecret = FALSE
/\ opStatus = [rolling |-> "idle", balance |-> "idle"]
/\ handlerRequestInProgress = {}

State 11: <MCNext line 253, col 8 to line 254, col 29 of module MC>
/\ podTemplateApplied = TRUE
/\ basicAuthRequested = TRUE
/\ nextScheduled = FALSE
/\ asyncState = [rolling |-> "none", balance |-> "none"]
/\ zkSecurityVersion = "none"
/\ backupListNeeded = FALSE
/\ selectedForUpdate = {}
/\ credentialVersion = "v1"
/\ podReady = ("update-pod" :> TRUE @@ "pull-pod" :> TRUE)
/\ opQueue = {}
/\ taskEverSubmitted = ("collection-a" :> FALSE @@ "collection-b" :> FALSE)
/\ leader = ("collection1|shard1" :> "nrt-replica")
/\ authPhase = "idle"
/\ backupFinished = FALSE
/\ podRevision = ("update-pod" :> "old" @@ "pull-pod" :> "new")
/\ backupActive = FALSE
/\ replicaState = ("nrt-replica" :> "active" @@ "pull-replica" :> "active")
/\ statusPatchPending = FALSE
/\ initialBackupCohort = {}
/\ cleanupPending = {}
/\ clusterSnapshot = [ replicaState |-> ("nrt-replica" :> "active" @@ "pull-replica" :> "active"),
  replicaNode |->
      ("nrt-replica" :> "update-pod" @@ "pull-replica" :> "pull-pod"),
  podReady |-> ("update-pod" :> TRUE @@ "pull-pod" :> TRUE),
  podExists |-> ("update-pod" :> TRUE @@ "pull-pod" :> TRUE) ]
/\ cloudReady = TRUE
/\ taskRecord = ("collection-a" :> FALSE @@ "collection-b" :> FALSE)
/\ selectionPending = FALSE
/\ replicaNode = ("nrt-replica" :> "update-pod" @@ "pull-replica" :> "pull-pod")
/\ replicaType = ("nrt-replica" :> "NRT" @@ "pull-replica" :> "PULL")
/\ eventDue = {}
/\ retryDue = {}
/\ availableCollections = {"collection-a", "collection-b"}
/\ podTemplateHasBootstrap = FALSE
/\ balanceReadyToSubmit = {}
/\ handlerReturned = {}
/\ authSecret = TRUE
/\ backupCohort = {}
/\ clusterOpLock = {}
/\ opAge = [rolling |-> 0, balance |-> 0]
/\ durableCRStatus = ("collection-a" :> "absent" @@ "collection-b" :> "absent")
/\ taskState = ("collection-a" :> "none" @@ "collection-b" :> "none")
/\ bootstrapVersion = "none"
/\ workingCRStatus = ("collection-a" :> "absent" @@ "collection-b" :> "absent")
/\ podCredentialVersion = "v1"
/\ podExists = ("update-pod" :> TRUE @@ "pull-pod" :> TRUE)
/\ snapshotValid = FALSE
/\ dispatchReady = {}
/\ scheduledForDeletion = {}
/\ securityJsonLoaded = FALSE
/\ authPodReady = TRUE
/\ opError = [rolling |-> FALSE, balance |-> FALSE]
/\ faultCounters = [ managedUpdate |-> 0,
  rollingStart |-> 0,
  balanceStart |-> 0,
  rollingApiFailure |-> 0,
  balanceCheckFailure |-> 0,
  balanceSubmitFailure |-> 0,
  backupStart |-> 0,
  collectionDelete |-> 0,
  collectionAdd |-> 0,
  statusPatchConflict |-> 0,
  basicAuthRequest |-> 1,
  bootstrapCreateFailure |-> 1,
  externalZKChange |-> 0,
  manualBootstrapRepair |-> 0 ]
/\ bootstrapSecret = FALSE
/\ opStatus = [rolling |-> "idle", balance |-> "idle"]
/\ handlerRequestInProgress = {}

46 states generated, 17 distinct states found, 0 states left on queue.
The depth of the complete state graph search is 11.
Finished in 01s at (2026-08-24 15:57:10)
Trace exploration spec path: ./MC_TTrace_1787587029.tla
