TLC2 Version 2026.07.09.134028 (rev: 227f61b)
Running breadth-first search Model-Checking with fp 127 and seed 6662084329413195744 with 96 workers on 96 cores with 7851MB heap and 16384MB offheap memory [pid: 1315025] (Linux 6.8.0-1044-azure amd64, Ubuntu 21.0.11 64bit, OffHeapDiskFPSet, DiskStateQueue).
Parsing file <run-output>/spec/MC.tla
Parsing file <run-output>/spec/base.tla
Parsing file <tlc-temp>/_TLCTrace.tla (jar:file:<specula-e2e>/lib/tla2tools.jar!/tla2sany/StandardModules/_TLCTrace.tla)
Parsing file <tlc-temp>/Naturals.tla (jar:file:<specula-e2e>/lib/tla2tools.jar!/tla2sany/StandardModules/Naturals.tla)
Parsing file <tlc-temp>/FiniteSets.tla (jar:file:<specula-e2e>/lib/tla2tools.jar!/tla2sany/StandardModules/FiniteSets.tla)
Parsing file <tlc-temp>/TLC.tla (jar:file:<specula-e2e>/lib/tla2tools.jar!/tla2sany/StandardModules/TLC.tla)
Parsing file <tlc-temp>/Sequences.tla (jar:file:<specula-e2e>/lib/tla2tools.jar!/tla2sany/StandardModules/Sequences.tla)
Parsing file <tlc-temp>/TLCExt.tla (jar:file:<specula-e2e>/lib/tla2tools.jar!/tla2sany/StandardModules/TLCExt.tla)
Parsing file <tlc-temp>/Integers.tla (jar:file:<specula-e2e>/lib/tla2tools.jar!/tla2sany/StandardModules/Integers.tla)
Semantic processing of module Naturals
Semantic processing of module Sequences
Semantic processing of module FiniteSets
Semantic processing of module TLC
Semantic processing of module base
Semantic processing of module Integers
Semantic processing of module TLCExt
Semantic processing of module _TLCTrace
Semantic processing of module MC
Linting of module base
Linting of module TLCExt
Linting of module _TLCTrace
Linting of module MC
Starting... (2026-08-24 16:00:45)
Computing initial states...
Finished computing initial states: 1 distinct state generated at 2026-08-24 16:00:46.
Error: Invariant CleanupAfterDurableTerminal is violated.
Error: The behavior up to this point is:
State 1: <Initial predicate>
/\ podTemplateApplied = FALSE
/\ basicAuthRequested = FALSE
/\ nextScheduled = FALSE
/\ asyncState = [rolling |-> "none", balance |-> "none"]
/\ zkSecurityVersion = "none"
/\ backupListNeeded = FALSE
/\ selectedForUpdate = {}
/\ credentialVersion = "none"
/\ podReady = ("update-pod" :> TRUE @@ "pull-pod" :> TRUE)
/\ opQueue = {}
/\ taskEverSubmitted = ("collection-a" :> FALSE @@ "collection-b" :> FALSE)
/\ leader = ("collection1|shard1" :> "nrt-replica")
/\ authPhase = "idle"
/\ backupFinished = FALSE
/\ podRevision = ("update-pod" :> "old" @@ "pull-pod" :> "new")
/\ backupActive = FALSE
/\ replicaState = ("nrt-replica" :> "active" @@ "pull-replica" :> "active")
/\ statusPatchPending = FALSE
/\ initialBackupCohort = {}
/\ cleanupPending = {}
/\ clusterSnapshot = [ replicaState |-> ("nrt-replica" :> "active" @@ "pull-replica" :> "active"),
  replicaNode |->
      ("nrt-replica" :> "update-pod" @@ "pull-replica" :> "pull-pod"),
  podReady |-> ("update-pod" :> TRUE @@ "pull-pod" :> TRUE),
  podExists |-> ("update-pod" :> TRUE @@ "pull-pod" :> TRUE) ]
/\ cloudReady = FALSE
/\ taskRecord = ("collection-a" :> FALSE @@ "collection-b" :> FALSE)
/\ selectionPending = FALSE
/\ replicaNode = ("nrt-replica" :> "update-pod" @@ "pull-replica" :> "pull-pod")
/\ replicaType = ("nrt-replica" :> "NRT" @@ "pull-replica" :> "PULL")
/\ eventDue = {}
/\ retryDue = {}
/\ availableCollections = {"collection-a", "collection-b"}
/\ podTemplateHasBootstrap = FALSE
/\ balanceReadyToSubmit = {}
/\ handlerReturned = {}
/\ authSecret = FALSE
/\ backupCohort = {}
/\ clusterOpLock = {}
/\ opAge = [rolling |-> 0, balance |-> 0]
/\ durableCRStatus = ("collection-a" :> "absent" @@ "collection-b" :> "absent")
/\ taskState = ("collection-a" :> "none" @@ "collection-b" :> "none")
/\ bootstrapVersion = "none"
/\ workingCRStatus = ("collection-a" :> "absent" @@ "collection-b" :> "absent")
/\ podCredentialVersion = "none"
/\ podExists = ("update-pod" :> TRUE @@ "pull-pod" :> TRUE)
/\ snapshotValid = FALSE
/\ dispatchReady = {}
/\ scheduledForDeletion = {}
/\ securityJsonLoaded = FALSE
/\ authPodReady = FALSE
/\ opError = [rolling |-> FALSE, balance |-> FALSE]
/\ faultCounters = [ managedUpdate |-> 0,
  rollingStart |-> 0,
  balanceStart |-> 0,
  rollingApiFailure |-> 0,
  balanceCheckFailure |-> 0,
  balanceSubmitFailure |-> 0,
  backupStart |-> 0,
  collectionDelete |-> 0,
  collectionAdd |-> 0,
  statusPatchConflict |-> 0,
  basicAuthRequest |-> 0,
  bootstrapCreateFailure |-> 0,
  externalZKChange |-> 0,
  manualBootstrapRepair |-> 0 ]
/\ bootstrapSecret = FALSE
/\ opStatus = [rolling |-> "idle", balance |-> "idle"]
/\ handlerRequestInProgress = {}

State 2: <MCStartBackupRun line 89, col 5 to line 91, col 68 of module MC>
/\ podTemplateApplied = FALSE
/\ basicAuthRequested = FALSE
/\ nextScheduled = FALSE
/\ asyncState = [rolling |-> "none", balance |-> "none"]
/\ zkSecurityVersion = "none"
/\ backupListNeeded = FALSE
/\ selectedForUpdate = {}
/\ credentialVersion = "none"
/\ podReady = ("update-pod" :> TRUE @@ "pull-pod" :> TRUE)
/\ opQueue = {}
/\ taskEverSubmitted = ("collection-a" :> FALSE @@ "collection-b" :> FALSE)
/\ leader = ("collection1|shard1" :> "nrt-replica")
/\ authPhase = "idle"
/\ backupFinished = FALSE
/\ podRevision = ("update-pod" :> "old" @@ "pull-pod" :> "new")
/\ backupActive = TRUE
/\ replicaState = ("nrt-replica" :> "active" @@ "pull-replica" :> "active")
/\ statusPatchPending = TRUE
/\ initialBackupCohort = {"collection-a", "collection-b"}
/\ cleanupPending = {}
/\ clusterSnapshot = [ replicaState |-> ("nrt-replica" :> "active" @@ "pull-replica" :> "active"),
  replicaNode |->
      ("nrt-replica" :> "update-pod" @@ "pull-replica" :> "pull-pod"),
  podReady |-> ("update-pod" :> TRUE @@ "pull-pod" :> TRUE),
  podExists |-> ("update-pod" :> TRUE @@ "pull-pod" :> TRUE) ]
/\ cloudReady = FALSE
/\ taskRecord = ("collection-a" :> FALSE @@ "collection-b" :> FALSE)
/\ selectionPending = FALSE
/\ replicaNode = ("nrt-replica" :> "update-pod" @@ "pull-replica" :> "pull-pod")
/\ replicaType = ("nrt-replica" :> "NRT" @@ "pull-replica" :> "PULL")
/\ eventDue = {}
/\ retryDue = {}
/\ availableCollections = {"collection-a", "collection-b"}
/\ podTemplateHasBootstrap = FALSE
/\ balanceReadyToSubmit = {}
/\ handlerReturned = {}
/\ authSecret = FALSE
/\ backupCohort = {"collection-a", "collection-b"}
/\ clusterOpLock = {}
/\ opAge = [rolling |-> 0, balance |-> 0]
/\ durableCRStatus = ("collection-a" :> "absent" @@ "collection-b" :> "absent")
/\ taskState = ("collection-a" :> "none" @@ "collection-b" :> "none")
/\ bootstrapVersion = "none"
/\ workingCRStatus = ("collection-a" :> "absent" @@ "collection-b" :> "absent")
/\ podCredentialVersion = "none"
/\ podExists = ("update-pod" :> TRUE @@ "pull-pod" :> TRUE)
/\ snapshotValid = FALSE
/\ dispatchReady = {}
/\ scheduledForDeletion = {}
/\ securityJsonLoaded = FALSE
/\ authPodReady = FALSE
/\ opError = [rolling |-> FALSE, balance |-> FALSE]
/\ faultCounters = [ managedUpdate |-> 0,
  rollingStart |-> 0,
  balanceStart |-> 0,
  rollingApiFailure |-> 0,
  balanceCheckFailure |-> 0,
  balanceSubmitFailure |-> 0,
  backupStart |-> 1,
  collectionDelete |-> 0,
  collectionAdd |-> 0,
  statusPatchConflict |-> 0,
  basicAuthRequest |-> 0,
  bootstrapCreateFailure |-> 0,
  externalZKChange |-> 0,
  manualBootstrapRepair |-> 0 ]
/\ bootstrapSecret = FALSE
/\ opStatus = [rolling |-> "idle", balance |-> "idle"]
/\ handlerRequestInProgress = {}

State 3: <MCNext line 216, col 8 to line 218, col 29 of module MC>
/\ podTemplateApplied = FALSE
/\ basicAuthRequested = FALSE
/\ nextScheduled = FALSE
/\ asyncState = [rolling |-> "none", balance |-> "none"]
/\ zkSecurityVersion = "none"
/\ backupListNeeded = FALSE
/\ selectedForUpdate = {}
/\ credentialVersion = "none"
/\ podReady = ("update-pod" :> TRUE @@ "pull-pod" :> TRUE)
/\ opQueue = {}
/\ taskEverSubmitted = ("collection-a" :> TRUE @@ "collection-b" :> FALSE)
/\ leader = ("collection1|shard1" :> "nrt-replica")
/\ authPhase = "idle"
/\ backupFinished = FALSE
/\ podRevision = ("update-pod" :> "old" @@ "pull-pod" :> "new")
/\ backupActive = TRUE
/\ replicaState = ("nrt-replica" :> "active" @@ "pull-replica" :> "active")
/\ statusPatchPending = TRUE
/\ initialBackupCohort = {"collection-a", "collection-b"}
/\ cleanupPending = {}
/\ clusterSnapshot = [ replicaState |-> ("nrt-replica" :> "active" @@ "pull-replica" :> "active"),
  replicaNode |->
      ("nrt-replica" :> "update-pod" @@ "pull-replica" :> "pull-pod"),
  podReady |-> ("update-pod" :> TRUE @@ "pull-pod" :> TRUE),
  podExists |-> ("update-pod" :> TRUE @@ "pull-pod" :> TRUE) ]
/\ cloudReady = FALSE
/\ taskRecord = ("collection-a" :> TRUE @@ "collection-b" :> FALSE)
/\ selectionPending = FALSE
/\ replicaNode = ("nrt-replica" :> "update-pod" @@ "pull-replica" :> "pull-pod")
/\ replicaType = ("nrt-replica" :> "NRT" @@ "pull-replica" :> "PULL")
/\ eventDue = {}
/\ retryDue = {}
/\ availableCollections = {"collection-a", "collection-b"}
/\ podTemplateHasBootstrap = FALSE
/\ balanceReadyToSubmit = {}
/\ handlerReturned = {}
/\ authSecret = FALSE
/\ backupCohort = {"collection-a", "collection-b"}
/\ clusterOpLock = {}
/\ opAge = [rolling |-> 0, balance |-> 0]
/\ durableCRStatus = ("collection-a" :> "absent" @@ "collection-b" :> "absent")
/\ taskState = ("collection-a" :> "running" @@ "collection-b" :> "none")
/\ bootstrapVersion = "none"
/\ workingCRStatus = ("collection-a" :> "submitted" @@ "collection-b" :> "absent")
/\ podCredentialVersion = "none"
/\ podExists = ("update-pod" :> TRUE @@ "pull-pod" :> TRUE)
/\ snapshotValid = FALSE
/\ dispatchReady = {}
/\ scheduledForDeletion = {}
/\ securityJsonLoaded = FALSE
/\ authPodReady = FALSE
/\ opError = [rolling |-> FALSE, balance |-> FALSE]
/\ faultCounters = [ managedUpdate |-> 0,
  rollingStart |-> 0,
  balanceStart |-> 0,
  rollingApiFailure |-> 0,
  balanceCheckFailure |-> 0,
  balanceSubmitFailure |-> 0,
  backupStart |-> 1,
  collectionDelete |-> 0,
  collectionAdd |-> 0,
  statusPatchConflict |-> 0,
  basicAuthRequest |-> 0,
  bootstrapCreateFailure |-> 0,
  externalZKChange |-> 0,
  manualBootstrapRepair |-> 0 ]
/\ bootstrapSecret = FALSE
/\ opStatus = [rolling |-> "idle", balance |-> "idle"]
/\ handlerRequestInProgress = {}

State 4: <MCNext line 227, col 8 to line 228, col 29 of module MC>
/\ podTemplateApplied = FALSE
/\ basicAuthRequested = FALSE
/\ nextScheduled = FALSE
/\ asyncState = [rolling |-> "none", balance |-> "none"]
/\ zkSecurityVersion = "none"
/\ backupListNeeded = FALSE
/\ selectedForUpdate = {}
/\ credentialVersion = "none"
/\ podReady = ("update-pod" :> TRUE @@ "pull-pod" :> TRUE)
/\ opQueue = {}
/\ taskEverSubmitted = ("collection-a" :> TRUE @@ "collection-b" :> FALSE)
/\ leader = ("collection1|shard1" :> "nrt-replica")
/\ authPhase = "idle"
/\ backupFinished = FALSE
/\ podRevision = ("update-pod" :> "old" @@ "pull-pod" :> "new")
/\ backupActive = TRUE
/\ replicaState = ("nrt-replica" :> "active" @@ "pull-replica" :> "active")
/\ statusPatchPending = TRUE
/\ initialBackupCohort = {"collection-a", "collection-b"}
/\ cleanupPending = {}
/\ clusterSnapshot = [ replicaState |-> ("nrt-replica" :> "active" @@ "pull-replica" :> "active"),
  replicaNode |->
      ("nrt-replica" :> "update-pod" @@ "pull-replica" :> "pull-pod"),
  podReady |-> ("update-pod" :> TRUE @@ "pull-pod" :> TRUE),
  podExists |-> ("update-pod" :> TRUE @@ "pull-pod" :> TRUE) ]
/\ cloudReady = FALSE
/\ taskRecord = ("collection-a" :> FALSE @@ "collection-b" :> FALSE)
/\ selectionPending = FALSE
/\ replicaNode = ("nrt-replica" :> "update-pod" @@ "pull-replica" :> "pull-pod")
/\ replicaType = ("nrt-replica" :> "NRT" @@ "pull-replica" :> "PULL")
/\ eventDue = {}
/\ retryDue = {}
/\ availableCollections = {"collection-a", "collection-b"}
/\ podTemplateHasBootstrap = FALSE
/\ balanceReadyToSubmit = {}
/\ handlerReturned = {}
/\ authSecret = FALSE
/\ backupCohort = {"collection-a", "collection-b"}
/\ clusterOpLock = {}
/\ opAge = [rolling |-> 0, balance |-> 0]
/\ durableCRStatus = ("collection-a" :> "absent" @@ "collection-b" :> "absent")
/\ taskState = ("collection-a" :> "none" @@ "collection-b" :> "none")
/\ bootstrapVersion = "none"
/\ workingCRStatus = ("collection-a" :> "submitted" @@ "collection-b" :> "absent")
/\ podCredentialVersion = "none"
/\ podExists = ("update-pod" :> TRUE @@ "pull-pod" :> TRUE)
/\ snapshotValid = FALSE
/\ dispatchReady = {}
/\ scheduledForDeletion = {}
/\ securityJsonLoaded = FALSE
/\ authPodReady = FALSE
/\ opError = [rolling |-> FALSE, balance |-> FALSE]
/\ faultCounters = [ managedUpdate |-> 0,
  rollingStart |-> 0,
  balanceStart |-> 0,
  rollingApiFailure |-> 0,
  balanceCheckFailure |-> 0,
  balanceSubmitFailure |-> 0,
  backupStart |-> 1,
  collectionDelete |-> 0,
  collectionAdd |-> 0,
  statusPatchConflict |-> 0,
  basicAuthRequest |-> 0,
  bootstrapCreateFailure |-> 0,
  externalZKChange |-> 0,
  manualBootstrapRepair |-> 0 ]
/\ bootstrapSecret = FALSE
/\ opStatus = [rolling |-> "idle", balance |-> "idle"]
/\ handlerRequestInProgress = {}

188 states generated, 73 distinct states found, 2 states left on queue.
The depth of the complete state graph search is 10.
Checkpointing of run /dev/shm/tlc-states-xAhbhK/26-08-24-16-00-45.350
Checkpointing completed at (2026-08-24 16:00:46)
Finished in 01s at (2026-08-24 16:00:46)
Trace exploration spec path: ./MC_TTrace_1787587245.tla
