[0;32m================================[0m
[0;32mTLC Model Checking Mode[0m
[0;32m================================[0m
Spec File:       MC.tla
Config File:     MC_seed_F9.cfg
Memory Limit:    4G
Off-heap Memory: 12G
Workers:         4
Timeout:         30 minutes
[0;34m--- Model Checking Settings ---[0m
Depth Limit:     0
Checkpoint:      10 minutes
Log File:        /home/ubuntu/specula-nvflare-gpt-continuation-20260926/framework/runs/gpt-continuation/nvflare-job/.specula-output/.tlc-tasks/jobs/f58e692339ef485992659d9efa01332c/tlc.log
[0;32m================================[0m
[1;33mExecuting Command:[0m
java -XX:+UseParallelGC -Dtlc2.tool.fp.FPSet.impl=tlc2.tool.fp.OffHeapDiskFPSet -XX:MaxDirectMemorySize=12G -Xmx4G -Xms4G -cp /home/ubuntu/specula-nvflare-gpt-continuation-20260926/framework/lib/CommunityModules-deps.jar:/home/ubuntu/specula-nvflare-gpt-continuation-20260926/framework/lib/tla2tools.jar tlc2.TLC -config MC_seed_F9.cfg MC.tla -workers 4 -deadlock -checkpoint 10 -dumptrace json /home/ubuntu/specula-nvflare-gpt-continuation-20260926/framework/runs/gpt-continuation/nvflare-job/.specula-output/spec/output/continuation-S2-F9/counterexample.json -metadir /home/ubuntu/specula-nvflare-gpt-continuation-20260926/framework/runs/gpt-continuation/nvflare-job/.specula-output/.tlc-state/tlc-states-f1OWjM 

TLC resource budget (Specula run gpt-continuation):
  memory source: user config (64G)
  external memory use: not included in this configured run bound
  memory limit: 64 GiB
  active TLC reserved before request: 48 GiB (this agent: 48 GiB)
  this request: 16 GiB (heap 4 GiB + off-heap 12 GiB)
  remaining before request: 16 GiB
  remaining after admission: 0 bytes
  worker limit: 16
  active TLC workers before request: 12 (this agent: 12)
  this request workers: 4 (4)
  remaining workers before request: 4
  remaining workers after admission: 0
  result: admitted
TLC2 Version 2026.09.23.154203 (rev: 4260e47)
Running breadth-first search Model-Checking with fp 13 and seed 4097991315857593678 with 4 workers on 16 cores with 3925MB heap and 12288MB offheap memory [pid: 3456330] (Linux 6.8.0-1044-azure amd64, Ubuntu 21.0.11 64bit, OffHeapDiskFPSet, DiskStateQueue).
Parsing file /home/ubuntu/specula-nvflare-gpt-continuation-20260926/framework/runs/gpt-continuation/nvflare-job/.specula-output/spec/output/continuation-S2-F9/MC.tla
Parsing file /home/ubuntu/specula-nvflare-gpt-continuation-20260926/framework/runs/gpt-continuation/nvflare-job/.specula-output/spec/output/continuation-S2-F9/base.tla
Parsing file /tmp/tlc-7628016483652025996/_JsonTrace.tla (jar:file:/home/ubuntu/specula-nvflare-gpt-continuation-20260926/framework/lib/tla2tools.jar!/tla2sany/StandardModules/_JsonTrace.tla)
Parsing file /tmp/tlc-7628016483652025996/_TLCTrace.tla (jar:file:/home/ubuntu/specula-nvflare-gpt-continuation-20260926/framework/lib/tla2tools.jar!/tla2sany/StandardModules/_TLCTrace.tla)
Parsing file /tmp/tlc-7628016483652025996/Integers.tla (jar:file:/home/ubuntu/specula-nvflare-gpt-continuation-20260926/framework/lib/tla2tools.jar!/tla2sany/StandardModules/Integers.tla)
Parsing file /tmp/tlc-7628016483652025996/Sequences.tla (jar:file:/home/ubuntu/specula-nvflare-gpt-continuation-20260926/framework/lib/tla2tools.jar!/tla2sany/StandardModules/Sequences.tla)
Parsing file /tmp/tlc-7628016483652025996/FiniteSets.tla (jar:file:/home/ubuntu/specula-nvflare-gpt-continuation-20260926/framework/lib/tla2tools.jar!/tla2sany/StandardModules/FiniteSets.tla)
Parsing file /tmp/tlc-7628016483652025996/TLC.tla (jar:file:/home/ubuntu/specula-nvflare-gpt-continuation-20260926/framework/lib/tla2tools.jar!/tla2sany/StandardModules/TLC.tla)
Parsing file /tmp/tlc-7628016483652025996/Naturals.tla (jar:file:/home/ubuntu/specula-nvflare-gpt-continuation-20260926/framework/lib/tla2tools.jar!/tla2sany/StandardModules/Naturals.tla)
Parsing file /tmp/tlc-7628016483652025996/TLCExt.tla (jar:file:/home/ubuntu/specula-nvflare-gpt-continuation-20260926/framework/lib/tla2tools.jar!/tla2sany/StandardModules/TLCExt.tla)
Parsing file /tmp/tlc-7628016483652025996/Json.tla (jar:file:/home/ubuntu/specula-nvflare-gpt-continuation-20260926/framework/lib/tla2tools.jar!/tla2sany/StandardModules/Json.tla)
Semantic processing of module Naturals
Semantic processing of module Integers
Semantic processing of module Sequences
Semantic processing of module FiniteSets
Semantic processing of module TLC
Semantic processing of module base
Semantic processing of module TLCExt
Semantic processing of module Json
Semantic processing of module _JsonTrace
Semantic processing of module _TLCTrace
Semantic processing of module MC
Linting of module base
Linting of module TLCExt
Linting of module Json
Linting of module _JsonTrace
Linting of module _TLCTrace
Linting of module MC
Starting... (2026-09-26 13:04:57)
Warning: The set p@@q has been defined to be a symmetry set but contains less than two elements.
(Use the -nowarning option to disable this warning.)
Computing initial states...
Finished computing initial states: 1 distinct state generated at 2026-09-26 13:04:58.
Error: Invariant ResourceConservation is violated.
Error: The behavior up to this point is:
State 1: <Initial predicate>
/\ cpAlive = (c1 :> TRUE)
/\ failAccepted = [j1 |-> FALSE]
/\ free = (c1 :> (u1 :> 1))
/\ using = (c1 :> [j1 |-> {}])
/\ cjAbortMsg = (c1 :> [j1 |-> 0])
/\ resv = (c1 :> {})
/\ fc = [ hb |-> 0,
  lose |-> 0,
  chkTO |-> 0,
  stTO |-> 0,
  depFail |-> 0,
  sjLaunchFail |-> 0,
  backoff |-> 0,
  sjError |-> 0,
  sjCrash |-> 0,
  cjError |-> 0,
  cjUnsafe |-> 0,
  cjDesc |-> 0,
  cpLaunchFail |-> 0,
  crash |-> 0,
  abort |-> 0,
  delete |-> 0,
  disable |-> 0,
  appMissing |-> 0 ]
/\ abortDropped = (c1 :> [j1 |-> FALSE])
/\ ackInWindow = [j1 |-> FALSE]
/\ nextAtt = 1
/\ endedEv = [j1 |-> FALSE]
/\ micro = [ wfcRead |-> [j1 |-> FALSE],
  wfcHad |-> [j1 |-> FALSE],
  reaped |-> (c1 :> [j1 |-> FALSE]),
  removals |-> [j1 |-> 0],
  sjBooted |-> [j1 |-> FALSE],
  cjSynced |-> (c1 :> [j1 |-> FALSE]),
  delAdm |-> [j1 |-> [pc |-> "Idle", snap |-> None]],
  reports |-> (c1 :> [j1 |-> [pc |-> "Idle", accepted |-> FALSE]]) ]
/\ cjReg = (c1 :> [j1 |-> None])
/\ alloc = (c1 :> [j1 |-> {}])
/\ ackStop = [j1 |-> FALSE]
/\ cpc = [ pc |-> "Idle",
  job |-> None,
  failed |-> FALSE,
  aborted |-> FALSE,
  hadExc |-> FALSE ]
/\ termP = (c1 :> [j1 |-> 0])
/\ waiter = (c1 :> [j1 |-> FALSE])
/\ postAckLaunch = [j1 |-> FALSE]
/\ sessions = {c1}
/\ rp = [j1 |-> None]
/\ cst = (c1 :> [j1 |-> None])
/\ sj = [j1 |-> "None"]
/\ sweeper = [pc |-> "Idle", cl |-> None, snap |-> 0, blocking |-> FALSE]
/\ cjRC = (c1 :> [j1 |-> 0])
/\ startedEv = [j1 |-> FALSE]
/\ exeErrRec = [j1 |-> FALSE]
/\ launches = [j1 |-> 0]
/\ pending = [j1 |-> None]
/\ sjAbortHandled = [j1 |-> FALSE]
/\ cjProc = (c1 :> [j1 |-> "None"])
/\ latchInStopWin = [j1 |-> FALSE]
/\ msgs = <<>>
/\ wfc = [j1 |-> FALSE]
/\ tagged = {}
/\ rmp = [j1 |-> 0]
/\ shared = [j1 |-> FALSE]
/\ disabled = {}
/\ sjErr = [j1 |-> FALSE]
/\ latched = [j1 |-> None]
/\ rpc = [ ready |-> None,
  pc |-> "Scan",
  job |-> None,
  att |-> 0,
  listed |-> {},
  queue |-> <<>>,
  cnt |-> [j1 |-> 0],
  chk |-> {},
  failed |-> <<>>,
  blocked |-> <<>>,
  fb |-> <<>>,
  disp |-> {},
  dep |-> {},
  jid |-> FALSE,
  snap |-> None,
  sreq |-> {} ]
/\ exc = [j1 |-> None]
/\ runningJobs = {}
/\ failRunRec = [j1 |-> FALSE]
/\ startFailCause = [j1 |-> "none"]
/\ adm = [j1 |-> [pc |-> "Idle", snap |-> None]]
/\ slots = {}
/\ termHb = (c1 :> [j1 |-> 0])
/\ grp = (c1 :> [j1 |-> FALSE])
/\ wfcStale = [j1 |-> None]
/\ pCount = [j1 |-> 0]
/\ status = [j1 |-> "SUBMITTED"]
/\ ovw = {}
/\ firstTerm = [j1 |-> None]
/\ ackAbort = [j1 |-> FALSE]
/\ sjRC = [j1 |-> 0]
/\ runAborted = [j1 |-> FALSE]

State 2: <MCRunnerScanList line 102, col 28 to line 102, col 66 of module MC>
/\ cpAlive = (c1 :> TRUE)
/\ failAccepted = [j1 |-> FALSE]
/\ free = (c1 :> (u1 :> 1))
/\ using = (c1 :> [j1 |-> {}])
/\ cjAbortMsg = (c1 :> [j1 |-> 0])
/\ resv = (c1 :> {})
/\ fc = [ hb |-> 0,
  lose |-> 0,
  chkTO |-> 0,
  stTO |-> 0,
  depFail |-> 0,
  sjLaunchFail |-> 0,
  backoff |-> 0,
  sjError |-> 0,
  sjCrash |-> 0,
  cjError |-> 0,
  cjUnsafe |-> 0,
  cjDesc |-> 0,
  cpLaunchFail |-> 0,
  crash |-> 0,
  abort |-> 0,
  delete |-> 0,
  disable |-> 0,
  appMissing |-> 0 ]
/\ abortDropped = (c1 :> [j1 |-> FALSE])
/\ ackInWindow = [j1 |-> FALSE]
/\ nextAtt = 1
/\ endedEv = [j1 |-> FALSE]
/\ micro = [ wfcRead |-> [j1 |-> FALSE],
  wfcHad |-> [j1 |-> FALSE],
  reaped |-> (c1 :> [j1 |-> FALSE]),
  removals |-> [j1 |-> 0],
  sjBooted |-> [j1 |-> FALSE],
  cjSynced |-> (c1 :> [j1 |-> FALSE]),
  delAdm |-> [j1 |-> [pc |-> "Idle", snap |-> None]],
  reports |-> (c1 :> [j1 |-> [pc |-> "Idle", accepted |-> FALSE]]) ]
/\ cjReg = (c1 :> [j1 |-> None])
/\ alloc = (c1 :> [j1 |-> {}])
/\ ackStop = [j1 |-> FALSE]
/\ cpc = [ pc |-> "Idle",
  job |-> None,
  failed |-> FALSE,
  aborted |-> FALSE,
  hadExc |-> FALSE ]
/\ termP = (c1 :> [j1 |-> 0])
/\ waiter = (c1 :> [j1 |-> FALSE])
/\ postAckLaunch = [j1 |-> FALSE]
/\ sessions = {c1}
/\ rp = [j1 |-> None]
/\ cst = (c1 :> [j1 |-> None])
/\ sj = [j1 |-> "None"]
/\ sweeper = [pc |-> "Idle", cl |-> None, snap |-> 0, blocking |-> FALSE]
/\ cjRC = (c1 :> [j1 |-> 0])
/\ startedEv = [j1 |-> FALSE]
/\ exeErrRec = [j1 |-> FALSE]
/\ launches = [j1 |-> 0]
/\ pending = [j1 |-> None]
/\ sjAbortHandled = [j1 |-> FALSE]
/\ cjProc = (c1 :> [j1 |-> "None"])
/\ latchInStopWin = [j1 |-> FALSE]
/\ msgs = <<>>
/\ wfc = [j1 |-> FALSE]
/\ tagged = {}
/\ rmp = [j1 |-> 0]
/\ shared = [j1 |-> FALSE]
/\ disabled = {}
/\ sjErr = [j1 |-> FALSE]
/\ latched = [j1 |-> None]
/\ rpc = [ ready |-> None,
  pc |-> "ScanRead",
  job |-> None,
  att |-> 0,
  listed |-> {"j1"},
  queue |-> <<>>,
  cnt |-> [j1 |-> 0],
  chk |-> {},
  failed |-> <<>>,
  blocked |-> <<>>,
  fb |-> <<>>,
  disp |-> {},
  dep |-> {},
  jid |-> FALSE,
  snap |-> None,
  sreq |-> {} ]
/\ exc = [j1 |-> None]
/\ runningJobs = {}
/\ failRunRec = [j1 |-> FALSE]
/\ startFailCause = [j1 |-> "none"]
/\ adm = [j1 |-> [pc |-> "Idle", snap |-> None]]
/\ slots = {}
/\ termHb = (c1 :> [j1 |-> 0])
/\ grp = (c1 :> [j1 |-> FALSE])
/\ wfcStale = [j1 |-> None]
/\ pCount = [j1 |-> 0]
/\ status = [j1 |-> "SUBMITTED"]
/\ ovw = {}
/\ firstTerm = [j1 |-> None]
/\ ackAbort = [j1 |-> FALSE]
/\ sjRC = [j1 |-> 0]
/\ runAborted = [j1 |-> FALSE]

State 3: <MCRunnerScanReadOne("j1") line 164, col 27 to line 164, col 71 of module MC>
/\ cpAlive = (c1 :> TRUE)
/\ failAccepted = [j1 |-> FALSE]
/\ free = (c1 :> (u1 :> 1))
/\ using = (c1 :> [j1 |-> {}])
/\ cjAbortMsg = (c1 :> [j1 |-> 0])
/\ resv = (c1 :> {})
/\ fc = [ hb |-> 0,
  lose |-> 0,
  chkTO |-> 0,
  stTO |-> 0,
  depFail |-> 0,
  sjLaunchFail |-> 0,
  backoff |-> 0,
  sjError |-> 0,
  sjCrash |-> 0,
  cjError |-> 0,
  cjUnsafe |-> 0,
  cjDesc |-> 0,
  cpLaunchFail |-> 0,
  crash |-> 0,
  abort |-> 0,
  delete |-> 0,
  disable |-> 0,
  appMissing |-> 0 ]
/\ abortDropped = (c1 :> [j1 |-> FALSE])
/\ ackInWindow = [j1 |-> FALSE]
/\ nextAtt = 1
/\ endedEv = [j1 |-> FALSE]
/\ micro = [ wfcRead |-> [j1 |-> FALSE],
  wfcHad |-> [j1 |-> FALSE],
  reaped |-> (c1 :> [j1 |-> FALSE]),
  removals |-> [j1 |-> 0],
  sjBooted |-> [j1 |-> FALSE],
  cjSynced |-> (c1 :> [j1 |-> FALSE]),
  delAdm |-> [j1 |-> [pc |-> "Idle", snap |-> None]],
  reports |-> (c1 :> [j1 |-> [pc |-> "Idle", accepted |-> FALSE]]) ]
/\ cjReg = (c1 :> [j1 |-> None])
/\ alloc = (c1 :> [j1 |-> {}])
/\ ackStop = [j1 |-> FALSE]
/\ cpc = [ pc |-> "Idle",
  job |-> None,
  failed |-> FALSE,
  aborted |-> FALSE,
  hadExc |-> FALSE ]
/\ termP = (c1 :> [j1 |-> 0])
/\ waiter = (c1 :> [j1 |-> FALSE])
/\ postAckLaunch = [j1 |-> FALSE]
/\ sessions = {c1}
/\ rp = [j1 |-> None]
/\ cst = (c1 :> [j1 |-> None])
/\ sj = [j1 |-> "None"]
/\ sweeper = [pc |-> "Idle", cl |-> None, snap |-> 0, blocking |-> FALSE]
/\ cjRC = (c1 :> [j1 |-> 0])
/\ startedEv = [j1 |-> FALSE]
/\ exeErrRec = [j1 |-> FALSE]
/\ launches = [j1 |-> 0]
/\ pending = [j1 |-> None]
/\ sjAbortHandled = [j1 |-> FALSE]
/\ cjProc = (c1 :> [j1 |-> "None"])
/\ latchInStopWin = [j1 |-> FALSE]
/\ msgs = <<>>
/\ wfc = [j1 |-> FALSE]
/\ tagged = {}
/\ rmp = [j1 |-> 0]
/\ shared = [j1 |-> FALSE]
/\ disabled = {}
/\ sjErr = [j1 |-> FALSE]
/\ latched = [j1 |-> None]
/\ rpc = [ ready |-> None,
  pc |-> "ScanRead",
  job |-> None,
  att |-> 0,
  listed |-> {},
  queue |-> <<"j1">>,
  cnt |-> [j1 |-> 0],
  chk |-> {},
  failed |-> <<>>,
  blocked |-> <<>>,
  fb |-> <<>>,
  disp |-> {},
  dep |-> {},
  jid |-> FALSE,
  snap |-> None,
  sreq |-> {} ]
/\ exc = [j1 |-> None]
/\ runningJobs = {}
/\ failRunRec = [j1 |-> FALSE]
/\ startFailCause = [j1 |-> "none"]
/\ adm = [j1 |-> [pc |-> "Idle", snap |-> None]]
/\ slots = {}
/\ termHb = (c1 :> [j1 |-> 0])
/\ grp = (c1 :> [j1 |-> FALSE])
/\ wfcStale = [j1 |-> None]
/\ pCount = [j1 |-> 0]
/\ status = [j1 |-> "SUBMITTED"]
/\ ovw = {}
/\ firstTerm = [j1 |-> None]
/\ ackAbort = [j1 |-> FALSE]
/\ sjRC = [j1 |-> 0]
/\ runAborted = [j1 |-> FALSE]

State 4: <MCRunnerScanRead line 104, col 28 to line 104, col 66 of module MC>
/\ cpAlive = (c1 :> TRUE)
/\ failAccepted = [j1 |-> FALSE]
/\ free = (c1 :> (u1 :> 1))
/\ using = (c1 :> [j1 |-> {}])
/\ cjAbortMsg = (c1 :> [j1 |-> 0])
/\ resv = (c1 :> {})
/\ fc = [ hb |-> 0,
  lose |-> 0,
  chkTO |-> 0,
  stTO |-> 0,
  depFail |-> 0,
  sjLaunchFail |-> 0,
  backoff |-> 0,
  sjError |-> 0,
  sjCrash |-> 0,
  cjError |-> 0,
  cjUnsafe |-> 0,
  cjDesc |-> 0,
  cpLaunchFail |-> 0,
  crash |-> 0,
  abort |-> 0,
  delete |-> 0,
  disable |-> 0,
  appMissing |-> 0 ]
/\ abortDropped = (c1 :> [j1 |-> FALSE])
/\ ackInWindow = [j1 |-> FALSE]
/\ nextAtt = 1
/\ endedEv = [j1 |-> FALSE]
/\ micro = [ wfcRead |-> [j1 |-> FALSE],
  wfcHad |-> [j1 |-> FALSE],
  reaped |-> (c1 :> [j1 |-> FALSE]),
  removals |-> [j1 |-> 0],
  sjBooted |-> [j1 |-> FALSE],
  cjSynced |-> (c1 :> [j1 |-> FALSE]),
  delAdm |-> [j1 |-> [pc |-> "Idle", snap |-> None]],
  reports |-> (c1 :> [j1 |-> [pc |-> "Idle", accepted |-> FALSE]]) ]
/\ cjReg = (c1 :> [j1 |-> None])
/\ alloc = (c1 :> [j1 |-> {}])
/\ ackStop = [j1 |-> FALSE]
/\ cpc = [ pc |-> "Idle",
  job |-> None,
  failed |-> FALSE,
  aborted |-> FALSE,
  hadExc |-> FALSE ]
/\ termP = (c1 :> [j1 |-> 0])
/\ waiter = (c1 :> [j1 |-> FALSE])
/\ postAckLaunch = [j1 |-> FALSE]
/\ sessions = {c1}
/\ rp = [j1 |-> None]
/\ cst = (c1 :> [j1 |-> None])
/\ sj = [j1 |-> "None"]
/\ sweeper = [pc |-> "Idle", cl |-> None, snap |-> 0, blocking |-> FALSE]
/\ cjRC = (c1 :> [j1 |-> 0])
/\ startedEv = [j1 |-> FALSE]
/\ exeErrRec = [j1 |-> FALSE]
/\ launches = [j1 |-> 0]
/\ pending = [j1 |-> None]
/\ sjAbortHandled = [j1 |-> FALSE]
/\ cjProc = (c1 :> [j1 |-> "None"])
/\ latchInStopWin = [j1 |-> FALSE]
/\ msgs = <<>>
/\ wfc = [j1 |-> FALSE]
/\ tagged = {}
/\ rmp = [j1 |-> 0]
/\ shared = [j1 |-> FALSE]
/\ disabled = {}
/\ sjErr = [j1 |-> FALSE]
/\ latched = [j1 |-> None]
/\ rpc = [ ready |-> None,
  pc |-> "TryNext",
  job |-> None,
  att |-> 0,
  listed |-> {},
  queue |-> <<"j1">>,
  cnt |-> [j1 |-> 0],
  chk |-> {},
  failed |-> <<>>,
  blocked |-> <<>>,
  fb |-> <<>>,
  disp |-> {},
  dep |-> {},
  jid |-> FALSE,
  snap |-> None,
  sreq |-> {} ]
/\ exc = [j1 |-> None]
/\ runningJobs = {}
/\ failRunRec = [j1 |-> FALSE]
/\ startFailCause = [j1 |-> "none"]
/\ adm = [j1 |-> [pc |-> "Idle", snap |-> None]]
/\ slots = {}
/\ termHb = (c1 :> [j1 |-> 0])
/\ grp = (c1 :> [j1 |-> FALSE])
/\ wfcStale = [j1 |-> None]
/\ pCount = [j1 |-> 0]
/\ status = [j1 |-> "SUBMITTED"]
/\ ovw = {}
/\ firstTerm = [j1 |-> None]
/\ ackAbort = [j1 |-> FALSE]
/\ sjRC = [j1 |-> 0]
/\ runAborted = [j1 |-> FALSE]

State 5: <MCRunnerTryNext line 105, col 28 to line 105, col 65 of module MC>
/\ cpAlive = (c1 :> TRUE)
/\ failAccepted = [j1 |-> FALSE]
/\ free = (c1 :> (u1 :> 1))
/\ using = (c1 :> [j1 |-> {}])
/\ cjAbortMsg = (c1 :> [j1 |-> 0])
/\ resv = (c1 :> {})
/\ fc = [ hb |-> 0,
  lose |-> 0,
  chkTO |-> 0,
  stTO |-> 0,
  depFail |-> 0,
  sjLaunchFail |-> 0,
  backoff |-> 0,
  sjError |-> 0,
  sjCrash |-> 0,
  cjError |-> 0,
  cjUnsafe |-> 0,
  cjDesc |-> 0,
  cpLaunchFail |-> 0,
  crash |-> 0,
  abort |-> 0,
  delete |-> 0,
  disable |-> 0,
  appMissing |-> 0 ]
/\ abortDropped = (c1 :> [j1 |-> FALSE])
/\ ackInWindow = [j1 |-> FALSE]
/\ nextAtt = 2
/\ endedEv = [j1 |-> FALSE]
/\ micro = [ wfcRead |-> [j1 |-> FALSE],
  wfcHad |-> [j1 |-> FALSE],
  reaped |-> (c1 :> [j1 |-> FALSE]),
  removals |-> [j1 |-> 0],
  sjBooted |-> [j1 |-> FALSE],
  cjSynced |-> (c1 :> [j1 |-> FALSE]),
  delAdm |-> [j1 |-> [pc |-> "Idle", snap |-> None]],
  reports |-> (c1 :> [j1 |-> [pc |-> "Idle", accepted |-> FALSE]]) ]
/\ cjReg = (c1 :> [j1 |-> None])
/\ alloc = (c1 :> [j1 |-> {}])
/\ ackStop = [j1 |-> FALSE]
/\ cpc = [ pc |-> "Idle",
  job |-> None,
  failed |-> FALSE,
  aborted |-> FALSE,
  hadExc |-> FALSE ]
/\ termP = (c1 :> [j1 |-> 0])
/\ waiter = (c1 :> [j1 |-> FALSE])
/\ postAckLaunch = [j1 |-> FALSE]
/\ sessions = {c1}
/\ rp = [j1 |-> None]
/\ cst = (c1 :> [j1 |-> None])
/\ sj = [j1 |-> "None"]
/\ sweeper = [pc |-> "Idle", cl |-> None, snap |-> 0, blocking |-> FALSE]
/\ cjRC = (c1 :> [j1 |-> 0])
/\ startedEv = [j1 |-> FALSE]
/\ exeErrRec = [j1 |-> FALSE]
/\ launches = [j1 |-> 0]
/\ pending = [j1 |-> None]
/\ sjAbortHandled = [j1 |-> FALSE]
/\ cjProc = (c1 :> [j1 |-> "None"])
/\ latchInStopWin = [j1 |-> FALSE]
/\ msgs = ( [ job |-> "j1",
    ok |-> FALSE,
    code |-> 0,
    flag |-> FALSE,
    type |-> "CHECK",
    cl |-> c1,
    att |-> 1 ] :>
      1 )
/\ wfc = [j1 |-> FALSE]
/\ tagged = {}
/\ rmp = [j1 |-> 0]
/\ shared = [j1 |-> FALSE]
/\ disabled = {}
/\ sjErr = [j1 |-> FALSE]
/\ latched = [j1 |-> None]
/\ rpc = [ ready |-> None,
  pc |-> "CheckWait",
  job |-> "j1",
  att |-> 1,
  listed |-> {},
  queue |-> <<>>,
  cnt |-> [j1 |-> 0],
  chk |-> {c1},
  failed |-> <<>>,
  blocked |-> <<>>,
  fb |-> <<>>,
  disp |-> {},
  dep |-> {},
  jid |-> FALSE,
  snap |-> None,
  sreq |-> {} ]
/\ exc = [j1 |-> None]
/\ runningJobs = {}
/\ failRunRec = [j1 |-> FALSE]
/\ startFailCause = [j1 |-> "none"]
/\ adm = [j1 |-> [pc |-> "Idle", snap |-> None]]
/\ slots = {}
/\ termHb = (c1 :> [j1 |-> 0])
/\ grp = (c1 :> [j1 |-> FALSE])
/\ wfcStale = [j1 |-> None]
/\ pCount = [j1 |-> 0]
/\ status = [j1 |-> "SUBMITTED"]
/\ ovw = {}
/\ firstTerm = [j1 |-> None]
/\ ackAbort = [j1 |-> FALSE]
/\ sjRC = [j1 |-> 0]
/\ runAborted = [j1 |-> FALSE]

State 6: <MsgCheckResource line 156, col 31 to line 156, col 73 of module MC>
/\ cpAlive = (c1 :> TRUE)
/\ failAccepted = [j1 |-> FALSE]
/\ free = (c1 :> (u1 :> 0))
/\ using = (c1 :> [j1 |-> {}])
/\ cjAbortMsg = (c1 :> [j1 |-> 0])
/\ resv = (c1 :> {[job |-> "j1", tok |-> 1, units |-> {u1}, ttl |-> 1]})
/\ fc = [ hb |-> 0,
  lose |-> 0,
  chkTO |-> 0,
  stTO |-> 0,
  depFail |-> 0,
  sjLaunchFail |-> 0,
  backoff |-> 0,
  sjError |-> 0,
  sjCrash |-> 0,
  cjError |-> 0,
  cjUnsafe |-> 0,
  cjDesc |-> 0,
  cpLaunchFail |-> 0,
  crash |-> 0,
  abort |-> 0,
  delete |-> 0,
  disable |-> 0,
  appMissing |-> 0 ]
/\ abortDropped = (c1 :> [j1 |-> FALSE])
/\ ackInWindow = [j1 |-> FALSE]
/\ nextAtt = 2
/\ endedEv = [j1 |-> FALSE]
/\ micro = [ wfcRead |-> [j1 |-> FALSE],
  wfcHad |-> [j1 |-> FALSE],
  reaped |-> (c1 :> [j1 |-> FALSE]),
  removals |-> [j1 |-> 0],
  sjBooted |-> [j1 |-> FALSE],
  cjSynced |-> (c1 :> [j1 |-> FALSE]),
  delAdm |-> [j1 |-> [pc |-> "Idle", snap |-> None]],
  reports |-> (c1 :> [j1 |-> [pc |-> "Idle", accepted |-> FALSE]]) ]
/\ cjReg = (c1 :> [j1 |-> None])
/\ alloc = (c1 :> [j1 |-> {}])
/\ ackStop = [j1 |-> FALSE]
/\ cpc = [ pc |-> "Idle",
  job |-> None,
  failed |-> FALSE,
  aborted |-> FALSE,
  hadExc |-> FALSE ]
/\ termP = (c1 :> [j1 |-> 0])
/\ waiter = (c1 :> [j1 |-> FALSE])
/\ postAckLaunch = [j1 |-> FALSE]
/\ sessions = {c1}
/\ rp = [j1 |-> None]
/\ cst = (c1 :> [j1 |-> None])
/\ sj = [j1 |-> "None"]
/\ sweeper = [pc |-> "Idle", cl |-> None, snap |-> 0, blocking |-> FALSE]
/\ cjRC = (c1 :> [j1 |-> 0])
/\ startedEv = [j1 |-> FALSE]
/\ exeErrRec = [j1 |-> FALSE]
/\ launches = [j1 |-> 0]
/\ pending = [j1 |-> None]
/\ sjAbortHandled = [j1 |-> FALSE]
/\ cjProc = (c1 :> [j1 |-> "None"])
/\ latchInStopWin = [j1 |-> FALSE]
/\ msgs = ( [ job |-> "j1",
    ok |-> TRUE,
    code |-> 0,
    flag |-> FALSE,
    type |-> "CHECK_REP",
    cl |-> c1,
    att |-> 1 ] :>
      1 )
/\ wfc = [j1 |-> FALSE]
/\ tagged = {}
/\ rmp = [j1 |-> 0]
/\ shared = [j1 |-> FALSE]
/\ disabled = {}
/\ sjErr = [j1 |-> FALSE]
/\ latched = [j1 |-> None]
/\ rpc = [ ready |-> None,
  pc |-> "CheckWait",
  job |-> "j1",
  att |-> 1,
  listed |-> {},
  queue |-> <<>>,
  cnt |-> [j1 |-> 0],
  chk |-> {c1},
  failed |-> <<>>,
  blocked |-> <<>>,
  fb |-> <<>>,
  disp |-> {},
  dep |-> {},
  jid |-> FALSE,
  snap |-> None,
  sreq |-> {} ]
/\ exc = [j1 |-> None]
/\ runningJobs = {}
/\ failRunRec = [j1 |-> FALSE]
/\ startFailCause = [j1 |-> "none"]
/\ adm = [j1 |-> [pc |-> "Idle", snap |-> None]]
/\ slots = {}
/\ termHb = (c1 :> [j1 |-> 0])
/\ grp = (c1 :> [j1 |-> FALSE])
/\ wfcStale = [j1 |-> None]
/\ pCount = [j1 |-> 0]
/\ status = [j1 |-> "SUBMITTED"]
/\ ovw = {}
/\ firstTerm = [j1 |-> None]
/\ ackAbort = [j1 |-> FALSE]
/\ sjRC = [j1 |-> 0]
/\ runAborted = [j1 |-> FALSE]

State 7: <MCRunnerCheckCollect line 107, col 28 to line 107, col 70 of module MC>
/\ cpAlive = (c1 :> TRUE)
/\ failAccepted = [j1 |-> FALSE]
/\ free = (c1 :> (u1 :> 0))
/\ using = (c1 :> [j1 |-> {}])
/\ cjAbortMsg = (c1 :> [j1 |-> 0])
/\ resv = (c1 :> {[job |-> "j1", tok |-> 1, units |-> {u1}, ttl |-> 1]})
/\ fc = [ hb |-> 0,
  lose |-> 0,
  chkTO |-> 0,
  stTO |-> 0,
  depFail |-> 0,
  sjLaunchFail |-> 0,
  backoff |-> 0,
  sjError |-> 0,
  sjCrash |-> 0,
  cjError |-> 0,
  cjUnsafe |-> 0,
  cjDesc |-> 0,
  cpLaunchFail |-> 0,
  crash |-> 0,
  abort |-> 0,
  delete |-> 0,
  disable |-> 0,
  appMissing |-> 0 ]
/\ abortDropped = (c1 :> [j1 |-> FALSE])
/\ ackInWindow = [j1 |-> FALSE]
/\ nextAtt = 2
/\ endedEv = [j1 |-> FALSE]
/\ micro = [ wfcRead |-> [j1 |-> FALSE],
  wfcHad |-> [j1 |-> FALSE],
  reaped |-> (c1 :> [j1 |-> FALSE]),
  removals |-> [j1 |-> 0],
  sjBooted |-> [j1 |-> FALSE],
  cjSynced |-> (c1 :> [j1 |-> FALSE]),
  delAdm |-> [j1 |-> [pc |-> "Idle", snap |-> None]],
  reports |-> (c1 :> [j1 |-> [pc |-> "Idle", accepted |-> FALSE]]) ]
/\ cjReg = (c1 :> [j1 |-> None])
/\ alloc = (c1 :> [j1 |-> {}])
/\ ackStop = [j1 |-> FALSE]
/\ cpc = [ pc |-> "Idle",
  job |-> None,
  failed |-> FALSE,
  aborted |-> FALSE,
  hadExc |-> FALSE ]
/\ termP = (c1 :> [j1 |-> 0])
/\ waiter = (c1 :> [j1 |-> FALSE])
/\ postAckLaunch = [j1 |-> FALSE]
/\ sessions = {c1}
/\ rp = [j1 |-> None]
/\ cst = (c1 :> [j1 |-> None])
/\ sj = [j1 |-> "None"]
/\ sweeper = [pc |-> "Idle", cl |-> None, snap |-> 0, blocking |-> FALSE]
/\ cjRC = (c1 :> [j1 |-> 0])
/\ startedEv = [j1 |-> FALSE]
/\ exeErrRec = [j1 |-> FALSE]
/\ launches = [j1 |-> 0]
/\ pending = [j1 |-> None]
/\ sjAbortHandled = [j1 |-> FALSE]
/\ cjProc = (c1 :> [j1 |-> "None"])
/\ latchInStopWin = [j1 |-> FALSE]
/\ msgs = <<>>
/\ wfc = [j1 |-> FALSE]
/\ tagged = {}
/\ rmp = [j1 |-> 0]
/\ shared = [j1 |-> FALSE]
/\ disabled = {}
/\ sjErr = [j1 |-> FALSE]
/\ latched = [j1 |-> None]
/\ rpc = [ ready |-> "j1",
  pc |-> "ChkSubmitted",
  job |-> None,
  att |-> 1,
  listed |-> {},
  queue |-> <<>>,
  cnt |-> [j1 |-> 1],
  chk |-> {},
  failed |-> <<>>,
  blocked |-> <<>>,
  fb |-> <<>>,
  disp |-> {c1},
  dep |-> {},
  jid |-> FALSE,
  snap |-> None,
  sreq |-> {} ]
/\ exc = [j1 |-> None]
/\ runningJobs = {}
/\ failRunRec = [j1 |-> FALSE]
/\ startFailCause = [j1 |-> "none"]
/\ adm = [j1 |-> [pc |-> "Idle", snap |-> None]]
/\ slots = {}
/\ termHb = (c1 :> [j1 |-> 0])
/\ grp = (c1 :> [j1 |-> FALSE])
/\ wfcStale = [j1 |-> None]
/\ pCount = [j1 |-> 0]
/\ status = [j1 |-> "SUBMITTED"]
/\ ovw = {}
/\ firstTerm = [j1 |-> None]
/\ ackAbort = [j1 |-> FALSE]
/\ sjRC = [j1 |-> 0]
/\ runAborted = [j1 |-> FALSE]

State 8: <MCRunnerCheckSubmitted line 111, col 28 to line 111, col 72 of module MC>
/\ cpAlive = (c1 :> TRUE)
/\ failAccepted = [j1 |-> FALSE]
/\ free = (c1 :> (u1 :> 0))
/\ using = (c1 :> [j1 |-> {}])
/\ cjAbortMsg = (c1 :> [j1 |-> 0])
/\ resv = (c1 :> {[job |-> "j1", tok |-> 1, units |-> {u1}, ttl |-> 1]})
/\ fc = [ hb |-> 0,
  lose |-> 0,
  chkTO |-> 0,
  stTO |-> 0,
  depFail |-> 0,
  sjLaunchFail |-> 0,
  backoff |-> 0,
  sjError |-> 0,
  sjCrash |-> 0,
  cjError |-> 0,
  cjUnsafe |-> 0,
  cjDesc |-> 0,
  cpLaunchFail |-> 0,
  crash |-> 0,
  abort |-> 0,
  delete |-> 0,
  disable |-> 0,
  appMissing |-> 0 ]
/\ abortDropped = (c1 :> [j1 |-> FALSE])
/\ ackInWindow = [j1 |-> FALSE]
/\ nextAtt = 2
/\ endedEv = [j1 |-> FALSE]
/\ micro = [ wfcRead |-> [j1 |-> FALSE],
  wfcHad |-> [j1 |-> FALSE],
  reaped |-> (c1 :> [j1 |-> FALSE]),
  removals |-> [j1 |-> 0],
  sjBooted |-> [j1 |-> FALSE],
  cjSynced |-> (c1 :> [j1 |-> FALSE]),
  delAdm |-> [j1 |-> [pc |-> "Idle", snap |-> None]],
  reports |-> (c1 :> [j1 |-> [pc |-> "Idle", accepted |-> FALSE]]) ]
/\ cjReg = (c1 :> [j1 |-> None])
/\ alloc = (c1 :> [j1 |-> {}])
/\ ackStop = [j1 |-> FALSE]
/\ cpc = [ pc |-> "Idle",
  job |-> None,
  failed |-> FALSE,
  aborted |-> FALSE,
  hadExc |-> FALSE ]
/\ termP = (c1 :> [j1 |-> 0])
/\ waiter = (c1 :> [j1 |-> FALSE])
/\ postAckLaunch = [j1 |-> FALSE]
/\ sessions = {c1}
/\ rp = [j1 |-> None]
/\ cst = (c1 :> [j1 |-> None])
/\ sj = [j1 |-> "None"]
/\ sweeper = [pc |-> "Idle", cl |-> None, snap |-> 0, blocking |-> FALSE]
/\ cjRC = (c1 :> [j1 |-> 0])
/\ startedEv = [j1 |-> FALSE]
/\ exeErrRec = [j1 |-> FALSE]
/\ launches = [j1 |-> 0]
/\ pending = [j1 |-> None]
/\ sjAbortHandled = [j1 |-> FALSE]
/\ cjProc = (c1 :> [j1 |-> "None"])
/\ latchInStopWin = [j1 |-> FALSE]
/\ msgs = <<>>
/\ wfc = [j1 |-> FALSE]
/\ tagged = {}
/\ rmp = [j1 |-> 0]
/\ shared = [j1 |-> FALSE]
/\ disabled = {}
/\ sjErr = [j1 |-> FALSE]
/\ latched = [j1 |-> None]
/\ rpc = [ ready |-> "j1",
  pc |-> "Deploy",
  job |-> None,
  att |-> 1,
  listed |-> {},
  queue |-> <<>>,
  cnt |-> [j1 |-> 1],
  chk |-> {},
  failed |-> <<>>,
  blocked |-> <<>>,
  fb |-> <<>>,
  disp |-> {c1},
  dep |-> {},
  jid |-> FALSE,
  snap |-> None,
  sreq |-> {} ]
/\ exc = [j1 |-> None]
/\ runningJobs = {}
/\ failRunRec = [j1 |-> FALSE]
/\ startFailCause = [j1 |-> "none"]
/\ adm = [j1 |-> [pc |-> "Idle", snap |-> None]]
/\ slots = {}
/\ termHb = (c1 :> [j1 |-> 0])
/\ grp = (c1 :> [j1 |-> FALSE])
/\ wfcStale = [j1 |-> None]
/\ pCount = [j1 |-> 0]
/\ status = [j1 |-> "SUBMITTED"]
/\ ovw = {}
/\ firstTerm = [j1 |-> None]
/\ ackAbort = [j1 |-> FALSE]
/\ sjRC = [j1 |-> 0]
/\ runAborted = [j1 |-> FALSE]

State 9: <MCRunnerDeployJob({}) line 69, col 5 to line 71, col 83 of module MC>
/\ cpAlive = (c1 :> TRUE)
/\ failAccepted = [j1 |-> FALSE]
/\ free = (c1 :> (u1 :> 0))
/\ using = (c1 :> [j1 |-> {}])
/\ cjAbortMsg = (c1 :> [j1 |-> 0])
/\ resv = (c1 :> {[job |-> "j1", tok |-> 1, units |-> {u1}, ttl |-> 1]})
/\ fc = [ hb |-> 0,
  lose |-> 0,
  chkTO |-> 0,
  stTO |-> 0,
  depFail |-> 0,
  sjLaunchFail |-> 0,
  backoff |-> 0,
  sjError |-> 0,
  sjCrash |-> 0,
  cjError |-> 0,
  cjUnsafe |-> 0,
  cjDesc |-> 0,
  cpLaunchFail |-> 0,
  crash |-> 0,
  abort |-> 0,
  delete |-> 0,
  disable |-> 0,
  appMissing |-> 0 ]
/\ abortDropped = (c1 :> [j1 |-> FALSE])
/\ ackInWindow = [j1 |-> FALSE]
/\ nextAtt = 2
/\ endedEv = [j1 |-> FALSE]
/\ micro = [ wfcRead |-> [j1 |-> FALSE],
  wfcHad |-> [j1 |-> FALSE],
  reaped |-> (c1 :> [j1 |-> FALSE]),
  removals |-> [j1 |-> 0],
  sjBooted |-> [j1 |-> FALSE],
  cjSynced |-> (c1 :> [j1 |-> FALSE]),
  delAdm |-> [j1 |-> [pc |-> "Idle", snap |-> None]],
  reports |-> (c1 :> [j1 |-> [pc |-> "Idle", accepted |-> FALSE]]) ]
/\ cjReg = (c1 :> [j1 |-> None])
/\ alloc = (c1 :> [j1 |-> {}])
/\ ackStop = [j1 |-> FALSE]
/\ cpc = [ pc |-> "Idle",
  job |-> None,
  failed |-> FALSE,
  aborted |-> FALSE,
  hadExc |-> FALSE ]
/\ termP = (c1 :> [j1 |-> 0])
/\ waiter = (c1 :> [j1 |-> FALSE])
/\ postAckLaunch = [j1 |-> FALSE]
/\ sessions = {c1}
/\ rp = [j1 |-> None]
/\ cst = (c1 :> [j1 |-> None])
/\ sj = [j1 |-> "None"]
/\ sweeper = [pc |-> "Idle", cl |-> None, snap |-> 0, blocking |-> FALSE]
/\ cjRC = (c1 :> [j1 |-> 0])
/\ startedEv = [j1 |-> FALSE]
/\ exeErrRec = [j1 |-> FALSE]
/\ launches = [j1 |-> 0]
/\ pending = [j1 |-> None]
/\ sjAbortHandled = [j1 |-> FALSE]
/\ cjProc = (c1 :> [j1 |-> "None"])
/\ latchInStopWin = [j1 |-> FALSE]
/\ msgs = <<>>
/\ wfc = [j1 |-> FALSE]
/\ tagged = {}
/\ rmp = [j1 |-> 0]
/\ shared = [j1 |-> FALSE]
/\ disabled = {}
/\ sjErr = [j1 |-> FALSE]
/\ latched = [j1 |-> None]
/\ rpc = [ ready |-> "j1",
  pc |-> "SetDispatched",
  job |-> None,
  att |-> 1,
  listed |-> {},
  queue |-> <<>>,
  cnt |-> [j1 |-> 1],
  chk |-> {},
  failed |-> <<>>,
  blocked |-> <<>>,
  fb |-> <<>>,
  disp |-> {c1},
  dep |-> {c1},
  jid |-> TRUE,
  snap |-> None,
  sreq |-> {} ]
/\ exc = [j1 |-> None]
/\ runningJobs = {}
/\ failRunRec = [j1 |-> FALSE]
/\ startFailCause = [j1 |-> "none"]
/\ adm = [j1 |-> [pc |-> "Idle", snap |-> None]]
/\ slots = {}
/\ termHb = (c1 :> [j1 |-> 0])
/\ grp = (c1 :> [j1 |-> FALSE])
/\ wfcStale = [j1 |-> None]
/\ pCount = [j1 |-> 0]
/\ status = [j1 |-> "SUBMITTED"]
/\ ovw = {}
/\ firstTerm = [j1 |-> None]
/\ ackAbort = [j1 |-> FALSE]
/\ sjRC = [j1 |-> 0]
/\ runAborted = [j1 |-> FALSE]

State 10: <MCRunnerSetDispatched line 112, col 28 to line 112, col 71 of module MC>
/\ cpAlive = (c1 :> TRUE)
/\ failAccepted = [j1 |-> FALSE]
/\ free = (c1 :> (u1 :> 0))
/\ using = (c1 :> [j1 |-> {}])
/\ cjAbortMsg = (c1 :> [j1 |-> 0])
/\ resv = (c1 :> {[job |-> "j1", tok |-> 1, units |-> {u1}, ttl |-> 1]})
/\ fc = [ hb |-> 0,
  lose |-> 0,
  chkTO |-> 0,
  stTO |-> 0,
  depFail |-> 0,
  sjLaunchFail |-> 0,
  backoff |-> 0,
  sjError |-> 0,
  sjCrash |-> 0,
  cjError |-> 0,
  cjUnsafe |-> 0,
  cjDesc |-> 0,
  cpLaunchFail |-> 0,
  crash |-> 0,
  abort |-> 0,
  delete |-> 0,
  disable |-> 0,
  appMissing |-> 0 ]
/\ abortDropped = (c1 :> [j1 |-> FALSE])
/\ ackInWindow = [j1 |-> FALSE]
/\ nextAtt = 2
/\ endedEv = [j1 |-> FALSE]
/\ micro = [ wfcRead |-> [j1 |-> FALSE],
  wfcHad |-> [j1 |-> FALSE],
  reaped |-> (c1 :> [j1 |-> FALSE]),
  removals |-> [j1 |-> 0],
  sjBooted |-> [j1 |-> FALSE],
  cjSynced |-> (c1 :> [j1 |-> FALSE]),
  delAdm |-> [j1 |-> [pc |-> "Idle", snap |-> None]],
  reports |-> (c1 :> [j1 |-> [pc |-> "Idle", accepted |-> FALSE]]) ]
/\ cjReg = (c1 :> [j1 |-> None])
/\ alloc = (c1 :> [j1 |-> {}])
/\ ackStop = [j1 |-> FALSE]
/\ cpc = [ pc |-> "Idle",
  job |-> None,
  failed |-> FALSE,
  aborted |-> FALSE,
  hadExc |-> FALSE ]
/\ termP = (c1 :> [j1 |-> 0])
/\ waiter = (c1 :> [j1 |-> FALSE])
/\ postAckLaunch = [j1 |-> FALSE]
/\ sessions = {c1}
/\ rp = [j1 |-> None]
/\ cst = (c1 :> [j1 |-> None])
/\ sj = [j1 |-> "None"]
/\ sweeper = [pc |-> "Idle", cl |-> None, snap |-> 0, blocking |-> FALSE]
/\ cjRC = (c1 :> [j1 |-> 0])
/\ startedEv = [j1 |-> FALSE]
/\ exeErrRec = [j1 |-> FALSE]
/\ launches = [j1 |-> 0]
/\ pending = [j1 |-> None]
/\ sjAbortHandled = [j1 |-> FALSE]
/\ cjProc = (c1 :> [j1 |-> "None"])
/\ latchInStopWin = [j1 |-> FALSE]
/\ msgs = <<>>
/\ wfc = [j1 |-> FALSE]
/\ tagged = {}
/\ rmp = [j1 |-> 0]
/\ shared = [j1 |-> FALSE]
/\ disabled = {}
/\ sjErr = [j1 |-> FALSE]
/\ latched = [j1 |-> None]
/\ rpc = [ ready |-> "j1",
  pc |-> "MetaRead",
  job |-> None,
  att |-> 1,
  listed |-> {},
  queue |-> <<>>,
  cnt |-> [j1 |-> 1],
  chk |-> {},
  failed |-> <<>>,
  blocked |-> <<>>,
  fb |-> <<>>,
  disp |-> {c1},
  dep |-> {c1},
  jid |-> TRUE,
  snap |-> None,
  sreq |-> {} ]
/\ exc = [j1 |-> None]
/\ runningJobs = {}
/\ failRunRec = [j1 |-> FALSE]
/\ startFailCause = [j1 |-> "none"]
/\ adm = [j1 |-> [pc |-> "Idle", snap |-> None]]
/\ slots = {}
/\ termHb = (c1 :> [j1 |-> 0])
/\ grp = (c1 :> [j1 |-> FALSE])
/\ wfcStale = [j1 |-> None]
/\ pCount = [j1 |-> 0]
/\ status = [j1 |-> "DISPATCHED"]
/\ ovw = {}
/\ firstTerm = [j1 |-> None]
/\ ackAbort = [j1 |-> FALSE]
/\ sjRC = [j1 |-> 0]
/\ runAborted = [j1 |-> FALSE]

State 11: <MCRunnerMetaRead line 113, col 28 to line 113, col 66 of module MC>
/\ cpAlive = (c1 :> TRUE)
/\ failAccepted = [j1 |-> FALSE]
/\ free = (c1 :> (u1 :> 0))
/\ using = (c1 :> [j1 |-> {}])
/\ cjAbortMsg = (c1 :> [j1 |-> 0])
/\ resv = (c1 :> {[job |-> "j1", tok |-> 1, units |-> {u1}, ttl |-> 1]})
/\ fc = [ hb |-> 0,
  lose |-> 0,
  chkTO |-> 0,
  stTO |-> 0,
  depFail |-> 0,
  sjLaunchFail |-> 0,
  backoff |-> 0,
  sjError |-> 0,
  sjCrash |-> 0,
  cjError |-> 0,
  cjUnsafe |-> 0,
  cjDesc |-> 0,
  cpLaunchFail |-> 0,
  crash |-> 0,
  abort |-> 0,
  delete |-> 0,
  disable |-> 0,
  appMissing |-> 0 ]
/\ abortDropped = (c1 :> [j1 |-> FALSE])
/\ ackInWindow = [j1 |-> FALSE]
/\ nextAtt = 2
/\ endedEv = [j1 |-> FALSE]
/\ micro = [ wfcRead |-> [j1 |-> FALSE],
  wfcHad |-> [j1 |-> FALSE],
  reaped |-> (c1 :> [j1 |-> FALSE]),
  removals |-> [j1 |-> 0],
  sjBooted |-> [j1 |-> FALSE],
  cjSynced |-> (c1 :> [j1 |-> FALSE]),
  delAdm |-> [j1 |-> [pc |-> "Idle", snap |-> None]],
  reports |-> (c1 :> [j1 |-> [pc |-> "Idle", accepted |-> FALSE]]) ]
/\ cjReg = (c1 :> [j1 |-> None])
/\ alloc = (c1 :> [j1 |-> {}])
/\ ackStop = [j1 |-> FALSE]
/\ cpc = [ pc |-> "Idle",
  job |-> None,
  failed |-> FALSE,
  aborted |-> FALSE,
  hadExc |-> FALSE ]
/\ termP = (c1 :> [j1 |-> 0])
/\ waiter = (c1 :> [j1 |-> FALSE])
/\ postAckLaunch = [j1 |-> FALSE]
/\ sessions = {c1}
/\ rp = [j1 |-> None]
/\ cst = (c1 :> [j1 |-> None])
/\ sj = [j1 |-> "None"]
/\ sweeper = [pc |-> "Idle", cl |-> None, snap |-> 0, blocking |-> FALSE]
/\ cjRC = (c1 :> [j1 |-> 0])
/\ startedEv = [j1 |-> FALSE]
/\ exeErrRec = [j1 |-> FALSE]
/\ launches = [j1 |-> 0]
/\ pending = [j1 |-> None]
/\ sjAbortHandled = [j1 |-> FALSE]
/\ cjProc = (c1 :> [j1 |-> "None"])
/\ latchInStopWin = [j1 |-> FALSE]
/\ msgs = <<>>
/\ wfc = [j1 |-> FALSE]
/\ tagged = {}
/\ rmp = [j1 |-> 0]
/\ shared = [j1 |-> FALSE]
/\ disabled = {}
/\ sjErr = [j1 |-> FALSE]
/\ latched = [j1 |-> None]
/\ rpc = [ ready |-> "j1",
  pc |-> "MetaWrite",
  job |-> None,
  att |-> 1,
  listed |-> {},
  queue |-> <<>>,
  cnt |-> [j1 |-> 1],
  chk |-> {},
  failed |-> <<>>,
  blocked |-> <<>>,
  fb |-> <<>>,
  disp |-> {c1},
  dep |-> {c1},
  jid |-> TRUE,
  snap |-> "DISPATCHED",
  sreq |-> {} ]
/\ exc = [j1 |-> None]
/\ runningJobs = {}
/\ failRunRec = [j1 |-> FALSE]
/\ startFailCause = [j1 |-> "none"]
/\ adm = [j1 |-> [pc |-> "Idle", snap |-> None]]
/\ slots = {}
/\ termHb = (c1 :> [j1 |-> 0])
/\ grp = (c1 :> [j1 |-> FALSE])
/\ wfcStale = [j1 |-> None]
/\ pCount = [j1 |-> 0]
/\ status = [j1 |-> "DISPATCHED"]
/\ ovw = {}
/\ firstTerm = [j1 |-> None]
/\ ackAbort = [j1 |-> FALSE]
/\ sjRC = [j1 |-> 0]
/\ runAborted = [j1 |-> FALSE]

State 12: <MCRunnerMetaWrite line 114, col 28 to line 114, col 67 of module MC>
/\ cpAlive = (c1 :> TRUE)
/\ failAccepted = [j1 |-> FALSE]
/\ free = (c1 :> (u1 :> 0))
/\ using = (c1 :> [j1 |-> {}])
/\ cjAbortMsg = (c1 :> [j1 |-> 0])
/\ resv = (c1 :> {[job |-> "j1", tok |-> 1, units |-> {u1}, ttl |-> 1]})
/\ fc = [ hb |-> 0,
  lose |-> 0,
  chkTO |-> 0,
  stTO |-> 0,
  depFail |-> 0,
  sjLaunchFail |-> 0,
  backoff |-> 0,
  sjError |-> 0,
  sjCrash |-> 0,
  cjError |-> 0,
  cjUnsafe |-> 0,
  cjDesc |-> 0,
  cpLaunchFail |-> 0,
  crash |-> 0,
  abort |-> 0,
  delete |-> 0,
  disable |-> 0,
  appMissing |-> 0 ]
/\ abortDropped = (c1 :> [j1 |-> FALSE])
/\ ackInWindow = [j1 |-> FALSE]
/\ nextAtt = 2
/\ endedEv = [j1 |-> FALSE]
/\ micro = [ wfcRead |-> [j1 |-> FALSE],
  wfcHad |-> [j1 |-> FALSE],
  reaped |-> (c1 :> [j1 |-> FALSE]),
  removals |-> [j1 |-> 0],
  sjBooted |-> [j1 |-> FALSE],
  cjSynced |-> (c1 :> [j1 |-> FALSE]),
  delAdm |-> [j1 |-> [pc |-> "Idle", snap |-> None]],
  reports |-> (c1 :> [j1 |-> [pc |-> "Idle", accepted |-> FALSE]]) ]
/\ cjReg = (c1 :> [j1 |-> None])
/\ alloc = (c1 :> [j1 |-> {}])
/\ ackStop = [j1 |-> FALSE]
/\ cpc = [ pc |-> "Idle",
  job |-> None,
  failed |-> FALSE,
  aborted |-> FALSE,
  hadExc |-> FALSE ]
/\ termP = (c1 :> [j1 |-> 0])
/\ waiter = (c1 :> [j1 |-> FALSE])
/\ postAckLaunch = [j1 |-> FALSE]
/\ sessions = {c1}
/\ rp = [j1 |-> None]
/\ cst = (c1 :> [j1 |-> None])
/\ sj = [j1 |-> "None"]
/\ sweeper = [pc |-> "Idle", cl |-> None, snap |-> 0, blocking |-> FALSE]
/\ cjRC = (c1 :> [j1 |-> 0])
/\ startedEv = [j1 |-> FALSE]
/\ exeErrRec = [j1 |-> FALSE]
/\ launches = [j1 |-> 0]
/\ pending = [j1 |-> None]
/\ sjAbortHandled = [j1 |-> FALSE]
/\ cjProc = (c1 :> [j1 |-> "None"])
/\ latchInStopWin = [j1 |-> FALSE]
/\ msgs = <<>>
/\ wfc = [j1 |-> FALSE]
/\ tagged = {}
/\ rmp = [j1 |-> 0]
/\ shared = [j1 |-> FALSE]
/\ disabled = {}
/\ sjErr = [j1 |-> FALSE]
/\ latched = [j1 |-> None]
/\ rpc = [ ready |-> "j1",
  pc |-> "ChkDispatched",
  job |-> None,
  att |-> 1,
  listed |-> {},
  queue |-> <<>>,
  cnt |-> [j1 |-> 1],
  chk |-> {},
  failed |-> <<>>,
  blocked |-> <<>>,
  fb |-> <<>>,
  disp |-> {c1},
  dep |-> {c1},
  jid |-> TRUE,
  snap |-> None,
  sreq |-> {} ]
/\ exc = [j1 |-> None]
/\ runningJobs = {}
/\ failRunRec = [j1 |-> FALSE]
/\ startFailCause = [j1 |-> "none"]
/\ adm = [j1 |-> [pc |-> "Idle", snap |-> None]]
/\ slots = {}
/\ termHb = (c1 :> [j1 |-> 0])
/\ grp = (c1 :> [j1 |-> FALSE])
/\ wfcStale = [j1 |-> None]
/\ pCount = [j1 |-> 1]
/\ status = [j1 |-> "DISPATCHED"]
/\ ovw = {}
/\ firstTerm = [j1 |-> None]
/\ ackAbort = [j1 |-> FALSE]
/\ sjRC = [j1 |-> 0]
/\ runAborted = [j1 |-> FALSE]

State 13: <MCRunnerCheckDispatched line 115, col 28 to line 115, col 73 of module MC>
/\ cpAlive = (c1 :> TRUE)
/\ failAccepted = [j1 |-> FALSE]
/\ free = (c1 :> (u1 :> 0))
/\ using = (c1 :> [j1 |-> {}])
/\ cjAbortMsg = (c1 :> [j1 |-> 0])
/\ resv = (c1 :> {[job |-> "j1", tok |-> 1, units |-> {u1}, ttl |-> 1]})
/\ fc = [ hb |-> 0,
  lose |-> 0,
  chkTO |-> 0,
  stTO |-> 0,
  depFail |-> 0,
  sjLaunchFail |-> 0,
  backoff |-> 0,
  sjError |-> 0,
  sjCrash |-> 0,
  cjError |-> 0,
  cjUnsafe |-> 0,
  cjDesc |-> 0,
  cpLaunchFail |-> 0,
  crash |-> 0,
  abort |-> 0,
  delete |-> 0,
  disable |-> 0,
  appMissing |-> 0 ]
/\ abortDropped = (c1 :> [j1 |-> FALSE])
/\ ackInWindow = [j1 |-> FALSE]
/\ nextAtt = 2
/\ endedEv = [j1 |-> FALSE]
/\ micro = [ wfcRead |-> [j1 |-> FALSE],
  wfcHad |-> [j1 |-> FALSE],
  reaped |-> (c1 :> [j1 |-> FALSE]),
  removals |-> [j1 |-> 0],
  sjBooted |-> [j1 |-> FALSE],
  cjSynced |-> (c1 :> [j1 |-> FALSE]),
  delAdm |-> [j1 |-> [pc |-> "Idle", snap |-> None]],
  reports |-> (c1 :> [j1 |-> [pc |-> "Idle", accepted |-> FALSE]]) ]
/\ cjReg = (c1 :> [j1 |-> None])
/\ alloc = (c1 :> [j1 |-> {}])
/\ ackStop = [j1 |-> FALSE]
/\ cpc = [ pc |-> "Idle",
  job |-> None,
  failed |-> FALSE,
  aborted |-> FALSE,
  hadExc |-> FALSE ]
/\ termP = (c1 :> [j1 |-> 0])
/\ waiter = (c1 :> [j1 |-> FALSE])
/\ postAckLaunch = [j1 |-> FALSE]
/\ sessions = {c1}
/\ rp = [j1 |-> None]
/\ cst = (c1 :> [j1 |-> None])
/\ sj = [j1 |-> "None"]
/\ sweeper = [pc |-> "Idle", cl |-> None, snap |-> 0, blocking |-> FALSE]
/\ cjRC = (c1 :> [j1 |-> 0])
/\ startedEv = [j1 |-> FALSE]
/\ exeErrRec = [j1 |-> FALSE]
/\ launches = [j1 |-> 0]
/\ pending = [j1 |-> None]
/\ sjAbortHandled = [j1 |-> FALSE]
/\ cjProc = (c1 :> [j1 |-> "None"])
/\ latchInStopWin = [j1 |-> FALSE]
/\ msgs = <<>>
/\ wfc = [j1 |-> FALSE]
/\ tagged = {}
/\ rmp = [j1 |-> 0]
/\ shared = [j1 |-> FALSE]
/\ disabled = {}
/\ sjErr = [j1 |-> FALSE]
/\ latched = [j1 |-> None]
/\ rpc = [ ready |-> "j1",
  pc |-> "StartSJ",
  job |-> None,
  att |-> 1,
  listed |-> {},
  queue |-> <<>>,
  cnt |-> [j1 |-> 1],
  chk |-> {},
  failed |-> <<>>,
  blocked |-> <<>>,
  fb |-> <<>>,
  disp |-> {c1},
  dep |-> {c1},
  jid |-> TRUE,
  snap |-> None,
  sreq |-> {} ]
/\ exc = [j1 |-> None]
/\ runningJobs = {}
/\ failRunRec = [j1 |-> FALSE]
/\ startFailCause = [j1 |-> "none"]
/\ adm = [j1 |-> [pc |-> "Idle", snap |-> None]]
/\ slots = {}
/\ termHb = (c1 :> [j1 |-> 0])
/\ grp = (c1 :> [j1 |-> FALSE])
/\ wfcStale = [j1 |-> None]
/\ pCount = [j1 |-> 1]
/\ status = [j1 |-> "DISPATCHED"]
/\ ovw = {}
/\ firstTerm = [j1 |-> None]
/\ ackAbort = [j1 |-> FALSE]
/\ sjRC = [j1 |-> 0]
/\ runAborted = [j1 |-> FALSE]

State 14: <MCRunnerLaunchSJ line 168, col 21 to line 168, col 59 of module MC>
/\ cpAlive = (c1 :> TRUE)
/\ failAccepted = [j1 |-> FALSE]
/\ free = (c1 :> (u1 :> 0))
/\ using = (c1 :> [j1 |-> {}])
/\ cjAbortMsg = (c1 :> [j1 |-> 0])
/\ resv = (c1 :> {[job |-> "j1", tok |-> 1, units |-> {u1}, ttl |-> 1]})
/\ fc = [ hb |-> 0,
  lose |-> 0,
  chkTO |-> 0,
  stTO |-> 0,
  depFail |-> 0,
  sjLaunchFail |-> 0,
  backoff |-> 0,
  sjError |-> 0,
  sjCrash |-> 0,
  cjError |-> 0,
  cjUnsafe |-> 0,
  cjDesc |-> 0,
  cpLaunchFail |-> 0,
  crash |-> 0,
  abort |-> 0,
  delete |-> 0,
  disable |-> 0,
  appMissing |-> 0 ]
/\ abortDropped = (c1 :> [j1 |-> FALSE])
/\ ackInWindow = [j1 |-> FALSE]
/\ nextAtt = 2
/\ endedEv = [j1 |-> FALSE]
/\ micro = [ wfcRead |-> [j1 |-> FALSE],
  wfcHad |-> [j1 |-> FALSE],
  reaped |-> (c1 :> [j1 |-> FALSE]),
  removals |-> [j1 |-> 0],
  sjBooted |-> [j1 |-> FALSE],
  cjSynced |-> (c1 :> [j1 |-> FALSE]),
  delAdm |-> [j1 |-> [pc |-> "Idle", snap |-> None]],
  reports |-> (c1 :> [j1 |-> [pc |-> "Idle", accepted |-> FALSE]]) ]
/\ cjReg = (c1 :> [j1 |-> None])
/\ alloc = (c1 :> [j1 |-> {}])
/\ ackStop = [j1 |-> FALSE]
/\ cpc = [ pc |-> "Idle",
  job |-> None,
  failed |-> FALSE,
  aborted |-> FALSE,
  hadExc |-> FALSE ]
/\ termP = (c1 :> [j1 |-> 0])
/\ waiter = (c1 :> [j1 |-> FALSE])
/\ postAckLaunch = [j1 |-> FALSE]
/\ sessions = {c1}
/\ rp = [j1 |-> None]
/\ cst = (c1 :> [j1 |-> None])
/\ sj = [j1 |-> "Running"]
/\ sweeper = [pc |-> "Idle", cl |-> None, snap |-> 0, blocking |-> FALSE]
/\ cjRC = (c1 :> [j1 |-> 0])
/\ startedEv = [j1 |-> FALSE]
/\ exeErrRec = [j1 |-> FALSE]
/\ launches = [j1 |-> 1]
/\ pending = [j1 |-> None]
/\ sjAbortHandled = [j1 |-> FALSE]
/\ cjProc = (c1 :> [j1 |-> "None"])
/\ latchInStopWin = [j1 |-> FALSE]
/\ msgs = <<>>
/\ wfc = [j1 |-> FALSE]
/\ tagged = {}
/\ rmp = [j1 |-> 0]
/\ shared = [j1 |-> FALSE]
/\ disabled = {}
/\ sjErr = [j1 |-> FALSE]
/\ latched = [j1 |-> None]
/\ rpc = [ ready |-> "j1",
  pc |-> "RegisterSJ",
  job |-> None,
  att |-> 1,
  listed |-> {},
  queue |-> <<>>,
  cnt |-> [j1 |-> 1],
  chk |-> {},
  failed |-> <<>>,
  blocked |-> <<>>,
  fb |-> <<>>,
  disp |-> {c1},
  dep |-> {c1},
  jid |-> TRUE,
  snap |-> None,
  sreq |-> {c1} ]
/\ exc = [j1 |-> None]
/\ runningJobs = {}
/\ failRunRec = [j1 |-> FALSE]
/\ startFailCause = [j1 |-> "none"]
/\ adm = [j1 |-> [pc |-> "Idle", snap |-> None]]
/\ slots = {}
/\ termHb = (c1 :> [j1 |-> 0])
/\ grp = (c1 :> [j1 |-> FALSE])
/\ wfcStale = [j1 |-> None]
/\ pCount = [j1 |-> 1]
/\ status = [j1 |-> "DISPATCHED"]
/\ ovw = {}
/\ firstTerm = [j1 |-> None]
/\ ackAbort = [j1 |-> FALSE]
/\ sjRC = [j1 |-> 0]
/\ runAborted = [j1 |-> FALSE]

State 15: <MCRunnerRegisterSJ line 169, col 23 to line 169, col 63 of module MC>
/\ cpAlive = (c1 :> TRUE)
/\ failAccepted = [j1 |-> FALSE]
/\ free = (c1 :> (u1 :> 0))
/\ using = (c1 :> [j1 |-> {}])
/\ cjAbortMsg = (c1 :> [j1 |-> 0])
/\ resv = (c1 :> {[job |-> "j1", tok |-> 1, units |-> {u1}, ttl |-> 1]})
/\ fc = [ hb |-> 0,
  lose |-> 0,
  chkTO |-> 0,
  stTO |-> 0,
  depFail |-> 0,
  sjLaunchFail |-> 0,
  backoff |-> 0,
  sjError |-> 0,
  sjCrash |-> 0,
  cjError |-> 0,
  cjUnsafe |-> 0,
  cjDesc |-> 0,
  cpLaunchFail |-> 0,
  crash |-> 0,
  abort |-> 0,
  delete |-> 0,
  disable |-> 0,
  appMissing |-> 0 ]
/\ abortDropped = (c1 :> [j1 |-> FALSE])
/\ ackInWindow = [j1 |-> FALSE]
/\ nextAtt = 2
/\ endedEv = [j1 |-> FALSE]
/\ micro = [ wfcRead |-> [j1 |-> FALSE],
  wfcHad |-> [j1 |-> FALSE],
  reaped |-> (c1 :> [j1 |-> FALSE]),
  removals |-> [j1 |-> 0],
  sjBooted |-> [j1 |-> FALSE],
  cjSynced |-> (c1 :> [j1 |-> FALSE]),
  delAdm |-> [j1 |-> [pc |-> "Idle", snap |-> None]],
  reports |-> (c1 :> [j1 |-> [pc |-> "Idle", accepted |-> FALSE]]) ]
/\ cjReg = (c1 :> [j1 |-> None])
/\ alloc = (c1 :> [j1 |-> {}])
/\ ackStop = [j1 |-> FALSE]
/\ cpc = [ pc |-> "Idle",
  job |-> None,
  failed |-> FALSE,
  aborted |-> FALSE,
  hadExc |-> FALSE ]
/\ termP = (c1 :> [j1 |-> 0])
/\ waiter = (c1 :> [j1 |-> FALSE])
/\ postAckLaunch = [j1 |-> FALSE]
/\ sessions = {c1}
/\ rp = [j1 |-> [rc |-> 0, exeErr |-> FALSE, parts |-> {c1}, finished |-> FALSE]]
/\ cst = (c1 :> [j1 |-> None])
/\ sj = [j1 |-> "Running"]
/\ sweeper = [pc |-> "Idle", cl |-> None, snap |-> 0, blocking |-> FALSE]
/\ cjRC = (c1 :> [j1 |-> 0])
/\ startedEv = [j1 |-> FALSE]
/\ exeErrRec = [j1 |-> FALSE]
/\ launches = [j1 |-> 1]
/\ pending = [j1 |-> None]
/\ sjAbortHandled = [j1 |-> FALSE]
/\ cjProc = (c1 :> [j1 |-> "None"])
/\ latchInStopWin = [j1 |-> FALSE]
/\ msgs = <<>>
/\ wfc = [j1 |-> TRUE]
/\ tagged = {}
/\ rmp = [j1 |-> 0]
/\ shared = [j1 |-> FALSE]
/\ disabled = {}
/\ sjErr = [j1 |-> FALSE]
/\ latched = [j1 |-> None]
/\ rpc = [ ready |-> "j1",
  pc |-> "InitOutcomes",
  job |-> None,
  att |-> 1,
  listed |-> {},
  queue |-> <<>>,
  cnt |-> [j1 |-> 1],
  chk |-> {},
  failed |-> <<>>,
  blocked |-> <<>>,
  fb |-> <<>>,
  disp |-> {c1},
  dep |-> {c1},
  jid |-> TRUE,
  snap |-> None,
  sreq |-> {c1} ]
/\ exc = [j1 |-> None]
/\ runningJobs = {}
/\ failRunRec = [j1 |-> FALSE]
/\ startFailCause = [j1 |-> "none"]
/\ adm = [j1 |-> [pc |-> "Idle", snap |-> None]]
/\ slots = {}
/\ termHb = (c1 :> [j1 |-> 0])
/\ grp = (c1 :> [j1 |-> FALSE])
/\ wfcStale = [j1 |-> None]
/\ pCount = [j1 |-> 1]
/\ status = [j1 |-> "DISPATCHED"]
/\ ovw = {}
/\ firstTerm = [j1 |-> None]
/\ ackAbort = [j1 |-> FALSE]
/\ sjRC = [j1 |-> 0]
/\ runAborted = [j1 |-> FALSE]

State 16: <MCRunnerInitOutcomes line 170, col 25 to line 170, col 67 of module MC>
/\ cpAlive = (c1 :> TRUE)
/\ failAccepted = [j1 |-> FALSE]
/\ free = (c1 :> (u1 :> 0))
/\ using = (c1 :> [j1 |-> {}])
/\ cjAbortMsg = (c1 :> [j1 |-> 0])
/\ resv = (c1 :> {[job |-> "j1", tok |-> 1, units |-> {u1}, ttl |-> 1]})
/\ fc = [ hb |-> 0,
  lose |-> 0,
  chkTO |-> 0,
  stTO |-> 0,
  depFail |-> 0,
  sjLaunchFail |-> 0,
  backoff |-> 0,
  sjError |-> 0,
  sjCrash |-> 0,
  cjError |-> 0,
  cjUnsafe |-> 0,
  cjDesc |-> 0,
  cpLaunchFail |-> 0,
  crash |-> 0,
  abort |-> 0,
  delete |-> 0,
  disable |-> 0,
  appMissing |-> 0 ]
/\ abortDropped = (c1 :> [j1 |-> FALSE])
/\ ackInWindow = [j1 |-> FALSE]
/\ nextAtt = 2
/\ endedEv = [j1 |-> FALSE]
/\ micro = [ wfcRead |-> [j1 |-> FALSE],
  wfcHad |-> [j1 |-> FALSE],
  reaped |-> (c1 :> [j1 |-> FALSE]),
  removals |-> [j1 |-> 0],
  sjBooted |-> [j1 |-> FALSE],
  cjSynced |-> (c1 :> [j1 |-> FALSE]),
  delAdm |-> [j1 |-> [pc |-> "Idle", snap |-> None]],
  reports |-> (c1 :> [j1 |-> [pc |-> "Idle", accepted |-> FALSE]]) ]
/\ cjReg = (c1 :> [j1 |-> None])
/\ alloc = (c1 :> [j1 |-> {}])
/\ ackStop = [j1 |-> FALSE]
/\ cpc = [ pc |-> "Idle",
  job |-> None,
  failed |-> FALSE,
  aborted |-> FALSE,
  hadExc |-> FALSE ]
/\ termP = (c1 :> [j1 |-> 0])
/\ waiter = (c1 :> [j1 |-> FALSE])
/\ postAckLaunch = [j1 |-> FALSE]
/\ sessions = {c1}
/\ rp = [j1 |-> [rc |-> 0, exeErr |-> FALSE, parts |-> {c1}, finished |-> FALSE]]
/\ cst = (c1 :> [j1 |-> None])
/\ sj = [j1 |-> "Running"]
/\ sweeper = [pc |-> "Idle", cl |-> None, snap |-> 0, blocking |-> FALSE]
/\ cjRC = (c1 :> [j1 |-> 0])
/\ startedEv = [j1 |-> FALSE]
/\ exeErrRec = [j1 |-> FALSE]
/\ launches = [j1 |-> 1]
/\ pending = [j1 |-> {c1}]
/\ sjAbortHandled = [j1 |-> FALSE]
/\ cjProc = (c1 :> [j1 |-> "None"])
/\ latchInStopWin = [j1 |-> FALSE]
/\ msgs = <<>>
/\ wfc = [j1 |-> TRUE]
/\ tagged = {}
/\ rmp = [j1 |-> 0]
/\ shared = [j1 |-> FALSE]
/\ disabled = {}
/\ sjErr = [j1 |-> FALSE]
/\ latched = [j1 |-> None]
/\ rpc = [ ready |-> "j1",
  pc |-> "SendStart",
  job |-> None,
  att |-> 1,
  listed |-> {},
  queue |-> <<>>,
  cnt |-> [j1 |-> 1],
  chk |-> {c1},
  failed |-> <<>>,
  blocked |-> <<>>,
  fb |-> <<>>,
  disp |-> {c1},
  dep |-> {c1},
  jid |-> TRUE,
  snap |-> None,
  sreq |-> {} ]
/\ exc = [j1 |-> None]
/\ runningJobs = {}
/\ failRunRec = [j1 |-> FALSE]
/\ startFailCause = [j1 |-> "none"]
/\ adm = [j1 |-> [pc |-> "Idle", snap |-> None]]
/\ slots = {}
/\ termHb = (c1 :> [j1 |-> 0])
/\ grp = (c1 :> [j1 |-> FALSE])
/\ wfcStale = [j1 |-> None]
/\ pCount = [j1 |-> 1]
/\ status = [j1 |-> "DISPATCHED"]
/\ ovw = {}
/\ firstTerm = [j1 |-> None]
/\ ackAbort = [j1 |-> FALSE]
/\ sjRC = [j1 |-> 0]
/\ runAborted = [j1 |-> FALSE]

State 17: <MCRunnerSendStart(c1) line 171, col 25 to line 171, col 67 of module MC>
/\ cpAlive = (c1 :> TRUE)
/\ failAccepted = [j1 |-> FALSE]
/\ free = (c1 :> (u1 :> 0))
/\ using = (c1 :> [j1 |-> {}])
/\ cjAbortMsg = (c1 :> [j1 |-> 0])
/\ resv = (c1 :> {[job |-> "j1", tok |-> 1, units |-> {u1}, ttl |-> 1]})
/\ fc = [ hb |-> 0,
  lose |-> 0,
  chkTO |-> 0,
  stTO |-> 0,
  depFail |-> 0,
  sjLaunchFail |-> 0,
  backoff |-> 0,
  sjError |-> 0,
  sjCrash |-> 0,
  cjError |-> 0,
  cjUnsafe |-> 0,
  cjDesc |-> 0,
  cpLaunchFail |-> 0,
  crash |-> 0,
  abort |-> 0,
  delete |-> 0,
  disable |-> 0,
  appMissing |-> 0 ]
/\ abortDropped = (c1 :> [j1 |-> FALSE])
/\ ackInWindow = [j1 |-> FALSE]
/\ nextAtt = 2
/\ endedEv = [j1 |-> FALSE]
/\ micro = [ wfcRead |-> [j1 |-> FALSE],
  wfcHad |-> [j1 |-> FALSE],
  reaped |-> (c1 :> [j1 |-> FALSE]),
  removals |-> [j1 |-> 0],
  sjBooted |-> [j1 |-> FALSE],
  cjSynced |-> (c1 :> [j1 |-> FALSE]),
  delAdm |-> [j1 |-> [pc |-> "Idle", snap |-> None]],
  reports |-> (c1 :> [j1 |-> [pc |-> "Idle", accepted |-> FALSE]]) ]
/\ cjReg = (c1 :> [j1 |-> None])
/\ alloc = (c1 :> [j1 |-> {}])
/\ ackStop = [j1 |-> FALSE]
/\ cpc = [ pc |-> "Idle",
  job |-> None,
  failed |-> FALSE,
  aborted |-> FALSE,
  hadExc |-> FALSE ]
/\ termP = (c1 :> [j1 |-> 0])
/\ waiter = (c1 :> [j1 |-> FALSE])
/\ postAckLaunch = [j1 |-> FALSE]
/\ sessions = {c1}
/\ rp = [j1 |-> [rc |-> 0, exeErr |-> FALSE, parts |-> {c1}, finished |-> FALSE]]
/\ cst = (c1 :> [j1 |-> None])
/\ sj = [j1 |-> "Running"]
/\ sweeper = [pc |-> "Idle", cl |-> None, snap |-> 0, blocking |-> FALSE]
/\ cjRC = (c1 :> [j1 |-> 0])
/\ startedEv = [j1 |-> FALSE]
/\ exeErrRec = [j1 |-> FALSE]
/\ launches = [j1 |-> 1]
/\ pending = [j1 |-> {c1}]
/\ sjAbortHandled = [j1 |-> FALSE]
/\ cjProc = (c1 :> [j1 |-> "None"])
/\ latchInStopWin = [j1 |-> FALSE]
/\ msgs = <<>>
/\ wfc = [j1 |-> TRUE]
/\ tagged = {}
/\ rmp = [j1 |-> 0]
/\ shared = [j1 |-> FALSE]
/\ disabled = {}
/\ sjErr = [j1 |-> FALSE]
/\ latched = [j1 |-> None]
/\ rpc = [ ready |-> "j1",
  pc |-> "SendStart",
  job |-> None,
  att |-> 1,
  listed |-> {},
  queue |-> <<>>,
  cnt |-> [j1 |-> 1],
  chk |-> {},
  failed |-> <<>>,
  blocked |-> <<>>,
  fb |-> <<>>,
  disp |-> {c1},
  dep |-> {c1},
  jid |-> TRUE,
  snap |-> None,
  sreq |-> {c1} ]
/\ exc = [j1 |-> None]
/\ runningJobs = {}
/\ failRunRec = [j1 |-> FALSE]
/\ startFailCause = [j1 |-> "none"]
/\ adm = [j1 |-> [pc |-> "Idle", snap |-> None]]
/\ slots = {}
/\ termHb = (c1 :> [j1 |-> 0])
/\ grp = (c1 :> [j1 |-> FALSE])
/\ wfcStale = [j1 |-> None]
/\ pCount = [j1 |-> 1]
/\ status = [j1 |-> "DISPATCHED"]
/\ ovw = {}
/\ firstTerm = [j1 |-> None]
/\ ackAbort = [j1 |-> FALSE]
/\ sjRC = [j1 |-> 0]
/\ runAborted = [j1 |-> FALSE]

State 18: <MCRunnerStartServerApp line 116, col 28 to line 116, col 72 of module MC>
/\ cpAlive = (c1 :> TRUE)
/\ failAccepted = [j1 |-> FALSE]
/\ free = (c1 :> (u1 :> 0))
/\ using = (c1 :> [j1 |-> {}])
/\ cjAbortMsg = (c1 :> [j1 |-> 0])
/\ resv = (c1 :> {[job |-> "j1", tok |-> 1, units |-> {u1}, ttl |-> 1]})
/\ fc = [ hb |-> 0,
  lose |-> 0,
  chkTO |-> 0,
  stTO |-> 0,
  depFail |-> 0,
  sjLaunchFail |-> 0,
  backoff |-> 0,
  sjError |-> 0,
  sjCrash |-> 0,
  cjError |-> 0,
  cjUnsafe |-> 0,
  cjDesc |-> 0,
  cpLaunchFail |-> 0,
  crash |-> 0,
  abort |-> 0,
  delete |-> 0,
  disable |-> 0,
  appMissing |-> 0 ]
/\ abortDropped = (c1 :> [j1 |-> FALSE])
/\ ackInWindow = [j1 |-> FALSE]
/\ nextAtt = 2
/\ endedEv = [j1 |-> FALSE]
/\ micro = [ wfcRead |-> [j1 |-> FALSE],
  wfcHad |-> [j1 |-> FALSE],
  reaped |-> (c1 :> [j1 |-> FALSE]),
  removals |-> [j1 |-> 0],
  sjBooted |-> [j1 |-> FALSE],
  cjSynced |-> (c1 :> [j1 |-> FALSE]),
  delAdm |-> [j1 |-> [pc |-> "Idle", snap |-> None]],
  reports |-> (c1 :> [j1 |-> [pc |-> "Idle", accepted |-> FALSE]]) ]
/\ cjReg = (c1 :> [j1 |-> None])
/\ alloc = (c1 :> [j1 |-> {}])
/\ ackStop = [j1 |-> FALSE]
/\ cpc = [ pc |-> "Idle",
  job |-> None,
  failed |-> FALSE,
  aborted |-> FALSE,
  hadExc |-> FALSE ]
/\ termP = (c1 :> [j1 |-> 0])
/\ waiter = (c1 :> [j1 |-> FALSE])
/\ postAckLaunch = [j1 |-> FALSE]
/\ sessions = {c1}
/\ rp = [j1 |-> [rc |-> 0, exeErr |-> FALSE, parts |-> {c1}, finished |-> FALSE]]
/\ cst = (c1 :> [j1 |-> None])
/\ sj = [j1 |-> "Running"]
/\ sweeper = [pc |-> "Idle", cl |-> None, snap |-> 0, blocking |-> FALSE]
/\ cjRC = (c1 :> [j1 |-> 0])
/\ startedEv = [j1 |-> FALSE]
/\ exeErrRec = [j1 |-> FALSE]
/\ launches = [j1 |-> 1]
/\ pending = [j1 |-> {c1}]
/\ sjAbortHandled = [j1 |-> FALSE]
/\ cjProc = (c1 :> [j1 |-> "None"])
/\ latchInStopWin = [j1 |-> FALSE]
/\ msgs = ( [ job |-> "j1",
    ok |-> FALSE,
    code |-> 0,
    flag |-> FALSE,
    type |-> "START",
    cl |-> c1,
    att |-> 1 ] :>
      1 )
/\ wfc = [j1 |-> TRUE]
/\ tagged = {}
/\ rmp = [j1 |-> 0]
/\ shared = [j1 |-> FALSE]
/\ disabled = {}
/\ sjErr = [j1 |-> FALSE]
/\ latched = [j1 |-> None]
/\ rpc = [ ready |-> "j1",
  pc |-> "StartWait",
  job |-> None,
  att |-> 1,
  listed |-> {},
  queue |-> <<>>,
  cnt |-> [j1 |-> 1],
  chk |-> {},
  failed |-> <<>>,
  blocked |-> <<>>,
  fb |-> <<>>,
  disp |-> {c1},
  dep |-> {c1},
  jid |-> TRUE,
  snap |-> None,
  sreq |-> {c1} ]
/\ exc = [j1 |-> None]
/\ runningJobs = {}
/\ failRunRec = [j1 |-> FALSE]
/\ startFailCause = [j1 |-> "none"]
/\ adm = [j1 |-> [pc |-> "Idle", snap |-> None]]
/\ slots = {}
/\ termHb = (c1 :> [j1 |-> 0])
/\ grp = (c1 :> [j1 |-> FALSE])
/\ wfcStale = [j1 |-> None]
/\ pCount = [j1 |-> 1]
/\ status = [j1 |-> "DISPATCHED"]
/\ ovw = {}
/\ firstTerm = [j1 |-> None]
/\ ackAbort = [j1 |-> FALSE]
/\ sjRC = [j1 |-> 0]
/\ runAborted = [j1 |-> FALSE]

State 19: <MsgStartAllocateAppMissing line 159, col 31 to line 159, col 83 of module MC>
/\ cpAlive = (c1 :> TRUE)
/\ failAccepted = [j1 |-> FALSE]
/\ free = (c1 :> (u1 :> 0))
/\ using = (c1 :> [j1 |-> {}])
/\ cjAbortMsg = (c1 :> [j1 |-> 0])
/\ resv = (c1 :> {})
/\ fc = [ hb |-> 0,
  lose |-> 0,
  chkTO |-> 0,
  stTO |-> 0,
  depFail |-> 0,
  sjLaunchFail |-> 0,
  backoff |-> 0,
  sjError |-> 0,
  sjCrash |-> 0,
  cjError |-> 0,
  cjUnsafe |-> 0,
  cjDesc |-> 0,
  cpLaunchFail |-> 0,
  crash |-> 0,
  abort |-> 0,
  delete |-> 0,
  disable |-> 0,
  appMissing |-> 1 ]
/\ abortDropped = (c1 :> [j1 |-> FALSE])
/\ ackInWindow = [j1 |-> FALSE]
/\ nextAtt = 2
/\ endedEv = [j1 |-> FALSE]
/\ micro = [ wfcRead |-> [j1 |-> FALSE],
  wfcHad |-> [j1 |-> FALSE],
  reaped |-> (c1 :> [j1 |-> FALSE]),
  removals |-> [j1 |-> 0],
  sjBooted |-> [j1 |-> FALSE],
  cjSynced |-> (c1 :> [j1 |-> FALSE]),
  delAdm |-> [j1 |-> [pc |-> "Idle", snap |-> None]],
  reports |-> (c1 :> [j1 |-> [pc |-> "Idle", accepted |-> FALSE]]) ]
/\ cjReg = (c1 :> [j1 |-> None])
/\ alloc = (c1 :> [j1 |-> {}])
/\ ackStop = [j1 |-> FALSE]
/\ cpc = [ pc |-> "Idle",
  job |-> None,
  failed |-> FALSE,
  aborted |-> FALSE,
  hadExc |-> FALSE ]
/\ termP = (c1 :> [j1 |-> 0])
/\ waiter = (c1 :> [j1 |-> FALSE])
/\ postAckLaunch = [j1 |-> FALSE]
/\ sessions = {c1}
/\ rp = [j1 |-> [rc |-> 0, exeErr |-> FALSE, parts |-> {c1}, finished |-> FALSE]]
/\ cst = (c1 :> [j1 |-> None])
/\ sj = [j1 |-> "Running"]
/\ sweeper = [pc |-> "Idle", cl |-> None, snap |-> 0, blocking |-> FALSE]
/\ cjRC = (c1 :> [j1 |-> 0])
/\ startedEv = [j1 |-> FALSE]
/\ exeErrRec = [j1 |-> FALSE]
/\ launches = [j1 |-> 1]
/\ pending = [j1 |-> {c1}]
/\ sjAbortHandled = [j1 |-> FALSE]
/\ cjProc = (c1 :> [j1 |-> "None"])
/\ latchInStopWin = [j1 |-> FALSE]
/\ msgs = ( [ job |-> "j1",
    ok |-> FALSE,
    code |-> 0,
    flag |-> TRUE,
    type |-> "START_REP",
    cl |-> c1,
    att |-> 0 ] :>
      1 )
/\ wfc = [j1 |-> TRUE]
/\ tagged = {}
/\ rmp = [j1 |-> 0]
/\ shared = [j1 |-> FALSE]
/\ disabled = {}
/\ sjErr = [j1 |-> FALSE]
/\ latched = [j1 |-> None]
/\ rpc = [ ready |-> "j1",
  pc |-> "StartWait",
  job |-> None,
  att |-> 1,
  listed |-> {},
  queue |-> <<>>,
  cnt |-> [j1 |-> 1],
  chk |-> {},
  failed |-> <<>>,
  blocked |-> <<>>,
  fb |-> <<>>,
  disp |-> {c1},
  dep |-> {c1},
  jid |-> TRUE,
  snap |-> None,
  sreq |-> {c1} ]
/\ exc = [j1 |-> None]
/\ runningJobs = {}
/\ failRunRec = [j1 |-> FALSE]
/\ startFailCause = [j1 |-> "none"]
/\ adm = [j1 |-> [pc |-> "Idle", snap |-> None]]
/\ slots = {}
/\ termHb = (c1 :> [j1 |-> 0])
/\ grp = (c1 :> [j1 |-> FALSE])
/\ wfcStale = [j1 |-> None]
/\ pCount = [j1 |-> 1]
/\ status = [j1 |-> "DISPATCHED"]
/\ ovw = {}
/\ firstTerm = [j1 |-> None]
/\ ackAbort = [j1 |-> FALSE]
/\ sjRC = [j1 |-> 0]
/\ runAborted = [j1 |-> FALSE]

"CounterExample written: /home/ubuntu/specula-nvflare-gpt-continuation-20260926/framework/runs/gpt-continuation/nvflare-job/.specula-output/spec/output/continuation-S2-F9/counterexample.json"
241 states generated, 98 distinct states found, 20 states left on queue.
The depth of the complete state graph search is 22.
Checkpointing of run /home/ubuntu/specula-nvflare-gpt-continuation-20260926/framework/runs/gpt-continuation/nvflare-job/.specula-output/.tlc-state/tlc-states-f1OWjM/26-09-26-13-04-56.950
Checkpointing completed at (2026-09-26 13:04:59)
Finished in 02s at (2026-09-26 13:04:59)
Trace exploration spec path: ./MC_TTrace_1790427896.tla

[0;32m================================[0m
[1;33m⚠ Invariant violation found![0m
[1;33mPlease check log: /home/ubuntu/specula-nvflare-gpt-continuation-20260926/framework/runs/gpt-continuation/nvflare-job/.specula-output/.tlc-tasks/jobs/f58e692339ef485992659d9efa01332c/tlc.log[0m
[0;32m================================[0m
