TLC2 Version 2.20 of Day Month 20?? (rev: ${git.shortRevision})
Running breadth-first search Model-Checking with fp 54 and seed 6541782139584052835 with 1 worker on 96 cores with 4096MB heap and 64MB offheap memory [pid: 4759] (Linux 6.8.0-1044-azure amd64, Ubuntu 21.0.11 x86_64, MSBDiskFPSet, DiskStateQueue).
Parsing file /workspace/out/runs/focused-leadership-v02/C03Progress.tla
Parsing file /workspace/out/runs/focused-leadership-v02/Trace.tla
Parsing file /tmp/tlc-9390094022059233360/_JsonTrace.tla (jar:file:/tools/tla2tools.jar!/tla2sany/StandardModules/_JsonTrace.tla)
Parsing file /tmp/tlc-9390094022059233360/_TLCTrace.tla (jar:file:/tools/tla2tools.jar!/tla2sany/StandardModules/_TLCTrace.tla)
Parsing file /workspace/out/runs/focused-leadership-v02/base.tla
Parsing file /tmp/tlc-9390094022059233360/Json.tla (jar:file:/tools/tla2tools.jar!/tla2sany/StandardModules/Json.tla)
Parsing file /tmp/tlc-9390094022059233360/IOUtils.tla (jar:file:/tools/CommunityModules.jar!/IOUtils.tla)
Parsing file /tmp/tlc-9390094022059233360/Naturals.tla (jar:file:/tools/tla2tools.jar!/tla2sany/StandardModules/Naturals.tla)
Parsing file /tmp/tlc-9390094022059233360/Integers.tla (jar:file:/tools/tla2tools.jar!/tla2sany/StandardModules/Integers.tla)
Parsing file /tmp/tlc-9390094022059233360/Sequences.tla (jar:file:/tools/tla2tools.jar!/tla2sany/StandardModules/Sequences.tla)
Parsing file /tmp/tlc-9390094022059233360/FiniteSets.tla (jar:file:/tools/tla2tools.jar!/tla2sany/StandardModules/FiniteSets.tla)
Parsing file /tmp/tlc-9390094022059233360/Bags.tla (jar:file:/tools/tla2tools.jar!/tla2sany/StandardModules/Bags.tla)
Parsing file /tmp/tlc-9390094022059233360/TLC.tla (jar:file:/tools/tla2tools.jar!/tla2sany/StandardModules/TLC.tla)
Parsing file /tmp/tlc-9390094022059233360/TLCExt.tla (jar:file:/tools/tla2tools.jar!/tla2sany/StandardModules/TLCExt.tla)
Semantic processing of module Naturals
Semantic processing of module Integers
Semantic processing of module Sequences
Semantic processing of module FiniteSets
Semantic processing of module TLC
Semantic processing of module Bags
Semantic processing of module base
Semantic processing of module Json
Semantic processing of module IOUtils
Semantic processing of module Trace
Semantic processing of module TLCExt
Semantic processing of module _JsonTrace
Semantic processing of module _TLCTrace
Semantic processing of module C03Progress
Linting of module base
Linting of module Json
Linting of module IOUtils
Linting of module Trace
Linting of module TLCExt
Linting of module _JsonTrace
Linting of module _TLCTrace
Linting of module C03Progress
Starting... (2026-09-22 20:33:35)
Implied-temporal checking--satisfiability problem has 8 branches.
Computing initial states...
Finished computing initial states: 1 distinct state generated at 2026-09-22 20:33:36.
Checking 8 branches of temporal properties for the current state space with 1600 total distinct states at (2026-09-22 20:33:39)
Finished checking temporal properties in 00s at 2026-09-22 20:33:39
Progress(165) at 2026-09-22 20:33:39: 512 states generated (3,072 s/min), 200 distinct states found (1,200 ds/min), 3 states left on queue.
Checking 8 branches of temporal properties for the current state space with 3424 total distinct states at (2026-09-22 20:33:49)
Finished checking temporal properties in 00s at 2026-09-22 20:33:49
Progress(203) at 2026-09-22 20:33:49: 1,209 states generated (4,182 s/min), 428 distinct states found (1,368 ds/min), 7 states left on queue.
Checking 8 branches of temporal properties for the current state space with 5280 total distinct states at (2026-09-22 20:33:59)
Finished checking temporal properties in 00s at 2026-09-22 20:33:59
Progress(231) at 2026-09-22 20:33:59: 2,011 states generated (4,812 s/min), 660 distinct states found (1,392 ds/min), 9 states left on queue.
Checking 8 branches of temporal properties for the current state space with 7192 total distinct states at (2026-09-22 20:34:09)
Finished checking temporal properties in 00s at 2026-09-22 20:34:09
Progress(252) at 2026-09-22 20:34:09: 2,791 states generated (4,680 s/min), 899 distinct states found (1,434 ds/min), 12 states left on queue.
Checking 8 branches of temporal properties for the current state space with 8872 total distinct states at (2026-09-22 20:34:19)
Finished checking temporal properties in 00s at 2026-09-22 20:34:19
Progress(269) at 2026-09-22 20:34:19: 3,688 states generated (5,382 s/min), 1,109 distinct states found (1,260 ds/min), 12 states left on queue.
Checking 8 branches of temporal properties for the current state space with 10480 total distinct states at (2026-09-22 20:34:29)
Finished checking temporal properties in 00s at 2026-09-22 20:34:29
Progress(283) at 2026-09-22 20:34:29: 4,333 states generated (3,870 s/min), 1,310 distinct states found (1,206 ds/min), 13 states left on queue.
Checking 8 branches of temporal properties for the current state space with 12024 total distinct states at (2026-09-22 20:34:39)
Finished checking temporal properties in 00s at 2026-09-22 20:34:39
Progress(297) at 2026-09-22 20:34:39: 4,985 states generated (3,912 s/min), 1,503 distinct states found (1,158 ds/min), 13 states left on queue.
Checking 8 branches of temporal properties for the current state space with 13504 total distinct states at (2026-09-22 20:34:49)
Finished checking temporal properties in 00s at 2026-09-22 20:34:49
Progress(309) at 2026-09-22 20:34:49: 5,591 states generated (3,636 s/min), 1,688 distinct states found (1,110 ds/min), 17 states left on queue.
Checking 8 branches of temporal properties for the current state space with 14928 total distinct states at (2026-09-22 20:34:59)
Finished checking temporal properties in 00s at 2026-09-22 20:34:59
Progress(319) at 2026-09-22 20:34:59: 6,220 states generated (3,774 s/min), 1,866 distinct states found (1,068 ds/min), 16 states left on queue.
Checking 8 branches of temporal properties for the current state space with 16464 total distinct states at (2026-09-22 20:35:09)
Finished checking temporal properties in 00s at 2026-09-22 20:35:10
Progress(330) at 2026-09-22 20:35:10: 6,834 states generated (3,684 s/min), 2,058 distinct states found (1,152 ds/min), 16 states left on queue.
Progress(342) at 2026-09-22 20:35:20: 7,526 states generated (4,152 s/min), 2,249 distinct states found (1,146 ds/min), 17 states left on queue.
Checking 8 branches of temporal properties for the current state space with 19504 total distinct states at (2026-09-22 20:35:30)
Finished checking temporal properties in 00s at 2026-09-22 20:35:30
Progress(352) at 2026-09-22 20:35:30: 8,277 states generated (4,506 s/min), 2,438 distinct states found (1,134 ds/min), 18 states left on queue.
Progress(362) at 2026-09-22 20:35:40: 8,950 states generated (4,038 s/min), 2,619 distinct states found (1,086 ds/min), 19 states left on queue.
Checking 8 branches of temporal properties for the current state space with 22384 total distinct states at (2026-09-22 20:35:50)
Finished checking temporal properties in 00s at 2026-09-22 20:35:50
Progress(371) at 2026-09-22 20:35:50: 9,664 states generated (4,284 s/min), 2,798 distinct states found (1,074 ds/min), 19 states left on queue.
Progress(380) at 2026-09-22 20:36:00: 10,302 states generated (3,828 s/min), 2,980 distinct states found (1,092 ds/min), 21 states left on queue.
Checking 8 branches of temporal properties for the current state space with 25264 total distinct states at (2026-09-22 20:36:10)
Finished checking temporal properties in 00s at 2026-09-22 20:36:10
Progress(388) at 2026-09-22 20:36:10: 10,901 states generated (3,594 s/min), 3,158 distinct states found (1,068 ds/min), 21 states left on queue.
Progress(396) at 2026-09-22 20:36:20: 11,577 states generated (4,056 s/min), 3,331 distinct states found (1,038 ds/min), 26 states left on queue.
Checking 8 branches of temporal properties for the current state space with 28040 total distinct states at (2026-09-22 20:36:30)
Finished checking temporal properties in 00s at 2026-09-22 20:36:30
Progress(402) at 2026-09-22 20:36:30: 12,119 states generated (3,252 s/min), 3,505 distinct states found (1,044 ds/min), 25 states left on queue.
Progress(409) at 2026-09-22 20:36:40: 12,717 states generated (3,588 s/min), 3,678 distinct states found (1,038 ds/min), 27 states left on queue.
Progress(415) at 2026-09-22 20:36:50: 13,250 states generated (3,198 s/min), 3,852 distinct states found (1,044 ds/min), 29 states left on queue.
Checking 8 branches of temporal properties for the current state space with 32200 total distinct states at (2026-09-22 20:37:00)
Finished checking temporal properties in 00s at 2026-09-22 20:37:01
Progress(421) at 2026-09-22 20:37:01: 13,969 states generated (4,314 s/min), 4,025 distinct states found (1,038 ds/min), 27 states left on queue.
Progress(427) at 2026-09-22 20:37:11: 14,527 states generated (3,348 s/min), 4,192 distinct states found (1,002 ds/min), 28 states left on queue.
Progress(433) at 2026-09-22 20:37:21: 15,182 states generated (3,930 s/min), 4,364 distinct states found (1,032 ds/min), 28 states left on queue.
Checking 8 branches of temporal properties for the current state space with 36224 total distinct states at (2026-09-22 20:37:31)
Finished checking temporal properties in 00s at 2026-09-22 20:37:31
Progress(439) at 2026-09-22 20:37:31: 15,837 states generated (3,930 s/min), 4,528 distinct states found (984 ds/min), 28 states left on queue.
Progress(445) at 2026-09-22 20:37:41: 16,436 states generated (3,594 s/min), 4,707 distinct states found (1,074 ds/min), 31 states left on queue.
Progress(451) at 2026-09-22 20:37:51: 17,075 states generated (3,834 s/min), 4,880 distinct states found (1,038 ds/min), 31 states left on queue.
Checking 8 branches of temporal properties for the current state space with 40440 total distinct states at (2026-09-22 20:38:01)
Finished checking temporal properties in 00s at 2026-09-22 20:38:01
Progress(456) at 2026-09-22 20:38:01: 17,676 states generated (3,606 s/min), 5,055 distinct states found (1,050 ds/min), 29 states left on queue.
Progress(462) at 2026-09-22 20:38:11: 18,345 states generated (4,014 s/min), 5,231 distinct states found (1,056 ds/min), 29 states left on queue.
Progress(469) at 2026-09-22 20:38:21: 19,046 states generated (4,206 s/min), 5,409 distinct states found (1,068 ds/min), 27 states left on queue.
Checking 8 branches of temporal properties for the current state space with 44640 total distinct states at (2026-09-22 20:38:31)
Finished checking temporal properties in 00s at 2026-09-22 20:38:31
Progress(475) at 2026-09-22 20:38:31: 19,697 states generated (3,906 s/min), 5,580 distinct states found (1,026 ds/min), 26 states left on queue.
Progress(481) at 2026-09-22 20:38:41: 20,367 states generated (4,020 s/min), 5,755 distinct states found (1,050 ds/min), 27 states left on queue.
Progress(488) at 2026-09-22 20:38:51: 20,919 states generated (3,312 s/min), 5,925 distinct states found (1,020 ds/min), 27 states left on queue.
Progress(494) at 2026-09-22 20:39:01: 21,532 states generated (3,678 s/min), 6,093 distinct states found (1,008 ds/min), 27 states left on queue.
Checking 8 branches of temporal properties for the current state space with 50112 total distinct states at (2026-09-22 20:39:11)
Finished checking temporal properties in 00s at 2026-09-22 20:39:12
Progress(500) at 2026-09-22 20:39:12: 22,049 states generated (3,102 s/min), 6,264 distinct states found (1,026 ds/min), 26 states left on queue.
Progress(507) at 2026-09-22 20:39:22: 22,638 states generated (3,534 s/min), 6,440 distinct states found (1,056 ds/min), 27 states left on queue.
Progress(513) at 2026-09-22 20:39:32: 23,364 states generated (4,356 s/min), 6,611 distinct states found (1,026 ds/min), 26 states left on queue.
Progress(520) at 2026-09-22 20:39:42: 23,958 states generated (3,564 s/min), 6,794 distinct states found (1,098 ds/min), 27 states left on queue.
Checking 8 branches of temporal properties for the current state space with 55768 total distinct states at (2026-09-22 20:39:52)
Finished checking temporal properties in 00s at 2026-09-22 20:39:52
Progress(527) at 2026-09-22 20:39:52: 24,693 states generated (4,410 s/min), 6,971 distinct states found (1,062 ds/min), 26 states left on queue.
Progress(533) at 2026-09-22 20:40:02: 25,338 states generated (3,870 s/min), 7,153 distinct states found (1,092 ds/min), 27 states left on queue.
Progress(540) at 2026-09-22 20:40:12: 26,026 states generated (4,128 s/min), 7,336 distinct states found (1,098 ds/min), 27 states left on queue.
Progress(547) at 2026-09-22 20:40:22: 26,864 states generated (5,028 s/min), 7,511 distinct states found (1,050 ds/min), 27 states left on queue.
Checking 8 branches of temporal properties for the current state space with 61512 total distinct states at (2026-09-22 20:40:32)
Finished checking temporal properties in 00s at 2026-09-22 20:40:33
Progress(553) at 2026-09-22 20:40:33: 27,593 states generated (4,374 s/min), 7,689 distinct states found (1,068 ds/min), 26 states left on queue.
Progress(560) at 2026-09-22 20:40:43: 28,373 states generated (4,680 s/min), 7,869 distinct states found (1,080 ds/min), 27 states left on queue.
Progress(566) at 2026-09-22 20:40:53: 29,113 states generated (4,440 s/min), 8,046 distinct states found (1,062 ds/min), 26 states left on queue.
Progress(574) at 2026-09-22 20:41:03: 29,793 states generated (4,080 s/min), 8,232 distinct states found (1,116 ds/min), 26 states left on queue.
Progress(580) at 2026-09-22 20:41:13: 30,660 states generated (5,202 s/min), 8,407 distinct states found (1,050 ds/min), 26 states left on queue.
Checking 8 branches of temporal properties for the current state space with 68688 total distinct states at (2026-09-22 20:41:23)
Finished checking temporal properties in 00s at 2026-09-22 20:41:23
Progress(587) at 2026-09-22 20:41:23: 31,419 states generated (4,554 s/min), 8,586 distinct states found (1,074 ds/min), 25 states left on queue.
Progress(594) at 2026-09-22 20:41:33: 32,208 states generated (4,734 s/min), 8,763 distinct states found (1,062 ds/min), 26 states left on queue.
Progress(601) at 2026-09-22 20:41:43: 32,947 states generated (4,434 s/min), 8,939 distinct states found (1,056 ds/min), 26 states left on queue.
Progress(608) at 2026-09-22 20:41:53: 33,616 states generated (4,014 s/min), 9,123 distinct states found (1,104 ds/min), 26 states left on queue.
Progress(615) at 2026-09-22 20:42:03: 34,509 states generated (5,358 s/min), 9,293 distinct states found (1,020 ds/min), 25 states left on queue.
Checking 8 branches of temporal properties for the current state space with 75776 total distinct states at (2026-09-22 20:42:13)
Finished checking temporal properties in 00s at 2026-09-22 20:42:13
Progress(622) at 2026-09-22 20:42:13: 35,204 states generated (4,170 s/min), 9,472 distinct states found (1,074 ds/min), 22 states left on queue.
Progress(630) at 2026-09-22 20:42:23: 35,991 states generated (4,722 s/min), 9,650 distinct states found (1,068 ds/min), 23 states left on queue.
Progress(637) at 2026-09-22 20:42:33: 36,755 states generated (4,584 s/min), 9,823 distinct states found (1,038 ds/min), 23 states left on queue.
Progress(645) at 2026-09-22 20:42:43: 37,452 states generated (4,182 s/min), 10,001 distinct states found (1,068 ds/min), 23 states left on queue.
Progress(653) at 2026-09-22 20:42:53: 38,250 states generated (4,788 s/min), 10,168 distinct states found (1,002 ds/min), 20 states left on queue.
Progress(661) at 2026-09-22 20:43:03: 39,025 states generated (4,650 s/min), 10,346 distinct states found (1,068 ds/min), 20 states left on queue.
Checking 8 branches of temporal properties for the current state space with 84120 total distinct states at (2026-09-22 20:43:13)
Finished checking temporal properties in 00s at 2026-09-22 20:43:14
Progress(671) at 2026-09-22 20:43:14: 39,773 states generated (4,488 s/min), 10,515 distinct states found (1,014 ds/min), 16 states left on queue.
Progress(682) at 2026-09-22 20:43:24: 40,616 states generated (5,058 s/min), 10,680 distinct states found (990 ds/min), 13 states left on queue.
Progress(713) at 2026-09-22 20:43:34: 41,293 states generated (4,062 s/min), 10,855 distinct states found (1,050 ds/min), 2 states left on queue.
