Picked up JAVA_TOOL_OPTIONS: -Djava.io.tmpdir=/home/ubuntu/nvflare-runs-20260913/scratch/transfer/tmp
TLC2 Version 2.20 of Day Month 20?? (rev: ${git.shortRevision})
Running breadth-first search Model-Checking with fp 80 and seed -6197360261000349131 with 1 worker on 80 cores with 1963MB heap and 1024MB offheap memory [pid: 637308] (Linux 6.8.0-1044-azure amd64, Ubuntu 21.0.11 x86_64, OffHeapDiskFPSet, DiskStateQueue).
Parsing file /home/ubuntu/nvflare-runs-20260913/specula/runs/nvflare-transfer-20260913/nvflare-transfer/.specula-output/spec/Trace.tla (file:/home/ubuntu/nvflare-runs-20260913/specula/runs/nvflare-transfer-20260913/nvflare-transfer/.specula-output/harness/validation/transaction_timeout/spec/Trace.tla)
Parsing file /home/ubuntu/nvflare-runs-20260913/specula/runs/nvflare-transfer-20260913/nvflare-transfer/.specula-output/spec/base.tla (file:/home/ubuntu/nvflare-runs-20260913/specula/runs/nvflare-transfer-20260913/nvflare-transfer/.specula-output/harness/validation/transaction_timeout/spec/base.tla)
Parsing file /home/ubuntu/nvflare-runs-20260913/scratch/transfer/tmp/tlc-3985869331869761891/Json.tla (jar:file:/home/ubuntu/nvflare-runs-20260913/specula/lib/tla2tools.jar!/tla2sany/StandardModules/Json.tla)
Parsing file /home/ubuntu/nvflare-runs-20260913/scratch/transfer/tmp/tlc-3985869331869761891/IOUtils.tla (jar:file:/home/ubuntu/nvflare-runs-20260913/specula/lib/CommunityModules-deps.jar!/IOUtils.tla)
Parsing file /home/ubuntu/nvflare-runs-20260913/scratch/transfer/tmp/tlc-3985869331869761891/_TLCTrace.tla (jar:file:/home/ubuntu/nvflare-runs-20260913/specula/lib/tla2tools.jar!/tla2sany/StandardModules/_TLCTrace.tla)
Parsing file /home/ubuntu/nvflare-runs-20260913/scratch/transfer/tmp/tlc-3985869331869761891/Naturals.tla (jar:file:/home/ubuntu/nvflare-runs-20260913/specula/lib/tla2tools.jar!/tla2sany/StandardModules/Naturals.tla)
Parsing file /home/ubuntu/nvflare-runs-20260913/scratch/transfer/tmp/tlc-3985869331869761891/Integers.tla (jar:file:/home/ubuntu/nvflare-runs-20260913/specula/lib/tla2tools.jar!/tla2sany/StandardModules/Integers.tla)
Parsing file /home/ubuntu/nvflare-runs-20260913/scratch/transfer/tmp/tlc-3985869331869761891/FiniteSets.tla (jar:file:/home/ubuntu/nvflare-runs-20260913/specula/lib/tla2tools.jar!/tla2sany/StandardModules/FiniteSets.tla)
Parsing file /home/ubuntu/nvflare-runs-20260913/scratch/transfer/tmp/tlc-3985869331869761891/Sequences.tla (jar:file:/home/ubuntu/nvflare-runs-20260913/specula/lib/tla2tools.jar!/tla2sany/StandardModules/Sequences.tla)
Parsing file /home/ubuntu/nvflare-runs-20260913/scratch/transfer/tmp/tlc-3985869331869761891/TLC.tla (jar:file:/home/ubuntu/nvflare-runs-20260913/specula/lib/tla2tools.jar!/tla2sany/StandardModules/TLC.tla)
Parsing file /home/ubuntu/nvflare-runs-20260913/scratch/transfer/tmp/tlc-3985869331869761891/SequencesExt.tla (jar:file:/home/ubuntu/nvflare-runs-20260913/specula/lib/CommunityModules-deps.jar!/SequencesExt.tla)
Parsing file /home/ubuntu/nvflare-runs-20260913/scratch/transfer/tmp/tlc-3985869331869761891/FiniteSetsExt.tla (jar:file:/home/ubuntu/nvflare-runs-20260913/specula/lib/CommunityModules-deps.jar!/FiniteSetsExt.tla)
Parsing file /home/ubuntu/nvflare-runs-20260913/scratch/transfer/tmp/tlc-3985869331869761891/Folds.tla (jar:file:/home/ubuntu/nvflare-runs-20260913/specula/lib/CommunityModules-deps.jar!/Folds.tla)
Parsing file /home/ubuntu/nvflare-runs-20260913/scratch/transfer/tmp/tlc-3985869331869761891/Functions.tla (jar:file:/home/ubuntu/nvflare-runs-20260913/specula/lib/CommunityModules-deps.jar!/Functions.tla)
Parsing file /home/ubuntu/nvflare-runs-20260913/scratch/transfer/tmp/tlc-3985869331869761891/TLCExt.tla (jar:file:/home/ubuntu/nvflare-runs-20260913/specula/lib/tla2tools.jar!/tla2sany/StandardModules/TLCExt.tla)
Semantic processing of module Naturals
Semantic processing of module Integers
Semantic processing of module Sequences
Semantic processing of module FiniteSets
Semantic processing of module TLC
Semantic processing of module base
Semantic processing of module Json
Semantic processing of module Folds
Semantic processing of module Functions
Semantic processing of module FiniteSetsExt
Semantic processing of module SequencesExt
Semantic processing of module IOUtils
Semantic processing of module TLCExt
Semantic processing of module _TLCTrace
Semantic processing of module Trace
Linting of module base
Linting of module Json
Linting of module Folds
Linting of module Functions
Linting of module FiniteSetsExt
Linting of module SequencesExt
Linting of module IOUtils
Linting of module TLCExt
Linting of module _TLCTrace
Linting of module Trace
Starting... (2026-09-13 15:20:32)
Implied-temporal checking--satisfiability problem has 1 branches.
Computing initial states...
Finished computing initial states: 1 distinct state generated at 2026-09-13 15:20:32.
Progress(55) at 2026-09-13 15:20:33: 56 states generated, 55 distinct states found, 0 states left on queue.
Checking temporal properties for the complete state space with 55 total distinct states at (2026-09-13 15:20:33)
Finished checking temporal properties in 00s at 2026-09-13 15:20:33
Model checking completed. No error has been found.
  Estimates of the probability that TLC did not check all reachable states
  because two distinct states had the same fingerprint:
  calculated (optimistic):  val = 3.0E-18
56 states generated, 55 distinct states found, 0 states left on queue.
The depth of the complete state graph search is 55.
The average outdegree of the complete state graph is 1 (minimum is 0, the maximum 1 and the 95th percentile is 1).
Finished in 00s at (2026-09-13 15:20:33)
