Applied pinned instrumentation to 7 files
........................                                                 [100%]
24 passed in 1.42s
     95 /home/ubuntu/nvflare-runs-20260913/specula/runs/nvflare-fedavg-20260913/nvflare-fedavg/.specula-output/harness/../traces/absent_metrics.ndjson
     63 /home/ubuntu/nvflare-runs-20260913/specula/runs/nvflare-fedavg-20260913/nvflare-fedavg/.specula-output/harness/../traces/admitted_callback_cancel.ndjson
     36 /home/ubuntu/nvflare-runs-20260913/specula/runs/nvflare-fedavg-20260913/nvflare-fedavg/.specula-output/harness/../traces/before_send_error.ndjson
     49 /home/ubuntu/nvflare-runs-20260913/specula/runs/nvflare-fedavg-20260913/nvflare-fedavg/.specula-output/harness/../traces/closed_submission.ndjson
     88 /home/ubuntu/nvflare-runs-20260913/specula/runs/nvflare-fedavg-20260913/nvflare-fedavg/.specula-output/harness/../traces/conversion_failure.ndjson
     54 /home/ubuntu/nvflare-runs-20260913/specula/runs/nvflare-fedavg-20260913/nvflare-fedavg/.specula-output/harness/../traces/dead_panic.ndjson
     68 /home/ubuntu/nvflare-runs-20260913/specula/runs/nvflare-fedavg-20260913/nvflare-fedavg/.specula-output/harness/../traces/dead_permitted.ndjson
    109 /home/ubuntu/nvflare-runs-20260913/specula/runs/nvflare-fedavg-20260913/nvflare-fedavg/.specula-output/harness/../traces/delivery_retry.ndjson
     32 /home/ubuntu/nvflare-runs-20260913/specula/runs/nvflare-fedavg-20260913/nvflare-fedavg/.specula-output/harness/../traces/dynamic_error.ndjson
     95 /home/ubuntu/nvflare-runs-20260913/specula/runs/nvflare-fedavg-20260913/nvflare-fedavg/.specula-output/harness/../traces/empty_metrics.ndjson
     88 /home/ubuntu/nvflare-runs-20260913/specula/runs/nvflare-fedavg-20260913/nvflare-fedavg/.specula-output/harness/../traces/empty_params.ndjson
     73 /home/ubuntu/nvflare-runs-20260913/specula/runs/nvflare-fedavg-20260913/nvflare-fedavg/.specula-output/harness/../traces/filter_cancellation.ndjson
    203 /home/ubuntu/nvflare-runs-20260913/specula/runs/nvflare-fedavg-20260913/nvflare-fedavg/.specula-output/harness/../traces/late_evicted_retry.ndjson
    202 /home/ubuntu/nvflare-runs-20260913/specula/runs/nvflare-fedavg-20260913/nvflare-fedavg/.specula-output/harness/../traces/late_retained_retry.ndjson
    107 /home/ubuntu/nvflare-runs-20260913/specula/runs/nvflare-fedavg-20260913/nvflare-fedavg/.specula-output/harness/../traces/lost_ack_live.ndjson
     66 /home/ubuntu/nvflare-runs-20260913/specula/runs/nvflare-fedavg-20260913/nvflare-fedavg/.specula-output/harness/../traces/lost_ack_retired.ndjson
     95 /home/ubuntu/nvflare-runs-20260913/specula/runs/nvflare-fedavg-20260913/nvflare-fedavg/.specula-output/harness/../traces/metric_preparation_failure.ndjson
     97 /home/ubuntu/nvflare-runs-20260913/specula/runs/nvflare-fedavg-20260913/nvflare-fedavg/.specula-output/harness/../traces/metric_value_failure.ndjson
    114 /home/ubuntu/nvflare-runs-20260913/specula/runs/nvflare-fedavg-20260913/nvflare-fedavg/.specula-output/harness/../traces/missing_live_recovery.ndjson
    193 /home/ubuntu/nvflare-runs-20260913/specula/runs/nvflare-fedavg-20260913/nvflare-fedavg/.specula-output/harness/../traces/normal_staggered.ndjson
     93 /home/ubuntu/nvflare-runs-20260913/specula/runs/nvflare-fedavg-20260913/nvflare-fedavg/.specula-output/harness/../traces/partial_param_allocation.ndjson
     35 /home/ubuntu/nvflare-runs-20260913/specula/runs/nvflare-fedavg-20260913/nvflare-fedavg/.specula-output/harness/../traces/protect_allocation_failure.ndjson
     75 /home/ubuntu/nvflare-runs-20260913/specula/runs/nvflare-fedavg-20260913/nvflare-fedavg/.specula-output/harness/../traces/request_retired_while_waiting.ndjson
     86 /home/ubuntu/nvflare-runs-20260913/specula/runs/nvflare-fedavg-20260913/nvflare-fedavg/.specula-output/harness/../traces/resilient_error.ndjson
   2216 total
{"category": "A", "traceCount": 24, "eventCount": 2044, "expectedEventTypes": 80, "coveredEventTypes": 80, "missingEvents": [], "fullPostStateValidation": true, "traceMatched": true}
{"status": "success", "states_generated": 90, "message": "Trace validation passed", "trace": "absent_metrics.ndjson", "traceSha256": "f71f97fa0580f28580a38ebf4f35cfa8351a1fc0a89d857135f579995431690d", "resourceBudget": {"heap": "1G", "offheap": "1G", "workers": 1, "timeoutSeconds": 120}}
{"status": "success", "states_generated": 60, "message": "Trace validation passed", "trace": "admitted_callback_cancel.ndjson", "traceSha256": "399bf75787007d7a2c7e51728b13dd2e434f465b869460dd6ef6c3bd22f22ff6", "resourceBudget": {"heap": "1G", "offheap": "1G", "workers": 1, "timeoutSeconds": 120}}
{"status": "success", "states_generated": 33, "message": "Trace validation passed", "trace": "before_send_error.ndjson", "traceSha256": "79de081b2cf9fc0de621141b2b394dc6359ef7e30a504a3a7509f9588bfd8410", "resourceBudget": {"heap": "1G", "offheap": "1G", "workers": 1, "timeoutSeconds": 120}}
{"status": "success", "states_generated": 45, "message": "Trace validation passed", "trace": "closed_submission.ndjson", "traceSha256": "ab235df5744bcf25e7c748ae9747653ae54dc8ddc9f5220c51be552bc2178405", "resourceBudget": {"heap": "1G", "offheap": "1G", "workers": 1, "timeoutSeconds": 120}}
{"status": "success", "states_generated": 82, "message": "Trace validation passed", "trace": "conversion_failure.ndjson", "traceSha256": "ccaf8c394c29347650cf034883d8b576c1302d32854c3abe8ddc69576f3bd314", "resourceBudget": {"heap": "1G", "offheap": "1G", "workers": 1, "timeoutSeconds": 120}}
{"status": "success", "states_generated": 52, "message": "Trace validation passed", "trace": "dead_panic.ndjson", "traceSha256": "589da6adcb97ad6d2c603f238cf8c3053b937ab611d73f298dbe8a9e04f0a88b", "resourceBudget": {"heap": "1G", "offheap": "1G", "workers": 1, "timeoutSeconds": 120}}
{"status": "success", "states_generated": 65, "message": "Trace validation passed", "trace": "dead_permitted.ndjson", "traceSha256": "7a9256ccc03528a303da78fd697a9c18e20534127b8b26dc37caf2282b7a831a", "resourceBudget": {"heap": "1G", "offheap": "1G", "workers": 1, "timeoutSeconds": 120}}
{"status": "success", "states_generated": 102, "message": "Trace validation passed", "trace": "delivery_retry.ndjson", "traceSha256": "eee1ccff1309700bd9e20712f338317e726bdfc7675cdcc3ae821a4f62c51fcd", "resourceBudget": {"heap": "1G", "offheap": "1G", "workers": 1, "timeoutSeconds": 120}}
{"status": "success", "states_generated": 30, "message": "Trace validation passed", "trace": "dynamic_error.ndjson", "traceSha256": "fbcb807e8d7ef1c0b090d7d5c28536d3f89318d9179edd5bb895fbdc6c722d52", "resourceBudget": {"heap": "1G", "offheap": "1G", "workers": 1, "timeoutSeconds": 120}}
{"status": "success", "states_generated": 90, "message": "Trace validation passed", "trace": "empty_metrics.ndjson", "traceSha256": "e7dc462132ca8773b3db27b6d540146b0905695c10911546db58e5d8c88899dd", "resourceBudget": {"heap": "1G", "offheap": "1G", "workers": 1, "timeoutSeconds": 120}}
{"status": "success", "states_generated": 83, "message": "Trace validation passed", "trace": "empty_params.ndjson", "traceSha256": "caff48e1e3dbd8d60e96cc0cfd95b866f16eba204e9cd8fb885660823f8a830b", "resourceBudget": {"heap": "1G", "offheap": "1G", "workers": 1, "timeoutSeconds": 120}}
{"status": "success", "states_generated": 68, "message": "Trace validation passed", "trace": "filter_cancellation.ndjson", "traceSha256": "5e4770f279e7734ff3cc00b96d77ce2cda862e098cac03253223caab9b4712de", "resourceBudget": {"heap": "1G", "offheap": "1G", "workers": 1, "timeoutSeconds": 120}}
{"status": "success", "states_generated": 192, "message": "Trace validation passed", "trace": "late_evicted_retry.ndjson", "traceSha256": "8b4c011cc588976ec08ff1850be73b41343fe138c5536dffdf12c639ec347e3c", "resourceBudget": {"heap": "1G", "offheap": "1G", "workers": 1, "timeoutSeconds": 120}}
{"status": "success", "states_generated": 191, "message": "Trace validation passed", "trace": "late_retained_retry.ndjson", "traceSha256": "4d7748d05a141d5a5c99169ef2d170cf19576e5d60a057dd6d8539c49e9b6da6", "resourceBudget": {"heap": "1G", "offheap": "1G", "workers": 1, "timeoutSeconds": 120}}
{"status": "success", "states_generated": 102, "message": "Trace validation passed", "trace": "lost_ack_live.ndjson", "traceSha256": "a0b34479a2c626ae51d68e0e1d7e17a40199a8341443bb53eb2e6cdfd757a6b3", "resourceBudget": {"heap": "1G", "offheap": "1G", "workers": 1, "timeoutSeconds": 120}}
{"status": "success", "states_generated": 63, "message": "Trace validation passed", "trace": "lost_ack_retired.ndjson", "traceSha256": "7bf5deb99c68637bd6b68f1ddbaf0579edc6596a4cbb8655f300ea0c1001fe0c", "resourceBudget": {"heap": "1G", "offheap": "1G", "workers": 1, "timeoutSeconds": 120}}
{"status": "success", "states_generated": 89, "message": "Trace validation passed", "trace": "metric_preparation_failure.ndjson", "traceSha256": "74acbfe00c01d1bb2728fad97fc8ff8ca3965993c36244f978bfa9644a0d7031", "resourceBudget": {"heap": "1G", "offheap": "1G", "workers": 1, "timeoutSeconds": 120}}
{"status": "success", "states_generated": 91, "message": "Trace validation passed", "trace": "metric_value_failure.ndjson", "traceSha256": "8fbf91d0d68c93c00a162714ef3ad3d630d2a2aedee6a1acfeef886f71b866e2", "resourceBudget": {"heap": "1G", "offheap": "1G", "workers": 1, "timeoutSeconds": 120}}
{"status": "success", "states_generated": 109, "message": "Trace validation passed", "trace": "missing_live_recovery.ndjson", "traceSha256": "55a9a2a0e75156be97b3c88bf991a993c85df5c35f8868f25da4fec776d89a01", "resourceBudget": {"heap": "1G", "offheap": "1G", "workers": 1, "timeoutSeconds": 120}}
{"status": "success", "states_generated": 182, "message": "Trace validation passed", "trace": "normal_staggered.ndjson", "traceSha256": "2ef61a73a1ce0767ff098d680eed4489f12719cdabb71aea2f3e0d9cc3ff9d7a", "resourceBudget": {"heap": "1G", "offheap": "1G", "workers": 1, "timeoutSeconds": 120}}
{"status": "success", "states_generated": 87, "message": "Trace validation passed", "trace": "partial_param_allocation.ndjson", "traceSha256": "c7d9f6458a9cda3bdd9d4fa173ba30c88bbe8bde4a89ea969d3161db43073013", "resourceBudget": {"heap": "1G", "offheap": "1G", "workers": 1, "timeoutSeconds": 120}}
{"status": "success", "states_generated": 33, "message": "Trace validation passed", "trace": "protect_allocation_failure.ndjson", "traceSha256": "33940608b6f70b45bf66bc489b28807dc2ad258af342e8f902cf0af9e52fe694", "resourceBudget": {"heap": "1G", "offheap": "1G", "workers": 1, "timeoutSeconds": 120}}
{"status": "success", "states_generated": 72, "message": "Trace validation passed", "trace": "request_retired_while_waiting.ndjson", "traceSha256": "5f263049a47564769c9c86617f696ce4ffdede71c6637c4f7a2468e86620f8f4", "resourceBudget": {"heap": "1G", "offheap": "1G", "workers": 1, "timeoutSeconds": 120}}
{"status": "success", "states_generated": 81, "message": "Trace validation passed", "trace": "resilient_error.ndjson", "traceSha256": "68bfa200afcd1be057724cd2a450b416060801d11610d50be45019346efd6ab8", "resourceBudget": {"heap": "1G", "offheap": "1G", "workers": 1, "timeoutSeconds": 120}}
