[0;32m================================[0m
[0;32mTLC Model Checking Mode[0m
[0;32m================================[0m
Spec File:       MC.tla
Config File:     MC_hunt_s3_conversion_control.cfg
Memory Limit:    4G
Off-heap Memory: 6G
Workers:         3
Timeout:         30 minutes
[0;34m--- Model Checking Settings ---[0m
Depth Limit:     0
Checkpoint:      10 minutes
Log File:        tlc.out
[0;32m================================[0m
[1;33mExecuting Command:[0m
java -XX:+UseParallelGC -Dtlc2.tool.fp.FPSet.impl=tlc2.tool.fp.OffHeapDiskFPSet -XX:MaxDirectMemorySize=6G -Xmx4G -Xms4G -cp /home/ubuntu/nvflare-runs-20260913/specula/lib/CommunityModules-deps.jar:/home/ubuntu/nvflare-runs-20260913/specula/lib/tla2tools.jar tlc2.TLC -config MC_hunt_s3_conversion_control.cfg MC.tla -workers 3 -deadlock -checkpoint 10 -dumptrace json counterexample.json -metadir /home/ubuntu/nvflare-runs-20260913/scratch/fedavg/tlc/tlc-states-212BK8 

TLC resource budget (Specula run nvflare-fedavg-20260913):
  memory source: user config (128G)
  external memory use: not included in this configured run bound
  memory limit: 128 GiB
  active TLC reserved before request: 10 GiB (this agent: 10 GiB)
  this request: 10 GiB (heap 4 GiB + off-heap 6 GiB)
  remaining before request: 118 GiB
  remaining after admission: 108 GiB
  worker limit: 40
  active TLC workers before request: 3 (this agent: 3)
  this request workers: 3 (3)
  remaining workers before request: 37
  remaining workers after admission: 34
  result: admitted
Picked up JAVA_TOOL_OPTIONS: -Djava.io.tmpdir=/home/ubuntu/nvflare-runs-20260913/scratch/fedavg/tmp
TLC2 Version 2.20 of Day Month 20?? (rev: ${git.shortRevision})
Running breadth-first search Model-Checking with fp 69 and seed -7818763251607709282 with 3 workers on 80 cores with 3925MB heap and 6144MB offheap memory [pid: 4114903] (Linux 6.8.0-1044-azure amd64, Ubuntu 21.0.11 x86_64, OffHeapDiskFPSet, DiskStateQueue).
Parsing file /home/ubuntu/nvflare-runs-20260913/specula/runs/nvflare-fedavg-20260913/nvflare-fedavg/.specula-output/spec/output/hunt-bfs/MC_hunt_s3_conversion_control/MC.tla
Parsing file /home/ubuntu/nvflare-runs-20260913/specula/runs/nvflare-fedavg-20260913/nvflare-fedavg/.specula-output/spec/output/hunt-bfs/MC_hunt_s3_conversion_control/base.tla
Parsing file /home/ubuntu/nvflare-runs-20260913/scratch/fedavg/tmp/tlc-8879271785810147170/_JsonTrace.tla (jar:file:/home/ubuntu/nvflare-runs-20260913/specula/lib/tla2tools.jar!/tla2sany/StandardModules/_JsonTrace.tla)
Parsing file /home/ubuntu/nvflare-runs-20260913/scratch/fedavg/tmp/tlc-8879271785810147170/_TLCTrace.tla (jar:file:/home/ubuntu/nvflare-runs-20260913/specula/lib/tla2tools.jar!/tla2sany/StandardModules/_TLCTrace.tla)
Parsing file /home/ubuntu/nvflare-runs-20260913/scratch/fedavg/tmp/tlc-8879271785810147170/Naturals.tla (jar:file:/home/ubuntu/nvflare-runs-20260913/specula/lib/tla2tools.jar!/tla2sany/StandardModules/Naturals.tla)
Parsing file /home/ubuntu/nvflare-runs-20260913/scratch/fedavg/tmp/tlc-8879271785810147170/Integers.tla (jar:file:/home/ubuntu/nvflare-runs-20260913/specula/lib/tla2tools.jar!/tla2sany/StandardModules/Integers.tla)
Parsing file /home/ubuntu/nvflare-runs-20260913/scratch/fedavg/tmp/tlc-8879271785810147170/Sequences.tla (jar:file:/home/ubuntu/nvflare-runs-20260913/specula/lib/tla2tools.jar!/tla2sany/StandardModules/Sequences.tla)
Parsing file /home/ubuntu/nvflare-runs-20260913/scratch/fedavg/tmp/tlc-8879271785810147170/FiniteSets.tla (jar:file:/home/ubuntu/nvflare-runs-20260913/specula/lib/tla2tools.jar!/tla2sany/StandardModules/FiniteSets.tla)
Parsing file /home/ubuntu/nvflare-runs-20260913/scratch/fedavg/tmp/tlc-8879271785810147170/TLC.tla (jar:file:/home/ubuntu/nvflare-runs-20260913/specula/lib/tla2tools.jar!/tla2sany/StandardModules/TLC.tla)
Parsing file /home/ubuntu/nvflare-runs-20260913/scratch/fedavg/tmp/tlc-8879271785810147170/TLCExt.tla (jar:file:/home/ubuntu/nvflare-runs-20260913/specula/lib/tla2tools.jar!/tla2sany/StandardModules/TLCExt.tla)
Parsing file /home/ubuntu/nvflare-runs-20260913/scratch/fedavg/tmp/tlc-8879271785810147170/Json.tla (jar:file:/home/ubuntu/nvflare-runs-20260913/specula/lib/tla2tools.jar!/tla2sany/StandardModules/Json.tla)
Semantic processing of module Naturals
Semantic processing of module Integers
Semantic processing of module Sequences
Semantic processing of module FiniteSets
Semantic processing of module TLC
Semantic processing of module base
Semantic processing of module TLCExt
Semantic processing of module Json
Semantic processing of module _JsonTrace
Semantic processing of module _TLCTrace
Semantic processing of module MC
Linting of module base
Linting of module TLCExt
Linting of module Json
Linting of module _JsonTrace
Linting of module _TLCTrace
Linting of module MC
Starting... (2026-09-13 12:05:07)
Computing initial states...
Finished computing initial states: 1 distinct state generated at 2026-09-13 12:05:08.
Progress(31) at 2026-09-13 12:05:11: 125,736 states generated (125,736 s/min), 32,170 distinct states found (32,170 ds/min), 6,742 states left on queue.
Progress(88) at 2026-09-13 12:06:11: 4,330,641 states generated (4,204,905 s/min), 1,043,625 distinct states found (1,011,455 ds/min), 113,113 states left on queue.
Progress(93) at 2026-09-13 12:07:11: 8,594,601 states generated (4,263,960 s/min), 2,090,797 distinct states found (1,047,172 ds/min), 288,267 states left on queue.
Progress(95) at 2026-09-13 12:08:11: 12,905,016 states generated (4,310,415 s/min), 3,159,209 distinct states found (1,068,412 ds/min), 487,028 states left on queue.
Progress(97) at 2026-09-13 12:09:11: 17,221,218 states generated (4,316,202 s/min), 4,232,774 distinct states found (1,073,565 ds/min), 693,801 states left on queue.
Progress(98) at 2026-09-13 12:10:11: 21,536,877 states generated (4,315,659 s/min), 5,294,914 distinct states found (1,062,140 ds/min), 889,498 states left on queue.
Progress(99) at 2026-09-13 12:11:11: 25,721,168 states generated (4,184,291 s/min), 6,317,795 distinct states found (1,022,881 ds/min), 1,072,104 states left on queue.
Progress(100) at 2026-09-13 12:12:11: 29,970,807 states generated (4,249,639 s/min), 7,347,884 distinct states found (1,030,089 ds/min), 1,242,935 states left on queue.
Progress(101) at 2026-09-13 12:13:11: 34,097,643 states generated (4,126,836 s/min), 8,337,204 distinct states found (989,320 ds/min), 1,393,210 states left on queue.
Progress(101) at 2026-09-13 12:14:11: 38,249,280 states generated (4,151,637 s/min), 9,317,237 distinct states found (980,033 ds/min), 1,523,958 states left on queue.
Checkpointing of run /home/ubuntu/nvflare-runs-20260913/scratch/fedavg/tlc/tlc-states-212BK8/26-09-13-12-05-07.187
Checkpointing completed at (2026-09-13 12:15:11)
Progress(102) at 2026-09-13 12:15:11: 42,495,900 states generated (4,246,620 s/min), 10,315,886 distinct states found (998,649 ds/min), 1,654,368 states left on queue.
Progress(102) at 2026-09-13 12:16:11: 46,730,352 states generated (4,234,452 s/min), 11,302,319 distinct states found (986,433 ds/min), 1,773,574 states left on queue.
Progress(103) at 2026-09-13 12:17:11: 51,002,686 states generated (4,272,334 s/min), 12,301,988 distinct states found (999,669 ds/min), 1,897,106 states left on queue.
Progress(103) at 2026-09-13 12:18:11: 55,201,197 states generated (4,198,511 s/min), 13,274,293 distinct states found (972,305 ds/min), 2,003,154 states left on queue.
Progress(104) at 2026-09-13 12:19:11: 59,384,539 states generated (4,183,342 s/min), 14,249,961 distinct states found (975,668 ds/min), 2,113,912 states left on queue.
Progress(104) at 2026-09-13 12:20:11: 63,617,381 states generated (4,232,842 s/min), 15,228,832 distinct states found (978,871 ds/min), 2,209,229 states left on queue.
Progress(105) at 2026-09-13 12:21:11: 67,733,049 states generated (4,115,668 s/min), 16,188,744 distinct states found (959,912 ds/min), 2,313,840 states left on queue.
Progress(105) at 2026-09-13 12:22:11: 71,866,666 states generated (4,133,617 s/min), 17,142,845 distinct states found (954,101 ds/min), 2,396,552 states left on queue.
Progress(105) at 2026-09-13 12:23:11: 76,016,412 states generated (4,149,746 s/min), 18,089,943 distinct states found (947,098 ds/min), 2,462,732 states left on queue.
Progress(106) at 2026-09-13 12:24:11: 80,188,974 states generated (4,172,562 s/min), 19,060,949 distinct states found (971,006 ds/min), 2,557,476 states left on queue.
Checkpointing of run /home/ubuntu/nvflare-runs-20260913/scratch/fedavg/tlc/tlc-states-212BK8/26-09-13-12-05-07.187
Checkpointing completed at (2026-09-13 12:25:12)
Progress(106) at 2026-09-13 12:25:12: 84,405,879 states generated (4,216,905 s/min), 20,027,708 distinct states found (966,759 ds/min), 2,626,778 states left on queue.
Progress(106) at 2026-09-13 12:26:12: 88,585,331 states generated (4,179,452 s/min), 20,980,227 distinct states found (952,519 ds/min), 2,687,002 states left on queue.
Progress(107) at 2026-09-13 12:27:12: 92,611,508 states generated (4,026,177 s/min), 21,902,364 distinct states found (922,137 ds/min), 2,749,911 states left on queue.
Progress(107) at 2026-09-13 12:28:12: 96,709,434 states generated (4,097,926 s/min), 22,831,060 distinct states found (928,696 ds/min), 2,797,959 states left on queue.
Progress(107) at 2026-09-13 12:29:12: 100,854,772 states generated (4,145,338 s/min), 23,761,951 distinct states found (930,891 ds/min), 2,832,347 states left on queue.
Progress(108) at 2026-09-13 12:30:12: 105,038,163 states generated (4,183,391 s/min), 24,712,149 distinct states found (950,198 ds/min), 2,887,369 states left on queue.
Progress(108) at 2026-09-13 12:31:12: 109,202,985 states generated (4,164,822 s/min), 25,647,748 distinct states found (935,599 ds/min), 2,924,617 states left on queue.
Progress(108) at 2026-09-13 12:32:12: 113,402,648 states generated (4,199,663 s/min), 26,571,244 distinct states found (923,496 ds/min), 2,928,059 states left on queue.
Progress(109) at 2026-09-13 12:33:12: 117,609,340 states generated (4,206,692 s/min), 27,523,916 distinct states found (952,672 ds/min), 2,984,067 states left on queue.
Progress(109) at 2026-09-13 12:34:12: 121,789,198 states generated (4,179,858 s/min), 28,462,829 distinct states found (938,913 ds/min), 3,024,473 states left on queue.

[0;32m================================[0m
[1;33m⚠ Timed out[0m
[0;32m================================[0m
