==> [1/4] applying instrumentation
instrumented copy ready: /home/experiment/runs/specula/nvflare-lite-full-opus55-20260925/full/run/nvflare-job/.specula-output/harness/build/nvflare_src ( 11 files changed, 282 insertions(+), 107 deletions(-))
==> [2/4] checking the import path
   nvflare -> /home/experiment/runs/specula/nvflare-lite-full-opus55-20260925/full/run/nvflare-job/.specula-output/harness/build/nvflare_src/nvflare/__init__.py
==> [3/4] running scenarios (timeout 180s each)
   normal_two_jobs                          ok         3s
   abort_running_and_queued                 ok        14s
   check_timeout_backoff_expiry             ok         6s
   lossy_check_cant_schedule                ok         4s
   start_failures                           ok         5s
   client_failure_and_sj_crash              ok         7s
   client_crash_sweep                       ok         2s
   outcome_deadline_hb_cleanup              ok         5s
   disable_client_outcome_wait              ok         5s
   delete_held_job_kills_runner             ok         1s
   delete_during_scan                       ok         2s
   abort_during_deploy                      ok         2s
   failrun_during_start                     ok         3s
   failrun_during_start_dup_abort           ok         2s
   refresh_rmw_revert                       ok         4s
   running_after_terminal                   ok         5s
   start_timeout_late_start                 ok         3s
   concurrent_jobs_contention               ok         7s
   expiry_before_start                      ok         2s
   disable_between_schedule_and_deploy      ok         4s
   abort_before_checks                      ok         5s
   lost_report_heartbeat                    ok         2s
   double_abort_terminate                   ok        12s
   random_mix_s1                            ok        16s
   random_mix_s2                            ok        12s
   random_mix_s3                            ok        14s
   random_mix_s4                            ok        12s
   random_mix_s5                            ok        13s
   random_mix_s6                            ok        13s
==> [4/4] traces written to /home/experiment/runs/specula/nvflare-lite-full-opus55-20260925/full/run/nvflare-job/.specula-output/traces
       83 lines  traces/normal_two_jobs.ndjson
       76 lines  traces/abort_running_and_queued.ndjson
       62 lines  traces/check_timeout_backoff_expiry.ndjson
       65 lines  traces/lossy_check_cant_schedule.ndjson
       67 lines  traces/start_failures.ndjson
       93 lines  traces/client_failure_and_sj_crash.ndjson
       43 lines  traces/client_crash_sweep.ndjson
       50 lines  traces/outcome_deadline_hb_cleanup.ndjson
       48 lines  traces/disable_client_outcome_wait.ndjson
       17 lines  traces/delete_held_job_kills_runner.ndjson
        6 lines  traces/delete_during_scan.ndjson
       43 lines  traces/abort_during_deploy.ndjson
       37 lines  traces/failrun_during_start.ndjson
       39 lines  traces/failrun_during_start_dup_abort.ndjson
       53 lines  traces/refresh_rmw_revert.ndjson
       44 lines  traces/running_after_terminal.ndjson
       45 lines  traces/start_timeout_late_start.ndjson
       95 lines  traces/concurrent_jobs_contention.ndjson
       35 lines  traces/expiry_before_start.ndjson
       51 lines  traces/disable_between_schedule_and_deploy.ndjson
       34 lines  traces/abort_before_checks.ndjson
       43 lines  traces/lost_report_heartbeat.ndjson
       70 lines  traces/double_abort_terminate.ndjson
      170 lines  traces/random_mix_s1.ndjson
      147 lines  traces/random_mix_s2.ndjson
      185 lines  traces/random_mix_s3.ndjson
      141 lines  traces/random_mix_s4.ndjson
      147 lines  traces/random_mix_s5.ndjson
      125 lines  traces/random_mix_s6.ndjson
==> TLC trace validation (spec/Trace.tla + spec/Trace.cfg)
PASS  normal_two_jobs  (Progress(83) at 2026-09-25 17:22:39: 83 states generated, 83 distinct states found, 0 states left on queue.)
PASS  abort_running_and_queued  (Progress(76) at 2026-09-25 17:22:40: 76 states generated, 76 distinct states found, 0 states left on queue.)
PASS  check_timeout_backoff_expiry  (Progress(62) at 2026-09-25 17:22:40: 62 states generated, 62 distinct states found, 0 states left on queue.)
PASS  lossy_check_cant_schedule  (Progress(65) at 2026-09-25 17:22:41: 65 states generated, 65 distinct states found, 0 states left on queue.)
PASS  start_failures  (Progress(67) at 2026-09-25 17:22:42: 67 states generated, 67 distinct states found, 0 states left on queue.)
PASS  client_failure_and_sj_crash  (Progress(93) at 2026-09-25 17:22:43: 93 states generated, 93 distinct states found, 0 states left on queue.)
PASS  client_crash_sweep  (Progress(43) at 2026-09-25 17:22:44: 43 states generated, 43 distinct states found, 0 states left on queue.)
PASS  outcome_deadline_hb_cleanup  (Progress(50) at 2026-09-25 17:22:45: 50 states generated, 50 distinct states found, 0 states left on queue.)
PASS  disable_client_outcome_wait  (Progress(48) at 2026-09-25 17:22:46: 48 states generated, 48 distinct states found, 0 states left on queue.)
PASS  delete_held_job_kills_runner  (Progress(17) at 2026-09-25 17:22:47: 17 states generated, 17 distinct states found, 0 states left on queue.)
PASS  delete_during_scan  (Progress(6) at 2026-09-25 17:22:47: 6 states generated, 6 distinct states found, 0 states left on queue.)
PASS  abort_during_deploy  (Progress(43) at 2026-09-25 17:22:48: 43 states generated, 43 distinct states found, 0 states left on queue.)
PASS  failrun_during_start  (Progress(37) at 2026-09-25 17:22:49: 37 states generated, 37 distinct states found, 0 states left on queue.)
FAIL  failrun_during_start_dup_abort  (rc=13, log: /home/experiment/runs/specula/nvflare-lite-full-opus55-20260925/full/run/nvflare-job/.specula-output/harness/build/validation-logs/failrun_during_start_dup_abort.log)
      Error: Temporal property TraceMatched was violated.
      Error: The following behavior constitutes a counter-example:
PASS  refresh_rmw_revert  (Progress(53) at 2026-09-25 17:22:51: 53 states generated, 53 distinct states found, 0 states left on queue.)
PASS  running_after_terminal  (Progress(44) at 2026-09-25 17:22:52: 44 states generated, 44 distinct states found, 0 states left on queue.)
PASS  start_timeout_late_start  (Progress(45) at 2026-09-25 17:22:52: 45 states generated, 45 distinct states found, 0 states left on queue.)
PASS  concurrent_jobs_contention  (Progress(95) at 2026-09-25 17:22:54: 95 states generated, 95 distinct states found, 0 states left on queue.)
PASS  expiry_before_start  (Progress(35) at 2026-09-25 17:22:54: 35 states generated, 35 distinct states found, 0 states left on queue.)
PASS  disable_between_schedule_and_deploy  (Progress(51) at 2026-09-25 17:22:55: 51 states generated, 51 distinct states found, 0 states left on queue.)
PASS  abort_before_checks  (Progress(34) at 2026-09-25 17:22:56: 34 states generated, 34 distinct states found, 0 states left on queue.)
PASS  lost_report_heartbeat  (Progress(43) at 2026-09-25 17:22:57: 43 states generated, 43 distinct states found, 0 states left on queue.)
FAIL  double_abort_terminate  (rc=13, log: /home/experiment/runs/specula/nvflare-lite-full-opus55-20260925/full/run/nvflare-job/.specula-output/harness/build/validation-logs/double_abort_terminate.log)
      Error: Temporal property TraceMatched was violated.
      Error: The following behavior constitutes a counter-example:
FAIL  random_mix_s1  (rc=13, log: /home/experiment/runs/specula/nvflare-lite-full-opus55-20260925/full/run/nvflare-job/.specula-output/harness/build/validation-logs/random_mix_s1.log)
      Error: Temporal property TraceMatched was violated.
      Error: The following behavior constitutes a counter-example:
PASS  random_mix_s2  (Progress(147) at 2026-09-25 17:23:01: 147 states generated, 147 distinct states found, 0 states left on queue.)
PASS  random_mix_s3  (Progress(185) at 2026-09-25 17:23:02: 185 states generated, 185 distinct states found, 0 states left on queue.)
PASS  random_mix_s4  (Progress(141) at 2026-09-25 17:23:04: 141 states generated, 141 distinct states found, 0 states left on queue.)
PASS  random_mix_s5  (Progress(147) at 2026-09-25 17:23:05: 147 states generated, 147 distinct states found, 0 states left on queue.)
PASS  random_mix_s6  (Progress(125) at 2026-09-25 17:23:06: 125 states generated, 125 distinct states found, 0 states left on queue.)
