Picked up JAVA_TOOL_OPTIONS: -Djava.io.tmpdir=/home/ubuntu/specula-ci-byom-acceptance-20260908-qkmsf06i/tmp
TLC2 Version 2026.09.04.170753 (rev: b123b22)
Running Random Simulation with seed -7346759194667209512 with 8 workers on 96 cores with 7851MB heap and 64MB offheap memory [pid: 3605824] (Linux 6.8.0-1044-azure amd64, Ubuntu 21.0.11 64bit).
Parsing file /home/ubuntu/specula-ci-byom-acceptance-20260908-qkmsf06i/ci/runs/20260908-065730-af7a/cometbft/.specula-output/spec/MC.tla
Parsing file /home/ubuntu/specula-ci-byom-acceptance-20260908-qkmsf06i/ci/runs/20260908-065730-af7a/cometbft/.specula-output/spec/base.tla
Parsing file /home/ubuntu/specula-ci-byom-acceptance-20260908-qkmsf06i/tmp/tlc-5524346246711154935/_JsonTrace.tla (jar:file:/home/ubuntu/specula-ci-byom-acceptance-20260908-qkmsf06i/Specula/lib/tla2tools.jar!/tla2sany/StandardModules/_JsonTrace.tla)
Parsing file /home/ubuntu/specula-ci-byom-acceptance-20260908-qkmsf06i/tmp/tlc-5524346246711154935/_TLCTrace.tla (jar:file:/home/ubuntu/specula-ci-byom-acceptance-20260908-qkmsf06i/Specula/lib/tla2tools.jar!/tla2sany/StandardModules/_TLCTrace.tla)
Parsing file /home/ubuntu/specula-ci-byom-acceptance-20260908-qkmsf06i/tmp/tlc-5524346246711154935/Integers.tla (jar:file:/home/ubuntu/specula-ci-byom-acceptance-20260908-qkmsf06i/Specula/lib/tla2tools.jar!/tla2sany/StandardModules/Integers.tla)
Parsing file /home/ubuntu/specula-ci-byom-acceptance-20260908-qkmsf06i/tmp/tlc-5524346246711154935/FiniteSets.tla (jar:file:/home/ubuntu/specula-ci-byom-acceptance-20260908-qkmsf06i/Specula/lib/tla2tools.jar!/tla2sany/StandardModules/FiniteSets.tla)
Parsing file /home/ubuntu/specula-ci-byom-acceptance-20260908-qkmsf06i/tmp/tlc-5524346246711154935/TLC.tla (jar:file:/home/ubuntu/specula-ci-byom-acceptance-20260908-qkmsf06i/Specula/lib/tla2tools.jar!/tla2sany/StandardModules/TLC.tla)
Parsing file /home/ubuntu/specula-ci-byom-acceptance-20260908-qkmsf06i/tmp/tlc-5524346246711154935/Naturals.tla (jar:file:/home/ubuntu/specula-ci-byom-acceptance-20260908-qkmsf06i/Specula/lib/tla2tools.jar!/tla2sany/StandardModules/Naturals.tla)
Parsing file /home/ubuntu/specula-ci-byom-acceptance-20260908-qkmsf06i/tmp/tlc-5524346246711154935/Sequences.tla (jar:file:/home/ubuntu/specula-ci-byom-acceptance-20260908-qkmsf06i/Specula/lib/tla2tools.jar!/tla2sany/StandardModules/Sequences.tla)
Parsing file /home/ubuntu/specula-ci-byom-acceptance-20260908-qkmsf06i/tmp/tlc-5524346246711154935/TLCExt.tla (jar:file:/home/ubuntu/specula-ci-byom-acceptance-20260908-qkmsf06i/Specula/lib/tla2tools.jar!/tla2sany/StandardModules/TLCExt.tla)
Parsing file /home/ubuntu/specula-ci-byom-acceptance-20260908-qkmsf06i/tmp/tlc-5524346246711154935/Json.tla (jar:file:/home/ubuntu/specula-ci-byom-acceptance-20260908-qkmsf06i/Specula/lib/tla2tools.jar!/tla2sany/StandardModules/Json.tla)
Semantic processing of module Naturals
Semantic processing of module Integers
Semantic processing of module Sequences
Semantic processing of module FiniteSets
Semantic processing of module TLC
Semantic processing of module base
Semantic processing of module TLCExt
Semantic processing of module Json
Semantic processing of module _JsonTrace
Semantic processing of module _TLCTrace
Semantic processing of module MC
Linting of module base
Linting of module TLCExt
Linting of module Json
Linting of module _JsonTrace
Linting of module _TLCTrace
Linting of module MC
Starting... (2026-09-08 07:42:35)
Computed 1 initial states...
Finished computing initial states: 1 distinct state generated at 2026-09-08 07:42:35.
Progress: 150423502 states checked, 3008472 traces generated (trace length: mean=30, var(x)=400, sd=20)
Progress: 301792322 states checked, 6035850 traces generated (trace length: mean=30, var(x)=400, sd=20)
Progress: 452961289 states checked, 9059229 traces generated (trace length: mean=30, var(x)=400, sd=20)
Progress: 604070272 states checked, 12081408 traces generated (trace length: mean=30, var(x)=44, sd=7)
Progress: 755364259 states checked, 15107288 traces generated (trace length: mean=30, var(x)=116, sd=11)
Progress: 906164749 states checked, 18123300 traces generated (trace length: mean=30, var(x)=163, sd=13)
Progress: 1057531444 states checked, 21150634 traces generated (trace length: mean=30, var(x)=197, sd=14)
Progress: 1208834538 states checked, 24176694 traces generated (trace length: mean=30, var(x)=45, sd=7)
Progress: 1360095973 states checked, 27201921 traces generated (trace length: mean=30, var(x)=84, sd=9)
Progress: 1510997772 states checked, 30219958 traces generated (trace length: mean=30, var(x)=116, sd=11)
Progress: 1661545335 states checked, 33230910 traces generated (trace length: mean=30, var(x)=12, sd=4)
Progress: 1812182527 states checked, 36243654 traces generated (trace length: mean=30, var(x)=44, sd=7)
Progress: 1963246803 states checked, 39264938 traces generated (trace length: mean=30, var(x)=72, sd=8)
Progress: 2114540055 states checked, 42290804 traces generated (trace length: mean=30, var(x)=95, sd=10)
Progress: 2265005764 states checked, 45300119 traces generated (trace length: mean=30, var(x)=21, sd=5)
Progress: 2415947311 states checked, 48318950 traces generated (trace length: mean=30, var(x)=44, sd=7)
Progress: 2566721578 states checked, 51334435 traces generated (trace length: mean=30, var(x)=65, sd=8)
Progress: 2717516146 states checked, 54350327 traces generated (trace length: mean=30, var(x)=5, sd=2)
Progress: 2868827938 states checked, 57376562 traces generated (trace length: mean=30, var(x)=26, sd=5)
Progress: 3019671634 states checked, 60393436 traces generated (trace length: mean=30, var(x)=44, sd=7)
Progress: 3170642536 states checked, 63412855 traces generated (trace length: mean=30, var(x)=61, sd=8)
Progress: 3321725845 states checked, 66434521 traces generated (trace length: mean=30, var(x)=12, sd=3)
Progress: 3472056215 states checked, 69441126 traces generated (trace length: mean=30, var(x)=29, sd=5)
Progress: 3622952860 states checked, 72459060 traces generated (trace length: mean=30, var(x)=44, sd=7)
Progress: 3773460377 states checked, 75469212 traces generated (trace length: mean=30, var(x)=2, sd=1)
Progress: 3925234839 states checked, 78504701 traces generated (trace length: mean=30, var(x)=17, sd=4)
Progress: 4076999224 states checked, 81539987 traces generated (trace length: mean=30, var(x)=31, sd=6)
Progress: 4229213258 states checked, 84584267 traces generated (trace length: mean=30, var(x)=45, sd=7)
Progress: 4381164075 states checked, 87623286 traces generated (trace length: mean=30, var(x)=8, sd=3)
