Picked up JAVA_TOOL_OPTIONS: -Djava.io.tmpdir=/home/ubuntu/specula-ci-byom-acceptance-20260908-qkmsf06i/tmp
TLC2 Version 2026.09.04.170753 (rev: b123b22)
Running breadth-first search Model-Checking with fp 129 and seed 2174935823529055347 with 8 workers on 96 cores with 7851MB heap and 24576MB offheap memory [pid: 3821923] (Linux 6.8.0-1044-azure amd64, Ubuntu 21.0.11 64bit, OffHeapDiskFPSet, DiskStateQueue).
Parsing file /home/ubuntu/specula-ci-byom-acceptance-20260908-qkmsf06i/ci/runs/20260908-065730-af7a/cometbft/.specula-output/spec/MC.tla
Parsing file /home/ubuntu/specula-ci-byom-acceptance-20260908-qkmsf06i/ci/runs/20260908-065730-af7a/cometbft/.specula-output/spec/base.tla
Parsing file /home/ubuntu/specula-ci-byom-acceptance-20260908-qkmsf06i/tmp/tlc-8229925528937780389/_JsonTrace.tla (jar:file:/home/ubuntu/specula-ci-byom-acceptance-20260908-qkmsf06i/Specula/lib/tla2tools.jar!/tla2sany/StandardModules/_JsonTrace.tla)
Parsing file /home/ubuntu/specula-ci-byom-acceptance-20260908-qkmsf06i/tmp/tlc-8229925528937780389/_TLCTrace.tla (jar:file:/home/ubuntu/specula-ci-byom-acceptance-20260908-qkmsf06i/Specula/lib/tla2tools.jar!/tla2sany/StandardModules/_TLCTrace.tla)
Parsing file /home/ubuntu/specula-ci-byom-acceptance-20260908-qkmsf06i/tmp/tlc-8229925528937780389/Integers.tla (jar:file:/home/ubuntu/specula-ci-byom-acceptance-20260908-qkmsf06i/Specula/lib/tla2tools.jar!/tla2sany/StandardModules/Integers.tla)
Parsing file /home/ubuntu/specula-ci-byom-acceptance-20260908-qkmsf06i/tmp/tlc-8229925528937780389/FiniteSets.tla (jar:file:/home/ubuntu/specula-ci-byom-acceptance-20260908-qkmsf06i/Specula/lib/tla2tools.jar!/tla2sany/StandardModules/FiniteSets.tla)
Parsing file /home/ubuntu/specula-ci-byom-acceptance-20260908-qkmsf06i/tmp/tlc-8229925528937780389/TLC.tla (jar:file:/home/ubuntu/specula-ci-byom-acceptance-20260908-qkmsf06i/Specula/lib/tla2tools.jar!/tla2sany/StandardModules/TLC.tla)
Parsing file /home/ubuntu/specula-ci-byom-acceptance-20260908-qkmsf06i/tmp/tlc-8229925528937780389/Naturals.tla (jar:file:/home/ubuntu/specula-ci-byom-acceptance-20260908-qkmsf06i/Specula/lib/tla2tools.jar!/tla2sany/StandardModules/Naturals.tla)
Parsing file /home/ubuntu/specula-ci-byom-acceptance-20260908-qkmsf06i/tmp/tlc-8229925528937780389/Sequences.tla (jar:file:/home/ubuntu/specula-ci-byom-acceptance-20260908-qkmsf06i/Specula/lib/tla2tools.jar!/tla2sany/StandardModules/Sequences.tla)
Parsing file /home/ubuntu/specula-ci-byom-acceptance-20260908-qkmsf06i/tmp/tlc-8229925528937780389/TLCExt.tla (jar:file:/home/ubuntu/specula-ci-byom-acceptance-20260908-qkmsf06i/Specula/lib/tla2tools.jar!/tla2sany/StandardModules/TLCExt.tla)
Parsing file /home/ubuntu/specula-ci-byom-acceptance-20260908-qkmsf06i/tmp/tlc-8229925528937780389/Json.tla (jar:file:/home/ubuntu/specula-ci-byom-acceptance-20260908-qkmsf06i/Specula/lib/tla2tools.jar!/tla2sany/StandardModules/Json.tla)
Semantic processing of module Naturals
Semantic processing of module Integers
Semantic processing of module Sequences
Semantic processing of module FiniteSets
Semantic processing of module TLC
Semantic processing of module base
Semantic processing of module TLCExt
Semantic processing of module Json
Semantic processing of module _JsonTrace
Semantic processing of module _TLCTrace
Semantic processing of module MC
Linting of module base
Linting of module TLCExt
Linting of module Json
Linting of module _JsonTrace
Linting of module _TLCTrace
Linting of module MC
Starting... (2026-09-08 08:13:04)
Computing initial states...
Finished computing initial states: 1 distinct state generated at 2026-09-08 08:13:05.
Model checking completed. No error has been found.
  Estimates of the probability that TLC did not check all reachable states
  because two distinct states had the same fingerprint:
  calculated (optimistic):  val = 5.2E-14
2277 states generated, 1719 distinct states found, 0 states left on queue.
The depth of the complete state graph search is 27.
The average outdegree of the complete state graph is 1 (minimum is 0, the maximum 4 and the 95th percentile is 2).
Finished in 00s at (2026-09-08 08:13:05)
