Picked up JAVA_TOOL_OPTIONS: -Djava.io.tmpdir=/home/ubuntu/specula-ci-byom-acceptance-20260908-qkmsf06i/tmp
TLC2 Version 2026.09.04.170753 (rev: b123b22)
Running breadth-first search Model-Checking with fp 0 and seed 4385543902655671777 with 1 worker on 96 cores with 981MB heap and 64MB offheap memory [pid: 3839595] (Linux 6.8.0-1044-azure amd64, Ubuntu 21.0.11 64bit, MSBDiskFPSet, DiskStateQueue).
Parsing file /home/ubuntu/specula-ci-byom-acceptance-20260908-qkmsf06i/ci/runs/20260908-065730-af7a/cometbft/.specula-output/spec/MC.tla
Parsing file /home/ubuntu/specula-ci-byom-acceptance-20260908-qkmsf06i/ci/runs/20260908-065730-af7a/cometbft/.specula-output/spec/base.tla
Parsing file /home/ubuntu/specula-ci-byom-acceptance-20260908-qkmsf06i/tmp/tlc-7787645494602541226/_JsonTrace.tla (jar:file:/home/ubuntu/specula-ci-byom-acceptance-20260908-qkmsf06i/Specula/lib/tla2tools.jar!/tla2sany/StandardModules/_JsonTrace.tla)
Parsing file /home/ubuntu/specula-ci-byom-acceptance-20260908-qkmsf06i/tmp/tlc-7787645494602541226/_TLCTrace.tla (jar:file:/home/ubuntu/specula-ci-byom-acceptance-20260908-qkmsf06i/Specula/lib/tla2tools.jar!/tla2sany/StandardModules/_TLCTrace.tla)
Parsing file /home/ubuntu/specula-ci-byom-acceptance-20260908-qkmsf06i/tmp/tlc-7787645494602541226/Integers.tla (jar:file:/home/ubuntu/specula-ci-byom-acceptance-20260908-qkmsf06i/Specula/lib/tla2tools.jar!/tla2sany/StandardModules/Integers.tla)
Parsing file /home/ubuntu/specula-ci-byom-acceptance-20260908-qkmsf06i/tmp/tlc-7787645494602541226/FiniteSets.tla (jar:file:/home/ubuntu/specula-ci-byom-acceptance-20260908-qkmsf06i/Specula/lib/tla2tools.jar!/tla2sany/StandardModules/FiniteSets.tla)
Parsing file /home/ubuntu/specula-ci-byom-acceptance-20260908-qkmsf06i/tmp/tlc-7787645494602541226/TLC.tla (jar:file:/home/ubuntu/specula-ci-byom-acceptance-20260908-qkmsf06i/Specula/lib/tla2tools.jar!/tla2sany/StandardModules/TLC.tla)
Parsing file /home/ubuntu/specula-ci-byom-acceptance-20260908-qkmsf06i/tmp/tlc-7787645494602541226/Naturals.tla (jar:file:/home/ubuntu/specula-ci-byom-acceptance-20260908-qkmsf06i/Specula/lib/tla2tools.jar!/tla2sany/StandardModules/Naturals.tla)
Parsing file /home/ubuntu/specula-ci-byom-acceptance-20260908-qkmsf06i/tmp/tlc-7787645494602541226/Sequences.tla (jar:file:/home/ubuntu/specula-ci-byom-acceptance-20260908-qkmsf06i/Specula/lib/tla2tools.jar!/tla2sany/StandardModules/Sequences.tla)
Parsing file /home/ubuntu/specula-ci-byom-acceptance-20260908-qkmsf06i/tmp/tlc-7787645494602541226/TLCExt.tla (jar:file:/home/ubuntu/specula-ci-byom-acceptance-20260908-qkmsf06i/Specula/lib/tla2tools.jar!/tla2sany/StandardModules/TLCExt.tla)
Parsing file /home/ubuntu/specula-ci-byom-acceptance-20260908-qkmsf06i/tmp/tlc-7787645494602541226/Json.tla (jar:file:/home/ubuntu/specula-ci-byom-acceptance-20260908-qkmsf06i/Specula/lib/tla2tools.jar!/tla2sany/StandardModules/Json.tla)
Semantic processing of module Naturals
Semantic processing of module Integers
Semantic processing of module Sequences
Semantic processing of module FiniteSets
Semantic processing of module TLC
Semantic processing of module base
Semantic processing of module TLCExt
Semantic processing of module Json
Semantic processing of module _JsonTrace
Semantic processing of module _TLCTrace
Semantic processing of module MC
Linting of module base
Linting of module TLCExt
Linting of module Json
Linting of module _JsonTrace
Linting of module _TLCTrace
Linting of module MC
Starting... (2026-09-08 08:15:31)
Computing initial states...
Finished computing initial states: 1 distinct state generated at 2026-09-08 08:15:31.
Error: Invariant NeverReachedHandshakeComplete is violated.
Error: The behavior up to this point is:
State 1: <Initial predicate>
/\ phase = "normal"
/\ responseHeight = 0
/\ coverage = {}
/\ updatePresent = FALSE
/\ persistedLastParamChange = 1
/\ validationOutcome = "none"
/\ responseParam = "NoParam"
/\ pendingParam = "NoParam"
/\ counters = [blocks |-> 0, crashes |-> 0, appRollbacks |-> 0]
/\ persistedParam = "p0"
/\ replayMutatesState = FALSE
/\ appHeight = 0
/\ activeParam = "p0"
/\ blockStoreHeight = 0
/\ stateHeight = 0
/\ lastParamChange = 1
/\ stateStoreHeight = 0
/\ pendingBlockHeight = 0

State 2: <MCCrash line 20, col 5 to line 22, col 54 of module MC>
/\ phase = "down"
/\ responseHeight = 0
/\ coverage = {"crashed"}
/\ updatePresent = FALSE
/\ persistedLastParamChange = 1
/\ validationOutcome = "none"
/\ responseParam = "NoParam"
/\ pendingParam = "NoParam"
/\ counters = [blocks |-> 0, crashes |-> 1, appRollbacks |-> 0]
/\ persistedParam = "p0"
/\ replayMutatesState = FALSE
/\ appHeight = 0
/\ activeParam = "p0"
/\ blockStoreHeight = 0
/\ stateHeight = 0
/\ lastParamChange = 1
/\ stateStoreHeight = 0
/\ pendingBlockHeight = 0

State 3: <MCBeginHandshake line 37, col 21 to line 37, col 56 of module MC>
/\ phase = "handshake"
/\ responseHeight = 0
/\ coverage = {"crashed", "handshakeStarted"}
/\ updatePresent = FALSE
/\ persistedLastParamChange = 1
/\ validationOutcome = "none"
/\ responseParam = "NoParam"
/\ pendingParam = "NoParam"
/\ counters = [blocks |-> 0, crashes |-> 1, appRollbacks |-> 0]
/\ persistedParam = "p0"
/\ replayMutatesState = FALSE
/\ appHeight = 0
/\ activeParam = "p0"
/\ blockStoreHeight = 0
/\ stateHeight = 0
/\ lastParamChange = 1
/\ stateStoreHeight = 0
/\ pendingBlockHeight = 0

State 4: <MCCompleteHandshake line 41, col 24 to line 41, col 62 of module MC>
/\ phase = "normal"
/\ responseHeight = 0
/\ coverage = {"crashed", "handshakeStarted", "handshakeComplete"}
/\ updatePresent = FALSE
/\ persistedLastParamChange = 1
/\ validationOutcome = "none"
/\ responseParam = "NoParam"
/\ pendingParam = "NoParam"
/\ counters = [blocks |-> 0, crashes |-> 1, appRollbacks |-> 0]
/\ persistedParam = "p0"
/\ replayMutatesState = FALSE
/\ appHeight = 0
/\ activeParam = "p0"
/\ blockStoreHeight = 0
/\ stateHeight = 0
/\ lastParamChange = 1
/\ stateStoreHeight = 0
/\ pendingBlockHeight = 0

"CounterExample written: output/MC_reach_handshake_complete-witness.json"
12 states generated, 12 distinct states found, 5 states left on queue.
The depth of the complete state graph search is 4.
Finished in 00s at (2026-09-08 08:15:31)
Trace exploration spec path: ./MC_TTrace_1788855331.tla
