Picked up JAVA_TOOL_OPTIONS: -Djava.io.tmpdir=/home/ubuntu/specula-ci-byom-acceptance-20260908-qkmsf06i/tmp
TLC2 Version 2026.09.04.170753 (rev: b123b22)
Running breadth-first search Model-Checking with fp 53 and seed -2768749681861077598 with 1 worker on 96 cores with 981MB heap and 64MB offheap memory [pid: 3839648] (Linux 6.8.0-1044-azure amd64, Ubuntu 21.0.11 64bit, MSBDiskFPSet, DiskStateQueue).
Parsing file /home/ubuntu/specula-ci-byom-acceptance-20260908-qkmsf06i/ci/runs/20260908-065730-af7a/cometbft/.specula-output/spec/MC.tla
Parsing file /home/ubuntu/specula-ci-byom-acceptance-20260908-qkmsf06i/ci/runs/20260908-065730-af7a/cometbft/.specula-output/spec/base.tla
Parsing file /home/ubuntu/specula-ci-byom-acceptance-20260908-qkmsf06i/tmp/tlc-16530986212968462199/_JsonTrace.tla (jar:file:/home/ubuntu/specula-ci-byom-acceptance-20260908-qkmsf06i/Specula/lib/tla2tools.jar!/tla2sany/StandardModules/_JsonTrace.tla)
Parsing file /home/ubuntu/specula-ci-byom-acceptance-20260908-qkmsf06i/tmp/tlc-16530986212968462199/_TLCTrace.tla (jar:file:/home/ubuntu/specula-ci-byom-acceptance-20260908-qkmsf06i/Specula/lib/tla2tools.jar!/tla2sany/StandardModules/_TLCTrace.tla)
Parsing file /home/ubuntu/specula-ci-byom-acceptance-20260908-qkmsf06i/tmp/tlc-16530986212968462199/Integers.tla (jar:file:/home/ubuntu/specula-ci-byom-acceptance-20260908-qkmsf06i/Specula/lib/tla2tools.jar!/tla2sany/StandardModules/Integers.tla)
Parsing file /home/ubuntu/specula-ci-byom-acceptance-20260908-qkmsf06i/tmp/tlc-16530986212968462199/FiniteSets.tla (jar:file:/home/ubuntu/specula-ci-byom-acceptance-20260908-qkmsf06i/Specula/lib/tla2tools.jar!/tla2sany/StandardModules/FiniteSets.tla)
Parsing file /home/ubuntu/specula-ci-byom-acceptance-20260908-qkmsf06i/tmp/tlc-16530986212968462199/TLC.tla (jar:file:/home/ubuntu/specula-ci-byom-acceptance-20260908-qkmsf06i/Specula/lib/tla2tools.jar!/tla2sany/StandardModules/TLC.tla)
Parsing file /home/ubuntu/specula-ci-byom-acceptance-20260908-qkmsf06i/tmp/tlc-16530986212968462199/Naturals.tla (jar:file:/home/ubuntu/specula-ci-byom-acceptance-20260908-qkmsf06i/Specula/lib/tla2tools.jar!/tla2sany/StandardModules/Naturals.tla)
Parsing file /home/ubuntu/specula-ci-byom-acceptance-20260908-qkmsf06i/tmp/tlc-16530986212968462199/Sequences.tla (jar:file:/home/ubuntu/specula-ci-byom-acceptance-20260908-qkmsf06i/Specula/lib/tla2tools.jar!/tla2sany/StandardModules/Sequences.tla)
Parsing file /home/ubuntu/specula-ci-byom-acceptance-20260908-qkmsf06i/tmp/tlc-16530986212968462199/TLCExt.tla (jar:file:/home/ubuntu/specula-ci-byom-acceptance-20260908-qkmsf06i/Specula/lib/tla2tools.jar!/tla2sany/StandardModules/TLCExt.tla)
Parsing file /home/ubuntu/specula-ci-byom-acceptance-20260908-qkmsf06i/tmp/tlc-16530986212968462199/Json.tla (jar:file:/home/ubuntu/specula-ci-byom-acceptance-20260908-qkmsf06i/Specula/lib/tla2tools.jar!/tla2sany/StandardModules/Json.tla)
Semantic processing of module Naturals
Semantic processing of module Integers
Semantic processing of module Sequences
Semantic processing of module FiniteSets
Semantic processing of module TLC
Semantic processing of module base
Semantic processing of module TLCExt
Semantic processing of module Json
Semantic processing of module _JsonTrace
Semantic processing of module _TLCTrace
Semantic processing of module MC
Linting of module base
Linting of module TLCExt
Linting of module Json
Linting of module _JsonTrace
Linting of module _TLCTrace
Linting of module MC
Starting... (2026-09-08 08:15:31)
Computing initial states...
Finished computing initial states: 1 distinct state generated at 2026-09-08 08:15:31.
Error: Invariant NeverReachedMockReplay is violated.
Error: The behavior up to this point is:
State 1: <Initial predicate>
/\ phase = "normal"
/\ responseHeight = 0
/\ coverage = {}
/\ updatePresent = FALSE
/\ persistedLastParamChange = 1
/\ validationOutcome = "none"
/\ responseParam = "NoParam"
/\ pendingParam = "NoParam"
/\ counters = [blocks |-> 0, crashes |-> 0, appRollbacks |-> 0]
/\ persistedParam = "p0"
/\ replayMutatesState = FALSE
/\ appHeight = 0
/\ activeParam = "p0"
/\ blockStoreHeight = 0
/\ stateHeight = 0
/\ lastParamChange = 1
/\ stateStoreHeight = 0
/\ pendingBlockHeight = 0

State 2: <MCSaveBlock line 15, col 5 to line 17, col 53 of module MC>
/\ phase = "blockStored"
/\ responseHeight = 0
/\ coverage = {"blockStored"}
/\ updatePresent = FALSE
/\ persistedLastParamChange = 1
/\ validationOutcome = "none"
/\ responseParam = "NoParam"
/\ pendingParam = "NoParam"
/\ counters = [blocks |-> 1, crashes |-> 0, appRollbacks |-> 0]
/\ persistedParam = "p0"
/\ replayMutatesState = FALSE
/\ appHeight = 0
/\ activeParam = "p0"
/\ blockStoreHeight = 1
/\ stateHeight = 0
/\ lastParamChange = 1
/\ stateStoreHeight = 0
/\ pendingBlockHeight = 1

State 3: <MCApplyBlockStart line 29, col 22 to line 29, col 58 of module MC>
/\ phase = "applying"
/\ responseHeight = 0
/\ coverage = {"blockStored", "applyStarted"}
/\ updatePresent = FALSE
/\ persistedLastParamChange = 1
/\ validationOutcome = "none"
/\ responseParam = "NoParam"
/\ pendingParam = "NoParam"
/\ counters = [blocks |-> 1, crashes |-> 0, appRollbacks |-> 0]
/\ persistedParam = "p0"
/\ replayMutatesState = FALSE
/\ appHeight = 0
/\ activeParam = "p0"
/\ blockStoreHeight = 1
/\ stateHeight = 0
/\ lastParamChange = 1
/\ stateStoreHeight = 0
/\ pendingBlockHeight = 1

State 4: <MCFinalizeBlock("p0") line 30, col 23 to line 30, col 60 of module MC>
/\ phase = "finalized"
/\ responseHeight = 0
/\ coverage = {"blockStored", "finalized", "applyStarted"}
/\ updatePresent = TRUE
/\ persistedLastParamChange = 1
/\ validationOutcome = "none"
/\ responseParam = "NoParam"
/\ pendingParam = "p0"
/\ counters = [blocks |-> 1, crashes |-> 0, appRollbacks |-> 0]
/\ persistedParam = "p0"
/\ replayMutatesState = FALSE
/\ appHeight = 0
/\ activeParam = "p0"
/\ blockStoreHeight = 1
/\ stateHeight = 0
/\ lastParamChange = 1
/\ stateStoreHeight = 0
/\ pendingBlockHeight = 1

State 5: <MCSaveFinalizeBlockResponse line 31, col 32 to line 31, col 78 of module MC>
/\ phase = "responseSaved"
/\ responseHeight = 1
/\ coverage = {"blockStored", "finalized", "responseSaved", "applyStarted"}
/\ updatePresent = TRUE
/\ persistedLastParamChange = 1
/\ validationOutcome = "none"
/\ responseParam = "p0"
/\ pendingParam = "p0"
/\ counters = [blocks |-> 1, crashes |-> 0, appRollbacks |-> 0]
/\ persistedParam = "p0"
/\ replayMutatesState = FALSE
/\ appHeight = 0
/\ activeParam = "p0"
/\ blockStoreHeight = 1
/\ stateHeight = 0
/\ lastParamChange = 1
/\ stateStoreHeight = 0
/\ pendingBlockHeight = 1

State 6: <MCUpdateStateAccepted line 32, col 26 to line 32, col 66 of module MC>
/\ phase = "updated"
/\ responseHeight = 1
/\ coverage = {"blockStored", "finalized", "responseSaved", "applyStarted", "acceptedUpdate"}
/\ updatePresent = TRUE
/\ persistedLastParamChange = 1
/\ validationOutcome = "accepted"
/\ responseParam = "p0"
/\ pendingParam = "p0"
/\ counters = [blocks |-> 1, crashes |-> 0, appRollbacks |-> 0]
/\ persistedParam = "p0"
/\ replayMutatesState = FALSE
/\ appHeight = 0
/\ activeParam = "p0"
/\ blockStoreHeight = 1
/\ stateHeight = 1
/\ lastParamChange = 2
/\ stateStoreHeight = 0
/\ pendingBlockHeight = 1

State 7: <MCCommitApp line 34, col 16 to line 34, col 46 of module MC>
/\ phase = "committed"
/\ responseHeight = 1
/\ coverage = { "blockStored",
  "finalized",
  "responseSaved",
  "applyStarted",
  "acceptedUpdate",
  "appCommitted" }
/\ updatePresent = TRUE
/\ persistedLastParamChange = 1
/\ validationOutcome = "accepted"
/\ responseParam = "p0"
/\ pendingParam = "p0"
/\ counters = [blocks |-> 1, crashes |-> 0, appRollbacks |-> 0]
/\ persistedParam = "p0"
/\ replayMutatesState = FALSE
/\ appHeight = 1
/\ activeParam = "p0"
/\ blockStoreHeight = 1
/\ stateHeight = 1
/\ lastParamChange = 2
/\ stateStoreHeight = 0
/\ pendingBlockHeight = 1

State 8: <MCCrash line 20, col 5 to line 22, col 54 of module MC>
/\ phase = "down"
/\ responseHeight = 1
/\ coverage = { "blockStored",
  "finalized",
  "responseSaved",
  "applyStarted",
  "acceptedUpdate",
  "appCommitted",
  "crashed" }
/\ updatePresent = FALSE
/\ persistedLastParamChange = 1
/\ validationOutcome = "none"
/\ responseParam = "p0"
/\ pendingParam = "NoParam"
/\ counters = [blocks |-> 1, crashes |-> 1, appRollbacks |-> 0]
/\ persistedParam = "p0"
/\ replayMutatesState = FALSE
/\ appHeight = 1
/\ activeParam = "p0"
/\ blockStoreHeight = 1
/\ stateHeight = 0
/\ lastParamChange = 1
/\ stateStoreHeight = 0
/\ pendingBlockHeight = 0

State 9: <MCBeginHandshake line 37, col 21 to line 37, col 56 of module MC>
/\ phase = "handshake"
/\ responseHeight = 1
/\ coverage = { "blockStored",
  "finalized",
  "responseSaved",
  "applyStarted",
  "acceptedUpdate",
  "appCommitted",
  "crashed",
  "handshakeStarted" }
/\ updatePresent = FALSE
/\ persistedLastParamChange = 1
/\ validationOutcome = "none"
/\ responseParam = "p0"
/\ pendingParam = "NoParam"
/\ counters = [blocks |-> 1, crashes |-> 1, appRollbacks |-> 0]
/\ persistedParam = "p0"
/\ replayMutatesState = FALSE
/\ appHeight = 1
/\ activeParam = "p0"
/\ blockStoreHeight = 1
/\ stateHeight = 0
/\ lastParamChange = 1
/\ stateStoreHeight = 0
/\ pendingBlockHeight = 0

State 10: <MCSelectMockReplay line 40, col 23 to line 40, col 60 of module MC>
/\ phase = "blockStored"
/\ responseHeight = 1
/\ coverage = { "blockStored",
  "finalized",
  "responseSaved",
  "applyStarted",
  "acceptedUpdate",
  "appCommitted",
  "crashed",
  "handshakeStarted",
  "mockReplaySelected" }
/\ updatePresent = FALSE
/\ persistedLastParamChange = 1
/\ validationOutcome = "none"
/\ responseParam = "p0"
/\ pendingParam = "NoParam"
/\ counters = [blocks |-> 1, crashes |-> 1, appRollbacks |-> 0]
/\ persistedParam = "p0"
/\ replayMutatesState = TRUE
/\ appHeight = 1
/\ activeParam = "p0"
/\ blockStoreHeight = 1
/\ stateHeight = 0
/\ lastParamChange = 1
/\ stateStoreHeight = 0
/\ pendingBlockHeight = 1

"CounterExample written: output/MC_reach_mock_replay-witness.json"
93 states generated, 84 distinct states found, 17 states left on queue.
The depth of the complete state graph search is 10.
Finished in 00s at (2026-09-08 08:15:31)
Trace exploration spec path: ./MC_TTrace_1788855331.tla
