Picked up JAVA_TOOL_OPTIONS: -Djava.io.tmpdir=/home/ubuntu/specula-ci-byom-acceptance-20260908-qkmsf06i/tmp
TLC2 Version 2026.09.04.170753 (rev: b123b22)
Running breadth-first search Model-Checking with fp 87 and seed 2894758769252378648 with 1 worker on 96 cores with 981MB heap and 64MB offheap memory [pid: 3839825] (Linux 6.8.0-1044-azure amd64, Ubuntu 21.0.11 64bit, MSBDiskFPSet, DiskStateQueue).
Parsing file /home/ubuntu/specula-ci-byom-acceptance-20260908-qkmsf06i/ci/runs/20260908-065730-af7a/cometbft/.specula-output/spec/MC.tla
Parsing file /home/ubuntu/specula-ci-byom-acceptance-20260908-qkmsf06i/ci/runs/20260908-065730-af7a/cometbft/.specula-output/spec/base.tla
Parsing file /home/ubuntu/specula-ci-byom-acceptance-20260908-qkmsf06i/tmp/tlc-9689672419032182717/_JsonTrace.tla (jar:file:/home/ubuntu/specula-ci-byom-acceptance-20260908-qkmsf06i/Specula/lib/tla2tools.jar!/tla2sany/StandardModules/_JsonTrace.tla)
Parsing file /home/ubuntu/specula-ci-byom-acceptance-20260908-qkmsf06i/tmp/tlc-9689672419032182717/_TLCTrace.tla (jar:file:/home/ubuntu/specula-ci-byom-acceptance-20260908-qkmsf06i/Specula/lib/tla2tools.jar!/tla2sany/StandardModules/_TLCTrace.tla)
Parsing file /home/ubuntu/specula-ci-byom-acceptance-20260908-qkmsf06i/tmp/tlc-9689672419032182717/Integers.tla (jar:file:/home/ubuntu/specula-ci-byom-acceptance-20260908-qkmsf06i/Specula/lib/tla2tools.jar!/tla2sany/StandardModules/Integers.tla)
Parsing file /home/ubuntu/specula-ci-byom-acceptance-20260908-qkmsf06i/tmp/tlc-9689672419032182717/FiniteSets.tla (jar:file:/home/ubuntu/specula-ci-byom-acceptance-20260908-qkmsf06i/Specula/lib/tla2tools.jar!/tla2sany/StandardModules/FiniteSets.tla)
Parsing file /home/ubuntu/specula-ci-byom-acceptance-20260908-qkmsf06i/tmp/tlc-9689672419032182717/TLC.tla (jar:file:/home/ubuntu/specula-ci-byom-acceptance-20260908-qkmsf06i/Specula/lib/tla2tools.jar!/tla2sany/StandardModules/TLC.tla)
Parsing file /home/ubuntu/specula-ci-byom-acceptance-20260908-qkmsf06i/tmp/tlc-9689672419032182717/Naturals.tla (jar:file:/home/ubuntu/specula-ci-byom-acceptance-20260908-qkmsf06i/Specula/lib/tla2tools.jar!/tla2sany/StandardModules/Naturals.tla)
Parsing file /home/ubuntu/specula-ci-byom-acceptance-20260908-qkmsf06i/tmp/tlc-9689672419032182717/Sequences.tla (jar:file:/home/ubuntu/specula-ci-byom-acceptance-20260908-qkmsf06i/Specula/lib/tla2tools.jar!/tla2sany/StandardModules/Sequences.tla)
Parsing file /home/ubuntu/specula-ci-byom-acceptance-20260908-qkmsf06i/tmp/tlc-9689672419032182717/TLCExt.tla (jar:file:/home/ubuntu/specula-ci-byom-acceptance-20260908-qkmsf06i/Specula/lib/tla2tools.jar!/tla2sany/StandardModules/TLCExt.tla)
Parsing file /home/ubuntu/specula-ci-byom-acceptance-20260908-qkmsf06i/tmp/tlc-9689672419032182717/Json.tla (jar:file:/home/ubuntu/specula-ci-byom-acceptance-20260908-qkmsf06i/Specula/lib/tla2tools.jar!/tla2sany/StandardModules/Json.tla)
Semantic processing of module Naturals
Semantic processing of module Integers
Semantic processing of module Sequences
Semantic processing of module FiniteSets
Semantic processing of module TLC
Semantic processing of module base
Semantic processing of module TLCExt
Semantic processing of module Json
Semantic processing of module _JsonTrace
Semantic processing of module _TLCTrace
Semantic processing of module MC
Linting of module base
Linting of module TLCExt
Linting of module Json
Linting of module _JsonTrace
Linting of module _TLCTrace
Linting of module MC
Starting... (2026-09-08 08:15:32)
Computing initial states...
Finished computing initial states: 1 distinct state generated at 2026-09-08 08:15:32.
Error: Invariant NeverReachedRealReplay is violated.
Error: The behavior up to this point is:
State 1: <Initial predicate>
/\ phase = "normal"
/\ responseHeight = 0
/\ coverage = {}
/\ updatePresent = FALSE
/\ persistedLastParamChange = 1
/\ validationOutcome = "none"
/\ responseParam = "NoParam"
/\ pendingParam = "NoParam"
/\ counters = [blocks |-> 0, crashes |-> 0, appRollbacks |-> 0]
/\ persistedParam = "p0"
/\ replayMutatesState = FALSE
/\ appHeight = 0
/\ activeParam = "p0"
/\ blockStoreHeight = 0
/\ stateHeight = 0
/\ lastParamChange = 1
/\ stateStoreHeight = 0
/\ pendingBlockHeight = 0

State 2: <MCSaveBlock line 15, col 5 to line 17, col 53 of module MC>
/\ phase = "blockStored"
/\ responseHeight = 0
/\ coverage = {"blockStored"}
/\ updatePresent = FALSE
/\ persistedLastParamChange = 1
/\ validationOutcome = "none"
/\ responseParam = "NoParam"
/\ pendingParam = "NoParam"
/\ counters = [blocks |-> 1, crashes |-> 0, appRollbacks |-> 0]
/\ persistedParam = "p0"
/\ replayMutatesState = FALSE
/\ appHeight = 0
/\ activeParam = "p0"
/\ blockStoreHeight = 1
/\ stateHeight = 0
/\ lastParamChange = 1
/\ stateStoreHeight = 0
/\ pendingBlockHeight = 1

State 3: <MCCrash line 20, col 5 to line 22, col 54 of module MC>
/\ phase = "down"
/\ responseHeight = 0
/\ coverage = {"blockStored", "crashed"}
/\ updatePresent = FALSE
/\ persistedLastParamChange = 1
/\ validationOutcome = "none"
/\ responseParam = "NoParam"
/\ pendingParam = "NoParam"
/\ counters = [blocks |-> 1, crashes |-> 1, appRollbacks |-> 0]
/\ persistedParam = "p0"
/\ replayMutatesState = FALSE
/\ appHeight = 0
/\ activeParam = "p0"
/\ blockStoreHeight = 1
/\ stateHeight = 0
/\ lastParamChange = 1
/\ stateStoreHeight = 0
/\ pendingBlockHeight = 0

State 4: <MCBeginHandshake line 37, col 21 to line 37, col 56 of module MC>
/\ phase = "handshake"
/\ responseHeight = 0
/\ coverage = {"blockStored", "crashed", "handshakeStarted"}
/\ updatePresent = FALSE
/\ persistedLastParamChange = 1
/\ validationOutcome = "none"
/\ responseParam = "NoParam"
/\ pendingParam = "NoParam"
/\ counters = [blocks |-> 1, crashes |-> 1, appRollbacks |-> 0]
/\ persistedParam = "p0"
/\ replayMutatesState = FALSE
/\ appHeight = 0
/\ activeParam = "p0"
/\ blockStoreHeight = 1
/\ stateHeight = 0
/\ lastParamChange = 1
/\ stateStoreHeight = 0
/\ pendingBlockHeight = 0

State 5: <MCSelectRealReplay line 39, col 23 to line 39, col 60 of module MC>
/\ phase = "blockStored"
/\ responseHeight = 0
/\ coverage = {"blockStored", "crashed", "handshakeStarted", "realReplaySelected"}
/\ updatePresent = FALSE
/\ persistedLastParamChange = 1
/\ validationOutcome = "none"
/\ responseParam = "NoParam"
/\ pendingParam = "NoParam"
/\ counters = [blocks |-> 1, crashes |-> 1, appRollbacks |-> 0]
/\ persistedParam = "p0"
/\ replayMutatesState = TRUE
/\ appHeight = 0
/\ activeParam = "p0"
/\ blockStoreHeight = 1
/\ stateHeight = 0
/\ lastParamChange = 1
/\ stateStoreHeight = 0
/\ pendingBlockHeight = 1

"CounterExample written: output/MC_reach_real_replay-witness.json"
20 states generated, 18 distinct states found, 6 states left on queue.
The depth of the complete state graph search is 5.
Finished in 00s at (2026-09-08 08:15:32)
Trace exploration spec path: ./MC_TTrace_1788855332.tla
