TLC2 Version 2026.09.23.154203 (rev: 4260e47)
Running breadth-first search Model-Checking with fp 130 and seed 5697942336215235918 with 4 workers on 16 cores with 3925MB heap and 12288MB offheap memory [pid: 3511841] (Linux 6.8.0-1044-azure amd64, Ubuntu 21.0.11 64bit, OffHeapDiskFPSet, DiskStateQueue).
Parsing file /home/ubuntu/specula-nvflare-gpt-continuation-20260926/framework/runs/gpt-continuation/nvflare-job/.specula-output/spec/output/continuation-H3-probe_cant_schedule/MC.tla
Parsing file /home/ubuntu/specula-nvflare-gpt-continuation-20260926/framework/runs/gpt-continuation/nvflare-job/.specula-output/spec/output/continuation-H3-probe_cant_schedule/base.tla
Parsing file /tmp/tlc-2098035513615752112/_JsonTrace.tla (jar:file:/home/ubuntu/specula-nvflare-gpt-continuation-20260926/framework/lib/tla2tools.jar!/tla2sany/StandardModules/_JsonTrace.tla)
Parsing file /tmp/tlc-2098035513615752112/_TLCTrace.tla (jar:file:/home/ubuntu/specula-nvflare-gpt-continuation-20260926/framework/lib/tla2tools.jar!/tla2sany/StandardModules/_TLCTrace.tla)
Parsing file /tmp/tlc-2098035513615752112/Integers.tla (jar:file:/home/ubuntu/specula-nvflare-gpt-continuation-20260926/framework/lib/tla2tools.jar!/tla2sany/StandardModules/Integers.tla)
Parsing file /tmp/tlc-2098035513615752112/Sequences.tla (jar:file:/home/ubuntu/specula-nvflare-gpt-continuation-20260926/framework/lib/tla2tools.jar!/tla2sany/StandardModules/Sequences.tla)
Parsing file /tmp/tlc-2098035513615752112/FiniteSets.tla (jar:file:/home/ubuntu/specula-nvflare-gpt-continuation-20260926/framework/lib/tla2tools.jar!/tla2sany/StandardModules/FiniteSets.tla)
Parsing file /tmp/tlc-2098035513615752112/TLC.tla (jar:file:/home/ubuntu/specula-nvflare-gpt-continuation-20260926/framework/lib/tla2tools.jar!/tla2sany/StandardModules/TLC.tla)
Parsing file /tmp/tlc-2098035513615752112/Naturals.tla (jar:file:/home/ubuntu/specula-nvflare-gpt-continuation-20260926/framework/lib/tla2tools.jar!/tla2sany/StandardModules/Naturals.tla)
Parsing file /tmp/tlc-2098035513615752112/TLCExt.tla (jar:file:/home/ubuntu/specula-nvflare-gpt-continuation-20260926/framework/lib/tla2tools.jar!/tla2sany/StandardModules/TLCExt.tla)
Parsing file /tmp/tlc-2098035513615752112/Json.tla (jar:file:/home/ubuntu/specula-nvflare-gpt-continuation-20260926/framework/lib/tla2tools.jar!/tla2sany/StandardModules/Json.tla)
Semantic processing of module Naturals
Semantic processing of module Integers
Semantic processing of module Sequences
Semantic processing of module FiniteSets
Semantic processing of module TLC
Semantic processing of module base
Semantic processing of module TLCExt
Semantic processing of module Json
Semantic processing of module _JsonTrace
Semantic processing of module _TLCTrace
Semantic processing of module MC
Linting of module base
Linting of module TLCExt
Linting of module Json
Linting of module _JsonTrace
Linting of module _TLCTrace
Linting of module MC
Starting... (2026-09-26 13:13:00)
Warning: The set p@@q has been defined to be a symmetry set but contains less than two elements.
(Use the -nowarning option to disable this warning.)
Computing initial states...
Finished computing initial states: 1 distinct state generated at 2026-09-26 13:13:02.
Progress(24) at 2026-09-26 13:13:05: 141,952 states generated (141,952 s/min), 39,150 distinct states found (39,150 ds/min), 13,829 states left on queue.
Progress(33) at 2026-09-26 13:14:05: 4,544,140 states generated (4,402,188 s/min), 1,155,296 distinct states found (1,116,146 ds/min), 479,295 states left on queue.
Progress(34) at 2026-09-26 13:15:05: 9,219,672 states generated (4,675,532 s/min), 2,270,896 distinct states found (1,115,600 ds/min), 978,249 states left on queue.
Progress(35) at 2026-09-26 13:16:05: 13,738,441 states generated (4,518,769 s/min), 3,397,560 distinct states found (1,126,664 ds/min), 1,475,025 states left on queue.
Progress(35) at 2026-09-26 13:17:05: 18,214,158 states generated (4,475,717 s/min), 4,416,303 distinct states found (1,018,743 ds/min), 1,943,869 states left on queue.
Progress(36) at 2026-09-26 13:18:05: 22,474,522 states generated (4,260,364 s/min), 5,469,253 distinct states found (1,052,950 ds/min), 2,407,519 states left on queue.
Progress(36) at 2026-09-26 13:19:05: 27,422,453 states generated (4,947,931 s/min), 6,601,972 distinct states found (1,132,719 ds/min), 2,959,654 states left on queue.
Progress(36) at 2026-09-26 13:20:05: 32,496,733 states generated (5,074,280 s/min), 7,705,255 distinct states found (1,103,283 ds/min), 3,474,890 states left on queue.
Progress(37) at 2026-09-26 13:21:05: 36,755,378 states generated (4,258,645 s/min), 8,787,594 distinct states found (1,082,339 ds/min), 3,959,099 states left on queue.
Progress(37) at 2026-09-26 13:22:05: 41,146,659 states generated (4,391,281 s/min), 9,822,404 distinct states found (1,034,810 ds/min), 4,433,917 states left on queue.
Checkpointing of run /home/ubuntu/specula-nvflare-gpt-continuation-20260926/framework/runs/gpt-continuation/nvflare-job/.specula-output/.tlc-state/tlc-states-kqnMdX/26-09-26-13-13-00.527
Checkpointing completed at (2026-09-26 13:23:05)
Progress(37) at 2026-09-26 13:23:05: 45,569,491 states generated (4,422,832 s/min), 10,867,924 distinct states found (1,045,520 ds/min), 4,934,474 states left on queue.
Progress(37) at 2026-09-26 13:24:05: 50,376,547 states generated (4,807,056 s/min), 11,890,160 distinct states found (1,022,236 ds/min), 5,429,453 states left on queue.
Progress(37) at 2026-09-26 13:25:05: 55,169,298 states generated (4,792,751 s/min), 12,901,154 distinct states found (1,010,994 ds/min), 5,912,923 states left on queue.
Progress(37) at 2026-09-26 13:26:05: 60,192,632 states generated (5,023,334 s/min), 13,890,249 distinct states found (989,095 ds/min), 6,383,648 states left on queue.
Progress(37) at 2026-09-26 13:27:05: 64,347,375 states generated (4,154,743 s/min), 14,940,772 distinct states found (1,050,523 ds/min), 6,859,472 states left on queue.
Progress(38) at 2026-09-26 13:28:05: 68,659,515 states generated (4,312,140 s/min), 16,012,802 distinct states found (1,072,030 ds/min), 7,356,189 states left on queue.
Progress(38) at 2026-09-26 13:29:05: 73,039,108 states generated (4,379,593 s/min), 17,078,432 distinct states found (1,065,630 ds/min), 7,843,241 states left on queue.
