[  0.001s][MainThread] nvflare imported from /home/experiment/runs/specula/nvflare-lite-full-opus55-20260925/full/source/nvflare/__init__.py
[  0.010s][MainThread] submitted job1 job_id=f65dd202-e412-4412-ac6d-efdd172a7e73
[  1.022s][JobRunner.run] (stub) deploying job f65dd202 to ['server', 'site-1', 'site-2']
[  1.025s][JobRunner.run] set_status(f65dd202, DISPATCHED) OK
[  1.028s][JobRunner.run] SJ launched for job f65dd202
[  1.028s][JobRunner.run] hook 'start_client_job' firing
[  1.029s][ADMIN-delete_job] ADMIN delete_job(f65dd202) -> [('string', 'Job f65dd202-e412-4412-ac6d-efdd172a7e73 deleted. Submit records marked deleted: 0.'), ('success', '')]
[  1.029s][JobRunner.run] START_JOB -> site-1 job=f65dd202
[  1.029s][JobRunner.run] START_JOB -> site-2 job=f65dd202
[  1.030s][JobRunner.run] event _job_started data={'job_id': 'f65dd202-e412-4412-ac6d-efdd172a7e73'}
[  1.030s][JobRunner.run] set_status(f65dd202, RUNNING) RAISED StorageException: object /home/experiment/tmp/nvf-rs-K2v_delete_during_start-336bosfk/store/jobs/f65dd202-e412-4412-ac6d-efdd172a7e73 does not exist
[  1.030s][JobRunner.run] admin->client site-1: topic=train.abort job=f65dd202-e412-4412-ac6d-efdd172a7e73
[  1.030s][JobRunner.run] admin->client site-2: topic=train.abort job=f65dd202-e412-4412-ac6d-efdd172a7e73
[  1.030s][JobRunner.run] abort_app_on_server f65dd202
[  1.030s][JobRunner.run] SJ exited job=f65dd202 rc=None
[  1.030s][JobRunner.run] set_status(f65dd202, FINISHED:FAILED_TO_RUN) RAISED StorageException: object /home/experiment/tmp/nvf-rs-K2v_delete_during_start-336bosfk/store/jobs/f65dd202-e412-4412-ac6d-efdd172a7e73 does not exist
[  1.031s][JobRunner.run] !!! JobRunner.run() TERMINATED by exception: nvflare.apis.storage.StorageException: object /home/experiment/tmp/nvf-rs-K2v_delete_during_start-336bosfk/store/jobs/f65dd202-e412-4412-ac6d-efdd172a7e73 does not exist
[  1.031s][JobRunner.run] traceback:
Traceback (most recent call last):
  File "/home/experiment/runs/specula/nvflare-lite-full-opus55-20260925/full/source/nvflare/private/fed/server/job_runner.py", line 711, in run
    job_manager.set_status(ready_job.job_id, RunStatus.RUNNING, fl_ctx)
  File "/home/experiment/runs/specula/nvflare-lite-full-opus55-20260925/full/run/nvflare-job/.specula-output/evidence/deep/runner_status/base_harness_snapshot.py", line 299, in recording_set_status
    real_set_status(jid, status, fl_ctx)
  File "/home/experiment/runs/specula/nvflare-lite-full-opus55-20260925/full/source/nvflare/apis/impl/job_def_manager.py", line 481, in set_status
    store.update_meta(uri=self.job_uri(jid), meta=meta, replace=False)
  File "/home/experiment/runs/specula/nvflare-lite-full-opus55-20260925/full/source/nvflare/apis/utils/format_check.py", line 84, in wrapper
    return method(*args, **kwargs)
           ^^^^^^^^^^^^^^^^^^^^^^^
  File "/home/experiment/runs/specula/nvflare-lite-full-opus55-20260925/full/source/nvflare/app_common/storages/filesystem_storage.py", line 268, in update_meta
    raise StorageException("object {} does not exist".format(uri))
nvflare.apis.storage.StorageException: object /home/experiment/tmp/nvf-rs-K2v_delete_during_start-336bosfk/store/jobs/f65dd202-e412-4412-ac6d-efdd172a7e73 does not exist

During handling of the above exception, another exception occurred:

Traceback (most recent call last):
  File "/home/experiment/runs/specula/nvflare-lite-full-opus55-20260925/full/run/nvflare-job/.specula-output/evidence/deep/runner_status/base_harness_snapshot.py", line 332, in target
    runner.run(fl_ctx)
  File "/home/experiment/runs/specula/nvflare-lite-full-opus55-20260925/full/source/nvflare/private/fed/server/job_runner.py", line 720, in run
    job_manager.set_status(ready_job.job_id, RunStatus.FAILED_TO_RUN, fl_ctx)
  File "/home/experiment/runs/specula/nvflare-lite-full-opus55-20260925/full/run/nvflare-job/.specula-output/evidence/deep/runner_status/base_harness_snapshot.py", line 299, in recording_set_status
    real_set_status(jid, status, fl_ctx)
  File "/home/experiment/runs/specula/nvflare-lite-full-opus55-20260925/full/source/nvflare/apis/impl/job_def_manager.py", line 481, in set_status
    store.update_meta(uri=self.job_uri(jid), meta=meta, replace=False)
  File "/home/experiment/runs/specula/nvflare-lite-full-opus55-20260925/full/source/nvflare/apis/utils/format_check.py", line 84, in wrapper
    return method(*args, **kwargs)
           ^^^^^^^^^^^^^^^^^^^^^^^
  File "/home/experiment/runs/specula/nvflare-lite-full-opus55-20260925/full/source/nvflare/app_common/storages/filesystem_storage.py", line 268, in update_meta
    raise StorageException("object {} does not exist".format(uri))
nvflare.apis.storage.StorageException: object /home/experiment/tmp/nvf-rs-K2v_delete_during_start-336bosfk/store/jobs/f65dd202-e412-4412-ac6d-efdd172a7e73 does not exist

[  2.622s][MainThread] REPORT {
  "scenario": "K2v_delete_during_start",
  "delete_reply": [
    [
      "string",
      "Job f65dd202-e412-4412-ac6d-efdd172a7e73 deleted. Submit records marked deleted: 0."
    ],
    [
      "success",
      ""
    ]
  ],
  "runner_thread_alive": false,
  "runner_exception": "nvflare.apis.storage.StorageException: object /home/experiment/tmp/nvf-rs-K2v_delete_during_start-336bosfk/store/jobs/f65dd202-e412-4412-ac6d-efdd172a7e73 does not exist",
  "status_history": [
    [
      1.025,
      "JobRunner.run",
      "f65dd202",
      "DISPATCHED"
    ],
    [
      1.03,
      "JobRunner.run",
      "f65dd202",
      "RUNNING RAISED StorageException"
    ],
    [
      1.03,
      "JobRunner.run",
      "f65dd202",
      "FINISHED:FAILED_TO_RUN RAISED StorageException"
    ]
  ],
  "events": [
    [
      "_job_started",
      "f65dd202"
    ]
  ],
  "scheduled_jobs_slots": [
    "f65dd202"
  ],
  "running_jobs": [],
  "exception_run_processes_left": [],
  "sj_started": [
    "f65dd202"
  ],
  "sj_aborted": [
    "f65dd202"
  ],
  "cancel_calls": 0
}
