[  0.001s][MainThread] nvflare imported from /home/experiment/runs/specula/nvflare-lite-full-opus55-20260925/full/source/nvflare/__init__.py
[  0.009s][MainThread] submitted queued-job-user-deletes job_id=3d3fd6e6-2925-4b10-93b7-6d94a132cd8d
[  0.029s][MainThread] submitted later-eligible-job job_id=3907af01-064b-4149-aca9-c0d73dd401fc
[  1.042s][ADMIN-delete_job] ADMIN delete_job(3d3fd6e6) -> [('string', 'Job 3d3fd6e6-2925-4b10-93b7-6d94a132cd8d deleted. Submit records marked deleted: 0.'), ('success', '')]
[  1.042s][JobRunner.run] !!! JobRunner.run() TERMINATED by exception: nvflare.apis.storage.StorageException: object /home/experiment/tmp/nvf-rs-N1_scan_delete-98neezii/store/jobs/3d3fd6e6-2925-4b10-93b7-6d94a132cd8d does not exist
[  1.043s][JobRunner.run] traceback:
Traceback (most recent call last):
  File "/home/experiment/runs/specula/nvflare-lite-full-opus55-20260925/full/run/nvflare-job/.specula-output/evidence/deep/runner_status/base_harness_snapshot.py", line 332, in target
    runner.run(fl_ctx)
  File "/home/experiment/runs/specula/nvflare-lite-full-opus55-20260925/full/source/nvflare/private/fed/server/job_runner.py", line 650, in run
    approved_jobs = job_manager.get_jobs_to_schedule(fl_ctx)
                    ^^^^^^^^^^^^^^^^^^^^^^^^^^^^^^^^^^^^^^^^
  File "/home/experiment/runs/specula/nvflare-lite-full-opus55-20260925/full/source/nvflare/apis/impl/job_def_manager.py", line 514, in get_jobs_to_schedule
    self._scan(job_filter, fl_ctx, skip_tag=_OBJ_TAG_SCHEDULED)
  File "/home/experiment/runs/specula/nvflare-lite-full-opus55-20260925/full/source/nvflare/apis/impl/job_def_manager.py", line 527, in _scan
    meta = store.get_meta(job_uri)
           ^^^^^^^^^^^^^^^^^^^^^^^
  File "/home/experiment/runs/specula/nvflare-lite-full-opus55-20260925/full/source/nvflare/apis/utils/format_check.py", line 84, in wrapper
    return method(*args, **kwargs)
           ^^^^^^^^^^^^^^^^^^^^^^^
  File "/home/experiment/runs/specula/nvflare-lite-full-opus55-20260925/full/source/nvflare/app_common/storages/filesystem_storage.py", line 327, in get_meta
    raise StorageException("object {} does not exist".format(uri))
nvflare.apis.storage.StorageException: object /home/experiment/tmp/nvf-rs-N1_scan_delete-98neezii/store/jobs/3d3fd6e6-2925-4b10-93b7-6d94a132cd8d does not exist

[  5.142s][MainThread] REPORT {
  "scenario": "N1_scan_delete",
  "delete_reply": [
    [
      "string",
      "Job 3d3fd6e6-2925-4b10-93b7-6d94a132cd8d deleted. Submit records marked deleted: 0."
    ],
    [
      "success",
      ""
    ]
  ],
  "runner_thread_alive": false,
  "runner_exception": "nvflare.apis.storage.StorageException: object /home/experiment/tmp/nvf-rs-N1_scan_delete-98neezii/store/jobs/3d3fd6e6-2925-4b10-93b7-6d94a132cd8d does not exist",
  "later_job_status_after_4s": "SUBMITTED",
  "later_job_ever_started": false,
  "status_history": [],
  "events": [],
  "scheduled_jobs_slots": [],
  "running_jobs": [],
  "exception_run_processes_left": [],
  "sj_started": [],
  "sj_aborted": [],
  "cancel_calls": 0
}
