[  0.001s][MainThread] nvflare imported from /home/experiment/runs/specula/nvflare-lite-full-opus55-20260925/full/source/nvflare/__init__.py
[  0.010s][MainThread] submitted queued-job-user-deletes job_id=31e871eb-f3b6-4ea3-b4cf-c31fb9ce72ba
[  0.025s][MainThread] submitted later-eligible-job job_id=e0652e5b-381a-49c5-a17b-e9d01f536d01
[  2.537s][ADMIN-delete_job] ADMIN delete_job(31e871eb) -> [('string', 'Job 31e871eb-f3b6-4ea3-b4cf-c31fb9ce72ba deleted. Submit records marked deleted: 0.'), ('success', '')]
[  3.039s][JobRunner.run] (stub) deploying job e0652e5b to ['server', 'site-1', 'site-2']
[  3.043s][JobRunner.run] set_status(e0652e5b, DISPATCHED) OK
[  3.048s][JobRunner.run] SJ launched for job e0652e5b
[  3.048s][JobRunner.run] START_JOB -> site-1 job=e0652e5b
[  3.048s][JobRunner.run] START_JOB -> site-2 job=e0652e5b
[  3.048s][JobRunner.run] event _job_started data={'job_id': 'e0652e5b-381a-49c5-a17b-e9d01f536d01'}
[  3.052s][JobRunner.run] set_status(e0652e5b, RUNNING) OK
[  3.140s][MainThread] REPORT {
  "scenario": "N1c_delete_control",
  "delete_reply": [
    [
      "string",
      "Job 31e871eb-f3b6-4ea3-b4cf-c31fb9ce72ba deleted. Submit records marked deleted: 0."
    ],
    [
      "success",
      ""
    ]
  ],
  "runner_thread_alive": true,
  "later_job_running": true,
  "status_history": [
    [
      3.043,
      "JobRunner.run",
      "e0652e5b",
      "DISPATCHED"
    ],
    [
      3.052,
      "JobRunner.run",
      "e0652e5b",
      "RUNNING"
    ]
  ],
  "events": [
    [
      "_job_started",
      "e0652e5b"
    ]
  ],
  "scheduled_jobs_slots": [
    "e0652e5b"
  ],
  "running_jobs": [
    "e0652e5b"
  ],
  "exception_run_processes_left": [],
  "sj_started": [
    "e0652e5b"
  ],
  "sj_aborted": [],
  "cancel_calls": 0
}
