[  0.001s][MainThread] nvflare imported from /home/experiment/runs/specula/nvflare-lite-full-opus55-20260925/full/source/nvflare/__init__.py
[  0.014s][MainThread] submitted job-X job_id=761d7403-4341-4992-812a-f19ec6194a6a
[  1.026s][JobRunner.run] hook 'check_client_resources' firing
[  1.026s][JobRunner.run] cancel_client_resources {'site-1': (False, 'not enough resource'), 'site-2': (False, 'not enough resource')}
[  1.038s][MainThread] submitted job-Y job_id=cbcc17e1-269f-484f-b0f2-a350f60ca332
[  2.031s][JobRunner.run] hook 'check_client_resources' firing
[  2.035s][ADMIN-abort_job] set_status(761d7403, FINISHED:ABORTED) OK
[  2.035s][ADMIN-abort_job] ADMIN abort_job(761d7403) -> [('string', 'Aborted the job 761d7403-4341-4992-812a-f19ec6194a6a before running it.'), ('success', '')]
[  2.036s][JobRunner.run] store status of X right after admin abort: FINISHED:ABORTED
[  2.036s][JobRunner.run] cancel_client_resources {'site-1': (False, 'not enough resource'), 'site-2': (False, 'not enough resource')}
[  2.047s][JobRunner.run] set_status(761d7403, FINISHED:CAN_NOT_SCHEDULE) OK
[  3.057s][JobRunner.run] set_status(cbcc17e1, FINISHED:CAN_NOT_SCHEDULE) OK
[  3.554s][MainThread] REPORT {
  "scenario": "N2a_cant_schedule_overwrites_abort",
  "admin_abort_reply": [
    [
      "string",
      "Aborted the job 761d7403-4341-4992-812a-f19ec6194a6a before running it."
    ],
    [
      "success",
      ""
    ]
  ],
  "final_X": "FINISHED:CAN_NOT_SCHEDULE",
  "runner_thread_alive": true,
  "status_history": [
    [
      2.035,
      "ADMIN-abort_job",
      "761d7403",
      "FINISHED:ABORTED"
    ],
    [
      2.047,
      "JobRunner.run",
      "761d7403",
      "FINISHED:CAN_NOT_SCHEDULE"
    ],
    [
      3.057,
      "JobRunner.run",
      "cbcc17e1",
      "FINISHED:CAN_NOT_SCHEDULE"
    ]
  ],
  "events": [],
  "scheduled_jobs_slots": [],
  "running_jobs": [],
  "exception_run_processes_left": [],
  "sj_started": [],
  "sj_aborted": [],
  "cancel_calls": 2
}
