[  0.001s][MainThread] nvflare imported from /home/experiment/runs/specula/nvflare-lite-full-opus55-20260925/full/source/nvflare/__init__.py
[  0.011s][MainThread] submitted job-X-user-aborts-while-queued job_id=f6635258-63ae-414a-9acf-57af2c6bbf48
[  1.022s][JobRunner.run] cancel_client_resources {'site-1': (False, 'not enough resource'), 'site-2': (False, 'not enough resource')}
[  1.023s][JobRunner.run] refresh_meta RMW read status=SUBMITTED; admin abort lands now
[  1.028s][ADMIN-abort_job] set_status(f6635258, FINISHED:ABORTED) OK
[  1.028s][ADMIN-abort_job] ADMIN abort_job(f6635258) -> [('string', 'Aborted the job f6635258-63ae-414a-9acf-57af2c6bbf48 before running it.'), ('success', '')]
[  1.029s][JobRunner.run] store status right after admin abort: FINISHED:ABORTED
[  2.032s][JobRunner.run] (stub) deploying job f6635258 to ['server', 'site-1', 'site-2']
[  2.036s][JobRunner.run] set_status(f6635258, DISPATCHED) OK
[  2.044s][JobRunner.run] SJ launched for job f6635258
[  2.044s][JobRunner.run] START_JOB -> site-1 job=f6635258
[  2.044s][JobRunner.run] START_JOB -> site-2 job=f6635258
[  2.044s][JobRunner.run] event _job_started data={'job_id': 'f6635258-63ae-414a-9acf-57af2c6bbf48'}
[  2.048s][JobRunner.run] set_status(f6635258, RUNNING) OK
[  2.127s][MainThread] SJ exited job=f6635258 rc=None
[  3.022s][Thread-1 (_job_complete_process)] LOG[WARNING] nvflare.private.fed.server.job_runner.JobRunner: [identity=server, run=?]: Skipping unavailable workspace archive source for job f6635258-63ae-414a-9acf-57af2c6bbf48: /home/experiment/tmp/nvf-rs-N2b_refresh_resurrects_abort-zh0hj9lr/ws/f6635258-63ae-414a-9acf-57af2c6bbf48
[  3.022s][Thread-1 (_job_complete_process)] LOG[WARNING] nvflare.private.fed.server.job_runner.JobRunner: [identity=server, run=?]: No workspace archive sources are available for finished job f6635258-63ae-414a-9acf-57af2c6bbf48
[  3.026s][Thread-1 (_job_complete_process)] set_status(f6635258, FINISHED:COMPLETED) OK
[  3.026s][Thread-1 (_job_complete_process)] event _job_completed data={'job_id': 'f6635258-63ae-414a-9acf-57af2c6bbf48'}
[  3.032s][MainThread] REPORT {
  "scenario": "N2b_refresh_resurrects_abort",
  "status_after_refresh_write": "SUBMITTED",
  "admin_abort_reply": [
    [
      "string",
      "Aborted the job f6635258-63ae-414a-9acf-57af2c6bbf48 before running it."
    ],
    [
      "success",
      ""
    ]
  ],
  "aborted_job_reached_RUNNING": true,
  "sj_launched_for_aborted_job": true,
  "final_X": "FINISHED:COMPLETED",
  "status_history": [
    [
      1.028,
      "ADMIN-abort_job",
      "f6635258",
      "FINISHED:ABORTED"
    ],
    [
      2.036,
      "JobRunner.run",
      "f6635258",
      "DISPATCHED"
    ],
    [
      2.048,
      "JobRunner.run",
      "f6635258",
      "RUNNING"
    ],
    [
      3.026,
      "Thread-1 (_job_complete_process)",
      "f6635258",
      "FINISHED:COMPLETED"
    ]
  ],
  "events": [
    [
      "_job_started",
      "f6635258"
    ],
    [
      "_job_completed",
      "f6635258"
    ]
  ],
  "scheduled_jobs_slots": [],
  "running_jobs": [],
  "exception_run_processes_left": [],
  "sj_started": [
    "f6635258"
  ],
  "sj_aborted": [],
  "cancel_calls": 1
}
