[  0.001s][MainThread] nvflare imported from /home/experiment/runs/specula/nvflare-lite-full-opus55-20260925/full/source/nvflare/__init__.py
[  0.010s][MainThread] submitted job1 job_id=7a51d98e-7af3-4ac6-b0ed-f399bb19e644
[  1.022s][JobRunner.run] (stub) deploying job 7a51d98e to ['server', 'site-1', 'site-2']
[  1.026s][JobRunner.run] set_status(7a51d98e, DISPATCHED) OK
[  1.030s][JobRunner.run] SJ launched for job 7a51d98e
[  1.030s][JobRunner.run] hook 'start_client_job' firing
[  1.030s][CELL-process_job_failure] LOG[INFO] FederatedServer: Failing job 7a51d98e-7af3-4ac6-b0ed-f399bb19e644 due to reported failure from site-1: exception
[  1.030s][CELL-process_job_failure] admin->client site-1: topic=train.abort job=7a51d98e-7af3-4ac6-b0ed-f399bb19e644
[  1.030s][CELL-process_job_failure] admin->client site-2: topic=train.abort job=7a51d98e-7af3-4ac6-b0ed-f399bb19e644
[  1.030s][CELL-process_job_failure] abort_app_on_server 7a51d98e
[  1.030s][CELL-process_job_failure] SJ exited job=7a51d98e rc=None
[  1.030s][CELL-process_job_failure] LOG[INFO] nvflare.private.fed.server.job_runner.JobRunner: [identity=server, run=?]: Job 7a51d98e-7af3-4ac6-b0ed-f399bb19e644 is not running. It can not be failed.
[  1.030s][CELL-process_job_failure] CELL process_job_failure(site-1, job=7a51d98e, code=101) -> rc=ok
[  1.030s][JobRunner.run] START_JOB -> site-1 job=7a51d98e
[  1.030s][JobRunner.run] START_JOB -> site-2 job=7a51d98e
[  1.038s][JobRunner.run] set_status(7a51d98e, FINISHED:FAILED_TO_RUN) OK
[  1.047s][JobRunner.run] event _job_aborted data={'job_id': '7a51d98e-7af3-4ac6-b0ed-f399bb19e644'}
[  1.047s][JobRunner.run] LOG[ERROR] nvflare.private.fed.server.job_runner.JobRunner: [identity=server, run=?]: Failed to run the Job (7a51d98e-7af3-4ac6-b0ed-f399bb19e644): KeyError: '7a51d98e-7af3-4ac6-b0ed-f399bb19e644'
[  3.627s][MainThread] REPORT {
  "scenario": "N3_failrun_during_start",
  "cell_reply_rc": "ok",
  "pending_right_after_fail_run": [
    "<popped>"
  ],
  "final": "FINISHED:FAILED_TO_RUN",
  "runner_thread_alive": true,
  "status_history": [
    [
      1.026,
      "JobRunner.run",
      "7a51d98e",
      "DISPATCHED"
    ],
    [
      1.038,
      "JobRunner.run",
      "7a51d98e",
      "FINISHED:FAILED_TO_RUN"
    ]
  ],
  "events": [
    [
      "_job_aborted",
      "7a51d98e"
    ]
  ],
  "scheduled_jobs_slots": [],
  "running_jobs": [],
  "exception_run_processes_left": [
    "7a51d98e"
  ],
  "sj_started": [
    "7a51d98e"
  ],
  "sj_aborted": [
    "7a51d98e"
  ],
  "cancel_calls": 0
}
