[  0.001s][MainThread] nvflare imported from /home/experiment/runs/specula/nvflare-lite-full-opus55-20260925/full/source/nvflare/__init__.py
[  0.010s][MainThread] submitted job1 job_id=3c2ce3e5-8d5c-4c30-8511-f5c3d923028b
[  1.023s][JobRunner.run] (stub) deploying job 3c2ce3e5 to ['server', 'site-1', 'site-2']
[  1.026s][JobRunner.run] set_status(3c2ce3e5, DISPATCHED) OK
[  1.030s][JobRunner.run] SJ launched for job 3c2ce3e5
[  1.030s][JobRunner.run] START_JOB -> site-1 job=3c2ce3e5
[  1.030s][JobRunner.run] START_JOB -> site-2 job=3c2ce3e5
[  1.030s][JobRunner.run] event _job_started data={'job_id': '3c2ce3e5-8d5c-4c30-8511-f5c3d923028b'}
[  1.034s][JobRunner.run] set_status(3c2ce3e5, RUNNING) OK
[  1.123s][CELL-process_job_failure] LOG[INFO] FederatedServer: Failing job 3c2ce3e5-8d5c-4c30-8511-f5c3d923028b due to reported failure from site-1: exception
[  1.123s][CELL-process_job_failure] admin->client site-1: topic=train.abort job=3c2ce3e5-8d5c-4c30-8511-f5c3d923028b
[  1.123s][CELL-process_job_failure] admin->client site-2: topic=train.abort job=3c2ce3e5-8d5c-4c30-8511-f5c3d923028b
[  1.123s][CELL-process_job_failure] abort_app_on_server 3c2ce3e5
[  1.123s][CELL-process_job_failure] SJ exited job=3c2ce3e5 rc=None
[  1.123s][CELL-process_job_failure] LOG[INFO] nvflare.private.fed.server.job_runner.JobRunner: [identity=server, run=?]: Fail the job run: 3c2ce3e5-8d5c-4c30-8511-f5c3d923028b
[  1.123s][CELL-process_job_failure] CELL process_job_failure(site-1, job=3c2ce3e5, code=101) -> rc=ok
[  2.021s][Thread-1 (_job_complete_process)] admin->client site-1: topic=train.abort job=3c2ce3e5-8d5c-4c30-8511-f5c3d923028b
[  2.021s][Thread-1 (_job_complete_process)] admin->client site-2: topic=train.abort job=3c2ce3e5-8d5c-4c30-8511-f5c3d923028b
[  2.022s][Thread-1 (_job_complete_process)] LOG[WARNING] nvflare.private.fed.server.job_runner.JobRunner: [identity=server, run=?]: Skipping unavailable workspace archive source for job 3c2ce3e5-8d5c-4c30-8511-f5c3d923028b: /home/experiment/tmp/nvf-rs-N3c_failrun_after_start-bshsaksy/ws/3c2ce3e5-8d5c-4c30-8511-f5c3d923028b
[  2.022s][Thread-1 (_job_complete_process)] LOG[WARNING] nvflare.private.fed.server.job_runner.JobRunner: [identity=server, run=?]: No workspace archive sources are available for finished job 3c2ce3e5-8d5c-4c30-8511-f5c3d923028b
[  2.027s][Thread-1 (_job_complete_process)] set_status(3c2ce3e5, FINISHED:EXECUTION_EXCEPTION) OK
[  2.027s][Thread-1 (_job_complete_process)] event _job_completed data={'job_id': '3c2ce3e5-8d5c-4c30-8511-f5c3d923028b'}
[  4.528s][MainThread] REPORT {
  "scenario": "N3c_failrun_after_start",
  "cell_reply_rc": "ok",
  "pending_right_after_fail_run": null,
  "final": "FINISHED:EXECUTION_EXCEPTION",
  "runner_thread_alive": true,
  "status_history": [
    [
      1.026,
      "JobRunner.run",
      "3c2ce3e5",
      "DISPATCHED"
    ],
    [
      1.034,
      "JobRunner.run",
      "3c2ce3e5",
      "RUNNING"
    ],
    [
      2.027,
      "Thread-1 (_job_complete_process)",
      "3c2ce3e5",
      "FINISHED:EXECUTION_EXCEPTION"
    ]
  ],
  "events": [
    [
      "_job_started",
      "3c2ce3e5"
    ],
    [
      "_job_completed",
      "3c2ce3e5"
    ]
  ],
  "scheduled_jobs_slots": [],
  "running_jobs": [],
  "exception_run_processes_left": [],
  "sj_started": [
    "3c2ce3e5"
  ],
  "sj_aborted": [
    "3c2ce3e5"
  ],
  "cancel_calls": 0
}
