[  0.001s][MainThread] nvflare imported from /home/experiment/runs/specula/nvflare-lite-full-opus55-20260925/full/source/nvflare/__init__.py
[  0.009s][MainThread] submitted job1 job_id=34aaf442-28b2-4276-b33c-b17a0353f190
[  1.021s][JobRunner.run] (stub) deploying job 34aaf442 to ['server', 'site-1', 'site-2']
[  1.028s][JobRunner.run] set_status(34aaf442, DISPATCHED) OK
[  1.032s][JobRunner.run] SJ launched for job 34aaf442
[  1.032s][JobRunner.run] hook 'start_client_job' firing
[  1.032s][CELL-process_job_failure] admin->client site-1: topic=train.abort job=34aaf442-28b2-4276-b33c-b17a0353f190
[  1.032s][CELL-process_job_failure] admin->client site-2: topic=train.abort job=34aaf442-28b2-4276-b33c-b17a0353f190
[  1.032s][CELL-process_job_failure] abort_app_on_server 34aaf442
[  1.032s][CELL-process_job_failure] SJ exited job=34aaf442 rc=None
[  1.032s][CELL-process_job_failure] LOG[INFO] nvflare.private.fed.server.job_runner.JobRunner: [identity=server, run=?]: Job 34aaf442-28b2-4276-b33c-b17a0353f190 is not running. It can not be stopped.
[  1.032s][CELL-process_job_failure] CELL process_job_failure(site-1, job=34aaf442, code=102) -> rc=ok
[  1.033s][JobRunner.run] START_JOB -> site-1 job=34aaf442
[  1.033s][JobRunner.run] START_JOB -> site-2 job=34aaf442
[  1.033s][JobRunner.run] event _job_started data={'job_id': '34aaf442-28b2-4276-b33c-b17a0353f190'}
[  1.036s][JobRunner.run] set_status(34aaf442, RUNNING) OK
[  2.622s][CELL-process_job_failure-2] CELL process_job_failure(site-2, job=34aaf442, code=0) -> rc=ok
[  3.021s][Thread-1 (_job_complete_process)] LOG[WARNING] nvflare.private.fed.server.job_runner.JobRunner: [identity=server, run=?]: Skipping unavailable workspace archive source for job 34aaf442-28b2-4276-b33c-b17a0353f190: /home/experiment/tmp/nvf-rs-N4_unsafe_during_start-moxc11ns/ws/34aaf442-28b2-4276-b33c-b17a0353f190
[  3.021s][Thread-1 (_job_complete_process)] LOG[WARNING] nvflare.private.fed.server.job_runner.JobRunner: [identity=server, run=?]: No workspace archive sources are available for finished job 34aaf442-28b2-4276-b33c-b17a0353f190
[  3.025s][Thread-1 (_job_complete_process)] set_status(34aaf442, FINISHED:COMPLETED) OK
[  3.025s][Thread-1 (_job_complete_process)] event _job_completed data={'job_id': '34aaf442-28b2-4276-b33c-b17a0353f190'}
[  4.125s][MainThread] REPORT {
  "scenario": "N4_unsafe_during_start",
  "status_while_waiting_for_site2": "RUNNING",
  "site2_report_rc": "ok",
  "unsafe_report_rc": "ok",
  "run_aborted_flag_after_unsafe_report": "<not in running_jobs>",
  "final": "FINISHED:COMPLETED",
  "status_history": [
    [
      1.028,
      "JobRunner.run",
      "34aaf442",
      "DISPATCHED"
    ],
    [
      1.036,
      "JobRunner.run",
      "34aaf442",
      "RUNNING"
    ],
    [
      3.025,
      "Thread-1 (_job_complete_process)",
      "34aaf442",
      "FINISHED:COMPLETED"
    ]
  ],
  "events": [
    [
      "_job_started",
      "34aaf442"
    ],
    [
      "_job_completed",
      "34aaf442"
    ]
  ],
  "scheduled_jobs_slots": [],
  "running_jobs": [],
  "exception_run_processes_left": [],
  "sj_started": [
    "34aaf442"
  ],
  "sj_aborted": [
    "34aaf442"
  ],
  "cancel_calls": 0
}
