[  0.001s][MainThread] nvflare imported from /home/experiment/runs/specula/nvflare-lite-full-opus55-20260925/full/source/nvflare/__init__.py
[  0.009s][MainThread] submitted job1 job_id=62eab1a1-b0f7-4c60-9b45-ffffadd44d62
[  1.022s][JobRunner.run] (stub) deploying job 62eab1a1 to ['server', 'site-1', 'site-2']
[  1.026s][JobRunner.run] set_status(62eab1a1, DISPATCHED) OK
[  1.029s][JobRunner.run] SJ launched for job 62eab1a1
[  1.029s][JobRunner.run] START_JOB -> site-1 job=62eab1a1
[  1.030s][JobRunner.run] START_JOB -> site-2 job=62eab1a1
[  1.030s][JobRunner.run] event _job_started data={'job_id': '62eab1a1-b0f7-4c60-9b45-ffffadd44d62'}
[  1.034s][JobRunner.run] set_status(62eab1a1, RUNNING) OK
[  1.422s][CELL-process_job_failure] admin->client site-1: topic=train.abort job=62eab1a1-b0f7-4c60-9b45-ffffadd44d62
[  1.422s][CELL-process_job_failure] admin->client site-2: topic=train.abort job=62eab1a1-b0f7-4c60-9b45-ffffadd44d62
[  1.422s][CELL-process_job_failure] abort_app_on_server 62eab1a1
[  1.422s][CELL-process_job_failure] SJ exited job=62eab1a1 rc=None
[  1.422s][CELL-process_job_failure] CELL process_job_failure(site-1, job=62eab1a1, code=102) -> rc=ok
[  2.021s][Thread-1 (_job_complete_process)] LOG[WARNING] nvflare.private.fed.server.job_runner.JobRunner: [identity=server, run=?]: Skipping unavailable workspace archive source for job 62eab1a1-b0f7-4c60-9b45-ffffadd44d62: /home/experiment/tmp/nvf-rs-N4c_unsafe_after_start-uild7ge8/ws/62eab1a1-b0f7-4c60-9b45-ffffadd44d62
[  2.021s][Thread-1 (_job_complete_process)] LOG[WARNING] nvflare.private.fed.server.job_runner.JobRunner: [identity=server, run=?]: No workspace archive sources are available for finished job 62eab1a1-b0f7-4c60-9b45-ffffadd44d62
[  2.025s][Thread-1 (_job_complete_process)] set_status(62eab1a1, FINISHED:ABORTED) OK
[  2.025s][Thread-1 (_job_complete_process)] event _job_aborted data={'job_id': '62eab1a1-b0f7-4c60-9b45-ffffadd44d62'}
[  2.025s][Thread-1 (_job_complete_process)] event _job_completed data={'job_id': '62eab1a1-b0f7-4c60-9b45-ffffadd44d62'}
[  2.923s][CELL-process_job_failure-2] LOG[WARNING] FederatedServer: Dropped terminal outcome for untracked job/client 62eab1a1-b0f7-4c60-9b45-ffffadd44d62/site-2
[  2.923s][CELL-process_job_failure-2] CELL process_job_failure(site-2, job=62eab1a1, code=0) -> rc=ok
[  3.924s][MainThread] REPORT {
  "scenario": "N4c_unsafe_after_start",
  "status_while_waiting_for_site2": "FINISHED:ABORTED",
  "site2_report_rc": "ok",
  "unsafe_report_rc": "ok",
  "run_aborted_flag_after_unsafe_report": true,
  "final": "FINISHED:ABORTED",
  "status_history": [
    [
      1.026,
      "JobRunner.run",
      "62eab1a1",
      "DISPATCHED"
    ],
    [
      1.034,
      "JobRunner.run",
      "62eab1a1",
      "RUNNING"
    ],
    [
      2.025,
      "Thread-1 (_job_complete_process)",
      "62eab1a1",
      "FINISHED:ABORTED"
    ]
  ],
  "events": [
    [
      "_job_started",
      "62eab1a1"
    ],
    [
      "_job_aborted",
      "62eab1a1"
    ],
    [
      "_job_completed",
      "62eab1a1"
    ]
  ],
  "scheduled_jobs_slots": [],
  "running_jobs": [],
  "exception_run_processes_left": [],
  "sj_started": [
    "62eab1a1"
  ],
  "sj_aborted": [
    "62eab1a1"
  ],
  "cancel_calls": 0
}
