[  0.001s][MainThread] nvflare imported from /home/experiment/runs/specula/nvflare-lite-full-opus55-20260925/full/source/nvflare/__init__.py
[  0.009s][MainThread] submitted job1 job_id=dedc36e0-4f8a-4556-a5fa-209e03595409
[  1.021s][JobRunner.run] (stub) deploying job dedc36e0 to ['server', 'site-1', 'site-2']
[  1.029s][JobRunner.run] set_status(dedc36e0, DISPATCHED) OK
[  1.034s][JobRunner.run] SJ launched for job dedc36e0
[  1.034s][JobRunner.run] hook 'start_client_job' firing
[  1.034s][JobRunner.run] SJ exited job=dedc36e0 rc=101
[  1.034s][JobRunner.run] START_JOB -> site-1 job=dedc36e0
[  1.034s][JobRunner.run] START_JOB -> site-2 job=dedc36e0
[  1.034s][JobRunner.run] event _job_started data={'job_id': 'dedc36e0-4f8a-4556-a5fa-209e03595409'}
[  2.021s][Thread-1 (_job_complete_process)] admin->client site-1: topic=train.abort job=dedc36e0-4f8a-4556-a5fa-209e03595409
[  2.021s][Thread-1 (_job_complete_process)] admin->client site-2: topic=train.abort job=dedc36e0-4f8a-4556-a5fa-209e03595409
[  2.021s][JobRunner.run] FAULT INJECTION: set_status(RUNNING) raises StorageException
[  2.025s][JobRunner.run] set_status(dedc36e0, FINISHED:FAILED_TO_RUN) OK
[  2.028s][JobRunner.run] event _job_aborted data={'job_id': 'dedc36e0-4f8a-4556-a5fa-209e03595409'}
[  2.028s][JobRunner.run] LOG[ERROR] nvflare.private.fed.server.job_runner.JobRunner: [identity=server, run=?]: Failed to run the Job (dedc36e0-4f8a-4556-a5fa-209e03595409): StorageException: injected transient write failure
[  2.033s][Thread-1 (_job_complete_process)] set_status(dedc36e0, FINISHED:EXECUTION_EXCEPTION) OK
[  5.129s][MainThread] submitted job2-later job_id=a00dcc18-646b-4886-b7af-d7b1a7afdf8b
[  6.031s][JobRunner.run] (stub) deploying job a00dcc18 to ['server', 'site-1', 'site-2']
[  6.034s][JobRunner.run] set_status(a00dcc18, DISPATCHED) OK
[  6.038s][JobRunner.run] SJ launched for job a00dcc18
[  6.038s][JobRunner.run] hook 'start_client_job' firing
[  6.038s][JobRunner.run] SJ exited job=a00dcc18 rc=101
[  6.038s][JobRunner.run] START_JOB -> site-1 job=a00dcc18
[  6.038s][JobRunner.run] START_JOB -> site-2 job=a00dcc18
[  6.038s][JobRunner.run] event _job_started data={'job_id': 'a00dcc18-646b-4886-b7af-d7b1a7afdf8b'}
[  6.041s][JobRunner.run] set_status(a00dcc18, RUNNING) OK
[  6.043s][MainThread] SJ exited job=a00dcc18 rc=None
[ 10.044s][MainThread] REPORT {
  "scenario": "N5_cmp_blind_del",
  "completion_thread_alive": false,
  "final_j1": "FINISHED:EXECUTION_EXCEPTION",
  "j2_status_4s_after_its_SJ_exit": "RUNNING",
  "runner_thread_alive": true,
  "status_history": [
    [
      "JobRunner.run",
      "dedc36e0",
      "DISPATCHED"
    ],
    [
      "JobRunner.run",
      "dedc36e0",
      "RUNNING RAISED (injected)"
    ],
    [
      "JobRunner.run",
      "dedc36e0",
      "FINISHED:FAILED_TO_RUN"
    ],
    [
      "Thread-1 (_job_complete_process)",
      "dedc36e0",
      "FINISHED:EXECUTION_EXCEPTION"
    ],
    [
      "JobRunner.run",
      "a00dcc18",
      "DISPATCHED"
    ],
    [
      "JobRunner.run",
      "a00dcc18",
      "RUNNING"
    ]
  ],
  "events": [
    [
      "_job_started",
      "dedc36e0"
    ],
    [
      "_job_aborted",
      "dedc36e0"
    ],
    [
      "_job_started",
      "a00dcc18"
    ]
  ],
  "scheduled_jobs_slots": [
    "a00dcc18"
  ],
  "running_jobs": [
    "a00dcc18"
  ],
  "exception_run_processes_left": [
    "dedc36e0",
    "a00dcc18"
  ],
  "sj_started": [
    "dedc36e0",
    "a00dcc18"
  ],
  "sj_aborted": [],
  "cancel_calls": 0
}
