[  0.001s][MainThread] nvflare imported from /home/experiment/runs/specula/nvflare-lite-full-opus55-20260925/full/source/nvflare/__init__.py
[  0.002s][MainThread] JobMetaValidator.validate -> valid=True err='' min_clients=None
[  0.027s][MainThread] submitted later-good-job job_id=fb5e4957-64fb-4066-b18a-ab7c31c91cbc
[  1.039s][JobRunner.run] LOG[ERROR] nvflare.app_common.job_schedulers.job_scheduler.DefaultJobScheduler: [identity=server, run=?]: error scheduling job
[  1.040s][JobRunner.run] LOG[ERROR] nvflare.app_common.job_schedulers.job_scheduler.DefaultJobScheduler: Traceback (most recent call last):
  File "/home/experiment/runs/specula/nvflare-lite-full-opus55-20260925/full/source/nvflare/app_common/job_schedulers/job_scheduler.py", line 293, in schedule_job
    ready_job, dispatch_info = self._do_schedule_job(job_candidates, fl_ctx, failed_jobs, blocked_jobs)
                               ^^^^^^^^^^^^^^^^^^^^^^^^^^^^^^^^^^^^^^^^^^^^^^^^^^^^^^^^^^^^^^^^^^^^^^^^
  File "/home/experiment/runs/specula/nvflare-lite-full-opus55-20260925/full/source/nvflare/app_common/job_schedulers/job_scheduler.py", line 365, in _do_schedule_job
    rc, sites_dispatch_info, result = self._try_job(job, ctx)
                                      ^^^^^^^^^^^^^^^^^^^^^^^
  File "/home/experiment/runs/specula/nvflare-lite-full-opus55-20260925/full/source/nvflare/app_common/job_schedulers/job_scheduler.py", line 229, in _try_job
    if num_sites_ok < job.min_sites:
       ^^^^^^^^^^^^^^^^^^^^^^^^^^^^
TypeError: '<' not supported between instances of 'int' and 'NoneType'

[  2.041s][JobRunner.run] LOG[ERROR] nvflare.app_common.job_schedulers.job_scheduler.DefaultJobScheduler: [identity=server, run=?]: error scheduling job
[  2.041s][JobRunner.run] LOG[ERROR] nvflare.app_common.job_schedulers.job_scheduler.DefaultJobScheduler: Traceback (most recent call last):
  File "/home/experiment/runs/specula/nvflare-lite-full-opus55-20260925/full/source/nvflare/app_common/job_schedulers/job_scheduler.py", line 293, in schedule_job
    ready_job, dispatch_info = self._do_schedule_job(job_candidates, fl_ctx, failed_jobs, blocked_jobs)
                               ^^^^^^^^^^^^^^^^^^^^^^^^^^^^^^^^^^^^^^^^^^^^^^^^^^^^^^^^^^^^^^^^^^^^^^^^
  File "/home/experiment/runs/specula/nvflare-lite-full-opus55-20260925/full/source/nvflare/app_common/job_schedulers/job_scheduler.py", line 365, in _do_schedule_job
    rc, sites_dispatch_info, result = self._try_job(job, ctx)
                                      ^^^^^^^^^^^^^^^^^^^^^^^
  File "/home/experiment/runs/specula/nvflare-lite-full-opus55-20260925/full/source/nvflare/app_common/job_schedulers/job_scheduler.py", line 229, in _try_job
    if num_sites_ok < job.min_sites:
       ^^^^^^^^^^^^^^^^^^^^^^^^^^^^
TypeError: '<' not supported between instances of 'int' and 'NoneType'

[  3.042s][JobRunner.run] LOG[ERROR] nvflare.app_common.job_schedulers.job_scheduler.DefaultJobScheduler: [identity=server, run=?]: error scheduling job
[  3.043s][JobRunner.run] LOG[ERROR] nvflare.app_common.job_schedulers.job_scheduler.DefaultJobScheduler: Traceback (most recent call last):
  File "/home/experiment/runs/specula/nvflare-lite-full-opus55-20260925/full/source/nvflare/app_common/job_schedulers/job_scheduler.py", line 293, in schedule_job
    ready_job, dispatch_info = self._do_schedule_job(job_candidates, fl_ctx, failed_jobs, blocked_jobs)
                               ^^^^^^^^^^^^^^^^^^^^^^^^^^^^^^^^^^^^^^^^^^^^^^^^^^^^^^^^^^^^^^^^^^^^^^^^
  File "/home/experiment/runs/specula/nvflare-lite-full-opus55-20260925/full/source/nvflare/app_common/job_schedulers/job_scheduler.py", line 365, in _do_schedule_job
    rc, sites_dispatch_info, result = self._try_job(job, ctx)
                                      ^^^^^^^^^^^^^^^^^^^^^^^
  File "/home/experiment/runs/specula/nvflare-lite-full-opus55-20260925/full/source/nvflare/app_common/job_schedulers/job_scheduler.py", line 229, in _try_job
    if num_sites_ok < job.min_sites:
       ^^^^^^^^^^^^^^^^^^^^^^^^^^^^
TypeError: '<' not supported between instances of 'int' and 'NoneType'

[  4.044s][JobRunner.run] LOG[ERROR] nvflare.app_common.job_schedulers.job_scheduler.DefaultJobScheduler: [identity=server, run=?]: error scheduling job
[  4.044s][JobRunner.run] LOG[ERROR] nvflare.app_common.job_schedulers.job_scheduler.DefaultJobScheduler: Traceback (most recent call last):
  File "/home/experiment/runs/specula/nvflare-lite-full-opus55-20260925/full/source/nvflare/app_common/job_schedulers/job_scheduler.py", line 293, in schedule_job
    ready_job, dispatch_info = self._do_schedule_job(job_candidates, fl_ctx, failed_jobs, blocked_jobs)
                               ^^^^^^^^^^^^^^^^^^^^^^^^^^^^^^^^^^^^^^^^^^^^^^^^^^^^^^^^^^^^^^^^^^^^^^^^
  File "/home/experiment/runs/specula/nvflare-lite-full-opus55-20260925/full/source/nvflare/app_common/job_schedulers/job_scheduler.py", line 365, in _do_schedule_job
    rc, sites_dispatch_info, result = self._try_job(job, ctx)
                                      ^^^^^^^^^^^^^^^^^^^^^^^
  File "/home/experiment/runs/specula/nvflare-lite-full-opus55-20260925/full/source/nvflare/app_common/job_schedulers/job_scheduler.py", line 229, in _try_job
    if num_sites_ok < job.min_sites:
       ^^^^^^^^^^^^^^^^^^^^^^^^^^^^
TypeError: '<' not supported between instances of 'int' and 'NoneType'

[  5.045s][JobRunner.run] LOG[ERROR] nvflare.app_common.job_schedulers.job_scheduler.DefaultJobScheduler: [identity=server, run=?]: error scheduling job
[  5.046s][JobRunner.run] LOG[ERROR] nvflare.app_common.job_schedulers.job_scheduler.DefaultJobScheduler: Traceback (most recent call last):
  File "/home/experiment/runs/specula/nvflare-lite-full-opus55-20260925/full/source/nvflare/app_common/job_schedulers/job_scheduler.py", line 293, in schedule_job
    ready_job, dispatch_info = self._do_schedule_job(job_candidates, fl_ctx, failed_jobs, blocked_jobs)
                               ^^^^^^^^^^^^^^^^^^^^^^^^^^^^^^^^^^^^^^^^^^^^^^^^^^^^^^^^^^^^^^^^^^^^^^^^
  File "/home/experiment/runs/specula/nvflare-lite-full-opus55-20260925/full/source/nvflare/app_common/job_schedulers/job_scheduler.py", line 365, in _do_schedule_job
    rc, sites_dispatch_info, result = self._try_job(job, ctx)
                                      ^^^^^^^^^^^^^^^^^^^^^^^
  File "/home/experiment/runs/specula/nvflare-lite-full-opus55-20260925/full/source/nvflare/app_common/job_schedulers/job_scheduler.py", line 229, in _try_job
    if num_sites_ok < job.min_sites:
       ^^^^^^^^^^^^^^^^^^^^^^^^^^^^
TypeError: '<' not supported between instances of 'int' and 'NoneType'

[  6.039s][MainThread] REPORT {
  "scenario": "N6_min_clients_null",
  "validator_result": [
    true,
    "",
    {
      "min_clients": null
    }
  ],
  "runner_thread_alive": true,
  "bad_job_status": "SUBMITTED",
  "bad_job_schedule_count": null,
  "good_job_status_after_6s": "SUBMITTED",
  "resource_reservations_by_job": {
    "bad-min-clients": 5
  },
  "status_history": [],
  "events": [],
  "scheduled_jobs_slots": [],
  "running_jobs": [],
  "exception_run_processes_left": [],
  "sj_started": [],
  "sj_aborted": [],
  "cancel_calls": 0
}
[  6.047s][JobRunner.run] LOG[ERROR] nvflare.app_common.job_schedulers.job_scheduler.DefaultJobScheduler: [identity=server, run=?]: error scheduling job
[  6.047s][JobRunner.run] LOG[ERROR] nvflare.app_common.job_schedulers.job_scheduler.DefaultJobScheduler: Traceback (most recent call last):
  File "/home/experiment/runs/specula/nvflare-lite-full-opus55-20260925/full/source/nvflare/app_common/job_schedulers/job_scheduler.py", line 293, in schedule_job
    ready_job, dispatch_info = self._do_schedule_job(job_candidates, fl_ctx, failed_jobs, blocked_jobs)
                               ^^^^^^^^^^^^^^^^^^^^^^^^^^^^^^^^^^^^^^^^^^^^^^^^^^^^^^^^^^^^^^^^^^^^^^^^
  File "/home/experiment/runs/specula/nvflare-lite-full-opus55-20260925/full/source/nvflare/app_common/job_schedulers/job_scheduler.py", line 365, in _do_schedule_job
    rc, sites_dispatch_info, result = self._try_job(job, ctx)
                                      ^^^^^^^^^^^^^^^^^^^^^^^
  File "/home/experiment/runs/specula/nvflare-lite-full-opus55-20260925/full/source/nvflare/app_common/job_schedulers/job_scheduler.py", line 229, in _try_job
    if num_sites_ok < job.min_sites:
       ^^^^^^^^^^^^^^^^^^^^^^^^^^^^
TypeError: '<' not supported between instances of 'int' and 'NoneType'

