[  0.001s][MainThread] nvflare imported from /home/experiment/runs/specula/nvflare-lite-full-opus55-20260925/full/source/nvflare/__init__.py
[  0.002s][MainThread] JobMetaValidator.validate -> valid=True err='' min_clients='2'
[  0.029s][MainThread] submitted later-good-job job_id=9fbaae06-8be5-4ee7-b02a-8f612607fb39
[  1.041s][JobRunner.run] LOG[ERROR] nvflare.app_common.job_schedulers.job_scheduler.DefaultJobScheduler: [identity=server, run=?]: error scheduling job
[  1.041s][JobRunner.run] LOG[ERROR] nvflare.app_common.job_schedulers.job_scheduler.DefaultJobScheduler: Traceback (most recent call last):
  File "/home/experiment/runs/specula/nvflare-lite-full-opus55-20260925/full/source/nvflare/app_common/job_schedulers/job_scheduler.py", line 293, in schedule_job
    ready_job, dispatch_info = self._do_schedule_job(job_candidates, fl_ctx, failed_jobs, blocked_jobs)
                               ^^^^^^^^^^^^^^^^^^^^^^^^^^^^^^^^^^^^^^^^^^^^^^^^^^^^^^^^^^^^^^^^^^^^^^^^
  File "/home/experiment/runs/specula/nvflare-lite-full-opus55-20260925/full/source/nvflare/app_common/job_schedulers/job_scheduler.py", line 365, in _do_schedule_job
    rc, sites_dispatch_info, result = self._try_job(job, ctx)
                                      ^^^^^^^^^^^^^^^^^^^^^^^
  File "/home/experiment/runs/specula/nvflare-lite-full-opus55-20260925/full/source/nvflare/app_common/job_schedulers/job_scheduler.py", line 166, in _try_job
    if job.min_sites and len(applicable_sites) < job.min_sites:
                         ^^^^^^^^^^^^^^^^^^^^^^^^^^^^^^^^^^^^^
TypeError: '<' not supported between instances of 'int' and 'str'

[  2.042s][JobRunner.run] LOG[ERROR] nvflare.app_common.job_schedulers.job_scheduler.DefaultJobScheduler: [identity=server, run=?]: error scheduling job
[  2.043s][JobRunner.run] LOG[ERROR] nvflare.app_common.job_schedulers.job_scheduler.DefaultJobScheduler: Traceback (most recent call last):
  File "/home/experiment/runs/specula/nvflare-lite-full-opus55-20260925/full/source/nvflare/app_common/job_schedulers/job_scheduler.py", line 293, in schedule_job
    ready_job, dispatch_info = self._do_schedule_job(job_candidates, fl_ctx, failed_jobs, blocked_jobs)
                               ^^^^^^^^^^^^^^^^^^^^^^^^^^^^^^^^^^^^^^^^^^^^^^^^^^^^^^^^^^^^^^^^^^^^^^^^
  File "/home/experiment/runs/specula/nvflare-lite-full-opus55-20260925/full/source/nvflare/app_common/job_schedulers/job_scheduler.py", line 365, in _do_schedule_job
    rc, sites_dispatch_info, result = self._try_job(job, ctx)
                                      ^^^^^^^^^^^^^^^^^^^^^^^
  File "/home/experiment/runs/specula/nvflare-lite-full-opus55-20260925/full/source/nvflare/app_common/job_schedulers/job_scheduler.py", line 166, in _try_job
    if job.min_sites and len(applicable_sites) < job.min_sites:
                         ^^^^^^^^^^^^^^^^^^^^^^^^^^^^^^^^^^^^^
TypeError: '<' not supported between instances of 'int' and 'str'

[  3.044s][JobRunner.run] LOG[ERROR] nvflare.app_common.job_schedulers.job_scheduler.DefaultJobScheduler: [identity=server, run=?]: error scheduling job
[  3.044s][JobRunner.run] LOG[ERROR] nvflare.app_common.job_schedulers.job_scheduler.DefaultJobScheduler: Traceback (most recent call last):
  File "/home/experiment/runs/specula/nvflare-lite-full-opus55-20260925/full/source/nvflare/app_common/job_schedulers/job_scheduler.py", line 293, in schedule_job
    ready_job, dispatch_info = self._do_schedule_job(job_candidates, fl_ctx, failed_jobs, blocked_jobs)
                               ^^^^^^^^^^^^^^^^^^^^^^^^^^^^^^^^^^^^^^^^^^^^^^^^^^^^^^^^^^^^^^^^^^^^^^^^
  File "/home/experiment/runs/specula/nvflare-lite-full-opus55-20260925/full/source/nvflare/app_common/job_schedulers/job_scheduler.py", line 365, in _do_schedule_job
    rc, sites_dispatch_info, result = self._try_job(job, ctx)
                                      ^^^^^^^^^^^^^^^^^^^^^^^
  File "/home/experiment/runs/specula/nvflare-lite-full-opus55-20260925/full/source/nvflare/app_common/job_schedulers/job_scheduler.py", line 166, in _try_job
    if job.min_sites and len(applicable_sites) < job.min_sites:
                         ^^^^^^^^^^^^^^^^^^^^^^^^^^^^^^^^^^^^^
TypeError: '<' not supported between instances of 'int' and 'str'

[  4.045s][JobRunner.run] LOG[ERROR] nvflare.app_common.job_schedulers.job_scheduler.DefaultJobScheduler: [identity=server, run=?]: error scheduling job
[  4.045s][JobRunner.run] LOG[ERROR] nvflare.app_common.job_schedulers.job_scheduler.DefaultJobScheduler: Traceback (most recent call last):
  File "/home/experiment/runs/specula/nvflare-lite-full-opus55-20260925/full/source/nvflare/app_common/job_schedulers/job_scheduler.py", line 293, in schedule_job
    ready_job, dispatch_info = self._do_schedule_job(job_candidates, fl_ctx, failed_jobs, blocked_jobs)
                               ^^^^^^^^^^^^^^^^^^^^^^^^^^^^^^^^^^^^^^^^^^^^^^^^^^^^^^^^^^^^^^^^^^^^^^^^
  File "/home/experiment/runs/specula/nvflare-lite-full-opus55-20260925/full/source/nvflare/app_common/job_schedulers/job_scheduler.py", line 365, in _do_schedule_job
    rc, sites_dispatch_info, result = self._try_job(job, ctx)
                                      ^^^^^^^^^^^^^^^^^^^^^^^
  File "/home/experiment/runs/specula/nvflare-lite-full-opus55-20260925/full/source/nvflare/app_common/job_schedulers/job_scheduler.py", line 166, in _try_job
    if job.min_sites and len(applicable_sites) < job.min_sites:
                         ^^^^^^^^^^^^^^^^^^^^^^^^^^^^^^^^^^^^^
TypeError: '<' not supported between instances of 'int' and 'str'

[  5.046s][JobRunner.run] LOG[ERROR] nvflare.app_common.job_schedulers.job_scheduler.DefaultJobScheduler: [identity=server, run=?]: error scheduling job
[  5.047s][JobRunner.run] LOG[ERROR] nvflare.app_common.job_schedulers.job_scheduler.DefaultJobScheduler: Traceback (most recent call last):
  File "/home/experiment/runs/specula/nvflare-lite-full-opus55-20260925/full/source/nvflare/app_common/job_schedulers/job_scheduler.py", line 293, in schedule_job
    ready_job, dispatch_info = self._do_schedule_job(job_candidates, fl_ctx, failed_jobs, blocked_jobs)
                               ^^^^^^^^^^^^^^^^^^^^^^^^^^^^^^^^^^^^^^^^^^^^^^^^^^^^^^^^^^^^^^^^^^^^^^^^
  File "/home/experiment/runs/specula/nvflare-lite-full-opus55-20260925/full/source/nvflare/app_common/job_schedulers/job_scheduler.py", line 365, in _do_schedule_job
    rc, sites_dispatch_info, result = self._try_job(job, ctx)
                                      ^^^^^^^^^^^^^^^^^^^^^^^
  File "/home/experiment/runs/specula/nvflare-lite-full-opus55-20260925/full/source/nvflare/app_common/job_schedulers/job_scheduler.py", line 166, in _try_job
    if job.min_sites and len(applicable_sites) < job.min_sites:
                         ^^^^^^^^^^^^^^^^^^^^^^^^^^^^^^^^^^^^^
TypeError: '<' not supported between instances of 'int' and 'str'

[  6.040s][MainThread] REPORT {
  "scenario": "N6s_min_clients_string",
  "validator_result": [
    true,
    "",
    {
      "min_clients": "2"
    }
  ],
  "runner_thread_alive": true,
  "bad_job_status": "SUBMITTED",
  "bad_job_schedule_count": null,
  "good_job_status_after_6s": "SUBMITTED",
  "resource_reservations_by_job": {},
  "status_history": [],
  "events": [],
  "scheduled_jobs_slots": [],
  "running_jobs": [],
  "exception_run_processes_left": [],
  "sj_started": [],
  "sj_aborted": [],
  "cancel_calls": 0
}
[  6.048s][JobRunner.run] LOG[ERROR] nvflare.app_common.job_schedulers.job_scheduler.DefaultJobScheduler: [identity=server, run=?]: error scheduling job
[  6.048s][JobRunner.run] LOG[ERROR] nvflare.app_common.job_schedulers.job_scheduler.DefaultJobScheduler: Traceback (most recent call last):
  File "/home/experiment/runs/specula/nvflare-lite-full-opus55-20260925/full/source/nvflare/app_common/job_schedulers/job_scheduler.py", line 293, in schedule_job
    ready_job, dispatch_info = self._do_schedule_job(job_candidates, fl_ctx, failed_jobs, blocked_jobs)
                               ^^^^^^^^^^^^^^^^^^^^^^^^^^^^^^^^^^^^^^^^^^^^^^^^^^^^^^^^^^^^^^^^^^^^^^^^
  File "/home/experiment/runs/specula/nvflare-lite-full-opus55-20260925/full/source/nvflare/app_common/job_schedulers/job_scheduler.py", line 365, in _do_schedule_job
    rc, sites_dispatch_info, result = self._try_job(job, ctx)
                                      ^^^^^^^^^^^^^^^^^^^^^^^
  File "/home/experiment/runs/specula/nvflare-lite-full-opus55-20260925/full/source/nvflare/app_common/job_schedulers/job_scheduler.py", line 166, in _try_job
    if job.min_sites and len(applicable_sites) < job.min_sites:
                         ^^^^^^^^^^^^^^^^^^^^^^^^^^^^^^^^^^^^^
TypeError: '<' not supported between instances of 'int' and 'str'

