TLC2 Version 2026.09.23.154203 (rev: 4260e47)
Running breadth-first search Model-Checking with fp 113 and seed -3261295937346781481 with 4 workers on 16 cores with 3925MB heap and 12288MB offheap memory [pid: 3511885] (Linux 6.8.0-1044-azure amd64, Ubuntu 21.0.11 64bit, OffHeapDiskFPSet, DiskStateQueue).
Parsing file /home/ubuntu/specula-nvflare-gpt-continuation-20260926/framework/runs/gpt-continuation/nvflare-job/.specula-output/spec/output/continuation-H3-probe_start_failure_write/MC.tla
Parsing file /home/ubuntu/specula-nvflare-gpt-continuation-20260926/framework/runs/gpt-continuation/nvflare-job/.specula-output/spec/output/continuation-H3-probe_start_failure_write/base.tla
Parsing file /tmp/tlc-8110687841678152253/_JsonTrace.tla (jar:file:/home/ubuntu/specula-nvflare-gpt-continuation-20260926/framework/lib/tla2tools.jar!/tla2sany/StandardModules/_JsonTrace.tla)
Parsing file /tmp/tlc-8110687841678152253/_TLCTrace.tla (jar:file:/home/ubuntu/specula-nvflare-gpt-continuation-20260926/framework/lib/tla2tools.jar!/tla2sany/StandardModules/_TLCTrace.tla)
Parsing file /tmp/tlc-8110687841678152253/Integers.tla (jar:file:/home/ubuntu/specula-nvflare-gpt-continuation-20260926/framework/lib/tla2tools.jar!/tla2sany/StandardModules/Integers.tla)
Parsing file /tmp/tlc-8110687841678152253/Sequences.tla (jar:file:/home/ubuntu/specula-nvflare-gpt-continuation-20260926/framework/lib/tla2tools.jar!/tla2sany/StandardModules/Sequences.tla)
Parsing file /tmp/tlc-8110687841678152253/FiniteSets.tla (jar:file:/home/ubuntu/specula-nvflare-gpt-continuation-20260926/framework/lib/tla2tools.jar!/tla2sany/StandardModules/FiniteSets.tla)
Parsing file /tmp/tlc-8110687841678152253/TLC.tla (jar:file:/home/ubuntu/specula-nvflare-gpt-continuation-20260926/framework/lib/tla2tools.jar!/tla2sany/StandardModules/TLC.tla)
Parsing file /tmp/tlc-8110687841678152253/Naturals.tla (jar:file:/home/ubuntu/specula-nvflare-gpt-continuation-20260926/framework/lib/tla2tools.jar!/tla2sany/StandardModules/Naturals.tla)
Parsing file /tmp/tlc-8110687841678152253/TLCExt.tla (jar:file:/home/ubuntu/specula-nvflare-gpt-continuation-20260926/framework/lib/tla2tools.jar!/tla2sany/StandardModules/TLCExt.tla)
Parsing file /tmp/tlc-8110687841678152253/Json.tla (jar:file:/home/ubuntu/specula-nvflare-gpt-continuation-20260926/framework/lib/tla2tools.jar!/tla2sany/StandardModules/Json.tla)
Semantic processing of module Naturals
Semantic processing of module Integers
Semantic processing of module Sequences
Semantic processing of module FiniteSets
Semantic processing of module TLC
Semantic processing of module base
Semantic processing of module TLCExt
Semantic processing of module Json
Semantic processing of module _JsonTrace
Semantic processing of module _TLCTrace
Semantic processing of module MC
Linting of module base
Linting of module TLCExt
Linting of module Json
Linting of module _JsonTrace
Linting of module _TLCTrace
Linting of module MC
Starting... (2026-09-26 13:13:01)
Computing initial states...
Finished computing initial states: 1 distinct state generated at 2026-09-26 13:13:02.
Error: Invariant NoStartFailureOverwrite is violated.
Error: The behavior up to this point is:
State 1: <Initial predicate>
/\ cpAlive = (c1 :> TRUE @@ c2 :> TRUE)
/\ failAccepted = [j1 |-> FALSE, j2 |-> FALSE]
/\ free = (c1 :> (u1 :> 1) @@ c2 :> (u1 :> 1))
/\ using = (c1 :> [j1 |-> {}, j2 |-> {}] @@ c2 :> [j1 |-> {}, j2 |-> {}])
/\ cjAbortMsg = (c1 :> [j1 |-> 0, j2 |-> 0] @@ c2 :> [j1 |-> 0, j2 |-> 0])
/\ resv = (c1 :> {} @@ c2 :> {})
/\ fc = [ hb |-> 0,
  lose |-> 0,
  chkTO |-> 0,
  stTO |-> 0,
  depFail |-> 0,
  sjLaunchFail |-> 0,
  backoff |-> 0,
  sjError |-> 0,
  sjCrash |-> 0,
  cjError |-> 0,
  cjUnsafe |-> 0,
  cjDesc |-> 0,
  cpLaunchFail |-> 0,
  crash |-> 0,
  abort |-> 0,
  delete |-> 0,
  disable |-> 0,
  appMissing |-> 0 ]
/\ abortDropped = (c1 :> [j1 |-> FALSE, j2 |-> FALSE] @@ c2 :> [j1 |-> FALSE, j2 |-> FALSE])
/\ ackInWindow = [j1 |-> FALSE, j2 |-> FALSE]
/\ nextAtt = 1
/\ endedEv = [j1 |-> FALSE, j2 |-> FALSE]
/\ micro = [ wfcRead |-> [j1 |-> FALSE, j2 |-> FALSE],
  wfcHad |-> [j1 |-> FALSE, j2 |-> FALSE],
  reaped |->
      ( c1 :> [j1 |-> FALSE, j2 |-> FALSE] @@
        c2 :> [j1 |-> FALSE, j2 |-> FALSE] ),
  removals |-> [j1 |-> 0, j2 |-> 0],
  sjBooted |-> [j1 |-> FALSE, j2 |-> FALSE],
  cjSynced |->
      ( c1 :> [j1 |-> FALSE, j2 |-> FALSE] @@
        c2 :> [j1 |-> FALSE, j2 |-> FALSE] ),
  delAdm |->
      [ j1 |-> [pc |-> "Idle", snap |-> None],
        j2 |-> [pc |-> "Idle", snap |-> None] ],
  reports |->
      ( c1 :>
            [ j1 |-> [pc |-> "Idle", accepted |-> FALSE],
              j2 |-> [pc |-> "Idle", accepted |-> FALSE] ] @@
        c2 :>
            [ j1 |-> [pc |-> "Idle", accepted |-> FALSE],
              j2 |-> [pc |-> "Idle", accepted |-> FALSE] ] ) ]
/\ cjReg = (c1 :> [j1 |-> None, j2 |-> None] @@ c2 :> [j1 |-> None, j2 |-> None])
/\ alloc = (c1 :> [j1 |-> {}, j2 |-> {}] @@ c2 :> [j1 |-> {}, j2 |-> {}])
/\ ackStop = [j1 |-> FALSE, j2 |-> FALSE]
/\ cpc = [ pc |-> "Idle",
  job |-> None,
  failed |-> FALSE,
  aborted |-> FALSE,
  hadExc |-> FALSE ]
/\ termP = (c1 :> [j1 |-> 0, j2 |-> 0] @@ c2 :> [j1 |-> 0, j2 |-> 0])
/\ waiter = (c1 :> [j1 |-> FALSE, j2 |-> FALSE] @@ c2 :> [j1 |-> FALSE, j2 |-> FALSE])
/\ postAckLaunch = [j1 |-> FALSE, j2 |-> FALSE]
/\ sessions = {c1, c2}
/\ rp = [j1 |-> None, j2 |-> None]
/\ cst = (c1 :> [j1 |-> None, j2 |-> None] @@ c2 :> [j1 |-> None, j2 |-> None])
/\ sj = [j1 |-> "None", j2 |-> "None"]
/\ sweeper = [pc |-> "Idle", cl |-> None, snap |-> 0, blocking |-> FALSE]
/\ cjRC = (c1 :> [j1 |-> 0, j2 |-> 0] @@ c2 :> [j1 |-> 0, j2 |-> 0])
/\ startedEv = [j1 |-> FALSE, j2 |-> FALSE]
/\ exeErrRec = [j1 |-> FALSE, j2 |-> FALSE]
/\ launches = [j1 |-> 0, j2 |-> 0]
/\ pending = [j1 |-> None, j2 |-> None]
/\ sjAbortHandled = [j1 |-> FALSE, j2 |-> FALSE]
/\ cjProc = (c1 :> [j1 |-> "None", j2 |-> "None"] @@ c2 :> [j1 |-> "None", j2 |-> "None"])
/\ latchInStopWin = [j1 |-> FALSE, j2 |-> FALSE]
/\ msgs = <<>>
/\ wfc = [j1 |-> FALSE, j2 |-> FALSE]
/\ tagged = {}
/\ rmp = [j1 |-> 0, j2 |-> 0]
/\ shared = [j1 |-> FALSE, j2 |-> FALSE]
/\ disabled = {}
/\ sjErr = [j1 |-> FALSE, j2 |-> FALSE]
/\ latched = [j1 |-> None, j2 |-> None]
/\ rpc = [ ready |-> None,
  pc |-> "Scan",
  job |-> None,
  att |-> 0,
  listed |-> {},
  queue |-> <<>>,
  cnt |-> [j1 |-> 0, j2 |-> 0],
  chk |-> {},
  failed |-> <<>>,
  blocked |-> <<>>,
  fb |-> <<>>,
  disp |-> {},
  dep |-> {},
  jid |-> FALSE,
  snap |-> None,
  sreq |-> {} ]
/\ exc = [j1 |-> None, j2 |-> None]
/\ runningJobs = {}
/\ failRunRec = [j1 |-> FALSE, j2 |-> FALSE]
/\ startFailCause = [j1 |-> "none", j2 |-> "none"]
/\ adm = [j1 |-> [pc |-> "Idle", snap |-> None], j2 |-> [pc |-> "Idle", snap |-> None]]
/\ slots = {}
/\ termHb = (c1 :> [j1 |-> 0, j2 |-> 0] @@ c2 :> [j1 |-> 0, j2 |-> 0])
/\ grp = (c1 :> [j1 |-> FALSE, j2 |-> FALSE] @@ c2 :> [j1 |-> FALSE, j2 |-> FALSE])
/\ wfcStale = [j1 |-> None, j2 |-> None]
/\ pCount = [j1 |-> 0, j2 |-> 0]
/\ status = [j1 |-> "SUBMITTED", j2 |-> "SUBMITTED"]
/\ ovw = {}
/\ firstTerm = [j1 |-> None, j2 |-> None]
/\ ackAbort = [j1 |-> FALSE, j2 |-> FALSE]
/\ sjRC = [j1 |-> 0, j2 |-> 0]
/\ runAborted = [j1 |-> FALSE, j2 |-> FALSE]

State 2: <MCRunnerScanList line 102, col 28 to line 102, col 66 of module MC>
/\ cpAlive = (c1 :> TRUE @@ c2 :> TRUE)
/\ failAccepted = [j1 |-> FALSE, j2 |-> FALSE]
/\ free = (c1 :> (u1 :> 1) @@ c2 :> (u1 :> 1))
/\ using = (c1 :> [j1 |-> {}, j2 |-> {}] @@ c2 :> [j1 |-> {}, j2 |-> {}])
/\ cjAbortMsg = (c1 :> [j1 |-> 0, j2 |-> 0] @@ c2 :> [j1 |-> 0, j2 |-> 0])
/\ resv = (c1 :> {} @@ c2 :> {})
/\ fc = [ hb |-> 0,
  lose |-> 0,
  chkTO |-> 0,
  stTO |-> 0,
  depFail |-> 0,
  sjLaunchFail |-> 0,
  backoff |-> 0,
  sjError |-> 0,
  sjCrash |-> 0,
  cjError |-> 0,
  cjUnsafe |-> 0,
  cjDesc |-> 0,
  cpLaunchFail |-> 0,
  crash |-> 0,
  abort |-> 0,
  delete |-> 0,
  disable |-> 0,
  appMissing |-> 0 ]
/\ abortDropped = (c1 :> [j1 |-> FALSE, j2 |-> FALSE] @@ c2 :> [j1 |-> FALSE, j2 |-> FALSE])
/\ ackInWindow = [j1 |-> FALSE, j2 |-> FALSE]
/\ nextAtt = 1
/\ endedEv = [j1 |-> FALSE, j2 |-> FALSE]
/\ micro = [ wfcRead |-> [j1 |-> FALSE, j2 |-> FALSE],
  wfcHad |-> [j1 |-> FALSE, j2 |-> FALSE],
  reaped |->
      ( c1 :> [j1 |-> FALSE, j2 |-> FALSE] @@
        c2 :> [j1 |-> FALSE, j2 |-> FALSE] ),
  removals |-> [j1 |-> 0, j2 |-> 0],
  sjBooted |-> [j1 |-> FALSE, j2 |-> FALSE],
  cjSynced |->
      ( c1 :> [j1 |-> FALSE, j2 |-> FALSE] @@
        c2 :> [j1 |-> FALSE, j2 |-> FALSE] ),
  delAdm |->
      [ j1 |-> [pc |-> "Idle", snap |-> None],
        j2 |-> [pc |-> "Idle", snap |-> None] ],
  reports |->
      ( c1 :>
            [ j1 |-> [pc |-> "Idle", accepted |-> FALSE],
              j2 |-> [pc |-> "Idle", accepted |-> FALSE] ] @@
        c2 :>
            [ j1 |-> [pc |-> "Idle", accepted |-> FALSE],
              j2 |-> [pc |-> "Idle", accepted |-> FALSE] ] ) ]
/\ cjReg = (c1 :> [j1 |-> None, j2 |-> None] @@ c2 :> [j1 |-> None, j2 |-> None])
/\ alloc = (c1 :> [j1 |-> {}, j2 |-> {}] @@ c2 :> [j1 |-> {}, j2 |-> {}])
/\ ackStop = [j1 |-> FALSE, j2 |-> FALSE]
/\ cpc = [ pc |-> "Idle",
  job |-> None,
  failed |-> FALSE,
  aborted |-> FALSE,
  hadExc |-> FALSE ]
/\ termP = (c1 :> [j1 |-> 0, j2 |-> 0] @@ c2 :> [j1 |-> 0, j2 |-> 0])
/\ waiter = (c1 :> [j1 |-> FALSE, j2 |-> FALSE] @@ c2 :> [j1 |-> FALSE, j2 |-> FALSE])
/\ postAckLaunch = [j1 |-> FALSE, j2 |-> FALSE]
/\ sessions = {c1, c2}
/\ rp = [j1 |-> None, j2 |-> None]
/\ cst = (c1 :> [j1 |-> None, j2 |-> None] @@ c2 :> [j1 |-> None, j2 |-> None])
/\ sj = [j1 |-> "None", j2 |-> "None"]
/\ sweeper = [pc |-> "Idle", cl |-> None, snap |-> 0, blocking |-> FALSE]
/\ cjRC = (c1 :> [j1 |-> 0, j2 |-> 0] @@ c2 :> [j1 |-> 0, j2 |-> 0])
/\ startedEv = [j1 |-> FALSE, j2 |-> FALSE]
/\ exeErrRec = [j1 |-> FALSE, j2 |-> FALSE]
/\ launches = [j1 |-> 0, j2 |-> 0]
/\ pending = [j1 |-> None, j2 |-> None]
/\ sjAbortHandled = [j1 |-> FALSE, j2 |-> FALSE]
/\ cjProc = (c1 :> [j1 |-> "None", j2 |-> "None"] @@ c2 :> [j1 |-> "None", j2 |-> "None"])
/\ latchInStopWin = [j1 |-> FALSE, j2 |-> FALSE]
/\ msgs = <<>>
/\ wfc = [j1 |-> FALSE, j2 |-> FALSE]
/\ tagged = {}
/\ rmp = [j1 |-> 0, j2 |-> 0]
/\ shared = [j1 |-> FALSE, j2 |-> FALSE]
/\ disabled = {}
/\ sjErr = [j1 |-> FALSE, j2 |-> FALSE]
/\ latched = [j1 |-> None, j2 |-> None]
/\ rpc = [ ready |-> None,
  pc |-> "ScanRead",
  job |-> None,
  att |-> 0,
  listed |-> {"j1", "j2"},
  queue |-> <<>>,
  cnt |-> [j1 |-> 0, j2 |-> 0],
  chk |-> {},
  failed |-> <<>>,
  blocked |-> <<>>,
  fb |-> <<>>,
  disp |-> {},
  dep |-> {},
  jid |-> FALSE,
  snap |-> None,
  sreq |-> {} ]
/\ exc = [j1 |-> None, j2 |-> None]
/\ runningJobs = {}
/\ failRunRec = [j1 |-> FALSE, j2 |-> FALSE]
/\ startFailCause = [j1 |-> "none", j2 |-> "none"]
/\ adm = [j1 |-> [pc |-> "Idle", snap |-> None], j2 |-> [pc |-> "Idle", snap |-> None]]
/\ slots = {}
/\ termHb = (c1 :> [j1 |-> 0, j2 |-> 0] @@ c2 :> [j1 |-> 0, j2 |-> 0])
/\ grp = (c1 :> [j1 |-> FALSE, j2 |-> FALSE] @@ c2 :> [j1 |-> FALSE, j2 |-> FALSE])
/\ wfcStale = [j1 |-> None, j2 |-> None]
/\ pCount = [j1 |-> 0, j2 |-> 0]
/\ status = [j1 |-> "SUBMITTED", j2 |-> "SUBMITTED"]
/\ ovw = {}
/\ firstTerm = [j1 |-> None, j2 |-> None]
/\ ackAbort = [j1 |-> FALSE, j2 |-> FALSE]
/\ sjRC = [j1 |-> 0, j2 |-> 0]
/\ runAborted = [j1 |-> FALSE, j2 |-> FALSE]

State 3: <MCRunnerScanReadOne("j1") line 164, col 27 to line 164, col 71 of module MC>
/\ cpAlive = (c1 :> TRUE @@ c2 :> TRUE)
/\ failAccepted = [j1 |-> FALSE, j2 |-> FALSE]
/\ free = (c1 :> (u1 :> 1) @@ c2 :> (u1 :> 1))
/\ using = (c1 :> [j1 |-> {}, j2 |-> {}] @@ c2 :> [j1 |-> {}, j2 |-> {}])
/\ cjAbortMsg = (c1 :> [j1 |-> 0, j2 |-> 0] @@ c2 :> [j1 |-> 0, j2 |-> 0])
/\ resv = (c1 :> {} @@ c2 :> {})
/\ fc = [ hb |-> 0,
  lose |-> 0,
  chkTO |-> 0,
  stTO |-> 0,
  depFail |-> 0,
  sjLaunchFail |-> 0,
  backoff |-> 0,
  sjError |-> 0,
  sjCrash |-> 0,
  cjError |-> 0,
  cjUnsafe |-> 0,
  cjDesc |-> 0,
  cpLaunchFail |-> 0,
  crash |-> 0,
  abort |-> 0,
  delete |-> 0,
  disable |-> 0,
  appMissing |-> 0 ]
/\ abortDropped = (c1 :> [j1 |-> FALSE, j2 |-> FALSE] @@ c2 :> [j1 |-> FALSE, j2 |-> FALSE])
/\ ackInWindow = [j1 |-> FALSE, j2 |-> FALSE]
/\ nextAtt = 1
/\ endedEv = [j1 |-> FALSE, j2 |-> FALSE]
/\ micro = [ wfcRead |-> [j1 |-> FALSE, j2 |-> FALSE],
  wfcHad |-> [j1 |-> FALSE, j2 |-> FALSE],
  reaped |->
      ( c1 :> [j1 |-> FALSE, j2 |-> FALSE] @@
        c2 :> [j1 |-> FALSE, j2 |-> FALSE] ),
  removals |-> [j1 |-> 0, j2 |-> 0],
  sjBooted |-> [j1 |-> FALSE, j2 |-> FALSE],
  cjSynced |->
      ( c1 :> [j1 |-> FALSE, j2 |-> FALSE] @@
        c2 :> [j1 |-> FALSE, j2 |-> FALSE] ),
  delAdm |->
      [ j1 |-> [pc |-> "Idle", snap |-> None],
        j2 |-> [pc |-> "Idle", snap |-> None] ],
  reports |->
      ( c1 :>
            [ j1 |-> [pc |-> "Idle", accepted |-> FALSE],
              j2 |-> [pc |-> "Idle", accepted |-> FALSE] ] @@
        c2 :>
            [ j1 |-> [pc |-> "Idle", accepted |-> FALSE],
              j2 |-> [pc |-> "Idle", accepted |-> FALSE] ] ) ]
/\ cjReg = (c1 :> [j1 |-> None, j2 |-> None] @@ c2 :> [j1 |-> None, j2 |-> None])
/\ alloc = (c1 :> [j1 |-> {}, j2 |-> {}] @@ c2 :> [j1 |-> {}, j2 |-> {}])
/\ ackStop = [j1 |-> FALSE, j2 |-> FALSE]
/\ cpc = [ pc |-> "Idle",
  job |-> None,
  failed |-> FALSE,
  aborted |-> FALSE,
  hadExc |-> FALSE ]
/\ termP = (c1 :> [j1 |-> 0, j2 |-> 0] @@ c2 :> [j1 |-> 0, j2 |-> 0])
/\ waiter = (c1 :> [j1 |-> FALSE, j2 |-> FALSE] @@ c2 :> [j1 |-> FALSE, j2 |-> FALSE])
/\ postAckLaunch = [j1 |-> FALSE, j2 |-> FALSE]
/\ sessions = {c1, c2}
/\ rp = [j1 |-> None, j2 |-> None]
/\ cst = (c1 :> [j1 |-> None, j2 |-> None] @@ c2 :> [j1 |-> None, j2 |-> None])
/\ sj = [j1 |-> "None", j2 |-> "None"]
/\ sweeper = [pc |-> "Idle", cl |-> None, snap |-> 0, blocking |-> FALSE]
/\ cjRC = (c1 :> [j1 |-> 0, j2 |-> 0] @@ c2 :> [j1 |-> 0, j2 |-> 0])
/\ startedEv = [j1 |-> FALSE, j2 |-> FALSE]
/\ exeErrRec = [j1 |-> FALSE, j2 |-> FALSE]
/\ launches = [j1 |-> 0, j2 |-> 0]
/\ pending = [j1 |-> None, j2 |-> None]
/\ sjAbortHandled = [j1 |-> FALSE, j2 |-> FALSE]
/\ cjProc = (c1 :> [j1 |-> "None", j2 |-> "None"] @@ c2 :> [j1 |-> "None", j2 |-> "None"])
/\ latchInStopWin = [j1 |-> FALSE, j2 |-> FALSE]
/\ msgs = <<>>
/\ wfc = [j1 |-> FALSE, j2 |-> FALSE]
/\ tagged = {}
/\ rmp = [j1 |-> 0, j2 |-> 0]
/\ shared = [j1 |-> FALSE, j2 |-> FALSE]
/\ disabled = {}
/\ sjErr = [j1 |-> FALSE, j2 |-> FALSE]
/\ latched = [j1 |-> None, j2 |-> None]
/\ rpc = [ ready |-> None,
  pc |-> "ScanRead",
  job |-> None,
  att |-> 0,
  listed |-> {"j2"},
  queue |-> <<"j1">>,
  cnt |-> [j1 |-> 0, j2 |-> 0],
  chk |-> {},
  failed |-> <<>>,
  blocked |-> <<>>,
  fb |-> <<>>,
  disp |-> {},
  dep |-> {},
  jid |-> FALSE,
  snap |-> None,
  sreq |-> {} ]
/\ exc = [j1 |-> None, j2 |-> None]
/\ runningJobs = {}
/\ failRunRec = [j1 |-> FALSE, j2 |-> FALSE]
/\ startFailCause = [j1 |-> "none", j2 |-> "none"]
/\ adm = [j1 |-> [pc |-> "Idle", snap |-> None], j2 |-> [pc |-> "Idle", snap |-> None]]
/\ slots = {}
/\ termHb = (c1 :> [j1 |-> 0, j2 |-> 0] @@ c2 :> [j1 |-> 0, j2 |-> 0])
/\ grp = (c1 :> [j1 |-> FALSE, j2 |-> FALSE] @@ c2 :> [j1 |-> FALSE, j2 |-> FALSE])
/\ wfcStale = [j1 |-> None, j2 |-> None]
/\ pCount = [j1 |-> 0, j2 |-> 0]
/\ status = [j1 |-> "SUBMITTED", j2 |-> "SUBMITTED"]
/\ ovw = {}
/\ firstTerm = [j1 |-> None, j2 |-> None]
/\ ackAbort = [j1 |-> FALSE, j2 |-> FALSE]
/\ sjRC = [j1 |-> 0, j2 |-> 0]
/\ runAborted = [j1 |-> FALSE, j2 |-> FALSE]

State 4: <MCRunnerScanReadOne("j2") line 164, col 27 to line 164, col 71 of module MC>
/\ cpAlive = (c1 :> TRUE @@ c2 :> TRUE)
/\ failAccepted = [j1 |-> FALSE, j2 |-> FALSE]
/\ free = (c1 :> (u1 :> 1) @@ c2 :> (u1 :> 1))
/\ using = (c1 :> [j1 |-> {}, j2 |-> {}] @@ c2 :> [j1 |-> {}, j2 |-> {}])
/\ cjAbortMsg = (c1 :> [j1 |-> 0, j2 |-> 0] @@ c2 :> [j1 |-> 0, j2 |-> 0])
/\ resv = (c1 :> {} @@ c2 :> {})
/\ fc = [ hb |-> 0,
  lose |-> 0,
  chkTO |-> 0,
  stTO |-> 0,
  depFail |-> 0,
  sjLaunchFail |-> 0,
  backoff |-> 0,
  sjError |-> 0,
  sjCrash |-> 0,
  cjError |-> 0,
  cjUnsafe |-> 0,
  cjDesc |-> 0,
  cpLaunchFail |-> 0,
  crash |-> 0,
  abort |-> 0,
  delete |-> 0,
  disable |-> 0,
  appMissing |-> 0 ]
/\ abortDropped = (c1 :> [j1 |-> FALSE, j2 |-> FALSE] @@ c2 :> [j1 |-> FALSE, j2 |-> FALSE])
/\ ackInWindow = [j1 |-> FALSE, j2 |-> FALSE]
/\ nextAtt = 1
/\ endedEv = [j1 |-> FALSE, j2 |-> FALSE]
/\ micro = [ wfcRead |-> [j1 |-> FALSE, j2 |-> FALSE],
  wfcHad |-> [j1 |-> FALSE, j2 |-> FALSE],
  reaped |->
      ( c1 :> [j1 |-> FALSE, j2 |-> FALSE] @@
        c2 :> [j1 |-> FALSE, j2 |-> FALSE] ),
  removals |-> [j1 |-> 0, j2 |-> 0],
  sjBooted |-> [j1 |-> FALSE, j2 |-> FALSE],
  cjSynced |->
      ( c1 :> [j1 |-> FALSE, j2 |-> FALSE] @@
        c2 :> [j1 |-> FALSE, j2 |-> FALSE] ),
  delAdm |->
      [ j1 |-> [pc |-> "Idle", snap |-> None],
        j2 |-> [pc |-> "Idle", snap |-> None] ],
  reports |->
      ( c1 :>
            [ j1 |-> [pc |-> "Idle", accepted |-> FALSE],
              j2 |-> [pc |-> "Idle", accepted |-> FALSE] ] @@
        c2 :>
            [ j1 |-> [pc |-> "Idle", accepted |-> FALSE],
              j2 |-> [pc |-> "Idle", accepted |-> FALSE] ] ) ]
/\ cjReg = (c1 :> [j1 |-> None, j2 |-> None] @@ c2 :> [j1 |-> None, j2 |-> None])
/\ alloc = (c1 :> [j1 |-> {}, j2 |-> {}] @@ c2 :> [j1 |-> {}, j2 |-> {}])
/\ ackStop = [j1 |-> FALSE, j2 |-> FALSE]
/\ cpc = [ pc |-> "Idle",
  job |-> None,
  failed |-> FALSE,
  aborted |-> FALSE,
  hadExc |-> FALSE ]
/\ termP = (c1 :> [j1 |-> 0, j2 |-> 0] @@ c2 :> [j1 |-> 0, j2 |-> 0])
/\ waiter = (c1 :> [j1 |-> FALSE, j2 |-> FALSE] @@ c2 :> [j1 |-> FALSE, j2 |-> FALSE])
/\ postAckLaunch = [j1 |-> FALSE, j2 |-> FALSE]
/\ sessions = {c1, c2}
/\ rp = [j1 |-> None, j2 |-> None]
/\ cst = (c1 :> [j1 |-> None, j2 |-> None] @@ c2 :> [j1 |-> None, j2 |-> None])
/\ sj = [j1 |-> "None", j2 |-> "None"]
/\ sweeper = [pc |-> "Idle", cl |-> None, snap |-> 0, blocking |-> FALSE]
/\ cjRC = (c1 :> [j1 |-> 0, j2 |-> 0] @@ c2 :> [j1 |-> 0, j2 |-> 0])
/\ startedEv = [j1 |-> FALSE, j2 |-> FALSE]
/\ exeErrRec = [j1 |-> FALSE, j2 |-> FALSE]
/\ launches = [j1 |-> 0, j2 |-> 0]
/\ pending = [j1 |-> None, j2 |-> None]
/\ sjAbortHandled = [j1 |-> FALSE, j2 |-> FALSE]
/\ cjProc = (c1 :> [j1 |-> "None", j2 |-> "None"] @@ c2 :> [j1 |-> "None", j2 |-> "None"])
/\ latchInStopWin = [j1 |-> FALSE, j2 |-> FALSE]
/\ msgs = <<>>
/\ wfc = [j1 |-> FALSE, j2 |-> FALSE]
/\ tagged = {}
/\ rmp = [j1 |-> 0, j2 |-> 0]
/\ shared = [j1 |-> FALSE, j2 |-> FALSE]
/\ disabled = {}
/\ sjErr = [j1 |-> FALSE, j2 |-> FALSE]
/\ latched = [j1 |-> None, j2 |-> None]
/\ rpc = [ ready |-> None,
  pc |-> "ScanRead",
  job |-> None,
  att |-> 0,
  listed |-> {},
  queue |-> <<"j1", "j2">>,
  cnt |-> [j1 |-> 0, j2 |-> 0],
  chk |-> {},
  failed |-> <<>>,
  blocked |-> <<>>,
  fb |-> <<>>,
  disp |-> {},
  dep |-> {},
  jid |-> FALSE,
  snap |-> None,
  sreq |-> {} ]
/\ exc = [j1 |-> None, j2 |-> None]
/\ runningJobs = {}
/\ failRunRec = [j1 |-> FALSE, j2 |-> FALSE]
/\ startFailCause = [j1 |-> "none", j2 |-> "none"]
/\ adm = [j1 |-> [pc |-> "Idle", snap |-> None], j2 |-> [pc |-> "Idle", snap |-> None]]
/\ slots = {}
/\ termHb = (c1 :> [j1 |-> 0, j2 |-> 0] @@ c2 :> [j1 |-> 0, j2 |-> 0])
/\ grp = (c1 :> [j1 |-> FALSE, j2 |-> FALSE] @@ c2 :> [j1 |-> FALSE, j2 |-> FALSE])
/\ wfcStale = [j1 |-> None, j2 |-> None]
/\ pCount = [j1 |-> 0, j2 |-> 0]
/\ status = [j1 |-> "SUBMITTED", j2 |-> "SUBMITTED"]
/\ ovw = {}
/\ firstTerm = [j1 |-> None, j2 |-> None]
/\ ackAbort = [j1 |-> FALSE, j2 |-> FALSE]
/\ sjRC = [j1 |-> 0, j2 |-> 0]
/\ runAborted = [j1 |-> FALSE, j2 |-> FALSE]

State 5: <MCAdminAbortBegin("j1") line 92, col 25 to line 92, col 89 of module MC>
/\ cpAlive = (c1 :> TRUE @@ c2 :> TRUE)
/\ failAccepted = [j1 |-> FALSE, j2 |-> FALSE]
/\ free = (c1 :> (u1 :> 1) @@ c2 :> (u1 :> 1))
/\ using = (c1 :> [j1 |-> {}, j2 |-> {}] @@ c2 :> [j1 |-> {}, j2 |-> {}])
/\ cjAbortMsg = (c1 :> [j1 |-> 0, j2 |-> 0] @@ c2 :> [j1 |-> 0, j2 |-> 0])
/\ resv = (c1 :> {} @@ c2 :> {})
/\ fc = [ hb |-> 0,
  lose |-> 0,
  chkTO |-> 0,
  stTO |-> 0,
  depFail |-> 0,
  sjLaunchFail |-> 0,
  backoff |-> 0,
  sjError |-> 0,
  sjCrash |-> 0,
  cjError |-> 0,
  cjUnsafe |-> 0,
  cjDesc |-> 0,
  cpLaunchFail |-> 0,
  crash |-> 0,
  abort |-> 1,
  delete |-> 0,
  disable |-> 0,
  appMissing |-> 0 ]
/\ abortDropped = (c1 :> [j1 |-> FALSE, j2 |-> FALSE] @@ c2 :> [j1 |-> FALSE, j2 |-> FALSE])
/\ ackInWindow = [j1 |-> FALSE, j2 |-> FALSE]
/\ nextAtt = 1
/\ endedEv = [j1 |-> FALSE, j2 |-> FALSE]
/\ micro = [ wfcRead |-> [j1 |-> FALSE, j2 |-> FALSE],
  wfcHad |-> [j1 |-> FALSE, j2 |-> FALSE],
  reaped |->
      ( c1 :> [j1 |-> FALSE, j2 |-> FALSE] @@
        c2 :> [j1 |-> FALSE, j2 |-> FALSE] ),
  removals |-> [j1 |-> 0, j2 |-> 0],
  sjBooted |-> [j1 |-> FALSE, j2 |-> FALSE],
  cjSynced |->
      ( c1 :> [j1 |-> FALSE, j2 |-> FALSE] @@
        c2 :> [j1 |-> FALSE, j2 |-> FALSE] ),
  delAdm |->
      [ j1 |-> [pc |-> "Idle", snap |-> None],
        j2 |-> [pc |-> "Idle", snap |-> None] ],
  reports |->
      ( c1 :>
            [ j1 |-> [pc |-> "Idle", accepted |-> FALSE],
              j2 |-> [pc |-> "Idle", accepted |-> FALSE] ] @@
        c2 :>
            [ j1 |-> [pc |-> "Idle", accepted |-> FALSE],
              j2 |-> [pc |-> "Idle", accepted |-> FALSE] ] ) ]
/\ cjReg = (c1 :> [j1 |-> None, j2 |-> None] @@ c2 :> [j1 |-> None, j2 |-> None])
/\ alloc = (c1 :> [j1 |-> {}, j2 |-> {}] @@ c2 :> [j1 |-> {}, j2 |-> {}])
/\ ackStop = [j1 |-> FALSE, j2 |-> FALSE]
/\ cpc = [ pc |-> "Idle",
  job |-> None,
  failed |-> FALSE,
  aborted |-> FALSE,
  hadExc |-> FALSE ]
/\ termP = (c1 :> [j1 |-> 0, j2 |-> 0] @@ c2 :> [j1 |-> 0, j2 |-> 0])
/\ waiter = (c1 :> [j1 |-> FALSE, j2 |-> FALSE] @@ c2 :> [j1 |-> FALSE, j2 |-> FALSE])
/\ postAckLaunch = [j1 |-> FALSE, j2 |-> FALSE]
/\ sessions = {c1, c2}
/\ rp = [j1 |-> None, j2 |-> None]
/\ cst = (c1 :> [j1 |-> None, j2 |-> None] @@ c2 :> [j1 |-> None, j2 |-> None])
/\ sj = [j1 |-> "None", j2 |-> "None"]
/\ sweeper = [pc |-> "Idle", cl |-> None, snap |-> 0, blocking |-> FALSE]
/\ cjRC = (c1 :> [j1 |-> 0, j2 |-> 0] @@ c2 :> [j1 |-> 0, j2 |-> 0])
/\ startedEv = [j1 |-> FALSE, j2 |-> FALSE]
/\ exeErrRec = [j1 |-> FALSE, j2 |-> FALSE]
/\ launches = [j1 |-> 0, j2 |-> 0]
/\ pending = [j1 |-> None, j2 |-> None]
/\ sjAbortHandled = [j1 |-> FALSE, j2 |-> FALSE]
/\ cjProc = (c1 :> [j1 |-> "None", j2 |-> "None"] @@ c2 :> [j1 |-> "None", j2 |-> "None"])
/\ latchInStopWin = [j1 |-> FALSE, j2 |-> FALSE]
/\ msgs = <<>>
/\ wfc = [j1 |-> FALSE, j2 |-> FALSE]
/\ tagged = {}
/\ rmp = [j1 |-> 0, j2 |-> 0]
/\ shared = [j1 |-> FALSE, j2 |-> FALSE]
/\ disabled = {}
/\ sjErr = [j1 |-> FALSE, j2 |-> FALSE]
/\ latched = [j1 |-> None, j2 |-> None]
/\ rpc = [ ready |-> None,
  pc |-> "ScanRead",
  job |-> None,
  att |-> 0,
  listed |-> {},
  queue |-> <<"j1", "j2">>,
  cnt |-> [j1 |-> 0, j2 |-> 0],
  chk |-> {},
  failed |-> <<>>,
  blocked |-> <<>>,
  fb |-> <<>>,
  disp |-> {},
  dep |-> {},
  jid |-> FALSE,
  snap |-> None,
  sreq |-> {} ]
/\ exc = [j1 |-> None, j2 |-> None]
/\ runningJobs = {}
/\ failRunRec = [j1 |-> FALSE, j2 |-> FALSE]
/\ startFailCause = [j1 |-> "none", j2 |-> "none"]
/\ adm = [ j1 |-> [pc |-> "AbortWrite", snap |-> "SUBMITTED"],
  j2 |-> [pc |-> "Idle", snap |-> None] ]
/\ slots = {}
/\ termHb = (c1 :> [j1 |-> 0, j2 |-> 0] @@ c2 :> [j1 |-> 0, j2 |-> 0])
/\ grp = (c1 :> [j1 |-> FALSE, j2 |-> FALSE] @@ c2 :> [j1 |-> FALSE, j2 |-> FALSE])
/\ wfcStale = [j1 |-> None, j2 |-> None]
/\ pCount = [j1 |-> 0, j2 |-> 0]
/\ status = [j1 |-> "SUBMITTED", j2 |-> "SUBMITTED"]
/\ ovw = {}
/\ firstTerm = [j1 |-> None, j2 |-> None]
/\ ackAbort = [j1 |-> FALSE, j2 |-> FALSE]
/\ sjRC = [j1 |-> 0, j2 |-> 0]
/\ runAborted = [j1 |-> FALSE, j2 |-> FALSE]

State 6: <MCRunnerScanRead line 104, col 28 to line 104, col 66 of module MC>
/\ cpAlive = (c1 :> TRUE @@ c2 :> TRUE)
/\ failAccepted = [j1 |-> FALSE, j2 |-> FALSE]
/\ free = (c1 :> (u1 :> 1) @@ c2 :> (u1 :> 1))
/\ using = (c1 :> [j1 |-> {}, j2 |-> {}] @@ c2 :> [j1 |-> {}, j2 |-> {}])
/\ cjAbortMsg = (c1 :> [j1 |-> 0, j2 |-> 0] @@ c2 :> [j1 |-> 0, j2 |-> 0])
/\ resv = (c1 :> {} @@ c2 :> {})
/\ fc = [ hb |-> 0,
  lose |-> 0,
  chkTO |-> 0,
  stTO |-> 0,
  depFail |-> 0,
  sjLaunchFail |-> 0,
  backoff |-> 0,
  sjError |-> 0,
  sjCrash |-> 0,
  cjError |-> 0,
  cjUnsafe |-> 0,
  cjDesc |-> 0,
  cpLaunchFail |-> 0,
  crash |-> 0,
  abort |-> 1,
  delete |-> 0,
  disable |-> 0,
  appMissing |-> 0 ]
/\ abortDropped = (c1 :> [j1 |-> FALSE, j2 |-> FALSE] @@ c2 :> [j1 |-> FALSE, j2 |-> FALSE])
/\ ackInWindow = [j1 |-> FALSE, j2 |-> FALSE]
/\ nextAtt = 1
/\ endedEv = [j1 |-> FALSE, j2 |-> FALSE]
/\ micro = [ wfcRead |-> [j1 |-> FALSE, j2 |-> FALSE],
  wfcHad |-> [j1 |-> FALSE, j2 |-> FALSE],
  reaped |->
      ( c1 :> [j1 |-> FALSE, j2 |-> FALSE] @@
        c2 :> [j1 |-> FALSE, j2 |-> FALSE] ),
  removals |-> [j1 |-> 0, j2 |-> 0],
  sjBooted |-> [j1 |-> FALSE, j2 |-> FALSE],
  cjSynced |->
      ( c1 :> [j1 |-> FALSE, j2 |-> FALSE] @@
        c2 :> [j1 |-> FALSE, j2 |-> FALSE] ),
  delAdm |->
      [ j1 |-> [pc |-> "Idle", snap |-> None],
        j2 |-> [pc |-> "Idle", snap |-> None] ],
  reports |->
      ( c1 :>
            [ j1 |-> [pc |-> "Idle", accepted |-> FALSE],
              j2 |-> [pc |-> "Idle", accepted |-> FALSE] ] @@
        c2 :>
            [ j1 |-> [pc |-> "Idle", accepted |-> FALSE],
              j2 |-> [pc |-> "Idle", accepted |-> FALSE] ] ) ]
/\ cjReg = (c1 :> [j1 |-> None, j2 |-> None] @@ c2 :> [j1 |-> None, j2 |-> None])
/\ alloc = (c1 :> [j1 |-> {}, j2 |-> {}] @@ c2 :> [j1 |-> {}, j2 |-> {}])
/\ ackStop = [j1 |-> FALSE, j2 |-> FALSE]
/\ cpc = [ pc |-> "Idle",
  job |-> None,
  failed |-> FALSE,
  aborted |-> FALSE,
  hadExc |-> FALSE ]
/\ termP = (c1 :> [j1 |-> 0, j2 |-> 0] @@ c2 :> [j1 |-> 0, j2 |-> 0])
/\ waiter = (c1 :> [j1 |-> FALSE, j2 |-> FALSE] @@ c2 :> [j1 |-> FALSE, j2 |-> FALSE])
/\ postAckLaunch = [j1 |-> FALSE, j2 |-> FALSE]
/\ sessions = {c1, c2}
/\ rp = [j1 |-> None, j2 |-> None]
/\ cst = (c1 :> [j1 |-> None, j2 |-> None] @@ c2 :> [j1 |-> None, j2 |-> None])
/\ sj = [j1 |-> "None", j2 |-> "None"]
/\ sweeper = [pc |-> "Idle", cl |-> None, snap |-> 0, blocking |-> FALSE]
/\ cjRC = (c1 :> [j1 |-> 0, j2 |-> 0] @@ c2 :> [j1 |-> 0, j2 |-> 0])
/\ startedEv = [j1 |-> FALSE, j2 |-> FALSE]
/\ exeErrRec = [j1 |-> FALSE, j2 |-> FALSE]
/\ launches = [j1 |-> 0, j2 |-> 0]
/\ pending = [j1 |-> None, j2 |-> None]
/\ sjAbortHandled = [j1 |-> FALSE, j2 |-> FALSE]
/\ cjProc = (c1 :> [j1 |-> "None", j2 |-> "None"] @@ c2 :> [j1 |-> "None", j2 |-> "None"])
/\ latchInStopWin = [j1 |-> FALSE, j2 |-> FALSE]
/\ msgs = <<>>
/\ wfc = [j1 |-> FALSE, j2 |-> FALSE]
/\ tagged = {}
/\ rmp = [j1 |-> 0, j2 |-> 0]
/\ shared = [j1 |-> FALSE, j2 |-> FALSE]
/\ disabled = {}
/\ sjErr = [j1 |-> FALSE, j2 |-> FALSE]
/\ latched = [j1 |-> None, j2 |-> None]
/\ rpc = [ ready |-> None,
  pc |-> "TryNext",
  job |-> None,
  att |-> 0,
  listed |-> {},
  queue |-> <<"j1", "j2">>,
  cnt |-> [j1 |-> 0, j2 |-> 0],
  chk |-> {},
  failed |-> <<>>,
  blocked |-> <<>>,
  fb |-> <<>>,
  disp |-> {},
  dep |-> {},
  jid |-> FALSE,
  snap |-> None,
  sreq |-> {} ]
/\ exc = [j1 |-> None, j2 |-> None]
/\ runningJobs = {}
/\ failRunRec = [j1 |-> FALSE, j2 |-> FALSE]
/\ startFailCause = [j1 |-> "none", j2 |-> "none"]
/\ adm = [ j1 |-> [pc |-> "AbortWrite", snap |-> "SUBMITTED"],
  j2 |-> [pc |-> "Idle", snap |-> None] ]
/\ slots = {}
/\ termHb = (c1 :> [j1 |-> 0, j2 |-> 0] @@ c2 :> [j1 |-> 0, j2 |-> 0])
/\ grp = (c1 :> [j1 |-> FALSE, j2 |-> FALSE] @@ c2 :> [j1 |-> FALSE, j2 |-> FALSE])
/\ wfcStale = [j1 |-> None, j2 |-> None]
/\ pCount = [j1 |-> 0, j2 |-> 0]
/\ status = [j1 |-> "SUBMITTED", j2 |-> "SUBMITTED"]
/\ ovw = {}
/\ firstTerm = [j1 |-> None, j2 |-> None]
/\ ackAbort = [j1 |-> FALSE, j2 |-> FALSE]
/\ sjRC = [j1 |-> 0, j2 |-> 0]
/\ runAborted = [j1 |-> FALSE, j2 |-> FALSE]

State 7: <MCRunnerTryNext line 105, col 28 to line 105, col 65 of module MC>
/\ cpAlive = (c1 :> TRUE @@ c2 :> TRUE)
/\ failAccepted = [j1 |-> FALSE, j2 |-> FALSE]
/\ free = (c1 :> (u1 :> 1) @@ c2 :> (u1 :> 1))
/\ using = (c1 :> [j1 |-> {}, j2 |-> {}] @@ c2 :> [j1 |-> {}, j2 |-> {}])
/\ cjAbortMsg = (c1 :> [j1 |-> 0, j2 |-> 0] @@ c2 :> [j1 |-> 0, j2 |-> 0])
/\ resv = (c1 :> {} @@ c2 :> {})
/\ fc = [ hb |-> 0,
  lose |-> 0,
  chkTO |-> 0,
  stTO |-> 0,
  depFail |-> 0,
  sjLaunchFail |-> 0,
  backoff |-> 0,
  sjError |-> 0,
  sjCrash |-> 0,
  cjError |-> 0,
  cjUnsafe |-> 0,
  cjDesc |-> 0,
  cpLaunchFail |-> 0,
  crash |-> 0,
  abort |-> 1,
  delete |-> 0,
  disable |-> 0,
  appMissing |-> 0 ]
/\ abortDropped = (c1 :> [j1 |-> FALSE, j2 |-> FALSE] @@ c2 :> [j1 |-> FALSE, j2 |-> FALSE])
/\ ackInWindow = [j1 |-> FALSE, j2 |-> FALSE]
/\ nextAtt = 2
/\ endedEv = [j1 |-> FALSE, j2 |-> FALSE]
/\ micro = [ wfcRead |-> [j1 |-> FALSE, j2 |-> FALSE],
  wfcHad |-> [j1 |-> FALSE, j2 |-> FALSE],
  reaped |->
      ( c1 :> [j1 |-> FALSE, j2 |-> FALSE] @@
        c2 :> [j1 |-> FALSE, j2 |-> FALSE] ),
  removals |-> [j1 |-> 0, j2 |-> 0],
  sjBooted |-> [j1 |-> FALSE, j2 |-> FALSE],
  cjSynced |->
      ( c1 :> [j1 |-> FALSE, j2 |-> FALSE] @@
        c2 :> [j1 |-> FALSE, j2 |-> FALSE] ),
  delAdm |->
      [ j1 |-> [pc |-> "Idle", snap |-> None],
        j2 |-> [pc |-> "Idle", snap |-> None] ],
  reports |->
      ( c1 :>
            [ j1 |-> [pc |-> "Idle", accepted |-> FALSE],
              j2 |-> [pc |-> "Idle", accepted |-> FALSE] ] @@
        c2 :>
            [ j1 |-> [pc |-> "Idle", accepted |-> FALSE],
              j2 |-> [pc |-> "Idle", accepted |-> FALSE] ] ) ]
/\ cjReg = (c1 :> [j1 |-> None, j2 |-> None] @@ c2 :> [j1 |-> None, j2 |-> None])
/\ alloc = (c1 :> [j1 |-> {}, j2 |-> {}] @@ c2 :> [j1 |-> {}, j2 |-> {}])
/\ ackStop = [j1 |-> FALSE, j2 |-> FALSE]
/\ cpc = [ pc |-> "Idle",
  job |-> None,
  failed |-> FALSE,
  aborted |-> FALSE,
  hadExc |-> FALSE ]
/\ termP = (c1 :> [j1 |-> 0, j2 |-> 0] @@ c2 :> [j1 |-> 0, j2 |-> 0])
/\ waiter = (c1 :> [j1 |-> FALSE, j2 |-> FALSE] @@ c2 :> [j1 |-> FALSE, j2 |-> FALSE])
/\ postAckLaunch = [j1 |-> FALSE, j2 |-> FALSE]
/\ sessions = {c1, c2}
/\ rp = [j1 |-> None, j2 |-> None]
/\ cst = (c1 :> [j1 |-> None, j2 |-> None] @@ c2 :> [j1 |-> None, j2 |-> None])
/\ sj = [j1 |-> "None", j2 |-> "None"]
/\ sweeper = [pc |-> "Idle", cl |-> None, snap |-> 0, blocking |-> FALSE]
/\ cjRC = (c1 :> [j1 |-> 0, j2 |-> 0] @@ c2 :> [j1 |-> 0, j2 |-> 0])
/\ startedEv = [j1 |-> FALSE, j2 |-> FALSE]
/\ exeErrRec = [j1 |-> FALSE, j2 |-> FALSE]
/\ launches = [j1 |-> 0, j2 |-> 0]
/\ pending = [j1 |-> None, j2 |-> None]
/\ sjAbortHandled = [j1 |-> FALSE, j2 |-> FALSE]
/\ cjProc = (c1 :> [j1 |-> "None", j2 |-> "None"] @@ c2 :> [j1 |-> "None", j2 |-> "None"])
/\ latchInStopWin = [j1 |-> FALSE, j2 |-> FALSE]
/\ msgs = ( [ job |-> "j1",
    ok |-> FALSE,
    code |-> 0,
    flag |-> FALSE,
    type |-> "CHECK",
    cl |-> c1,
    att |-> 1 ] :>
      1 @@
  [ job |-> "j1",
    ok |-> FALSE,
    code |-> 0,
    flag |-> FALSE,
    type |-> "CHECK",
    cl |-> c2,
    att |-> 1 ] :>
      1 )
/\ wfc = [j1 |-> FALSE, j2 |-> FALSE]
/\ tagged = {}
/\ rmp = [j1 |-> 0, j2 |-> 0]
/\ shared = [j1 |-> FALSE, j2 |-> FALSE]
/\ disabled = {}
/\ sjErr = [j1 |-> FALSE, j2 |-> FALSE]
/\ latched = [j1 |-> None, j2 |-> None]
/\ rpc = [ ready |-> None,
  pc |-> "CheckWait",
  job |-> "j1",
  att |-> 1,
  listed |-> {},
  queue |-> <<"j2">>,
  cnt |-> [j1 |-> 0, j2 |-> 0],
  chk |-> {c1, c2},
  failed |-> <<>>,
  blocked |-> <<>>,
  fb |-> <<>>,
  disp |-> {},
  dep |-> {},
  jid |-> FALSE,
  snap |-> None,
  sreq |-> {} ]
/\ exc = [j1 |-> None, j2 |-> None]
/\ runningJobs = {}
/\ failRunRec = [j1 |-> FALSE, j2 |-> FALSE]
/\ startFailCause = [j1 |-> "none", j2 |-> "none"]
/\ adm = [ j1 |-> [pc |-> "AbortWrite", snap |-> "SUBMITTED"],
  j2 |-> [pc |-> "Idle", snap |-> None] ]
/\ slots = {}
/\ termHb = (c1 :> [j1 |-> 0, j2 |-> 0] @@ c2 :> [j1 |-> 0, j2 |-> 0])
/\ grp = (c1 :> [j1 |-> FALSE, j2 |-> FALSE] @@ c2 :> [j1 |-> FALSE, j2 |-> FALSE])
/\ wfcStale = [j1 |-> None, j2 |-> None]
/\ pCount = [j1 |-> 0, j2 |-> 0]
/\ status = [j1 |-> "SUBMITTED", j2 |-> "SUBMITTED"]
/\ ovw = {}
/\ firstTerm = [j1 |-> None, j2 |-> None]
/\ ackAbort = [j1 |-> FALSE, j2 |-> FALSE]
/\ sjRC = [j1 |-> 0, j2 |-> 0]
/\ runAborted = [j1 |-> FALSE, j2 |-> FALSE]

State 8: <MsgCheckResource line 156, col 31 to line 156, col 73 of module MC>
/\ cpAlive = (c1 :> TRUE @@ c2 :> TRUE)
/\ failAccepted = [j1 |-> FALSE, j2 |-> FALSE]
/\ free = (c1 :> (u1 :> 0) @@ c2 :> (u1 :> 1))
/\ using = (c1 :> [j1 |-> {}, j2 |-> {}] @@ c2 :> [j1 |-> {}, j2 |-> {}])
/\ cjAbortMsg = (c1 :> [j1 |-> 0, j2 |-> 0] @@ c2 :> [j1 |-> 0, j2 |-> 0])
/\ resv = (c1 :> {[job |-> "j1", tok |-> 1, units |-> {u1}, ttl |-> 1]} @@ c2 :> {})
/\ fc = [ hb |-> 0,
  lose |-> 0,
  chkTO |-> 0,
  stTO |-> 0,
  depFail |-> 0,
  sjLaunchFail |-> 0,
  backoff |-> 0,
  sjError |-> 0,
  sjCrash |-> 0,
  cjError |-> 0,
  cjUnsafe |-> 0,
  cjDesc |-> 0,
  cpLaunchFail |-> 0,
  crash |-> 0,
  abort |-> 1,
  delete |-> 0,
  disable |-> 0,
  appMissing |-> 0 ]
/\ abortDropped = (c1 :> [j1 |-> FALSE, j2 |-> FALSE] @@ c2 :> [j1 |-> FALSE, j2 |-> FALSE])
/\ ackInWindow = [j1 |-> FALSE, j2 |-> FALSE]
/\ nextAtt = 2
/\ endedEv = [j1 |-> FALSE, j2 |-> FALSE]
/\ micro = [ wfcRead |-> [j1 |-> FALSE, j2 |-> FALSE],
  wfcHad |-> [j1 |-> FALSE, j2 |-> FALSE],
  reaped |->
      ( c1 :> [j1 |-> FALSE, j2 |-> FALSE] @@
        c2 :> [j1 |-> FALSE, j2 |-> FALSE] ),
  removals |-> [j1 |-> 0, j2 |-> 0],
  sjBooted |-> [j1 |-> FALSE, j2 |-> FALSE],
  cjSynced |->
      ( c1 :> [j1 |-> FALSE, j2 |-> FALSE] @@
        c2 :> [j1 |-> FALSE, j2 |-> FALSE] ),
  delAdm |->
      [ j1 |-> [pc |-> "Idle", snap |-> None],
        j2 |-> [pc |-> "Idle", snap |-> None] ],
  reports |->
      ( c1 :>
            [ j1 |-> [pc |-> "Idle", accepted |-> FALSE],
              j2 |-> [pc |-> "Idle", accepted |-> FALSE] ] @@
        c2 :>
            [ j1 |-> [pc |-> "Idle", accepted |-> FALSE],
              j2 |-> [pc |-> "Idle", accepted |-> FALSE] ] ) ]
/\ cjReg = (c1 :> [j1 |-> None, j2 |-> None] @@ c2 :> [j1 |-> None, j2 |-> None])
/\ alloc = (c1 :> [j1 |-> {}, j2 |-> {}] @@ c2 :> [j1 |-> {}, j2 |-> {}])
/\ ackStop = [j1 |-> FALSE, j2 |-> FALSE]
/\ cpc = [ pc |-> "Idle",
  job |-> None,
  failed |-> FALSE,
  aborted |-> FALSE,
  hadExc |-> FALSE ]
/\ termP = (c1 :> [j1 |-> 0, j2 |-> 0] @@ c2 :> [j1 |-> 0, j2 |-> 0])
/\ waiter = (c1 :> [j1 |-> FALSE, j2 |-> FALSE] @@ c2 :> [j1 |-> FALSE, j2 |-> FALSE])
/\ postAckLaunch = [j1 |-> FALSE, j2 |-> FALSE]
/\ sessions = {c1, c2}
/\ rp = [j1 |-> None, j2 |-> None]
/\ cst = (c1 :> [j1 |-> None, j2 |-> None] @@ c2 :> [j1 |-> None, j2 |-> None])
/\ sj = [j1 |-> "None", j2 |-> "None"]
/\ sweeper = [pc |-> "Idle", cl |-> None, snap |-> 0, blocking |-> FALSE]
/\ cjRC = (c1 :> [j1 |-> 0, j2 |-> 0] @@ c2 :> [j1 |-> 0, j2 |-> 0])
/\ startedEv = [j1 |-> FALSE, j2 |-> FALSE]
/\ exeErrRec = [j1 |-> FALSE, j2 |-> FALSE]
/\ launches = [j1 |-> 0, j2 |-> 0]
/\ pending = [j1 |-> None, j2 |-> None]
/\ sjAbortHandled = [j1 |-> FALSE, j2 |-> FALSE]
/\ cjProc = (c1 :> [j1 |-> "None", j2 |-> "None"] @@ c2 :> [j1 |-> "None", j2 |-> "None"])
/\ latchInStopWin = [j1 |-> FALSE, j2 |-> FALSE]
/\ msgs = ( [ job |-> "j1",
    ok |-> FALSE,
    code |-> 0,
    flag |-> FALSE,
    type |-> "CHECK",
    cl |-> c2,
    att |-> 1 ] :>
      1 @@
  [ job |-> "j1",
    ok |-> TRUE,
    code |-> 0,
    flag |-> FALSE,
    type |-> "CHECK_REP",
    cl |-> c1,
    att |-> 1 ] :>
      1 )
/\ wfc = [j1 |-> FALSE, j2 |-> FALSE]
/\ tagged = {}
/\ rmp = [j1 |-> 0, j2 |-> 0]
/\ shared = [j1 |-> FALSE, j2 |-> FALSE]
/\ disabled = {}
/\ sjErr = [j1 |-> FALSE, j2 |-> FALSE]
/\ latched = [j1 |-> None, j2 |-> None]
/\ rpc = [ ready |-> None,
  pc |-> "CheckWait",
  job |-> "j1",
  att |-> 1,
  listed |-> {},
  queue |-> <<"j2">>,
  cnt |-> [j1 |-> 0, j2 |-> 0],
  chk |-> {c1, c2},
  failed |-> <<>>,
  blocked |-> <<>>,
  fb |-> <<>>,
  disp |-> {},
  dep |-> {},
  jid |-> FALSE,
  snap |-> None,
  sreq |-> {} ]
/\ exc = [j1 |-> None, j2 |-> None]
/\ runningJobs = {}
/\ failRunRec = [j1 |-> FALSE, j2 |-> FALSE]
/\ startFailCause = [j1 |-> "none", j2 |-> "none"]
/\ adm = [ j1 |-> [pc |-> "AbortWrite", snap |-> "SUBMITTED"],
  j2 |-> [pc |-> "Idle", snap |-> None] ]
/\ slots = {}
/\ termHb = (c1 :> [j1 |-> 0, j2 |-> 0] @@ c2 :> [j1 |-> 0, j2 |-> 0])
/\ grp = (c1 :> [j1 |-> FALSE, j2 |-> FALSE] @@ c2 :> [j1 |-> FALSE, j2 |-> FALSE])
/\ wfcStale = [j1 |-> None, j2 |-> None]
/\ pCount = [j1 |-> 0, j2 |-> 0]
/\ status = [j1 |-> "SUBMITTED", j2 |-> "SUBMITTED"]
/\ ovw = {}
/\ firstTerm = [j1 |-> None, j2 |-> None]
/\ ackAbort = [j1 |-> FALSE, j2 |-> FALSE]
/\ sjRC = [j1 |-> 0, j2 |-> 0]
/\ runAborted = [j1 |-> FALSE, j2 |-> FALSE]

State 9: <MCRunnerCheckTimeout line 59, col 8 to line 60, col 47 of module MC>
/\ cpAlive = (c1 :> TRUE @@ c2 :> TRUE)
/\ failAccepted = [j1 |-> FALSE, j2 |-> FALSE]
/\ free = (c1 :> (u1 :> 0) @@ c2 :> (u1 :> 1))
/\ using = (c1 :> [j1 |-> {}, j2 |-> {}] @@ c2 :> [j1 |-> {}, j2 |-> {}])
/\ cjAbortMsg = (c1 :> [j1 |-> 0, j2 |-> 0] @@ c2 :> [j1 |-> 0, j2 |-> 0])
/\ resv = (c1 :> {[job |-> "j1", tok |-> 1, units |-> {u1}, ttl |-> 1]} @@ c2 :> {})
/\ fc = [ hb |-> 0,
  lose |-> 0,
  chkTO |-> 1,
  stTO |-> 0,
  depFail |-> 0,
  sjLaunchFail |-> 0,
  backoff |-> 0,
  sjError |-> 0,
  sjCrash |-> 0,
  cjError |-> 0,
  cjUnsafe |-> 0,
  cjDesc |-> 0,
  cpLaunchFail |-> 0,
  crash |-> 0,
  abort |-> 1,
  delete |-> 0,
  disable |-> 0,
  appMissing |-> 0 ]
/\ abortDropped = (c1 :> [j1 |-> FALSE, j2 |-> FALSE] @@ c2 :> [j1 |-> FALSE, j2 |-> FALSE])
/\ ackInWindow = [j1 |-> FALSE, j2 |-> FALSE]
/\ nextAtt = 2
/\ endedEv = [j1 |-> FALSE, j2 |-> FALSE]
/\ micro = [ wfcRead |-> [j1 |-> FALSE, j2 |-> FALSE],
  wfcHad |-> [j1 |-> FALSE, j2 |-> FALSE],
  reaped |->
      ( c1 :> [j1 |-> FALSE, j2 |-> FALSE] @@
        c2 :> [j1 |-> FALSE, j2 |-> FALSE] ),
  removals |-> [j1 |-> 0, j2 |-> 0],
  sjBooted |-> [j1 |-> FALSE, j2 |-> FALSE],
  cjSynced |->
      ( c1 :> [j1 |-> FALSE, j2 |-> FALSE] @@
        c2 :> [j1 |-> FALSE, j2 |-> FALSE] ),
  delAdm |->
      [ j1 |-> [pc |-> "Idle", snap |-> None],
        j2 |-> [pc |-> "Idle", snap |-> None] ],
  reports |->
      ( c1 :>
            [ j1 |-> [pc |-> "Idle", accepted |-> FALSE],
              j2 |-> [pc |-> "Idle", accepted |-> FALSE] ] @@
        c2 :>
            [ j1 |-> [pc |-> "Idle", accepted |-> FALSE],
              j2 |-> [pc |-> "Idle", accepted |-> FALSE] ] ) ]
/\ cjReg = (c1 :> [j1 |-> None, j2 |-> None] @@ c2 :> [j1 |-> None, j2 |-> None])
/\ alloc = (c1 :> [j1 |-> {}, j2 |-> {}] @@ c2 :> [j1 |-> {}, j2 |-> {}])
/\ ackStop = [j1 |-> FALSE, j2 |-> FALSE]
/\ cpc = [ pc |-> "Idle",
  job |-> None,
  failed |-> FALSE,
  aborted |-> FALSE,
  hadExc |-> FALSE ]
/\ termP = (c1 :> [j1 |-> 0, j2 |-> 0] @@ c2 :> [j1 |-> 0, j2 |-> 0])
/\ waiter = (c1 :> [j1 |-> FALSE, j2 |-> FALSE] @@ c2 :> [j1 |-> FALSE, j2 |-> FALSE])
/\ postAckLaunch = [j1 |-> FALSE, j2 |-> FALSE]
/\ sessions = {c1, c2}
/\ rp = [j1 |-> None, j2 |-> None]
/\ cst = (c1 :> [j1 |-> None, j2 |-> None] @@ c2 :> [j1 |-> None, j2 |-> None])
/\ sj = [j1 |-> "None", j2 |-> "None"]
/\ sweeper = [pc |-> "Idle", cl |-> None, snap |-> 0, blocking |-> FALSE]
/\ cjRC = (c1 :> [j1 |-> 0, j2 |-> 0] @@ c2 :> [j1 |-> 0, j2 |-> 0])
/\ startedEv = [j1 |-> FALSE, j2 |-> FALSE]
/\ exeErrRec = [j1 |-> FALSE, j2 |-> FALSE]
/\ launches = [j1 |-> 0, j2 |-> 0]
/\ pending = [j1 |-> None, j2 |-> None]
/\ sjAbortHandled = [j1 |-> FALSE, j2 |-> FALSE]
/\ cjProc = (c1 :> [j1 |-> "None", j2 |-> "None"] @@ c2 :> [j1 |-> "None", j2 |-> "None"])
/\ latchInStopWin = [j1 |-> FALSE, j2 |-> FALSE]
/\ msgs = ( [ job |-> "j1",
    ok |-> FALSE,
    code |-> 0,
    flag |-> FALSE,
    type |-> "CHECK",
    cl |-> c2,
    att |-> 1 ] :>
      1 )
/\ wfc = [j1 |-> FALSE, j2 |-> FALSE]
/\ tagged = {}
/\ rmp = [j1 |-> 0, j2 |-> 0]
/\ shared = [j1 |-> FALSE, j2 |-> FALSE]
/\ disabled = {}
/\ sjErr = [j1 |-> FALSE, j2 |-> FALSE]
/\ latched = [j1 |-> None, j2 |-> None]
/\ rpc = [ ready |-> "j1",
  pc |-> "ChkSubmitted",
  job |-> None,
  att |-> 1,
  listed |-> {},
  queue |-> <<>>,
  cnt |-> [j1 |-> 1, j2 |-> 0],
  chk |-> {},
  failed |-> <<>>,
  blocked |-> <<>>,
  fb |-> <<>>,
  disp |-> {c1},
  dep |-> {},
  jid |-> FALSE,
  snap |-> None,
  sreq |-> {} ]
/\ exc = [j1 |-> None, j2 |-> None]
/\ runningJobs = {}
/\ failRunRec = [j1 |-> FALSE, j2 |-> FALSE]
/\ startFailCause = [j1 |-> "none", j2 |-> "none"]
/\ adm = [ j1 |-> [pc |-> "AbortWrite", snap |-> "SUBMITTED"],
  j2 |-> [pc |-> "Idle", snap |-> None] ]
/\ slots = {}
/\ termHb = (c1 :> [j1 |-> 0, j2 |-> 0] @@ c2 :> [j1 |-> 0, j2 |-> 0])
/\ grp = (c1 :> [j1 |-> FALSE, j2 |-> FALSE] @@ c2 :> [j1 |-> FALSE, j2 |-> FALSE])
/\ wfcStale = [j1 |-> None, j2 |-> None]
/\ pCount = [j1 |-> 0, j2 |-> 0]
/\ status = [j1 |-> "SUBMITTED", j2 |-> "SUBMITTED"]
/\ ovw = {}
/\ firstTerm = [j1 |-> None, j2 |-> None]
/\ ackAbort = [j1 |-> FALSE, j2 |-> FALSE]
/\ sjRC = [j1 |-> 0, j2 |-> 0]
/\ runAborted = [j1 |-> FALSE, j2 |-> FALSE]

State 10: <MCRunnerCheckSubmitted line 111, col 28 to line 111, col 72 of module MC>
/\ cpAlive = (c1 :> TRUE @@ c2 :> TRUE)
/\ failAccepted = [j1 |-> FALSE, j2 |-> FALSE]
/\ free = (c1 :> (u1 :> 0) @@ c2 :> (u1 :> 1))
/\ using = (c1 :> [j1 |-> {}, j2 |-> {}] @@ c2 :> [j1 |-> {}, j2 |-> {}])
/\ cjAbortMsg = (c1 :> [j1 |-> 0, j2 |-> 0] @@ c2 :> [j1 |-> 0, j2 |-> 0])
/\ resv = (c1 :> {[job |-> "j1", tok |-> 1, units |-> {u1}, ttl |-> 1]} @@ c2 :> {})
/\ fc = [ hb |-> 0,
  lose |-> 0,
  chkTO |-> 1,
  stTO |-> 0,
  depFail |-> 0,
  sjLaunchFail |-> 0,
  backoff |-> 0,
  sjError |-> 0,
  sjCrash |-> 0,
  cjError |-> 0,
  cjUnsafe |-> 0,
  cjDesc |-> 0,
  cpLaunchFail |-> 0,
  crash |-> 0,
  abort |-> 1,
  delete |-> 0,
  disable |-> 0,
  appMissing |-> 0 ]
/\ abortDropped = (c1 :> [j1 |-> FALSE, j2 |-> FALSE] @@ c2 :> [j1 |-> FALSE, j2 |-> FALSE])
/\ ackInWindow = [j1 |-> FALSE, j2 |-> FALSE]
/\ nextAtt = 2
/\ endedEv = [j1 |-> FALSE, j2 |-> FALSE]
/\ micro = [ wfcRead |-> [j1 |-> FALSE, j2 |-> FALSE],
  wfcHad |-> [j1 |-> FALSE, j2 |-> FALSE],
  reaped |->
      ( c1 :> [j1 |-> FALSE, j2 |-> FALSE] @@
        c2 :> [j1 |-> FALSE, j2 |-> FALSE] ),
  removals |-> [j1 |-> 0, j2 |-> 0],
  sjBooted |-> [j1 |-> FALSE, j2 |-> FALSE],
  cjSynced |->
      ( c1 :> [j1 |-> FALSE, j2 |-> FALSE] @@
        c2 :> [j1 |-> FALSE, j2 |-> FALSE] ),
  delAdm |->
      [ j1 |-> [pc |-> "Idle", snap |-> None],
        j2 |-> [pc |-> "Idle", snap |-> None] ],
  reports |->
      ( c1 :>
            [ j1 |-> [pc |-> "Idle", accepted |-> FALSE],
              j2 |-> [pc |-> "Idle", accepted |-> FALSE] ] @@
        c2 :>
            [ j1 |-> [pc |-> "Idle", accepted |-> FALSE],
              j2 |-> [pc |-> "Idle", accepted |-> FALSE] ] ) ]
/\ cjReg = (c1 :> [j1 |-> None, j2 |-> None] @@ c2 :> [j1 |-> None, j2 |-> None])
/\ alloc = (c1 :> [j1 |-> {}, j2 |-> {}] @@ c2 :> [j1 |-> {}, j2 |-> {}])
/\ ackStop = [j1 |-> FALSE, j2 |-> FALSE]
/\ cpc = [ pc |-> "Idle",
  job |-> None,
  failed |-> FALSE,
  aborted |-> FALSE,
  hadExc |-> FALSE ]
/\ termP = (c1 :> [j1 |-> 0, j2 |-> 0] @@ c2 :> [j1 |-> 0, j2 |-> 0])
/\ waiter = (c1 :> [j1 |-> FALSE, j2 |-> FALSE] @@ c2 :> [j1 |-> FALSE, j2 |-> FALSE])
/\ postAckLaunch = [j1 |-> FALSE, j2 |-> FALSE]
/\ sessions = {c1, c2}
/\ rp = [j1 |-> None, j2 |-> None]
/\ cst = (c1 :> [j1 |-> None, j2 |-> None] @@ c2 :> [j1 |-> None, j2 |-> None])
/\ sj = [j1 |-> "None", j2 |-> "None"]
/\ sweeper = [pc |-> "Idle", cl |-> None, snap |-> 0, blocking |-> FALSE]
/\ cjRC = (c1 :> [j1 |-> 0, j2 |-> 0] @@ c2 :> [j1 |-> 0, j2 |-> 0])
/\ startedEv = [j1 |-> FALSE, j2 |-> FALSE]
/\ exeErrRec = [j1 |-> FALSE, j2 |-> FALSE]
/\ launches = [j1 |-> 0, j2 |-> 0]
/\ pending = [j1 |-> None, j2 |-> None]
/\ sjAbortHandled = [j1 |-> FALSE, j2 |-> FALSE]
/\ cjProc = (c1 :> [j1 |-> "None", j2 |-> "None"] @@ c2 :> [j1 |-> "None", j2 |-> "None"])
/\ latchInStopWin = [j1 |-> FALSE, j2 |-> FALSE]
/\ msgs = ( [ job |-> "j1",
    ok |-> FALSE,
    code |-> 0,
    flag |-> FALSE,
    type |-> "CHECK",
    cl |-> c2,
    att |-> 1 ] :>
      1 )
/\ wfc = [j1 |-> FALSE, j2 |-> FALSE]
/\ tagged = {}
/\ rmp = [j1 |-> 0, j2 |-> 0]
/\ shared = [j1 |-> FALSE, j2 |-> FALSE]
/\ disabled = {}
/\ sjErr = [j1 |-> FALSE, j2 |-> FALSE]
/\ latched = [j1 |-> None, j2 |-> None]
/\ rpc = [ ready |-> "j1",
  pc |-> "Deploy",
  job |-> None,
  att |-> 1,
  listed |-> {},
  queue |-> <<>>,
  cnt |-> [j1 |-> 1, j2 |-> 0],
  chk |-> {},
  failed |-> <<>>,
  blocked |-> <<>>,
  fb |-> <<>>,
  disp |-> {c1},
  dep |-> {},
  jid |-> FALSE,
  snap |-> None,
  sreq |-> {} ]
/\ exc = [j1 |-> None, j2 |-> None]
/\ runningJobs = {}
/\ failRunRec = [j1 |-> FALSE, j2 |-> FALSE]
/\ startFailCause = [j1 |-> "none", j2 |-> "none"]
/\ adm = [ j1 |-> [pc |-> "AbortWrite", snap |-> "SUBMITTED"],
  j2 |-> [pc |-> "Idle", snap |-> None] ]
/\ slots = {}
/\ termHb = (c1 :> [j1 |-> 0, j2 |-> 0] @@ c2 :> [j1 |-> 0, j2 |-> 0])
/\ grp = (c1 :> [j1 |-> FALSE, j2 |-> FALSE] @@ c2 :> [j1 |-> FALSE, j2 |-> FALSE])
/\ wfcStale = [j1 |-> None, j2 |-> None]
/\ pCount = [j1 |-> 0, j2 |-> 0]
/\ status = [j1 |-> "SUBMITTED", j2 |-> "SUBMITTED"]
/\ ovw = {}
/\ firstTerm = [j1 |-> None, j2 |-> None]
/\ ackAbort = [j1 |-> FALSE, j2 |-> FALSE]
/\ sjRC = [j1 |-> 0, j2 |-> 0]
/\ runAborted = [j1 |-> FALSE, j2 |-> FALSE]

State 11: <MCRunnerDeployJob({c1}) line 69, col 5 to line 71, col 83 of module MC>
/\ cpAlive = (c1 :> TRUE @@ c2 :> TRUE)
/\ failAccepted = [j1 |-> FALSE, j2 |-> FALSE]
/\ free = (c1 :> (u1 :> 0) @@ c2 :> (u1 :> 1))
/\ using = (c1 :> [j1 |-> {}, j2 |-> {}] @@ c2 :> [j1 |-> {}, j2 |-> {}])
/\ cjAbortMsg = (c1 :> [j1 |-> 0, j2 |-> 0] @@ c2 :> [j1 |-> 0, j2 |-> 0])
/\ resv = (c1 :> {[job |-> "j1", tok |-> 1, units |-> {u1}, ttl |-> 1]} @@ c2 :> {})
/\ fc = [ hb |-> 0,
  lose |-> 0,
  chkTO |-> 1,
  stTO |-> 0,
  depFail |-> 1,
  sjLaunchFail |-> 0,
  backoff |-> 0,
  sjError |-> 0,
  sjCrash |-> 0,
  cjError |-> 0,
  cjUnsafe |-> 0,
  cjDesc |-> 0,
  cpLaunchFail |-> 0,
  crash |-> 0,
  abort |-> 1,
  delete |-> 0,
  disable |-> 0,
  appMissing |-> 0 ]
/\ abortDropped = (c1 :> [j1 |-> FALSE, j2 |-> FALSE] @@ c2 :> [j1 |-> FALSE, j2 |-> FALSE])
/\ ackInWindow = [j1 |-> FALSE, j2 |-> FALSE]
/\ nextAtt = 2
/\ endedEv = [j1 |-> FALSE, j2 |-> FALSE]
/\ micro = [ wfcRead |-> [j1 |-> FALSE, j2 |-> FALSE],
  wfcHad |-> [j1 |-> FALSE, j2 |-> FALSE],
  reaped |->
      ( c1 :> [j1 |-> FALSE, j2 |-> FALSE] @@
        c2 :> [j1 |-> FALSE, j2 |-> FALSE] ),
  removals |-> [j1 |-> 0, j2 |-> 0],
  sjBooted |-> [j1 |-> FALSE, j2 |-> FALSE],
  cjSynced |->
      ( c1 :> [j1 |-> FALSE, j2 |-> FALSE] @@
        c2 :> [j1 |-> FALSE, j2 |-> FALSE] ),
  delAdm |->
      [ j1 |-> [pc |-> "Idle", snap |-> None],
        j2 |-> [pc |-> "Idle", snap |-> None] ],
  reports |->
      ( c1 :>
            [ j1 |-> [pc |-> "Idle", accepted |-> FALSE],
              j2 |-> [pc |-> "Idle", accepted |-> FALSE] ] @@
        c2 :>
            [ j1 |-> [pc |-> "Idle", accepted |-> FALSE],
              j2 |-> [pc |-> "Idle", accepted |-> FALSE] ] ) ]
/\ cjReg = (c1 :> [j1 |-> None, j2 |-> None] @@ c2 :> [j1 |-> None, j2 |-> None])
/\ alloc = (c1 :> [j1 |-> {}, j2 |-> {}] @@ c2 :> [j1 |-> {}, j2 |-> {}])
/\ ackStop = [j1 |-> FALSE, j2 |-> FALSE]
/\ cpc = [ pc |-> "Idle",
  job |-> None,
  failed |-> FALSE,
  aborted |-> FALSE,
  hadExc |-> FALSE ]
/\ termP = (c1 :> [j1 |-> 0, j2 |-> 0] @@ c2 :> [j1 |-> 0, j2 |-> 0])
/\ waiter = (c1 :> [j1 |-> FALSE, j2 |-> FALSE] @@ c2 :> [j1 |-> FALSE, j2 |-> FALSE])
/\ postAckLaunch = [j1 |-> FALSE, j2 |-> FALSE]
/\ sessions = {c1, c2}
/\ rp = [j1 |-> None, j2 |-> None]
/\ cst = (c1 :> [j1 |-> None, j2 |-> None] @@ c2 :> [j1 |-> None, j2 |-> None])
/\ sj = [j1 |-> "None", j2 |-> "None"]
/\ sweeper = [pc |-> "Idle", cl |-> None, snap |-> 0, blocking |-> FALSE]
/\ cjRC = (c1 :> [j1 |-> 0, j2 |-> 0] @@ c2 :> [j1 |-> 0, j2 |-> 0])
/\ startedEv = [j1 |-> FALSE, j2 |-> FALSE]
/\ exeErrRec = [j1 |-> FALSE, j2 |-> FALSE]
/\ launches = [j1 |-> 0, j2 |-> 0]
/\ pending = [j1 |-> None, j2 |-> None]
/\ sjAbortHandled = [j1 |-> FALSE, j2 |-> FALSE]
/\ cjProc = (c1 :> [j1 |-> "None", j2 |-> "None"] @@ c2 :> [j1 |-> "None", j2 |-> "None"])
/\ latchInStopWin = [j1 |-> FALSE, j2 |-> FALSE]
/\ msgs = ( [ job |-> "j1",
    ok |-> FALSE,
    code |-> 0,
    flag |-> FALSE,
    type |-> "CHECK",
    cl |-> c2,
    att |-> 1 ] :>
      1 )
/\ wfc = [j1 |-> FALSE, j2 |-> FALSE]
/\ tagged = {}
/\ rmp = [j1 |-> 0, j2 |-> 0]
/\ shared = [j1 |-> FALSE, j2 |-> FALSE]
/\ disabled = {}
/\ sjErr = [j1 |-> FALSE, j2 |-> FALSE]
/\ latched = [j1 |-> None, j2 |-> None]
/\ rpc = [ ready |-> "j1",
  pc |-> "ExceptStop",
  job |-> None,
  att |-> 1,
  listed |-> {},
  queue |-> <<>>,
  cnt |-> [j1 |-> 1, j2 |-> 0],
  chk |-> {},
  failed |-> <<>>,
  blocked |-> <<>>,
  fb |-> <<>>,
  disp |-> {c1},
  dep |-> {},
  jid |-> FALSE,
  snap |-> None,
  sreq |-> {} ]
/\ exc = [j1 |-> None, j2 |-> None]
/\ runningJobs = {}
/\ failRunRec = [j1 |-> FALSE, j2 |-> FALSE]
/\ startFailCause = [j1 |-> "none", j2 |-> "none"]
/\ adm = [ j1 |-> [pc |-> "AbortWrite", snap |-> "SUBMITTED"],
  j2 |-> [pc |-> "Idle", snap |-> None] ]
/\ slots = {}
/\ termHb = (c1 :> [j1 |-> 0, j2 |-> 0] @@ c2 :> [j1 |-> 0, j2 |-> 0])
/\ grp = (c1 :> [j1 |-> FALSE, j2 |-> FALSE] @@ c2 :> [j1 |-> FALSE, j2 |-> FALSE])
/\ wfcStale = [j1 |-> None, j2 |-> None]
/\ pCount = [j1 |-> 0, j2 |-> 0]
/\ status = [j1 |-> "SUBMITTED", j2 |-> "SUBMITTED"]
/\ ovw = {}
/\ firstTerm = [j1 |-> None, j2 |-> None]
/\ ackAbort = [j1 |-> FALSE, j2 |-> FALSE]
/\ sjRC = [j1 |-> 0, j2 |-> 0]
/\ runAborted = [j1 |-> FALSE, j2 |-> FALSE]

State 12: <MCRunnerExceptStop line 120, col 28 to line 120, col 68 of module MC>
/\ cpAlive = (c1 :> TRUE @@ c2 :> TRUE)
/\ failAccepted = [j1 |-> FALSE, j2 |-> FALSE]
/\ free = (c1 :> (u1 :> 0) @@ c2 :> (u1 :> 1))
/\ using = (c1 :> [j1 |-> {}, j2 |-> {}] @@ c2 :> [j1 |-> {}, j2 |-> {}])
/\ cjAbortMsg = (c1 :> [j1 |-> 0, j2 |-> 0] @@ c2 :> [j1 |-> 0, j2 |-> 0])
/\ resv = (c1 :> {[job |-> "j1", tok |-> 1, units |-> {u1}, ttl |-> 1]} @@ c2 :> {})
/\ fc = [ hb |-> 0,
  lose |-> 0,
  chkTO |-> 1,
  stTO |-> 0,
  depFail |-> 1,
  sjLaunchFail |-> 0,
  backoff |-> 0,
  sjError |-> 0,
  sjCrash |-> 0,
  cjError |-> 0,
  cjUnsafe |-> 0,
  cjDesc |-> 0,
  cpLaunchFail |-> 0,
  crash |-> 0,
  abort |-> 1,
  delete |-> 0,
  disable |-> 0,
  appMissing |-> 0 ]
/\ abortDropped = (c1 :> [j1 |-> FALSE, j2 |-> FALSE] @@ c2 :> [j1 |-> FALSE, j2 |-> FALSE])
/\ ackInWindow = [j1 |-> FALSE, j2 |-> FALSE]
/\ nextAtt = 2
/\ endedEv = [j1 |-> FALSE, j2 |-> FALSE]
/\ micro = [ wfcRead |-> [j1 |-> FALSE, j2 |-> FALSE],
  wfcHad |-> [j1 |-> FALSE, j2 |-> FALSE],
  reaped |->
      ( c1 :> [j1 |-> FALSE, j2 |-> FALSE] @@
        c2 :> [j1 |-> FALSE, j2 |-> FALSE] ),
  removals |-> [j1 |-> 0, j2 |-> 0],
  sjBooted |-> [j1 |-> FALSE, j2 |-> FALSE],
  cjSynced |->
      ( c1 :> [j1 |-> FALSE, j2 |-> FALSE] @@
        c2 :> [j1 |-> FALSE, j2 |-> FALSE] ),
  delAdm |->
      [ j1 |-> [pc |-> "Idle", snap |-> None],
        j2 |-> [pc |-> "Idle", snap |-> None] ],
  reports |->
      ( c1 :>
            [ j1 |-> [pc |-> "Idle", accepted |-> FALSE],
              j2 |-> [pc |-> "Idle", accepted |-> FALSE] ] @@
        c2 :>
            [ j1 |-> [pc |-> "Idle", accepted |-> FALSE],
              j2 |-> [pc |-> "Idle", accepted |-> FALSE] ] ) ]
/\ cjReg = (c1 :> [j1 |-> None, j2 |-> None] @@ c2 :> [j1 |-> None, j2 |-> None])
/\ alloc = (c1 :> [j1 |-> {}, j2 |-> {}] @@ c2 :> [j1 |-> {}, j2 |-> {}])
/\ ackStop = [j1 |-> FALSE, j2 |-> FALSE]
/\ cpc = [ pc |-> "Idle",
  job |-> None,
  failed |-> FALSE,
  aborted |-> FALSE,
  hadExc |-> FALSE ]
/\ termP = (c1 :> [j1 |-> 0, j2 |-> 0] @@ c2 :> [j1 |-> 0, j2 |-> 0])
/\ waiter = (c1 :> [j1 |-> FALSE, j2 |-> FALSE] @@ c2 :> [j1 |-> FALSE, j2 |-> FALSE])
/\ postAckLaunch = [j1 |-> FALSE, j2 |-> FALSE]
/\ sessions = {c1, c2}
/\ rp = [j1 |-> None, j2 |-> None]
/\ cst = (c1 :> [j1 |-> None, j2 |-> None] @@ c2 :> [j1 |-> None, j2 |-> None])
/\ sj = [j1 |-> "None", j2 |-> "None"]
/\ sweeper = [pc |-> "Idle", cl |-> None, snap |-> 0, blocking |-> FALSE]
/\ cjRC = (c1 :> [j1 |-> 0, j2 |-> 0] @@ c2 :> [j1 |-> 0, j2 |-> 0])
/\ startedEv = [j1 |-> FALSE, j2 |-> FALSE]
/\ exeErrRec = [j1 |-> FALSE, j2 |-> FALSE]
/\ launches = [j1 |-> 0, j2 |-> 0]
/\ pending = [j1 |-> None, j2 |-> None]
/\ sjAbortHandled = [j1 |-> FALSE, j2 |-> FALSE]
/\ cjProc = (c1 :> [j1 |-> "None", j2 |-> "None"] @@ c2 :> [j1 |-> "None", j2 |-> "None"])
/\ latchInStopWin = [j1 |-> FALSE, j2 |-> FALSE]
/\ msgs = ( [ job |-> "j1",
    ok |-> FALSE,
    code |-> 0,
    flag |-> FALSE,
    type |-> "CHECK",
    cl |-> c2,
    att |-> 1 ] :>
      1 )
/\ wfc = [j1 |-> FALSE, j2 |-> FALSE]
/\ tagged = {}
/\ rmp = [j1 |-> 0, j2 |-> 0]
/\ shared = [j1 |-> FALSE, j2 |-> FALSE]
/\ disabled = {}
/\ sjErr = [j1 |-> FALSE, j2 |-> FALSE]
/\ latched = [j1 |-> None, j2 |-> None]
/\ rpc = [ ready |-> "j1",
  pc |-> "ExceptSetFailed",
  job |-> None,
  att |-> 1,
  listed |-> {},
  queue |-> <<>>,
  cnt |-> [j1 |-> 1, j2 |-> 0],
  chk |-> {},
  failed |-> <<>>,
  blocked |-> <<>>,
  fb |-> <<>>,
  disp |-> {c1},
  dep |-> {},
  jid |-> FALSE,
  snap |-> None,
  sreq |-> {} ]
/\ exc = [j1 |-> None, j2 |-> None]
/\ runningJobs = {}
/\ failRunRec = [j1 |-> FALSE, j2 |-> FALSE]
/\ startFailCause = [j1 |-> "none", j2 |-> "none"]
/\ adm = [ j1 |-> [pc |-> "AbortWrite", snap |-> "SUBMITTED"],
  j2 |-> [pc |-> "Idle", snap |-> None] ]
/\ slots = {}
/\ termHb = (c1 :> [j1 |-> 0, j2 |-> 0] @@ c2 :> [j1 |-> 0, j2 |-> 0])
/\ grp = (c1 :> [j1 |-> FALSE, j2 |-> FALSE] @@ c2 :> [j1 |-> FALSE, j2 |-> FALSE])
/\ wfcStale = [j1 |-> None, j2 |-> None]
/\ pCount = [j1 |-> 0, j2 |-> 0]
/\ status = [j1 |-> "SUBMITTED", j2 |-> "SUBMITTED"]
/\ ovw = {}
/\ firstTerm = [j1 |-> None, j2 |-> None]
/\ ackAbort = [j1 |-> FALSE, j2 |-> FALSE]
/\ sjRC = [j1 |-> 0, j2 |-> 0]
/\ runAborted = [j1 |-> FALSE, j2 |-> FALSE]

State 13: <MCAdminAbortWrite("j1") line 127, col 28 to line 127, col 70 of module MC>
/\ cpAlive = (c1 :> TRUE @@ c2 :> TRUE)
/\ failAccepted = [j1 |-> FALSE, j2 |-> FALSE]
/\ free = (c1 :> (u1 :> 0) @@ c2 :> (u1 :> 1))
/\ using = (c1 :> [j1 |-> {}, j2 |-> {}] @@ c2 :> [j1 |-> {}, j2 |-> {}])
/\ cjAbortMsg = (c1 :> [j1 |-> 0, j2 |-> 0] @@ c2 :> [j1 |-> 0, j2 |-> 0])
/\ resv = (c1 :> {[job |-> "j1", tok |-> 1, units |-> {u1}, ttl |-> 1]} @@ c2 :> {})
/\ fc = [ hb |-> 0,
  lose |-> 0,
  chkTO |-> 1,
  stTO |-> 0,
  depFail |-> 1,
  sjLaunchFail |-> 0,
  backoff |-> 0,
  sjError |-> 0,
  sjCrash |-> 0,
  cjError |-> 0,
  cjUnsafe |-> 0,
  cjDesc |-> 0,
  cpLaunchFail |-> 0,
  crash |-> 0,
  abort |-> 1,
  delete |-> 0,
  disable |-> 0,
  appMissing |-> 0 ]
/\ abortDropped = (c1 :> [j1 |-> FALSE, j2 |-> FALSE] @@ c2 :> [j1 |-> FALSE, j2 |-> FALSE])
/\ ackInWindow = [j1 |-> FALSE, j2 |-> FALSE]
/\ nextAtt = 2
/\ endedEv = [j1 |-> FALSE, j2 |-> FALSE]
/\ micro = [ wfcRead |-> [j1 |-> FALSE, j2 |-> FALSE],
  wfcHad |-> [j1 |-> FALSE, j2 |-> FALSE],
  reaped |->
      ( c1 :> [j1 |-> FALSE, j2 |-> FALSE] @@
        c2 :> [j1 |-> FALSE, j2 |-> FALSE] ),
  removals |-> [j1 |-> 0, j2 |-> 0],
  sjBooted |-> [j1 |-> FALSE, j2 |-> FALSE],
  cjSynced |->
      ( c1 :> [j1 |-> FALSE, j2 |-> FALSE] @@
        c2 :> [j1 |-> FALSE, j2 |-> FALSE] ),
  delAdm |->
      [ j1 |-> [pc |-> "Idle", snap |-> None],
        j2 |-> [pc |-> "Idle", snap |-> None] ],
  reports |->
      ( c1 :>
            [ j1 |-> [pc |-> "Idle", accepted |-> FALSE],
              j2 |-> [pc |-> "Idle", accepted |-> FALSE] ] @@
        c2 :>
            [ j1 |-> [pc |-> "Idle", accepted |-> FALSE],
              j2 |-> [pc |-> "Idle", accepted |-> FALSE] ] ) ]
/\ cjReg = (c1 :> [j1 |-> None, j2 |-> None] @@ c2 :> [j1 |-> None, j2 |-> None])
/\ alloc = (c1 :> [j1 |-> {}, j2 |-> {}] @@ c2 :> [j1 |-> {}, j2 |-> {}])
/\ ackStop = [j1 |-> FALSE, j2 |-> FALSE]
/\ cpc = [ pc |-> "Idle",
  job |-> None,
  failed |-> FALSE,
  aborted |-> FALSE,
  hadExc |-> FALSE ]
/\ termP = (c1 :> [j1 |-> 0, j2 |-> 0] @@ c2 :> [j1 |-> 0, j2 |-> 0])
/\ waiter = (c1 :> [j1 |-> FALSE, j2 |-> FALSE] @@ c2 :> [j1 |-> FALSE, j2 |-> FALSE])
/\ postAckLaunch = [j1 |-> FALSE, j2 |-> FALSE]
/\ sessions = {c1, c2}
/\ rp = [j1 |-> None, j2 |-> None]
/\ cst = (c1 :> [j1 |-> None, j2 |-> None] @@ c2 :> [j1 |-> None, j2 |-> None])
/\ sj = [j1 |-> "None", j2 |-> "None"]
/\ sweeper = [pc |-> "Idle", cl |-> None, snap |-> 0, blocking |-> FALSE]
/\ cjRC = (c1 :> [j1 |-> 0, j2 |-> 0] @@ c2 :> [j1 |-> 0, j2 |-> 0])
/\ startedEv = [j1 |-> FALSE, j2 |-> FALSE]
/\ exeErrRec = [j1 |-> FALSE, j2 |-> FALSE]
/\ launches = [j1 |-> 0, j2 |-> 0]
/\ pending = [j1 |-> None, j2 |-> None]
/\ sjAbortHandled = [j1 |-> FALSE, j2 |-> FALSE]
/\ cjProc = (c1 :> [j1 |-> "None", j2 |-> "None"] @@ c2 :> [j1 |-> "None", j2 |-> "None"])
/\ latchInStopWin = [j1 |-> FALSE, j2 |-> FALSE]
/\ msgs = ( [ job |-> "j1",
    ok |-> FALSE,
    code |-> 0,
    flag |-> FALSE,
    type |-> "CHECK",
    cl |-> c2,
    att |-> 1 ] :>
      1 )
/\ wfc = [j1 |-> FALSE, j2 |-> FALSE]
/\ tagged = {}
/\ rmp = [j1 |-> 0, j2 |-> 0]
/\ shared = [j1 |-> FALSE, j2 |-> FALSE]
/\ disabled = {}
/\ sjErr = [j1 |-> FALSE, j2 |-> FALSE]
/\ latched = [j1 |-> None, j2 |-> None]
/\ rpc = [ ready |-> "j1",
  pc |-> "ExceptSetFailed",
  job |-> None,
  att |-> 1,
  listed |-> {},
  queue |-> <<>>,
  cnt |-> [j1 |-> 1, j2 |-> 0],
  chk |-> {},
  failed |-> <<>>,
  blocked |-> <<>>,
  fb |-> <<>>,
  disp |-> {c1},
  dep |-> {},
  jid |-> FALSE,
  snap |-> None,
  sreq |-> {} ]
/\ exc = [j1 |-> None, j2 |-> None]
/\ runningJobs = {}
/\ failRunRec = [j1 |-> FALSE, j2 |-> FALSE]
/\ startFailCause = [j1 |-> "none", j2 |-> "none"]
/\ adm = [j1 |-> [pc |-> "Idle", snap |-> None], j2 |-> [pc |-> "Idle", snap |-> None]]
/\ slots = {}
/\ termHb = (c1 :> [j1 |-> 0, j2 |-> 0] @@ c2 :> [j1 |-> 0, j2 |-> 0])
/\ grp = (c1 :> [j1 |-> FALSE, j2 |-> FALSE] @@ c2 :> [j1 |-> FALSE, j2 |-> FALSE])
/\ wfcStale = [j1 |-> None, j2 |-> None]
/\ pCount = [j1 |-> 0, j2 |-> 0]
/\ status = [j1 |-> "FINISHED:ABORTED", j2 |-> "SUBMITTED"]
/\ ovw = {}
/\ firstTerm = [j1 |-> "FINISHED:ABORTED", j2 |-> None]
/\ ackAbort = [j1 |-> TRUE, j2 |-> FALSE]
/\ sjRC = [j1 |-> 0, j2 |-> 0]
/\ runAborted = [j1 |-> FALSE, j2 |-> FALSE]

State 14: <MCRunnerExceptSetFailed line 121, col 28 to line 121, col 73 of module MC>
/\ cpAlive = (c1 :> TRUE @@ c2 :> TRUE)
/\ failAccepted = [j1 |-> FALSE, j2 |-> FALSE]
/\ free = (c1 :> (u1 :> 0) @@ c2 :> (u1 :> 1))
/\ using = (c1 :> [j1 |-> {}, j2 |-> {}] @@ c2 :> [j1 |-> {}, j2 |-> {}])
/\ cjAbortMsg = (c1 :> [j1 |-> 0, j2 |-> 0] @@ c2 :> [j1 |-> 0, j2 |-> 0])
/\ resv = (c1 :> {[job |-> "j1", tok |-> 1, units |-> {u1}, ttl |-> 1]} @@ c2 :> {})
/\ fc = [ hb |-> 0,
  lose |-> 0,
  chkTO |-> 1,
  stTO |-> 0,
  depFail |-> 1,
  sjLaunchFail |-> 0,
  backoff |-> 0,
  sjError |-> 0,
  sjCrash |-> 0,
  cjError |-> 0,
  cjUnsafe |-> 0,
  cjDesc |-> 0,
  cpLaunchFail |-> 0,
  crash |-> 0,
  abort |-> 1,
  delete |-> 0,
  disable |-> 0,
  appMissing |-> 0 ]
/\ abortDropped = (c1 :> [j1 |-> FALSE, j2 |-> FALSE] @@ c2 :> [j1 |-> FALSE, j2 |-> FALSE])
/\ ackInWindow = [j1 |-> FALSE, j2 |-> FALSE]
/\ nextAtt = 2
/\ endedEv = [j1 |-> FALSE, j2 |-> FALSE]
/\ micro = [ wfcRead |-> [j1 |-> FALSE, j2 |-> FALSE],
  wfcHad |-> [j1 |-> FALSE, j2 |-> FALSE],
  reaped |->
      ( c1 :> [j1 |-> FALSE, j2 |-> FALSE] @@
        c2 :> [j1 |-> FALSE, j2 |-> FALSE] ),
  removals |-> [j1 |-> 0, j2 |-> 0],
  sjBooted |-> [j1 |-> FALSE, j2 |-> FALSE],
  cjSynced |->
      ( c1 :> [j1 |-> FALSE, j2 |-> FALSE] @@
        c2 :> [j1 |-> FALSE, j2 |-> FALSE] ),
  delAdm |->
      [ j1 |-> [pc |-> "Idle", snap |-> None],
        j2 |-> [pc |-> "Idle", snap |-> None] ],
  reports |->
      ( c1 :>
            [ j1 |-> [pc |-> "Idle", accepted |-> FALSE],
              j2 |-> [pc |-> "Idle", accepted |-> FALSE] ] @@
        c2 :>
            [ j1 |-> [pc |-> "Idle", accepted |-> FALSE],
              j2 |-> [pc |-> "Idle", accepted |-> FALSE] ] ) ]
/\ cjReg = (c1 :> [j1 |-> None, j2 |-> None] @@ c2 :> [j1 |-> None, j2 |-> None])
/\ alloc = (c1 :> [j1 |-> {}, j2 |-> {}] @@ c2 :> [j1 |-> {}, j2 |-> {}])
/\ ackStop = [j1 |-> FALSE, j2 |-> FALSE]
/\ cpc = [ pc |-> "Idle",
  job |-> None,
  failed |-> FALSE,
  aborted |-> FALSE,
  hadExc |-> FALSE ]
/\ termP = (c1 :> [j1 |-> 0, j2 |-> 0] @@ c2 :> [j1 |-> 0, j2 |-> 0])
/\ waiter = (c1 :> [j1 |-> FALSE, j2 |-> FALSE] @@ c2 :> [j1 |-> FALSE, j2 |-> FALSE])
/\ postAckLaunch = [j1 |-> FALSE, j2 |-> FALSE]
/\ sessions = {c1, c2}
/\ rp = [j1 |-> None, j2 |-> None]
/\ cst = (c1 :> [j1 |-> None, j2 |-> None] @@ c2 :> [j1 |-> None, j2 |-> None])
/\ sj = [j1 |-> "None", j2 |-> "None"]
/\ sweeper = [pc |-> "Idle", cl |-> None, snap |-> 0, blocking |-> FALSE]
/\ cjRC = (c1 :> [j1 |-> 0, j2 |-> 0] @@ c2 :> [j1 |-> 0, j2 |-> 0])
/\ startedEv = [j1 |-> FALSE, j2 |-> FALSE]
/\ exeErrRec = [j1 |-> FALSE, j2 |-> FALSE]
/\ launches = [j1 |-> 0, j2 |-> 0]
/\ pending = [j1 |-> None, j2 |-> None]
/\ sjAbortHandled = [j1 |-> FALSE, j2 |-> FALSE]
/\ cjProc = (c1 :> [j1 |-> "None", j2 |-> "None"] @@ c2 :> [j1 |-> "None", j2 |-> "None"])
/\ latchInStopWin = [j1 |-> FALSE, j2 |-> FALSE]
/\ msgs = ( [ job |-> "j1",
    ok |-> FALSE,
    code |-> 0,
    flag |-> FALSE,
    type |-> "CHECK",
    cl |-> c2,
    att |-> 1 ] :>
      1 )
/\ wfc = [j1 |-> FALSE, j2 |-> FALSE]
/\ tagged = {}
/\ rmp = [j1 |-> 0, j2 |-> 0]
/\ shared = [j1 |-> FALSE, j2 |-> FALSE]
/\ disabled = {}
/\ sjErr = [j1 |-> FALSE, j2 |-> FALSE]
/\ latched = [j1 |-> None, j2 |-> None]
/\ rpc = [ ready |-> "j1",
  pc |-> "ExceptMeta",
  job |-> None,
  att |-> 1,
  listed |-> {},
  queue |-> <<>>,
  cnt |-> [j1 |-> 1, j2 |-> 0],
  chk |-> {},
  failed |-> <<>>,
  blocked |-> <<>>,
  fb |-> <<>>,
  disp |-> {c1},
  dep |-> {},
  jid |-> FALSE,
  snap |-> None,
  sreq |-> {} ]
/\ exc = [j1 |-> None, j2 |-> None]
/\ runningJobs = {}
/\ failRunRec = [j1 |-> FALSE, j2 |-> FALSE]
/\ startFailCause = [j1 |-> "none", j2 |-> "none"]
/\ adm = [j1 |-> [pc |-> "Idle", snap |-> None], j2 |-> [pc |-> "Idle", snap |-> None]]
/\ slots = {}
/\ termHb = (c1 :> [j1 |-> 0, j2 |-> 0] @@ c2 :> [j1 |-> 0, j2 |-> 0])
/\ grp = (c1 :> [j1 |-> FALSE, j2 |-> FALSE] @@ c2 :> [j1 |-> FALSE, j2 |-> FALSE])
/\ wfcStale = [j1 |-> None, j2 |-> None]
/\ pCount = [j1 |-> 0, j2 |-> 0]
/\ status = [j1 |-> "FINISHED:FAILED_TO_RUN", j2 |-> "SUBMITTED"]
/\ ovw = { [ j |-> "j1",
    w |-> "ExceptSetFailed",
    from |-> "FINISHED:ABORTED",
    to |-> "FINISHED:FAILED_TO_RUN" ] }
/\ firstTerm = [j1 |-> "FINISHED:ABORTED", j2 |-> None]
/\ ackAbort = [j1 |-> TRUE, j2 |-> FALSE]
/\ sjRC = [j1 |-> 0, j2 |-> 0]
/\ runAborted = [j1 |-> FALSE, j2 |-> FALSE]

"CounterExample written: /home/ubuntu/specula-nvflare-gpt-continuation-20260926/framework/runs/gpt-continuation/nvflare-job/.specula-output/spec/output/continuation-H3-probe_start_failure_write/counterexample.json"
5769 states generated, 1519 distinct states found, 581 states left on queue.
The depth of the complete state graph search is 14.
Checkpointing of run /home/ubuntu/specula-nvflare-gpt-continuation-20260926/framework/runs/gpt-continuation/nvflare-job/.specula-output/.tlc-state/tlc-states-R2KKK6/26-09-26-13-13-00.730
Checkpointing completed at (2026-09-26 13:13:03)
Finished in 02s at (2026-09-26 13:13:03)
Trace exploration spec path: ./MC_TTrace_1790428380.tla
