[0;32m================================[0m
[0;32mTLC Model Checking Mode[0m
[0;32m================================[0m
Spec File:       MC.tla
Config File:     MC_hunt_s3_promptcancel.cfg
Memory Limit:    4G
Off-heap Memory: 12G
Workers:         4
Timeout:         30 minutes
[0;34m--- Model Checking Settings ---[0m
Depth Limit:     0
Checkpoint:      10 minutes
Log File:        /home/ubuntu/specula-nvflare-gpt-continuation-20260926/framework/runs/gpt-continuation/nvflare-job/.specula-output/.tlc-tasks/jobs/8df08ea103ab42b29e4472ccdf1d5efc/tlc.log
[0;32m================================[0m
[1;33mExecuting Command:[0m
java -XX:+UseParallelGC -Dtlc2.tool.fp.FPSet.impl=tlc2.tool.fp.OffHeapDiskFPSet -XX:MaxDirectMemorySize=12G -Xmx4G -Xms4G -cp /home/ubuntu/specula-nvflare-gpt-continuation-20260926/framework/lib/CommunityModules-deps.jar:/home/ubuntu/specula-nvflare-gpt-continuation-20260926/framework/lib/tla2tools.jar tlc2.TLC -config MC_hunt_s3_promptcancel.cfg MC.tla -workers 4 -deadlock -checkpoint 10 -dumptrace json /home/ubuntu/specula-nvflare-gpt-continuation-20260926/framework/runs/gpt-continuation/nvflare-job/.specula-output/spec/output/continuation-H3-s3_promptcancel/counterexample.json -metadir /home/ubuntu/specula-nvflare-gpt-continuation-20260926/framework/runs/gpt-continuation/nvflare-job/.specula-output/.tlc-state/tlc-states-9jAoqg 

TLC resource budget (Specula run gpt-continuation):
  memory source: user config (64G)
  external memory use: not included in this configured run bound
  memory limit: 64 GiB
  active TLC reserved before request: 48 GiB (this agent: 48 GiB)
  this request: 16 GiB (heap 4 GiB + off-heap 12 GiB)
  remaining before request: 16 GiB
  remaining after admission: 0 bytes
  worker limit: 16
  active TLC workers before request: 12 (this agent: 12)
  this request workers: 4 (4)
  remaining workers before request: 4
  remaining workers after admission: 0
  result: admitted
TLC2 Version 2026.09.23.154203 (rev: 4260e47)
Running breadth-first search Model-Checking with fp 101 and seed -2742557979291674411 with 4 workers on 16 cores with 3925MB heap and 12288MB offheap memory [pid: 3575485] (Linux 6.8.0-1044-azure amd64, Ubuntu 21.0.11 64bit, OffHeapDiskFPSet, DiskStateQueue).
Parsing file /home/ubuntu/specula-nvflare-gpt-continuation-20260926/framework/runs/gpt-continuation/nvflare-job/.specula-output/spec/output/continuation-H3-s3_promptcancel/MC.tla
Parsing file /home/ubuntu/specula-nvflare-gpt-continuation-20260926/framework/runs/gpt-continuation/nvflare-job/.specula-output/spec/output/continuation-H3-s3_promptcancel/base.tla
Parsing file /tmp/tlc-4252135105380159534/_JsonTrace.tla (jar:file:/home/ubuntu/specula-nvflare-gpt-continuation-20260926/framework/lib/tla2tools.jar!/tla2sany/StandardModules/_JsonTrace.tla)
Parsing file /tmp/tlc-4252135105380159534/_TLCTrace.tla (jar:file:/home/ubuntu/specula-nvflare-gpt-continuation-20260926/framework/lib/tla2tools.jar!/tla2sany/StandardModules/_TLCTrace.tla)
Parsing file /tmp/tlc-4252135105380159534/Integers.tla (jar:file:/home/ubuntu/specula-nvflare-gpt-continuation-20260926/framework/lib/tla2tools.jar!/tla2sany/StandardModules/Integers.tla)
Parsing file /tmp/tlc-4252135105380159534/Sequences.tla (jar:file:/home/ubuntu/specula-nvflare-gpt-continuation-20260926/framework/lib/tla2tools.jar!/tla2sany/StandardModules/Sequences.tla)
Parsing file /tmp/tlc-4252135105380159534/FiniteSets.tla (jar:file:/home/ubuntu/specula-nvflare-gpt-continuation-20260926/framework/lib/tla2tools.jar!/tla2sany/StandardModules/FiniteSets.tla)
Parsing file /tmp/tlc-4252135105380159534/TLC.tla (jar:file:/home/ubuntu/specula-nvflare-gpt-continuation-20260926/framework/lib/tla2tools.jar!/tla2sany/StandardModules/TLC.tla)
Parsing file /tmp/tlc-4252135105380159534/Naturals.tla (jar:file:/home/ubuntu/specula-nvflare-gpt-continuation-20260926/framework/lib/tla2tools.jar!/tla2sany/StandardModules/Naturals.tla)
Parsing file /tmp/tlc-4252135105380159534/TLCExt.tla (jar:file:/home/ubuntu/specula-nvflare-gpt-continuation-20260926/framework/lib/tla2tools.jar!/tla2sany/StandardModules/TLCExt.tla)
Parsing file /tmp/tlc-4252135105380159534/Json.tla (jar:file:/home/ubuntu/specula-nvflare-gpt-continuation-20260926/framework/lib/tla2tools.jar!/tla2sany/StandardModules/Json.tla)
Semantic processing of module Naturals
Semantic processing of module Integers
Semantic processing of module Sequences
Semantic processing of module FiniteSets
Semantic processing of module TLC
Semantic processing of module base
Semantic processing of module TLCExt
Semantic processing of module Json
Semantic processing of module _JsonTrace
Semantic processing of module _TLCTrace
Semantic processing of module MC
Linting of module base
Linting of module TLCExt
Linting of module Json
Linting of module _JsonTrace
Linting of module _TLCTrace
Linting of module MC
Starting... (2026-09-26 13:20:34)
Implied-temporal checking--satisfiability problem has 1 branches.
Computing initial states...
Finished computing initial states: 1 distinct state generated at 2026-09-26 13:20:35.
Checking temporal properties for the current state space with 6515 total distinct states at (2026-09-26 13:20:38)
Finished checking temporal properties in 00s at 2026-09-26 13:20:39
Progress(27) at 2026-09-26 13:20:39: 20,923 states generated (20,923 s/min), 6,515 distinct states found (6,515 ds/min), 1,145 states left on queue.
Checking temporal properties for the current state space with 192202 total distinct states at (2026-09-26 13:21:39)
Finished checking temporal properties in 01s at 2026-09-26 13:21:40
Progress(37) at 2026-09-26 13:21:40: 746,141 states generated (725,218 s/min), 192,202 distinct states found (185,687 ds/min), 71,992 states left on queue.
Checking temporal properties for the current state space with 357580 total distinct states at (2026-09-26 13:22:40)
Finished checking temporal properties in 03s at 2026-09-26 13:22:43
Progress(39) at 2026-09-26 13:22:43: 1,443,345 states generated (697,204 s/min), 357,581 distinct states found (165,379 ds/min), 138,293 states left on queue.
Checking temporal properties for the current state space with 512374 total distinct states at (2026-09-26 13:23:43)
Finished checking temporal properties in 04s at 2026-09-26 13:23:47
Progress(39) at 2026-09-26 13:23:47: 2,118,672 states generated (675,327 s/min), 512,375 distinct states found (154,794 ds/min), 204,457 states left on queue.
Checking temporal properties for the current state space with 669773 total distinct states at (2026-09-26 13:24:47)
Finished checking temporal properties in 05s at 2026-09-26 13:24:53
Progress(40) at 2026-09-26 13:24:53: 2,788,644 states generated (669,972 s/min), 669,773 distinct states found (157,398 ds/min), 267,702 states left on queue.
Checking temporal properties for the current state space with 810188 total distinct states at (2026-09-26 13:25:53)
Finished checking temporal properties in 06s at 2026-09-26 13:26:00
Progress(40) at 2026-09-26 13:26:00: 3,458,487 states generated (669,843 s/min), 810,189 distinct states found (140,416 ds/min), 324,723 states left on queue.
Checking temporal properties for the current state space with 963755 total distinct states at (2026-09-26 13:27:00)
Finished checking temporal properties in 07s at 2026-09-26 13:27:07
Progress(41) at 2026-09-26 13:27:07: 4,130,904 states generated (672,417 s/min), 963,757 distinct states found (153,568 ds/min), 385,900 states left on queue.
Checking temporal properties for the current state space with 1105836 total distinct states at (2026-09-26 13:28:07)
Finished checking temporal properties in 09s at 2026-09-26 13:28:17
Progress(41) at 2026-09-26 13:28:17: 4,775,872 states generated (644,968 s/min), 1,105,836 distinct states found (142,079 ds/min), 442,842 states left on queue.
Checking temporal properties for the current state space with 1237976 total distinct states at (2026-09-26 13:29:17)
