psutil not available, using pkill fallback
{
  "statistics": {
    "total_hits": 3,
    "breakpoints": [
      {
        "file": "Trace.tla",
        "line": 168,
        "description": "Line 168",
        "hit_count": 1,
        "was_hit": true
      },
      {
        "file": "Trace.tla",
        "line": 169,
        "description": "Line 169",
        "hit_count": 1,
        "was_hit": true
      },
      {
        "file": "Trace.tla",
        "line": 170,
        "description": "Line 170",
        "hit_count": 1,
        "was_hit": true
      }
    ],
    "never_hit": []
  },
  "execution_time": 4.815301895141602,
  "evaluated_expressions": [
    {
      "expression": "e.args.o",
      "result": "2",
      "file": "Trace",
      "line": 170
    },
    {
      "expression": "owner[e.args.o].life",
      "result": "stopping",
      "file": "Trace",
      "line": 170
    },
    {
      "expression": "owner[e.args.o].stopStep",
      "result": "wait",
      "file": "Trace",
      "line": 170
    },
    {
      "expression": "metadata[e.args.o].outcome",
      "result": "condition",
      "file": "Trace",
      "line": 170
    },
    {
      "expression": "owner'[e.args.o].life",
      "result": "unload",
      "file": "Trace",
      "line": 170
    },
    {
      "expression": "e.post.owner[e.args.o].life",
      "result": "stopping",
      "file": "Trace",
      "line": 170
    }
  ]
}
