psutil not available, using pkill fallback
{
  "statistics": {
    "total_hits": 4,
    "breakpoints": [
      {
        "file": "Trace.tla",
        "line": 882,
        "description": "Line 882",
        "hit_count": 1,
        "was_hit": true
      },
      {
        "file": "Trace.tla",
        "line": 697,
        "description": "Line 697",
        "hit_count": 1,
        "was_hit": true
      },
      {
        "file": "Trace.tla",
        "line": 698,
        "description": "Line 698",
        "hit_count": 1,
        "was_hit": true
      },
      {
        "file": "Trace.tla",
        "line": 699,
        "description": "Line 699",
        "hit_count": 1,
        "was_hit": true
      },
      {
        "file": "Trace.tla",
        "line": 700,
        "description": "Line 700",
        "hit_count": 0,
        "was_hit": false
      }
    ],
    "never_hit": [
      {
        "file": "Trace.tla",
        "line": 700,
        "description": "Line 700"
      }
    ]
  },
  "execution_time": 4.820326089859009
}
