psutil not available, using pkill fallback
{
  "statistics": {
    "total_hits": 3,
    "breakpoints": [
      {
        "file": "Trace.tla",
        "line": 890,
        "description": "Line 890",
        "hit_count": 1,
        "was_hit": true
      },
      {
        "file": "Trace.tla",
        "line": 371,
        "description": "Line 371",
        "hit_count": 1,
        "was_hit": true
      },
      {
        "file": "Trace.tla",
        "line": 372,
        "description": "Line 372",
        "hit_count": 1,
        "was_hit": true
      },
      {
        "file": "Trace.tla",
        "line": 373,
        "description": "Line 373",
        "hit_count": 0,
        "was_hit": false
      },
      {
        "file": "Trace.tla",
        "line": 374,
        "description": "Line 374",
        "hit_count": 0,
        "was_hit": false
      }
    ],
    "never_hit": [
      {
        "file": "Trace.tla",
        "line": 373,
        "description": "Line 373"
      },
      {
        "file": "Trace.tla",
        "line": 374,
        "description": "Line 374"
      }
    ]
  },
  "execution_time": 2.65266752243042
}
