psutil not available, using pkill fallback
{
  "statistics": {
    "total_hits": 4,
    "breakpoints": [
      {
        "file": "Trace.tla",
        "line": 882,
        "description": "Line 882",
        "hit_count": 1,
        "was_hit": true
      },
      {
        "file": "Trace.tla",
        "line": 732,
        "description": "Line 732",
        "hit_count": 1,
        "was_hit": true
      },
      {
        "file": "Trace.tla",
        "line": 733,
        "description": "Line 733",
        "hit_count": 1,
        "was_hit": true
      },
      {
        "file": "Trace.tla",
        "line": 734,
        "description": "Line 734",
        "hit_count": 1,
        "was_hit": true
      },
      {
        "file": "Trace.tla",
        "line": 735,
        "description": "Line 735",
        "hit_count": 0,
        "was_hit": false
      }
    ],
    "never_hit": [
      {
        "file": "Trace.tla",
        "line": 735,
        "description": "Line 735"
      }
    ]
  },
  "execution_time": 3.5390634536743164
}
