psutil not available, using pkill fallback
{
  "statistics": {
    "total_hits": 4,
    "breakpoints": [
      {
        "file": "Trace.tla",
        "line": 882,
        "description": "Line 882",
        "hit_count": 1,
        "was_hit": true
      },
      {
        "file": "Trace.tla",
        "line": 280,
        "description": "Line 280",
        "hit_count": 1,
        "was_hit": true
      },
      {
        "file": "Trace.tla",
        "line": 281,
        "description": "Line 281",
        "hit_count": 1,
        "was_hit": true
      },
      {
        "file": "Trace.tla",
        "line": 282,
        "description": "Line 282",
        "hit_count": 1,
        "was_hit": true
      },
      {
        "file": "Trace.tla",
        "line": 283,
        "description": "Line 283",
        "hit_count": 0,
        "was_hit": false
      }
    ],
    "never_hit": [
      {
        "file": "Trace.tla",
        "line": 283,
        "description": "Line 283"
      }
    ]
  },
  "execution_time": 4.009110689163208
}
