psutil not available, using pkill fallback
{
  "statistics": {
    "total_hits": 2,
    "breakpoints": [
      {
        "file": "base.tla",
        "line": 411,
        "description": "Line 411",
        "hit_count": 1,
        "was_hit": true
      },
      {
        "file": "base.tla",
        "line": 413,
        "description": "Line 413",
        "hit_count": 1,
        "was_hit": true
      },
      {
        "file": "base.tla",
        "line": 415,
        "description": "Line 415",
        "hit_count": 0,
        "was_hit": false
      },
      {
        "file": "base.tla",
        "line": 417,
        "description": "Line 417",
        "hit_count": 0,
        "was_hit": false
      }
    ],
    "never_hit": [
      {
        "file": "base.tla",
        "line": 415,
        "description": "Line 415"
      },
      {
        "file": "base.tla",
        "line": 417,
        "description": "Line 417"
      }
    ]
  },
  "execution_time": 2.85620379447937,
  "evaluated_expressions": [
    {
      "expression": "o",
      "result": "1",
      "file": "base",
      "line": 413
    },
    {
      "expression": "owner[o].life",
      "result": "stopped",
      "file": "base",
      "line": 413
    },
    {
      "expression": "reader[o].pc",
      "result": "idle",
      "file": "base",
      "line": 413
    },
    {
      "expression": "owner[o].notify",
      "result": "TRUE",
      "file": "base",
      "line": 413
    },
    {
      "expression": "ReaderFree(o)",
      "result": "TRUE",
      "file": "base",
      "line": 413
    },
    {
      "expression": "Running(o)",
      "result": "FALSE",
      "file": "base",
      "line": 413
    }
  ]
}
