psutil not available, using pkill fallback
{
  "statistics": {
    "total_hits": 4,
    "breakpoints": [
      {
        "file": "Trace.tla",
        "line": 882,
        "description": "Line 882",
        "hit_count": 1,
        "was_hit": true
      },
      {
        "file": "Trace.tla",
        "line": 725,
        "description": "Line 725",
        "hit_count": 1,
        "was_hit": true
      },
      {
        "file": "Trace.tla",
        "line": 726,
        "description": "Line 726",
        "hit_count": 1,
        "was_hit": true
      },
      {
        "file": "Trace.tla",
        "line": 727,
        "description": "Line 727",
        "hit_count": 1,
        "was_hit": true
      },
      {
        "file": "Trace.tla",
        "line": 728,
        "description": "Line 728",
        "hit_count": 0,
        "was_hit": false
      }
    ],
    "never_hit": [
      {
        "file": "Trace.tla",
        "line": 728,
        "description": "Line 728"
      }
    ]
  },
  "execution_time": 2.2814602851867676
}
