psutil not available, using pkill fallback
{
  "statistics": {
    "total_hits": 3,
    "breakpoints": [
      {
        "file": "Trace.tla",
        "line": 167,
        "description": "Line 167",
        "hit_count": 1,
        "was_hit": true
      },
      {
        "file": "Trace.tla",
        "line": 168,
        "description": "Line 168",
        "hit_count": 1,
        "was_hit": true
      },
      {
        "file": "Trace.tla",
        "line": 169,
        "description": "Line 169",
        "hit_count": 1,
        "was_hit": true
      }
    ],
    "never_hit": []
  },
  "execution_time": 2.2882332801818848,
  "evaluated_expressions": [
    {
      "expression": "e.event",
      "result": "StopSyncState",
      "file": "Trace",
      "line": 169
    },
    {
      "expression": "e.post.metadata",
      "result": "<<[kind |-> \"verify\", expect |-> 1, pc |-> \"store\", ack |-> 0, outcome |-> \"none\", newRange |-> 1], [kind |-> \"none\", expect |-> 0, pc |-> \"idle\", ack |-> 0, outcome |-> \"none\", newRange |-> 0], [kind |-> \"none\", expect |-> 0, pc |-> \"idle\", ack |-> 0, outcome |-> \"none\", newRange |-> 0]>>",
      "file": "Trace",
      "line": 169
    },
    {
      "expression": "metadata'",
      "result": "<<[kind |-> \"sync\", expect |-> 1, pc |-> \"store\", ack |-> 0, outcome |-> \"none\", newRange |-> 1], [kind |-> \"none\", expect |-> 0, pc |-> \"idle\", ack |-> 0, outcome |-> \"none\", newRange |-> 0], [kind |-> \"none\", expect |-> 0, pc |-> \"idle\", ack |-> 0, outcome |-> \"none\", newRange |-> 0]>>",
      "file": "Trace",
      "line": 169
    },
    {
      "expression": "owner[1].dirty",
      "result": "FALSE",
      "file": "Trace",
      "line": 169
    }
  ]
}
