psutil not available, using pkill fallback
{
  "statistics": {
    "total_hits": 4,
    "breakpoints": [
      {
        "file": "Trace.tla",
        "line": 890,
        "description": "Line 890",
        "hit_count": 1,
        "was_hit": true
      },
      {
        "file": "Trace.tla",
        "line": 704,
        "description": "Line 704",
        "hit_count": 1,
        "was_hit": true
      },
      {
        "file": "Trace.tla",
        "line": 705,
        "description": "Line 705",
        "hit_count": 1,
        "was_hit": true
      },
      {
        "file": "Trace.tla",
        "line": 706,
        "description": "Line 706",
        "hit_count": 1,
        "was_hit": true
      },
      {
        "file": "Trace.tla",
        "line": 707,
        "description": "Line 707",
        "hit_count": 0,
        "was_hit": false
      }
    ],
    "never_hit": [
      {
        "file": "Trace.tla",
        "line": 707,
        "description": "Line 707"
      }
    ]
  },
  "execution_time": 4.4389588832855225
}
