psutil not available, using pkill fallback
{
  "statistics": {
    "total_hits": 3,
    "breakpoints": [
      {
        "file": "Trace.tla",
        "line": 167,
        "description": "Line 167",
        "hit_count": 1,
        "was_hit": true
      },
      {
        "file": "Trace.tla",
        "line": 168,
        "description": "Line 168",
        "hit_count": 1,
        "was_hit": true
      },
      {
        "file": "Trace.tla",
        "line": 169,
        "description": "Line 169",
        "hit_count": 1,
        "was_hit": true
      }
    ],
    "never_hit": []
  },
  "execution_time": 4.970545768737793,
  "evaluated_expressions": [
    {
      "expression": "metadata[1].outcome",
      "result": "condition",
      "file": "Trace",
      "line": 169
    },
    {
      "expression": "owner[1].stopStep",
      "result": "none",
      "file": "Trace",
      "line": 169
    },
    {
      "expression": "owner'[1].life",
      "result": "unload",
      "file": "Trace",
      "line": 169
    },
    {
      "expression": "e.post.owner[1].life",
      "result": "unload",
      "file": "Trace",
      "line": 169
    },
    {
      "expression": "owner'[1].skipFinal",
      "result": "TRUE",
      "file": "Trace",
      "line": 169
    },
    {
      "expression": "e.post.owner[1].skipFinal",
      "result": "FALSE",
      "file": "Trace",
      "line": 169
    }
  ]
}
