psutil not available, using pkill fallback
{
  "statistics": {
    "total_hits": 5,
    "breakpoints": [
      {
        "file": "Trace.tla",
        "line": 169,
        "description": "Line 169",
        "hit_count": 1,
        "was_hit": true
      },
      {
        "file": "Trace.tla",
        "line": 170,
        "description": "Line 170",
        "hit_count": 0,
        "was_hit": false
      },
      {
        "file": "Trace.tla",
        "line": 171,
        "description": "Line 171",
        "hit_count": 0,
        "was_hit": false
      },
      {
        "file": "base.tla",
        "line": 1086,
        "description": "Line 1086",
        "hit_count": 1,
        "was_hit": true
      },
      {
        "file": "base.tla",
        "line": 1088,
        "description": "Line 1088",
        "hit_count": 1,
        "was_hit": true
      },
      {
        "file": "base.tla",
        "line": 1092,
        "description": "Line 1092",
        "hit_count": 1,
        "was_hit": true
      },
      {
        "file": "base.tla",
        "line": 1093,
        "description": "Line 1093",
        "hit_count": 1,
        "was_hit": true
      }
    ],
    "never_hit": [
      {
        "file": "Trace.tla",
        "line": 170,
        "description": "Line 170"
      },
      {
        "file": "Trace.tla",
        "line": 171,
        "description": "Line 171"
      }
    ]
  },
  "execution_time": 2.413270950317383
}
