{
  "status": "trace_mismatch",
  "passed": 2,
  "failed": 14,
  "failures": {
    "append-shutdown.ndjson": "Trace validation failed at trace line 12. Use run_trace_debugging with breakpoint condition 'TLCGet(\"level\") = 12' to debug.",
    "expiry-matcher-gc.ndjson": "Trace validation failed at trace line 48. Use run_trace_debugging with breakpoint condition 'TLCGet(\"level\") = 48' to debug.",
    "expiry-retained.ndjson": "Trace validation failed at trace line 34. Use run_trace_debugging with breakpoint condition 'TLCGet(\"level\") = 34' to debug.",
    "history-response-loss.ndjson": "Trace validation failed at trace line 59. Use run_trace_debugging with breakpoint condition 'TLCGet(\"level\") = 59' to debug.",
    "history-rpc-retry.ndjson": "Trace validation failed at trace line 56. Use run_trace_debugging with breakpoint condition 'TLCGet(\"level\") = 56' to debug.",
    "insertion-after-stop.ndjson": "Trace validation failed at trace line 14. Use run_trace_debugging with breakpoint condition 'TLCGet(\"level\") = 14' to debug.",
    "metadata-gc-takeover.ndjson": "Trace validation failed at trace line 55. Use run_trace_debugging with breakpoint condition 'TLCGet(\"level\") = 55' to debug.",
    "overlap.ndjson": "Trace validation failed at trace line 92. Use run_trace_debugging with breakpoint condition 'TLCGet(\"level\") = 92' to debug.",
    "precheck-cancel.ndjson": "Trace validation failed at trace line 75. Use run_trace_debugging with breakpoint condition 'TLCGet(\"level\") = 75' to debug.",
    "replacement-fencing.ndjson": "Trace validation failed at trace line 28. Use run_trace_debugging with breakpoint condition 'TLCGet(\"level\") = 28' to debug.",
    "store-errors.ndjson": "Trace validation failed at trace line 79. Use run_trace_debugging with breakpoint condition 'TLCGet(\"level\") = 79' to debug.",
    "sync-worker-loss.ndjson": "Trace validation failed at trace line 14. Use run_trace_debugging with breakpoint condition 'TLCGet(\"level\") = 14' to debug.",
    "uncertain-replacement.ndjson": "Trace validation failed at trace line 77. Use run_trace_debugging with breakpoint condition 'TLCGet(\"level\") = 77' to debug.",
    "uncertain-write.ndjson": "Trace validation failed at trace line 57. Use run_trace_debugging with breakpoint condition 'TLCGet(\"level\") = 57' to debug."
  }
}
