{
  "status": "trace_mismatch",
  "passed": 2,
  "failed": 14,
  "failures": {
    "append-shutdown.ndjson": "Trace validation failed. Run run_trace_validation on this trace for detailed output.",
    "expiry-matcher-gc.ndjson": "Trace validation failed. Run run_trace_validation on this trace for detailed output.",
    "expiry-retained.ndjson": "Trace validation failed. Run run_trace_validation on this trace for detailed output.",
    "history-response-loss.ndjson": "Trace validation failed. Run run_trace_validation on this trace for detailed output.",
    "history-rpc-retry.ndjson": "Trace validation failed. Run run_trace_validation on this trace for detailed output.",
    "insertion-after-stop.ndjson": "Trace validation failed. Run run_trace_validation on this trace for detailed output.",
    "metadata-gc-takeover.ndjson": "Trace validation failed. Run run_trace_validation on this trace for detailed output.",
    "overlap.ndjson": "Trace validation failed. Run run_trace_validation on this trace for detailed output.",
    "precheck-cancel.ndjson": "Trace validation failed. Run run_trace_validation on this trace for detailed output.",
    "replacement-fencing.ndjson": "Trace validation failed. Run run_trace_validation on this trace for detailed output.",
    "store-errors.ndjson": "Trace validation failed. Run run_trace_validation on this trace for detailed output.",
    "sync-worker-loss.ndjson": "Trace validation failed. Run run_trace_validation on this trace for detailed output.",
    "uncertain-replacement.ndjson": "Trace validation failed. Run run_trace_validation on this trace for detailed output.",
    "uncertain-write.ndjson": "Trace validation failed. Run run_trace_validation on this trace for detailed output."
  }
}
