{
  "deleted_count": 40,
  "deleted_files": [
    "Trace_TTrace_1789058407.bin",
    "Trace_TTrace_1789058407.tla",
    "Trace_TTrace_1789058477.bin",
    "Trace_TTrace_1789058477.tla",
    "Trace_TTrace_1789058479.bin",
    "Trace_TTrace_1789058479.tla",
    "Trace_TTrace_1789058518.bin",
    "Trace_TTrace_1789058518.tla",
    "Trace_TTrace_1789058539.bin",
    "Trace_TTrace_1789058539.tla",
    "Trace_TTrace_1789058593.bin",
    "Trace_TTrace_1789058593.tla",
    "Trace_TTrace_1789058612.bin",
    "Trace_TTrace_1789058612.tla",
    "Trace_TTrace_1789058626.bin",
    "Trace_TTrace_1789058626.tla",
    "Trace_TTrace_1789058641.bin",
    "Trace_TTrace_1789058641.tla",
    "Trace_TTrace_1789058679.bin",
    "Trace_TTrace_1789058679.tla",
    "Trace_TTrace_1789058693.bin",
    "Trace_TTrace_1789058693.tla",
    "Trace_TTrace_1789058708.bin",
    "Trace_TTrace_1789058708.tla",
    "Trace_TTrace_1789058756.bin",
    "Trace_TTrace_1789058756.tla",
    "Trace_TTrace_1789058813.bin",
    "Trace_TTrace_1789058813.tla",
    "Trace_TTrace_1789058852.bin",
    "Trace_TTrace_1789058852.tla",
    "Trace_TTrace_1789058866.bin",
    "Trace_TTrace_1789058866.tla",
    "Trace_TTrace_1789058914.bin",
    "Trace_TTrace_1789058914.tla",
    "Trace_TTrace_1789058927.bin",
    "Trace_TTrace_1789058927.tla",
    "Trace_TTrace_1789058983.bin",
    "Trace_TTrace_1789058983.tla",
    "Trace_TTrace_1789059069.bin",
    "Trace_TTrace_1789059069.tla"
  ]
}
