
****** SANY2 Version 2.2 created 08 July 2020

Parsing file /workspace/out/revised-spec/V02/Maintenance.tla
Parsing file /workspace/out/revised-spec/V02/base.tla
Parsing file /tmp/tlc-8633027703099923198/Naturals.tla (jar:file:/tools/tla2tools.jar!/tla2sany/StandardModules/Naturals.tla)
Parsing file /tmp/tlc-8633027703099923198/Integers.tla (jar:file:/tools/tla2tools.jar!/tla2sany/StandardModules/Integers.tla)
Parsing file /tmp/tlc-8633027703099923198/Sequences.tla (jar:file:/tools/tla2tools.jar!/tla2sany/StandardModules/Sequences.tla)
Parsing file /tmp/tlc-8633027703099923198/FiniteSets.tla (jar:file:/tools/tla2tools.jar!/tla2sany/StandardModules/FiniteSets.tla)
Parsing file /tmp/tlc-8633027703099923198/Bags.tla (jar:file:/tools/tla2tools.jar!/tla2sany/StandardModules/Bags.tla)
Parsing file /tmp/tlc-8633027703099923198/TLC.tla (jar:file:/tools/tla2tools.jar!/tla2sany/StandardModules/TLC.tla)
Semantic processing of module Naturals
Semantic processing of module Integers
Semantic processing of module Sequences
Semantic processing of module FiniteSets
Semantic processing of module TLC
Semantic processing of module Bags
Semantic processing of module base
Semantic processing of module Maintenance
Semantic errors:

*** Errors: 1

line 86, col 44 to line 86, col 44 of module Maintenance

The operator > requires 2 arguments.



Linting of module base
Linting of module Maintenance
