[0;32m================================[0m
[0;32mTLC Model Checking Mode[0m
[0;32m================================[0m
Spec File:       MC.tla
Config File:     MC.cfg
Memory Limit:    16G
Off-heap Memory: 48G
Workers:         16
Timeout:         30 minutes
[0;34m--- Model Checking Settings ---[0m
Depth Limit:     0
Checkpoint:      10 minutes
Log File:        /home/ubuntu/specula-nvflare-gpt-continuation-20260926/framework/runs/gpt-continuation/nvflare-job/.specula-output/.tlc-tasks/jobs/3302a20dd2024c248d2ae0ab96a129a0/tlc.log
[0;32m================================[0m
[1;33mExecuting Command:[0m
java -XX:+UseParallelGC -Dtlc2.tool.fp.FPSet.impl=tlc2.tool.fp.OffHeapDiskFPSet -XX:MaxDirectMemorySize=48G -Xmx16G -Xms16G -cp /home/ubuntu/specula-nvflare-gpt-continuation-20260926/framework/lib/CommunityModules-deps.jar:/home/ubuntu/specula-nvflare-gpt-continuation-20260926/framework/lib/tla2tools.jar tlc2.TLC -config MC.cfg MC.tla -workers 16 -deadlock -checkpoint 10 -dumptrace json /home/ubuntu/specula-nvflare-gpt-continuation-20260926/framework/runs/gpt-continuation/nvflare-job/.specula-output/spec/output/continuation-C8-MC/counterexample.json -metadir /home/ubuntu/specula-nvflare-gpt-continuation-20260926/framework/runs/gpt-continuation/nvflare-job/.specula-output/.tlc-state/tlc-states-SVgfKh 

TLC resource budget (Specula run gpt-continuation):
  memory source: user config (64G)
  external memory use: not included in this configured run bound
  memory limit: 64 GiB
  active TLC reserved before request: 0 bytes (this agent: 0 bytes)
  this request: 64 GiB (heap 16 GiB + off-heap 48 GiB)
  remaining before request: 64 GiB
  remaining after admission: 0 bytes
  worker limit: 16
  active TLC workers before request: 0 (this agent: 0)
  this request workers: 16 (16)
  remaining workers before request: 16
  remaining workers after admission: 0
  result: admitted
TLC2 Version 2026.09.23.154203 (rev: 4260e47)
Running breadth-first search Model-Checking with fp 95 and seed 4993163049725365449 with 16 workers on 16 cores with 15701MB heap and 49152MB offheap memory [pid: 3679554] (Linux 6.8.0-1044-azure amd64, Ubuntu 21.0.11 64bit, OffHeapDiskFPSet, DiskStateQueue).
Parsing file /home/ubuntu/specula-nvflare-gpt-continuation-20260926/framework/runs/gpt-continuation/nvflare-job/.specula-output/spec/output/continuation-C8-MC/MC.tla
Parsing file /home/ubuntu/specula-nvflare-gpt-continuation-20260926/framework/runs/gpt-continuation/nvflare-job/.specula-output/spec/output/continuation-C8-MC/base.tla
Parsing file /tmp/tlc-4371869687574058785/_JsonTrace.tla (jar:file:/home/ubuntu/specula-nvflare-gpt-continuation-20260926/framework/lib/tla2tools.jar!/tla2sany/StandardModules/_JsonTrace.tla)
Parsing file /tmp/tlc-4371869687574058785/_TLCTrace.tla (jar:file:/home/ubuntu/specula-nvflare-gpt-continuation-20260926/framework/lib/tla2tools.jar!/tla2sany/StandardModules/_TLCTrace.tla)
Parsing file /tmp/tlc-4371869687574058785/Integers.tla (jar:file:/home/ubuntu/specula-nvflare-gpt-continuation-20260926/framework/lib/tla2tools.jar!/tla2sany/StandardModules/Integers.tla)
Parsing file /tmp/tlc-4371869687574058785/Sequences.tla (jar:file:/home/ubuntu/specula-nvflare-gpt-continuation-20260926/framework/lib/tla2tools.jar!/tla2sany/StandardModules/Sequences.tla)
Parsing file /tmp/tlc-4371869687574058785/FiniteSets.tla (jar:file:/home/ubuntu/specula-nvflare-gpt-continuation-20260926/framework/lib/tla2tools.jar!/tla2sany/StandardModules/FiniteSets.tla)
Parsing file /tmp/tlc-4371869687574058785/TLC.tla (jar:file:/home/ubuntu/specula-nvflare-gpt-continuation-20260926/framework/lib/tla2tools.jar!/tla2sany/StandardModules/TLC.tla)
Parsing file /tmp/tlc-4371869687574058785/Naturals.tla (jar:file:/home/ubuntu/specula-nvflare-gpt-continuation-20260926/framework/lib/tla2tools.jar!/tla2sany/StandardModules/Naturals.tla)
Parsing file /tmp/tlc-4371869687574058785/TLCExt.tla (jar:file:/home/ubuntu/specula-nvflare-gpt-continuation-20260926/framework/lib/tla2tools.jar!/tla2sany/StandardModules/TLCExt.tla)
Parsing file /tmp/tlc-4371869687574058785/Json.tla (jar:file:/home/ubuntu/specula-nvflare-gpt-continuation-20260926/framework/lib/tla2tools.jar!/tla2sany/StandardModules/Json.tla)
Semantic processing of module Naturals
Semantic processing of module Integers
Semantic processing of module Sequences
Semantic processing of module FiniteSets
Semantic processing of module TLC
Semantic processing of module base
Semantic processing of module TLCExt
Semantic processing of module Json
Semantic processing of module _JsonTrace
Semantic processing of module _TLCTrace
Semantic processing of module MC
Linting of module base
Linting of module TLCExt
Linting of module Json
Linting of module _JsonTrace
Linting of module _TLCTrace
Linting of module MC
Starting... (2026-09-26 13:33:14)
Computing initial states...
Finished computing initial states: 1 distinct state generated at 2026-09-26 13:33:16.
Progress(26) at 2026-09-26 13:33:19: 358,071 states generated (358,071 s/min), 79,222 distinct states found (79,222 ds/min), 26,258 states left on queue.
Progress(33) at 2026-09-26 13:34:19: 12,978,487 states generated (12,620,416 s/min), 2,647,899 distinct states found (2,568,677 ds/min), 1,105,245 states left on queue.
Progress(35) at 2026-09-26 13:35:19: 25,803,256 states generated (12,824,769 s/min), 5,198,510 distinct states found (2,550,611 ds/min), 2,198,634 states left on queue.
Progress(35) at 2026-09-26 13:36:19: 38,939,035 states generated (13,135,779 s/min), 7,687,532 distinct states found (2,489,022 ds/min), 3,317,251 states left on queue.
Progress(36) at 2026-09-26 13:37:19: 51,823,638 states generated (12,884,603 s/min), 10,229,828 distinct states found (2,542,296 ds/min), 4,449,743 states left on queue.
Progress(36) at 2026-09-26 13:38:19: 65,361,643 states generated (13,538,005 s/min), 12,677,397 distinct states found (2,447,569 ds/min), 5,543,112 states left on queue.
Progress(37) at 2026-09-26 13:39:19: 78,065,039 states generated (12,703,396 s/min), 15,218,247 distinct states found (2,540,850 ds/min), 6,658,598 states left on queue.
Progress(37) at 2026-09-26 13:40:19: 91,411,460 states generated (13,346,421 s/min), 17,740,964 distinct states found (2,522,717 ds/min), 7,822,979 states left on queue.
Progress(37) at 2026-09-26 13:41:19: 104,865,267 states generated (13,453,807 s/min), 20,158,273 distinct states found (2,417,309 ds/min), 8,923,993 states left on queue.
Progress(37) at 2026-09-26 13:42:19: 118,757,527 states generated (13,892,260 s/min), 22,561,114 distinct states found (2,402,841 ds/min), 9,943,544 states left on queue.
Checkpointing of run /home/ubuntu/specula-nvflare-gpt-continuation-20260926/framework/runs/gpt-continuation/nvflare-job/.specula-output/.tlc-state/tlc-states-SVgfKh/26-09-26-13-33-13.915
Checkpointing completed at (2026-09-26 13:43:19)
Progress(37) at 2026-09-26 13:43:19: 131,923,224 states generated (13,165,697 s/min), 25,117,736 distinct states found (2,556,622 ds/min), 11,101,991 states left on queue.
Progress(38) at 2026-09-26 13:44:19: 144,764,245 states generated (12,841,021 s/min), 27,600,439 distinct states found (2,482,703 ds/min), 12,150,279 states left on queue.
Progress(38) at 2026-09-26 13:45:19: 157,950,235 states generated (13,185,990 s/min), 30,093,893 distinct states found (2,493,454 ds/min), 13,286,939 states left on queue.
Progress(38) at 2026-09-26 13:46:19: 172,013,417 states generated (14,063,182 s/min), 32,575,512 distinct states found (2,481,619 ds/min), 14,443,946 states left on queue.
Progress(38) at 2026-09-26 13:47:19: 185,441,791 states generated (13,428,374 s/min), 35,005,540 distinct states found (2,430,028 ds/min), 15,532,033 states left on queue.
Progress(38) at 2026-09-26 13:48:19: 199,357,706 states generated (13,915,915 s/min), 37,249,220 distinct states found (2,243,680 ds/min), 16,496,490 states left on queue.
Progress(38) at 2026-09-26 13:49:19: 213,505,960 states generated (14,148,254 s/min), 39,628,259 distinct states found (2,379,039 ds/min), 17,503,554 states left on queue.
