TLC2 Version 2026.09.04.170753 (rev: b123b22)
Running Random Simulation with seed 6674517494790157010 with 5 workers on 96 cores with 7851MB heap and 4096MB offheap memory [pid: 784688] (Linux 6.8.0-1044-azure amd64, Ubuntu 21.0.11 64bit).
Parsing file /home/ubuntu/specula-vsr-runner-20260905/runs/vsr-rs-gpt6astra-ultra-20260905/vsr-rs/.specula-output/spec/output/MC_hunt_scenario3_recovery_simulation/MC.tla
Parsing file /home/ubuntu/specula-vsr-runner-20260905/runs/vsr-rs-gpt6astra-ultra-20260905/vsr-rs/.specula-output/spec/output/MC_hunt_scenario3_recovery_simulation/base.tla
Parsing file /tmp/tlc-16701368725639186022/_JsonTrace.tla (jar:file:/home/ubuntu/specula-vsr-runner-20260905/lib/tla2tools.jar!/tla2sany/StandardModules/_JsonTrace.tla)
Parsing file /tmp/tlc-16701368725639186022/_TLCTrace.tla (jar:file:/home/ubuntu/specula-vsr-runner-20260905/lib/tla2tools.jar!/tla2sany/StandardModules/_TLCTrace.tla)
Parsing file /tmp/tlc-16701368725639186022/Naturals.tla (jar:file:/home/ubuntu/specula-vsr-runner-20260905/lib/tla2tools.jar!/tla2sany/StandardModules/Naturals.tla)
Parsing file /tmp/tlc-16701368725639186022/Integers.tla (jar:file:/home/ubuntu/specula-vsr-runner-20260905/lib/tla2tools.jar!/tla2sany/StandardModules/Integers.tla)
Parsing file /tmp/tlc-16701368725639186022/Sequences.tla (jar:file:/home/ubuntu/specula-vsr-runner-20260905/lib/tla2tools.jar!/tla2sany/StandardModules/Sequences.tla)
Parsing file /tmp/tlc-16701368725639186022/FiniteSets.tla (jar:file:/home/ubuntu/specula-vsr-runner-20260905/lib/tla2tools.jar!/tla2sany/StandardModules/FiniteSets.tla)
Parsing file /tmp/tlc-16701368725639186022/Bags.tla (jar:file:/home/ubuntu/specula-vsr-runner-20260905/lib/tla2tools.jar!/tla2sany/StandardModules/Bags.tla)
Parsing file /tmp/tlc-16701368725639186022/TLC.tla (jar:file:/home/ubuntu/specula-vsr-runner-20260905/lib/tla2tools.jar!/tla2sany/StandardModules/TLC.tla)
Parsing file /tmp/tlc-16701368725639186022/TLCExt.tla (jar:file:/home/ubuntu/specula-vsr-runner-20260905/lib/tla2tools.jar!/tla2sany/StandardModules/TLCExt.tla)
Parsing file /tmp/tlc-16701368725639186022/Json.tla (jar:file:/home/ubuntu/specula-vsr-runner-20260905/lib/tla2tools.jar!/tla2sany/StandardModules/Json.tla)
Semantic processing of module Naturals
Semantic processing of module Integers
Semantic processing of module Sequences
Semantic processing of module FiniteSets
Semantic processing of module TLC
Semantic processing of module Bags
Semantic processing of module base
Semantic processing of module TLCExt
Semantic processing of module Json
Semantic processing of module _JsonTrace
Semantic processing of module _TLCTrace
Semantic processing of module MC
Linting of module base
Linting of module TLCExt
Linting of module Json
Linting of module _JsonTrace
Linting of module _TLCTrace
Linting of module MC
Starting... (2026-09-05 15:06:44)
Implied-temporal checking--satisfiability problem has 24 branches.
Computed 1 initial states...
Finished computing initial states: 1 distinct state generated at 2026-09-05 15:06:44.
Progress: 81921 states checked, 813 traces generated (trace length: mean=78, var(x)=514, sd=23)
Progress: 165066 states checked, 1638 traces generated (trace length: mean=78, var(x)=499, sd=22)
Progress: 247353 states checked, 2455 traces generated (trace length: mean=78, var(x)=494, sd=22)
Progress: 328914 states checked, 3265 traces generated (trace length: mean=78, var(x)=491, sd=22)
Progress: 410595 states checked, 4074 traces generated (trace length: mean=78, var(x)=490, sd=22)
Progress: 492857 states checked, 4890 traces generated (trace length: mean=78, var(x)=489, sd=22)
Progress: 575333 states checked, 5708 traces generated (trace length: mean=78, var(x)=488, sd=22)
Progress: 657477 states checked, 6522 traces generated (trace length: mean=78, var(x)=488, sd=22)
Progress: 738928 states checked, 7330 traces generated (trace length: mean=78, var(x)=487, sd=22)
Progress: 821595 states checked, 8150 traces generated (trace length: mean=78, var(x)=487, sd=22)
Progress: 902975 states checked, 8957 traces generated (trace length: mean=78, var(x)=487, sd=22)
Progress: 984695 states checked, 9767 traces generated (trace length: mean=78, var(x)=486, sd=22)
Progress: 1066905 states checked, 10582 traces generated (trace length: mean=78, var(x)=486, sd=22)
Progress: 1148776 states checked, 11394 traces generated (trace length: mean=78, var(x)=486, sd=22)
Progress: 1230237 states checked, 12202 traces generated (trace length: mean=78, var(x)=486, sd=22)
Progress: 1311244 states checked, 13004 traces generated (trace length: mean=78, var(x)=486, sd=22)
Progress: 1392756 states checked, 13812 traces generated (trace length: mean=78, var(x)=486, sd=22)
Progress: 1474533 states checked, 14623 traces generated (trace length: mean=78, var(x)=486, sd=22)
Progress: 1555849 states checked, 15429 traces generated (trace length: mean=78, var(x)=486, sd=22)
Progress: 1637494 states checked, 16238 traces generated (trace length: mean=78, var(x)=485, sd=22)
Progress: 1719306 states checked, 17049 traces generated (trace length: mean=78, var(x)=485, sd=22)
Progress: 1801314 states checked, 17862 traces generated (trace length: mean=78, var(x)=485, sd=22)
Progress: 1882220 states checked, 18664 traces generated (trace length: mean=78, var(x)=485, sd=22)
Progress: 1963074 states checked, 19465 traces generated (trace length: mean=78, var(x)=485, sd=22)
Progress: 2044308 states checked, 20271 traces generated (trace length: mean=78, var(x)=485, sd=22)
Progress: 2125830 states checked, 21079 traces generated (trace length: mean=78, var(x)=485, sd=22)
Progress: 2207581 states checked, 21890 traces generated (trace length: mean=78, var(x)=485, sd=22)
Progress: 2288680 states checked, 22694 traces generated (trace length: mean=78, var(x)=485, sd=22)
Progress: 2369826 states checked, 23499 traces generated (trace length: mean=78, var(x)=485, sd=22)
