Picked up JAVA_TOOL_OPTIONS: -Djava.io.tmpdir=/home/ubuntu/nvflare-runs-20260913/scratch/transfer/tmp
TLC2 Version 2.20 of Day Month 20?? (rev: ${git.shortRevision})
Running breadth-first search Model-Checking with fp 40 and seed -6855842389544907485 with 1 worker on 80 cores with 1963MB heap and 1024MB offheap memory [pid: 661399] (Linux 6.8.0-1044-azure amd64, Ubuntu 21.0.11 x86_64, OffHeapDiskFPSet, DiskStateQueue).
Parsing file /home/ubuntu/nvflare-runs-20260913/specula/runs/nvflare-transfer-20260913/nvflare-transfer/.specula-output/spec/Trace.tla (file:/home/ubuntu/nvflare-runs-20260913/specula/runs/nvflare-transfer-20260913/nvflare-transfer/.specula-output/harness/controls/wrong_post/spec/Trace.tla)
Parsing file /home/ubuntu/nvflare-runs-20260913/specula/runs/nvflare-transfer-20260913/nvflare-transfer/.specula-output/spec/base.tla (file:/home/ubuntu/nvflare-runs-20260913/specula/runs/nvflare-transfer-20260913/nvflare-transfer/.specula-output/harness/controls/wrong_post/spec/base.tla)
Parsing file /home/ubuntu/nvflare-runs-20260913/scratch/transfer/tmp/tlc-11420301266650475031/Json.tla (jar:file:/home/ubuntu/nvflare-runs-20260913/specula/lib/tla2tools.jar!/tla2sany/StandardModules/Json.tla)
Parsing file /home/ubuntu/nvflare-runs-20260913/scratch/transfer/tmp/tlc-11420301266650475031/IOUtils.tla (jar:file:/home/ubuntu/nvflare-runs-20260913/specula/lib/CommunityModules-deps.jar!/IOUtils.tla)
Parsing file /home/ubuntu/nvflare-runs-20260913/scratch/transfer/tmp/tlc-11420301266650475031/_TLCTrace.tla (jar:file:/home/ubuntu/nvflare-runs-20260913/specula/lib/tla2tools.jar!/tla2sany/StandardModules/_TLCTrace.tla)
Parsing file /home/ubuntu/nvflare-runs-20260913/scratch/transfer/tmp/tlc-11420301266650475031/Naturals.tla (jar:file:/home/ubuntu/nvflare-runs-20260913/specula/lib/tla2tools.jar!/tla2sany/StandardModules/Naturals.tla)
Parsing file /home/ubuntu/nvflare-runs-20260913/scratch/transfer/tmp/tlc-11420301266650475031/Integers.tla (jar:file:/home/ubuntu/nvflare-runs-20260913/specula/lib/tla2tools.jar!/tla2sany/StandardModules/Integers.tla)
Parsing file /home/ubuntu/nvflare-runs-20260913/scratch/transfer/tmp/tlc-11420301266650475031/FiniteSets.tla (jar:file:/home/ubuntu/nvflare-runs-20260913/specula/lib/tla2tools.jar!/tla2sany/StandardModules/FiniteSets.tla)
Parsing file /home/ubuntu/nvflare-runs-20260913/scratch/transfer/tmp/tlc-11420301266650475031/Sequences.tla (jar:file:/home/ubuntu/nvflare-runs-20260913/specula/lib/tla2tools.jar!/tla2sany/StandardModules/Sequences.tla)
Parsing file /home/ubuntu/nvflare-runs-20260913/scratch/transfer/tmp/tlc-11420301266650475031/TLC.tla (jar:file:/home/ubuntu/nvflare-runs-20260913/specula/lib/tla2tools.jar!/tla2sany/StandardModules/TLC.tla)
Parsing file /home/ubuntu/nvflare-runs-20260913/scratch/transfer/tmp/tlc-11420301266650475031/SequencesExt.tla (jar:file:/home/ubuntu/nvflare-runs-20260913/specula/lib/CommunityModules-deps.jar!/SequencesExt.tla)
Parsing file /home/ubuntu/nvflare-runs-20260913/scratch/transfer/tmp/tlc-11420301266650475031/FiniteSetsExt.tla (jar:file:/home/ubuntu/nvflare-runs-20260913/specula/lib/CommunityModules-deps.jar!/FiniteSetsExt.tla)
Parsing file /home/ubuntu/nvflare-runs-20260913/scratch/transfer/tmp/tlc-11420301266650475031/Folds.tla (jar:file:/home/ubuntu/nvflare-runs-20260913/specula/lib/CommunityModules-deps.jar!/Folds.tla)
Parsing file /home/ubuntu/nvflare-runs-20260913/scratch/transfer/tmp/tlc-11420301266650475031/Functions.tla (jar:file:/home/ubuntu/nvflare-runs-20260913/specula/lib/CommunityModules-deps.jar!/Functions.tla)
Parsing file /home/ubuntu/nvflare-runs-20260913/scratch/transfer/tmp/tlc-11420301266650475031/TLCExt.tla (jar:file:/home/ubuntu/nvflare-runs-20260913/specula/lib/tla2tools.jar!/tla2sany/StandardModules/TLCExt.tla)
Semantic processing of module Naturals
Semantic processing of module Integers
Semantic processing of module Sequences
Semantic processing of module FiniteSets
Semantic processing of module TLC
Semantic processing of module base
Semantic processing of module Json
Semantic processing of module Folds
Semantic processing of module Functions
Semantic processing of module FiniteSetsExt
Semantic processing of module SequencesExt
Semantic processing of module IOUtils
Semantic processing of module TLCExt
Semantic processing of module _TLCTrace
Semantic processing of module Trace
Linting of module base
Linting of module Json
Linting of module Folds
Linting of module Functions
Linting of module FiniteSetsExt
Linting of module SequencesExt
Linting of module IOUtils
Linting of module TLCExt
Linting of module _TLCTrace
Linting of module Trace
Starting... (2026-09-13 15:32:07)
Implied-temporal checking--satisfiability problem has 1 branches.
Computing initial states...
Finished computing initial states: 1 distinct state generated at 2026-09-13 15:32:07.
Progress(1) at 2026-09-13 15:32:07: 1 states generated, 1 distinct states found, 0 states left on queue.
Checking temporal properties for the complete state space with 1 total distinct states at (2026-09-13 15:32:07)
Error: Temporal properties were violated.

Error: The following behavior constitutes a counter-example:

State 1: <Initial predicate>
/\ l = 1
/\ st = [ cb |->
      ( <<"pull", "R40d1cca7-d5e9-4822-848c-81659bedc34e", "site-a">> :>
            [kind |-> "none", pc |-> "idle", ref |-> "-"] @@
        <<"pull", "R40d1cca7-d5e9-4822-848c-81659bedc34e", "site-b">> :>
            [kind |-> "none", pc |-> "idle", ref |-> "-"] @@
        <<"pull", "R0369f590-862d-43a8-b8b9-0ab70d5a523b", "site-a">> :>
            [kind |-> "none", pc |-> "idle", ref |-> "-"] @@
        <<"pull", "R0369f590-862d-43a8-b8b9-0ab70d5a523b", "site-b">> :>
            [kind |-> "none", pc |-> "idle", ref |-> "-"] @@
        <<"confirm", "R40d1cca7-d5e9-4822-848c-81659bedc34e", "site-a">> :>
            [kind |-> "none", pc |-> "idle", ref |-> "-"] @@
        <<"confirm", "R40d1cca7-d5e9-4822-848c-81659bedc34e", "site-b">> :>
            [kind |-> "none", pc |-> "idle", ref |-> "-"] @@
        <<"confirm", "R0369f590-862d-43a8-b8b9-0ab70d5a523b", "site-a">> :>
            [kind |-> "none", pc |-> "idle", ref |-> "-"] @@
        <<"confirm", "R0369f590-862d-43a8-b8b9-0ab70d5a523b", "site-b">> :>
            [kind |-> "none", pc |-> "idle", ref |-> "-"] @@
        <<"cancel", "-", "site-a">> :>
            [kind |-> "none", pc |-> "idle", ref |-> "-"] @@
        <<"cancel", "-", "site-b">> :>
            [kind |-> "none", pc |-> "idle", ref |-> "-"] @@
        <<"budget", "-", "-">> :>
            [kind |-> "none", pc |-> "idle", ref |-> "-"] @@
        <<"inline", "-", "-">> :>
            [kind |-> "none", pc |-> "idle", ref |-> "-"] @@
        <<"worker", "-", "-">> :>
            [kind |-> "none", pc |-> "idle", ref |-> "-"] ),
  pub |->
      ( <<"pull", "R40d1cca7-d5e9-4822-848c-81659bedc34e", "site-a">> :>
            [ events |-> {},
              pair |-> <<"-", "-">>,
              pc |-> "idle",
              want |-> "none",
              delta |-> 0,
              force |-> FALSE,
              current |->
                  [ state |-> "none",
                    seq |-> 0,
                    bytes |-> 0,
                    pair |-> <<"-", "-">> ] ] @@
        <<"pull", "R40d1cca7-d5e9-4822-848c-81659bedc34e", "site-b">> :>
            [ events |-> {},
              pair |-> <<"-", "-">>,
              pc |-> "idle",
              want |-> "none",
              delta |-> 0,
              force |-> FALSE,
              current |->
                  [ state |-> "none",
                    seq |-> 0,
                    bytes |-> 0,
                    pair |-> <<"-", "-">> ] ] @@
        <<"pull", "R0369f590-862d-43a8-b8b9-0ab70d5a523b", "site-a">> :>
            [ events |-> {},
              pair |-> <<"-", "-">>,
              pc |-> "idle",
              want |-> "none",
              delta |-> 0,
              force |-> FALSE,
              current |->
                  [ state |-> "none",
                    seq |-> 0,
                    bytes |-> 0,
                    pair |-> <<"-", "-">> ] ] @@
        <<"pull", "R0369f590-862d-43a8-b8b9-0ab70d5a523b", "site-b">> :>
            [ events |-> {},
              pair |-> <<"-", "-">>,
              pc |-> "idle",
              want |-> "none",
              delta |-> 0,
              force |-> FALSE,
              current |->
                  [ state |-> "none",
                    seq |-> 0,
                    bytes |-> 0,
                    pair |-> <<"-", "-">> ] ] @@
        <<"confirm", "R40d1cca7-d5e9-4822-848c-81659bedc34e", "site-a">> :>
            [ events |-> {},
              pair |-> <<"-", "-">>,
              pc |-> "idle",
              want |-> "none",
              delta |-> 0,
              force |-> FALSE,
              current |->
                  [ state |-> "none",
                    seq |-> 0,
                    bytes |-> 0,
                    pair |-> <<"-", "-">> ] ] @@
        <<"confirm", "R40d1cca7-d5e9-4822-848c-81659bedc34e", "site-b">> :>
            [ events |-> {},
              pair |-> <<"-", "-">>,
              pc |-> "idle",
              want |-> "none",
              delta |-> 0,
              force |-> FALSE,
              current |->
                  [ state |-> "none",
                    seq |-> 0,
                    bytes |-> 0,
                    pair |-> <<"-", "-">> ] ] @@
        <<"confirm", "R0369f590-862d-43a8-b8b9-0ab70d5a523b", "site-a">> :>
            [ events |-> {},
              pair |-> <<"-", "-">>,
              pc |-> "idle",
              want |-> "none",
              delta |-> 0,
              force |-> FALSE,
              current |->
                  [ state |-> "none",
                    seq |-> 0,
                    bytes |-> 0,
                    pair |-> <<"-", "-">> ] ] @@
        <<"confirm", "R0369f590-862d-43a8-b8b9-0ab70d5a523b", "site-b">> :>
            [ events |-> {},
              pair |-> <<"-", "-">>,
              pc |-> "idle",
              want |-> "none",
              delta |-> 0,
              force |-> FALSE,
              current |->
                  [ state |-> "none",
                    seq |-> 0,
                    bytes |-> 0,
                    pair |-> <<"-", "-">> ] ] @@
        <<"cancel", "-", "site-a">> :>
            [ events |-> {},
              pair |-> <<"-", "-">>,
              pc |-> "idle",
              want |-> "none",
              delta |-> 0,
              force |-> FALSE,
              current |->
                  [ state |-> "none",
                    seq |-> 0,
                    bytes |-> 0,
                    pair |-> <<"-", "-">> ] ] @@
        <<"cancel", "-", "site-b">> :>
            [ events |-> {},
              pair |-> <<"-", "-">>,
              pc |-> "idle",
              want |-> "none",
              delta |-> 0,
              force |-> FALSE,
              current |->
                  [ state |-> "none",
                    seq |-> 0,
                    bytes |-> 0,
                    pair |-> <<"-", "-">> ] ] @@
        <<"budget", "-", "-">> :>
            [ events |-> {},
              pair |-> <<"-", "-">>,
              pc |-> "idle",
              want |-> "none",
              delta |-> 0,
              force |-> FALSE,
              current |->
                  [ state |-> "none",
                    seq |-> 0,
                    bytes |-> 0,
                    pair |-> <<"-", "-">> ] ] @@
        <<"inline", "-", "-">> :>
            [ events |-> {},
              pair |-> <<"-", "-">>,
              pc |-> "idle",
              want |-> "none",
              delta |-> 0,
              force |-> FALSE,
              current |->
                  [ state |-> "none",
                    seq |-> 0,
                    bytes |-> 0,
                    pair |-> <<"-", "-">> ] ] @@
        <<"worker", "-", "-">> :>
            [ events |-> {},
              pair |-> <<"-", "-">>,
              pc |-> "idle",
              want |-> "none",
              delta |-> 0,
              force |-> FALSE,
              current |->
                  [ state |-> "none",
                    seq |-> 0,
                    bytes |-> 0,
                    pair |-> <<"-", "-">> ] ] ),
  cause |-> "none",
  status |->
      ( <<"R40d1cca7-d5e9-4822-848c-81659bedc34e", "site-a">> :> "none" @@
        <<"R40d1cca7-d5e9-4822-848c-81659bedc34e", "site-b">> :> "none" @@
        <<"R0369f590-862d-43a8-b8b9-0ab70d5a523b", "site-a">> :> "none" @@
        <<"R0369f590-862d-43a8-b8b9-0ab70d5a523b", "site-b">> :> "none" ),
  progressOrder |->
      ( "R40d1cca7-d5e9-4822-848c-81659bedc34e" :> <<>> @@
        "R0369f590-862d-43a8-b8b9-0ab70d5a523b" :> <<>> ),
  fp |->
      ( <<"confirm", "R40d1cca7-d5e9-4822-848c-81659bedc34e", "site-a">> :>
            <<"-", "-">> @@
        <<"confirm", "R40d1cca7-d5e9-4822-848c-81659bedc34e", "site-b">> :>
            <<"-", "-">> @@
        <<"confirm", "R0369f590-862d-43a8-b8b9-0ab70d5a523b", "site-a">> :>
            <<"-", "-">> @@
        <<"confirm", "R0369f590-862d-43a8-b8b9-0ab70d5a523b", "site-b">> :>
            <<"-", "-">> @@
        <<"cancel", "-", "site-a">> :> <<"-", "-">> @@
        <<"cancel", "-", "site-b">> :> <<"-", "-">> @@
        <<"budget", "-", "-">> :> <<"-", "-">> ),
  baseObjects |->
      ( <<"inline", "-", "-">> :>
            ( "R40d1cca7-d5e9-4822-848c-81659bedc34e" :> FALSE @@
              "R0369f590-862d-43a8-b8b9-0ab70d5a523b" :> FALSE ) @@
        <<"worker", "-", "-">> :>
            ( "R40d1cca7-d5e9-4822-848c-81659bedc34e" :> FALSE @@
              "R0369f590-862d-43a8-b8b9-0ab70d5a523b" :> FALSE ) ),
  verdicts |->
      ( <<"inline", "-", "-">> :>
            [ matrix |->
                  ( <<"R40d1cca7-d5e9-4822-848c-81659bedc34e", "site-a">> :>
                        "none" @@
                    <<"R40d1cca7-d5e9-4822-848c-81659bedc34e", "site-b">> :>
                        "none" @@
                    <<"R0369f590-862d-43a8-b8b9-0ab70d5a523b", "site-a">> :>
                        "none" @@
                    <<"R0369f590-862d-43a8-b8b9-0ab70d5a523b", "site-b">> :>
                        "none" ),
              status |-> "none",
              reason |-> "none",
              done |-> "none",
              refsPresent |-> FALSE,
              quorum |-> FALSE ] @@
        <<"worker", "-", "-">> :>
            [ matrix |->
                  ( <<"R40d1cca7-d5e9-4822-848c-81659bedc34e", "site-a">> :>
                        "none" @@
                    <<"R40d1cca7-d5e9-4822-848c-81659bedc34e", "site-b">> :>
                        "none" @@
                    <<"R0369f590-862d-43a8-b8b9-0ab70d5a523b", "site-a">> :>
                        "none" @@
                    <<"R0369f590-862d-43a8-b8b9-0ab70d5a523b", "site-b">> :>
                        "none" ),
              status |-> "none",
              reason |-> "none",
              done |-> "none",
              refsPresent |-> FALSE,
              quorum |-> FALSE ] ),
  now |-> 0,
  live |-> TRUE,
  owner |-> TRUE,
  closed |-> FALSE,
  terminating |-> FALSE,
  settlementComplete |-> FALSE,
  shutdown |-> FALSE,
  provisional |->
      ( <<"R40d1cca7-d5e9-4822-848c-81659bedc34e", "site-a">> :> "none" @@
        <<"R40d1cca7-d5e9-4822-848c-81659bedc34e", "site-b">> :> "none" @@
        <<"R0369f590-862d-43a8-b8b9-0ab70d5a523b", "site-a">> :> "none" @@
        <<"R0369f590-862d-43a8-b8b9-0ab70d5a523b", "site-b">> :> "none" ),
  pending |->
      ( <<"R40d1cca7-d5e9-4822-848c-81659bedc34e", "site-a">> :> FALSE @@
        <<"R40d1cca7-d5e9-4822-848c-81659bedc34e", "site-b">> :> FALSE @@
        <<"R0369f590-862d-43a8-b8b9-0ab70d5a523b", "site-a">> :> FALSE @@
        <<"R0369f590-862d-43a8-b8b9-0ab70d5a523b", "site-b">> :> FALSE ),
  allDone |->
      ( "R40d1cca7-d5e9-4822-848c-81659bedc34e" :> FALSE @@
        "R0369f590-862d-43a8-b8b9-0ab70d5a523b" :> FALSE ),
  acquired |-> {},
  txLast |-> 0,
  receiverLast |-> ("site-a" :> -1 @@ "site-b" :> -1),
  refLast |->
      ( <<"R40d1cca7-d5e9-4822-848c-81659bedc34e", "site-a">> :> -1 @@
        <<"R40d1cca7-d5e9-4822-848c-81659bedc34e", "site-b">> :> -1 @@
        <<"R0369f590-862d-43a8-b8b9-0ab70d5a523b", "site-a">> :> -1 @@
        <<"R0369f590-862d-43a8-b8b9-0ab70d5a523b", "site-b">> :> -1 ),
  ops |-> {},
  futureStarted |->
      ( <<"R40d1cca7-d5e9-4822-848c-81659bedc34e", "site-a">> :> FALSE @@
        <<"R40d1cca7-d5e9-4822-848c-81659bedc34e", "site-b">> :> FALSE @@
        <<"R0369f590-862d-43a8-b8b9-0ab70d5a523b", "site-a">> :> FALSE @@
        <<"R0369f590-862d-43a8-b8b9-0ab70d5a523b", "site-b">> :> FALSE ),
  tombstoneAt |-> -1,
  pullPC |->
      ( <<"R40d1cca7-d5e9-4822-848c-81659bedc34e", "site-a">> :> "idle" @@
        <<"R40d1cca7-d5e9-4822-848c-81659bedc34e", "site-b">> :> "idle" @@
        <<"R0369f590-862d-43a8-b8b9-0ab70d5a523b", "site-a">> :> "idle" @@
        <<"R0369f590-862d-43a8-b8b9-0ab70d5a523b", "site-b">> :> "idle" ),
  pullTime |->
      ( <<"R40d1cca7-d5e9-4822-848c-81659bedc34e", "site-a">> :> 0 @@
        <<"R40d1cca7-d5e9-4822-848c-81659bedc34e", "site-b">> :> 0 @@
        <<"R0369f590-862d-43a8-b8b9-0ab70d5a523b", "site-a">> :> 0 @@
        <<"R0369f590-862d-43a8-b8b9-0ab70d5a523b", "site-b">> :> 0 ),
  index |->
      ( <<"R40d1cca7-d5e9-4822-848c-81659bedc34e", "site-a">> :> 0 @@
        <<"R40d1cca7-d5e9-4822-848c-81659bedc34e", "site-b">> :> 0 @@
        <<"R0369f590-862d-43a8-b8b9-0ab70d5a523b", "site-a">> :> 0 @@
        <<"R0369f590-862d-43a8-b8b9-0ab70d5a523b", "site-b">> :> 0 ),
  rc |->
      ( <<"R40d1cca7-d5e9-4822-848c-81659bedc34e", "site-a">> :> "none" @@
        <<"R40d1cca7-d5e9-4822-848c-81659bedc34e", "site-b">> :> "none" @@
        <<"R0369f590-862d-43a8-b8b9-0ab70d5a523b", "site-a">> :> "none" @@
        <<"R0369f590-862d-43a8-b8b9-0ab70d5a523b", "site-b">> :> "none" ),
  nonce |->
      ( <<"R40d1cca7-d5e9-4822-848c-81659bedc34e", "site-a">> :> FALSE @@
        <<"R40d1cca7-d5e9-4822-848c-81659bedc34e", "site-b">> :> FALSE @@
        <<"R0369f590-862d-43a8-b8b9-0ab70d5a523b", "site-a">> :> FALSE @@
        <<"R0369f590-862d-43a8-b8b9-0ab70d5a523b", "site-b">> :> FALSE ),
  reply |->
      ( <<"R40d1cca7-d5e9-4822-848c-81659bedc34e", "site-a">> :> "none" @@
        <<"R40d1cca7-d5e9-4822-848c-81659bedc34e", "site-b">> :> "none" @@
        <<"R0369f590-862d-43a8-b8b9-0ab70d5a523b", "site-a">> :> "none" @@
        <<"R0369f590-862d-43a8-b8b9-0ab70d5a523b", "site-b">> :> "none" ),
  replyNonce |->
      ( <<"R40d1cca7-d5e9-4822-848c-81659bedc34e", "site-a">> :> FALSE @@
        <<"R40d1cca7-d5e9-4822-848c-81659bedc34e", "site-b">> :> FALSE @@
        <<"R0369f590-862d-43a8-b8b9-0ab70d5a523b", "site-a">> :> FALSE @@
        <<"R0369f590-862d-43a8-b8b9-0ab70d5a523b", "site-b">> :> FALSE ),
  consumer |->
      ( <<"R40d1cca7-d5e9-4822-848c-81659bedc34e", "site-a">> :> "new" @@
        <<"R40d1cca7-d5e9-4822-848c-81659bedc34e", "site-b">> :> "new" @@
        <<"R0369f590-862d-43a8-b8b9-0ab70d5a523b", "site-a">> :> "new" @@
        <<"R0369f590-862d-43a8-b8b9-0ab70d5a523b", "site-b">> :> "new" ),
  consumerResult |->
      ( <<"R40d1cca7-d5e9-4822-848c-81659bedc34e", "site-a">> :> "none" @@
        <<"R40d1cca7-d5e9-4822-848c-81659bedc34e", "site-b">> :> "none" @@
        <<"R0369f590-862d-43a8-b8b9-0ab70d5a523b", "site-a">> :> "none" @@
        <<"R0369f590-862d-43a8-b8b9-0ab70d5a523b", "site-b">> :> "none" ),
  consumerNonce |->
      ( <<"R40d1cca7-d5e9-4822-848c-81659bedc34e", "site-a">> :> FALSE @@
        <<"R40d1cca7-d5e9-4822-848c-81659bedc34e", "site-b">> :> FALSE @@
        <<"R0369f590-862d-43a8-b8b9-0ab70d5a523b", "site-a">> :> FALSE @@
        <<"R0369f590-862d-43a8-b8b9-0ab70d5a523b", "site-b">> :> FALSE ),
  abandoned |-> {},
  confirmWire |-> {},
  cancelWire |-> {},
  fpc |->
      ( <<"confirm", "R40d1cca7-d5e9-4822-848c-81659bedc34e", "site-a">> :>
            "idle" @@
        <<"confirm", "R40d1cca7-d5e9-4822-848c-81659bedc34e", "site-b">> :>
            "idle" @@
        <<"confirm", "R0369f590-862d-43a8-b8b9-0ab70d5a523b", "site-a">> :>
            "idle" @@
        <<"confirm", "R0369f590-862d-43a8-b8b9-0ab70d5a523b", "site-b">> :>
            "idle" @@
        <<"cancel", "-", "site-a">> :> "idle" @@
        <<"cancel", "-", "site-b">> :> "idle" @@
        <<"budget", "-", "-">> :> "idle" ),
  ftodo |->
      ( <<"confirm", "R40d1cca7-d5e9-4822-848c-81659bedc34e", "site-a">> :>
            {} @@
        <<"confirm", "R40d1cca7-d5e9-4822-848c-81659bedc34e", "site-b">> :>
            {} @@
        <<"confirm", "R0369f590-862d-43a8-b8b9-0ab70d5a523b", "site-a">> :>
            {} @@
        <<"confirm", "R0369f590-862d-43a8-b8b9-0ab70d5a523b", "site-b">> :>
            {} @@
        <<"cancel", "-", "site-a">> :> {} @@
        <<"cancel", "-", "site-b">> :> {} @@
        <<"budget", "-", "-">> :> {} ),
  fwon |->
      ( <<"confirm", "R40d1cca7-d5e9-4822-848c-81659bedc34e", "site-a">> :>
            FALSE @@
        <<"confirm", "R40d1cca7-d5e9-4822-848c-81659bedc34e", "site-b">> :>
            FALSE @@
        <<"confirm", "R0369f590-862d-43a8-b8b9-0ab70d5a523b", "site-a">> :>
            FALSE @@
        <<"confirm", "R0369f590-862d-43a8-b8b9-0ab70d5a523b", "site-b">> :>
            FALSE @@
        <<"cancel", "-", "site-a">> :> FALSE @@
        <<"cancel", "-", "site-b">> :> FALSE @@
        <<"budget", "-", "-">> :> FALSE ),
  faccepted |->
      ( <<"confirm", "R40d1cca7-d5e9-4822-848c-81659bedc34e", "site-a">> :>
            FALSE @@
        <<"confirm", "R40d1cca7-d5e9-4822-848c-81659bedc34e", "site-b">> :>
            FALSE @@
        <<"confirm", "R0369f590-862d-43a8-b8b9-0ab70d5a523b", "site-a">> :>
            FALSE @@
        <<"confirm", "R0369f590-862d-43a8-b8b9-0ab70d5a523b", "site-b">> :>
            FALSE @@
        <<"cancel", "-", "site-a">> :> FALSE @@
        <<"cancel", "-", "site-b">> :> FALSE @@
        <<"budget", "-", "-">> :> FALSE ),
  fall |->
      ( <<"confirm", "R40d1cca7-d5e9-4822-848c-81659bedc34e", "site-a">> :>
            FALSE @@
        <<"confirm", "R40d1cca7-d5e9-4822-848c-81659bedc34e", "site-b">> :>
            FALSE @@
        <<"confirm", "R0369f590-862d-43a8-b8b9-0ab70d5a523b", "site-a">> :>
            FALSE @@
        <<"confirm", "R0369f590-862d-43a8-b8b9-0ab70d5a523b", "site-b">> :>
            FALSE @@
        <<"cancel", "-", "site-a">> :> FALSE @@
        <<"cancel", "-", "site-b">> :> FALSE @@
        <<"budget", "-", "-">> :> FALSE ),
  finishReady |-> {},
  budgetLast |-> ("site-a" :> -1 @@ "site-b" :> -1),
  budgetNow |-> 0,
  monitorPC |-> "idle",
  monitorNow |-> 0,
  progressStarted |-> {},
  progressTerminal |->
      ( <<"R40d1cca7-d5e9-4822-848c-81659bedc34e", "site-a">> :> "none" @@
        <<"R40d1cca7-d5e9-4822-848c-81659bedc34e", "site-b">> :> "none" @@
        <<"R0369f590-862d-43a8-b8b9-0ab70d5a523b", "site-a">> :> "none" @@
        <<"R0369f590-862d-43a8-b8b9-0ab70d5a523b", "site-b">> :> "none" ),
  progressBytes |->
      ( <<"R40d1cca7-d5e9-4822-848c-81659bedc34e", "site-a">> :> 0 @@
        <<"R40d1cca7-d5e9-4822-848c-81659bedc34e", "site-b">> :> 0 @@
        <<"R0369f590-862d-43a8-b8b9-0ab70d5a523b", "site-a">> :> 0 @@
        <<"R0369f590-862d-43a8-b8b9-0ab70d5a523b", "site-b">> :> 0 ),
  progressSeq |->
      ( <<"R40d1cca7-d5e9-4822-848c-81659bedc34e", "site-a">> :> 0 @@
        <<"R40d1cca7-d5e9-4822-848c-81659bedc34e", "site-b">> :> 0 @@
        <<"R0369f590-862d-43a8-b8b9-0ab70d5a523b", "site-a">> :> 0 @@
        <<"R0369f590-862d-43a8-b8b9-0ab70d5a523b", "site-b">> :> 0 ),
  refTerminal |->
      ( "R40d1cca7-d5e9-4822-848c-81659bedc34e" :> "none" @@
        "R0369f590-862d-43a8-b8b9-0ab70d5a523b" :> "none" ),
  observedTerminal |->
      ( <<"R40d1cca7-d5e9-4822-848c-81659bedc34e", "site-a">> :> "none" @@
        <<"R40d1cca7-d5e9-4822-848c-81659bedc34e", "site-b">> :> "none" @@
        <<"R0369f590-862d-43a8-b8b9-0ab70d5a523b", "site-a">> :> "none" @@
        <<"R0369f590-862d-43a8-b8b9-0ab70d5a523b", "site-b">> :> "none" ),
  queued |-> FALSE,
  submitPC |-> "idle",
  spc |->
      (<<"inline", "-", "-">> :> "idle" @@ <<"worker", "-", "-">> :> "idle"),
  drainAt |-> (<<"inline", "-", "-">> :> 0 @@ <<"worker", "-", "-">> :> 0),
  drainForced |->
      (<<"inline", "-", "-">> :> FALSE @@ <<"worker", "-", "-">> :> FALSE),
  todo |-> (<<"inline", "-", "-">> :> {} @@ <<"worker", "-", "-">> :> {}),
  snapshots |->
      ( <<"inline", "-", "-">> :>
            ( <<"R40d1cca7-d5e9-4822-848c-81659bedc34e", "site-a">> :> "none" @@
              <<"R40d1cca7-d5e9-4822-848c-81659bedc34e", "site-b">> :> "none" @@
              <<"R0369f590-862d-43a8-b8b9-0ab70d5a523b", "site-a">> :> "none" @@
              <<"R0369f590-862d-43a8-b8b9-0ab70d5a523b", "site-b">> :>
                  "none" ) @@
        <<"worker", "-", "-">> :>
            ( <<"R40d1cca7-d5e9-4822-848c-81659bedc34e", "site-a">> :> "none" @@
              <<"R40d1cca7-d5e9-4822-848c-81659bedc34e", "site-b">> :> "none" @@
              <<"R0369f590-862d-43a8-b8b9-0ab70d5a523b", "site-a">> :> "none" @@
              <<"R0369f590-862d-43a8-b8b9-0ab70d5a523b", "site-b">> :>
                  "none" ) ),
  sourceHeld |->
      ( "R40d1cca7-d5e9-4822-848c-81659bedc34e" :> TRUE @@
        "R0369f590-862d-43a8-b8b9-0ab70d5a523b" :> TRUE ),
  objectDoneCalls |->
      ( "R40d1cca7-d5e9-4822-848c-81659bedc34e" :> 0 @@
        "R0369f590-862d-43a8-b8b9-0ab70d5a523b" :> 0 ),
  doneCalls |-> 0,
  outcomeCbCalls |-> 0,
  releaseAttempts |->
      ( "R40d1cca7-d5e9-4822-848c-81659bedc34e" :> 0 @@
        "R0369f590-862d-43a8-b8b9-0ab70d5a523b" :> 0 ),
  effectsAfterReceipt |-> FALSE,
  callbackErrors |-> 0,
  receiptWrites |-> 0,
  receipt |->
      [ matrix |->
            ( <<"R40d1cca7-d5e9-4822-848c-81659bedc34e", "site-a">> :> "none" @@
              <<"R40d1cca7-d5e9-4822-848c-81659bedc34e", "site-b">> :> "none" @@
              <<"R0369f590-862d-43a8-b8b9-0ab70d5a523b", "site-a">> :> "none" @@
              <<"R0369f590-862d-43a8-b8b9-0ab70d5a523b", "site-b">> :> "none" ),
        status |-> "none",
        reason |-> "none",
        done |-> "none",
        refsPresent |-> FALSE,
        quorum |-> FALSE ],
  retained |-> FALSE,
  recordAt |-> 0,
  recordedBy |-> <<"inline", "-", "-">>,
  markerLeaked |->
      (<<"inline", "-", "-">> :> FALSE @@ <<"worker", "-", "-">> :> FALSE),
  waiter |-> "pending",
  waiterOutcome |->
      [ matrix |->
            ( <<"R40d1cca7-d5e9-4822-848c-81659bedc34e", "site-a">> :> "none" @@
              <<"R40d1cca7-d5e9-4822-848c-81659bedc34e", "site-b">> :> "none" @@
              <<"R0369f590-862d-43a8-b8b9-0ab70d5a523b", "site-a">> :> "none" @@
              <<"R0369f590-862d-43a8-b8b9-0ab70d5a523b", "site-b">> :> "none" ),
        status |-> "none",
        reason |-> "none",
        done |-> "none",
        refsPresent |-> FALSE,
        quorum |-> FALSE ],
  lateWaiter |-> "unregistered",
  lateOutcome |->
      [ matrix |->
            ( <<"R40d1cca7-d5e9-4822-848c-81659bedc34e", "site-a">> :> "none" @@
              <<"R40d1cca7-d5e9-4822-848c-81659bedc34e", "site-b">> :> "none" @@
              <<"R0369f590-862d-43a8-b8b9-0ab70d5a523b", "site-a">> :> "none" @@
              <<"R0369f590-862d-43a8-b8b9-0ab70d5a523b", "site-b">> :> "none" ),
        status |-> "none",
        reason |-> "none",
        done |-> "none",
        refsPresent |-> FALSE,
        quorum |-> FALSE ],
  caller |-> "waiting" ]

State 2: Stuttering
Finished checking temporal properties in 00s at 2026-09-13 15:32:07
1 states generated, 1 distinct states found, 0 states left on queue.
The depth of the complete state graph search is 1.
Finished in 00s at (2026-09-13 15:32:07)
Trace exploration spec path: ./Trace_TTrace_1789313526.tla
