[0;32m================================[0m
[0;32mTLC Simulation Mode[0m
[0;32m================================[0m
Spec File:       MC.tla
Config File:     MC.cfg
Memory Limit:    2G
Off-heap Memory: 1G
Workers:         2
Timeout:         1 minutes
[0;34m--- Simulation Settings ---[0m
Trace Count:     25
Trace File:      (not saved)
Sim Depth:       300
Log File:        /home/ubuntu/nvflare-runs-20260913/specula/runs/nvflare-fedavg-20260913/nvflare-fedavg/.specula-output/.tlc-tasks/jobs/f603013da3864171be4f5a9c2b4aefc0/tlc.log
[0;32m================================[0m
[1;33mExecuting Command:[0m
java -XX:+UseParallelGC -Dtlc2.tool.fp.FPSet.impl=tlc2.tool.fp.OffHeapDiskFPSet -XX:MaxDirectMemorySize=1G -Xmx2G -Xms2G -cp /home/ubuntu/nvflare-runs-20260913/specula/lib/CommunityModules-deps.jar:/home/ubuntu/nvflare-runs-20260913/specula/lib/tla2tools.jar tlc2.TLC -config MC.cfg MC.tla -workers 2 -deadlock -simulate num=25 -depth 300 -metadir /home/ubuntu/nvflare-runs-20260913/scratch/fedavg/tlc/tlc-states-7tOBVR 

TLC resource budget (Specula run nvflare-fedavg-20260913):
  memory source: user config (128G)
  external memory use: not included in this configured run bound
  memory limit: 128 GiB
  active TLC reserved before request: 0 bytes (this agent: 0 bytes)
  this request: 3 GiB (heap 2 GiB + off-heap 1 GiB)
  remaining before request: 128 GiB
  remaining after admission: 125 GiB
  worker limit: 40
  active TLC workers before request: 0 (this agent: 0)
  this request workers: 2 (2)
  remaining workers before request: 40
  remaining workers after admission: 38
  result: admitted
Picked up JAVA_TOOL_OPTIONS: -Djava.io.tmpdir=/home/ubuntu/nvflare-runs-20260913/scratch/fedavg/tmp
TLC2 Version 2.20 of Day Month 20?? (rev: ${git.shortRevision})
Running Random Simulation with seed -1775535268507901767 with 2 workers on 80 cores with 1963MB heap and 1024MB offheap memory [pid: 3890887] (Linux 6.8.0-1044-azure amd64, Ubuntu 21.0.11 x86_64).
Parsing file /home/ubuntu/nvflare-runs-20260913/specula/runs/nvflare-fedavg-20260913/nvflare-fedavg/.specula-output/spec/MC.tla
Parsing file /home/ubuntu/nvflare-runs-20260913/specula/runs/nvflare-fedavg-20260913/nvflare-fedavg/.specula-output/spec/base.tla
Parsing file /home/ubuntu/nvflare-runs-20260913/scratch/fedavg/tmp/tlc-13860882205634918613/_TLCTrace.tla (jar:file:/home/ubuntu/nvflare-runs-20260913/specula/lib/tla2tools.jar!/tla2sany/StandardModules/_TLCTrace.tla)
Parsing file /home/ubuntu/nvflare-runs-20260913/scratch/fedavg/tmp/tlc-13860882205634918613/Naturals.tla (jar:file:/home/ubuntu/nvflare-runs-20260913/specula/lib/tla2tools.jar!/tla2sany/StandardModules/Naturals.tla)
Parsing file /home/ubuntu/nvflare-runs-20260913/scratch/fedavg/tmp/tlc-13860882205634918613/Integers.tla (jar:file:/home/ubuntu/nvflare-runs-20260913/specula/lib/tla2tools.jar!/tla2sany/StandardModules/Integers.tla)
Parsing file /home/ubuntu/nvflare-runs-20260913/scratch/fedavg/tmp/tlc-13860882205634918613/Sequences.tla (jar:file:/home/ubuntu/nvflare-runs-20260913/specula/lib/tla2tools.jar!/tla2sany/StandardModules/Sequences.tla)
Parsing file /home/ubuntu/nvflare-runs-20260913/scratch/fedavg/tmp/tlc-13860882205634918613/FiniteSets.tla (jar:file:/home/ubuntu/nvflare-runs-20260913/specula/lib/tla2tools.jar!/tla2sany/StandardModules/FiniteSets.tla)
Parsing file /home/ubuntu/nvflare-runs-20260913/scratch/fedavg/tmp/tlc-13860882205634918613/TLC.tla (jar:file:/home/ubuntu/nvflare-runs-20260913/specula/lib/tla2tools.jar!/tla2sany/StandardModules/TLC.tla)
Parsing file /home/ubuntu/nvflare-runs-20260913/scratch/fedavg/tmp/tlc-13860882205634918613/TLCExt.tla (jar:file:/home/ubuntu/nvflare-runs-20260913/specula/lib/tla2tools.jar!/tla2sany/StandardModules/TLCExt.tla)
Semantic processing of module Naturals
Semantic processing of module Integers
Semantic processing of module Sequences
Semantic processing of module FiniteSets
Semantic processing of module TLC
Semantic processing of module base
Semantic processing of module TLCExt
Semantic processing of module _TLCTrace
Semantic processing of module MC
Linting of module base
Linting of module TLCExt
Linting of module _TLCTrace
Linting of module MC
Starting... (2026-09-13 10:40:37)
Computed 1 initial states...
Finished computing initial states: 1 distinct state generated at 2026-09-13 10:40:37.
Error: Successor state is not completely specified by action MCNext of the next-state relation. The following variable is not defined: s.

Error: The behavior up to this point is:
State 1: <MCInit line 13, col 11 to line 13, col 56 of module MC>
/\ s = [ aggr |->
      [ receivedCount |-> 0,
        failedClients |-> {},
        task |-> 0,
        applied |-> <<<<>>, <<>>>>,
        stats |-> <<<<>>, <<>>>>,
        paramHistory |-> <<>>,
        metricApplied |-> <<>>,
        metricStats |-> <<>>,
        metricHistory |-> <<>>,
        allMetrics |-> TRUE,
        counted |-> <<>> ],
  dead |->
      ( c1 :> [age |-> 0, reported |-> FALSE, disconnected |-> FALSE] @@
        c2 :> [age |-> 0, reported |-> FALSE, disconnected |-> FALSE] ),
  net |-> <<(c1 :> <<>> @@ c2 :> <<>>), (c1 :> <<>> @@ c2 :> <<>>)>>,
  wf |->
      [ abort |-> FALSE,
        pc |-> "start",
        round |-> 0,
        sourceVersion |-> 0,
        started |-> {},
        outcome |-> "running",
        open |-> TRUE ],
  task |->
      << [ scheduled |-> FALSE,
           standing |-> FALSE,
           status |-> "NEW",
           sourceAtSchedule |-> -1,
           broadcastVersion |-> -1,
           assignedOrder |-> <<>>,
           age |-> 0,
           cleaned |-> FALSE,
           retiredStatus |-> "NEW",
           retiredOutstanding |-> {} ],
         [ scheduled |-> FALSE,
           standing |-> FALSE,
           status |-> "NEW",
           sourceAtSchedule |-> -1,
           broadcastVersion |-> -1,
           assignedOrder |-> <<>>,
           age |-> 0,
           cleaned |-> FALSE,
           retiredStatus |-> "NEW",
           retiredOutstanding |-> {} ] >>,
  ct |->
      << ( c1 :>
               [ delivery |-> "none",
                 assigned |-> FALSE,
                 headerId |-> <<0, "">>,
                 headerRound |-> -1,
                 inputVersion |-> -1,
                 result |-> "none",
                 metricKind |-> "none",
                 receipt |-> FALSE,
                 decision |-> "pending",
                 invocations |-> 0 ] @@
           c2 :>
               [ delivery |-> "none",
                 assigned |-> FALSE,
                 headerId |-> <<0, "">>,
                 headerRound |-> -1,
                 inputVersion |-> -1,
                 result |-> "none",
                 metricKind |-> "none",
                 receipt |-> FALSE,
                 decision |-> "pending",
                 invocations |-> 0 ] ),
         ( c1 :>
               [ delivery |-> "none",
                 assigned |-> FALSE,
                 headerId |-> <<0, "">>,
                 headerRound |-> -1,
                 inputVersion |-> -1,
                 result |-> "none",
                 metricKind |-> "none",
                 receipt |-> FALSE,
                 decision |-> "pending",
                 invocations |-> 0 ] @@
           c2 :>
               [ delivery |-> "none",
                 assigned |-> FALSE,
                 headerId |-> <<0, "">>,
                 headerRound |-> -1,
                 inputVersion |-> -1,
                 result |-> "none",
                 metricKind |-> "none",
                 receipt |-> FALSE,
                 decision |-> "pending",
                 invocations |-> 0 ] ) >>,
  comm |->
      [ id |-> <<0, "">>,
        kind |-> "free",
        pc |-> "idle",
        attempt |-> 0,
        key |-> 1,
        accepted |-> FALSE,
        exit |-> "LIVE",
        writeStatus |-> FALSE,
        pending |-> {},
        deadView |-> {} ],
  runner |->
      [ id |-> <<0, "">>,
        kind |-> "free",
        pc |-> "idle",
        client |-> "",
        attempt |-> 0 ],
  requested |-> {},
  scratch |->
      [ stats |-> <<<<>>, <<>>>>,
        paramHistory |-> <<>>,
        metricStats |-> <<>>,
        metricHistory |-> <<>>,
        allMetrics |-> TRUE,
        counted |-> <<>>,
        params |-> <<<<>>, <<>>>>,
        metrics |-> <<>>,
        count |-> 0 ],
  used |->
      << [ stats |-> <<<<>>, <<>>>>,
           paramHistory |-> <<>>,
           metricStats |-> <<>>,
           metricHistory |-> <<>>,
           allMetrics |-> TRUE,
           counted |-> <<>>,
           params |-> <<<<>>, <<>>>>,
           metrics |-> <<>>,
           count |-> 0 ],
         [ stats |-> <<<<>>, <<>>>>,
           paramHistory |-> <<>>,
           metricStats |-> <<>>,
           metricHistory |-> <<>>,
           allMetrics |-> TRUE,
           counted |-> <<>>,
           params |-> <<<<>>, <<>>>>,
           metrics |-> <<>>,
           count |-> 0 ] >>,
  committed |-> {},
  saved |-> {},
  completed |-> <<>>,
  unknownSeen |-> {},
  mon |->
      [ pc |-> "idle",
        pending |-> {},
        deadView |-> {},
        reportAges |-> (c1 :> 0 @@ c2 :> 0) ] ]
/\ faults = [ before |-> 0,
  snapshot |-> 0,
  filter |-> 0,
  delivery |-> 0,
  resultError |-> 0,
  conversion |-> 0,
  param |-> 0,
  metricPrep |-> 0,
  metric |-> 0,
  ackLoss |-> 0,
  cancel |-> 0,
  dead |-> 0 ]

State 2: <MCWFCommReportDeadClient(c1) line 86, col 5 to line 88, col 45 of module MC>
/\ s = [ aggr |->
      [ receivedCount |-> 0,
        failedClients |-> {},
        task |-> 0,
        applied |-> <<<<>>, <<>>>>,
        stats |-> <<<<>>, <<>>>>,
        paramHistory |-> <<>>,
        metricApplied |-> <<>>,
        metricStats |-> <<>>,
        metricHistory |-> <<>>,
        allMetrics |-> TRUE,
        counted |-> <<>> ],
  dead |->
      ( c1 :> [age |-> 0, reported |-> TRUE, disconnected |-> FALSE] @@
        c2 :> [age |-> 0, reported |-> FALSE, disconnected |-> FALSE] ),
  net |-> <<(c1 :> <<>> @@ c2 :> <<>>), (c1 :> <<>> @@ c2 :> <<>>)>>,
  wf |->
      [ abort |-> FALSE,
        pc |-> "start",
        round |-> 0,
        sourceVersion |-> 0,
        started |-> {},
        outcome |-> "running",
        open |-> TRUE ],
  task |->
      << [ scheduled |-> FALSE,
           standing |-> FALSE,
           status |-> "NEW",
           sourceAtSchedule |-> -1,
           broadcastVersion |-> -1,
           assignedOrder |-> <<>>,
           age |-> 0,
           cleaned |-> FALSE,
           retiredStatus |-> "NEW",
           retiredOutstanding |-> {} ],
         [ scheduled |-> FALSE,
           standing |-> FALSE,
           status |-> "NEW",
           sourceAtSchedule |-> -1,
           broadcastVersion |-> -1,
           assignedOrder |-> <<>>,
           age |-> 0,
           cleaned |-> FALSE,
           retiredStatus |-> "NEW",
           retiredOutstanding |-> {} ] >>,
  ct |->
      << ( c1 :>
               [ delivery |-> "none",
                 assigned |-> FALSE,
                 headerId |-> <<0, "">>,
                 headerRound |-> -1,
                 inputVersion |-> -1,
                 result |-> "none",
                 metricKind |-> "none",
                 receipt |-> FALSE,
                 decision |-> "pending",
                 invocations |-> 0 ] @@
           c2 :>
               [ delivery |-> "none",
                 assigned |-> FALSE,
                 headerId |-> <<0, "">>,
                 headerRound |-> -1,
                 inputVersion |-> -1,
                 result |-> "none",
                 metricKind |-> "none",
                 receipt |-> FALSE,
                 decision |-> "pending",
                 invocations |-> 0 ] ),
         ( c1 :>
               [ delivery |-> "none",
                 assigned |-> FALSE,
                 headerId |-> <<0, "">>,
                 headerRound |-> -1,
                 inputVersion |-> -1,
                 result |-> "none",
                 metricKind |-> "none",
                 receipt |-> FALSE,
                 decision |-> "pending",
                 invocations |-> 0 ] @@
           c2 :>
               [ delivery |-> "none",
                 assigned |-> FALSE,
                 headerId |-> <<0, "">>,
                 headerRound |-> -1,
                 inputVersion |-> -1,
                 result |-> "none",
                 metricKind |-> "none",
                 receipt |-> FALSE,
                 decision |-> "pending",
                 invocations |-> 0 ] ) >>,
  comm |->
      [ id |-> <<0, "">>,
        kind |-> "free",
        pc |-> "idle",
        attempt |-> 0,
        key |-> 1,
        accepted |-> FALSE,
        exit |-> "LIVE",
        writeStatus |-> FALSE,
        pending |-> {},
        deadView |-> {} ],
  runner |->
      [ id |-> <<0, "">>,
        kind |-> "free",
        pc |-> "idle",
        client |-> "",
        attempt |-> 0 ],
  requested |-> {},
  scratch |->
      [ stats |-> <<<<>>, <<>>>>,
        paramHistory |-> <<>>,
        metricStats |-> <<>>,
        metricHistory |-> <<>>,
        allMetrics |-> TRUE,
        counted |-> <<>>,
        params |-> <<<<>>, <<>>>>,
        metrics |-> <<>>,
        count |-> 0 ],
  used |->
      << [ stats |-> <<<<>>, <<>>>>,
           paramHistory |-> <<>>,
           metricStats |-> <<>>,
           metricHistory |-> <<>>,
           allMetrics |-> TRUE,
           counted |-> <<>>,
           params |-> <<<<>>, <<>>>>,
           metrics |-> <<>>,
           count |-> 0 ],
         [ stats |-> <<<<>>, <<>>>>,
           paramHistory |-> <<>>,
           metricStats |-> <<>>,
           metricHistory |-> <<>>,
           allMetrics |-> TRUE,
           counted |-> <<>>,
           params |-> <<<<>>, <<>>>>,
           metrics |-> <<>>,
           count |-> 0 ] >>,
  committed |-> {},
  saved |-> {},
  completed |-> <<>>,
  unknownSeen |-> {},
  mon |->
      [ pc |-> "idle",
        pending |-> {},
        deadView |-> {},
        reportAges |-> (c1 :> 0 @@ c2 :> 0) ] ]
/\ faults = [ before |-> 0,
  snapshot |-> 0,
  filter |-> 0,
  delivery |-> 0,
  resultError |-> 0,
  conversion |-> 0,
  param |-> 0,
  metricPrep |-> 0,
  metric |-> 0,
  ackLoss |-> 0,
  cancel |-> 0,
  dead |-> 1 ]

State 3: <MCNext line 162, col 8 to line 163, col 26 of module MC>
/\ s = [ aggr |->
      [ receivedCount |-> 0,
        failedClients |-> {},
        task |-> 0,
        applied |-> <<<<>>, <<>>>>,
        stats |-> <<<<>>, <<>>>>,
        paramHistory |-> <<>>,
        metricApplied |-> <<>>,
        metricStats |-> <<>>,
        metricHistory |-> <<>>,
        allMetrics |-> TRUE,
        counted |-> <<>> ],
  dead |->
      ( c1 :> [age |-> 1, reported |-> TRUE, disconnected |-> FALSE] @@
        c2 :> [age |-> 0, reported |-> FALSE, disconnected |-> FALSE] ),
  net |-> <<(c1 :> <<>> @@ c2 :> <<>>), (c1 :> <<>> @@ c2 :> <<>>)>>,
  wf |->
      [ abort |-> FALSE,
        pc |-> "start",
        round |-> 0,
        sourceVersion |-> 0,
        started |-> {},
        outcome |-> "running",
        open |-> TRUE ],
  task |->
      << [ scheduled |-> FALSE,
           standing |-> FALSE,
           status |-> "NEW",
           sourceAtSchedule |-> -1,
           broadcastVersion |-> -1,
           assignedOrder |-> <<>>,
           age |-> 0,
           cleaned |-> FALSE,
           retiredStatus |-> "NEW",
           retiredOutstanding |-> {} ],
         [ scheduled |-> FALSE,
           standing |-> FALSE,
           status |-> "NEW",
           sourceAtSchedule |-> -1,
           broadcastVersion |-> -1,
           assignedOrder |-> <<>>,
           age |-> 0,
           cleaned |-> FALSE,
           retiredStatus |-> "NEW",
           retiredOutstanding |-> {} ] >>,
  ct |->
      << ( c1 :>
               [ delivery |-> "none",
                 assigned |-> FALSE,
                 headerId |-> <<0, "">>,
                 headerRound |-> -1,
                 inputVersion |-> -1,
                 result |-> "none",
                 metricKind |-> "none",
                 receipt |-> FALSE,
                 decision |-> "pending",
                 invocations |-> 0 ] @@
           c2 :>
               [ delivery |-> "none",
                 assigned |-> FALSE,
                 headerId |-> <<0, "">>,
                 headerRound |-> -1,
                 inputVersion |-> -1,
                 result |-> "none",
                 metricKind |-> "none",
                 receipt |-> FALSE,
                 decision |-> "pending",
                 invocations |-> 0 ] ),
         ( c1 :>
               [ delivery |-> "none",
                 assigned |-> FALSE,
                 headerId |-> <<0, "">>,
                 headerRound |-> -1,
                 inputVersion |-> -1,
                 result |-> "none",
                 metricKind |-> "none",
                 receipt |-> FALSE,
                 decision |-> "pending",
                 invocations |-> 0 ] @@
           c2 :>
               [ delivery |-> "none",
                 assigned |-> FALSE,
                 headerId |-> <<0, "">>,
                 headerRound |-> -1,
                 inputVersion |-> -1,
                 result |-> "none",
                 metricKind |-> "none",
                 receipt |-> FALSE,
                 decision |-> "pending",
                 invocations |-> 0 ] ) >>,
  comm |->
      [ id |-> <<0, "">>,
        kind |-> "free",
        pc |-> "idle",
        attempt |-> 0,
        key |-> 1,
        accepted |-> FALSE,
        exit |-> "LIVE",
        writeStatus |-> FALSE,
        pending |-> {},
        deadView |-> {} ],
  runner |->
      [ id |-> <<0, "">>,
        kind |-> "free",
        pc |-> "idle",
        client |-> "",
        attempt |-> 0 ],
  requested |-> {},
  scratch |->
      [ stats |-> <<<<>>, <<>>>>,
        paramHistory |-> <<>>,
        metricStats |-> <<>>,
        metricHistory |-> <<>>,
        allMetrics |-> TRUE,
        counted |-> <<>>,
        params |-> <<<<>>, <<>>>>,
        metrics |-> <<>>,
        count |-> 0 ],
  used |->
      << [ stats |-> <<<<>>, <<>>>>,
           paramHistory |-> <<>>,
           metricStats |-> <<>>,
           metricHistory |-> <<>>,
           allMetrics |-> TRUE,
           counted |-> <<>>,
           params |-> <<<<>>, <<>>>>,
           metrics |-> <<>>,
           count |-> 0 ],
         [ stats |-> <<<<>>, <<>>>>,
           paramHistory |-> <<>>,
           metricStats |-> <<>>,
           metricHistory |-> <<>>,
           allMetrics |-> TRUE,
           counted |-> <<>>,
           params |-> <<<<>>, <<>>>>,
           metrics |-> <<>>,
           count |-> 0 ] >>,
  committed |-> {},
  saved |-> {},
  completed |-> <<>>,
  unknownSeen |-> {},
  mon |->
      [ pc |-> "idle",
        pending |-> {},
        deadView |-> {},
        reportAges |-> (c1 :> 0 @@ c2 :> 0) ] ]
/\ faults = [ before |-> 0,
  snapshot |-> 0,
  filter |-> 0,
  delivery |-> 0,
  resultError |-> 0,
  conversion |-> 0,
  param |-> 0,
  metricPrep |-> 0,
  metric |-> 0,
  ackLoss |-> 0,
  cancel |-> 0,
  dead |-> 1 ]

State 4: <MCNext line 162, col 8 to line 163, col 26 of module MC>
/\ s = [ aggr |->
      [ receivedCount |-> 0,
        failedClients |-> {},
        task |-> 0,
        applied |-> <<<<>>, <<>>>>,
        stats |-> <<<<>>, <<>>>>,
        paramHistory |-> <<>>,
        metricApplied |-> <<>>,
        metricStats |-> <<>>,
        metricHistory |-> <<>>,
        allMetrics |-> TRUE,
        counted |-> <<>> ],
  dead |->
      ( c1 :> [age |-> 1, reported |-> TRUE, disconnected |-> FALSE] @@
        c2 :> [age |-> 0, reported |-> FALSE, disconnected |-> FALSE] ),
  net |-> <<(c1 :> <<>> @@ c2 :> <<>>), (c1 :> <<>> @@ c2 :> <<>>)>>,
  wf |->
      [ abort |-> FALSE,
        pc |-> "start",
        round |-> 0,
        sourceVersion |-> 0,
        started |-> {},
        outcome |-> "running",
        open |-> TRUE ],
  task |->
      << [ scheduled |-> FALSE,
           standing |-> FALSE,
           status |-> "NEW",
           sourceAtSchedule |-> -1,
           broadcastVersion |-> -1,
           assignedOrder |-> <<>>,
           age |-> 0,
           cleaned |-> FALSE,
           retiredStatus |-> "NEW",
           retiredOutstanding |-> {} ],
         [ scheduled |-> FALSE,
           standing |-> FALSE,
           status |-> "NEW",
           sourceAtSchedule |-> -1,
           broadcastVersion |-> -1,
           assignedOrder |-> <<>>,
           age |-> 0,
           cleaned |-> FALSE,
           retiredStatus |-> "NEW",
           retiredOutstanding |-> {} ] >>,
  ct |->
      << ( c1 :>
               [ delivery |-> "none",
                 assigned |-> FALSE,
                 headerId |-> <<0, "">>,
                 headerRound |-> -1,
                 inputVersion |-> -1,
                 result |-> "none",
                 metricKind |-> "none",
                 receipt |-> FALSE,
                 decision |-> "pending",
                 invocations |-> 0 ] @@
           c2 :>
               [ delivery |-> "none",
                 assigned |-> FALSE,
                 headerId |-> <<0, "">>,
                 headerRound |-> -1,
                 inputVersion |-> -1,
                 result |-> "none",
                 metricKind |-> "none",
                 receipt |-> FALSE,
                 decision |-> "pending",
                 invocations |-> 0 ] ),
         ( c1 :>
               [ delivery |-> "none",
                 assigned |-> FALSE,
                 headerId |-> <<0, "">>,
                 headerRound |-> -1,
                 inputVersion |-> -1,
                 result |-> "none",
                 metricKind |-> "none",
                 receipt |-> FALSE,
                 decision |-> "pending",
                 invocations |-> 0 ] @@
           c2 :>
               [ delivery |-> "none",
                 assigned |-> FALSE,
                 headerId |-> <<0, "">>,
                 headerRound |-> -1,
                 inputVersion |-> -1,
                 result |-> "none",
                 metricKind |-> "none",
                 receipt |-> FALSE,
                 decision |-> "pending",
                 invocations |-> 0 ] ) >>,
  comm |->
      [ id |-> <<0, "">>,
        kind |-> "free",
        pc |-> "idle",
        attempt |-> 0,
        key |-> 1,
        accepted |-> FALSE,
        exit |-> "LIVE",
        writeStatus |-> FALSE,
        pending |-> {},
        deadView |-> {} ],
  runner |->
      [ id |-> <<0, "">>,
        kind |-> "free",
        pc |-> "idle",
        client |-> "",
        attempt |-> 0 ],
  requested |-> {},
  scratch |->
      [ stats |-> <<<<>>, <<>>>>,
        paramHistory |-> <<>>,
        metricStats |-> <<>>,
        metricHistory |-> <<>>,
        allMetrics |-> TRUE,
        counted |-> <<>>,
        params |-> <<<<>>, <<>>>>,
        metrics |-> <<>>,
        count |-> 0 ],
  used |->
      << [ stats |-> <<<<>>, <<>>>>,
           paramHistory |-> <<>>,
           metricStats |-> <<>>,
           metricHistory |-> <<>>,
           allMetrics |-> TRUE,
           counted |-> <<>>,
           params |-> <<<<>>, <<>>>>,
           metrics |-> <<>>,
           count |-> 0 ],
         [ stats |-> <<<<>>, <<>>>>,
           paramHistory |-> <<>>,
           metricStats |-> <<>>,
           metricHistory |-> <<>>,
           allMetrics |-> TRUE,
           counted |-> <<>>,
           params |-> <<<<>>, <<>>>>,
           metrics |-> <<>>,
           count |-> 0 ] >>,
  committed |-> {},
  saved |-> {},
  completed |-> <<>>,
  unknownSeen |-> {},
  mon |->
      [ pc |-> "dead",
        pending |-> {c1, c2},
        deadView |-> {},
        reportAges |-> (c1 :> 1 @@ c2 :> 0) ] ]
/\ faults = [ before |-> 0,
  snapshot |-> 0,
  filter |-> 0,
  delivery |-> 0,
  resultError |-> 0,
  conversion |-> 0,
  param |-> 0,
  metricPrep |-> 0,
  metric |-> 0,
  ackLoss |-> 0,
  cancel |-> 0,
  dead |-> 1 ]

State 5: <MCNext line 162, col 8 to line 163, col 26 of module MC>
/\ s = [ aggr |->
      [ receivedCount |-> 0,
        failedClients |-> {},
        task |-> 0,
        applied |-> <<<<>>, <<>>>>,
        stats |-> <<<<>>, <<>>>>,
        paramHistory |-> <<>>,
        metricApplied |-> <<>>,
        metricStats |-> <<>>,
        metricHistory |-> <<>>,
        allMetrics |-> TRUE,
        counted |-> <<>> ],
  dead |->
      ( c1 :> [age |-> 1, reported |-> TRUE, disconnected |-> FALSE] @@
        c2 :> [age |-> 0, reported |-> FALSE, disconnected |-> FALSE] ),
  net |-> <<(c1 :> <<>> @@ c2 :> <<>>), (c1 :> <<>> @@ c2 :> <<>>)>>,
  wf |->
      [ abort |-> FALSE,
        pc |-> "start",
        round |-> 0,
        sourceVersion |-> 0,
        started |-> {},
        outcome |-> "running",
        open |-> TRUE ],
  task |->
      << [ scheduled |-> FALSE,
           standing |-> FALSE,
           status |-> "NEW",
           sourceAtSchedule |-> -1,
           broadcastVersion |-> -1,
           assignedOrder |-> <<>>,
           age |-> 0,
           cleaned |-> FALSE,
           retiredStatus |-> "NEW",
           retiredOutstanding |-> {} ],
         [ scheduled |-> FALSE,
           standing |-> FALSE,
           status |-> "NEW",
           sourceAtSchedule |-> -1,
           broadcastVersion |-> -1,
           assignedOrder |-> <<>>,
           age |-> 0,
           cleaned |-> FALSE,
           retiredStatus |-> "NEW",
           retiredOutstanding |-> {} ] >>,
  ct |->
      << ( c1 :>
               [ delivery |-> "none",
                 assigned |-> FALSE,
                 headerId |-> <<0, "">>,
                 headerRound |-> -1,
                 inputVersion |-> -1,
                 result |-> "none",
                 metricKind |-> "none",
                 receipt |-> FALSE,
                 decision |-> "pending",
                 invocations |-> 0 ] @@
           c2 :>
               [ delivery |-> "none",
                 assigned |-> FALSE,
                 headerId |-> <<0, "">>,
                 headerRound |-> -1,
                 inputVersion |-> -1,
                 result |-> "none",
                 metricKind |-> "none",
                 receipt |-> FALSE,
                 decision |-> "pending",
                 invocations |-> 0 ] ),
         ( c1 :>
               [ delivery |-> "none",
                 assigned |-> FALSE,
                 headerId |-> <<0, "">>,
                 headerRound |-> -1,
                 inputVersion |-> -1,
                 result |-> "none",
                 metricKind |-> "none",
                 receipt |-> FALSE,
                 decision |-> "pending",
                 invocations |-> 0 ] @@
           c2 :>
               [ delivery |-> "none",
                 assigned |-> FALSE,
                 headerId |-> <<0, "">>,
                 headerRound |-> -1,
                 inputVersion |-> -1,
                 result |-> "none",
                 metricKind |-> "none",
                 receipt |-> FALSE,
                 decision |-> "pending",
                 invocations |-> 0 ] ) >>,
  comm |->
      [ id |-> <<0, "">>,
        kind |-> "free",
        pc |-> "idle",
        attempt |-> 0,
        key |-> 1,
        accepted |-> FALSE,
        exit |-> "LIVE",
        writeStatus |-> FALSE,
        pending |-> {},
        deadView |-> {} ],
  runner |->
      [ id |-> <<0, "">>,
        kind |-> "free",
        pc |-> "idle",
        client |-> "",
        attempt |-> 0 ],
  requested |-> {},
  scratch |->
      [ stats |-> <<<<>>, <<>>>>,
        paramHistory |-> <<>>,
        metricStats |-> <<>>,
        metricHistory |-> <<>>,
        allMetrics |-> TRUE,
        counted |-> <<>>,
        params |-> <<<<>>, <<>>>>,
        metrics |-> <<>>,
        count |-> 0 ],
  used |->
      << [ stats |-> <<<<>>, <<>>>>,
           paramHistory |-> <<>>,
           metricStats |-> <<>>,
           metricHistory |-> <<>>,
           allMetrics |-> TRUE,
           counted |-> <<>>,
           params |-> <<<<>>, <<>>>>,
           metrics |-> <<>>,
           count |-> 0 ],
         [ stats |-> <<<<>>, <<>>>>,
           paramHistory |-> <<>>,
           metricStats |-> <<>>,
           metricHistory |-> <<>>,
           allMetrics |-> TRUE,
           counted |-> <<>>,
           params |-> <<<<>>, <<>>>>,
           metrics |-> <<>>,
           count |-> 0 ] >>,
  committed |-> {},
  saved |-> {},
  completed |-> <<>>,
  unknownSeen |-> {},
  mon |->
      [ pc |-> "dead",
        pending |-> {c2},
        deadView |-> {},
        reportAges |-> (c1 :> 1 @@ c2 :> 0) ] ]
/\ faults = [ before |-> 0,
  snapshot |-> 0,
  filter |-> 0,
  delivery |-> 0,
  resultError |-> 0,
  conversion |-> 0,
  param |-> 0,
  metricPrep |-> 0,
  metric |-> 0,
  ackLoss |-> 0,
  cancel |-> 0,
  dead |-> 1 ]

State 6: <MCNext line 162, col 8 to line 163, col 26 of module MC>
/\ s = [ aggr |->
      [ receivedCount |-> 0,
        failedClients |-> {},
        task |-> 0,
        applied |-> <<<<>>, <<>>>>,
        stats |-> <<<<>>, <<>>>>,
        paramHistory |-> <<>>,
        metricApplied |-> <<>>,
        metricStats |-> <<>>,
        metricHistory |-> <<>>,
        allMetrics |-> TRUE,
        counted |-> <<>> ],
  dead |->
      ( c1 :> [age |-> 1, reported |-> TRUE, disconnected |-> FALSE] @@
        c2 :> [age |-> 0, reported |-> FALSE, disconnected |-> FALSE] ),
  net |-> <<(c1 :> <<>> @@ c2 :> <<>>), (c1 :> <<>> @@ c2 :> <<>>)>>,
  wf |->
      [ abort |-> FALSE,
        pc |-> "reset",
        round |-> 1,
        sourceVersion |-> 0,
        started |-> {1},
        outcome |-> "running",
        open |-> TRUE ],
  task |->
      << [ scheduled |-> FALSE,
           standing |-> FALSE,
           status |-> "NEW",
           sourceAtSchedule |-> -1,
           broadcastVersion |-> -1,
           assignedOrder |-> <<>>,
           age |-> 0,
           cleaned |-> FALSE,
           retiredStatus |-> "NEW",
           retiredOutstanding |-> {} ],
         [ scheduled |-> FALSE,
           standing |-> FALSE,
           status |-> "NEW",
           sourceAtSchedule |-> -1,
           broadcastVersion |-> -1,
           assignedOrder |-> <<>>,
           age |-> 0,
           cleaned |-> FALSE,
           retiredStatus |-> "NEW",
           retiredOutstanding |-> {} ] >>,
  ct |->
      << ( c1 :>
               [ delivery |-> "none",
                 assigned |-> FALSE,
                 headerId |-> <<0, "">>,
                 headerRound |-> -1,
                 inputVersion |-> -1,
                 result |-> "none",
                 metricKind |-> "none",
                 receipt |-> FALSE,
                 decision |-> "pending",
                 invocations |-> 0 ] @@
           c2 :>
               [ delivery |-> "none",
                 assigned |-> FALSE,
                 headerId |-> <<0, "">>,
                 headerRound |-> -1,
                 inputVersion |-> -1,
                 result |-> "none",
                 metricKind |-> "none",
                 receipt |-> FALSE,
                 decision |-> "pending",
                 invocations |-> 0 ] ),
         ( c1 :>
               [ delivery |-> "none",
                 assigned |-> FALSE,
                 headerId |-> <<0, "">>,
                 headerRound |-> -1,
                 inputVersion |-> -1,
                 result |-> "none",
                 metricKind |-> "none",
                 receipt |-> FALSE,
                 decision |-> "pending",
                 invocations |-> 0 ] @@
           c2 :>
               [ delivery |-> "none",
                 assigned |-> FALSE,
                 headerId |-> <<0, "">>,
                 headerRound |-> -1,
                 inputVersion |-> -1,
                 result |-> "none",
                 metricKind |-> "none",
                 receipt |-> FALSE,
                 decision |-> "pending",
                 invocations |-> 0 ] ) >>,
  comm |->
      [ id |-> <<0, "">>,
        kind |-> "free",
        pc |-> "idle",
        attempt |-> 0,
        key |-> 1,
        accepted |-> FALSE,
        exit |-> "LIVE",
        writeStatus |-> FALSE,
        pending |-> {},
        deadView |-> {} ],
  runner |->
      [ id |-> <<0, "">>,
        kind |-> "free",
        pc |-> "idle",
        client |-> "",
        attempt |-> 0 ],
  requested |-> {},
  scratch |->
      [ stats |-> <<<<>>, <<>>>>,
        paramHistory |-> <<>>,
        metricStats |-> <<>>,
        metricHistory |-> <<>>,
        allMetrics |-> TRUE,
        counted |-> <<>>,
        params |-> <<<<>>, <<>>>>,
        metrics |-> <<>>,
        count |-> 0 ],
  used |->
      << [ stats |-> <<<<>>, <<>>>>,
           paramHistory |-> <<>>,
           metricStats |-> <<>>,
           metricHistory |-> <<>>,
           allMetrics |-> TRUE,
           counted |-> <<>>,
           params |-> <<<<>>, <<>>>>,
           metrics |-> <<>>,
           count |-> 0 ],
         [ stats |-> <<<<>>, <<>>>>,
           paramHistory |-> <<>>,
           metricStats |-> <<>>,
           metricHistory |-> <<>>,
           allMetrics |-> TRUE,
           counted |-> <<>>,
           params |-> <<<<>>, <<>>>>,
           metrics |-> <<>>,
           count |-> 0 ] >>,
  committed |-> {},
  saved |-> {},
  completed |-> <<>>,
  unknownSeen |-> {},
  mon |->
      [ pc |-> "dead",
        pending |-> {c2},
        deadView |-> {},
        reportAges |-> (c1 :> 1 @@ c2 :> 0) ] ]
/\ faults = [ before |-> 0,
  snapshot |-> 0,
  filter |-> 0,
  delivery |-> 0,
  resultError |-> 0,
  conversion |-> 0,
  param |-> 0,
  metricPrep |-> 0,
  metric |-> 0,
  ackLoss |-> 0,
  cancel |-> 0,
  dead |-> 1 ]

State 7: <MCNext line 162, col 8 to line 163, col 26 of module MC>
/\ s = [ aggr |->
      [ receivedCount |-> 0,
        failedClients |-> {},
        task |-> 0,
        applied |-> <<<<>>, <<>>>>,
        stats |-> <<<<>>, <<>>>>,
        paramHistory |-> <<>>,
        metricApplied |-> <<>>,
        metricStats |-> <<>>,
        metricHistory |-> <<>>,
        allMetrics |-> TRUE,
        counted |-> <<>> ],
  dead |->
      ( c1 :> [age |-> 1, reported |-> TRUE, disconnected |-> FALSE] @@
        c2 :> [age |-> 0, reported |-> FALSE, disconnected |-> FALSE] ),
  net |-> <<(c1 :> <<>> @@ c2 :> <<>>), (c1 :> <<>> @@ c2 :> <<>>)>>,
  wf |->
      [ abort |-> FALSE,
        pc |-> "reset",
        round |-> 1,
        sourceVersion |-> 0,
        started |-> {1},
        outcome |-> "running",
        open |-> TRUE ],
  task |->
      << [ scheduled |-> FALSE,
           standing |-> FALSE,
           status |-> "NEW",
           sourceAtSchedule |-> -1,
           broadcastVersion |-> -1,
           assignedOrder |-> <<>>,
           age |-> 0,
           cleaned |-> FALSE,
           retiredStatus |-> "NEW",
           retiredOutstanding |-> {} ],
         [ scheduled |-> FALSE,
           standing |-> FALSE,
           status |-> "NEW",
           sourceAtSchedule |-> -1,
           broadcastVersion |-> -1,
           assignedOrder |-> <<>>,
           age |-> 0,
           cleaned |-> FALSE,
           retiredStatus |-> "NEW",
           retiredOutstanding |-> {} ] >>,
  ct |->
      << ( c1 :>
               [ delivery |-> "none",
                 assigned |-> FALSE,
                 headerId |-> <<0, "">>,
                 headerRound |-> -1,
                 inputVersion |-> -1,
                 result |-> "none",
                 metricKind |-> "none",
                 receipt |-> FALSE,
                 decision |-> "pending",
                 invocations |-> 0 ] @@
           c2 :>
               [ delivery |-> "none",
                 assigned |-> FALSE,
                 headerId |-> <<0, "">>,
                 headerRound |-> -1,
                 inputVersion |-> -1,
                 result |-> "none",
                 metricKind |-> "none",
                 receipt |-> FALSE,
                 decision |-> "pending",
                 invocations |-> 0 ] ),
         ( c1 :>
               [ delivery |-> "none",
                 assigned |-> FALSE,
                 headerId |-> <<0, "">>,
                 headerRound |-> -1,
                 inputVersion |-> -1,
                 result |-> "none",
                 metricKind |-> "none",
                 receipt |-> FALSE,
                 decision |-> "pending",
                 invocations |-> 0 ] @@
           c2 :>
               [ delivery |-> "none",
                 assigned |-> FALSE,
                 headerId |-> <<0, "">>,
                 headerRound |-> -1,
                 inputVersion |-> -1,
                 result |-> "none",
                 metricKind |-> "none",
                 receipt |-> FALSE,
                 decision |-> "pending",
                 invocations |-> 0 ] ) >>,
  comm |->
      [ id |-> <<0, "">>,
        kind |-> "free",
        pc |-> "idle",
        attempt |-> 0,
        key |-> 1,
        accepted |-> FALSE,
        exit |-> "LIVE",
        writeStatus |-> FALSE,
        pending |-> {},
        deadView |-> {} ],
  runner |->
      [ id |-> <<0, "">>,
        kind |-> "free",
        pc |-> "idle",
        client |-> "",
        attempt |-> 0 ],
  requested |-> {},
  scratch |->
      [ stats |-> <<<<>>, <<>>>>,
        paramHistory |-> <<>>,
        metricStats |-> <<>>,
        metricHistory |-> <<>>,
        allMetrics |-> TRUE,
        counted |-> <<>>,
        params |-> <<<<>>, <<>>>>,
        metrics |-> <<>>,
        count |-> 0 ],
  used |->
      << [ stats |-> <<<<>>, <<>>>>,
           paramHistory |-> <<>>,
           metricStats |-> <<>>,
           metricHistory |-> <<>>,
           allMetrics |-> TRUE,
           counted |-> <<>>,
           params |-> <<<<>>, <<>>>>,
           metrics |-> <<>>,
           count |-> 0 ],
         [ stats |-> <<<<>>, <<>>>>,
           paramHistory |-> <<>>,
           metricStats |-> <<>>,
           metricHistory |-> <<>>,
           allMetrics |-> TRUE,
           counted |-> <<>>,
           params |-> <<<<>>, <<>>>>,
           metrics |-> <<>>,
           count |-> 0 ] >>,
  committed |-> {},
  saved |-> {},
  completed |-> <<>>,
  unknownSeen |-> {},
  mon |->
      [ pc |-> "dead",
        pending |-> {},
        deadView |-> {},
        reportAges |-> (c1 :> 1 @@ c2 :> 0) ] ]
/\ faults = [ before |-> 0,
  snapshot |-> 0,
  filter |-> 0,
  delivery |-> 0,
  resultError |-> 0,
  conversion |-> 0,
  param |-> 0,
  metricPrep |-> 0,
  metric |-> 0,
  ackLoss |-> 0,
  cancel |-> 0,
  dead |-> 1 ]

State 8: <MCNext line 162, col 8 to line 163, col 26 of module MC>
/\ s = [ aggr |->
      [ receivedCount |-> 0,
        failedClients |-> {},
        task |-> 0,
        applied |-> <<<<>>, <<>>>>,
        stats |-> <<<<>>, <<>>>>,
        paramHistory |-> <<>>,
        metricApplied |-> <<>>,
        metricStats |-> <<>>,
        metricHistory |-> <<>>,
        allMetrics |-> TRUE,
        counted |-> <<>> ],
  dead |->
      ( c1 :> [age |-> 2, reported |-> TRUE, disconnected |-> FALSE] @@
        c2 :> [age |-> 0, reported |-> FALSE, disconnected |-> FALSE] ),
  net |-> <<(c1 :> <<>> @@ c2 :> <<>>), (c1 :> <<>> @@ c2 :> <<>>)>>,
  wf |->
      [ abort |-> FALSE,
        pc |-> "reset",
        round |-> 1,
        sourceVersion |-> 0,
        started |-> {1},
        outcome |-> "running",
        open |-> TRUE ],
  task |->
      << [ scheduled |-> FALSE,
           standing |-> FALSE,
           status |-> "NEW",
           sourceAtSchedule |-> -1,
           broadcastVersion |-> -1,
           assignedOrder |-> <<>>,
           age |-> 0,
           cleaned |-> FALSE,
           retiredStatus |-> "NEW",
           retiredOutstanding |-> {} ],
         [ scheduled |-> FALSE,
           standing |-> FALSE,
           status |-> "NEW",
           sourceAtSchedule |-> -1,
           broadcastVersion |-> -1,
           assignedOrder |-> <<>>,
           age |-> 0,
           cleaned |-> FALSE,
           retiredStatus |-> "NEW",
           retiredOutstanding |-> {} ] >>,
  ct |->
      << ( c1 :>
               [ delivery |-> "none",
                 assigned |-> FALSE,
                 headerId |-> <<0, "">>,
                 headerRound |-> -1,
                 inputVersion |-> -1,
                 result |-> "none",
                 metricKind |-> "none",
                 receipt |-> FALSE,
                 decision |-> "pending",
                 invocations |-> 0 ] @@
           c2 :>
               [ delivery |-> "none",
                 assigned |-> FALSE,
                 headerId |-> <<0, "">>,
                 headerRound |-> -1,
                 inputVersion |-> -1,
                 result |-> "none",
                 metricKind |-> "none",
                 receipt |-> FALSE,
                 decision |-> "pending",
                 invocations |-> 0 ] ),
         ( c1 :>
               [ delivery |-> "none",
                 assigned |-> FALSE,
                 headerId |-> <<0, "">>,
                 headerRound |-> -1,
                 inputVersion |-> -1,
                 result |-> "none",
                 metricKind |-> "none",
                 receipt |-> FALSE,
                 decision |-> "pending",
                 invocations |-> 0 ] @@
           c2 :>
               [ delivery |-> "none",
                 assigned |-> FALSE,
                 headerId |-> <<0, "">>,
                 headerRound |-> -1,
                 inputVersion |-> -1,
                 result |-> "none",
                 metricKind |-> "none",
                 receipt |-> FALSE,
                 decision |-> "pending",
                 invocations |-> 0 ] ) >>,
  comm |->
      [ id |-> <<0, "">>,
        kind |-> "free",
        pc |-> "idle",
        attempt |-> 0,
        key |-> 1,
        accepted |-> FALSE,
        exit |-> "LIVE",
        writeStatus |-> FALSE,
        pending |-> {},
        deadView |-> {} ],
  runner |->
      [ id |-> <<0, "">>,
        kind |-> "free",
        pc |-> "idle",
        client |-> "",
        attempt |-> 0 ],
  requested |-> {},
  scratch |->
      [ stats |-> <<<<>>, <<>>>>,
        paramHistory |-> <<>>,
        metricStats |-> <<>>,
        metricHistory |-> <<>>,
        allMetrics |-> TRUE,
        counted |-> <<>>,
        params |-> <<<<>>, <<>>>>,
        metrics |-> <<>>,
        count |-> 0 ],
  used |->
      << [ stats |-> <<<<>>, <<>>>>,
           paramHistory |-> <<>>,
           metricStats |-> <<>>,
           metricHistory |-> <<>>,
           allMetrics |-> TRUE,
           counted |-> <<>>,
           params |-> <<<<>>, <<>>>>,
           metrics |-> <<>>,
           count |-> 0 ],
         [ stats |-> <<<<>>, <<>>>>,
           paramHistory |-> <<>>,
           metricStats |-> <<>>,
           metricHistory |-> <<>>,
           allMetrics |-> TRUE,
           counted |-> <<>>,
           params |-> <<<<>>, <<>>>>,
           metrics |-> <<>>,
           count |-> 0 ] >>,
  committed |-> {},
  saved |-> {},
  completed |-> <<>>,
  unknownSeen |-> {},
  mon |->
      [ pc |-> "dead",
        pending |-> {},
        deadView |-> {},
        reportAges |-> (c1 :> 1 @@ c2 :> 0) ] ]
/\ faults = [ before |-> 0,
  snapshot |-> 0,
  filter |-> 0,
  delivery |-> 0,
  resultError |-> 0,
  conversion |-> 0,
  param |-> 0,
  metricPrep |-> 0,
  metric |-> 0,
  ackLoss |-> 0,
  cancel |-> 0,
  dead |-> 1 ]

State 9: <MCNext line 162, col 8 to line 163, col 26 of module MC>
/\ s = [ aggr |->
      [ receivedCount |-> 0,
        failedClients |-> {},
        task |-> 1,
        applied |-> <<<<>>, <<>>>>,
        stats |-> <<<<>>, <<>>>>,
        paramHistory |-> <<>>,
        metricApplied |-> <<>>,
        metricStats |-> <<>>,
        metricHistory |-> <<>>,
        allMetrics |-> TRUE,
        counted |-> <<>> ],
  dead |->
      ( c1 :> [age |-> 2, reported |-> TRUE, disconnected |-> FALSE] @@
        c2 :> [age |-> 0, reported |-> FALSE, disconnected |-> FALSE] ),
  net |-> <<(c1 :> <<>> @@ c2 :> <<>>), (c1 :> <<>> @@ c2 :> <<>>)>>,
  wf |->
      [ abort |-> FALSE,
        pc |-> "schedule",
        round |-> 1,
        sourceVersion |-> 0,
        started |-> {1},
        outcome |-> "running",
        open |-> TRUE ],
  task |->
      << [ scheduled |-> FALSE,
           standing |-> FALSE,
           status |-> "NEW",
           sourceAtSchedule |-> -1,
           broadcastVersion |-> -1,
           assignedOrder |-> <<>>,
           age |-> 0,
           cleaned |-> FALSE,
           retiredStatus |-> "NEW",
           retiredOutstanding |-> {} ],
         [ scheduled |-> FALSE,
           standing |-> FALSE,
           status |-> "NEW",
           sourceAtSchedule |-> -1,
           broadcastVersion |-> -1,
           assignedOrder |-> <<>>,
           age |-> 0,
           cleaned |-> FALSE,
           retiredStatus |-> "NEW",
           retiredOutstanding |-> {} ] >>,
  ct |->
      << ( c1 :>
               [ delivery |-> "none",
                 assigned |-> FALSE,
                 headerId |-> <<0, "">>,
                 headerRound |-> -1,
                 inputVersion |-> -1,
                 result |-> "none",
                 metricKind |-> "none",
                 receipt |-> FALSE,
                 decision |-> "pending",
                 invocations |-> 0 ] @@
           c2 :>
               [ delivery |-> "none",
                 assigned |-> FALSE,
                 headerId |-> <<0, "">>,
                 headerRound |-> -1,
                 inputVersion |-> -1,
                 result |-> "none",
                 metricKind |-> "none",
                 receipt |-> FALSE,
                 decision |-> "pending",
                 invocations |-> 0 ] ),
         ( c1 :>
               [ delivery |-> "none",
                 assigned |-> FALSE,
                 headerId |-> <<0, "">>,
                 headerRound |-> -1,
                 inputVersion |-> -1,
                 result |-> "none",
                 metricKind |-> "none",
                 receipt |-> FALSE,
                 decision |-> "pending",
                 invocations |-> 0 ] @@
           c2 :>
               [ delivery |-> "none",
                 assigned |-> FALSE,
                 headerId |-> <<0, "">>,
                 headerRound |-> -1,
                 inputVersion |-> -1,
                 result |-> "none",
                 metricKind |-> "none",
                 receipt |-> FALSE,
                 decision |-> "pending",
                 invocations |-> 0 ] ) >>,
  comm |->
      [ id |-> <<0, "">>,
        kind |-> "free",
        pc |-> "idle",
        attempt |-> 0,
        key |-> 1,
        accepted |-> FALSE,
        exit |-> "LIVE",
        writeStatus |-> FALSE,
        pending |-> {},
        deadView |-> {} ],
  runner |->
      [ id |-> <<0, "">>,
        kind |-> "free",
        pc |-> "idle",
        client |-> "",
        attempt |-> 0 ],
  requested |-> {},
  scratch |->
      [ stats |-> <<<<>>, <<>>>>,
        paramHistory |-> <<>>,
        metricStats |-> <<>>,
        metricHistory |-> <<>>,
        allMetrics |-> TRUE,
        counted |-> <<>>,
        params |-> <<<<>>, <<>>>>,
        metrics |-> <<>>,
        count |-> 0 ],
  used |->
      << [ stats |-> <<<<>>, <<>>>>,
           paramHistory |-> <<>>,
           metricStats |-> <<>>,
           metricHistory |-> <<>>,
           allMetrics |-> TRUE,
           counted |-> <<>>,
           params |-> <<<<>>, <<>>>>,
           metrics |-> <<>>,
           count |-> 0 ],
         [ stats |-> <<<<>>, <<>>>>,
           paramHistory |-> <<>>,
           metricStats |-> <<>>,
           metricHistory |-> <<>>,
           allMetrics |-> TRUE,
           counted |-> <<>>,
           params |-> <<<<>>, <<>>>>,
           metrics |-> <<>>,
           count |-> 0 ] >>,
  committed |-> {},
  saved |-> {},
  completed |-> <<>>,
  unknownSeen |-> {},
  mon |->
      [ pc |-> "dead",
        pending |-> {},
        deadView |-> {},
        reportAges |-> (c1 :> 1 @@ c2 :> 0) ] ]
/\ faults = [ before |-> 0,
  snapshot |-> 0,
  filter |-> 0,
  delivery |-> 0,
  resultError |-> 0,
  conversion |-> 0,
  param |-> 0,
  metricPrep |-> 0,
  metric |-> 0,
  ackLoss |-> 0,
  cancel |-> 0,
  dead |-> 1 ]

State 10: <MCNext line 162, col 8 to line 163, col 26 of module MC>
/\ s = [ aggr |->
      [ receivedCount |-> 0,
        failedClients |-> {},
        task |-> 1,
        applied |-> <<<<>>, <<>>>>,
        stats |-> <<<<>>, <<>>>>,
        paramHistory |-> <<>>,
        metricApplied |-> <<>>,
        metricStats |-> <<>>,
        metricHistory |-> <<>>,
        allMetrics |-> TRUE,
        counted |-> <<>> ],
  dead |->
      ( c1 :> [age |-> 2, reported |-> TRUE, disconnected |-> FALSE] @@
        c2 :> [age |-> 0, reported |-> FALSE, disconnected |-> FALSE] ),
  net |-> <<(c1 :> <<>> @@ c2 :> <<>>), (c1 :> <<>> @@ c2 :> <<>>)>>,
  wf |->
      [ abort |-> FALSE,
        pc |-> "schedule",
        round |-> 1,
        sourceVersion |-> 0,
        started |-> {1},
        outcome |-> "running",
        open |-> TRUE ],
  task |->
      << [ scheduled |-> FALSE,
           standing |-> FALSE,
           status |-> "NEW",
           sourceAtSchedule |-> -1,
           broadcastVersion |-> -1,
           assignedOrder |-> <<>>,
           age |-> 0,
           cleaned |-> FALSE,
           retiredStatus |-> "NEW",
           retiredOutstanding |-> {} ],
         [ scheduled |-> FALSE,
           standing |-> FALSE,
           status |-> "NEW",
           sourceAtSchedule |-> -1,
           broadcastVersion |-> -1,
           assignedOrder |-> <<>>,
           age |-> 0,
           cleaned |-> FALSE,
           retiredStatus |-> "NEW",
           retiredOutstanding |-> {} ] >>,
  ct |->
      << ( c1 :>
               [ delivery |-> "none",
                 assigned |-> FALSE,
                 headerId |-> <<0, "">>,
                 headerRound |-> -1,
                 inputVersion |-> -1,
                 result |-> "none",
                 metricKind |-> "none",
                 receipt |-> FALSE,
                 decision |-> "pending",
                 invocations |-> 0 ] @@
           c2 :>
               [ delivery |-> "none",
                 assigned |-> FALSE,
                 headerId |-> <<0, "">>,
                 headerRound |-> -1,
                 inputVersion |-> -1,
                 result |-> "none",
                 metricKind |-> "none",
                 receipt |-> FALSE,
                 decision |-> "pending",
                 invocations |-> 0 ] ),
         ( c1 :>
               [ delivery |-> "none",
                 assigned |-> FALSE,
                 headerId |-> <<0, "">>,
                 headerRound |-> -1,
                 inputVersion |-> -1,
                 result |-> "none",
                 metricKind |-> "none",
                 receipt |-> FALSE,
                 decision |-> "pending",
                 invocations |-> 0 ] @@
           c2 :>
               [ delivery |-> "none",
                 assigned |-> FALSE,
                 headerId |-> <<0, "">>,
                 headerRound |-> -1,
                 inputVersion |-> -1,
                 result |-> "none",
                 metricKind |-> "none",
                 receipt |-> FALSE,
                 decision |-> "pending",
                 invocations |-> 0 ] ) >>,
  comm |->
      [ id |-> <<0, "">>,
        kind |-> "free",
        pc |-> "idle",
        attempt |-> 0,
        key |-> 1,
        accepted |-> FALSE,
        exit |-> "LIVE",
        writeStatus |-> FALSE,
        pending |-> {},
        deadView |-> {} ],
  runner |->
      [ id |-> <<0, "">>,
        kind |-> "free",
        pc |-> "idle",
        client |-> "",
        attempt |-> 0 ],
  requested |-> {},
  scratch |->
      [ stats |-> <<<<>>, <<>>>>,
        paramHistory |-> <<>>,
        metricStats |-> <<>>,
        metricHistory |-> <<>>,
        allMetrics |-> TRUE,
        counted |-> <<>>,
        params |-> <<<<>>, <<>>>>,
        metrics |-> <<>>,
        count |-> 0 ],
  used |->
      << [ stats |-> <<<<>>, <<>>>>,
           paramHistory |-> <<>>,
           metricStats |-> <<>>,
           metricHistory |-> <<>>,
           allMetrics |-> TRUE,
           counted |-> <<>>,
           params |-> <<<<>>, <<>>>>,
           metrics |-> <<>>,
           count |-> 0 ],
         [ stats |-> <<<<>>, <<>>>>,
           paramHistory |-> <<>>,
           metricStats |-> <<>>,
           metricHistory |-> <<>>,
           allMetrics |-> TRUE,
           counted |-> <<>>,
           params |-> <<<<>>, <<>>>>,
           metrics |-> <<>>,
           count |-> 0 ] >>,
  committed |-> {},
  saved |-> {},
  completed |-> <<>>,
  unknownSeen |-> {},
  mon |->
      [ pc |-> "policy",
        pending |-> {c1, c2},
        deadView |-> {},
        reportAges |-> (c1 :> 1 @@ c2 :> 0) ] ]
/\ faults = [ before |-> 0,
  snapshot |-> 0,
  filter |-> 0,
  delivery |-> 0,
  resultError |-> 0,
  conversion |-> 0,
  param |-> 0,
  metricPrep |-> 0,
  metric |-> 0,
  ackLoss |-> 0,
  cancel |-> 0,
  dead |-> 1 ]

State 11: <MCNext line 162, col 8 to line 163, col 26 of module MC>
/\ s = [ aggr |->
      [ receivedCount |-> 0,
        failedClients |-> {},
        task |-> 1,
        applied |-> <<<<>>, <<>>>>,
        stats |-> <<<<>>, <<>>>>,
        paramHistory |-> <<>>,
        metricApplied |-> <<>>,
        metricStats |-> <<>>,
        metricHistory |-> <<>>,
        allMetrics |-> TRUE,
        counted |-> <<>> ],
  dead |->
      ( c1 :> [age |-> 2, reported |-> TRUE, disconnected |-> FALSE] @@
        c2 :> [age |-> 0, reported |-> FALSE, disconnected |-> FALSE] ),
  net |-> <<(c1 :> <<>> @@ c2 :> <<>>), (c1 :> <<>> @@ c2 :> <<>>)>>,
  wf |->
      [ abort |-> FALSE,
        pc |-> "wait",
        round |-> 1,
        sourceVersion |-> 0,
        started |-> {1},
        outcome |-> "running",
        open |-> TRUE ],
  task |->
      << [ scheduled |-> TRUE,
           standing |-> TRUE,
           status |-> "LIVE",
           sourceAtSchedule |-> 0,
           broadcastVersion |-> -1,
           assignedOrder |-> <<>>,
           age |-> 0,
           cleaned |-> FALSE,
           retiredStatus |-> "NEW",
           retiredOutstanding |-> {} ],
         [ scheduled |-> FALSE,
           standing |-> FALSE,
           status |-> "NEW",
           sourceAtSchedule |-> -1,
           broadcastVersion |-> -1,
           assignedOrder |-> <<>>,
           age |-> 0,
           cleaned |-> FALSE,
           retiredStatus |-> "NEW",
           retiredOutstanding |-> {} ] >>,
  ct |->
      << ( c1 :>
               [ delivery |-> "none",
                 assigned |-> FALSE,
                 headerId |-> <<0, "">>,
                 headerRound |-> -1,
                 inputVersion |-> -1,
                 result |-> "none",
                 metricKind |-> "none",
                 receipt |-> FALSE,
                 decision |-> "pending",
                 invocations |-> 0 ] @@
           c2 :>
               [ delivery |-> "none",
                 assigned |-> FALSE,
                 headerId |-> <<0, "">>,
                 headerRound |-> -1,
                 inputVersion |-> -1,
                 result |-> "none",
                 metricKind |-> "none",
                 receipt |-> FALSE,
                 decision |-> "pending",
                 invocations |-> 0 ] ),
         ( c1 :>
               [ delivery |-> "none",
                 assigned |-> FALSE,
                 headerId |-> <<0, "">>,
                 headerRound |-> -1,
                 inputVersion |-> -1,
                 result |-> "none",
                 metricKind |-> "none",
                 receipt |-> FALSE,
                 decision |-> "pending",
                 invocations |-> 0 ] @@
           c2 :>
               [ delivery |-> "none",
                 assigned |-> FALSE,
                 headerId |-> <<0, "">>,
                 headerRound |-> -1,
                 inputVersion |-> -1,
                 result |-> "none",
                 metricKind |-> "none",
                 receipt |-> FALSE,
                 decision |-> "pending",
                 invocations |-> 0 ] ) >>,
  comm |->
      [ id |-> <<0, "">>,
        kind |-> "free",
        pc |-> "idle",
        attempt |-> 0,
        key |-> 1,
        accepted |-> FALSE,
        exit |-> "LIVE",
        writeStatus |-> FALSE,
        pending |-> {},
        deadView |-> {} ],
  runner |->
      [ id |-> <<0, "">>,
        kind |-> "free",
        pc |-> "idle",
        client |-> "",
        attempt |-> 0 ],
  requested |-> {},
  scratch |->
      [ stats |-> <<<<>>, <<>>>>,
        paramHistory |-> <<>>,
        metricStats |-> <<>>,
        metricHistory |-> <<>>,
        allMetrics |-> TRUE,
        counted |-> <<>>,
        params |-> <<<<>>, <<>>>>,
        metrics |-> <<>>,
        count |-> 0 ],
  used |->
      << [ stats |-> <<<<>>, <<>>>>,
           paramHistory |-> <<>>,
           metricStats |-> <<>>,
           metricHistory |-> <<>>,
           allMetrics |-> TRUE,
           counted |-> <<>>,
           params |-> <<<<>>, <<>>>>,
           metrics |-> <<>>,
           count |-> 0 ],
         [ stats |-> <<<<>>, <<>>>>,
           paramHistory |-> <<>>,
           metricStats |-> <<>>,
           metricHistory |-> <<>>,
           allMetrics |-> TRUE,
           counted |-> <<>>,
           params |-> <<<<>>, <<>>>>,
           metrics |-> <<>>,
           count |-> 0 ] >>,
  committed |-> {},
  saved |-> {},
  completed |-> <<>>,
  unknownSeen |-> {},
  mon |->
      [ pc |-> "policy",
        pending |-> {c1, c2},
        deadView |-> {},
        reportAges |-> (c1 :> 1 @@ c2 :> 0) ] ]
/\ faults = [ before |-> 0,
  snapshot |-> 0,
  filter |-> 0,
  delivery |-> 0,
  resultError |-> 0,
  conversion |-> 0,
  param |-> 0,
  metricPrep |-> 0,
  metric |-> 0,
  ackLoss |-> 0,
  cancel |-> 0,
  dead |-> 1 ]

State 12: <MCWFCommCancelTask(1) line 79, col 5 to line 82, col 47 of module MC>
/\ s = [ aggr |->
      [ receivedCount |-> 0,
        failedClients |-> {},
        task |-> 1,
        applied |-> <<<<>>, <<>>>>,
        stats |-> <<<<>>, <<>>>>,
        paramHistory |-> <<>>,
        metricApplied |-> <<>>,
        metricStats |-> <<>>,
        metricHistory |-> <<>>,
        allMetrics |-> TRUE,
        counted |-> <<>> ],
  dead |->
      ( c1 :> [age |-> 2, reported |-> TRUE, disconnected |-> FALSE] @@
        c2 :> [age |-> 0, reported |-> FALSE, disconnected |-> FALSE] ),
  net |-> <<(c1 :> <<>> @@ c2 :> <<>>), (c1 :> <<>> @@ c2 :> <<>>)>>,
  wf |->
      [ abort |-> FALSE,
        pc |-> "wait",
        round |-> 1,
        sourceVersion |-> 0,
        started |-> {1},
        outcome |-> "running",
        open |-> TRUE ],
  task |->
      << [ scheduled |-> TRUE,
           standing |-> TRUE,
           status |-> "CANCELLED",
           sourceAtSchedule |-> 0,
           broadcastVersion |-> -1,
           assignedOrder |-> <<>>,
           age |-> 0,
           cleaned |-> FALSE,
           retiredStatus |-> "NEW",
           retiredOutstanding |-> {} ],
         [ scheduled |-> FALSE,
           standing |-> FALSE,
           status |-> "NEW",
           sourceAtSchedule |-> -1,
           broadcastVersion |-> -1,
           assignedOrder |-> <<>>,
           age |-> 0,
           cleaned |-> FALSE,
           retiredStatus |-> "NEW",
           retiredOutstanding |-> {} ] >>,
  ct |->
      << ( c1 :>
               [ delivery |-> "none",
                 assigned |-> FALSE,
                 headerId |-> <<0, "">>,
                 headerRound |-> -1,
                 inputVersion |-> -1,
                 result |-> "none",
                 metricKind |-> "none",
                 receipt |-> FALSE,
                 decision |-> "pending",
                 invocations |-> 0 ] @@
           c2 :>
               [ delivery |-> "none",
                 assigned |-> FALSE,
                 headerId |-> <<0, "">>,
                 headerRound |-> -1,
                 inputVersion |-> -1,
                 result |-> "none",
                 metricKind |-> "none",
                 receipt |-> FALSE,
                 decision |-> "pending",
                 invocations |-> 0 ] ),
         ( c1 :>
               [ delivery |-> "none",
                 assigned |-> FALSE,
                 headerId |-> <<0, "">>,
                 headerRound |-> -1,
                 inputVersion |-> -1,
                 result |-> "none",
                 metricKind |-> "none",
                 receipt |-> FALSE,
                 decision |-> "pending",
                 invocations |-> 0 ] @@
           c2 :>
               [ delivery |-> "none",
                 assigned |-> FALSE,
                 headerId |-> <<0, "">>,
                 headerRound |-> -1,
                 inputVersion |-> -1,
                 result |-> "none",
                 metricKind |-> "none",
                 receipt |-> FALSE,
                 decision |-> "pending",
                 invocations |-> 0 ] ) >>,
  comm |->
      [ id |-> <<0, "">>,
        kind |-> "free",
        pc |-> "idle",
        attempt |-> 0,
        key |-> 1,
        accepted |-> FALSE,
        exit |-> "LIVE",
        writeStatus |-> FALSE,
        pending |-> {},
        deadView |-> {} ],
  runner |->
      [ id |-> <<0, "">>,
        kind |-> "free",
        pc |-> "idle",
        client |-> "",
        attempt |-> 0 ],
  requested |-> {},
  scratch |->
      [ stats |-> <<<<>>, <<>>>>,
        paramHistory |-> <<>>,
        metricStats |-> <<>>,
        metricHistory |-> <<>>,
        allMetrics |-> TRUE,
        counted |-> <<>>,
        params |-> <<<<>>, <<>>>>,
        metrics |-> <<>>,
        count |-> 0 ],
  used |->
      << [ stats |-> <<<<>>, <<>>>>,
           paramHistory |-> <<>>,
           metricStats |-> <<>>,
           metricHistory |-> <<>>,
           allMetrics |-> TRUE,
           counted |-> <<>>,
           params |-> <<<<>>, <<>>>>,
           metrics |-> <<>>,
           count |-> 0 ],
         [ stats |-> <<<<>>, <<>>>>,
           paramHistory |-> <<>>,
           metricStats |-> <<>>,
           metricHistory |-> <<>>,
           allMetrics |-> TRUE,
           counted |-> <<>>,
           params |-> <<<<>>, <<>>>>,
           metrics |-> <<>>,
           count |-> 0 ] >>,
  committed |-> {},
  saved |-> {},
  completed |-> <<>>,
  unknownSeen |-> {},
  mon |->
      [ pc |-> "policy",
        pending |-> {c1, c2},
        deadView |-> {},
        reportAges |-> (c1 :> 1 @@ c2 :> 0) ] ]
/\ faults = [ before |-> 0,
  snapshot |-> 0,
  filter |-> 0,
  delivery |-> 0,
  resultError |-> 0,
  conversion |-> 0,
  param |-> 0,
  metricPrep |-> 0,
  metric |-> 0,
  ackLoss |-> 0,
  cancel |-> 1,
  dead |-> 1 ]

State 13: <MCNext line 162, col 8 to line 163, col 26 of module MC>
/\ s = [ aggr |->
      [ receivedCount |-> 0,
        failedClients |-> {},
        task |-> 1,
        applied |-> <<<<>>, <<>>>>,
        stats |-> <<<<>>, <<>>>>,
        paramHistory |-> <<>>,
        metricApplied |-> <<>>,
        metricStats |-> <<>>,
        metricHistory |-> <<>>,
        allMetrics |-> TRUE,
        counted |-> <<>> ],
  dead |->
      ( c1 :> [age |-> 2, reported |-> TRUE, disconnected |-> FALSE] @@
        c2 :> [age |-> 0, reported |-> FALSE, disconnected |-> FALSE] ),
  net |-> <<(c1 :> <<>> @@ c2 :> <<>>), (c1 :> <<>> @@ c2 :> <<>>)>>,
  wf |->
      [ abort |-> FALSE,
        pc |-> "wait",
        round |-> 1,
        sourceVersion |-> 0,
        started |-> {1},
        outcome |-> "running",
        open |-> TRUE ],
  task |->
      << [ scheduled |-> TRUE,
           standing |-> TRUE,
           status |-> "CANCELLED",
           sourceAtSchedule |-> 0,
           broadcastVersion |-> -1,
           assignedOrder |-> <<>>,
           age |-> 0,
           cleaned |-> FALSE,
           retiredStatus |-> "NEW",
           retiredOutstanding |-> {} ],
         [ scheduled |-> FALSE,
           standing |-> FALSE,
           status |-> "NEW",
           sourceAtSchedule |-> -1,
           broadcastVersion |-> -1,
           assignedOrder |-> <<>>,
           age |-> 0,
           cleaned |-> FALSE,
           retiredStatus |-> "NEW",
           retiredOutstanding |-> {} ] >>,
  ct |->
      << ( c1 :>
               [ delivery |-> "none",
                 assigned |-> FALSE,
                 headerId |-> <<0, "">>,
                 headerRound |-> -1,
                 inputVersion |-> -1,
                 result |-> "none",
                 metricKind |-> "none",
                 receipt |-> FALSE,
                 decision |-> "pending",
                 invocations |-> 0 ] @@
           c2 :>
               [ delivery |-> "none",
                 assigned |-> FALSE,
                 headerId |-> <<0, "">>,
                 headerRound |-> -1,
                 inputVersion |-> -1,
                 result |-> "none",
                 metricKind |-> "none",
                 receipt |-> FALSE,
                 decision |-> "pending",
                 invocations |-> 0 ] ),
         ( c1 :>
               [ delivery |-> "none",
                 assigned |-> FALSE,
                 headerId |-> <<0, "">>,
                 headerRound |-> -1,
                 inputVersion |-> -1,
                 result |-> "none",
                 metricKind |-> "none",
                 receipt |-> FALSE,
                 decision |-> "pending",
                 invocations |-> 0 ] @@
           c2 :>
               [ delivery |-> "none",
                 assigned |-> FALSE,
                 headerId |-> <<0, "">>,
                 headerRound |-> -1,
                 inputVersion |-> -1,
                 result |-> "none",
                 metricKind |-> "none",
                 receipt |-> FALSE,
                 decision |-> "pending",
                 invocations |-> 0 ] ) >>,
  comm |->
      [ id |-> <<0, "">>,
        kind |-> "free",
        pc |-> "idle",
        attempt |-> 0,
        key |-> 1,
        accepted |-> FALSE,
        exit |-> "LIVE",
        writeStatus |-> FALSE,
        pending |-> {},
        deadView |-> {} ],
  runner |->
      [ id |-> <<0, "">>,
        kind |-> "free",
        pc |-> "idle",
        client |-> "",
        attempt |-> 0 ],
  requested |-> {},
  scratch |->
      [ stats |-> <<<<>>, <<>>>>,
        paramHistory |-> <<>>,
        metricStats |-> <<>>,
        metricHistory |-> <<>>,
        allMetrics |-> TRUE,
        counted |-> <<>>,
        params |-> <<<<>>, <<>>>>,
        metrics |-> <<>>,
        count |-> 0 ],
  used |->
      << [ stats |-> <<<<>>, <<>>>>,
           paramHistory |-> <<>>,
           metricStats |-> <<>>,
           metricHistory |-> <<>>,
           allMetrics |-> TRUE,
           counted |-> <<>>,
           params |-> <<<<>>, <<>>>>,
           metrics |-> <<>>,
           count |-> 0 ],
         [ stats |-> <<<<>>, <<>>>>,
           paramHistory |-> <<>>,
           metricStats |-> <<>>,
           metricHistory |-> <<>>,
           allMetrics |-> TRUE,
           counted |-> <<>>,
           params |-> <<<<>>, <<>>>>,
           metrics |-> <<>>,
           count |-> 0 ] >>,
  committed |-> {},
  saved |-> {},
  completed |-> <<>>,
  unknownSeen |-> {},
  mon |->
      [ pc |-> "policy",
        pending |-> {c2},
        deadView |-> {},
        reportAges |-> (c1 :> 1 @@ c2 :> 0) ] ]
/\ faults = [ before |-> 0,
  snapshot |-> 0,
  filter |-> 0,
  delivery |-> 0,
  resultError |-> 0,
  conversion |-> 0,
  param |-> 0,
  metricPrep |-> 0,
  metric |-> 0,
  ackLoss |-> 0,
  cancel |-> 1,
  dead |-> 1 ]

State 14: <MCNext line 162, col 8 to line 163, col 26 of module MC>
/\ s = [ aggr |->
      [ receivedCount |-> 0,
        failedClients |-> {},
        task |-> 1,
        applied |-> <<<<>>, <<>>>>,
        stats |-> <<<<>>, <<>>>>,
        paramHistory |-> <<>>,
        metricApplied |-> <<>>,
        metricStats |-> <<>>,
        metricHistory |-> <<>>,
        allMetrics |-> TRUE,
        counted |-> <<>> ],
  dead |->
      ( c1 :> [age |-> 0, reported |-> FALSE, disconnected |-> FALSE] @@
        c2 :> [age |-> 0, reported |-> FALSE, disconnected |-> FALSE] ),
  net |-> <<(c1 :> <<>> @@ c2 :> <<>>), (c1 :> <<>> @@ c2 :> <<>>)>>,
  wf |->
      [ abort |-> FALSE,
        pc |-> "wait",
        round |-> 1,
        sourceVersion |-> 0,
        started |-> {1},
        outcome |-> "running",
        open |-> TRUE ],
  task |->
      << [ scheduled |-> TRUE,
           standing |-> TRUE,
           status |-> "CANCELLED",
           sourceAtSchedule |-> 0,
           broadcastVersion |-> -1,
           assignedOrder |-> <<>>,
           age |-> 0,
           cleaned |-> FALSE,
           retiredStatus |-> "NEW",
           retiredOutstanding |-> {} ],
         [ scheduled |-> FALSE,
           standing |-> FALSE,
           status |-> "NEW",
           sourceAtSchedule |-> -1,
           broadcastVersion |-> -1,
           assignedOrder |-> <<>>,
           age |-> 0,
           cleaned |-> FALSE,
           retiredStatus |-> "NEW",
           retiredOutstanding |-> {} ] >>,
  ct |->
      << ( c1 :>
               [ delivery |-> "none",
                 assigned |-> FALSE,
                 headerId |-> <<0, "">>,
                 headerRound |-> -1,
                 inputVersion |-> -1,
                 result |-> "none",
                 metricKind |-> "none",
                 receipt |-> FALSE,
                 decision |-> "pending",
                 invocations |-> 0 ] @@
           c2 :>
               [ delivery |-> "none",
                 assigned |-> FALSE,
                 headerId |-> <<0, "">>,
                 headerRound |-> -1,
                 inputVersion |-> -1,
                 result |-> "none",
                 metricKind |-> "none",
                 receipt |-> FALSE,
                 decision |-> "pending",
                 invocations |-> 0 ] ),
         ( c1 :>
               [ delivery |-> "none",
                 assigned |-> FALSE,
                 headerId |-> <<0, "">>,
                 headerRound |-> -1,
                 inputVersion |-> -1,
                 result |-> "none",
                 metricKind |-> "none",
                 receipt |-> FALSE,
                 decision |-> "pending",
                 invocations |-> 0 ] @@
           c2 :>
               [ delivery |-> "none",
                 assigned |-> FALSE,
                 headerId |-> <<0, "">>,
                 headerRound |-> -1,
                 inputVersion |-> -1,
                 result |-> "none",
                 metricKind |-> "none",
                 receipt |-> FALSE,
                 decision |-> "pending",
                 invocations |-> 0 ] ) >>,
  comm |->
      [ id |-> <<0, "">>,
        kind |-> "free",
        pc |-> "idle",
        attempt |-> 0,
        key |-> 1,
        accepted |-> FALSE,
        exit |-> "LIVE",
        writeStatus |-> FALSE,
        pending |-> {},
        deadView |-> {} ],
  runner |->
      [ id |-> <<0, "">>,
        kind |-> "free",
        pc |-> "idle",
        client |-> "",
        attempt |-> 0 ],
  requested |-> {},
  scratch |->
      [ stats |-> <<<<>>, <<>>>>,
        paramHistory |-> <<>>,
        metricStats |-> <<>>,
        metricHistory |-> <<>>,
        allMetrics |-> TRUE,
        counted |-> <<>>,
        params |-> <<<<>>, <<>>>>,
        metrics |-> <<>>,
        count |-> 0 ],
  used |->
      << [ stats |-> <<<<>>, <<>>>>,
           paramHistory |-> <<>>,
           metricStats |-> <<>>,
           metricHistory |-> <<>>,
           allMetrics |-> TRUE,
           counted |-> <<>>,
           params |-> <<<<>>, <<>>>>,
           metrics |-> <<>>,
           count |-> 0 ],
         [ stats |-> <<<<>>, <<>>>>,
           paramHistory |-> <<>>,
           metricStats |-> <<>>,
           metricHistory |-> <<>>,
           allMetrics |-> TRUE,
           counted |-> <<>>,
           params |-> <<<<>>, <<>>>>,
           metrics |-> <<>>,
           count |-> 0 ] >>,
  committed |-> {},
  saved |-> {},
  completed |-> <<>>,
  unknownSeen |-> {},
  mon |->
      [ pc |-> "policy",
        pending |-> {c2},
        deadView |-> {},
        reportAges |-> (c1 :> 1 @@ c2 :> 0) ] ]
/\ faults = [ before |-> 0,
  snapshot |-> 0,
  filter |-> 0,
  delivery |-> 0,
  resultError |-> 0,
  conversion |-> 0,
  param |-> 0,
  metricPrep |-> 0,
  metric |-> 0,
  ackLoss |-> 0,
  cancel |-> 1,
  dead |-> 1 ]

State 15: <MCNext line 162, col 8 to line 163, col 26 of module MC>
/\ s = [ aggr |->
      [ receivedCount |-> 0,
        failedClients |-> {},
        task |-> 1,
        applied |-> <<<<>>, <<>>>>,
        stats |-> <<<<>>, <<>>>>,
        paramHistory |-> <<>>,
        metricApplied |-> <<>>,
        metricStats |-> <<>>,
        metricHistory |-> <<>>,
        allMetrics |-> TRUE,
        counted |-> <<>> ],
  dead |->
      ( c1 :> [age |-> 0, reported |-> FALSE, disconnected |-> FALSE] @@
        c2 :> [age |-> 0, reported |-> FALSE, disconnected |-> FALSE] ),
  net |-> <<(c1 :> <<>> @@ c2 :> <<>>), (c1 :> <<>> @@ c2 :> <<>>)>>,
  wf |->
      [ abort |-> FALSE,
        pc |-> "wait",
        round |-> 1,
        sourceVersion |-> 0,
        started |-> {1},
        outcome |-> "running",
        open |-> TRUE ],
  task |->
      << [ scheduled |-> TRUE,
           standing |-> TRUE,
           status |-> "CANCELLED",
           sourceAtSchedule |-> 0,
           broadcastVersion |-> -1,
           assignedOrder |-> <<>>,
           age |-> 0,
           cleaned |-> FALSE,
           retiredStatus |-> "NEW",
           retiredOutstanding |-> {} ],
         [ scheduled |-> FALSE,
           standing |-> FALSE,
           status |-> "NEW",
           sourceAtSchedule |-> -1,
           broadcastVersion |-> -1,
           assignedOrder |-> <<>>,
           age |-> 0,
           cleaned |-> FALSE,
           retiredStatus |-> "NEW",
           retiredOutstanding |-> {} ] >>,
  ct |->
      << ( c1 :>
               [ delivery |-> "none",
                 assigned |-> FALSE,
                 headerId |-> <<0, "">>,
                 headerRound |-> -1,
                 inputVersion |-> -1,
                 result |-> "none",
                 metricKind |-> "none",
                 receipt |-> FALSE,
                 decision |-> "pending",
                 invocations |-> 0 ] @@
           c2 :>
               [ delivery |-> "none",
                 assigned |-> FALSE,
                 headerId |-> <<0, "">>,
                 headerRound |-> -1,
                 inputVersion |-> -1,
                 result |-> "none",
                 metricKind |-> "none",
                 receipt |-> FALSE,
                 decision |-> "pending",
                 invocations |-> 0 ] ),
         ( c1 :>
               [ delivery |-> "none",
                 assigned |-> FALSE,
                 headerId |-> <<0, "">>,
                 headerRound |-> -1,
                 inputVersion |-> -1,
                 result |-> "none",
                 metricKind |-> "none",
                 receipt |-> FALSE,
                 decision |-> "pending",
                 invocations |-> 0 ] @@
           c2 :>
               [ delivery |-> "none",
                 assigned |-> FALSE,
                 headerId |-> <<0, "">>,
                 headerRound |-> -1,
                 inputVersion |-> -1,
                 result |-> "none",
                 metricKind |-> "none",
                 receipt |-> FALSE,
                 decision |-> "pending",
                 invocations |-> 0 ] ) >>,
  comm |->
      [ id |-> <<0, "">>,
        kind |-> "free",
        pc |-> "idle",
        attempt |-> 0,
        key |-> 1,
        accepted |-> FALSE,
        exit |-> "LIVE",
        writeStatus |-> FALSE,
        pending |-> {},
        deadView |-> {} ],
  runner |->
      [ id |-> <<0, "">>,
        kind |-> "free",
        pc |-> "idle",
        client |-> "",
        attempt |-> 0 ],
  requested |-> {c2},
  scratch |->
      [ stats |-> <<<<>>, <<>>>>,
        paramHistory |-> <<>>,
        metricStats |-> <<>>,
        metricHistory |-> <<>>,
        allMetrics |-> TRUE,
        counted |-> <<>>,
        params |-> <<<<>>, <<>>>>,
        metrics |-> <<>>,
        count |-> 0 ],
  used |->
      << [ stats |-> <<<<>>, <<>>>>,
           paramHistory |-> <<>>,
           metricStats |-> <<>>,
           metricHistory |-> <<>>,
           allMetrics |-> TRUE,
           counted |-> <<>>,
           params |-> <<<<>>, <<>>>>,
           metrics |-> <<>>,
           count |-> 0 ],
         [ stats |-> <<<<>>, <<>>>>,
           paramHistory |-> <<>>,
           metricStats |-> <<>>,
           metricHistory |-> <<>>,
           allMetrics |-> TRUE,
           counted |-> <<>>,
           params |-> <<<<>>, <<>>>>,
           metrics |-> <<>>,
           count |-> 0 ] >>,
  committed |-> {},
  saved |-> {},
  completed |-> <<>>,
  unknownSeen |-> {},
  mon |->
      [ pc |-> "policy",
        pending |-> {c2},
        deadView |-> {},
        reportAges |-> (c1 :> 1 @@ c2 :> 0) ] ]
/\ faults = [ before |-> 0,
  snapshot |-> 0,
  filter |-> 0,
  delivery |-> 0,
  resultError |-> 0,
  conversion |-> 0,
  param |-> 0,
  metricPrep |-> 0,
  metric |-> 0,
  ackLoss |-> 0,
  cancel |-> 1,
  dead |-> 1 ]

State 16: <MCNext line 162, col 8 to line 163, col 26 of module MC>
/\ s = [ aggr |->
      [ receivedCount |-> 0,
        failedClients |-> {},
        task |-> 1,
        applied |-> <<<<>>, <<>>>>,
        stats |-> <<<<>>, <<>>>>,
        paramHistory |-> <<>>,
        metricApplied |-> <<>>,
        metricStats |-> <<>>,
        metricHistory |-> <<>>,
        allMetrics |-> TRUE,
        counted |-> <<>> ],
  dead |->
      ( c1 :> [age |-> 0, reported |-> FALSE, disconnected |-> FALSE] @@
        c2 :> [age |-> 0, reported |-> FALSE, disconnected |-> FALSE] ),
  net |-> <<(c1 :> <<>> @@ c2 :> <<>>), (c1 :> <<>> @@ c2 :> <<>>)>>,
  wf |->
      [ abort |-> FALSE,
        pc |-> "wait",
        round |-> 1,
        sourceVersion |-> 0,
        started |-> {1},
        outcome |-> "running",
        open |-> TRUE ],
  task |->
      << [ scheduled |-> TRUE,
           standing |-> TRUE,
           status |-> "CANCELLED",
           sourceAtSchedule |-> 0,
           broadcastVersion |-> -1,
           assignedOrder |-> <<>>,
           age |-> 0,
           cleaned |-> FALSE,
           retiredStatus |-> "NEW",
           retiredOutstanding |-> {} ],
         [ scheduled |-> FALSE,
           standing |-> FALSE,
           status |-> "NEW",
           sourceAtSchedule |-> -1,
           broadcastVersion |-> -1,
           assignedOrder |-> <<>>,
           age |-> 0,
           cleaned |-> FALSE,
           retiredStatus |-> "NEW",
           retiredOutstanding |-> {} ] >>,
  ct |->
      << ( c1 :>
               [ delivery |-> "none",
                 assigned |-> FALSE,
                 headerId |-> <<0, "">>,
                 headerRound |-> -1,
                 inputVersion |-> -1,
                 result |-> "none",
                 metricKind |-> "none",
                 receipt |-> FALSE,
                 decision |-> "pending",
                 invocations |-> 0 ] @@
           c2 :>
               [ delivery |-> "none",
                 assigned |-> FALSE,
                 headerId |-> <<0, "">>,
                 headerRound |-> -1,
                 inputVersion |-> -1,
                 result |-> "none",
                 metricKind |-> "none",
                 receipt |-> FALSE,
                 decision |-> "pending",
                 invocations |-> 0 ] ),
         ( c1 :>
               [ delivery |-> "none",
                 assigned |-> FALSE,
                 headerId |-> <<0, "">>,
                 headerRound |-> -1,
                 inputVersion |-> -1,
                 result |-> "none",
                 metricKind |-> "none",
                 receipt |-> FALSE,
                 decision |-> "pending",
                 invocations |-> 0 ] @@
           c2 :>
               [ delivery |-> "none",
                 assigned |-> FALSE,
                 headerId |-> <<0, "">>,
                 headerRound |-> -1,
                 inputVersion |-> -1,
                 result |-> "none",
                 metricKind |-> "none",
                 receipt |-> FALSE,
                 decision |-> "pending",
                 invocations |-> 0 ] ) >>,
  comm |->
      [ id |-> <<0, "">>,
        kind |-> "free",
        pc |-> "idle",
        attempt |-> 0,
        key |-> 1,
        accepted |-> FALSE,
        exit |-> "LIVE",
        writeStatus |-> FALSE,
        pending |-> {},
        deadView |-> {} ],
  runner |->
      [ id |-> <<0, "">>,
        kind |-> "request",
        pc |-> "commWait",
        client |-> c2,
        attempt |-> 0 ],
  requested |-> {},
  scratch |->
      [ stats |-> <<<<>>, <<>>>>,
        paramHistory |-> <<>>,
        metricStats |-> <<>>,
        metricHistory |-> <<>>,
        allMetrics |-> TRUE,
        counted |-> <<>>,
        params |-> <<<<>>, <<>>>>,
        metrics |-> <<>>,
        count |-> 0 ],
  used |->
      << [ stats |-> <<<<>>, <<>>>>,
           paramHistory |-> <<>>,
           metricStats |-> <<>>,
           metricHistory |-> <<>>,
           allMetrics |-> TRUE,
           counted |-> <<>>,
           params |-> <<<<>>, <<>>>>,
           metrics |-> <<>>,
           count |-> 0 ],
         [ stats |-> <<<<>>, <<>>>>,
           paramHistory |-> <<>>,
           metricStats |-> <<>>,
           metricHistory |-> <<>>,
           allMetrics |-> TRUE,
           counted |-> <<>>,
           params |-> <<<<>>, <<>>>>,
           metrics |-> <<>>,
           count |-> 0 ] >>,
  committed |-> {},
  saved |-> {},
  completed |-> <<>>,
  unknownSeen |-> {},
  mon |->
      [ pc |-> "policy",
        pending |-> {c2},
        deadView |-> {},
        reportAges |-> (c1 :> 1 @@ c2 :> 0) ] ]
/\ faults = [ before |-> 0,
  snapshot |-> 0,
  filter |-> 0,
  delivery |-> 0,
  resultError |-> 0,
  conversion |-> 0,
  param |-> 0,
  metricPrep |-> 0,
  metric |-> 0,
  ackLoss |-> 0,
  cancel |-> 1,
  dead |-> 1 ]

State 17: <MCNext line 162, col 8 to line 163, col 26 of module MC>
/\ s = null
/\ faults = [ before |-> 0,
  snapshot |-> 0,
  filter |-> 0,
  delivery |-> 0,
  resultError |-> 0,
  conversion |-> 0,
  param |-> 0,
  metricPrep |-> 0,
  metric |-> 0,
  ackLoss |-> 0,
  cancel |-> 1,
  dead |-> 1 ]

The number of states generated: 189
Simulation using seed -1775535268507901767 and aril 0
Error: Evaluating assumption line 28, col 5 to line 28, col 21 of module _TLCTrace failed.
Attempted to apply the operator overridden by the Java method
public static final tlc2.value.IValue tlc2.module._TLCTrace.ioSerialize(tlc2.value.IValue,tlc2.value.impl.StringValue) throws java.io.IOException,
but it produced the following error:
Cannot invoke "tlc2.value.impl.Value.fingerPrint(long)" because "this.values[i]" is null
Progress: 191 states checked, 4 traces generated (trace length: mean=0, var(x)=0, sd=0)
Finished in 00s at (2026-09-13 10:40:37)
Trace exploration spec path: ./MC_TTrace_1789296036.tla

[0;32m================================[0m
[1;33m⚠ Exited abnormally (exit code: 75)[0m
[0;32m================================[0m
