TLC2 Version 2026.07.31.184830 (rev: 30cc360)
Warning: Please run the Java VM, which executes TLC with a throughput optimized garbage collector, by passing the "-XX:+UseParallelGC" property.
(Use the -nowarning option to disable this warning.)
Running breadth-first search Model-Checking with fp 5 and seed 6273484660019906610 with 1 worker on 56 cores with 30688MB heap and 64MB offheap memory [pid: 2107858] (Linux 5.15.0-177-generic amd64, Ubuntu 21.0.11 64bit, MSBDiskFPSet, DiskStateQueue).
Parsing file <run-output>/spec/MC.tla
Parsing file <run-output>/spec/base.tla
Parsing file <tlc-temp>/_TLCTrace.tla (jar:file:<specula>/lib/tla2tools.jar!/tla2sany/StandardModules/_TLCTrace.tla)
Parsing file <tlc-temp>/Integers.tla (jar:file:<specula>/lib/tla2tools.jar!/tla2sany/StandardModules/Integers.tla)
Parsing file <tlc-temp>/Sequences.tla (jar:file:<specula>/lib/tla2tools.jar!/tla2sany/StandardModules/Sequences.tla)
Parsing file <tlc-temp>/FiniteSets.tla (jar:file:<specula>/lib/tla2tools.jar!/tla2sany/StandardModules/FiniteSets.tla)
Parsing file <tlc-temp>/TLC.tla (jar:file:<specula>/lib/tla2tools.jar!/tla2sany/StandardModules/TLC.tla)
Parsing file <tlc-temp>/Naturals.tla (jar:file:<specula>/lib/tla2tools.jar!/tla2sany/StandardModules/Naturals.tla)
Parsing file <tlc-temp>/TLCExt.tla (jar:file:<specula>/lib/tla2tools.jar!/tla2sany/StandardModules/TLCExt.tla)
Semantic processing of module Naturals
Semantic processing of module Integers
Semantic processing of module Sequences
Semantic processing of module FiniteSets
Semantic processing of module TLC
Semantic processing of module base
Semantic processing of module TLCExt
Semantic processing of module _TLCTrace
Semantic processing of module MC
Linting of module base
Linting of module TLCExt
Linting of module _TLCTrace
Linting of module MC
Starting... (2026-08-06 21:57:28)
Computing initial states...
Finished computing initial states: 1 distinct state generated at 2026-08-06 21:57:29.
Error: Invariant PreconditionBeforeCall is violated.
Error: The behavior up to this point is:
State 1: <Initial predicate>
/\ backupInProgress = FALSE
/\ backupSuccessful = FALSE
/\ asyncState = [balance |-> "none", move |-> "none", backup |-> "none"]
/\ podReady = (n0 :> TRUE @@ n1 :> TRUE @@ n2 :> TRUE)
/\ backupFinished = FALSE
/\ podDeleted = (n0 :> FALSE @@ n1 :> FALSE @@ n2 :> FALSE)
/\ declaredComplete = [OpNone |-> FALSE, OpScaleDown |-> FALSE, OpBalance |-> FALSE]
/\ badPreconditionCall = FALSE
/\ observedReplicas = (n0 :> 0 @@ n1 :> 0 @@ n2 :> 0)
/\ clusterBalanced = FALSE
/\ lockOp = "OpNone"
/\ backupObserved = "none"
/\ observedFresh = FALSE
/\ scaleDownRequested = TRUE
/\ solrReplicas = (n0 :> 1 @@ n1 :> 1 @@ n2 :> 1)
/\ errorSwallowed = FALSE
/\ staleDestroyAuthorized = FALSE
/\ liveNodes = {n0, n1, n2}
/\ backupRequested = TRUE
/\ faultCounters = [ evict |-> 0,
  churn |-> 0,
  podready |-> 0,
  fail |-> 0,
  restart |-> 0,
  stalefetch |-> 0 ]
/\ retryQueue = <<>>

State 2: <MCSolrNodeDown(n0) line 51, col 5 to line 53, col 62 of module MC>
/\ backupInProgress = FALSE
/\ backupSuccessful = FALSE
/\ asyncState = [balance |-> "none", move |-> "none", backup |-> "none"]
/\ podReady = (n0 :> TRUE @@ n1 :> TRUE @@ n2 :> TRUE)
/\ backupFinished = FALSE
/\ podDeleted = (n0 :> FALSE @@ n1 :> FALSE @@ n2 :> FALSE)
/\ declaredComplete = [OpNone |-> FALSE, OpScaleDown |-> FALSE, OpBalance |-> FALSE]
/\ badPreconditionCall = FALSE
/\ observedReplicas = (n0 :> 0 @@ n1 :> 0 @@ n2 :> 0)
/\ clusterBalanced = FALSE
/\ lockOp = "OpNone"
/\ backupObserved = "none"
/\ observedFresh = FALSE
/\ scaleDownRequested = TRUE
/\ solrReplicas = (n0 :> 1 @@ n1 :> 1 @@ n2 :> 1)
/\ errorSwallowed = FALSE
/\ staleDestroyAuthorized = FALSE
/\ liveNodes = {n1, n2}
/\ backupRequested = TRUE
/\ faultCounters = [ evict |-> 0,
  churn |-> 1,
  podready |-> 0,
  fail |-> 0,
  restart |-> 0,
  stalefetch |-> 0 ]
/\ retryQueue = <<>>

State 3: <MCSolrNodeDown(n1) line 51, col 5 to line 53, col 62 of module MC>
/\ backupInProgress = FALSE
/\ backupSuccessful = FALSE
/\ asyncState = [balance |-> "none", move |-> "none", backup |-> "none"]
/\ podReady = (n0 :> TRUE @@ n1 :> TRUE @@ n2 :> TRUE)
/\ backupFinished = FALSE
/\ podDeleted = (n0 :> FALSE @@ n1 :> FALSE @@ n2 :> FALSE)
/\ declaredComplete = [OpNone |-> FALSE, OpScaleDown |-> FALSE, OpBalance |-> FALSE]
/\ badPreconditionCall = FALSE
/\ observedReplicas = (n0 :> 0 @@ n1 :> 0 @@ n2 :> 0)
/\ clusterBalanced = FALSE
/\ lockOp = "OpNone"
/\ backupObserved = "none"
/\ observedFresh = FALSE
/\ scaleDownRequested = TRUE
/\ solrReplicas = (n0 :> 1 @@ n1 :> 1 @@ n2 :> 1)
/\ errorSwallowed = FALSE
/\ staleDestroyAuthorized = FALSE
/\ liveNodes = {n2}
/\ backupRequested = TRUE
/\ faultCounters = [ evict |-> 0,
  churn |-> 2,
  podready |-> 0,
  fail |-> 0,
  restart |-> 0,
  stalefetch |-> 0 ]
/\ retryQueue = <<>>

State 4: <MCFetchClusterStatus line 87, col 27 to line 87, col 74 of module MC>
/\ backupInProgress = FALSE
/\ backupSuccessful = FALSE
/\ asyncState = [balance |-> "none", move |-> "none", backup |-> "none"]
/\ podReady = (n0 :> TRUE @@ n1 :> TRUE @@ n2 :> TRUE)
/\ backupFinished = FALSE
/\ podDeleted = (n0 :> FALSE @@ n1 :> FALSE @@ n2 :> FALSE)
/\ declaredComplete = [OpNone |-> FALSE, OpScaleDown |-> FALSE, OpBalance |-> FALSE]
/\ badPreconditionCall = FALSE
/\ observedReplicas = (n0 :> 1 @@ n1 :> 1 @@ n2 :> 1)
/\ clusterBalanced = FALSE
/\ lockOp = "OpNone"
/\ backupObserved = "none"
/\ observedFresh = TRUE
/\ scaleDownRequested = TRUE
/\ solrReplicas = (n0 :> 1 @@ n1 :> 1 @@ n2 :> 1)
/\ errorSwallowed = FALSE
/\ staleDestroyAuthorized = FALSE
/\ liveNodes = {n2}
/\ backupRequested = TRUE
/\ faultCounters = [ evict |-> 0,
  churn |-> 2,
  podready |-> 0,
  fail |-> 0,
  restart |-> 0,
  stalefetch |-> 0 ]
/\ retryQueue = <<>>

State 5: <MCAcquireScaleDownLock line 88, col 27 to line 88, col 74 of module MC>
/\ backupInProgress = FALSE
/\ backupSuccessful = FALSE
/\ asyncState = [balance |-> "none", move |-> "none", backup |-> "none"]
/\ podReady = (n0 :> TRUE @@ n1 :> TRUE @@ n2 :> TRUE)
/\ backupFinished = FALSE
/\ podDeleted = (n0 :> FALSE @@ n1 :> FALSE @@ n2 :> FALSE)
/\ declaredComplete = [OpNone |-> FALSE, OpScaleDown |-> FALSE, OpBalance |-> FALSE]
/\ badPreconditionCall = FALSE
/\ observedReplicas = (n0 :> 1 @@ n1 :> 1 @@ n2 :> 1)
/\ clusterBalanced = FALSE
/\ lockOp = "OpScaleDown"
/\ backupObserved = "none"
/\ observedFresh = TRUE
/\ scaleDownRequested = TRUE
/\ solrReplicas = (n0 :> 1 @@ n1 :> 1 @@ n2 :> 1)
/\ errorSwallowed = FALSE
/\ staleDestroyAuthorized = FALSE
/\ liveNodes = {n2}
/\ backupRequested = TRUE
/\ faultCounters = [ evict |-> 0,
  churn |-> 2,
  podready |-> 0,
  fail |-> 0,
  restart |-> 0,
  stalefetch |-> 0 ]
/\ retryQueue = <<>>

State 6: <MCEvictSubmitReplaceNode line 91, col 30 to line 91, col 80 of module MC>
/\ backupInProgress = FALSE
/\ backupSuccessful = FALSE
/\ asyncState = [balance |-> "none", move |-> "none", backup |-> "none"]
/\ podReady = (n0 :> TRUE @@ n1 :> TRUE @@ n2 :> TRUE)
/\ backupFinished = FALSE
/\ podDeleted = (n0 :> FALSE @@ n1 :> FALSE @@ n2 :> FALSE)
/\ declaredComplete = [OpNone |-> FALSE, OpScaleDown |-> FALSE, OpBalance |-> FALSE]
/\ badPreconditionCall = TRUE
/\ observedReplicas = (n0 :> 1 @@ n1 :> 1 @@ n2 :> 1)
/\ clusterBalanced = FALSE
/\ lockOp = "OpScaleDown"
/\ backupObserved = "none"
/\ observedFresh = TRUE
/\ scaleDownRequested = TRUE
/\ solrReplicas = (n0 :> 1 @@ n1 :> 1 @@ n2 :> 1)
/\ errorSwallowed = FALSE
/\ staleDestroyAuthorized = FALSE
/\ liveNodes = {n2}
/\ backupRequested = TRUE
/\ faultCounters = [ evict |-> 0,
  churn |-> 2,
  podready |-> 0,
  fail |-> 0,
  restart |-> 0,
  stalefetch |-> 0 ]
/\ retryQueue = <<>>

540 states generated, 174 distinct states found, 90 states left on queue.
The depth of the complete state graph search is 6.
Finished in 01s at (2026-08-06 21:57:29)
Trace exploration spec path: ./MC_TTrace_1786075048.tla
