TLC2 Version 2.20 of Day Month 20?? (rev: ${git.shortRevision})
Running breadth-first search Model-Checking with fp 29 and seed 7284630033882324919 with 1 worker on 96 cores with 4096MB heap and 64MB offheap memory [pid: 4767] (Linux 6.8.0-1044-azure amd64, Ubuntu 21.0.11 x86_64, MSBDiskFPSet, DiskStateQueue).
Parsing file /workspace/out/runs/focused-deferred-v03/C03Progress.tla
Parsing file /workspace/out/runs/focused-deferred-v03/Trace.tla
Parsing file /tmp/tlc-3511241254391741155/_JsonTrace.tla (jar:file:/tools/tla2tools.jar!/tla2sany/StandardModules/_JsonTrace.tla)
Parsing file /tmp/tlc-3511241254391741155/_TLCTrace.tla (jar:file:/tools/tla2tools.jar!/tla2sany/StandardModules/_TLCTrace.tla)
Parsing file /workspace/out/runs/focused-deferred-v03/base.tla
Parsing file /tmp/tlc-3511241254391741155/Json.tla (jar:file:/tools/tla2tools.jar!/tla2sany/StandardModules/Json.tla)
Parsing file /tmp/tlc-3511241254391741155/IOUtils.tla (jar:file:/tools/CommunityModules.jar!/IOUtils.tla)
Parsing file /tmp/tlc-3511241254391741155/Naturals.tla (jar:file:/tools/tla2tools.jar!/tla2sany/StandardModules/Naturals.tla)
Parsing file /tmp/tlc-3511241254391741155/Integers.tla (jar:file:/tools/tla2tools.jar!/tla2sany/StandardModules/Integers.tla)
Parsing file /tmp/tlc-3511241254391741155/Sequences.tla (jar:file:/tools/tla2tools.jar!/tla2sany/StandardModules/Sequences.tla)
Parsing file /tmp/tlc-3511241254391741155/FiniteSets.tla (jar:file:/tools/tla2tools.jar!/tla2sany/StandardModules/FiniteSets.tla)
Parsing file /tmp/tlc-3511241254391741155/Bags.tla (jar:file:/tools/tla2tools.jar!/tla2sany/StandardModules/Bags.tla)
Parsing file /tmp/tlc-3511241254391741155/TLC.tla (jar:file:/tools/tla2tools.jar!/tla2sany/StandardModules/TLC.tla)
Parsing file /tmp/tlc-3511241254391741155/TLCExt.tla (jar:file:/tools/tla2tools.jar!/tla2sany/StandardModules/TLCExt.tla)
Semantic processing of module Naturals
Semantic processing of module Integers
Semantic processing of module Sequences
Semantic processing of module FiniteSets
Semantic processing of module TLC
Semantic processing of module Bags
Semantic processing of module base
Semantic processing of module Json
Semantic processing of module IOUtils
Semantic processing of module Trace
Semantic processing of module TLCExt
Semantic processing of module _JsonTrace
Semantic processing of module _TLCTrace
Semantic processing of module C03Progress
Linting of module base
Linting of module Json
Linting of module IOUtils
Linting of module Trace
Linting of module TLCExt
Linting of module _JsonTrace
Linting of module _TLCTrace
Linting of module C03Progress
Starting... (2026-09-22 20:33:35)
Implied-temporal checking--satisfiability problem has 8 branches.
Computing initial states...
Finished computing initial states: 1 distinct state generated at 2026-09-22 20:33:36.
Checking 8 branches of temporal properties for the current state space with 1568 total distinct states at (2026-09-22 20:33:39)
Finished checking temporal properties in 00s at 2026-09-22 20:33:39
Progress(194) at 2026-09-22 20:33:39: 490 states generated (2,940 s/min), 196 distinct states found (1,176 ds/min), 0 states left on queue.
Checking 8 branches of temporal properties for the current state space with 3216 total distinct states at (2026-09-22 20:33:49)
Finished checking temporal properties in 00s at 2026-09-22 20:33:49
Progress(280) at 2026-09-22 20:33:49: 1,237 states generated (4,482 s/min), 402 distinct states found (1,236 ds/min), 5 states left on queue.
Checking 8 branches of temporal properties for the current state space with 4664 total distinct states at (2026-09-22 20:33:59)
Finished checking temporal properties in 00s at 2026-09-22 20:33:59
Progress(333) at 2026-09-22 20:33:59: 1,812 states generated (3,450 s/min), 583 distinct states found (1,086 ds/min), 2 states left on queue.
Checking 8 branches of temporal properties for the current state space with 5912 total distinct states at (2026-09-22 20:34:09)
Finished checking temporal properties in 00s at 2026-09-22 20:34:09
Progress(385) at 2026-09-22 20:34:09: 2,366 states generated (3,324 s/min), 739 distinct states found (936 ds/min), 2 states left on queue.
Checking 8 branches of temporal properties for the current state space with 7440 total distinct states at (2026-09-22 20:34:19)
Finished checking temporal properties in 00s at 2026-09-22 20:34:19
Progress(444) at 2026-09-22 20:34:19: 3,023 states generated (3,942 s/min), 930 distinct states found (1,146 ds/min), 2 states left on queue.
Checking 8 branches of temporal properties for the current state space with 9128 total distinct states at (2026-09-22 20:34:29)
Finished checking temporal properties in 00s at 2026-09-22 20:34:29
Progress(514) at 2026-09-22 20:34:29: 3,879 states generated (5,136 s/min), 1,141 distinct states found (1,266 ds/min), 2 states left on queue.
Progress(575) at 2026-09-22 20:34:38: 4,692 states generated, 1,324 distinct states found, 0 states left on queue.
Checking 8 branches of temporal properties for the complete state space with 10592 total distinct states at (2026-09-22 20:34:38)
Finished checking temporal properties in 00s at 2026-09-22 20:34:38
Model checking completed. No error has been found.
  Estimates of the probability that TLC did not check all reachable states
  because two distinct states had the same fingerprint:
  calculated (optimistic):  val = 2.4E-13
4692 states generated, 1324 distinct states found, 0 states left on queue.
The depth of the complete state graph search is 575.
The average outdegree of the complete state graph is 1 (minimum is 0, the maximum 2 and the 95th percentile is 1).
Finished in 01min 03s at (2026-09-22 20:34:38)
