[0;32m================================[0m
[0;32mTLC Model Checking Mode[0m
[0;32m================================[0m
Spec File:       MC.tla
Config File:     MC.cfg
Memory Limit:    16G
Off-heap Memory: 32G
Workers:         16
Timeout:         30 minutes
[0;34m--- Model Checking Settings ---[0m
Depth Limit:     0
Checkpoint:      10 minutes
Log File:        /home/ubuntu/specula-nvflare-gpt-continuation-20260926/framework/runs/gpt-continuation/nvflare-job/.specula-output/.tlc-tasks/jobs/ff5ad8ef6b014217a255c74a8f8ac51b/tlc.log
[0;32m================================[0m
[1;33mExecuting Command:[0m
java -XX:+UseParallelGC -Dtlc2.tool.fp.FPSet.impl=tlc2.tool.fp.OffHeapDiskFPSet -XX:MaxDirectMemorySize=32G -Xmx16G -Xms16G -cp /home/ubuntu/specula-nvflare-gpt-continuation-20260926/framework/lib/CommunityModules-deps.jar:/home/ubuntu/specula-nvflare-gpt-continuation-20260926/framework/lib/tla2tools.jar tlc2.TLC -config MC.cfg MC.tla -workers 16 -deadlock -checkpoint 10 -dumptrace json /home/ubuntu/specula-nvflare-gpt-continuation-20260926/framework/runs/gpt-continuation/nvflare-job/.specula-output/spec/output/continuation-C6-MC/counterexample.json -metadir /home/ubuntu/specula-nvflare-gpt-continuation-20260926/framework/runs/gpt-continuation/nvflare-job/.specula-output/.tlc-state/tlc-states-KJ2zNU 

TLC resource budget (Specula run gpt-continuation):
  memory source: user config (64G)
  external memory use: not included in this configured run bound
  memory limit: 64 GiB
  active TLC reserved before request: 0 bytes (this agent: 0 bytes)
  this request: 48 GiB (heap 16 GiB + off-heap 32 GiB)
  remaining before request: 64 GiB
  remaining after admission: 16 GiB
  worker limit: 16
  active TLC workers before request: 0 (this agent: 0)
  this request workers: 16 (16)
  remaining workers before request: 16
  remaining workers after admission: 0
  result: admitted
TLC2 Version 2026.09.23.154203 (rev: 4260e47)
Running breadth-first search Model-Checking with fp 108 and seed -4115726027486030623 with 16 workers on 16 cores with 15701MB heap and 32768MB offheap memory [pid: 2539787] (Linux 6.8.0-1044-azure amd64, Ubuntu 21.0.11 64bit, OffHeapDiskFPSet, DiskStateQueue).
Parsing file /home/ubuntu/specula-nvflare-gpt-continuation-20260926/framework/runs/gpt-continuation/nvflare-job/.specula-output/spec/output/continuation-C6-MC/MC.tla
Parsing file /home/ubuntu/specula-nvflare-gpt-continuation-20260926/framework/runs/gpt-continuation/nvflare-job/.specula-output/spec/output/continuation-C6-MC/base.tla
Parsing file /tmp/tlc-8263346234610862570/_JsonTrace.tla (jar:file:/home/ubuntu/specula-nvflare-gpt-continuation-20260926/framework/lib/tla2tools.jar!/tla2sany/StandardModules/_JsonTrace.tla)
Parsing file /tmp/tlc-8263346234610862570/_TLCTrace.tla (jar:file:/home/ubuntu/specula-nvflare-gpt-continuation-20260926/framework/lib/tla2tools.jar!/tla2sany/StandardModules/_TLCTrace.tla)
Parsing file /tmp/tlc-8263346234610862570/Integers.tla (jar:file:/home/ubuntu/specula-nvflare-gpt-continuation-20260926/framework/lib/tla2tools.jar!/tla2sany/StandardModules/Integers.tla)
Parsing file /tmp/tlc-8263346234610862570/Sequences.tla (jar:file:/home/ubuntu/specula-nvflare-gpt-continuation-20260926/framework/lib/tla2tools.jar!/tla2sany/StandardModules/Sequences.tla)
Parsing file /tmp/tlc-8263346234610862570/FiniteSets.tla (jar:file:/home/ubuntu/specula-nvflare-gpt-continuation-20260926/framework/lib/tla2tools.jar!/tla2sany/StandardModules/FiniteSets.tla)
Parsing file /tmp/tlc-8263346234610862570/TLC.tla (jar:file:/home/ubuntu/specula-nvflare-gpt-continuation-20260926/framework/lib/tla2tools.jar!/tla2sany/StandardModules/TLC.tla)
Parsing file /tmp/tlc-8263346234610862570/Naturals.tla (jar:file:/home/ubuntu/specula-nvflare-gpt-continuation-20260926/framework/lib/tla2tools.jar!/tla2sany/StandardModules/Naturals.tla)
Parsing file /tmp/tlc-8263346234610862570/TLCExt.tla (jar:file:/home/ubuntu/specula-nvflare-gpt-continuation-20260926/framework/lib/tla2tools.jar!/tla2sany/StandardModules/TLCExt.tla)
Parsing file /tmp/tlc-8263346234610862570/Json.tla (jar:file:/home/ubuntu/specula-nvflare-gpt-continuation-20260926/framework/lib/tla2tools.jar!/tla2sany/StandardModules/Json.tla)
Semantic processing of module Naturals
Semantic processing of module Integers
Semantic processing of module Sequences
Semantic processing of module FiniteSets
Semantic processing of module TLC
Semantic processing of module base
Semantic processing of module TLCExt
Semantic processing of module Json
Semantic processing of module _JsonTrace
Semantic processing of module _TLCTrace
Semantic processing of module MC
Linting of module base
Linting of module TLCExt
Linting of module Json
Linting of module _JsonTrace
Linting of module _TLCTrace
Linting of module MC
Starting... (2026-09-26 06:06:57)
Computing initial states...
Finished computing initial states: 1 distinct state generated at 2026-09-26 06:06:58.
Progress(27) at 2026-09-26 06:07:01: 417,207 states generated (417,207 s/min), 92,327 distinct states found (92,327 ds/min), 30,936 states left on queue.
Progress(33) at 2026-09-26 06:08:01: 14,080,491 states generated (13,663,284 s/min), 2,832,652 distinct states found (2,740,325 ds/min), 1,177,715 states left on queue.
Progress(35) at 2026-09-26 06:09:01: 28,153,544 states generated (14,073,053 s/min), 5,527,581 distinct states found (2,694,929 ds/min), 2,329,813 states left on queue.
Progress(35) at 2026-09-26 06:10:01: 41,997,158 states generated (13,843,614 s/min), 8,185,759 distinct states found (2,658,178 ds/min), 3,495,007 states left on queue.
Progress(36) at 2026-09-26 06:11:01: 56,430,565 states generated (14,433,407 s/min), 10,801,971 distinct states found (2,616,212 ds/min), 4,596,365 states left on queue.
Progress(36) at 2026-09-26 06:12:01: 70,817,940 states generated (14,387,375 s/min), 13,523,569 distinct states found (2,721,598 ds/min), 5,849,155 states left on queue.
Progress(37) at 2026-09-26 06:13:01: 84,849,123 states generated (14,031,183 s/min), 16,149,914 distinct states found (2,626,345 ds/min), 6,972,406 states left on queue.
Progress(37) at 2026-09-26 06:14:01: 99,597,223 states generated (14,748,100 s/min), 18,710,498 distinct states found (2,560,584 ds/min), 8,020,202 states left on queue.
Progress(37) at 2026-09-26 06:15:01: 114,341,588 states generated (14,744,365 s/min), 21,430,909 distinct states found (2,720,411 ds/min), 9,323,627 states left on queue.
Progress(37) at 2026-09-26 06:16:01: 128,727,645 states generated (14,386,057 s/min), 24,103,610 distinct states found (2,672,701 ds/min), 10,500,707 states left on queue.
Checkpointing of run /home/ubuntu/specula-nvflare-gpt-continuation-20260926/framework/runs/gpt-continuation/nvflare-job/.specula-output/.tlc-state/tlc-states-KJ2zNU/26-09-26-06-06-57.198
Checkpointing completed at (2026-09-26 06:17:01)
Progress(37) at 2026-09-26 06:17:01: 142,964,984 states generated (14,237,339 s/min), 26,759,324 distinct states found (2,655,714 ds/min), 11,667,503 states left on queue.
Progress(38) at 2026-09-26 06:18:01: 157,936,059 states generated (14,971,075 s/min), 29,342,289 distinct states found (2,582,965 ds/min), 12,705,807 states left on queue.
Progress(38) at 2026-09-26 06:19:01: 173,164,667 states generated (15,228,608 s/min), 31,843,203 distinct states found (2,500,914 ds/min), 13,696,486 states left on queue.
Progress(38) at 2026-09-26 06:20:01: 187,814,430 states generated (14,649,763 s/min), 34,466,083 distinct states found (2,622,880 ds/min), 14,849,471 states left on queue.
Progress(38) at 2026-09-26 06:21:01: 202,863,954 states generated (15,049,524 s/min), 37,206,936 distinct states found (2,740,853 ds/min), 16,184,536 states left on queue.
Progress(38) at 2026-09-26 06:22:01: 217,799,668 states generated (14,935,714 s/min), 39,836,104 distinct states found (2,629,168 ds/min), 17,351,806 states left on queue.
Progress(38) at 2026-09-26 06:23:01: 232,278,241 states generated (14,478,573 s/min), 42,461,074 distinct states found (2,624,970 ds/min), 18,488,209 states left on queue.
Progress(38) at 2026-09-26 06:24:01: 245,863,987 states generated (13,585,746 s/min), 45,029,161 distinct states found (2,568,087 ds/min), 19,575,416 states left on queue.
Progress(39) at 2026-09-26 06:25:01: 260,601,630 states generated (14,737,643 s/min), 47,587,714 distinct states found (2,558,553 ds/min), 20,693,505 states left on queue.
Progress(39) at 2026-09-26 06:26:01: 275,654,842 states generated (15,053,212 s/min), 50,114,903 distinct states found (2,527,189 ds/min), 21,681,960 states left on queue.
Checkpointing of run /home/ubuntu/specula-nvflare-gpt-continuation-20260926/framework/runs/gpt-continuation/nvflare-job/.specula-output/.tlc-state/tlc-states-KJ2zNU/26-09-26-06-06-57.198
Checkpointing completed at (2026-09-26 06:27:03)
Progress(39) at 2026-09-26 06:27:03: 291,520,533 states generated (15,865,691 s/min), 52,677,981 distinct states found (2,563,078 ds/min), 22,701,695 states left on queue.
Progress(39) at 2026-09-26 06:28:03: 307,159,984 states generated (15,639,451 s/min), 55,098,756 distinct states found (2,420,775 ds/min), 23,581,977 states left on queue.
Progress(39) at 2026-09-26 06:29:03: 321,665,375 states generated (14,505,391 s/min), 57,550,873 distinct states found (2,452,117 ds/min), 24,530,129 states left on queue.
Progress(39) at 2026-09-26 06:30:03: 336,523,285 states generated (14,857,910 s/min), 60,248,570 distinct states found (2,697,697 ds/min), 25,809,612 states left on queue.
Progress(39) at 2026-09-26 06:31:03: 351,826,383 states generated (15,303,098 s/min), 63,001,586 distinct states found (2,753,016 ds/min), 27,155,594 states left on queue.
Progress(39) at 2026-09-26 06:32:03: 367,137,816 states generated (15,311,433 s/min), 65,608,300 distinct states found (2,606,714 ds/min), 28,352,918 states left on queue.
Progress(39) at 2026-09-26 06:33:03: 382,505,933 states generated (15,368,117 s/min), 68,137,538 distinct states found (2,529,238 ds/min), 29,487,469 states left on queue.
Progress(39) at 2026-09-26 06:34:03: 397,225,504 states generated (14,719,571 s/min), 70,747,603 distinct states found (2,610,065 ds/min), 30,579,657 states left on queue.
Progress(39) at 2026-09-26 06:35:03: 411,952,987 states generated (14,727,483 s/min), 73,277,000 distinct states found (2,529,397 ds/min), 31,628,464 states left on queue.
Progress(39) at 2026-09-26 06:36:03: 426,068,541 states generated (14,115,554 s/min), 75,922,236 distinct states found (2,645,236 ds/min), 32,735,564 states left on queue.

[0;32m================================[0m
[1;33m⚠ Timed out[0m
[0;32m================================[0m
