TLC2 Version 2026.09.04.170753 (rev: b123b22)
Running breadth-first search Model-Checking with fp 101 and seed -5882169377430363110 with 5 workers on 96 cores with 3925MB heap and 16384MB offheap memory [pid: 163458] (Linux 6.8.0-1044-azure amd64, Ubuntu 21.0.11 64bit, OffHeapDiskFPSet, DiskStateQueue).
Parsing file /home/ubuntu/specula-vsr-runner-20260905/runs/vsr-rs-gpt6astra-ultra-20260905/vsr-rs/.specula-output/spec/output/MC_hunt_scenario1_bfs/MC.tla
Parsing file /home/ubuntu/specula-vsr-runner-20260905/runs/vsr-rs-gpt6astra-ultra-20260905/vsr-rs/.specula-output/spec/output/MC_hunt_scenario1_bfs/base.tla
Parsing file /tmp/tlc-17448030083463759415/_JsonTrace.tla (jar:file:/home/ubuntu/specula-vsr-runner-20260905/lib/tla2tools.jar!/tla2sany/StandardModules/_JsonTrace.tla)
Parsing file /tmp/tlc-17448030083463759415/_TLCTrace.tla (jar:file:/home/ubuntu/specula-vsr-runner-20260905/lib/tla2tools.jar!/tla2sany/StandardModules/_TLCTrace.tla)
Parsing file /tmp/tlc-17448030083463759415/Naturals.tla (jar:file:/home/ubuntu/specula-vsr-runner-20260905/lib/tla2tools.jar!/tla2sany/StandardModules/Naturals.tla)
Parsing file /tmp/tlc-17448030083463759415/Integers.tla (jar:file:/home/ubuntu/specula-vsr-runner-20260905/lib/tla2tools.jar!/tla2sany/StandardModules/Integers.tla)
Parsing file /tmp/tlc-17448030083463759415/Sequences.tla (jar:file:/home/ubuntu/specula-vsr-runner-20260905/lib/tla2tools.jar!/tla2sany/StandardModules/Sequences.tla)
Parsing file /tmp/tlc-17448030083463759415/FiniteSets.tla (jar:file:/home/ubuntu/specula-vsr-runner-20260905/lib/tla2tools.jar!/tla2sany/StandardModules/FiniteSets.tla)
Parsing file /tmp/tlc-17448030083463759415/Bags.tla (jar:file:/home/ubuntu/specula-vsr-runner-20260905/lib/tla2tools.jar!/tla2sany/StandardModules/Bags.tla)
Parsing file /tmp/tlc-17448030083463759415/TLC.tla (jar:file:/home/ubuntu/specula-vsr-runner-20260905/lib/tla2tools.jar!/tla2sany/StandardModules/TLC.tla)
Parsing file /tmp/tlc-17448030083463759415/TLCExt.tla (jar:file:/home/ubuntu/specula-vsr-runner-20260905/lib/tla2tools.jar!/tla2sany/StandardModules/TLCExt.tla)
Parsing file /tmp/tlc-17448030083463759415/Json.tla (jar:file:/home/ubuntu/specula-vsr-runner-20260905/lib/tla2tools.jar!/tla2sany/StandardModules/Json.tla)
Semantic processing of module Naturals
Semantic processing of module Integers
Semantic processing of module Sequences
Semantic processing of module FiniteSets
Semantic processing of module TLC
Semantic processing of module Bags
Semantic processing of module base
Semantic processing of module TLCExt
Semantic processing of module Json
Semantic processing of module _JsonTrace
Semantic processing of module _TLCTrace
Semantic processing of module MC
Linting of module base
Linting of module TLCExt
Linting of module Json
Linting of module _JsonTrace
Linting of module _TLCTrace
Linting of module MC
Starting... (2026-09-05 14:36:00)
Computing initial states...
Finished computing initial states: 1 distinct state generated at 2026-09-05 14:36:02.
Progress(10) at 2026-09-05 14:36:05: 249,947 states generated (249,947 s/min), 73,424 distinct states found (73,424 ds/min), 50,526 states left on queue.
Progress(13) at 2026-09-05 14:37:05: 7,027,118 states generated (6,777,171 s/min), 1,648,490 distinct states found (1,575,066 ds/min), 1,027,311 states left on queue.
Progress(13) at 2026-09-05 14:38:05: 13,774,712 states generated (6,747,594 s/min), 3,082,697 distinct states found (1,434,207 ds/min), 1,879,993 states left on queue.
Progress(14) at 2026-09-05 14:39:05: 20,788,767 states generated (7,014,055 s/min), 4,577,378 distinct states found (1,494,681 ds/min), 2,773,455 states left on queue.
Progress(14) at 2026-09-05 14:40:05: 27,485,264 states generated (6,696,497 s/min), 5,918,876 distinct states found (1,341,498 ds/min), 3,565,267 states left on queue.
Progress(14) at 2026-09-05 14:41:05: 34,079,374 states generated (6,594,110 s/min), 7,266,512 distinct states found (1,347,636 ds/min), 4,326,726 states left on queue.
Progress(15) at 2026-09-05 14:42:05: 41,128,520 states generated (7,049,146 s/min), 8,770,365 distinct states found (1,503,853 ds/min), 5,224,718 states left on queue.
Progress(15) at 2026-09-05 14:43:05: 47,865,772 states generated (6,737,252 s/min), 10,136,016 distinct states found (1,365,651 ds/min), 6,016,883 states left on queue.
Progress(15) at 2026-09-05 14:44:05: 55,045,309 states generated (7,179,537 s/min), 11,529,137 distinct states found (1,393,121 ds/min), 6,814,007 states left on queue.
Progress(15) at 2026-09-05 14:45:05: 61,728,665 states generated (6,683,356 s/min), 12,816,118 distinct states found (1,286,981 ds/min), 7,577,486 states left on queue.
Checkpointing of run /home/ubuntu/specula-vsr-runner-20260905/runs/vsr-rs-gpt6astra-ultra-20260905/vsr-rs/.specula-output/spec/output/tlc-tmp/tlc-states-mnWKfq/26-09-05-14-35-59.993
Checkpointing completed at (2026-09-05 14:46:05)
Progress(15) at 2026-09-05 14:46:05: 68,403,289 states generated (6,674,624 s/min), 14,103,388 distinct states found (1,287,270 ds/min), 8,302,758 states left on queue.
Progress(15) at 2026-09-05 14:47:05: 75,117,998 states generated (6,714,709 s/min), 15,377,451 distinct states found (1,274,063 ds/min), 9,010,293 states left on queue.
Progress(15) at 2026-09-05 14:48:05: 81,572,369 states generated (6,454,371 s/min), 16,683,007 distinct states found (1,305,556 ds/min), 9,738,576 states left on queue.
Progress(15) at 2026-09-05 14:49:05: 88,229,493 states generated (6,657,124 s/min), 17,984,974 distinct states found (1,301,967 ds/min), 10,457,077 states left on queue.
Progress(15) at 2026-09-05 14:50:05: 95,379,076 states generated (7,149,583 s/min), 19,398,662 distinct states found (1,413,688 ds/min), 11,240,484 states left on queue.
Progress(16) at 2026-09-05 14:51:05: 102,226,364 states generated (6,847,288 s/min), 20,849,543 distinct states found (1,450,881 ds/min), 12,126,291 states left on queue.
Progress(16) at 2026-09-05 14:52:05: 108,772,978 states generated (6,546,614 s/min), 22,064,548 distinct states found (1,215,005 ds/min), 12,844,947 states left on queue.
Progress(16) at 2026-09-05 14:53:05: 115,322,520 states generated (6,549,542 s/min), 23,408,215 distinct states found (1,343,667 ds/min), 13,622,475 states left on queue.
Progress(16) at 2026-09-05 14:54:05: 122,366,285 states generated (7,043,765 s/min), 24,762,656 distinct states found (1,354,441 ds/min), 14,337,325 states left on queue.
Progress(16) at 2026-09-05 14:55:05: 129,609,770 states generated (7,243,485 s/min), 26,083,643 distinct states found (1,320,987 ds/min), 15,084,714 states left on queue.
Checkpointing of run /home/ubuntu/specula-vsr-runner-20260905/runs/vsr-rs-gpt6astra-ultra-20260905/vsr-rs/.specula-output/spec/output/tlc-tmp/tlc-states-mnWKfq/26-09-05-14-35-59.993
Checkpointing completed at (2026-09-05 14:56:05)
Progress(16) at 2026-09-05 14:56:05: 136,450,114 states generated (6,840,344 s/min), 27,369,746 distinct states found (1,286,103 ds/min), 15,804,100 states left on queue.
Progress(16) at 2026-09-05 14:57:05: 142,977,414 states generated (6,527,300 s/min), 28,590,030 distinct states found (1,220,284 ds/min), 16,533,697 states left on queue.
Progress(16) at 2026-09-05 14:58:05: 149,489,395 states generated (6,511,981 s/min), 29,801,238 distinct states found (1,211,208 ds/min), 17,235,647 states left on queue.
Progress(16) at 2026-09-05 14:59:05: 156,095,534 states generated (6,606,139 s/min), 30,972,924 distinct states found (1,171,686 ds/min), 17,866,806 states left on queue.
Progress(16) at 2026-09-05 15:00:05: 162,714,738 states generated (6,619,204 s/min), 32,213,756 distinct states found (1,240,832 ds/min), 18,551,030 states left on queue.
Progress(16) at 2026-09-05 15:01:05: 169,140,232 states generated (6,425,494 s/min), 33,436,159 distinct states found (1,222,403 ds/min), 19,239,269 states left on queue.
Progress(16) at 2026-09-05 15:02:05: 175,434,495 states generated (6,294,263 s/min), 34,562,411 distinct states found (1,126,252 ds/min), 19,853,791 states left on queue.
Progress(16) at 2026-09-05 15:03:05: 182,430,288 states generated (6,995,793 s/min), 35,872,203 distinct states found (1,309,792 ds/min), 20,558,685 states left on queue.
Progress(16) at 2026-09-05 15:04:05: 188,995,856 states generated (6,565,568 s/min), 37,141,477 distinct states found (1,269,274 ds/min), 21,248,804 states left on queue.
Progress(16) at 2026-09-05 15:05:05: 195,207,726 states generated (6,211,870 s/min), 38,357,729 distinct states found (1,216,252 ds/min), 21,913,627 states left on queue.
